[2026-08-11 23:36:06.031 (UTC+0800)] [33mwarn/server[0m	AccessControl: Unconfigured AccessControl. Users have all permissions.
[2026-08-11 23:36:06.032 (UTC+0800)] [32minfo/server[0m	AccessControl: Anonymous login is enabled
[2026-08-11 23:36:06.032 (UTC+0800)] [33mwarn/server[0m	x509 Certificate Authentication configured, but no encrypting SecurityPolicy. This can leak credentials on the network.
[2026-08-11 23:36:06.069 (UTC+0800)] [33mwarn/application[0m	ServerUrls already set. Overriding.
[2026-08-11 23:36:06.069 (UTC+0800)] [33mwarn/server[0m	AccessControl: Unconfigured AccessControl. Users have all permissions.
[2026-08-11 23:36:06.069 (UTC+0800)] [32minfo/server[0m	AccessControl: Anonymous login is enabled
[2026-08-11 23:36:06.069 (UTC+0800)] [33mwarn/server[0m	x509 Certificate Authentication configured, but no encrypting SecurityPolicy. This can leak credentials on the network.
[2026-08-11 23:36:06.069 (UTC+0800)] [33mwarn/server[0m	x509 Certificate Authentication configured, but no encrypting SecurityPolicy. This can leak credentials on the network.
[2026-08-11 15:36:06.069 (UTC)] info/application	Sensor Server online (Client/Server mode, id=3 port=4844) | Severity=75 | SourceName=Sensor3 | EventType=application
Entering background polling mode: attempting to connect to Aggregation Server...
Connected successfully. Log forwarding started.
[2026-08-11 15:36:07.071 (UTC)] info/application	[Sensor] Updated distance: 31.872890195750113 cm | Severity=75 | SourceName=Sensor3 | EventType=application
[2026-08-11 15:36:08.042 (UTC)] info/network	[System] TCP 16	| Connection opened from "127.0.0.1" via the server socket 8 | Severity=75 | SourceName=System | EventType=network
[2026-08-11 15:36:08.042 (UTC)] info/channel	[System] TCP 16	| SC 1	| SecureChannel created | Severity=75 | SourceName=System | EventType=channel
[2026-08-11 15:36:08.062 (UTC)] info/channel	[System] TCP 16	| SC 1	| OpenSecureChannel: Channel opened with SecurityMode None for SecurityPolicy http://opcfoundation.org/UA/SecurityPolicy#None and a revised lifetime of 600.0s | Severity=75 | SourceName=System | EventType=channel
[2026-08-11 15:36:08.072 (UTC)] info/application	[Sensor] Updated distance: 8.311559568304364 cm | Severity=75 | SourceName=Sensor3 | EventType=application
[2026-08-11 15:36:08.083 (UTC)] warn/client	[System] Removing a UserTokenPolicy that would allow the password to be transmitted without encryption (Can be enabled via config->allowNonePolicyPassword) | Severity=175 | SourceName=System | EventType=client
[2026-08-11 15:36:08.083 (UTC)] warn/client	[System] Removing a UserTokenPolicy that would allow the password to be transmitted without encryption (Can be enabled via config->allowNonePolicyPassword) | Severity=175 | SourceName=System | EventType=client
[2026-08-11 15:36:08.093 (UTC)] warn/client	[System] Removing a UserTokenPolicy that would allow the password to be transmitted without encryption (Can be enabled via config->allowNonePolicyPassword) | Severity=175 | SourceName=System | EventType=client
[2026-08-11 15:36:08.093 (UTC)] warn/client	[System] Removing a UserTokenPolicy that would allow the password to be transmitted without encryption (Can be enabled via config->allowNonePolicyPassword) | Severity=175 | SourceName=System | EventType=client
[2026-08-11 15:36:08.094 (UTC)] info/session	[System] TCP 16	| SC 1	| Session "ns=1;g=235f1f32-e013-04c6-8f48-5445dd3da3aa"	| Session created | Severity=75 | SourceName=System | EventType=session
[2026-08-11 15:36:08.104 (UTC)] info/session	[System] TCP 16	| SC 1	| Session "ns=1;g=235f1f32-e013-04c6-8f48-5445dd3da3aa"	| ActivateSession: Session activated with ClientUserId "" | Severity=75 | SourceName=System | EventType=session
[2026-08-11 15:36:08.490 (UTC)] info/session	[System] TCP 16	| SC 1	| Session "ns=1;g=235f1f32-e013-04c6-8f48-5445dd3da3aa"	| Subscription 1 | Subscription created (Publishing interval 500.0ms, max 1000 notifications per publish) | Severity=75 | SourceName=System | EventType=session
[2026-08-11 15:36:08.500 (UTC)] info/session	[System] TCP 16	| SC 1	| Session "ns=1;g=235f1f32-e013-04c6-8f48-5445dd3da3aa"	| Subscription 1 | MonitoredItem 1 | Created the MonitoredItem (Sampling Interval: 250.0ms, Queue Size: 1) | Severity=75 | SourceName=System | EventType=session
[2026-08-11 15:36:09.077 (UTC)] info/application	[Sensor] Updated distance: 48.19837743705063 cm | Severity=75 | SourceName=Sensor3 | EventType=application
[2026-08-11 15:36:10.070 (UTC)] info/application	[Sensor] Updated distance: 6.761661025118856 cm | Severity=75 | SourceName=Sensor3 | EventType=application
[2026-08-11 15:36:11.152 (UTC)] info/application	[Sensor] Updated distance: 10.473312322270736 cm | Severity=75 | SourceName=Sensor3 | EventType=application
[2026-08-11 15:36:12.074 (UTC)] info/application	[Sensor] Updated distance: 17.83643573514951 cm | Severity=75 | SourceName=Sensor3 | EventType=application
[2026-08-11 15:36:13.074 (UTC)] info/application	[Sensor] Updated distance: 44.63979647804042 cm | Severity=75 | SourceName=Sensor3 | EventType=application
[2026-08-11 15:36:14.075 (UTC)] info/application	[Sensor] Updated distance: 2.8833251227081407 cm | Severity=75 | SourceName=Sensor3 | EventType=application
[2026-08-11 15:36:15.075 (UTC)] info/application	[Sensor] Updated distance: 7.571030760915498 cm | Severity=75 | SourceName=Sensor3 | EventType=application
[2026-08-11 15:36:16.076 (UTC)] info/application	[Sensor] Updated distance: 3.1486282055958306 cm | Severity=75 | SourceName=Sensor3 | EventType=application
[2026-08-11 15:36:17.076 (UTC)] info/application	[Sensor] Updated distance: 37.773789325623675 cm | Severity=75 | SourceName=Sensor3 | EventType=application
[2026-08-11 15:36:18.077 (UTC)] info/application	[Sensor] Updated distance: 2.4749236854142156 cm | Severity=75 | SourceName=Sensor3 | EventType=application
[2026-08-11 15:36:19.078 (UTC)] info/application	[Sensor] Updated distance: 20.3072961803094 cm | Severity=75 | SourceName=Sensor3 | EventType=application
[2026-08-11 15:36:20.079 (UTC)] info/application	[Sensor] Updated distance: 17.856796786122395 cm | Severity=75 | SourceName=Sensor3 | EventType=application
[2026-08-11 15:36:21.070 (UTC)] info/application	[Sensor] Updated distance: 36.606615902207146 cm | Severity=75 | SourceName=Sensor3 | EventType=application
[2026-08-11 15:36:22.071 (UTC)] info/application	[Sensor] Updated distance: 32.85296992904179 cm | Severity=75 | SourceName=Sensor3 | EventType=application
[2026-08-11 15:36:23.073 (UTC)] info/application	[Sensor] Updated distance: 14.37139668146679 cm | Severity=75 | SourceName=Sensor3 | EventType=application
[2026-08-11 15:36:24.076 (UTC)] info/application	[Sensor] Updated distance: 24.671537380046924 cm | Severity=75 | SourceName=Sensor3 | EventType=application
[2026-08-11 15:36:25.080 (UTC)] info/application	[Sensor] Updated distance: 6.963651793526323 cm | Severity=75 | SourceName=Sensor3 | EventType=application
[2026-08-11 15:36:26.072 (UTC)] info/application	[Sensor] Updated distance: 17.883387401645717 cm | Severity=75 | SourceName=Sensor3 | EventType=application
[2026-08-11 15:36:27.074 (UTC)] info/application	[Sensor] Updated distance: 38.43694458363435 cm | Severity=75 | SourceName=Sensor3 | EventType=application
[2026-08-11 15:36:28.077 (UTC)] info/application	[Sensor] Updated distance: 7.734778749633011 cm | Severity=75 | SourceName=Sensor3 | EventType=application
[2026-08-11 15:36:29.079 (UTC)] info/application	[Sensor] Updated distance: 28.994711858683594 cm | Severity=75 | SourceName=Sensor3 | EventType=application
[2026-08-11 15:36:30.070 (UTC)] info/application	[Sensor] Updated distance: 40.688488844171395 cm | Severity=75 | SourceName=Sensor3 | EventType=application
[2026-08-11 15:36:31.071 (UTC)] info/application	[Sensor] Updated distance: 31.756887427417972 cm | Severity=75 | SourceName=Sensor3 | EventType=application
[2026-08-11 15:36:32.072 (UTC)] info/application	[Sensor] Updated distance: 23.55476451923827 cm | Severity=75 | SourceName=Sensor3 | EventType=application
[2026-08-11 15:36:33.074 (UTC)] info/application	[Sensor] Updated distance: 27.210111398813364 cm | Severity=75 | SourceName=Sensor3 | EventType=application
[2026-08-11 15:36:34.075 (UTC)] info/application	[Sensor] Updated distance: 38.9322590254863 cm | Severity=75 | SourceName=Sensor3 | EventType=application
[2026-08-11 15:36:35.077 (UTC)] info/application	[Sensor] Updated distance: 27.3576908304159 cm | Severity=75 | SourceName=Sensor3 | EventType=application
[2026-08-11 15:36:36.079 (UTC)] info/application	[Sensor] Updated distance: 29.992542138319713 cm | Severity=75 | SourceName=Sensor3 | EventType=application
[2026-08-11 15:36:37.070 (UTC)] info/application	[Sensor] Updated distance: 47.94461180919065 cm | Severity=75 | SourceName=Sensor3 | EventType=application
[2026-08-11 15:36:38.072 (UTC)] info/application	[Sensor] Updated distance: 9.230581003814274 cm | Severity=75 | SourceName=Sensor3 | EventType=application
[2026-08-11 15:36:39.074 (UTC)] info/application	[Sensor] Updated distance: 36.304101728975816 cm | Severity=75 | SourceName=Sensor3 | EventType=application
[2026-08-11 15:36:40.078 (UTC)] info/application	[Sensor] Updated distance: 46.142989223889536 cm | Severity=75 | SourceName=Sensor3 | EventType=application
[2026-08-11 15:36:41.071 (UTC)] info/application	[Sensor] Updated distance: 13.99224202893313 cm | Severity=75 | SourceName=Sensor3 | EventType=application
[2026-08-11 15:36:42.074 (UTC)] info/application	[Sensor] Updated distance: 44.77741405124655 cm | Severity=75 | SourceName=Sensor3 | EventType=application
[2026-08-11 15:36:43.076 (UTC)] info/application	[Sensor] Updated distance: 13.979424936687305 cm | Severity=75 | SourceName=Sensor3 | EventType=application
[2026-08-11 15:36:44.079 (UTC)] info/application	[Sensor] Updated distance: 8.63203848462181 cm | Severity=75 | SourceName=Sensor3 | EventType=application
[2026-08-11 15:36:45.071 (UTC)] info/application	[Sensor] Updated distance: 45.660739173954696 cm | Severity=75 | SourceName=Sensor3 | EventType=application
[2026-08-11 15:36:46.074 (UTC)] info/application	[Sensor] Updated distance: 19.550455697602803 cm | Severity=75 | SourceName=Sensor3 | EventType=application
[2026-08-11 15:36:47.077 (UTC)] info/application	[Sensor] Updated distance: 9.780666712569383 cm | Severity=75 | SourceName=Sensor3 | EventType=application
[2026-08-11 15:36:48.079 (UTC)] info/application	[Sensor] Updated distance: 33.43452847722663 cm | Severity=75 | SourceName=Sensor3 | EventType=application
[2026-08-11 15:36:49.072 (UTC)] info/application	[Sensor] Updated distance: 20.025379383017018 cm | Severity=75 | SourceName=Sensor3 | EventType=application
[2026-08-11 15:36:50.073 (UTC)] info/application	[Sensor] Updated distance: 28.08796289287878 cm | Severity=75 | SourceName=Sensor3 | EventType=application
[2026-08-11 15:36:51.074 (UTC)] info/application	[Sensor] Updated distance: 49.291325285700765 cm | Severity=75 | SourceName=Sensor3 | EventType=application
[2026-08-11 15:36:52.076 (UTC)] info/application	[Sensor] Updated distance: 6.631995285224167 cm | Severity=75 | SourceName=Sensor3 | EventType=application
[2026-08-11 15:36:53.078 (UTC)] info/application	[Sensor] Updated distance: 10.940932799568834 cm | Severity=75 | SourceName=Sensor3 | EventType=application
[2026-08-11 15:36:54.079 (UTC)] info/application	[Sensor] Updated distance: 13.662721944815814 cm | Severity=75 | SourceName=Sensor3 | EventType=application
[2026-08-11 15:36:55.071 (UTC)] info/application	[Sensor] Updated distance: 29.303532665271092 cm | Severity=75 | SourceName=Sensor3 | EventType=application
[2026-08-11 15:36:56.072 (UTC)] info/application	[Sensor] Updated distance: 15.904584593095157 cm | Severity=75 | SourceName=Sensor3 | EventType=application
[2026-08-11 15:36:57.074 (UTC)] info/application	[Sensor] Updated distance: 29.54610934646153 cm | Severity=75 | SourceName=Sensor3 | EventType=application
[2026-08-11 15:36:58.076 (UTC)] info/application	[Sensor] Updated distance: 17.74047724890545 cm | Severity=75 | SourceName=Sensor3 | EventType=application
[2026-08-11 15:36:59.077 (UTC)] info/application	[Sensor] Updated distance: 21.639363342728167 cm | Severity=75 | SourceName=Sensor3 | EventType=application
[2026-08-11 15:37:00.078 (UTC)] info/application	[Sensor] Updated distance: 8.540821182793389 cm | Severity=75 | SourceName=Sensor3 | EventType=application
[2026-08-11 15:37:01.079 (UTC)] info/application	[Sensor] Updated distance: 8.4289660707251 cm | Severity=75 | SourceName=Sensor3 | EventType=application
[2026-08-11 15:37:02.070 (UTC)] info/application	[Sensor] Updated distance: 3.396250747794402 cm | Severity=75 | SourceName=Sensor3 | EventType=application
[2026-08-11 15:37:03.072 (UTC)] info/application	[Sensor] Updated distance: 30.095585702031656 cm | Severity=75 | SourceName=Sensor3 | EventType=application
[2026-08-11 15:37:04.073 (UTC)] info/application	[Sensor] Updated distance: 33.639077491890205 cm | Severity=75 | SourceName=Sensor3 | EventType=application
[2026-08-11 15:37:05.074 (UTC)] info/application	[Sensor] Updated distance: 40.32850979563245 cm | Severity=75 | SourceName=Sensor3 | EventType=application
[2026-08-11 15:37:06.076 (UTC)] info/application	[Sensor] Updated distance: 7.453276510095818 cm | Severity=75 | SourceName=Sensor3 | EventType=application
[2026-08-11 15:37:07.077 (UTC)] info/application	[Sensor] Updated distance: 13.631619607858182 cm | Severity=75 | SourceName=Sensor3 | EventType=application
[2026-08-11 15:37:08.078 (UTC)] info/application	[Sensor] Updated distance: 38.273121582471354 cm | Severity=75 | SourceName=Sensor3 | EventType=application
[2026-08-11 15:37:09.071 (UTC)] info/application	[Sensor] Updated distance: 14.683857536261835 cm | Severity=75 | SourceName=Sensor3 | EventType=application
[2026-08-11 15:37:10.073 (UTC)] info/application	[Sensor] Updated distance: 47.935721336834 cm | Severity=75 | SourceName=Sensor3 | EventType=application
[2026-08-11 15:37:11.073 (UTC)] info/application	[Sensor] Updated distance: 34.41611080636089 cm | Severity=75 | SourceName=Sensor3 | EventType=application
[2026-08-11 15:37:12.075 (UTC)] info/application	[Sensor] Updated distance: 26.676099565194964 cm | Severity=75 | SourceName=Sensor3 | EventType=application
[2026-08-11 15:37:13.076 (UTC)] info/application	[Sensor] Updated distance: 42.71313536572882 cm | Severity=75 | SourceName=Sensor3 | EventType=application
[2026-08-11 15:37:14.077 (UTC)] info/application	[Sensor] Updated distance: 46.39553574304819 cm | Severity=75 | SourceName=Sensor3 | EventType=application
[2026-08-11 15:37:15.078 (UTC)] info/application	[Sensor] Updated distance: 33.30813807216852 cm | Severity=75 | SourceName=Sensor3 | EventType=application
[2026-08-11 15:37:16.070 (UTC)] info/application	[Sensor] Updated distance: 38.37387453968351 cm | Severity=75 | SourceName=Sensor3 | EventType=application
[2026-08-11 15:37:17.072 (UTC)] info/application	[Sensor] Updated distance: 15.945991440651003 cm | Severity=75 | SourceName=Sensor3 | EventType=application
[2026-08-11 15:37:18.073 (UTC)] info/application	[Sensor] Updated distance: 41.0888047847379 cm | Severity=75 | SourceName=Sensor3 | EventType=application
[2026-08-11 15:37:19.075 (UTC)] info/application	[Sensor] Updated distance: 21.808402994558403 cm | Severity=75 | SourceName=Sensor3 | EventType=application
[2026-08-11 15:37:20.077 (UTC)] info/application	[Sensor] Updated distance: 33.971370823668025 cm | Severity=75 | SourceName=Sensor3 | EventType=application
[2026-08-11 15:37:21.071 (UTC)] info/application	[Sensor] Updated distance: 19.176767655264943 cm | Severity=75 | SourceName=Sensor3 | EventType=application
[2026-08-11 15:37:22.073 (UTC)] info/application	[Sensor] Updated distance: 21.099728257907426 cm | Severity=75 | SourceName=Sensor3 | EventType=application
[2026-08-11 15:37:23.076 (UTC)] info/application	[Sensor] Updated distance: 38.60336610889219 cm | Severity=75 | SourceName=Sensor3 | EventType=application
[2026-08-11 15:37:24.077 (UTC)] info/application	[Sensor] Updated distance: 28.117700454833777 cm | Severity=75 | SourceName=Sensor3 | EventType=application
[2026-08-11 15:37:25.078 (UTC)] info/application	[Sensor] Updated distance: 32.762450225074986 cm | Severity=75 | SourceName=Sensor3 | EventType=application
[2026-08-11 15:37:26.079 (UTC)] info/application	[Sensor] Updated distance: 17.906898774163285 cm | Severity=75 | SourceName=Sensor3 | EventType=application
[2026-08-11 15:37:27.071 (UTC)] info/application	[Sensor] Updated distance: 42.02228504792893 cm | Severity=75 | SourceName=Sensor3 | EventType=application
[2026-08-11 15:37:28.074 (UTC)] info/application	[Sensor] Updated distance: 12.308559549184777 cm | Severity=75 | SourceName=Sensor3 | EventType=application
[2026-08-11 15:37:29.071 (UTC)] info/application	[Sensor] Updated distance: 33.64737602306873 cm | Severity=75 | SourceName=Sensor3 | EventType=application
[2026-08-11 15:37:30.074 (UTC)] info/application	[Sensor] Updated distance: 13.661648368305363 cm | Severity=75 | SourceName=Sensor3 | EventType=application
[2026-08-11 15:37:31.075 (UTC)] info/application	[Sensor] Updated distance: 18.849380754329907 cm | Severity=75 | SourceName=Sensor3 | EventType=application
[2026-08-11 15:37:32.078 (UTC)] info/application	[Sensor] Updated distance: 40.07634209379383 cm | Severity=75 | SourceName=Sensor3 | EventType=application
[2026-08-11 15:37:33.079 (UTC)] info/application	[Sensor] Updated distance: 15.057899116099764 cm | Severity=75 | SourceName=Sensor3 | EventType=application
[2026-08-11 15:37:34.070 (UTC)] info/application	[Sensor] Updated distance: 46.94496645636156 cm | Severity=75 | SourceName=Sensor3 | EventType=application
[2026-08-11 15:37:35.072 (UTC)] info/application	[Sensor] Updated distance: 23.7154195633323 cm | Severity=75 | SourceName=Sensor3 | EventType=application
[2026-08-11 15:37:36.073 (UTC)] info/application	[Sensor] Updated distance: 5.3864088893804745 cm | Severity=75 | SourceName=Sensor3 | EventType=application
[2026-08-11 15:37:37.074 (UTC)] info/application	[Sensor] Updated distance: 4.398242966457383 cm | Severity=75 | SourceName=Sensor3 | EventType=application
[2026-08-11 15:37:38.077 (UTC)] info/application	[Sensor] Updated distance: 35.34703919354222 cm | Severity=75 | SourceName=Sensor3 | EventType=application
[2026-08-11 15:37:39.078 (UTC)] info/application	[Sensor] Updated distance: 41.65953049420357 cm | Severity=75 | SourceName=Sensor3 | EventType=application
[2026-08-11 15:37:40.070 (UTC)] info/application	[Sensor] Updated distance: 17.082100502719218 cm | Severity=75 | SourceName=Sensor3 | EventType=application
[2026-08-11 15:37:41.071 (UTC)] info/application	[Sensor] Updated distance: 33.28276050802448 cm | Severity=75 | SourceName=Sensor3 | EventType=application
[2026-08-11 15:37:42.072 (UTC)] info/application	[Sensor] Updated distance: 26.07564127821272 cm | Severity=75 | SourceName=Sensor3 | EventType=application
[2026-08-11 15:37:43.075 (UTC)] info/application	[Sensor] Updated distance: 41.75820006791418 cm | Severity=75 | SourceName=Sensor3 | EventType=application
[2026-08-11 15:37:44.076 (UTC)] info/application	[Sensor] Updated distance: 25.995895873753305 cm | Severity=75 | SourceName=Sensor3 | EventType=application
[2026-08-11 15:37:45.079 (UTC)] info/application	[Sensor] Updated distance: 22.47117699890918 cm | Severity=75 | SourceName=Sensor3 | EventType=application
[2026-08-11 15:37:46.071 (UTC)] info/application	[Sensor] Updated distance: 25.06633811773096 cm | Severity=75 | SourceName=Sensor3 | EventType=application
[2026-08-11 15:37:47.073 (UTC)] info/application	[Sensor] Updated distance: 14.369770391085078 cm | Severity=75 | SourceName=Sensor3 | EventType=application
[2026-08-11 15:37:48.075 (UTC)] info/application	[Sensor] Updated distance: 36.41716843956018 cm | Severity=75 | SourceName=Sensor3 | EventType=application
[2026-08-11 15:37:49.077 (UTC)] info/application	[Sensor] Updated distance: 16.15514288011712 cm | Severity=75 | SourceName=Sensor3 | EventType=application
[2026-08-11 15:37:50.078 (UTC)] info/application	[Sensor] Updated distance: 34.17817338564348 cm | Severity=75 | SourceName=Sensor3 | EventType=application
[2026-08-11 15:37:51.070 (UTC)] info/application	[Sensor] Updated distance: 20.388539263228203 cm | Severity=75 | SourceName=Sensor3 | EventType=application
[2026-08-11 15:37:52.072 (UTC)] info/application	[Sensor] Updated distance: 33.331910535382065 cm | Severity=75 | SourceName=Sensor3 | EventType=application
[2026-08-11 15:37:53.072 (UTC)] info/application	[Sensor] Updated distance: 5.2779016435509085 cm | Severity=75 | SourceName=Sensor3 | EventType=application
[2026-08-11 15:37:54.073 (UTC)] info/application	[Sensor] Updated distance: 8.991905349768654 cm | Severity=75 | SourceName=Sensor3 | EventType=application
[2026-08-11 15:37:55.074 (UTC)] info/application	[Sensor] Updated distance: 11.449610967864102 cm | Severity=75 | SourceName=Sensor3 | EventType=application
[2026-08-11 15:37:56.075 (UTC)] info/application	[Sensor] Updated distance: 36.04035186862589 cm | Severity=75 | SourceName=Sensor3 | EventType=application
[2026-08-11 15:37:57.077 (UTC)] info/application	[Sensor] Updated distance: 24.89880412393194 cm | Severity=75 | SourceName=Sensor3 | EventType=application
[2026-08-11 15:37:58.079 (UTC)] info/application	[Sensor] Updated distance: 3.4718959934412945 cm | Severity=75 | SourceName=Sensor3 | EventType=application
[2026-08-11 15:37:59.073 (UTC)] info/application	[Sensor] Updated distance: 46.34891141781067 cm | Severity=75 | SourceName=Sensor3 | EventType=application
[2026-08-11 15:38:00.075 (UTC)] info/application	[Sensor] Updated distance: 8.54618012464893 cm | Severity=75 | SourceName=Sensor3 | EventType=application
[2026-08-11 15:38:01.078 (UTC)] info/application	[Sensor] Updated distance: 15.133544361746656 cm | Severity=75 | SourceName=Sensor3 | EventType=application
[2026-08-11 15:38:02.071 (UTC)] info/application	[Sensor] Updated distance: 15.198292149788836 cm | Severity=75 | SourceName=Sensor3 | EventType=application
[2026-08-11 15:38:03.073 (UTC)] info/application	[Sensor] Updated distance: 46.6225222407945 cm | Severity=75 | SourceName=Sensor3 | EventType=application
[2026-08-11 15:38:04.075 (UTC)] info/application	[Sensor] Updated distance: 28.19144350019816 cm | Severity=75 | SourceName=Sensor3 | EventType=application
[2026-08-11 15:38:05.078 (UTC)] info/application	[Sensor] Updated distance: 12.1432586061504 cm | Severity=75 | SourceName=Sensor3 | EventType=application
[2026-08-11 15:38:06.070 (UTC)] info/application	[Sensor] Updated distance: 20.337941781775065 cm | Severity=75 | SourceName=Sensor3 | EventType=application
[2026-08-11 15:38:07.072 (UTC)] info/application	[Sensor] Updated distance: 31.577852389578638 cm | Severity=75 | SourceName=Sensor3 | EventType=application
[2026-08-11 15:38:08.072 (UTC)] info/application	[Sensor] Updated distance: 14.541501572607784 cm | Severity=75 | SourceName=Sensor3 | EventType=application
[2026-08-11 15:38:09.074 (UTC)] info/application	[Sensor] Updated distance: 5.684980952965552 cm | Severity=75 | SourceName=Sensor3 | EventType=application
[2026-08-11 15:38:10.075 (UTC)] info/application	[Sensor] Updated distance: 23.23738286143047 cm | Severity=75 | SourceName=Sensor3 | EventType=application
[2026-08-11 15:38:11.077 (UTC)] info/application	[Sensor] Updated distance: 29.623602075327 cm | Severity=75 | SourceName=Sensor3 | EventType=application
[2026-08-11 15:38:12.080 (UTC)] info/application	[Sensor] Updated distance: 36.96774148334178 cm | Severity=75 | SourceName=Sensor3 | EventType=application
[2026-08-11 15:38:13.071 (UTC)] info/application	[Sensor] Updated distance: 47.31302413964319 cm | Severity=75 | SourceName=Sensor3 | EventType=application
[2026-08-11 15:38:14.073 (UTC)] info/application	[Sensor] Updated distance: 21.381802120889443 cm | Severity=75 | SourceName=Sensor3 | EventType=application
[2026-08-11 15:38:15.075 (UTC)] info/application	[Sensor] Updated distance: 12.963637334743344 cm | Severity=75 | SourceName=Sensor3 | EventType=application
[2026-08-11 15:38:16.077 (UTC)] info/application	[Sensor] Updated distance: 19.784201138552373 cm | Severity=75 | SourceName=Sensor3 | EventType=application
[2026-08-11 15:38:17.078 (UTC)] info/application	[Sensor] Updated distance: 44.448140260972146 cm | Severity=75 | SourceName=Sensor3 | EventType=application
[2026-08-11 15:38:18.079 (UTC)] info/application	[Sensor] Updated distance: 25.333407725828422 cm | Severity=75 | SourceName=Sensor3 | EventType=application
[2026-08-11 15:38:19.080 (UTC)] info/application	[Sensor] Updated distance: 6.201369555760812 cm | Severity=75 | SourceName=Sensor3 | EventType=application
[2026-08-11 15:38:20.071 (UTC)] info/application	[Sensor] Updated distance: 10.603283118737528 cm | Severity=75 | SourceName=Sensor3 | EventType=application
[2026-08-11 15:38:21.073 (UTC)] info/application	[Sensor] Updated distance: 9.511581089120163 cm | Severity=75 | SourceName=Sensor3 | EventType=application
[2026-08-11 15:38:22.074 (UTC)] info/application	[Sensor] Updated distance: 24.589908818989016 cm | Severity=75 | SourceName=Sensor3 | EventType=application
[2026-08-11 15:38:23.076 (UTC)] info/application	[Sensor] Updated distance: 41.935193676471336 cm | Severity=75 | SourceName=Sensor3 | EventType=application
[2026-08-11 15:38:24.078 (UTC)] info/application	[Sensor] Updated distance: 12.789482732671072 cm | Severity=75 | SourceName=Sensor3 | EventType=application
[2026-08-11 15:38:25.071 (UTC)] info/application	[Sensor] Updated distance: 31.581814191109412 cm | Severity=75 | SourceName=Sensor3 | EventType=application
[2026-08-11 15:38:26.071 (UTC)] info/application	[Sensor] Updated distance: 3.384804621983694 cm | Severity=75 | SourceName=Sensor3 | EventType=application
[2026-08-11 15:38:27.072 (UTC)] info/application	[Sensor] Updated distance: 46.829834601296966 cm | Severity=75 | SourceName=Sensor3 | EventType=application
[2026-08-11 15:38:28.073 (UTC)] info/application	[Sensor] Updated distance: 6.480618292689611 cm | Severity=75 | SourceName=Sensor3 | EventType=application
[2026-08-11 15:38:29.074 (UTC)] info/application	[Sensor] Updated distance: 4.856700637776731 cm | Severity=75 | SourceName=Sensor3 | EventType=application
[2026-08-11 15:38:30.074 (UTC)] info/application	[Sensor] Updated distance: 43.178746019107635 cm | Severity=75 | SourceName=Sensor3 | EventType=application
[2026-08-11 15:38:31.076 (UTC)] info/application	[Sensor] Updated distance: 13.026798439690284 cm | Severity=75 | SourceName=Sensor3 | EventType=application
[2026-08-11 15:38:32.077 (UTC)] info/application	[Sensor] Updated distance: 17.990244999523387 cm | Severity=75 | SourceName=Sensor3 | EventType=application
[2026-08-11 15:38:33.079 (UTC)] info/application	[Sensor] Updated distance: 8.37703814654473 cm | Severity=75 | SourceName=Sensor3 | EventType=application
[2026-08-11 15:38:34.071 (UTC)] info/application	[Sensor] Updated distance: 9.64932065813305 cm | Severity=75 | SourceName=Sensor3 | EventType=application
[2026-08-11 15:38:35.073 (UTC)] info/application	[Sensor] Updated distance: 44.18168849972155 cm | Severity=75 | SourceName=Sensor3 | EventType=application
[2026-08-11 15:38:36.075 (UTC)] info/application	[Sensor] Updated distance: 18.52029675269513 cm | Severity=75 | SourceName=Sensor3 | EventType=application
[2026-08-11 15:38:37.078 (UTC)] info/application	[Sensor] Updated distance: 27.987262439908115 cm | Severity=75 | SourceName=Sensor3 | EventType=application
[2026-08-11 15:38:38.078 (UTC)] info/application	[Sensor] Updated distance: 25.75954088930019 cm | Severity=75 | SourceName=Sensor3 | EventType=application
[2026-08-11 15:38:39.079 (UTC)] info/application	[Sensor] Updated distance: 31.061798325302917 cm | Severity=75 | SourceName=Sensor3 | EventType=application
[2026-08-11 15:38:40.071 (UTC)] info/application	[Sensor] Updated distance: 31.67224341522541 cm | Severity=75 | SourceName=Sensor3 | EventType=application
[2026-08-11 15:38:41.071 (UTC)] info/application	[Sensor] Updated distance: 46.99692375073066 cm | Severity=75 | SourceName=Sensor3 | EventType=application
[2026-08-11 15:38:42.073 (UTC)] info/application	[Sensor] Updated distance: 10.685400378278176 cm | Severity=75 | SourceName=Sensor3 | EventType=application
[2026-08-11 15:38:43.074 (UTC)] info/application	[Sensor] Updated distance: 18.63998487621545 cm | Severity=75 | SourceName=Sensor3 | EventType=application
[2026-08-11 15:38:44.076 (UTC)] info/application	[Sensor] Updated distance: 44.30994789037385 cm | Severity=75 | SourceName=Sensor3 | EventType=application
[2026-08-11 15:38:45.078 (UTC)] info/application	[Sensor] Updated distance: 30.067202521519363 cm | Severity=75 | SourceName=Sensor3 | EventType=application
[2026-08-11 15:38:46.070 (UTC)] info/application	[Sensor] Updated distance: 29.603622210958797 cm | Severity=75 | SourceName=Sensor3 | EventType=application
[2026-08-11 15:38:47.073 (UTC)] info/application	[Sensor] Updated distance: 14.094149006574483 cm | Severity=75 | SourceName=Sensor3 | EventType=application
[2026-08-11 15:38:48.075 (UTC)] info/application	[Sensor] Updated distance: 24.51534276013977 cm | Severity=75 | SourceName=Sensor3 | EventType=application
[2026-08-11 15:38:49.075 (UTC)] info/application	[Sensor] Updated distance: 4.937029914435479 cm | Severity=75 | SourceName=Sensor3 | EventType=application
[2026-08-11 15:38:50.076 (UTC)] info/application	[Sensor] Updated distance: 18.295518562335296 cm | Severity=75 | SourceName=Sensor3 | EventType=application
[2026-08-11 15:38:51.079 (UTC)] info/application	[Sensor] Updated distance: 33.118625878877296 cm | Severity=75 | SourceName=Sensor3 | EventType=application
[2026-08-11 15:38:52.072 (UTC)] info/application	[Sensor] Updated distance: 12.44861100355564 cm | Severity=75 | SourceName=Sensor3 | EventType=application
[2026-08-11 15:38:53.073 (UTC)] info/application	[Sensor] Updated distance: 40.885427403676054 cm | Severity=75 | SourceName=Sensor3 | EventType=application
[2026-08-11 15:38:54.075 (UTC)] info/application	[Sensor] Updated distance: 25.05381953299689 cm | Severity=75 | SourceName=Sensor3 | EventType=application
[2026-08-11 15:38:55.076 (UTC)] info/application	[Sensor] Updated distance: 23.238093758578454 cm | Severity=75 | SourceName=Sensor3 | EventType=application
[2026-08-11 15:38:56.079 (UTC)] info/application	[Sensor] Updated distance: 22.46724157243373 cm | Severity=75 | SourceName=Sensor3 | EventType=application
[2026-08-11 15:38:57.072 (UTC)] info/application	[Sensor] Updated distance: 26.438624177332326 cm | Severity=75 | SourceName=Sensor3 | EventType=application
[2026-08-11 15:38:58.075 (UTC)] info/application	[Sensor] Updated distance: 20.06792833752368 cm | Severity=75 | SourceName=Sensor3 | EventType=application
[2026-08-11 15:38:59.076 (UTC)] info/application	[Sensor] Updated distance: 26.947859865123338 cm | Severity=75 | SourceName=Sensor3 | EventType=application
[2026-08-11 15:39:00.078 (UTC)] info/application	[Sensor] Updated distance: 29.295324815109055 cm | Severity=75 | SourceName=Sensor3 | EventType=application
[2026-08-11 15:39:01.070 (UTC)] info/application	[Sensor] Updated distance: 13.246674334279575 cm | Severity=75 | SourceName=Sensor3 | EventType=application
[2026-08-11 15:39:02.073 (UTC)] info/application	[Sensor] Updated distance: 37.97465830481362 cm | Severity=75 | SourceName=Sensor3 | EventType=application
[2026-08-11 15:39:03.075 (UTC)] info/application	[Sensor] Updated distance: 45.285569814632446 cm | Severity=75 | SourceName=Sensor3 | EventType=application
[2026-08-11 15:39:04.077 (UTC)] info/application	[Sensor] Updated distance: 19.623712503176048 cm | Severity=75 | SourceName=Sensor3 | EventType=application
[2026-08-11 15:39:05.079 (UTC)] info/application	[Sensor] Updated distance: 45.62397896294667 cm | Severity=75 | SourceName=Sensor3 | EventType=application
[2026-08-11 15:39:06.071 (UTC)] info/application	[Sensor] Updated distance: 39.467258314354 cm | Severity=75 | SourceName=Sensor3 | EventType=application
[2026-08-11 15:39:07.073 (UTC)] info/application	[Sensor] Updated distance: 36.14400925587118 cm | Severity=75 | SourceName=Sensor3 | EventType=application
[2026-08-11 15:39:08.076 (UTC)] info/application	[Sensor] Updated distance: 23.611241402854787 cm | Severity=75 | SourceName=Sensor3 | EventType=application
[2026-08-11 15:39:09.079 (UTC)] info/application	[Sensor] Updated distance: 15.22679918130245 cm | Severity=75 | SourceName=Sensor3 | EventType=application
[2026-08-11 15:39:10.072 (UTC)] info/application	[Sensor] Updated distance: 17.2058075811741 cm | Severity=75 | SourceName=Sensor3 | EventType=application
[2026-08-11 15:39:11.074 (UTC)] info/application	[Sensor] Updated distance: 5.283484795728459 cm | Severity=75 | SourceName=Sensor3 | EventType=application
[2026-08-11 15:39:12.077 (UTC)] info/application	[Sensor] Updated distance: 12.223722909681369 cm | Severity=75 | SourceName=Sensor3 | EventType=application
[2026-08-11 15:39:13.070 (UTC)] info/application	[Sensor] Updated distance: 25.891207959452274 cm | Severity=75 | SourceName=Sensor3 | EventType=application
[2026-08-11 15:39:14.074 (UTC)] info/application	[Sensor] Updated distance: 21.92346967194391 cm | Severity=75 | SourceName=Sensor3 | EventType=application
[2026-08-11 15:39:15.075 (UTC)] info/application	[Sensor] Updated distance: 6.533670777703482 cm | Severity=75 | SourceName=Sensor3 | EventType=application
[2026-08-11 15:39:16.078 (UTC)] info/application	[Sensor] Updated distance: 5.958410458619897 cm | Severity=75 | SourceName=Sensor3 | EventType=application
[2026-08-11 15:39:17.079 (UTC)] info/application	[Sensor] Updated distance: 49.5270918829027 cm | Severity=75 | SourceName=Sensor3 | EventType=application
[2026-08-11 15:39:18.079 (UTC)] info/application	[Sensor] Updated distance: 18.627819784277964 cm | Severity=75 | SourceName=Sensor3 | EventType=application
[2026-08-11 15:39:19.071 (UTC)] info/application	[Sensor] Updated distance: 28.473753218759665 cm | Severity=75 | SourceName=Sensor3 | EventType=application
[2026-08-11 15:39:20.073 (UTC)] info/application	[Sensor] Updated distance: 4.4641217749864435 cm | Severity=75 | SourceName=Sensor3 | EventType=application
[2026-08-11 15:39:21.075 (UTC)] info/application	[Sensor] Updated distance: 34.923338368965005 cm | Severity=75 | SourceName=Sensor3 | EventType=application
[2026-08-11 15:39:22.077 (UTC)] info/application	[Sensor] Updated distance: 11.592379097636965 cm | Severity=75 | SourceName=Sensor3 | EventType=application
[2026-08-11 15:39:23.079 (UTC)] info/application	[Sensor] Updated distance: 14.912732778542084 cm | Severity=75 | SourceName=Sensor3 | EventType=application
[2026-08-11 15:39:24.070 (UTC)] info/application	[Sensor] Updated distance: 25.808765750289318 cm | Severity=75 | SourceName=Sensor3 | EventType=application
[2026-08-11 15:39:25.072 (UTC)] info/application	[Sensor] Updated distance: 34.646198630633855 cm | Severity=75 | SourceName=Sensor3 | EventType=application
[2026-08-11 15:39:26.075 (UTC)] info/application	[Sensor] Updated distance: 36.15082653712054 cm | Severity=75 | SourceName=Sensor3 | EventType=application
[2026-08-11 15:39:27.076 (UTC)] info/application	[Sensor] Updated distance: 46.276007322723046 cm | Severity=75 | SourceName=Sensor3 | EventType=application
[2026-08-11 15:39:28.076 (UTC)] info/application	[Sensor] Updated distance: 11.084822785614442 cm | Severity=75 | SourceName=Sensor3 | EventType=application
[2026-08-11 15:39:29.077 (UTC)] info/application	[Sensor] Updated distance: 6.218754874644221 cm | Severity=75 | SourceName=Sensor3 | EventType=application
[2026-08-11 15:39:30.069 (UTC)] info/application	[Sensor] Updated distance: 23.223867165494646 cm | Severity=75 | SourceName=Sensor3 | EventType=application
[2026-08-11 15:39:31.071 (UTC)] info/application	[Sensor] Updated distance: 38.3801476007235 cm | Severity=75 | SourceName=Sensor3 | EventType=application
[2026-08-11 15:39:32.073 (UTC)] info/application	[Sensor] Updated distance: 17.465429208923794 cm | Severity=75 | SourceName=Sensor3 | EventType=application
[2026-08-11 15:39:33.074 (UTC)] info/application	[Sensor] Updated distance: 11.198525470308272 cm | Severity=75 | SourceName=Sensor3 | EventType=application
[2026-08-11 15:39:34.075 (UTC)] info/application	[Sensor] Updated distance: 33.66571741535594 cm | Severity=75 | SourceName=Sensor3 | EventType=application
[2026-08-11 15:39:35.077 (UTC)] info/application	[Sensor] Updated distance: 35.089141712099845 cm | Severity=75 | SourceName=Sensor3 | EventType=application
[2026-08-11 15:39:36.079 (UTC)] info/application	[Sensor] Updated distance: 6.822504410903204 cm | Severity=75 | SourceName=Sensor3 | EventType=application
[2026-08-11 15:39:37.071 (UTC)] info/application	[Sensor] Updated distance: 23.132975707358202 cm | Severity=75 | SourceName=Sensor3 | EventType=application
[2026-08-11 15:39:38.073 (UTC)] info/application	[Sensor] Updated distance: 21.233150967971024 cm | Severity=75 | SourceName=Sensor3 | EventType=application
[2026-08-11 15:39:39.075 (UTC)] info/application	[Sensor] Updated distance: 28.433745813757994 cm | Severity=75 | SourceName=Sensor3 | EventType=application
[2026-08-11 15:39:40.076 (UTC)] info/application	[Sensor] Updated distance: 36.35977488866065 cm | Severity=75 | SourceName=Sensor3 | EventType=application
[2026-08-11 15:39:41.077 (UTC)] info/application	[Sensor] Updated distance: 36.43895854914512 cm | Severity=75 | SourceName=Sensor3 | EventType=application
[2026-08-11 15:39:42.078 (UTC)] info/application	[Sensor] Updated distance: 31.71723060948645 cm | Severity=75 | SourceName=Sensor3 | EventType=application
[2026-08-11 15:39:43.079 (UTC)] info/application	[Sensor] Updated distance: 46.58349779834202 cm | Severity=75 | SourceName=Sensor3 | EventType=application
[2026-08-11 15:39:44.071 (UTC)] info/application	[Sensor] Updated distance: 12.330166486245657 cm | Severity=75 | SourceName=Sensor3 | EventType=application
[2026-08-11 15:39:45.073 (UTC)] info/application	[Sensor] Updated distance: 3.6407002590786197 cm | Severity=75 | SourceName=Sensor3 | EventType=application
[2026-08-11 15:39:46.073 (UTC)] info/application	[Sensor] Updated distance: 3.117168576045506 cm | Severity=75 | SourceName=Sensor3 | EventType=application
[2026-08-11 15:39:47.076 (UTC)] info/application	[Sensor] Updated distance: 16.288576967217296 cm | Severity=75 | SourceName=Sensor3 | EventType=application
[2026-08-11 15:39:48.079 (UTC)] info/application	[Sensor] Updated distance: 3.167792119629584 cm | Severity=75 | SourceName=Sensor3 | EventType=application
[2026-08-11 15:39:49.072 (UTC)] info/application	[Sensor] Updated distance: 19.74498836032347 cm | Severity=75 | SourceName=Sensor3 | EventType=application
[2026-08-11 15:39:50.074 (UTC)] info/application	[Sensor] Updated distance: 42.762330185976964 cm | Severity=75 | SourceName=Sensor3 | EventType=application
[2026-08-11 15:39:51.077 (UTC)] info/application	[Sensor] Updated distance: 5.6319138946160265 cm | Severity=75 | SourceName=Sensor3 | EventType=application
[2026-08-11 15:39:52.079 (UTC)] info/application	[Sensor] Updated distance: 4.668326706936735 cm | Severity=75 | SourceName=Sensor3 | EventType=application
[2026-08-11 15:39:53.070 (UTC)] info/application	[Sensor] Updated distance: 4.3547092612621885 cm | Severity=75 | SourceName=Sensor3 | EventType=application
[2026-08-11 15:39:54.072 (UTC)] info/application	[Sensor] Updated distance: 18.544646695509854 cm | Severity=75 | SourceName=Sensor3 | EventType=application
[2026-08-11 15:39:55.072 (UTC)] info/application	[Sensor] Updated distance: 28.477092457226053 cm | Severity=75 | SourceName=Sensor3 | EventType=application
[2026-08-11 15:39:56.073 (UTC)] info/application	[Sensor] Updated distance: 37.00090791424778 cm | Severity=75 | SourceName=Sensor3 | EventType=application
[2026-08-11 15:39:57.073 (UTC)] info/application	[Sensor] Updated distance: 4.695473210278653 cm | Severity=75 | SourceName=Sensor3 | EventType=application
[2026-08-11 15:39:58.073 (UTC)] info/application	[Sensor] Updated distance: 24.75309975759736 cm | Severity=75 | SourceName=Sensor3 | EventType=application
[2026-08-11 15:39:59.074 (UTC)] info/application	[Sensor] Updated distance: 46.085730699862225 cm | Severity=75 | SourceName=Sensor3 | EventType=application
[2026-08-11 15:40:00.074 (UTC)] info/application	[Sensor] Updated distance: 8.914228084922874 cm | Severity=75 | SourceName=Sensor3 | EventType=application
[2026-08-11 15:40:01.075 (UTC)] info/application	[Sensor] Updated distance: 45.97696694544375 cm | Severity=75 | SourceName=Sensor3 | EventType=application
[2026-08-11 15:40:02.076 (UTC)] info/application	[Sensor] Updated distance: 34.46587830058573 cm | Severity=75 | SourceName=Sensor3 | EventType=application
[2026-08-11 15:40:03.078 (UTC)] info/application	[Sensor] Updated distance: 24.37965731619841 cm | Severity=75 | SourceName=Sensor3 | EventType=application
[2026-08-11 15:40:04.080 (UTC)] info/application	[Sensor] Updated distance: 7.175492393400283 cm | Severity=75 | SourceName=Sensor3 | EventType=application
[2026-08-11 15:40:05.070 (UTC)] info/application	[Sensor] Updated distance: 18.13159569358993 cm | Severity=75 | SourceName=Sensor3 | EventType=application
[2026-08-11 15:40:06.071 (UTC)] info/application	[Sensor] Updated distance: 9.468799005946515 cm | Severity=75 | SourceName=Sensor3 | EventType=application
[2026-08-11 15:40:07.074 (UTC)] info/application	[Sensor] Updated distance: 11.997996804303488 cm | Severity=75 | SourceName=Sensor3 | EventType=application
[2026-08-11 15:40:08.075 (UTC)] info/application	[Sensor] Updated distance: 39.264571400948135 cm | Severity=75 | SourceName=Sensor3 | EventType=application
[2026-08-11 15:40:09.076 (UTC)] info/application	[Sensor] Updated distance: 28.701949973917543 cm | Severity=75 | SourceName=Sensor3 | EventType=application
[2026-08-11 15:40:10.077 (UTC)] info/application	[Sensor] Updated distance: 38.43174264041322 cm | Severity=75 | SourceName=Sensor3 | EventType=application
[2026-08-11 15:40:11.078 (UTC)] info/application	[Sensor] Updated distance: 25.624346267257046 cm | Severity=75 | SourceName=Sensor3 | EventType=application
[2026-08-11 15:40:12.070 (UTC)] info/application	[Sensor] Updated distance: 15.140908500710925 cm | Severity=75 | SourceName=Sensor3 | EventType=application
[2026-08-11 15:40:13.071 (UTC)] info/application	[Sensor] Updated distance: 20.148973227547934 cm | Severity=75 | SourceName=Sensor3 | EventType=application
[2026-08-11 15:40:14.072 (UTC)] info/application	[Sensor] Updated distance: 22.207844043247327 cm | Severity=75 | SourceName=Sensor3 | EventType=application
[2026-08-11 15:40:15.073 (UTC)] info/application	[Sensor] Updated distance: 25.471075009308322 cm | Severity=75 | SourceName=Sensor3 | EventType=application
[2026-08-11 15:40:16.075 (UTC)] info/application	[Sensor] Updated distance: 21.789673508978296 cm | Severity=75 | SourceName=Sensor3 | EventType=application
[2026-08-11 15:40:17.076 (UTC)] info/application	[Sensor] Updated distance: 23.325012619292835 cm | Severity=75 | SourceName=Sensor3 | EventType=application
[2026-08-11 15:40:18.077 (UTC)] info/application	[Sensor] Updated distance: 39.75965197652562 cm | Severity=75 | SourceName=Sensor3 | EventType=application
[2026-08-11 15:40:19.078 (UTC)] info/application	[Sensor] Updated distance: 22.95746562860788 cm | Severity=75 | SourceName=Sensor3 | EventType=application
[2026-08-11 15:40:20.079 (UTC)] info/application	[Sensor] Updated distance: 41.070001001968045 cm | Severity=75 | SourceName=Sensor3 | EventType=application
[2026-08-11 15:40:21.079 (UTC)] info/application	[Sensor] Updated distance: 32.52198214015084 cm | Severity=75 | SourceName=Sensor3 | EventType=application
[2026-08-11 15:40:22.070 (UTC)] info/application	[Sensor] Updated distance: 26.58937954557565 cm | Severity=75 | SourceName=Sensor3 | EventType=application
[2026-08-11 15:40:23.071 (UTC)] info/application	[Sensor] Updated distance: 43.738327708904784 cm | Severity=75 | SourceName=Sensor3 | EventType=application
[2026-08-11 15:40:24.072 (UTC)] info/application	[Sensor] Updated distance: 34.876691423764775 cm | Severity=75 | SourceName=Sensor3 | EventType=application
[2026-08-11 15:40:25.075 (UTC)] info/application	[Sensor] Updated distance: 43.1340262410855 cm | Severity=75 | SourceName=Sensor3 | EventType=application
[2026-08-11 15:40:26.078 (UTC)] info/application	[Sensor] Updated distance: 22.215420166130837 cm | Severity=75 | SourceName=Sensor3 | EventType=application
[2026-08-11 15:40:27.071 (UTC)] info/application	[Sensor] Updated distance: 21.877599315660817 cm | Severity=75 | SourceName=Sensor3 | EventType=application
[2026-08-11 15:40:28.073 (UTC)] info/application	[Sensor] Updated distance: 45.82949945136416 cm | Severity=75 | SourceName=Sensor3 | EventType=application
[2026-08-11 15:40:29.074 (UTC)] info/application	[Sensor] Updated distance: 44.9685199237282 cm | Severity=75 | SourceName=Sensor3 | EventType=application
[2026-08-11 15:40:30.075 (UTC)] info/application	[Sensor] Updated distance: 17.963329993171307 cm | Severity=75 | SourceName=Sensor3 | EventType=application
[2026-08-11 15:40:31.076 (UTC)] info/application	[Sensor] Updated distance: 4.743727536287032 cm | Severity=75 | SourceName=Sensor3 | EventType=application
[2026-08-11 15:40:32.077 (UTC)] info/application	[Sensor] Updated distance: 40.94548684682021 cm | Severity=75 | SourceName=Sensor3 | EventType=application
[2026-08-11 15:40:33.078 (UTC)] info/application	[Sensor] Updated distance: 2.429208271405291 cm | Severity=75 | SourceName=Sensor3 | EventType=application
[2026-08-11 15:40:34.069 (UTC)] info/application	[Sensor] Updated distance: 27.123384852485444 cm | Severity=75 | SourceName=Sensor3 | EventType=application
[2026-08-11 15:40:35.070 (UTC)] info/application	[Sensor] Updated distance: 46.12097924022049 cm | Severity=75 | SourceName=Sensor3 | EventType=application
[2026-08-11 15:40:36.071 (UTC)] info/application	[Sensor] Updated distance: 18.56080396499522 cm | Severity=75 | SourceName=Sensor3 | EventType=application
[2026-08-11 15:40:37.072 (UTC)] info/application	[Sensor] Updated distance: 34.59218385843196 cm | Severity=75 | SourceName=Sensor3 | EventType=application
[2026-08-11 15:40:38.074 (UTC)] info/application	[Sensor] Updated distance: 8.118976044523983 cm | Severity=75 | SourceName=Sensor3 | EventType=application
[2026-08-11 15:40:39.075 (UTC)] info/application	[Sensor] Updated distance: 7.825375343591615 cm | Severity=75 | SourceName=Sensor3 | EventType=application
[2026-08-11 15:40:40.076 (UTC)] info/application	[Sensor] Updated distance: 13.294133832349504 cm | Severity=75 | SourceName=Sensor3 | EventType=application
[2026-08-11 15:40:41.077 (UTC)] info/application	[Sensor] Updated distance: 44.55071868493721 cm | Severity=75 | SourceName=Sensor3 | EventType=application
[2026-08-11 15:40:42.078 (UTC)] info/application	[Sensor] Updated distance: 31.44972161084866 cm | Severity=75 | SourceName=Sensor3 | EventType=application
[2026-08-11 15:40:43.079 (UTC)] info/application	[Sensor] Updated distance: 26.435042333060427 cm | Severity=75 | SourceName=Sensor3 | EventType=application
[2026-08-11 15:40:44.079 (UTC)] info/application	[Sensor] Updated distance: 14.699691890133401 cm | Severity=75 | SourceName=Sensor3 | EventType=application
[2026-08-11 15:40:45.080 (UTC)] info/application	[Sensor] Updated distance: 3.6575656540959915 cm | Severity=75 | SourceName=Sensor3 | EventType=application
[2026-08-11 15:40:46.070 (UTC)] info/application	[Sensor] Updated distance: 49.90611734236875 cm | Severity=75 | SourceName=Sensor3 | EventType=application
[2026-08-11 15:40:47.070 (UTC)] info/application	[Sensor] Updated distance: 34.4893653991117 cm | Severity=75 | SourceName=Sensor3 | EventType=application
[2026-08-11 15:40:48.071 (UTC)] info/application	[Sensor] Updated distance: 24.982578273388825 cm | Severity=75 | SourceName=Sensor3 | EventType=application
[2026-08-11 15:40:49.073 (UTC)] info/application	[Sensor] Updated distance: 39.665769296542635 cm | Severity=75 | SourceName=Sensor3 | EventType=application
[2026-08-11 15:40:50.075 (UTC)] info/application	[Sensor] Updated distance: 7.446831027719579 cm | Severity=75 | SourceName=Sensor3 | EventType=application
[2026-08-11 15:40:51.077 (UTC)] info/application	[Sensor] Updated distance: 16.052579253005135 cm | Severity=75 | SourceName=Sensor3 | EventType=application
[2026-08-11 15:40:52.079 (UTC)] info/application	[Sensor] Updated distance: 22.18775143669348 cm | Severity=75 | SourceName=Sensor3 | EventType=application
[2026-08-11 15:40:53.072 (UTC)] info/application	[Sensor] Updated distance: 32.03621057329523 cm | Severity=75 | SourceName=Sensor3 | EventType=application
[2026-08-11 15:40:54.075 (UTC)] info/application	[Sensor] Updated distance: 9.790906961909918 cm | Severity=75 | SourceName=Sensor3 | EventType=application
[2026-08-11 15:40:55.078 (UTC)] info/application	[Sensor] Updated distance: 7.06444283810651 cm | Severity=75 | SourceName=Sensor3 | EventType=application
[2026-08-11 15:40:56.071 (UTC)] info/application	[Sensor] Updated distance: 25.17023679202899 cm | Severity=75 | SourceName=Sensor3 | EventType=application
[2026-08-11 15:40:57.073 (UTC)] info/application	[Sensor] Updated distance: 30.006327128040756 cm | Severity=75 | SourceName=Sensor3 | EventType=application
[2026-08-11 15:40:58.074 (UTC)] info/application	[Sensor] Updated distance: 26.94204215376733 cm | Severity=75 | SourceName=Sensor3 | EventType=application
[2026-08-11 15:40:59.076 (UTC)] info/application	[Sensor] Updated distance: 20.999736221041406 cm | Severity=75 | SourceName=Sensor3 | EventType=application
[2026-08-11 15:41:00.078 (UTC)] info/application	[Sensor] Updated distance: 24.974847029417216 cm | Severity=75 | SourceName=Sensor3 | EventType=application
[2026-08-11 15:41:01.079 (UTC)] info/application	[Sensor] Updated distance: 42.90537214693863 cm | Severity=75 | SourceName=Sensor3 | EventType=application
[2026-08-11 15:41:02.071 (UTC)] info/application	[Sensor] Updated distance: 23.74346375732844 cm |