[SPOOF] Connecting to aggregation_server@4840 (anonymous, no auth)...
[2026-08-16 00:09:58.687 (UTC+0800)] [32minfo/network[0m	TCP 8	| Opening a connection to "127.0.0.1" on port 4840
[2026-08-16 00:09:58.689 (UTC+0800)] [32minfo/channel[0m	TCP 8	| SC 14	| SecureChannel opened with SecurityMode None for SecurityPolicy http://opcfoundation.org/UA/SecurityPolicy#None and a revised lifetime of 600.0s
[2026-08-16 00:09:58.689 (UTC+0800)] [32minfo/client[0m	Client Status: ChannelState: Open, SessionState: Closed, ConnectStatus: Good
[2026-08-16 00:09:58.689 (UTC+0800)] [32minfo/client[0m	The initially defined EndpointURL opc.tcp://127.0.0.1:4840 is valid for the server
[2026-08-16 00:09:58.690 (UTC+0800)] [33mwarn/client[0m	The server returned Endpoints with a different EndpointUrl opc.tcp://MSI:4840 than was used to initialize the connection: opc.tcp://127.0.0.1:4840. Some servers require a complete match of the EndpointUrl/DiscoveryUrl (including the path) to return all endpoints.
[2026-08-16 00:09:58.690 (UTC+0800)] [32minfo/client[0m	Endpoint 0: Best endpoint so far with UserTokenPolicy open62541-anonymous-policy-none#None
[2026-08-16 00:09:58.690 (UTC+0800)] [32minfo/client[0m	Endpoint 0 selected with SecurityMode None, SecurityPolicy http://opcfoundation.org/UA/SecurityPolicy#None and UserTokenPolicy open62541-anonymous-policy-none#None
[2026-08-16 00:09:58.690 (UTC+0800)] [32minfo/client[0m	CreateSession: Using UserTokenPolicy open62541-anonymous-policy-none#None
[2026-08-16 00:09:58.691 (UTC+0800)] [32minfo/client[0m	Client Status: ChannelState: Open, SessionState: Created, ConnectStatus: Good
[2026-08-16 00:09:58.691 (UTC+0800)] [32minfo/client[0m	ActivateSession: Using UserTokenPolicy open62541-anonymous-policy-none#None
[2026-08-16 00:09:58.692 (UTC+0800)] [32minfo/client[0m	Client Status: ChannelState: Open, SessionState: Activated, ConnectStatus: Good
[SPOOF] Connected. Lurking for 300 s, sparsely injecting 5 fake logs...
[SPOOF] t=29s injected (as Sensor): [2026-08-15 16:10:27.112 (UTC)] info/application	[Sensor] Updated distance: 39.4579354922557 cm | Severity=75 | SourceName=Sensor | EventType=application
[SPOOF] t=91s injected (as Sensor): [2026-08-15 16:11:29.151 (UTC)] info/application	[Sensor] Updated distance: 41.0071975472417 cm | Severity=75 | SourceName=Sensor | EventType=application
[SPOOF] t=151s injected (as Sensor): [2026-08-15 16:12:29.188 (UTC)] info/application	[Sensor] Updated distance: 30.0432121958785 cm | Severity=75 | SourceName=Sensor | EventType=application
[SPOOF] t=210s injected (as Sensor): [2026-08-15 16:13:28.024 (UTC)] info/application	[Sensor] Updated distance: 15.0982607738572 cm | Severity=75 | SourceName=Sensor | EventType=application
[SPOOF] t=249s injected (as Sensor): [2026-08-15 16:14:07.048 (UTC)] info/application	[Sensor] Updated distance: 33.9167636632532 cm | Severity=75 | SourceName=Sensor | EventType=application
[SPOOF] Done (5/5 injected). Disconnecting.
[2026-08-16 00:14:58.081 (UTC+0800)] [32minfo/channel[0m	TCP 8	| SC 14	| SecureChannel closed
[2026-08-16 00:14:58.081 (UTC+0800)] [32minfo/client[0m	Client Status: ChannelState: Closed, SessionState: Closed, ConnectStatus: BadConnectionClosed
[2026-08-16 00:14:58.081 (UTC+0800)] [32minfo/network[0m	TCP 8	| Socket closed
