[2026-08-17 04:45:01.603 (UTC+0800)] [33mwarn/server[0m	AccessControl: Unconfigured AccessControl. Users have all permissions.
[2026-08-17 04:45:01.603 (UTC+0800)] [32minfo/server[0m	AccessControl: Anonymous login is enabled
[2026-08-17 04:45:01.603 (UTC+0800)] [33mwarn/server[0m	x509 Certificate Authentication configured, but no encrypting SecurityPolicy. This can leak credentials on the network.
[2026-08-17 04:45:01.637 (UTC+0800)] [33mwarn/application[0m	ServerUrls already set. Overriding.
[2026-08-17 04:45:01.637 (UTC+0800)] [33mwarn/server[0m	AccessControl: Unconfigured AccessControl. Users have all permissions.
[2026-08-17 04:45:01.637 (UTC+0800)] [32minfo/server[0m	AccessControl: Anonymous login is enabled
[2026-08-17 04:45:01.637 (UTC+0800)] [33mwarn/server[0m	x509 Certificate Authentication configured, but no encrypting SecurityPolicy. This can leak credentials on the network.
[2026-08-17 04:45:01.637 (UTC+0800)] [33mwarn/server[0m	x509 Certificate Authentication configured, but no encrypting SecurityPolicy. This can leak credentials on the network.
[2026-08-16 20:45:01.637 (UTC)] info/application	Sensor Server online (Client/Server mode, id=1 port=4842) | Severity=75 | SourceName=Sensor | EventType=application
Entering background polling mode: attempting to connect to Aggregation Server...
Connected successfully. Log forwarding started.
[2026-08-16 20:45:02.643 (UTC)] info/application	[Sensor] Updated distance: 26.6455971245401 cm | Severity=75 | SourceName=Sensor | EventType=application
[2026-08-16 20:45:02.643 (UTC)] info/network	[System] TCP 16	| Connection opened from "127.0.0.1" via the server socket 8 | Severity=75 | SourceName=System | EventType=network
[2026-08-16 20:45:02.643 (UTC)] info/channel	[System] TCP 16	| SC 1	| SecureChannel created | Severity=75 | SourceName=System | EventType=channel
[2026-08-16 20:45:02.664 (UTC)] info/channel	[System] TCP 16	| SC 1	| OpenSecureChannel: Channel opened with SecurityMode None for SecurityPolicy http://opcfoundation.org/UA/SecurityPolicy#None and a revised lifetime of 600.0s | Severity=75 | SourceName=System | EventType=channel
[2026-08-16 20:45:02.685 (UTC)] warn/client	[System] Removing a UserTokenPolicy that would allow the password to be transmitted without encryption (Can be enabled via config->allowNonePolicyPassword) | Severity=175 | SourceName=System | EventType=client
[2026-08-16 20:45:02.685 (UTC)] warn/client	[System] Removing a UserTokenPolicy that would allow the password to be transmitted without encryption (Can be enabled via config->allowNonePolicyPassword) | Severity=175 | SourceName=System | EventType=client
[2026-08-16 20:45:02.695 (UTC)] warn/client	[System] Removing a UserTokenPolicy that would allow the password to be transmitted without encryption (Can be enabled via config->allowNonePolicyPassword) | Severity=175 | SourceName=System | EventType=client
[2026-08-16 20:45:02.695 (UTC)] warn/client	[System] Removing a UserTokenPolicy that would allow the password to be transmitted without encryption (Can be enabled via config->allowNonePolicyPassword) | Severity=175 | SourceName=System | EventType=client
[2026-08-16 20:45:02.696 (UTC)] info/session	[System] TCP 16	| SC 1	| Session "ns=1;g=367fe438-1bb9-1a78-7be7-4e0473c77ca7"	| Session created | Severity=75 | SourceName=System | EventType=session
[2026-08-16 20:45:02.707 (UTC)] info/session	[System] TCP 16	| SC 1	| Session "ns=1;g=367fe438-1bb9-1a78-7be7-4e0473c77ca7"	| ActivateSession: Session activated with ClientUserId "" | Severity=75 | SourceName=System | EventType=session
[2026-08-16 20:45:04.727 (UTC)] info/application	[Sensor] Updated distance: 27.8943704897046 cm | Severity=75 | SourceName=Sensor | EventType=application
[2026-08-16 20:45:04.728 (UTC)] info/session	[System] TCP 16	| SC 1	| Session "ns=1;g=367fe438-1bb9-1a78-7be7-4e0473c77ca7"	| Subscription 1 | Subscription created (Publishing interval 500.0ms, max 1000 notifications per publish) | Severity=75 | SourceName=System | EventType=session
[2026-08-16 20:45:04.728 (UTC)] info/network	[System] TCP 17	| Connection opened from "127.0.0.1" via the server socket 8 | Severity=75 | SourceName=System | EventType=network
[2026-08-16 20:45:04.728 (UTC)] info/channel	[System] TCP 17	| SC 2	| SecureChannel created | Severity=75 | SourceName=System | EventType=channel
[2026-08-16 20:45:04.748 (UTC)] info/channel	[System] TCP 17	| SC 2	| OpenSecureChannel: Channel opened with SecurityMode None for SecurityPolicy http://opcfoundation.org/UA/SecurityPolicy#None and a revised lifetime of 600.0s | Severity=75 | SourceName=System | EventType=channel
[2026-08-16 20:45:04.769 (UTC)] warn/client	[System] Removing a UserTokenPolicy that would allow the password to be transmitted without encryption (Can be enabled via config->allowNonePolicyPassword) | Severity=175 | SourceName=System | EventType=client
[2026-08-16 20:45:04.769 (UTC)] warn/client	[System] Removing a UserTokenPolicy that would allow the password to be transmitted without encryption (Can be enabled via config->allowNonePolicyPassword) | Severity=175 | SourceName=System | EventType=client
[2026-08-16 20:45:04.779 (UTC)] warn/client	[System] Removing a UserTokenPolicy that would allow the password to be transmitted without encryption (Can be enabled via config->allowNonePolicyPassword) | Severity=175 | SourceName=System | EventType=client
[2026-08-16 20:45:04.779 (UTC)] warn/client	[System] Removing a UserTokenPolicy that would allow the password to be transmitted without encryption (Can be enabled via config->allowNonePolicyPassword) | Severity=175 | SourceName=System | EventType=client
[2026-08-16 20:45:04.780 (UTC)] info/session	[System] TCP 17	| SC 2	| Session "ns=1;g=c2f855d1-a9de-0c23-66f6-5fe56aa6aa6a"	| Session created | Severity=75 | SourceName=System | EventType=session
[2026-08-16 20:45:04.791 (UTC)] info/session	[System] TCP 17	| SC 2	| Session "ns=1;g=c2f855d1-a9de-0c23-66f6-5fe56aa6aa6a"	| ActivateSession: Session activated with ClientUserId "" | Severity=75 | SourceName=System | EventType=session
[2026-08-16 20:45:05.176 (UTC)] info/session	[System] TCP 17	| SC 2	| Session "ns=1;g=c2f855d1-a9de-0c23-66f6-5fe56aa6aa6a"	| Subscription 2 | Subscription created (Publishing interval 500.0ms, max 1000 notifications per publish) | Severity=75 | SourceName=System | EventType=session
[2026-08-16 20:45:05.197 (UTC)] info/session	[System] TCP 17	| SC 2	| Session "ns=1;g=c2f855d1-a9de-0c23-66f6-5fe56aa6aa6a"	| Subscription 2 | MonitoredItem 1 | Created the MonitoredItem (Sampling Interval: 250.0ms, Queue Size: 1) | Severity=75 | SourceName=System | EventType=session
[2026-08-16 20:45:05.732 (UTC)] info/application	[Sensor] Updated distance: 26.7446032707787 cm | Severity=75 | SourceName=Sensor | EventType=application
[2026-08-16 20:45:06.621 (UTC)] info/network	[System] TCP 18	| Connection opened from "127.0.0.1" via the server socket 8 | Severity=75 | SourceName=System | EventType=network
[2026-08-16 20:45:06.621 (UTC)] info/channel	[System] TCP 18	| SC 3	| SecureChannel created | Severity=75 | SourceName=System | EventType=channel
[2026-08-16 20:45:06.641 (UTC)] info/channel	[System] TCP 18	| SC 3	| OpenSecureChannel: Channel opened with SecurityMode None for SecurityPolicy http://opcfoundation.org/UA/SecurityPolicy#None and a revised lifetime of 600.0s | Severity=75 | SourceName=System | EventType=channel
[2026-08-16 20:45:06.662 (UTC)] warn/client	[System] Removing a UserTokenPolicy that would allow the password to be transmitted without encryption (Can be enabled via config->allowNonePolicyPassword) | Severity=175 | SourceName=System | EventType=client
[2026-08-16 20:45:06.662 (UTC)] warn/client	[System] Removing a UserTokenPolicy that would allow the password to be transmitted without encryption (Can be enabled via config->allowNonePolicyPassword) | Severity=175 | SourceName=System | EventType=client
[2026-08-16 20:45:06.672 (UTC)] warn/client	[System] Removing a UserTokenPolicy that would allow the password to be transmitted without encryption (Can be enabled via config->allowNonePolicyPassword) | Severity=175 | SourceName=System | EventType=client
[2026-08-16 20:45:06.672 (UTC)] warn/client	[System] Removing a UserTokenPolicy that would allow the password to be transmitted without encryption (Can be enabled via config->allowNonePolicyPassword) | Severity=175 | SourceName=System | EventType=client
[2026-08-16 20:45:06.673 (UTC)] info/session	[System] TCP 18	| SC 3	| Session "ns=1;g=3b07523b-8c1a-55a0-7017-01f0492462f6"	| Session created | Severity=75 | SourceName=System | EventType=session
[2026-08-16 20:45:06.684 (UTC)] info/session	[System] TCP 18	| SC 3	| Session "ns=1;g=3b07523b-8c1a-55a0-7017-01f0492462f6"	| ActivateSession: Session activated with ClientUserId "" | Severity=75 | SourceName=System | EventType=session
[2026-08-16 20:45:06.735 (UTC)] info/application	[Sensor] Updated distance: 25.7163790905459 cm | Severity=75 | SourceName=Sensor | EventType=application
[2026-08-16 20:45:07.736 (UTC)] info/application	[Sensor] Updated distance: 26.3625635881268 cm | Severity=75 | SourceName=Sensor | EventType=application
[2026-08-16 20:45:08.736 (UTC)] info/application	[Sensor] Updated distance: 25.3338700199192 cm | Severity=75 | SourceName=Sensor | EventType=application
[2026-08-16 20:45:09.736 (UTC)] info/application	[Sensor] Updated distance: 25.6414004374023 cm | Severity=75 | SourceName=Sensor | EventType=application
[2026-08-16 20:45:10.736 (UTC)] info/application	[Sensor] Updated distance: 26.4028836625642 cm | Severity=75 | SourceName=Sensor | EventType=application
[2026-08-16 20:45:11.736 (UTC)] info/application	[Sensor] Updated distance: 27.8150210316829 cm | Severity=75 | SourceName=Sensor | EventType=application
[2026-08-16 20:45:12.736 (UTC)] info/application	[Sensor] Updated distance: 27.0495404224142 cm | Severity=75 | SourceName=Sensor | EventType=application
[2026-08-16 20:45:13.736 (UTC)] info/application	[Sensor] Updated distance: 25.9970527042155 cm | Severity=75 | SourceName=Sensor | EventType=application
[2026-08-16 20:45:14.737 (UTC)] info/application	[Sensor] Updated distance: 24.9009938318753 cm | Severity=75 | SourceName=Sensor | EventType=application
[2026-08-16 20:45:15.737 (UTC)] info/application	[Sensor] Updated distance: 25.5264954036225 cm | Severity=75 | SourceName=Sensor | EventType=application
[2026-08-16 20:45:16.737 (UTC)] info/application	[Sensor] Updated distance: 24.320055143591 cm | Severity=75 | SourceName=Sensor | EventType=application
[2026-08-16 20:45:17.736 (UTC)] info/application	[Sensor] Updated distance: 25.4295763792142 cm | Severity=75 | SourceName=Sensor | EventType=application
[2026-08-16 20:45:18.735 (UTC)] info/application	[Sensor] Updated distance: 24.0542480862021 cm | Severity=75 | SourceName=Sensor | EventType=application
[2026-08-16 20:45:19.735 (UTC)] info/application	[Sensor] Updated distance: 25.1539151904424 cm | Severity=75 | SourceName=Sensor | EventType=application
[2026-08-16 20:45:20.735 (UTC)] info/application	[Sensor] Updated distance: 23.7975449812587 cm | Severity=75 | SourceName=Sensor | EventType=application
[2026-08-16 20:45:21.736 (UTC)] info/application	[Sensor] Updated distance: 25.0327004862636 cm | Severity=75 | SourceName=Sensor | EventType=application
[2026-08-16 20:45:22.735 (UTC)] info/application	[Sensor] Updated distance: 23.7643633050678 cm | Severity=75 | SourceName=Sensor | EventType=application
[2026-08-16 20:45:23.735 (UTC)] info/application	[Sensor] Updated distance: 22.9857686508846 cm | Severity=75 | SourceName=Sensor | EventType=application
[2026-08-16 20:45:24.734 (UTC)] info/application	[Sensor] Updated distance: 24.2961006072797 cm | Severity=75 | SourceName=Sensor | EventType=application
[2026-08-16 20:45:25.735 (UTC)] info/application	[Sensor] Updated distance: 23.2851317831246 cm | Severity=75 | SourceName=Sensor | EventType=application
[2026-08-16 20:45:26.735 (UTC)] info/application	[Sensor] Updated distance: 23.8387225474411 cm | Severity=75 | SourceName=Sensor | EventType=application
[2026-08-16 20:45:27.735 (UTC)] info/application	[Sensor] Updated distance: 23.6457582680256 cm | Severity=75 | SourceName=Sensor | EventType=application
[2026-08-16 20:45:28.736 (UTC)] info/application	[Sensor] Updated distance: 23.7100014284765 cm | Severity=75 | SourceName=Sensor | EventType=application
[2026-08-16 20:45:29.736 (UTC)] info/application	[Sensor] Updated distance: 23.2148618799238 cm | Severity=75 | SourceName=Sensor | EventType=application
[2026-08-16 20:45:30.737 (UTC)] info/application	[Sensor] Updated distance: 23.0578511595064 cm | Severity=75 | SourceName=Sensor | EventType=application
[2026-08-16 20:45:31.737 (UTC)] info/application	[Sensor] Updated distance: 23.7896426214323 cm | Severity=75 | SourceName=Sensor | EventType=application
[2026-08-16 20:45:32.737 (UTC)] info/application	[Sensor] Updated distance: 22.8251659552684 cm | Severity=75 | SourceName=Sensor | EventType=application
[2026-08-16 20:45:33.737 (UTC)] info/application	[Sensor] Updated distance: 21.9296685706031 cm | Severity=75 | SourceName=Sensor | EventType=application
[2026-08-16 20:45:34.737 (UTC)] info/application	[Sensor] Updated distance: 21.807057155672 cm | Severity=75 | SourceName=Sensor | EventType=application
[2026-08-16 20:45:35.736 (UTC)] info/application	[Sensor] Updated distance: 20.5913538532757 cm | Severity=75 | SourceName=Sensor | EventType=application
[2026-08-16 20:45:36.736 (UTC)] info/application	[Sensor] Updated distance: 20.0460892496845 cm | Severity=75 | SourceName=Sensor | EventType=application
[2026-08-16 20:45:37.736 (UTC)] info/application	[Sensor] Updated distance: 20.3952536559176 cm | Severity=75 | SourceName=Sensor | EventType=application
[2026-08-16 20:45:38.737 (UTC)] info/application	[Sensor] Updated distance: 21.3257348511022 cm | Severity=75 | SourceName=Sensor | EventType=application
[2026-08-16 20:45:39.737 (UTC)] info/application	[Sensor] Updated distance: 21.2517766793034 cm | Severity=75 | SourceName=Sensor | EventType=application
[2026-08-16 20:45:40.737 (UTC)] info/application	[Sensor] Updated distance: 20.4084715016226 cm | Severity=75 | SourceName=Sensor | EventType=application
[2026-08-16 20:45:41.737 (UTC)] info/application	[Sensor] Updated distance: 20.6004359205721 cm | Severity=75 | SourceName=Sensor | EventType=application
[2026-08-16 20:45:42.737 (UTC)] info/application	[Sensor] Updated distance: 20.438615117892 cm | Severity=75 | SourceName=Sensor | EventType=application
[2026-08-16 20:45:43.736 (UTC)] info/application	[Sensor] Updated distance: 20.3298293309425 cm | Severity=75 | SourceName=Sensor | EventType=application
[2026-08-16 20:45:44.736 (UTC)] info/application	[Sensor] Updated distance: 20.9693060330904 cm | Severity=75 | SourceName=Sensor | EventType=application
[2026-08-16 20:45:45.736 (UTC)] info/application	[Sensor] Updated distance: 21.21142635807 cm | Severity=75 | SourceName=Sensor | EventType=application
[2026-08-16 20:45:46.736 (UTC)] info/application	[Sensor] Updated distance: 20.2281421414707 cm | Severity=75 | SourceName=Sensor | EventType=application
[2026-08-16 20:45:47.736 (UTC)] info/application	[Sensor] Updated distance: 21.1611785835871 cm | Severity=75 | SourceName=Sensor | EventType=application
[2026-08-16 20:45:48.736 (UTC)] info/application	[Sensor] Updated distance: 21.0128201441899 cm | Severity=75 | SourceName=Sensor | EventType=application
[2026-08-16 20:45:49.736 (UTC)] info/application	[Sensor] Updated distance: 20.1542076359755 cm | Severity=75 | SourceName=Sensor | EventType=application
[2026-08-16 20:45:50.736 (UTC)] info/application	[Sensor] Updated distance: 20.6869111809353 cm | Severity=75 | SourceName=Sensor | EventType=application
[2026-08-16 20:45:51.736 (UTC)] info/application	[Sensor] Updated distance: 20.6821825323543 cm | Severity=75 | SourceName=Sensor | EventType=application
[2026-08-16 20:45:52.736 (UTC)] info/application	[Sensor] Updated distance: 19.5587255277479 cm | Severity=75 | SourceName=Sensor | EventType=application
[2026-08-16 20:45:53.737 (UTC)] info/application	[Sensor] Updated distance: 20.3230918915118 cm | Severity=75 | SourceName=Sensor | EventType=application
[2026-08-16 20:45:54.736 (UTC)] info/application	[Sensor] Updated distance: 21.0397685887477 cm | Severity=75 | SourceName=Sensor | EventType=application
[2026-08-16 20:45:55.735 (UTC)] info/application	[Sensor] Updated distance: 19.7266435391394 cm | Severity=75 | SourceName=Sensor | EventType=application
[2026-08-16 20:45:56.735 (UTC)] info/application	[Sensor] Updated distance: 20.9800410801452 cm | Severity=75 | SourceName=Sensor | EventType=application
[2026-08-16 20:45:57.736 (UTC)] info/application	[Sensor] Updated distance: 20.7503085416976 cm | Severity=75 | SourceName=Sensor | EventType=application
[2026-08-16 20:45:58.735 (UTC)] info/application	[Sensor] Updated distance: 20.7442192140707 cm | Severity=75 | SourceName=Sensor | EventType=application
[2026-08-16 20:45:59.736 (UTC)] info/application	[Sensor] Updated distance: 20.5618599141305 cm | Severity=75 | SourceName=Sensor | EventType=application
[2026-08-16 20:46:00.736 (UTC)] info/application	[Sensor] Updated distance: 21.3369878271301 cm | Severity=75 | SourceName=Sensor | EventType=application
[2026-08-16 20:46:01.736 (UTC)] info/application	[Sensor] Updated distance: 22.6738877790858 cm | Severity=75 | SourceName=Sensor | EventType=application
[2026-08-16 20:46:02.736 (UTC)] info/application	[Sensor] Updated distance: 21.7233199410715 cm | Severity=75 | SourceName=Sensor | EventType=application
[2026-08-16 20:46:03.736 (UTC)] info/application	[Sensor] Updated distance: 23.0339711879072 cm | Severity=75 | SourceName=Sensor | EventType=application
[2026-08-16 20:46:04.736 (UTC)] info/application	[Sensor] Updated distance: 21.9753737538007 cm | Severity=75 | SourceName=Sensor | EventType=application
[2026-08-16 20:46:05.736 (UTC)] info/application	[Sensor] Updated distance: 22.4021945008553 cm | Severity=75 | SourceName=Sensor | EventType=application
[2026-08-16 20:46:06.735 (UTC)] info/application	[Sensor] Updated distance: 20.9971424438977 cm | Severity=75 | SourceName=Sensor | EventType=application
[2026-08-16 20:46:07.735 (UTC)] info/application	[Sensor] Updated distance: 20.893280407597 cm | Severity=75 | SourceName=Sensor | EventType=application
[2026-08-16 20:46:08.735 (UTC)] info/application	[Sensor] Updated distance: 20.1692655594876 cm | Severity=75 | SourceName=Sensor | EventType=application
[2026-08-16 20:46:09.734 (UTC)] info/application	[Sensor] Updated distance: 21.1946946977147 cm | Severity=75 | SourceName=Sensor | EventType=application
[2026-08-16 20:46:10.735 (UTC)] info/application	[Sensor] Updated distance: 22.5168744896151 cm | Severity=75 | SourceName=Sensor | EventType=application
[2026-08-16 20:46:11.736 (UTC)] info/application	[Sensor] Updated distance: 22.449554465222 cm | Severity=75 | SourceName=Sensor | EventType=application
[2026-08-16 20:46:12.736 (UTC)] info/application	[Sensor] Updated distance: 22.1669480210016 cm | Severity=75 | SourceName=Sensor | EventType=application
[2026-08-16 20:46:13.736 (UTC)] info/application	[Sensor] Updated distance: 21.8273070088249 cm | Severity=75 | SourceName=Sensor | EventType=application
[2026-08-16 20:46:14.736 (UTC)] info/application	[Sensor] Updated distance: 23.1512011974823 cm | Severity=75 | SourceName=Sensor | EventType=application
[2026-08-16 20:46:15.736 (UTC)] info/application	[Sensor] Updated distance: 22.0080714540128 cm | Severity=75 | SourceName=Sensor | EventType=application
[2026-08-16 20:46:16.736 (UTC)] info/application	[Sensor] Updated distance: 23.4105507682127 cm | Severity=75 | SourceName=Sensor | EventType=application
[2026-08-16 20:46:17.736 (UTC)] info/application	[Sensor] Updated distance: 22.2511607402708 cm | Severity=75 | SourceName=Sensor | EventType=application
[2026-08-16 20:46:18.736 (UTC)] info/application	[Sensor] Updated distance: 23.5410674389177 cm | Severity=75 | SourceName=Sensor | EventType=application
[2026-08-16 20:46:19.737 (UTC)] info/application	[Sensor] Updated distance: 23.2951883123234 cm | Severity=75 | SourceName=Sensor | EventType=application
[2026-08-16 20:46:20.737 (UTC)] info/application	[Sensor] Updated distance: 22.7771857761672 cm | Severity=75 | SourceName=Sensor | EventType=application
[2026-08-16 20:46:21.737 (UTC)] info/application	[Sensor] Updated distance: 23.0997960197738 cm | Severity=75 | SourceName=Sensor | EventType=application
[2026-08-16 20:46:22.737 (UTC)] info/application	[Sensor] Updated distance: 24.3491882445985 cm | Severity=75 | SourceName=Sensor | EventType=application
[2026-08-16 20:46:23.737 (UTC)] info/application	[Sensor] Updated distance: 24.2077287038358 cm | Severity=75 | SourceName=Sensor | EventType=application
[2026-08-16 20:46:24.737 (UTC)] info/application	[Sensor] Updated distance: 23.7947053098095 cm | Severity=75 | SourceName=Sensor | EventType=application
[2026-08-16 20:46:25.727 (UTC)] info/application	[Sensor] Updated distance: 24.2607742318701 cm | Severity=75 | SourceName=Sensor | EventType=application
[2026-08-16 20:46:26.728 (UTC)] info/application	[Sensor] Updated distance: 24.306189642896 cm | Severity=75 | SourceName=Sensor | EventType=application
[2026-08-16 20:46:27.728 (UTC)] info/application	[Sensor] Updated distance: 23.6465637884785 cm | Severity=75 | SourceName=Sensor | EventType=application
[2026-08-16 20:46:28.727 (UTC)] info/application	[Sensor] Updated distance: 22.3829001706945 cm | Severity=75 | SourceName=Sensor | EventType=application
[2026-08-16 20:46:29.727 (UTC)] info/application	[Sensor] Updated distance: 20.9222262526966 cm | Severity=75 | SourceName=Sensor | EventType=application
[2026-08-16 20:46:30.737 (UTC)] info/application	[Sensor] Updated distance: 21.5802410997358 cm | Severity=75 | SourceName=Sensor | EventType=application
[2026-08-16 20:46:31.737 (UTC)] info/application	[Sensor] Updated distance: 22.5917053949515 cm | Severity=75 | SourceName=Sensor | EventType=application
[2026-08-16 20:46:32.737 (UTC)] info/application	[Sensor] Updated distance: 23.9679314289093 cm | Severity=75 | SourceName=Sensor | EventType=application
[2026-08-16 20:46:33.737 (UTC)] info/application	[Sensor] Updated distance: 25.1753784379341 cm | Severity=75 | SourceName=Sensor | EventType=application
[2026-08-16 20:46:34.737 (UTC)] info/application	[Sensor] Updated distance: 25.9974939785886 cm | Severity=75 | SourceName=Sensor | EventType=application
[2026-08-16 20:46:35.737 (UTC)] info/application	[Sensor] Updated distance: 24.8151225784398 cm | Severity=75 | SourceName=Sensor | EventType=application
[2026-08-16 20:46:36.737 (UTC)] info/application	[Sensor] Updated distance: 24.9493903331223 cm | Severity=75 | SourceName=Sensor | EventType=application
[2026-08-16 20:46:37.737 (UTC)] info/application	[Sensor] Updated distance: 25.8664538168192 cm | Severity=75 | SourceName=Sensor | EventType=application
[2026-08-16 20:46:38.737 (UTC)] info/application	[Sensor] Updated distance: 26.0802203803697 cm | Severity=75 | SourceName=Sensor | EventType=application
[2026-08-16 20:46:39.737 (UTC)] info/application	[Sensor] Updated distance: 26.9904732883398 cm | Severity=75 | SourceName=Sensor | EventType=application
[2026-08-16 20:46:40.737 (UTC)] info/application	[Sensor] Updated distance: 27.4329659088668 cm | Severity=75 | SourceName=Sensor | EventType=application
[2026-08-16 20:46:41.737 (UTC)] info/application	[Sensor] Updated distance: 27.4689122629207 cm | Severity=75 | SourceName=Sensor | EventType=application
[2026-08-16 20:46:42.737 (UTC)] info/application	[Sensor] Updated distance: 26.8118451451007 cm | Severity=75 | SourceName=Sensor | EventType=application
[2026-08-16 20:46:43.727 (UTC)] info/application	[Sensor] Updated distance: 25.4717313200104 cm | Severity=75 | SourceName=Sensor | EventType=application
[2026-08-16 20:46:44.728 (UTC)] info/application	[Sensor] Updated distance: 26.6680366632845 cm | Severity=75 | SourceName=Sensor | EventType=application
[2026-08-16 20:46:45.728 (UTC)] info/application	[Sensor] Updated distance: 25.8348637327248 cm | Severity=75 | SourceName=Sensor | EventType=application
[2026-08-16 20:46:46.728 (UTC)] info/application	[Sensor] Updated distance: 24.8516201655621 cm | Severity=75 | SourceName=Sensor | EventType=application
[2026-08-16 20:46:47.729 (UTC)] info/application	[Sensor] Updated distance: 25.9504048216391 cm | Severity=75 | SourceName=Sensor | EventType=application
[2026-08-16 20:46:48.729 (UTC)] info/application	[Sensor] Updated distance: 25.4578418631376 cm | Severity=75 | SourceName=Sensor | EventType=application
[2026-08-16 20:46:49.730 (UTC)] info/application	[Sensor] Updated distance: 24.2645049932247 cm | Severity=75 | SourceName=Sensor | EventType=application
[2026-08-16 20:46:50.730 (UTC)] info/application	[Sensor] Updated distance: 23.6174105213105 cm | Severity=75 | SourceName=Sensor | EventType=application
[2026-08-16 20:46:51.729 (UTC)] info/application	[Sensor] Updated distance: 24.1068450266527 cm | Severity=75 | SourceName=Sensor | EventType=application
[2026-08-16 20:46:52.729 (UTC)] info/application	[Sensor] Updated distance: 24.7361184003465 cm | Severity=75 | SourceName=Sensor | EventType=application
[2026-08-16 20:46:53.730 (UTC)] info/application	[Sensor] Updated distance: 23.83841615186 cm | Severity=75 | SourceName=Sensor | EventType=application
[2026-08-16 20:46:54.730 (UTC)] info/application	[Sensor] Updated distance: 22.6863911164395 cm | Severity=75 | SourceName=Sensor | EventType=application
[2026-08-16 20:46:55.731 (UTC)] info/application	[Sensor] Updated distance: 21.402641096107 cm | Severity=75 | SourceName=Sensor | EventType=application
[2026-08-16 20:46:56.731 (UTC)] info/application	[Sensor] Updated distance: 22.471007769681 cm | Severity=75 | SourceName=Sensor | EventType=application
[2026-08-16 20:46:57.732 (UTC)] info/application	[Sensor] Updated distance: 22.8643981452865 cm | Severity=75 | SourceName=Sensor | EventType=application
[2026-08-16 20:46:58.732 (UTC)] info/application	[Sensor] Updated distance: 22.4210222705365 cm | Severity=75 | SourceName=Sensor | EventType=application
[2026-08-16 20:46:59.733 (UTC)] info/application	[Sensor] Updated distance: 23.7257253263265 cm | Severity=75 | SourceName=Sensor | EventType=application
[2026-08-16 20:47:00.733 (UTC)] info/application	[Sensor] Updated distance: 24.1584417839341 cm | Severity=75 | SourceName=Sensor | EventType=application
[2026-08-16 20:47:01.733 (UTC)] info/application	[Sensor] Updated distance: 22.8730807548263 cm | Severity=75 | SourceName=Sensor | EventType=application
[2026-08-16 20:47:02.734 (UTC)] info/application	[Sensor] Updated distance: 23.689248104435 cm | Severity=75 | SourceName=Sensor | EventType=application
[2026-08-16 20:47:03.734 (UTC)] info/application	[Sensor] Updated distance: 23.9981905946034 cm | Severity=75 | SourceName=Sensor | EventType=application
[2026-08-16 20:47:04.735 (UTC)] info/application	[Sensor] Updated distance: 25.4202765745205 cm | Severity=75 | SourceName=Sensor | EventType=application
[2026-08-16 20:47:05.735 (UTC)] info/application	[Sensor] Updated distance: 25.5585594633867 cm | Severity=75 | SourceName=Sensor | EventType=application
[2026-08-16 20:47:06.734 (UTC)] info/application	[Sensor] Updated distance: 26.1851305534063 cm | Severity=75 | SourceName=Sensor | EventType=application
[2026-08-16 20:47:07.734 (UTC)] info/application	[Sensor] Updated distance: 26.2414842880058 cm | Severity=75 | SourceName=Sensor | EventType=application
[2026-08-16 20:47:08.735 (UTC)] info/application	[Sensor] Updated distance: 25.7968306591719 cm | Severity=75 | SourceName=Sensor | EventType=application
[2026-08-16 20:47:09.735 (UTC)] info/application	[Sensor] Updated distance: 25.137168311345 cm | Severity=75 | SourceName=Sensor | EventType=application
[2026-08-16 20:47:10.735 (UTC)] info/application	[Sensor] Updated distance: 24.6037749525177 cm | Severity=75 | SourceName=Sensor | EventType=application
[2026-08-16 20:47:11.735 (UTC)] info/application	[Sensor] Updated distance: 26.1016139442109 cm | Severity=75 | SourceName=Sensor | EventType=application
[2026-08-16 20:47:12.735 (UTC)] info/application	[Sensor] Updated distance: 26.9778979518348 cm | Severity=75 | SourceName=Sensor | EventType=application
[2026-08-16 20:47:13.735 (UTC)] info/application	[Sensor] Updated distance: 27.2874374751874 cm | Severity=75 | SourceName=Sensor | EventType=application
[2026-08-16 20:47:14.735 (UTC)] info/application	[Sensor] Updated distance: 25.9451626417903 cm | Severity=75 | SourceName=Sensor | EventType=application
[2026-08-16 20:47:15.735 (UTC)] info/application	[Sensor] Updated distance: 26.5177519912914 cm | Severity=75 | SourceName=Sensor | EventType=application
[2026-08-16 20:47:16.735 (UTC)] info/application	[Sensor] Updated distance: 27.4941185840844 cm | Severity=75 | SourceName=Sensor | EventType=application
[2026-08-16 20:47:17.736 (UTC)] info/application	[Sensor] Updated distance: 26.6686001835245 cm | Severity=75 | SourceName=Sensor | EventType=application
[2026-08-16 20:47:18.737 (UTC)] info/application	[Sensor] Updated distance: 26.8399741877056 cm | Severity=75 | SourceName=Sensor | EventType=application
[2026-08-16 20:47:19.737 (UTC)] info/application	[Sensor] Updated distance: 25.8237778219971 cm | Severity=75 | SourceName=Sensor | EventType=application
[2026-08-16 20:47:20.727 (UTC)] info/application	[Sensor] Updated distance: 25.3049225515243 cm | Severity=75 | SourceName=Sensor | EventType=application
[2026-08-16 20:47:21.728 (UTC)] info/application	[Sensor] Updated distance: 26.3292020837912 cm | Severity=75 | SourceName=Sensor | EventType=application
[2026-08-16 20:47:22.728 (UTC)] info/application	[Sensor] Updated distance: 27.3024402234249 cm | Severity=75 | SourceName=Sensor | EventType=application
[2026-08-16 20:47:23.728 (UTC)] info/application	[Sensor] Updated distance: 25.912858326646 cm | Severity=75 | SourceName=Sensor | EventType=application
[2026-08-16 20:47:24.728 (UTC)] info/application	[Sensor] Updated distance: 24.5394356090293 cm | Severity=75 | SourceName=Sensor | EventType=application
[2026-08-16 20:47:25.728 (UTC)] info/application	[Sensor] Updated distance: 25.8606487132426 cm | Severity=75 | SourceName=Sensor | EventType=application
[2026-08-16 20:47:26.729 (UTC)] info/application	[Sensor] Updated distance: 24.6873167961311 cm | Severity=75 | SourceName=Sensor | EventType=application
[2026-08-16 20:47:27.729 (UTC)] info/application	[Sensor] Updated distance: 25.8822607534855 cm | Severity=75 | SourceName=Sensor | EventType=application
[2026-08-16 20:47:28.730 (UTC)] info/application	[Sensor] Updated distance: 26.0968642319072 cm | Severity=75 | SourceName=Sensor | EventType=application
[2026-08-16 20:47:29.730 (UTC)] info/application	[Sensor] Updated distance: 25.9801564400457 cm | Severity=75 | SourceName=Sensor | EventType=application
[2026-08-16 20:47:30.730 (UTC)] info/application	[Sensor] Updated distance: 26.9798034517932 cm | Severity=75 | SourceName=Sensor | EventType=application
[2026-08-16 20:47:31.730 (UTC)] info/application	[Sensor] Updated distance: 26.1271233864255 cm | Severity=75 | SourceName=Sensor | EventType=application
[2026-08-16 20:47:32.730 (UTC)] info/application	[Sensor] Updated distance: 26.2250545668532 cm | Severity=75 | SourceName=Sensor | EventType=application
[2026-08-16 20:47:33.731 (UTC)] info/application	[Sensor] Updated distance: 26.5408689282093 cm | Severity=75 | SourceName=Sensor | EventType=application
[2026-08-16 20:47:34.731 (UTC)] info/application	[Sensor] Updated distance: 27.497131354407 cm | Severity=75 | SourceName=Sensor | EventType=application
[2026-08-16 20:47:35.731 (UTC)] info/application	[Sensor] Updated distance: 27.5171485133549 cm | Severity=75 | SourceName=Sensor | EventType=application
[2026-08-16 20:47:36.730 (UTC)] info/application	[Sensor] Updated distance: 26.4712457621802 cm | Severity=75 | SourceName=Sensor | EventType=application
[2026-08-16 20:47:37.731 (UTC)] info/application	[Sensor] Updated distance: 26.5540792770004 cm | Severity=75 | SourceName=Sensor | EventType=application
[2026-08-16 20:47:38.731 (UTC)] info/application	[Sensor] Updated distance: 25.1304501691509 cm | Severity=75 | SourceName=Sensor | EventType=application
[2026-08-16 20:47:39.732 (UTC)] info/application	[Sensor] Updated distance: 25.1398937905393 cm | Severity=75 | SourceName=Sensor | EventType=application
[2026-08-16 20:47:40.732 (UTC)] info/application	[Sensor] Updated distance: 26.0630649589296 cm | Severity=75 | SourceName=Sensor | EventType=application
[2026-08-16 20:47:41.732 (UTC)] info/application	[Sensor] Updated distance: 25.6060424922528 cm | Severity=75 | SourceName=Sensor | EventType=application
[2026-08-16 20:47:42.732 (UTC)] info/application	[Sensor] Updated distance: 25.6133251039373 cm | Severity=75 | SourceName=Sensor | EventType=application
[2026-08-16 20:47:43.733 (UTC)] info/application	[Sensor] Updated distance: 25.9127802785545 cm | Severity=75 | SourceName=Sensor | EventType=application
[2026-08-16 20:47:44.732 (UTC)] info/application	[Sensor] Updated distance: 27.2652973352304 cm | Severity=75 | SourceName=Sensor | EventType=application
[2026-08-16 20:47:45.732 (UTC)] info/application	[Sensor] Updated distance: 27.4303051135178 cm | Severity=75 | SourceName=Sensor | EventType=application
[2026-08-16 20:47:46.731 (UTC)] info/application	[Sensor] Updated distance: 26.8023496362392 cm | Severity=75 | SourceName=Sensor | EventType=application
[2026-08-16 20:47:47.731 (UTC)] info/application	[Sensor] Updated distance: 27.631233285708 cm | Severity=75 | SourceName=Sensor | EventType=application
[2026-08-16 20:47:48.731 (UTC)] info/application	[Sensor] Updated distance: 28.4707226634355 cm | Severity=75 | SourceName=Sensor | EventType=application
[2026-08-16 20:47:49.731 (UTC)] info/application	[Sensor] Updated distance: 29.514141190338 cm | Severity=75 | SourceName=Sensor | EventType=application
[2026-08-16 20:47:50.732 (UTC)] info/application	[Sensor] Updated distance: 30.8268284740983 cm | Severity=75 | SourceName=Sensor | EventType=application
[2026-08-16 20:47:51.732 (UTC)] info/application	[Sensor] Updated distance: 29.647462581353 cm | Severity=75 | SourceName=Sensor | EventType=application
[2026-08-16 20:47:52.731 (UTC)] info/application	[Sensor] Updated distance: 30.2151606391255 cm | Severity=75 | SourceName=Sensor | EventType=application
[2026-08-16 20:47:53.732 (UTC)] info/application	[Sensor] Updated distance: 31.0010860611224 cm | Severity=75 | SourceName=Sensor | EventType=application
[2026-08-16 20:47:54.732 (UTC)] info/application	[Sensor] Updated distance: 29.9321382715982 cm | Severity=75 | SourceName=Sensor | EventType=application
[2026-08-16 20:47:55.732 (UTC)] info/application	[Sensor] Updated distance: 30.626413611754 cm | Severity=75 | SourceName=Sensor | EventType=application
[2026-08-16 20:47:56.731 (UTC)] info/application	[Sensor] Updated distance: 31.2335521379642 cm | Severity=75 | SourceName=Sensor | EventType=application
[2026-08-16 20:47:57.732 (UTC)] info/application	[Sensor] Updated distance: 30.4912724313285 cm | Severity=75 | SourceName=Sensor | EventType=application
[2026-08-16 20:47:58.732 (UTC)] info/application	[Sensor] Updated distance: 30.8804917274418 cm | Severity=75 | SourceName=Sensor | EventType=application
[2026-08-16 20:47:59.732 (UTC)] info/application	[Sensor] Updated distance: 30.2022337306767 cm | Severity=75 | SourceName=Sensor | EventType=application
[2026-08-16 20:48:00.732 (UTC)] info/application	[Sensor] Updated distance: 30.8432462321796 cm | Severity=75 | SourceName=Sensor | EventType=application
[2026-08-16 20:48:01.732 (UTC)] info/application	[Sensor] Updated distance: 30.7321125400402 cm | Severity=75 | SourceName=Sensor | EventType=application
[2026-08-16 20:48:02.732 (UTC)] info/application	[Sensor] Updated distance: 30.7011744793044 cm | Severity=75 | SourceName=Sensor | EventType=application
[2026-08-16 20:48:03.732 (UTC)] info/application	[Sensor] Updated distance: 29.9401181598381 cm | Severity=75 | SourceName=Sensor | EventType=application
[2026-08-16 20:48:04.732 (UTC)] info/application	[Sensor] Updated distance: 28.6447988276578 cm | Severity=75 | SourceName=Sensor | EventType=application
[2026-08-16 20:48:05.733 (UTC)] info/application	[Sensor] Updated distance: 28.0701231917227 cm | Severity=75 | SourceName=Sensor | EventType=application
[2026-08-16 20:48:06.733 (UTC)] info/application	[Sensor] Updated distance: 28.8290840326012 cm | Severity=75 | SourceName=Sensor | EventType=application
[2026-08-16 20:48:07.734 (UTC)] info/application	[Sensor] Updated distance: 27.9878619492463 cm | Severity=75 | SourceName=Sensor | EventType=application
[2026-08-16 20:48:08.734 (UTC)] info/application	[Sensor] Updated distance: 28.9960198281314 cm | Severity=75 | SourceName=Sensor | EventType=application
[2026-08-16 20:48:09.734 (UTC)] info/application	[Sensor] Updated distance: 29.8313515611604 cm | Severity=75 | SourceName=Sensor | EventType=application
[2026-08-16 20:48:10.735 (UTC)] info/application	[Sensor] Updated distance: 30.4995730991939 cm | Severity=75 | SourceName=Sensor | EventType=application
[2026-08-16 20:48:11.735 (UTC)] info/application	[Sensor] Updated distance: 30.9309021450723 cm | Severity=75 | SourceName=Sensor | EventType=application
[2026-08-16 20:48:12.735 (UTC)] info/application	[Sensor] Updated distance: 29.8092114114245 cm | Severity=75 | SourceName=Sensor | EventType=application
[2026-08-16 20:48:13.736 (UTC)] info/application	[Sensor] Updated distance: 28.9847155611425 cm | Severity=75 | SourceName=Sensor | EventType=application
[2026-08-16 20:48:14.737 (UTC)] info/application	[Sensor] Updated distance: 28.2154997802412 cm | Severity=75 | SourceName=Sensor | EventType=application
[2026-08-16 20:48:15.727 (UTC)] info/application	[Sensor] Updated distance: 26.9463261018723 cm | Severity=75 | SourceName=Sensor | EventType=application
[2026-08-16 20:48:16.727 (UTC)] info/application	[Sensor] Updated distance: 27.7868380298777 cm | Severity=75 | SourceName=Sensor | EventType=application
[2026-08-16 20:48:17.728 (UTC)] info/application	[Sensor] Updated distance: 27.8896667716977 cm | Severity=75 | SourceName=Sensor | EventType=application
[2026-08-16 20:48:18.728 (UTC)] info/application	[Sensor] Updated distance: 28.9493767427976 cm | Severity=75 | SourceName=Sensor | EventType=application
[2026-08-16 20:48:19.729 (UTC)] info/application	[Sensor] Updated distance: 29.1293780485305 cm | Severity=75 | SourceName=Sensor | EventType=application
[2026-08-16 20:48:20.729 (UTC)] info/application	[Sensor] Updated distance: 28.775625315856 cm | Severity=75 | SourceName=Sensor | EventType=application
[2026-08-16 20:48:21.729 (UTC)] info/application	[Sensor] Updated distance: 29.6480225693192 cm | Severity=75 | SourceName=Sensor | EventType=application
[2026-08-16 20:48:22.729 (UTC)] info/application	[Sensor] Updated distance: 30.1486579823069 cm | Severity=75 | SourceName=Sensor | EventType=application
[2026-08-16 20:48:23.729 (UTC)] info/application	[Sensor] Updated distance: 28.8626033060078 cm | Severity=75 | SourceName=Sensor | EventType=application
[2026-08-16 20:48:24.729 (UTC)] info/application	[Sensor] Updated distance: 29.020925981468 cm | Severity=75 | SourceName=Sensor | EventType=application
[2026-08-16 20:48:25.729 (UTC)] info/application	[Sensor] Updated distance: 29.9526136049314 cm | Severity=75 | SourceName=Sensor | EventType=application
[2026-08-16 20:48:26.729 (UTC)] info/application	[Sensor] Updated distance: 30.8608342701852 cm | Severity=75 | SourceName=Sensor | EventType=application
[2026-08-16 20:48:27.729 (UTC)] info/application	[Sensor] Updated distance: 30.1262954704586 cm | Severity=75 | SourceName=Sensor | EventType=application
[2026-08-16 20:48:28.729 (UTC)] info/application	[Sensor] Updated distance: 28.8157033858894 cm | Severity=75 | SourceName=Sensor | EventType=application
[2026-08-16 20:48:29.729 (UTC)] info/application	[Sensor] Updated distance: 28.6131433458594 cm | Severity=75 | SourceName=Sensor | EventType=application
[2026-08-16 20:48:30.730 (UTC)] info/application	[Sensor] Updated distance: 28.7003465493677 cm | Severity=75 | SourceName=Sensor | EventType=application
[2026-08-16 20:48:31.730 (UTC)] info/application	[Sensor] Updated distance: 29.5307669663014 cm | Severity=75 | SourceName=Sensor | EventType=application
[2026-08-16 20:48:32.730 (UTC)] info/application	[Sensor] Updated distance: 30.7170732341321 cm | Severity=75 | SourceName=Sensor | EventType=application
[2026-08-16 20:48:33.730 (UTC)] info/application	[Sensor] Updated distance: 29.2733383755075 cm | Severity=75 | SourceName=Sensor | EventType=application
[2026-08-16 20:48:34.730 (UTC)] info/application	[Sensor] Updated distance: 27.8427024729749 cm | Severity=75 | SourceName=Sensor | EventType=application
[2026-08-16 20:48:35.730 (UTC)] info/application	[Sensor] Updated distance: 29.2336894086253 cm | Severity=75 | SourceName=Sensor | EventType=application
[2026-08-16 20:48:36.730 (UTC)] info/application	[Sensor] Updated distance: 28.7152789140657 cm | Severity=75 | SourceName=Sensor | EventType=application
[2026-08-16 20:48:37.730 (UTC)] info/application	[Sensor] Updated distance: 29.5436038524115 cm | Severity=75 | SourceName=Sensor | EventType=application
[2026-08-16 20:48:38.730 (UTC)] info/application	[Sensor] Updated distance: 28.5933687047071 cm | Severity=75 | SourceName=Sensor | EventType=application
[2026-08-16 20:48:39.730 (UTC)] info/application	[Sensor] Updated distance: 27.5831160890325 cm | Severity=75 | SourceName=Sensor | EventType=application
[2026-08-16 20:48:40.730 (UTC)] info/application	[Sensor] Updated distance: 27.7467727590104 cm | Severity=75 | SourceName=Sensor | EventType=application
[2026-08-16 20:48:41.730 (UTC)] info/application	[Sensor] Updated distance: 28.9647591493394 cm | Severity=75 | SourceName=Sensor | EventType=application
[2026-08-16 20:48:42.730 (UTC)] info/application	[Sensor] Updated distance: 29.8858355795433 cm | Severity=75 | SourceName=Sensor | EventType=application
[2026-08-16 20:48:43.730 (UTC)] info/application	[Sensor] Updated distance: 30.4278015158734 cm | Severity=75 | SourceName=Sensor | EventType=application
[2026-08-16 20:48:44.730 (UTC)] info/application	[Sensor] Updated distance: 29.3212920545234 cm | Severity=75 | SourceName=Sensor | EventType=application
[2026-08-16 20:48:45.731 (UTC)] info/application	[Sensor] Updated distance: 27.9731527038259 cm | Severity=75 | SourceName=Sensor | EventType=application
[2026-08-16 20:48:46.731 (UTC)] info/application	[Sensor] Updated distance: 28.7459449631842 cm | Severity=75 | SourceName=Sensor | EventType=application
[2026-08-16 20:48:47.731 (UTC)] info/application	[Sensor] Updated distance: 29.9799474312365 cm | Severity=75 | SourceName=Sensor | EventType=application
[2026-08-16 20:48:48.730 (UTC)] info/application	[Sensor] Updated distance: 30.234636822359 cm | Severity=75 | SourceName=Sensor | EventType=application
[2026-08-16 20:48:49.730 (UTC)] info/application	[Sensor] Updated distance: 30.5671390514202 cm | Severity=75 | SourceName=Sensor | EventType=application
[2026-08-16 20:48:50.731 (UTC)] info/application	[Sensor] Updated distance: 30.4811428238084 cm | Severity=75 | SourceName=Sensor | EventType=application
[2026-08-16 20:48:51.731 (UTC)] info/application	[Sensor] Updated distance: 31.8820794836534 cm | Severity=75 | SourceName=Sensor | EventType=application
[2026-08-16 20:48:52.731 (UTC)] info/application	[Sensor] Updated distance: 31.5869789661779 cm | Severity=75 | SourceName=Sensor | EventType=application
[2026-08-16 20:48:53.731 (UTC)] info/application	[Sensor] Updated distance: 30.5016181501567 cm | Severity=75 | SourceName=Sensor | EventType=application
[2026-08-16 20:48:54.731 (UTC)] info/application	[Sensor] Updated distance: 29.1165001323058 cm | Severity=75 | SourceName=Sensor | EventType=application
[2026-08-16 20:48:55.731 (UTC)] info/application	[Sensor] Updated distance: 30.4797222902904 cm | Severity=75 | SourceName=Sensor | EventType=application
[2026-08-16 20:48:56.731 (UTC)] info/application	[Sensor] Updated distance: 31.8260490977327 cm | Severity=75 | SourceName=Sensor | EventType=application
[2026-08-16 20:48:57.731 (UTC)] info/application	[Sensor] Updated distance: 32.8491517451355 cm | Severity=75 | SourceName=Sensor | EventType=application
[2026-08-16 20:48:58.732 (UTC)] info/application	[Sensor] Updated distance: 31.9778351019965 cm | Severity=75 | SourceName=Sensor | EventType=application
[2026-08-16 20:48:59.732 (UTC)] info/application	[Sensor] Updated distance: 30.5135698234726 cm | Severity=75 | SourceName=Sensor | EventType=application
[2026-08-16 20:49:00.732 (UTC)] info/application	[Sensor] Updated distance: 29.8341124308454 cm | Severity=75 | SourceName=Sensor | EventType=application
[2026-08-16 20:49:01.733 (UTC)] info/application	[Sensor] Updated distance: 30.5499989912147 cm | Severity=75 | SourceName=Sensor | EventType=application
[2026-08-16 20:49:02.733 (UTC)] info/application	[Sensor] Updated distance: 31.4161541296244 cm | Severity=75 | SourceName=Sensor | EventType=application
[2026-08-16 20:49:03.733 (UTC)] info/application	[Sensor] Updated distance: 30.423003003431 cm | Severity=75 | SourceName=Sensor | EventType=application
[2026-08-16 20:49:04.733 (UTC)] info/application	[Sensor] Updated distance: 31.1951547065727 cm | Severity=75 | SourceName=Sensor | EventType=application
[2026-08-16 20:49:05.733 (UTC)] info/application	[Sensor] Updated distance: 32.1306739424498 cm | Severity=75 | SourceName=Sensor | EventType=application
[2026-08-16 20:49:06.733 (UTC)] info/application	[Sensor] Updated distance: 31.0285097519069 cm | Severity=75 | SourceName=Sensor | EventType=application
[2026-08-16 20:49:07.733 (UTC)] info/application	[Sensor] Updated distance: 29.7822509590919 cm | Severity=75 | SourceName=Sensor | EventType=application
[2026-08-16 20:49:08.733 (UTC)] info/application	[Sensor] Updated distance: 30.0460951319179 cm | Severity=75 | SourceName=Sensor | EventType=application
[2026-08-16 20:49:09.733 (UTC)] info/application	[Sensor] Updated distance: 29.4936957936705 cm | Severity=75 | SourceName=Sensor | EventType=application
[2026-08-16 20:49:10.733 (UTC)] info/application	[Sensor] Updated distance: 28.737184385181 cm | Severity=75 | SourceName=Sensor | EventType=application
[2026-08-16 20:49:11.733 (UTC)] info/application	[Sensor] Updated distance: 27.6646852279849 cm | Severity=75 | SourceName=Sensor | EventType=application
[2026-08-16 20:49:12.734 (UTC)] info/application	[Sensor] Updated distance: 26.8302722786694 cm | Severity=75 | SourceName=Sensor | EventType=application
[2026-08-16 20:49:13.734 (UTC)] info/application	[Sensor] Updated distance: 25.4948373003839 cm | Severity=75 | SourceName=Sensor | EventType=application
[2026-08-16 20:49:14.734 (UTC)] info/application	[Sensor] Updated distance: 26.4643040795179 cm | Severity=75 | SourceName=Sensor | EventType=application
[2026-08-16 20:49:15.735 (UTC)] info/application	[Sensor] Updated distance: 26.0233816702493 cm | Severity=75 | SourceName=Sensor | EventType=application
[2026-08-16 20:49:16.735 (UTC)] info/application	[Sensor] Updated distance: 24.8398073412663 cm | Severity=75 | SourceName=Sensor | EventType=application
[2026-08-16 20:49:17.734 (UTC)] info/application	[Sensor] Updated distance: 25.0820663783616 cm | Severity=75 | SourceName=Sensor | EventType=application
[2026-08-16 20:49:18.734 (UTC)] info/application	[Sensor] Updated distance: 24.3751464357484 cm | Severity=75 | SourceName=Sensor | EventType=application
[2026-08-16 20:49:19.735 (UTC)] info/application	[Sensor] Updated distance: 24.9462614978879 cm | Severity=75 | SourceName=Sensor | EventType=application
[2026-08-16 20:49:20.735 (UTC)] info/application	[Sensor] Updated distance: 24.0210227640444 cm | Severity=75 | SourceName=Sensor | EventType=application
[2026-08-16 20:49:21.735 (UTC)] info/application	[Sensor] Updated distance: 24.7281065938194 cm | Severity=75 | SourceName=Sensor | EventType=application
[2026-08-16 20:49:22.735 (UTC)] info/application	[Sensor] Updated distance: 25.2001583144069 cm | Severity=75 | SourceName=Sensor | EventType=application
[2026-08-16 20:49:23.735 (UTC)] info/application	[Sensor] Updated distance: 25.4798190630878 cm | Severity=75 | SourceName=Sensor | EventType=application
[2026-08-16 20:49:24.734 (UTC)] info/application	[Sensor] Updated distance: 26.6015420768417 cm | Severity=75 | SourceName=Sensor | EventType=application
[2026-08-16 20:49:25.735 (UTC)] info/application	[Sensor] Updated distance: 27.1884757809753 cm | Severity=75 | SourceName=Sensor | EventType=application
[2026-08-16 20:49:26.735 (UTC)] info/application	[Sensor] Updated distance: 27.3313586862438 cm | Severity=75 | SourceName=Sensor | EventType=application
[2026-08-16 20:49:27.736 (UTC)] info/application	[Sensor] Updated distance: 28.299408506043 cm | Severity=75 | SourceName=Sensor | EventType=application
[2026-08-16 20:49:28.736 (UTC)] info/application	[Sensor] Updated distance: 28.4094448561824 cm | Severity=75 | SourceName=Sensor | EventType=application
[2026-08-16 20:49:29.736 (UTC)] info/application	[Sensor] Updated distance: 29.1810111183119 cm | Severity=75 | SourceName=Sensor | EventType=application
[2026-08-16 20:49:30.737 (UTC)] info/application	[Sensor] Updated distance: 30.1847956595872 cm | Severity=75 | SourceName=Sensor | EventType=application
[2026-08-16 20:49:31.737 (UTC)] info/application	[Sensor] Updated distance: 31.1153746170995 cm | Severity=75 | SourceName=Sensor | EventType=application
[2026-08-16 20:49:32.728 (UTC)] info/application	[Sensor] Updated distance: 31.1028274382012 cm | Severity=75 | SourceName=Sensor | EventType=application
[2026-08-16 20:49:33.729 (UTC)] info/application	[Sensor] Updated distance: 31.4727671164893 cm | Severity=75 | SourceName=Sensor | EventType=application
[2026-08-16 20:49:34.729 (UTC)] info/application	[Sensor] Updated distance: 32.9101949492051 cm | Severity=75 | SourceName=Sensor | EventType=application
[2026-08-16 20:49:35.729 (UTC)] info/application	[Sensor] Updated distance: 32.1697994720516 cm | Severity=75 | SourceName=Sensor | EventType=application
[2026-08-16 20:49:36.729 (UTC)] info/application	[Sensor] Updated distance: 31.9752583862167 cm | Severity=75 | SourceName=Sensor | EventType=application
[2026-08-16 20:49:37.729 (UTC)] info/application	[Sensor] Updated distance: 30.8105220269926 cm | Severity=75 | SourceName=Sensor | EventType=application
[2026-08-16 20:49:38.729 (UTC)] info/application	[Sensor] Updated distance: 30.3238677584212 cm | Severity=75 | SourceName=Sensor | EventType=application
[2026-08-16 20:49:39.729 (UTC)] info/application	[Sensor] Updated distance: 28.8931708440153 cm | Severity=75 | SourceName=Sensor | EventType=application
[2026-08-16 20:49:40.730 (UTC)] info/application	[Sensor] Updated distance: 28.6760351465438 cm | Severity=75 | SourceName=Sensor | EventType=application
[2026-08-16 20:49:41.730 (UTC)] info/application	[Sensor] Updated distance: 28.9328694694829 cm | Severity=75 | SourceName=Sensor | EventType=application
[2026-08-16 20:49:42.730 (UTC)] info/application	[Sensor] Updated distance: 27.9296733978808 cm | Severity=75 | SourceName=Sensor | EventType=application
[2026-08-16 20:49:43.730 (UTC)] info/application	[Sensor] Updated distance: 28.3781247510939 cm | Severity=75 | SourceName=Sensor | EventType=application
[2026-08-16 20:49:44.730 (UTC)] info/application	[Sensor] Updated distance: 28.7995240957474 cm | Severity=75 | SourceName=Sensor | EventType=application
[2026-08-16 20:49:45.731 (UTC)] info/application	[Sensor] Updated distance: 30.2657948046763 cm | Severity=75 | SourceName=Sensor | EventType=application
[2026-08-16 20:49:46.731 (UTC)] info/application	[Sensor] Updated distance: 28.7733237472239 cm | Severity=75 | SourceName=Sensor | EventType=application
[2026-08-16 20:49:47.731 (UTC)] info/application	[Sensor] Updated distance: 29.5111487628944 cm | Severity=75 | SourceName=Sensor | EventType=application
[2026-08-16 20:49:48.732 (UTC)] info/application	[Sensor] Updated distance: 29.7196785075216 cm | Severity=75 | SourceName=Sensor | EventType=application
[2026-08-16 20:49:49.732 (UTC)] info/application	[Sensor] Updated distance: 29.0202875074559 cm | Severity=75 | SourceName=Sensor | EventType=application
[2026-08-16 20:49:50.732 (UTC)] info/application	[Sensor] Updated distance: 28.829227585266 cm | Severity=75 | SourceName=Sensor | EventType=application
[2026-08-16 20:49:51.732 (UTC)] info/application	[Sensor] Updated distance: 29.6125185960496 cm | Severity=75 | SourceName=Sensor | EventType=application
[2026-08-16 20:49:52.732 (UTC)] info/application	[Sensor] Updated distance: 28.120211424362 cm | Severity=75 | SourceName=Sensor | EventType=application
[2026-08-16 20:49:53.733 (UTC)] info/application	[Sensor] Updated distance: 26.9012032213626 cm | Severity=75 | SourceName=Sensor | EventType=application
[2026-08-16 20:49:54.733 (UTC)] info/application	[Sensor] Updated distance: 26.4641549794302 cm | Severity=75 | SourceName=Sensor | EventType=application
[2026-08-16 20:49:55.733 (UTC)] info/application	[Sensor] Updated distance: 27.5935708214965 cm | Severity=75 | SourceName=Sensor | EventType=application
[2026-08-16 20:49:56.733 (UTC)] info/application	[Sensor] Updated distance: 28.4614963226307 cm | Severity=75 | SourceName=Sensor | EventType=application
[2026-08-16 20:49:57.734 (UTC)] info/application	[Sensor] Updated distance: 29.6673309859668 cm | Severity=75 | SourceName=Sensor | EventType=application
[2026-08-16 20:49:58.735 (UTC)] info/application	[Sensor] Updated distance: 30.2647966464352 cm | Severity=75 | SourceName=Sensor | EventType=application
[2026-08-16 20:49:59.735 (UTC)] info/application	[Sensor] Updated distance: 29.7427584977088 cm | Severity=75 | SourceName=Sensor | EventType=application
[2026-08-16 20:50:00.735 (UTC)] info/application	[Sensor] Updated distance: 30.2201594217774 cm | Severity=75 | SourceName=Sensor | EventType=application
[2026-08-16 20:50:01.736 (UTC)] info/application	[Sensor] Updated distance: 30.32140