[agg] 授權來源：SensorSource1..3 + MotorSource1..3
[2026-08-17 02:41:30.791 (UTC+0800)] [33mwarn/server[0m	AccessControl: Unconfigured AccessControl. Users have all permissions.
[2026-08-17 02:41:30.791 (UTC+0800)] [32minfo/server[0m	AccessControl: Anonymous login is enabled
[2026-08-17 02:41:30.791 (UTC+0800)] [33mwarn/server[0m	x509 Certificate Authentication configured, but no encrypting SecurityPolicy. This can leak credentials on the network.
[2026-08-17 02:41:30.827 (UTC+0800)] [33mwarn/application[0m	ServerUrls already set. Overriding.
[2026-08-17 02:41:30.827 (UTC+0800)] [33mwarn/server[0m	AccessControl: Unconfigured AccessControl. Users have all permissions.
[2026-08-17 02:41:30.827 (UTC+0800)] [32minfo/server[0m	AccessControl: Anonymous login is enabled
[2026-08-17 02:41:30.827 (UTC+0800)] [33mwarn/server[0m	x509 Certificate Authentication configured, but no encrypting SecurityPolicy. This can leak credentials on the network.
[2026-08-17 02:41:30.827 (UTC+0800)] [33mwarn/server[0m	x509 Certificate Authentication configured, but no encrypting SecurityPolicy. This can leak credentials on the network.
[2026-08-17 02:41:30.827 (UTC+0800)] [32minfo/network[0m	TCP	| Listening on all interfaces
[2026-08-17 02:41:31.128 (UTC+0800)] [32minfo/network[0m	TCP 8	| Creating listen socket for "0.0.0.0" (with local hostname "MSI") on port 4840
[2026-08-17 02:41:31.128 (UTC+0800)] [32minfo/server[0m	New DiscoveryUrl added: opc.tcp://MSI:4840
[2026-08-17 02:41:31.128 (UTC+0800)] [32minfo/network[0m	TCP 9	| Creating listen socket for "::" (with local hostname "MSI") on port 4840
[2026-08-17 02:41:31.128 (UTC+0800)] [32minfo/application[0m	Aggregation Server started (port 4840)
[2026-08-17 02:41:31.629 (UTC+0800)] [32minfo/network[0m	TCP 15	| Opening a connection to "127.0.0.1" on port 4842
[2026-08-17 02:41:31.827 (UTC+0800)] [32minfo/network[0m	TCP 15	| The connection closes with error 111
[2026-08-17 02:41:32.327 (UTC+0800)] [32minfo/channel[0m	TCP 15	| SC 0	| SecureChannel closed
[2026-08-17 02:41:32.327 (UTC+0800)] [31merror/client[0m	Could not open a TCP connection to the Endpoint at opc.tcp://127.0.0.1:4842
[2026-08-17 02:41:32.327 (UTC+0800)] [32minfo/client[0m	Client Status: ChannelState: Closed, SessionState: Closed, ConnectStatus: BadConnectionRejected
[2026-08-17 02:41:32.327 (UTC+0800)] [32minfo/network[0m	TCP 15	| Socket closed
[2026-08-17 02:41:34.032 (UTC+0800)] [32minfo/network[0m	TCP 15	| Connection opened from "127.0.0.1" via the server socket 8
[2026-08-17 02:41:34.032 (UTC+0800)] [32minfo/channel[0m	TCP 15	| SC 1	| SecureChannel created
[2026-08-17 02:41:34.032 (UTC+0800)] [32minfo/network[0m	TCP 16	| Opening a connection to "127.0.0.1" on port 4842
[2026-08-17 02:41:34.032 (UTC+0800)] [32minfo/channel[0m	TCP 15	| SC 1	| OpenSecureChannel: Channel opened with SecurityMode None for SecurityPolicy http://opcfoundation.org/UA/SecurityPolicy#None and a revised lifetime of 600.0s
[2026-08-17 02:41:34.032 (UTC+0800)] [32minfo/network[0m	TCP 16	| The connection closes with error 111
[2026-08-17 02:41:34.032 (UTC+0800)] [32minfo/channel[0m	TCP 16	| SC 0	| SecureChannel closed
[2026-08-17 02:41:34.032 (UTC+0800)] [31merror/client[0m	Could not open a TCP connection to the Endpoint at opc.tcp://127.0.0.1:4842
[2026-08-17 02:41:34.032 (UTC+0800)] [32minfo/client[0m	Client Status: ChannelState: Closed, SessionState: Closed, ConnectStatus: BadConnectionRejected
[2026-08-17 02:41:34.032 (UTC+0800)] [32minfo/network[0m	TCP 16	| Socket closed
[2026-08-17 02:41:34.032 (UTC+0800)] [33mwarn/client[0m	Removing a UserTokenPolicy that would allow the password to be transmitted without encryption (Can be enabled via config->allowNonePolicyPassword)
[2026-08-17 02:41:34.032 (UTC+0800)] [33mwarn/client[0m	Removing a UserTokenPolicy that would allow the password to be transmitted without encryption (Can be enabled via config->allowNonePolicyPassword)
[2026-08-17 02:41:34.032 (UTC+0800)] [33mwarn/client[0m	Removing a UserTokenPolicy that would allow the password to be transmitted without encryption (Can be enabled via config->allowNonePolicyPassword)
[2026-08-17 02:41:34.032 (UTC+0800)] [33mwarn/client[0m	Removing a UserTokenPolicy that would allow the password to be transmitted without encryption (Can be enabled via config->allowNonePolicyPassword)
[2026-08-17 02:41:34.033 (UTC+0800)] [32minfo/session[0m	TCP 15	| SC 1	| Session "SensorSource2"	| Session created
[2026-08-17 02:41:34.033 (UTC+0800)] [32minfo/network[0m	TCP 16	| Connection opened from "127.0.0.1" via the server socket 8
[2026-08-17 02:41:34.033 (UTC+0800)] [32minfo/channel[0m	TCP 16	| SC 2	| SecureChannel created
[2026-08-17 02:41:34.033 (UTC+0800)] [32minfo/session[0m	TCP 15	| SC 1	| Session "SensorSource2"	| ActivateSession: Session activated with ClientUserId ""
[2026-08-17 02:41:34.033 (UTC+0800)] [32minfo/channel[0m	TCP 16	| SC 2	| OpenSecureChannel: Channel opened with SecurityMode None for SecurityPolicy http://opcfoundation.org/UA/SecurityPolicy#None and a revised lifetime of 600.0s
[2026-08-17 02:41:34.033 (UTC+0800)] [33mwarn/client[0m	Removing a UserTokenPolicy that would allow the password to be transmitted without encryption (Can be enabled via config->allowNonePolicyPassword)
[2026-08-17 02:41:34.033 (UTC+0800)] [33mwarn/client[0m	Removing a UserTokenPolicy that would allow the password to be transmitted without encryption (Can be enabled via config->allowNonePolicyPassword)
[2026-08-17 02:41:34.034 (UTC+0800)] [33mwarn/client[0m	Removing a UserTokenPolicy that would allow the password to be transmitted without encryption (Can be enabled via config->allowNonePolicyPassword)
[2026-08-17 02:41:34.034 (UTC+0800)] [33mwarn/client[0m	Removing a UserTokenPolicy that would allow the password to be transmitted without encryption (Can be enabled via config->allowNonePolicyPassword)
[2026-08-17 02:41:34.034 (UTC+0800)] [32minfo/session[0m	TCP 16	| SC 2	| Session "SensorSource"	| Session created
[2026-08-17 02:41:34.034 (UTC+0800)] [32minfo/network[0m	TCP 17	| Connection opened from "127.0.0.1" via the server socket 8
[2026-08-17 02:41:34.034 (UTC+0800)] [32minfo/channel[0m	TCP 17	| SC 3	| SecureChannel created
[2026-08-17 02:41:34.034 (UTC+0800)] [32minfo/session[0m	TCP 16	| SC 2	| Session "SensorSource"	| ActivateSession: Session activated with ClientUserId ""
[2026-08-17 02:41:34.034 (UTC+0800)] [32minfo/channel[0m	TCP 17	| SC 3	| OpenSecureChannel: Channel opened with SecurityMode None for SecurityPolicy http://opcfoundation.org/UA/SecurityPolicy#None and a revised lifetime of 600.0s
[2026-08-17 02:41:34.034 (UTC+0800)] [33mwarn/client[0m	Removing a UserTokenPolicy that would allow the password to be transmitted without encryption (Can be enabled via config->allowNonePolicyPassword)
[2026-08-17 02:41:34.034 (UTC+0800)] [33mwarn/client[0m	Removing a UserTokenPolicy that would allow the password to be transmitted without encryption (Can be enabled via config->allowNonePolicyPassword)
[2026-08-17 02:41:34.035 (UTC+0800)] [33mwarn/client[0m	Removing a UserTokenPolicy that would allow the password to be transmitted without encryption (Can be enabled via config->allowNonePolicyPassword)
[2026-08-17 02:41:34.035 (UTC+0800)] [33mwarn/client[0m	Removing a UserTokenPolicy that would allow the password to be transmitted without encryption (Can be enabled via config->allowNonePolicyPassword)
[2026-08-17 02:41:34.035 (UTC+0800)] [32minfo/session[0m	TCP 17	| SC 3	| Session "SensorSource3"	| Session created
[2026-08-17 02:41:34.035 (UTC+0800)] [32minfo/session[0m	TCP 17	| SC 3	| Session "SensorSource3"	| ActivateSession: Session activated with ClientUserId ""
[2026-08-17 02:41:35.800 (UTC+0800)] [32minfo/network[0m	TCP 18	| Connection opened from "127.0.0.1" via the server socket 8
[2026-08-17 02:41:35.800 (UTC+0800)] [32minfo/channel[0m	TCP 18	| SC 4	| SecureChannel created
[2026-08-17 02:41:35.800 (UTC+0800)] [32minfo/network[0m	TCP 19	| Connection opened from "127.0.0.1" via the server socket 8
[2026-08-17 02:41:35.800 (UTC+0800)] [32minfo/channel[0m	TCP 19	| SC 5	| SecureChannel created
[2026-08-17 02:41:35.800 (UTC+0800)] [32minfo/channel[0m	TCP 18	| SC 4	| OpenSecureChannel: Channel opened with SecurityMode None for SecurityPolicy http://opcfoundation.org/UA/SecurityPolicy#None and a revised lifetime of 600.0s
[2026-08-17 02:41:35.801 (UTC+0800)] [32minfo/channel[0m	TCP 19	| SC 5	| OpenSecureChannel: Channel opened with SecurityMode None for SecurityPolicy http://opcfoundation.org/UA/SecurityPolicy#None and a revised lifetime of 600.0s
[2026-08-17 02:41:35.801 (UTC+0800)] [33mwarn/client[0m	Removing a UserTokenPolicy that would allow the password to be transmitted without encryption (Can be enabled via config->allowNonePolicyPassword)
[2026-08-17 02:41:35.801 (UTC+0800)] [33mwarn/client[0m	Removing a UserTokenPolicy that would allow the password to be transmitted without encryption (Can be enabled via config->allowNonePolicyPassword)
[2026-08-17 02:41:35.801 (UTC+0800)] [33mwarn/client[0m	Removing a UserTokenPolicy that would allow the password to be transmitted without encryption (Can be enabled via config->allowNonePolicyPassword)
[2026-08-17 02:41:35.801 (UTC+0800)] [33mwarn/client[0m	Removing a UserTokenPolicy that would allow the password to be transmitted without encryption (Can be enabled via config->allowNonePolicyPassword)
[2026-08-17 02:41:35.801 (UTC+0800)] [33mwarn/client[0m	Removing a UserTokenPolicy that would allow the password to be transmitted without encryption (Can be enabled via config->allowNonePolicyPassword)
[2026-08-17 02:41:35.801 (UTC+0800)] [33mwarn/client[0m	Removing a UserTokenPolicy that would allow the password to be transmitted without encryption (Can be enabled via config->allowNonePolicyPassword)
[2026-08-17 02:41:35.801 (UTC+0800)] [32minfo/session[0m	TCP 18	| SC 4	| Session "MotorSource2"	| Session created
[2026-08-17 02:41:35.801 (UTC+0800)] [33mwarn/client[0m	Removing a UserTokenPolicy that would allow the password to be transmitted without encryption (Can be enabled via config->allowNonePolicyPassword)
[2026-08-17 02:41:35.801 (UTC+0800)] [33mwarn/client[0m	Removing a UserTokenPolicy that would allow the password to be transmitted without encryption (Can be enabled via config->allowNonePolicyPassword)
[2026-08-17 02:41:35.802 (UTC+0800)] [32minfo/session[0m	TCP 19	| SC 5	| Session "MotorSource"	| Session created
[2026-08-17 02:41:35.802 (UTC+0800)] [32minfo/network[0m	TCP 20	| Connection opened from "127.0.0.1" via the server socket 8
[2026-08-17 02:41:35.802 (UTC+0800)] [32minfo/channel[0m	TCP 20	| SC 6	| SecureChannel created
[2026-08-17 02:41:35.802 (UTC+0800)] [32minfo/session[0m	TCP 19	| SC 5	| Session "MotorSource"	| ActivateSession: Session activated with ClientUserId ""
[2026-08-17 02:41:35.802 (UTC+0800)] [32minfo/network[0m	TCP 21	| Connection opened from "127.0.0.1" via the server socket 8
[2026-08-17 02:41:35.802 (UTC+0800)] [32minfo/channel[0m	TCP 21	| SC 7	| SecureChannel created
[2026-08-17 02:41:35.802 (UTC+0800)] [32minfo/session[0m	TCP 18	| SC 4	| Session "MotorSource2"	| ActivateSession: Session activated with ClientUserId ""
[2026-08-17 02:41:35.802 (UTC+0800)] [32minfo/channel[0m	TCP 20	| SC 6	| OpenSecureChannel: Channel opened with SecurityMode None for SecurityPolicy http://opcfoundation.org/UA/SecurityPolicy#None and a revised lifetime of 600.0s
[2026-08-17 02:41:35.802 (UTC+0800)] [32minfo/channel[0m	TCP 21	| SC 7	| OpenSecureChannel: Channel opened with SecurityMode None for SecurityPolicy http://opcfoundation.org/UA/SecurityPolicy#None and a revised lifetime of 600.0s
[2026-08-17 02:41:35.802 (UTC+0800)] [33mwarn/client[0m	Removing a UserTokenPolicy that would allow the password to be transmitted without encryption (Can be enabled via config->allowNonePolicyPassword)
[2026-08-17 02:41:35.802 (UTC+0800)] [33mwarn/client[0m	Removing a UserTokenPolicy that would allow the password to be transmitted without encryption (Can be enabled via config->allowNonePolicyPassword)
[2026-08-17 02:41:35.803 (UTC+0800)] [33mwarn/client[0m	Removing a UserTokenPolicy that would allow the password to be transmitted without encryption (Can be enabled via config->allowNonePolicyPassword)
[2026-08-17 02:41:35.803 (UTC+0800)] [33mwarn/client[0m	Removing a UserTokenPolicy that would allow the password to be transmitted without encryption (Can be enabled via config->allowNonePolicyPassword)
[2026-08-17 02:41:35.803 (UTC+0800)] [33mwarn/client[0m	Removing a UserTokenPolicy that would allow the password to be transmitted without encryption (Can be enabled via config->allowNonePolicyPassword)
[2026-08-17 02:41:35.803 (UTC+0800)] [33mwarn/client[0m	Removing a UserTokenPolicy that would allow the password to be transmitted without encryption (Can be enabled via config->allowNonePolicyPassword)
[2026-08-17 02:41:35.803 (UTC+0800)] [32minfo/session[0m	TCP 20	| SC 6	| Session "ns=1;g=3be8257e-85f2-2eca-8c98-694645d49d99"	| Session created
[2026-08-17 02:41:35.803 (UTC+0800)] [33mwarn/client[0m	Removing a UserTokenPolicy that would allow the password to be transmitted without encryption (Can be enabled via config->allowNonePolicyPassword)
[2026-08-17 02:41:35.803 (UTC+0800)] [33mwarn/client[0m	Removing a UserTokenPolicy that would allow the password to be transmitted without encryption (Can be enabled via config->allowNonePolicyPassword)
[2026-08-17 02:41:35.804 (UTC+0800)] [32minfo/session[0m	TCP 21	| SC 7	| Session "MotorSource3"	| Session created
[2026-08-17 02:41:35.804 (UTC+0800)] [32minfo/session[0m	TCP 20	| SC 6	| Session "ns=1;g=3be8257e-85f2-2eca-8c98-694645d49d99"	| ActivateSession: Session activated with ClientUserId ""
[2026-08-17 02:41:35.804 (UTC+0800)] [32minfo/session[0m	TCP 21	| SC 7	| Session "MotorSource3"	| ActivateSession: Session activated with ClientUserId ""
[2026-08-17 02:41:35.804 (UTC+0800)] [32minfo/session[0m	TCP 20	| SC 6	| Session "ns=1;g=3be8257e-85f2-2eca-8c98-694645d49d99"	| Subscription 1 | Subscription created (Publishing interval 500.0ms, max 1000 notifications per publish)
[2026-08-17 02:41:35.804 (UTC+0800)] [32minfo/session[0m	TCP 20	| SC 6	| Session "ns=1;g=3be8257e-85f2-2eca-8c98-694645d49d99"	| Subscription 1 | MonitoredItem 1 | Created the MonitoredItem (Sampling Interval: 0.0ms, Queue Size: 100)
[2026-08-17 02:41:37.310 (UTC+0800)] [32minfo/network[0m	TCP 22	| Opening a connection to "127.0.0.1" on port 4842
[2026-08-17 02:41:37.333 (UTC+0800)] [32minfo/channel[0m	TCP 22	| SC 2	| SecureChannel opened with SecurityMode None for SecurityPolicy http://opcfoundation.org/UA/SecurityPolicy#None and a revised lifetime of 600.0s
[2026-08-17 02:41:37.333 (UTC+0800)] [32minfo/client[0m	Client Status: ChannelState: Open, SessionState: Closed, ConnectStatus: Good
[2026-08-17 02:41:37.347 (UTC+0800)] [32minfo/client[0m	The initially defined EndpointURL opc.tcp://127.0.0.1:4842 is valid for the server
[2026-08-17 02:41:37.353 (UTC+0800)] [33mwarn/client[0m	The server returned Endpoints with a different EndpointUrl opc.tcp://MSI:4842 than was used to initialize the connection: opc.tcp://127.0.0.1:4842. Some servers require a complete match of the EndpointUrl/DiscoveryUrl (including the path) to return all endpoints.
[2026-08-17 02:41:37.353 (UTC+0800)] [32minfo/client[0m	Endpoint 0: Best endpoint so far with UserTokenPolicy open62541-anonymous-policy-none#None
[2026-08-17 02:41:37.353 (UTC+0800)] [32minfo/client[0m	Endpoint 0 selected with SecurityMode None, SecurityPolicy http://opcfoundation.org/UA/SecurityPolicy#None and UserTokenPolicy open62541-anonymous-policy-none#None
[2026-08-17 02:41:37.353 (UTC+0800)] [32minfo/client[0m	CreateSession: Using UserTokenPolicy open62541-anonymous-policy-none#None
[2026-08-17 02:41:37.365 (UTC+0800)] [32minfo/client[0m	Client Status: ChannelState: Open, SessionState: Created, ConnectStatus: Good
[2026-08-17 02:41:37.365 (UTC+0800)] [32minfo/client[0m	ActivateSession: Using UserTokenPolicy open62541-anonymous-policy-none#None
[2026-08-17 02:41:37.375 (UTC+0800)] [32minfo/client[0m	Client Status: ChannelState: Open, SessionState: Activated, ConnectStatus: Good
[2026-08-17 02:41:37.375 (UTC+0800)] [32minfo/application[0m	Connected to sensor backend; starting data aggregation
[2026-08-17 02:41:37.375 (UTC+0800)] [32minfo/client[0m	Re-establish the connection for the synchronous service call
[2026-08-17 02:41:37.375 (UTC+0800)] [33mwarn/client[0m	Client connection already initiated
[2026-08-17 02:41:39.385 (UTC+0800)] [32minfo/network[0m	TCP 23	| Connection opened from "127.0.0.1" via the server socket 8
[2026-08-17 02:41:39.386 (UTC+0800)] [32minfo/channel[0m	TCP 23	| SC 8	| SecureChannel created
[2026-08-17 02:41:39.386 (UTC+0800)] [32minfo/network[0m	TCP 24	| Connection opened from "127.0.0.1" via the server socket 8
[2026-08-17 02:41:39.386 (UTC+0800)] [32minfo/channel[0m	TCP 24	| SC 9	| SecureChannel created
[2026-08-17 02:41:39.386 (UTC+0800)] [32minfo/network[0m	TCP 25	| Connection opened from "127.0.0.1" via the server socket 8
[2026-08-17 02:41:39.386 (UTC+0800)] [32minfo/channel[0m	TCP 25	| SC 10	| SecureChannel created
[2026-08-17 02:41:39.386 (UTC+0800)] [32minfo/network[0m	TCP 26	| Connection opened from "127.0.0.1" via the server socket 8
[2026-08-17 02:41:39.386 (UTC+0800)] [32minfo/channel[0m	TCP 26	| SC 11	| SecureChannel created
[2026-08-17 02:41:39.386 (UTC+0800)] [32minfo/network[0m	TCP 27	| Connection opened from "127.0.0.1" via the server socket 8
[2026-08-17 02:41:39.386 (UTC+0800)] [32minfo/channel[0m	TCP 27	| SC 12	| SecureChannel created
[2026-08-17 02:41:39.386 (UTC+0800)] [32minfo/channel[0m	TCP 23	| SC 8	| OpenSecureChannel: Channel opened with SecurityMode None for SecurityPolicy http://opcfoundation.org/UA/SecurityPolicy#None and a revised lifetime of 600.0s
[2026-08-17 02:41:39.386 (UTC+0800)] [32minfo/network[0m	TCP 29	| Connection opened from "127.0.0.1" via the server socket 8
[2026-08-17 02:41:39.386 (UTC+0800)] [32minfo/channel[0m	TCP 29	| SC 13	| SecureChannel created
[2026-08-17 02:41:39.386 (UTC+0800)] [32minfo/network[0m	TCP 30	| Connection opened from "127.0.0.1" via the server socket 8
[2026-08-17 02:41:39.386 (UTC+0800)] [32minfo/channel[0m	TCP 30	| SC 14	| SecureChannel created
[2026-08-17 02:41:39.386 (UTC+0800)] [32minfo/channel[0m	TCP 25	| SC 10	| OpenSecureChannel: Channel opened with SecurityMode None for SecurityPolicy http://opcfoundation.org/UA/SecurityPolicy#None and a revised lifetime of 600.0s
[2026-08-17 02:41:39.386 (UTC+0800)] [32minfo/channel[0m	TCP 26	| SC 11	| OpenSecureChannel: Channel opened with SecurityMode None for SecurityPolicy http://opcfoundation.org/UA/SecurityPolicy#None and a revised lifetime of 600.0s
[2026-08-17 02:41:39.386 (UTC+0800)] [32minfo/network[0m	TCP 31	| Connection opened from "127.0.0.1" via the server socket 8
[2026-08-17 02:41:39.386 (UTC+0800)] [32minfo/channel[0m	TCP 31	| SC 15	| SecureChannel created
[2026-08-17 02:41:39.386 (UTC+0800)] [32minfo/channel[0m	TCP 29	| SC 13	| OpenSecureChannel: Channel opened with SecurityMode None for SecurityPolicy http://opcfoundation.org/UA/SecurityPolicy#None and a revised lifetime of 600.0s
[2026-08-17 02:41:39.386 (UTC+0800)] [32minfo/channel[0m	TCP 24	| SC 9	| OpenSecureChannel: Channel opened with SecurityMode None for SecurityPolicy http://opcfoundation.org/UA/SecurityPolicy#None and a revised lifetime of 600.0s
[2026-08-17 02:41:39.386 (UTC+0800)] [32minfo/channel[0m	TCP 27	| SC 12	| OpenSecureChannel: Channel opened with SecurityMode None for SecurityPolicy http://opcfoundation.org/UA/SecurityPolicy#None and a revised lifetime of 600.0s
[2026-08-17 02:41:39.386 (UTC+0800)] [32minfo/network[0m	TCP 32	| Connection opened from "127.0.0.1" via the server socket 8
[2026-08-17 02:41:39.386 (UTC+0800)] [32minfo/channel[0m	TCP 32	| SC 16	| SecureChannel created
[2026-08-17 02:41:39.386 (UTC+0800)] [33mwarn/client[0m	Removing a UserTokenPolicy that would allow the password to be transmitted without encryption (Can be enabled via config->allowNonePolicyPassword)
[2026-08-17 02:41:39.386 (UTC+0800)] [33mwarn/client[0m	Removing a UserTokenPolicy that would allow the password to be transmitted without encryption (Can be enabled via config->allowNonePolicyPassword)
[2026-08-17 02:41:39.386 (UTC+0800)] [32minfo/channel[0m	TCP 30	| SC 14	| OpenSecureChannel: Channel opened with SecurityMode None for SecurityPolicy http://opcfoundation.org/UA/SecurityPolicy#None and a revised lifetime of 600.0s
[2026-08-17 02:41:39.386 (UTC+0800)] [33mwarn/client[0m	Removing a UserTokenPolicy that would allow the password to be transmitted without encryption (Can be enabled via config->allowNonePolicyPassword)
[2026-08-17 02:41:39.386 (UTC+0800)] [33mwarn/client[0m	Removing a UserTokenPolicy that would allow the password to be transmitted without encryption (Can be enabled via config->allowNonePolicyPassword)
[2026-08-17 02:41:39.386 (UTC+0800)] [33mwarn/client[0m	Removing a UserTokenPolicy that would allow the password to be transmitted without encryption (Can be enabled via config->allowNonePolicyPassword)
[2026-08-17 02:41:39.386 (UTC+0800)] [33mwarn/client[0m	Removing a UserTokenPolicy that would allow the password to be transmitted without encryption (Can be enabled via config->allowNonePolicyPassword)
[2026-08-17 02:41:39.387 (UTC+0800)] [32minfo/session[0m	TCP 29	| SC 13	| Session "ns=1;g=91b9e4f0-aed8-5e8c-ac2a-02200740c4dc"	| Session created
[2026-08-17 02:41:39.387 (UTC+0800)] [33mwarn/client[0m	Removing a UserTokenPolicy that would allow the password to be transmitted without encryption (Can be enabled via config->allowNonePolicyPassword)
[2026-08-17 02:41:39.387 (UTC+0800)] [33mwarn/client[0m	Removing a UserTokenPolicy that would allow the password to be transmitted without encryption (Can be enabled via config->allowNonePolicyPassword)
[2026-08-17 02:41:39.387 (UTC+0800)] [33mwarn/client[0m	Removing a UserTokenPolicy that would allow the password to be transmitted without encryption (Can be enabled via config->allowNonePolicyPassword)
[2026-08-17 02:41:39.387 (UTC+0800)] [33mwarn/client[0m	Removing a UserTokenPolicy that would allow the password to be transmitted without encryption (Can be enabled via config->allowNonePolicyPassword)
[2026-08-17 02:41:39.387 (UTC+0800)] [32minfo/channel[0m	TCP 31	| SC 15	| OpenSecureChannel: Channel opened with SecurityMode None for SecurityPolicy http://opcfoundation.org/UA/SecurityPolicy#None and a revised lifetime of 600.0s
[2026-08-17 02:41:39.387 (UTC+0800)] [32minfo/channel[0m	TCP 32	| SC 16	| OpenSecureChannel: Channel opened with SecurityMode None for SecurityPolicy http://opcfoundation.org/UA/SecurityPolicy#None and a revised lifetime of 600.0s
[2026-08-17 02:41:39.387 (UTC+0800)] [33mwarn/client[0m	Removing a UserTokenPolicy that would allow the password to be transmitted without encryption (Can be enabled via config->allowNonePolicyPassword)
[2026-08-17 02:41:39.387 (UTC+0800)] [33mwarn/client[0m	Removing a UserTokenPolicy that would allow the password to be transmitted without encryption (Can be enabled via config->allowNonePolicyPassword)
[2026-08-17 02:41:39.388 (UTC+0800)] [33mwarn/client[0m	Removing a UserTokenPolicy that would allow the password to be transmitted without encryption (Can be enabled via config->allowNonePolicyPassword)
[2026-08-17 02:41:39.388 (UTC+0800)] [33mwarn/client[0m	Removing a UserTokenPolicy that would allow the password to be transmitted without encryption (Can be enabled via config->allowNonePolicyPassword)
[2026-08-17 02:41:39.388 (UTC+0800)] [32minfo/session[0m	TCP 23	| SC 8	| Session "ns=1;g=75a107fc-67b8-27c9-0ca0-4a84f32fc29c"	| Session created
[2026-08-17 02:41:39.388 (UTC+0800)] [33mwarn/client[0m	Removing a UserTokenPolicy that would allow the password to be transmitted without encryption (Can be enabled via config->allowNonePolicyPassword)
[2026-08-17 02:41:39.388 (UTC+0800)] [33mwarn/client[0m	Removing a UserTokenPolicy that would allow the password to be transmitted without encryption (Can be enabled via config->allowNonePolicyPassword)
[2026-08-17 02:41:39.388 (UTC+0800)] [33mwarn/client[0m	Removing a UserTokenPolicy that would allow the password to be transmitted without encryption (Can be enabled via config->allowNonePolicyPassword)
[2026-08-17 02:41:39.388 (UTC+0800)] [33mwarn/client[0m	Removing a UserTokenPolicy that would allow the password to be transmitted without encryption (Can be enabled via config->allowNonePolicyPassword)
[2026-08-17 02:41:39.389 (UTC+0800)] [32minfo/session[0m	TCP 27	| SC 12	| Session "ns=1;g=34d4455d-0d86-1815-4e04-4034350320a2"	| Session created
[2026-08-17 02:41:39.389 (UTC+0800)] [33mwarn/client[0m	Removing a UserTokenPolicy that would allow the password to be transmitted without encryption (Can be enabled via config->allowNonePolicyPassword)
[2026-08-17 02:41:39.389 (UTC+0800)] [33mwarn/client[0m	Removing a UserTokenPolicy that would allow the password to be transmitted without encryption (Can be enabled via config->allowNonePolicyPassword)
[2026-08-17 02:41:39.389 (UTC+0800)] [33mwarn/client[0m	Removing a UserTokenPolicy that would allow the password to be transmitted without encryption (Can be enabled via config->allowNonePolicyPassword)
[2026-08-17 02:41:39.389 (UTC+0800)] [33mwarn/client[0m	Removing a UserTokenPolicy that would allow the password to be transmitted without encryption (Can be enabled via config->allowNonePolicyPassword)
[2026-08-17 02:41:39.389 (UTC+0800)] [32minfo/session[0m	TCP 26	| SC 11	| Session "ns=1;g=0a71f0ac-6898-39c5-87f8-2f72bebb8b38"	| Session created
[2026-08-17 02:41:39.389 (UTC+0800)] [33mwarn/client[0m	Removing a UserTokenPolicy that would allow the password to be transmitted without encryption (Can be enabled via config->allowNonePolicyPassword)
[2026-08-17 02:41:39.389 (UTC+0800)] [33mwarn/client[0m	Removing a UserTokenPolicy that would allow the password to be transmitted without encryption (Can be enabled via config->allowNonePolicyPassword)
[2026-08-17 02:41:39.390 (UTC+0800)] [32minfo/session[0m	TCP 25	| SC 10	| Session "ns=1;g=950128f0-e01c-a9fd-cd5c-35b30160c6ac"	| Session created
[2026-08-17 02:41:39.390 (UTC+0800)] [32minfo/session[0m	TCP 29	| SC 13	| Session "ns=1;g=91b9e4f0-aed8-5e8c-ac2a-02200740c4dc"	| ActivateSession: Session activated with ClientUserId ""
[2026-08-17 02:41:39.390 (UTC+0800)] [32minfo/session[0m	TCP 27	| SC 12	| Session "ns=1;g=34d4455d-0d86-1815-4e04-4034350320a2"	| ActivateSession: Session activated with ClientUserId ""
[2026-08-17 02:41:39.390 (UTC+0800)] [33mwarn/client[0m	Removing a UserTokenPolicy that would allow the password to be transmitted without encryption (Can be enabled via config->allowNonePolicyPassword)
[2026-08-17 02:41:39.390 (UTC+0800)] [33mwarn/client[0m	Removing a UserTokenPolicy that would allow the password to be transmitted without encryption (Can be enabled via config->allowNonePolicyPassword)
[2026-08-17 02:41:39.390 (UTC+0800)] [33mwarn/client[0m	Removing a UserTokenPolicy that would allow the password to be transmitted without encryption (Can be enabled via config->allowNonePolicyPassword)
[2026-08-17 02:41:39.390 (UTC+0800)] [33mwarn/client[0m	Removing a UserTokenPolicy that would allow the password to be transmitted without encryption (Can be enabled via config->allowNonePolicyPassword)
[2026-08-17 02:41:39.391 (UTC+0800)] [32minfo/session[0m	TCP 30	| SC 14	| Session "ns=1;g=a6b4f3a1-9cd4-dc53-5bf5-af3abdcb9cb9"	| Session created
[2026-08-17 02:41:39.391 (UTC+0800)] [33mwarn/client[0m	Removing a UserTokenPolicy that would allow the password to be transmitted without encryption (Can be enabled via config->allowNonePolicyPassword)
[2026-08-17 02:41:39.391 (UTC+0800)] [33mwarn/client[0m	Removing a UserTokenPolicy that would allow the password to be transmitted without encryption (Can be enabled via config->allowNonePolicyPassword)
[2026-08-17 02:41:39.391 (UTC+0800)] [32minfo/session[0m	TCP 26	| SC 11	| Session "ns=1;g=0a71f0ac-6898-39c5-87f8-2f72bebb8b38"	| ActivateSession: Session activated with ClientUserId ""
[2026-08-17 02:41:39.391 (UTC+0800)] [33mwarn/client[0m	Removing a UserTokenPolicy that would allow the password to be transmitted without encryption (Can be enabled via config->allowNonePolicyPassword)
[2026-08-17 02:41:39.391 (UTC+0800)] [33mwarn/client[0m	Removing a UserTokenPolicy that would allow the password to be transmitted without encryption (Can be enabled via config->allowNonePolicyPassword)
[2026-08-17 02:41:39.391 (UTC+0800)] [32minfo/session[0m	TCP 24	| SC 9	| Session "ns=1;g=ac7686cf-123c-388e-8368-b68bbf2be2ee"	| Session created
[2026-08-17 02:41:39.391 (UTC+0800)] [32minfo/session[0m	TCP 23	| SC 8	| Session "ns=1;g=75a107fc-67b8-27c9-0ca0-4a84f32fc29c"	| ActivateSession: Session activated with ClientUserId ""
[2026-08-17 02:41:39.391 (UTC+0800)] [33mwarn/client[0m	Removing a UserTokenPolicy that would allow the password to be transmitted without encryption (Can be enabled via config->allowNonePolicyPassword)
[2026-08-17 02:41:39.391 (UTC+0800)] [33mwarn/client[0m	Removing a UserTokenPolicy that would allow the password to be transmitted without encryption (Can be enabled via config->allowNonePolicyPassword)
[2026-08-17 02:41:39.392 (UTC+0800)] [32minfo/session[0m	TCP 31	| SC 15	| Session "ns=1;g=ebe1b53d-4607-2329-6726-12d1704774f7"	| Session created
[2026-08-17 02:41:39.392 (UTC+0800)] [32minfo/session[0m	TCP 30	| SC 14	| Session "ns=1;g=a6b4f3a1-9cd4-dc53-5bf5-af3abdcb9cb9"	| ActivateSession: Session activated with ClientUserId ""
[2026-08-17 02:41:39.392 (UTC+0800)] [33mwarn/client[0m	Removing a UserTokenPolicy that would allow the password to be transmitted without encryption (Can be enabled via config->allowNonePolicyPassword)
[2026-08-17 02:41:39.392 (UTC+0800)] [33mwarn/client[0m	Removing a UserTokenPolicy that would allow the password to be transmitted without encryption (Can be enabled via config->allowNonePolicyPassword)
[2026-08-17 02:41:39.393 (UTC+0800)] [32minfo/session[0m	TCP 32	| SC 16	| Session "ns=1;g=4378b779-18c9-d68d-9bf9-4f74ecee0e90"	| Session created
[2026-08-17 02:41:39.393 (UTC+0800)] [32minfo/session[0m	TCP 25	| SC 10	| Session "ns=1;g=950128f0-e01c-a9fd-cd5c-35b30160c6ac"	| ActivateSession: Session activated with ClientUserId ""
[2026-08-17 02:41:39.393 (UTC+0800)] [32minfo/session[0m	TCP 31	| SC 15	| Session "ns=1;g=ebe1b53d-4607-2329-6726-12d1704774f7"	| ActivateSession: Session activated with ClientUserId ""
[2026-08-17 02:41:39.393 (UTC+0800)] [32minfo/session[0m	TCP 32	| SC 16	| Session "ns=1;g=4378b779-18c9-d68d-9bf9-4f74ecee0e90"	| ActivateSession: Session activated with ClientUserId ""
[2026-08-17 02:41:39.393 (UTC+0800)] [32minfo/session[0m	TCP 24	| SC 9	| Session "ns=1;g=ac7686cf-123c-388e-8368-b68bbf2be2ee"	| ActivateSession: Session activated with ClientUserId ""
[2026-08-17 02:41:39.396 (UTC+0800)] [33mwarn/client[0m	Request with unknown RequestId 7
[2026-08-17 02:46:39.157 (UTC+0800)] [32minfo/session[0m	TCP 24	| SC 9	| Session "ns=1;g=ac7686cf-123c-388e-8368-b68bbf2be2ee"	| Closing the Session
[2026-08-17 02:46:39.158 (UTC+0800)] [32minfo/channel[0m	TCP 24	| SC 9	| SecureChannel closed
[2026-08-17 02:46:39.158 (UTC+0800)] [32minfo/network[0m	TCP 24	| Socket closed
[2026-08-17 02:46:39.158 (UTC+0800)] [32minfo/session[0m	TCP 26	| SC 11	| Session "ns=1;g=0a71f0ac-6898-39c5-87f8-2f72bebb8b38"	| Closing the Session
[2026-08-17 02:46:39.158 (UTC+0800)] [32minfo/session[0m	TCP 29	| SC 13	| Session "ns=1;g=91b9e4f0-aed8-5e8c-ac2a-02200740c4dc"	| Closing the Session
[2026-08-17 02:46:39.158 (UTC+0800)] [32minfo/channel[0m	TCP 26	| SC 11	| SecureChannel closed
[2026-08-17 02:46:39.158 (UTC+0800)] [32minfo/network[0m	TCP 26	| Socket closed
[2026-08-17 02:46:39.159 (UTC+0800)] [32minfo/channel[0m	TCP 29	| SC 13	| SecureChannel closed
[2026-08-17 02:46:39.159 (UTC+0800)] [32minfo/network[0m	TCP 29	| Socket closed
[2026-08-17 02:46:39.159 (UTC+0800)] [32minfo/session[0m	TCP 32	| SC 16	| Session "ns=1;g=4378b779-18c9-d68d-9bf9-4f74ecee0e90"	| Closing the Session
[2026-08-17 02:46:39.160 (UTC+0800)] [32minfo/channel[0m	TCP 32	| SC 16	| SecureChannel closed
[2026-08-17 02:46:39.160 (UTC+0800)] [32minfo/network[0m	TCP 32	| Socket closed
[2026-08-17 02:46:39.160 (UTC+0800)] [32minfo/session[0m	TCP 27	| SC 12	| Session "ns=1;g=34d4455d-0d86-1815-4e04-4034350320a2"	| Closing the Session
[2026-08-17 02:46:39.160 (UTC+0800)] [32minfo/session[0m	TCP 31	| SC 15	| Session "ns=1;g=ebe1b53d-4607-2329-6726-12d1704774f7"	| Closing the Session
[2026-08-17 02:46:39.161 (UTC+0800)] [32minfo/session[0m	TCP 25	| SC 10	| Session "ns=1;g=950128f0-e01c-a9fd-cd5c-35b30160c6ac"	| Closing the Session
[2026-08-17 02:46:39.161 (UTC+0800)] [32minfo/session[0m	TCP 23	| SC 8	| Session "ns=1;g=75a107fc-67b8-27c9-0ca0-4a84f32fc29c"	| Closing the Session
[2026-08-17 02:46:39.161 (UTC+0800)] [32minfo/channel[0m	TCP 27	| SC 12	| SecureChannel closed
[2026-08-17 02:46:39.161 (UTC+0800)] [32minfo/network[0m	TCP 27	| Socket closed
[2026-08-17 02:46:39.161 (UTC+0800)] [32minfo/channel[0m	TCP 31	| SC 15	| SecureChannel closed
[2026-08-17 02:46:39.161 (UTC+0800)] [32minfo/network[0m	TCP 31	| Socket closed
[2026-08-17 02:46:39.161 (UTC+0800)] [32minfo/channel[0m	TCP 25	| SC 10	| SecureChannel closed
[2026-08-17 02:46:39.161 (UTC+0800)] [32minfo/network[0m	TCP 25	| Socket closed
[2026-08-17 02:46:39.161 (UTC+0800)] [32minfo/channel[0m	TCP 23	| SC 8	| SecureChannel closed
[2026-08-17 02:46:39.161 (UTC+0800)] [32minfo/network[0m	TCP 23	| Socket closed
[2026-08-17 02:46:39.161 (UTC+0800)] [32minfo/session[0m	TCP 30	| SC 14	| Session "ns=1;g=a6b4f3a1-9cd4-dc53-5bf5-af3abdcb9cb9"	| Closing the Session
[2026-08-17 02:46:39.162 (UTC+0800)] [32minfo/channel[0m	TCP 30	| SC 14	| SecureChannel closed
[2026-08-17 02:46:39.162 (UTC+0800)] [32minfo/network[0m	TCP 30	| Socket closed
