[2026-08-16 00:52:50.332 (UTC+0800)] [33mwarn/server[0m	AccessControl: Unconfigured AccessControl. Users have all permissions.
[2026-08-16 00:52:50.332 (UTC+0800)] [32minfo/server[0m	AccessControl: Anonymous login is enabled
[2026-08-16 00:52:50.332 (UTC+0800)] [33mwarn/server[0m	x509 Certificate Authentication configured, but no encrypting SecurityPolicy. This can leak credentials on the network.
[2026-08-16 00:52:50.367 (UTC+0800)] [33mwarn/application[0m	ServerUrls already set. Overriding.
[2026-08-16 00:52:50.367 (UTC+0800)] [33mwarn/server[0m	AccessControl: Unconfigured AccessControl. Users have all permissions.
[2026-08-16 00:52:50.367 (UTC+0800)] [32minfo/server[0m	AccessControl: Anonymous login is enabled
[2026-08-16 00:52:50.367 (UTC+0800)] [33mwarn/server[0m	x509 Certificate Authentication configured, but no encrypting SecurityPolicy. This can leak credentials on the network.
[2026-08-16 00:52:50.367 (UTC+0800)] [33mwarn/server[0m	x509 Certificate Authentication configured, but no encrypting SecurityPolicy. This can leak credentials on the network.
[2026-08-15 16:52:50.367 (UTC)] info/application	Sensor Server online (Client/Server mode, id=3 port=4844) | Severity=75 | SourceName=Sensor3 | EventType=application
Entering background polling mode: attempting to connect to Aggregation Server...
Connected successfully. Log forwarding started.
[2026-08-15 16:52:51.369 (UTC)] info/application	[Sensor] Updated distance: 32.38707082643503 cm | Severity=75 | SourceName=Sensor3 | EventType=application
[2026-08-15 16:52:52.966 (UTC)] info/application	[Sensor] Updated distance: 45.35570917807319 cm | Severity=75 | SourceName=Sensor3 | EventType=application
[2026-08-15 16:52:52.966 (UTC)] info/network	[System] TCP 16	| Connection opened from "127.0.0.1" via the server socket 8 | Severity=75 | SourceName=System | EventType=network
[2026-08-15 16:52:52.966 (UTC)] info/channel	[System] TCP 16	| SC 1	| SecureChannel created | Severity=75 | SourceName=System | EventType=channel
[2026-08-15 16:52:52.986 (UTC)] info/channel	[System] TCP 16	| SC 1	| OpenSecureChannel: Channel opened with SecurityMode None for SecurityPolicy http://opcfoundation.org/UA/SecurityPolicy#None and a revised lifetime of 600.0s | Severity=75 | SourceName=System | EventType=channel
[2026-08-15 16:52:53.007 (UTC)] warn/client	[System] Removing a UserTokenPolicy that would allow the password to be transmitted without encryption (Can be enabled via config->allowNonePolicyPassword) | Severity=175 | SourceName=System | EventType=client
[2026-08-15 16:52:53.007 (UTC)] warn/client	[System] Removing a UserTokenPolicy that would allow the password to be transmitted without encryption (Can be enabled via config->allowNonePolicyPassword) | Severity=175 | SourceName=System | EventType=client
[2026-08-15 16:52:53.017 (UTC)] warn/client	[System] Removing a UserTokenPolicy that would allow the password to be transmitted without encryption (Can be enabled via config->allowNonePolicyPassword) | Severity=175 | SourceName=System | EventType=client
[2026-08-15 16:52:53.017 (UTC)] warn/client	[System] Removing a UserTokenPolicy that would allow the password to be transmitted without encryption (Can be enabled via config->allowNonePolicyPassword) | Severity=175 | SourceName=System | EventType=client
[2026-08-15 16:52:53.018 (UTC)] info/session	[System] TCP 16	| SC 1	| Session "ns=1;g=b789b73f-897e-4c4c-5c85-38f3b8fb9f19"	| Session created | Severity=75 | SourceName=System | EventType=session
[2026-08-15 16:52:53.028 (UTC)] info/session	[System] TCP 16	| SC 1	| Session "ns=1;g=b789b73f-897e-4c4c-5c85-38f3b8fb9f19"	| ActivateSession: Session activated with ClientUserId "" | Severity=75 | SourceName=System | EventType=session
[2026-08-15 16:52:53.373 (UTC)] info/application	[Sensor] Updated distance: 49.04329444423471 cm | Severity=75 | SourceName=Sensor3 | EventType=application
[2026-08-15 16:52:53.415 (UTC)] info/session	[System] TCP 16	| SC 1	| Session "ns=1;g=b789b73f-897e-4c4c-5c85-38f3b8fb9f19"	| Subscription 1 | Subscription created (Publishing interval 500.0ms, max 1000 notifications per publish) | Severity=75 | SourceName=System | EventType=session
[2026-08-15 16:52:53.435 (UTC)] info/session	[System] TCP 16	| SC 1	| Session "ns=1;g=b789b73f-897e-4c4c-5c85-38f3b8fb9f19"	| Subscription 1 | MonitoredItem 1 | Created the MonitoredItem (Sampling Interval: 250.0ms, Queue Size: 1) | Severity=75 | SourceName=System | EventType=session
[2026-08-15 16:52:54.368 (UTC)] info/application	[Sensor] Updated distance: 38.18687895135343 cm | Severity=75 | SourceName=Sensor3 | EventType=application
[2026-08-15 16:52:55.370 (UTC)] info/application	[Sensor] Updated distance: 40.89685073071013 cm | Severity=75 | SourceName=Sensor3 | EventType=application
[2026-08-15 16:52:56.373 (UTC)] info/application	[Sensor] Updated distance: 2.605346210582809 cm | Severity=75 | SourceName=Sensor3 | EventType=application
[2026-08-15 16:52:57.376 (UTC)] info/application	[Sensor] Updated distance: 43.0960094598569 cm | Severity=75 | SourceName=Sensor3 | EventType=application
[2026-08-15 16:52:58.368 (UTC)] info/application	[Sensor] Updated distance: 37.904267104298 cm | Severity=75 | SourceName=Sensor3 | EventType=application
[2026-08-15 16:52:59.371 (UTC)] info/application	[Sensor] Updated distance: 9.706617627156255 cm | Severity=75 | SourceName=Sensor3 | EventType=application
[2026-08-15 16:53:00.374 (UTC)] info/application	[Sensor] Updated distance: 18.425844729144984 cm | Severity=75 | SourceName=Sensor3 | EventType=application
[2026-08-15 16:53:01.377 (UTC)] info/application	[Sensor] Updated distance: 27.298645329335073 cm | Severity=75 | SourceName=Sensor3 | EventType=application
[2026-08-15 16:53:02.369 (UTC)] info/application	[Sensor] Updated distance: 25.799707282241297 cm | Severity=75 | SourceName=Sensor3 | EventType=application
[2026-08-15 16:53:03.372 (UTC)] info/application	[Sensor] Updated distance: 36.47112523134384 cm | Severity=75 | SourceName=Sensor3 | EventType=application
[2026-08-15 16:53:04.375 (UTC)] info/application	[Sensor] Updated distance: 21.844493815602963 cm | Severity=75 | SourceName=Sensor3 | EventType=application
[2026-08-15 16:53:05.367 (UTC)] info/application	[Sensor] Updated distance: 32.67029587117503 cm | Severity=75 | SourceName=Sensor3 | EventType=application
[2026-08-15 16:53:06.370 (UTC)] info/application	[Sensor] Updated distance: 13.697053728484107 cm | Severity=75 | SourceName=Sensor3 | EventType=application
[2026-08-15 16:53:07.372 (UTC)] info/application	[Sensor] Updated distance: 29.282765907832776 cm | Severity=75 | SourceName=Sensor3 | EventType=application
[2026-08-15 16:53:08.374 (UTC)] info/application	[Sensor] Updated distance: 30.335048696182223 cm | Severity=75 | SourceName=Sensor3 | EventType=application
[2026-08-15 16:53:09.368 (UTC)] info/application	[Sensor] Updated distance: 15.889888255805655 cm | Severity=75 | SourceName=Sensor3 | EventType=application
[2026-08-15 16:53:10.371 (UTC)] info/application	[Sensor] Updated distance: 32.905444420364425 cm | Severity=75 | SourceName=Sensor3 | EventType=application
[2026-08-15 16:53:11.375 (UTC)] info/application	[Sensor] Updated distance: 42.30584653108653 cm | Severity=75 | SourceName=Sensor3 | EventType=application
[2026-08-15 16:53:12.369 (UTC)] info/application	[Sensor] Updated distance: 11.7325503126404 cm | Severity=75 | SourceName=Sensor3 | EventType=application
[2026-08-15 16:53:13.371 (UTC)] info/application	[Sensor] Updated distance: 28.764613417333276 cm | Severity=75 | SourceName=Sensor3 | EventType=application
[2026-08-15 16:53:14.373 (UTC)] info/application	[Sensor] Updated distance: 6.995374994815967 cm | Severity=75 | SourceName=Sensor3 | EventType=application
[2026-08-15 16:53:15.375 (UTC)] info/application	[Sensor] Updated distance: 7.7757917147948366 cm | Severity=75 | SourceName=Sensor3 | EventType=application
[2026-08-15 16:53:16.377 (UTC)] info/application	[Sensor] Updated distance: 49.7577251343791 cm | Severity=75 | SourceName=Sensor3 | EventType=application
[2026-08-15 16:53:17.369 (UTC)] info/application	[Sensor] Updated distance: 28.06012053511111 cm | Severity=75 | SourceName=Sensor3 | EventType=application
[2026-08-15 16:53:18.372 (UTC)] info/application	[Sensor] Updated distance: 18.151173830102742 cm | Severity=75 | SourceName=Sensor3 | EventType=application
[2026-08-15 16:53:19.375 (UTC)] info/application	[Sensor] Updated distance: 8.39090190380388 cm | Severity=75 | SourceName=Sensor3 | EventType=application
[2026-08-15 16:53:20.368 (UTC)] info/application	[Sensor] Updated distance: 27.985929762006702 cm | Severity=75 | SourceName=Sensor3 | EventType=application
[2026-08-15 16:53:21.371 (UTC)] info/application	[Sensor] Updated distance: 21.761879922711234 cm | Severity=75 | SourceName=Sensor3 | EventType=application
[2026-08-15 16:53:22.373 (UTC)] info/application	[Sensor] Updated distance: 38.77797273023891 cm | Severity=75 | SourceName=Sensor3 | EventType=application
[2026-08-15 16:53:23.377 (UTC)] info/application	[Sensor] Updated distance: 23.3416389400799 cm | Severity=75 | SourceName=Sensor3 | EventType=application
[2026-08-15 16:53:24.370 (UTC)] info/application	[Sensor] Updated distance: 20.805174344594207 cm | Severity=75 | SourceName=Sensor3 | EventType=application
[2026-08-15 16:53:25.374 (UTC)] info/application	[Sensor] Updated distance: 26.96485168159234 cm | Severity=75 | SourceName=Sensor3 | EventType=application
[2026-08-15 16:53:26.376 (UTC)] info/application	[Sensor] Updated distance: 14.238489648438286 cm | Severity=75 | SourceName=Sensor3 | EventType=application
[2026-08-15 16:53:27.369 (UTC)] info/application	[Sensor] Updated distance: 21.410520555177012 cm | Severity=75 | SourceName=Sensor3 | EventType=application
[2026-08-15 16:53:28.372 (UTC)] info/application	[Sensor] Updated distance: 20.0608611190975 cm | Severity=75 | SourceName=Sensor3 | EventType=application
[2026-08-15 16:53:29.374 (UTC)] info/application	[Sensor] Updated distance: 2.1427567303845456 cm | Severity=75 | SourceName=Sensor3 | EventType=application
[2026-08-15 16:53:30.377 (UTC)] info/application	[Sensor] Updated distance: 29.117138182333267 cm | Severity=75 | SourceName=Sensor3 | EventType=application
[2026-08-15 16:53:31.369 (UTC)] info/application	[Sensor] Updated distance: 36.48670584824248 cm | Severity=75 | SourceName=Sensor3 | EventType=application
[2026-08-15 16:53:32.371 (UTC)] info/application	[Sensor] Updated distance: 27.44140208207136 cm | Severity=75 | SourceName=Sensor3 | EventType=application
[2026-08-15 16:53:33.374 (UTC)] info/application	[Sensor] Updated distance: 4.916845464574567 cm | Severity=75 | SourceName=Sensor3 | EventType=application
[2026-08-15 16:53:34.377 (UTC)] info/application	[Sensor] Updated distance: 22.95783107958633 cm | Severity=75 | SourceName=Sensor3 | EventType=application
[2026-08-15 16:53:35.369 (UTC)] info/application	[Sensor] Updated distance: 47.28589589767432 cm | Severity=75 | SourceName=Sensor3 | EventType=application
[2026-08-15 16:53:36.372 (UTC)] info/application	[Sensor] Updated distance: 35.5871413357496 cm | Severity=75 | SourceName=Sensor3 | EventType=application
[2026-08-15 16:53:37.376 (UTC)] info/application	[Sensor] Updated distance: 34.654884808070435 cm | Severity=75 | SourceName=Sensor3 | EventType=application
[2026-08-15 16:53:38.369 (UTC)] info/application	[Sensor] Updated distance: 26.56866178315536 cm | Severity=75 | SourceName=Sensor3 | EventType=application
[2026-08-15 16:53:39.371 (UTC)] info/application	[Sensor] Updated distance: 15.922190009580081 cm | Severity=75 | SourceName=Sensor3 | EventType=application
[2026-08-15 16:53:40.373 (UTC)] info/application	[Sensor] Updated distance: 48.54477306387609 cm | Severity=75 | SourceName=Sensor3 | EventType=application
[2026-08-15 16:53:41.376 (UTC)] info/application	[Sensor] Updated distance: 9.474106203519788 cm | Severity=75 | SourceName=Sensor3 | EventType=application
[2026-08-15 16:53:42.369 (UTC)] info/application	[Sensor] Updated distance: 8.22803651831487 cm | Severity=75 | SourceName=Sensor3 | EventType=application
[2026-08-15 16:53:43.373 (UTC)] info/application	[Sensor] Updated distance: 10.277323376516495 cm | Severity=75 | SourceName=Sensor3 | EventType=application
[2026-08-15 16:53:44.377 (UTC)] info/application	[Sensor] Updated distance: 36.23871962085306 cm | Severity=75 | SourceName=Sensor3 | EventType=application
[2026-08-15 16:53:45.370 (UTC)] info/application	[Sensor] Updated distance: 13.22341153548258 cm | Severity=75 | SourceName=Sensor3 | EventType=application
[2026-08-15 16:53:46.373 (UTC)] info/application	[Sensor] Updated distance: 16.053115091311334 cm | Severity=75 | SourceName=Sensor3 | EventType=application
[2026-08-15 16:53:47.375 (UTC)] info/application	[Sensor] Updated distance: 35.99644473288043 cm | Severity=75 | SourceName=Sensor3 | EventType=application
[2026-08-15 16:53:48.377 (UTC)] info/application	[Sensor] Updated distance: 39.28353207059369 cm | Severity=75 | SourceName=Sensor3 | EventType=application
[2026-08-15 16:53:49.369 (UTC)] info/application	[Sensor] Updated distance: 32.204288921414076 cm | Severity=75 | SourceName=Sensor3 | EventType=application
[2026-08-15 16:53:50.371 (UTC)] info/application	[Sensor] Updated distance: 42.387346636684306 cm | Severity=75 | SourceName=Sensor3 | EventType=application
[2026-08-15 16:53:51.374 (UTC)] info/application	[Sensor] Updated distance: 17.26946181024865 cm | Severity=75 | SourceName=Sensor3 | EventType=application
[2026-08-15 16:53:52.376 (UTC)] info/application	[Sensor] Updated distance: 3.96616882177357 cm | Severity=75 | SourceName=Sensor3 | EventType=application
[2026-08-15 16:53:53.369 (UTC)] info/application	[Sensor] Updated distance: 31.165319366923214 cm | Severity=75 | SourceName=Sensor3 | EventType=application
[2026-08-15 16:53:54.371 (UTC)] info/application	[Sensor] Updated distance: 38.61110075032855 cm | Severity=75 | SourceName=Sensor3 | EventType=application
[2026-08-15 16:53:55.373 (UTC)] info/application	[Sensor] Updated distance: 22.771343188719516 cm | Severity=75 | SourceName=Sensor3 | EventType=application
[2026-08-15 16:53:56.377 (UTC)] info/application	[Sensor] Updated distance: 8.130171026163815 cm | Severity=75 | SourceName=Sensor3 | EventType=application
[2026-08-15 16:53:57.369 (UTC)] info/application	[Sensor] Updated distance: 2.849590376415099 cm | Severity=75 | SourceName=Sensor3 | EventType=application
[2026-08-15 16:53:58.372 (UTC)] info/application	[Sensor] Updated distance: 42.18186374389653 cm | Severity=75 | SourceName=Sensor3 | EventType=application
[2026-08-15 16:53:59.375 (UTC)] info/application	[Sensor] Updated distance: 26.191032145261314 cm | Severity=75 | SourceName=Sensor3 | EventType=application
[2026-08-15 16:54:00.377 (UTC)] info/application	[Sensor] Updated distance: 2.9923471291513866 cm | Severity=75 | SourceName=Sensor3 | EventType=application
[2026-08-15 16:54:01.371 (UTC)] info/application	[Sensor] Updated distance: 21.2990019262298 cm | Severity=75 | SourceName=Sensor3 | EventType=application
[2026-08-15 16:54:02.375 (UTC)] info/application	[Sensor] Updated distance: 12.677737971152057 cm | Severity=75 | SourceName=Sensor3 | EventType=application
[2026-08-15 16:54:03.377 (UTC)] info/application	[Sensor] Updated distance: 28.433749211222747 cm | Severity=75 | SourceName=Sensor3 | EventType=application
[2026-08-15 16:54:04.370 (UTC)] info/application	[Sensor] Updated distance: 24.215847390804367 cm | Severity=75 | SourceName=Sensor3 | EventType=application
[2026-08-15 16:54:05.373 (UTC)] info/application	[Sensor] Updated distance: 33.63556905073838 cm | Severity=75 | SourceName=Sensor3 | EventType=application
[2026-08-15 16:54:06.376 (UTC)] info/application	[Sensor] Updated distance: 25.71964508654533 cm | Severity=75 | SourceName=Sensor3 | EventType=application
[2026-08-15 16:54:07.370 (UTC)] info/application	[Sensor] Updated distance: 9.802988704202225 cm | Severity=75 | SourceName=Sensor3 | EventType=application
[2026-08-15 16:54:08.373 (UTC)] info/application	[Sensor] Updated distance: 18.290453836457083 cm | Severity=75 | SourceName=Sensor3 | EventType=application
[2026-08-15 16:54:09.377 (UTC)] info/application	[Sensor] Updated distance: 2.288306869700694 cm | Severity=75 | SourceName=Sensor3 | EventType=application
[2026-08-15 16:54:10.372 (UTC)] info/application	[Sensor] Updated distance: 23.725178713782306 cm | Severity=75 | SourceName=Sensor3 | EventType=application
[2026-08-15 16:54:11.376 (UTC)] info/application	[Sensor] Updated distance: 16.835226900333176 cm | Severity=75 | SourceName=Sensor3 | EventType=application
[2026-08-15 16:54:12.369 (UTC)] info/application	[Sensor] Updated distance: 9.762413073220483 cm | Severity=75 | SourceName=Sensor3 | EventType=application
[2026-08-15 16:54:13.371 (UTC)] info/application	[Sensor] Updated distance: 29.953215232097175 cm | Severity=75 | SourceName=Sensor3 | EventType=application
[2026-08-15 16:54:14.373 (UTC)] info/application	[Sensor] Updated distance: 25.112550276849674 cm | Severity=75 | SourceName=Sensor3 | EventType=application
[2026-08-15 16:54:15.375 (UTC)] info/application	[Sensor] Updated distance: 44.00113269407355 cm | Severity=75 | SourceName=Sensor3 | EventType=application
[2026-08-15 16:54:16.368 (UTC)] info/application	[Sensor] Updated distance: 41.176626767579755 cm | Severity=75 | SourceName=Sensor3 | EventType=application
[2026-08-15 16:54:17.369 (UTC)] info/application	[Sensor] Updated distance: 39.16566536816101 cm | Severity=75 | SourceName=Sensor3 | EventType=application
[2026-08-15 16:54:18.371 (UTC)] info/application	[Sensor] Updated distance: 29.997577404602232 cm | Severity=75 | SourceName=Sensor3 | EventType=application
[2026-08-15 16:54:19.373 (UTC)] info/application	[Sensor] Updated distance: 30.460158815821703 cm | Severity=75 | SourceName=Sensor3 | EventType=application
[2026-08-15 16:54:20.375 (UTC)] info/application	[Sensor] Updated distance: 21.369954289575084 cm | Severity=75 | SourceName=Sensor3 | EventType=application
[2026-08-15 16:54:21.377 (UTC)] info/application	[Sensor] Updated distance: 22.38492404128654 cm | Severity=75 | SourceName=Sensor3 | EventType=application
[2026-08-15 16:54:22.369 (UTC)] info/application	[Sensor] Updated distance: 45.7296206484221 cm | Severity=75 | SourceName=Sensor3 | EventType=application
[2026-08-15 16:54:23.370 (UTC)] info/application	[Sensor] Updated distance: 23.336123111348655 cm | Severity=75 | SourceName=Sensor3 | EventType=application
[2026-08-15 16:54:24.372 (UTC)] info/application	[Sensor] Updated distance: 3.550243385858016 cm | Severity=75 | SourceName=Sensor3 | EventType=application
[2026-08-15 16:54:25.374 (UTC)] info/application	[Sensor] Updated distance: 34.34072137639891 cm | Severity=75 | SourceName=Sensor3 | EventType=application
[2026-08-15 16:54:26.376 (UTC)] info/application	[Sensor] Updated distance: 44.107466300068175 cm | Severity=75 | SourceName=Sensor3 | EventType=application
[2026-08-15 16:54:27.367 (UTC)] info/application	[Sensor] Updated distance: 9.680414412021829 cm | Severity=75 | SourceName=Sensor3 | EventType=application
[2026-08-15 16:54:28.370 (UTC)] info/application	[Sensor] Updated distance: 35.19031177516575 cm | Severity=75 | SourceName=Sensor3 | EventType=application
[2026-08-15 16:54:29.371 (UTC)] info/application	[Sensor] Updated distance: 36.2893300439647 cm | Severity=75 | SourceName=Sensor3 | EventType=application
[2026-08-15 16:54:30.373 (UTC)] info/application	[Sensor] Updated distance: 33.87144655728314 cm | Severity=75 | SourceName=Sensor3 | EventType=application
[2026-08-15 16:54:31.375 (UTC)] info/application	[Sensor] Updated distance: 36.18265890431714 cm | Severity=75 | SourceName=Sensor3 | EventType=application
[2026-08-15 16:54:32.377 (UTC)] info/application	[Sensor] Updated distance: 7.588331947842767 cm | Severity=75 | SourceName=Sensor3 | EventType=application
[2026-08-15 16:54:33.368 (UTC)] info/application	[Sensor] Updated distance: 44.5491845284352 cm | Severity=75 | SourceName=Sensor3 | EventType=application
[2026-08-15 16:54:34.371 (UTC)] info/application	[Sensor] Updated distance: 14.616408093188147 cm | Severity=75 | SourceName=Sensor3 | EventType=application
[2026-08-15 16:54:35.373 (UTC)] info/application	[Sensor] Updated distance: 29.804179338647135 cm | Severity=75 | SourceName=Sensor3 | EventType=application
[2026-08-15 16:54:36.375 (UTC)] info/application	[Sensor] Updated distance: 28.184753579173588 cm | Severity=75 | SourceName=Sensor3 | EventType=application
[2026-08-15 16:54:37.377 (UTC)] info/application	[Sensor] Updated distance: 38.336053179733476 cm | Severity=75 | SourceName=Sensor3 | EventType=application
[2026-08-15 16:54:38.369 (UTC)] info/application	[Sensor] Updated distance: 37.60716804284936 cm | Severity=75 | SourceName=Sensor3 | EventType=application
[2026-08-15 16:54:39.371 (UTC)] info/application	[Sensor] Updated distance: 44.47520741563067 cm | Severity=75 | SourceName=Sensor3 | EventType=application
[2026-08-15 16:54:40.372 (UTC)] info/application	[Sensor] Updated distance: 38.62436004943417 cm | Severity=75 | SourceName=Sensor3 | EventType=application
[2026-08-15 16:54:41.374 (UTC)] info/application	[Sensor] Updated distance: 11.332346734279927 cm | Severity=75 | SourceName=Sensor3 | EventType=application
[2026-08-15 16:54:42.376 (UTC)] info/application	[Sensor] Updated distance: 11.310434293612108 cm | Severity=75 | SourceName=Sensor3 | EventType=application
[2026-08-15 16:54:43.368 (UTC)] info/application	[Sensor] Updated distance: 46.38677312265465 cm | Severity=75 | SourceName=Sensor3 | EventType=application
[2026-08-15 16:54:44.369 (UTC)] info/application	[Sensor] Updated distance: 39.2855619663771 cm | Severity=75 | SourceName=Sensor3 | EventType=application
[2026-08-15 16:54:45.371 (UTC)] info/application	[Sensor] Updated distance: 34.42298457046178 cm | Severity=75 | SourceName=Sensor3 | EventType=application
[2026-08-15 16:54:46.373 (UTC)] info/application	[Sensor] Updated distance: 40.38790579437646 cm | Severity=75 | SourceName=Sensor3 | EventType=application
[2026-08-15 16:54:47.375 (UTC)] info/application	[Sensor] Updated distance: 30.462188733956864 cm | Severity=75 | SourceName=Sensor3 | EventType=application
[2026-08-15 16:54:48.377 (UTC)] info/application	[Sensor] Updated distance: 23.58864993862279 cm | Severity=75 | SourceName=Sensor3 | EventType=application
[2026-08-15 16:54:49.368 (UTC)] info/application	[Sensor] Updated distance: 20.385483198978697 cm | Severity=75 | SourceName=Sensor3 | EventType=application
[2026-08-15 16:54:50.371 (UTC)] info/application	[Sensor] Updated distance: 10.92234752742683 cm | Severity=75 | SourceName=Sensor3 | EventType=application
[2026-08-15 16:54:51.373 (UTC)] info/application	[Sensor] Updated distance: 42.95860422819788 cm | Severity=75 | SourceName=Sensor3 | EventType=application
[2026-08-15 16:54:52.375 (UTC)] info/application	[Sensor] Updated distance: 40.770407240265236 cm | Severity=75 | SourceName=Sensor3 | EventType=application
[2026-08-15 16:54:53.367 (UTC)] info/application	[Sensor] Updated distance: 6.651968153497189 cm | Severity=75 | SourceName=Sensor3 | EventType=application
[2026-08-15 16:54:54.369 (UTC)] info/application	[Sensor] Updated distance: 16.29472731719479 cm | Severity=75 | SourceName=Sensor3 | EventType=application
[2026-08-15 16:54:55.372 (UTC)] info/application	[Sensor] Updated distance: 42.32065062612325 cm | Severity=75 | SourceName=Sensor3 | EventType=application
[2026-08-15 16:54:56.374 (UTC)] info/application	[Sensor] Updated distance: 38.992689552247846 cm | Severity=75 | SourceName=Sensor3 | EventType=application
[2026-08-15 16:54:57.376 (UTC)] info/application	[Sensor] Updated distance: 10.402193617262967 cm | Severity=75 | SourceName=Sensor3 | EventType=application
[2026-08-15 16:54:58.368 (UTC)] info/application	[Sensor] Updated distance: 2.0010650157933427 cm | Severity=75 | SourceName=Sensor3 | EventType=application
[2026-08-15 16:54:59.371 (UTC)] info/application	[Sensor] Updated distance: 24.183001305061858 cm | Severity=75 | SourceName=Sensor3 | EventType=application
[2026-08-15 16:55:00.373 (UTC)] info/application	[Sensor] Updated distance: 44.69152366122767 cm | Severity=75 | SourceName=Sensor3 | EventType=application
[2026-08-15 16:55:01.375 (UTC)] info/application	[Sensor] Updated distance: 33.87251157307648 cm | Severity=75 | SourceName=Sensor3 | EventType=application
[2026-08-15 16:55:02.367 (UTC)] info/application	[Sensor] Updated distance: 10.365660187027258 cm | Severity=75 | SourceName=Sensor3 | EventType=application
[2026-08-15 16:55:03.370 (UTC)] info/application	[Sensor] Updated distance: 2.2798555867187007 cm | Severity=75 | SourceName=Sensor3 | EventType=application
[2026-08-15 16:55:04.371 (UTC)] info/application	[Sensor] Updated distance: 28.421696079159943 cm | Severity=75 | SourceName=Sensor3 | EventType=application
[2026-08-15 16:55:05.373 (UTC)] info/application	[Sensor] Updated distance: 22.982068280215405 cm | Severity=75 | SourceName=Sensor3 | EventType=application
[2026-08-15 16:55:06.376 (UTC)] info/application	[Sensor] Updated distance: 30.084034925365835 cm | Severity=75 | SourceName=Sensor3 | EventType=application
[2026-08-15 16:55:07.368 (UTC)] info/application	[Sensor] Updated distance: 6.606449635981791 cm | Severity=75 | SourceName=Sensor3 | EventType=application
[2026-08-15 16:55:08.369 (UTC)] info/application	[Sensor] Updated distance: 11.318121437597144 cm | Severity=75 | SourceName=Sensor3 | EventType=application
[2026-08-15 16:55:09.371 (UTC)] info/application	[Sensor] Updated distance: 17.691202945863456 cm | Severity=75 | SourceName=Sensor3 | EventType=application
[2026-08-15 16:55:10.374 (UTC)] info/application	[Sensor] Updated distance: 49.0816570739642 cm | Severity=75 | SourceName=Sensor3 | EventType=application
[2026-08-15 16:55:11.376 (UTC)] info/application	[Sensor] Updated distance: 47.94248150938306 cm | Severity=75 | SourceName=Sensor3 | EventType=application
[2026-08-15 16:55:12.368 (UTC)] info/application	[Sensor] Updated distance: 27.023549680143383 cm | Severity=75 | SourceName=Sensor3 | EventType=application
[2026-08-15 16:55:13.370 (UTC)] info/application	[Sensor] Updated distance: 10.392091345224571 cm | Severity=75 | SourceName=Sensor3 | EventType=application
[2026-08-15 16:55:14.372 (UTC)] info/application	[Sensor] Updated distance: 44.329254609685975 cm | Severity=75 | SourceName=Sensor3 | EventType=application
[2026-08-15 16:55:15.374 (UTC)] info/application	[Sensor] Updated distance: 16.30911162416875 cm | Severity=75 | SourceName=Sensor3 | EventType=application
[2026-08-15 16:55:16.376 (UTC)] info/application	[Sensor] Updated distance: 42.81507593803809 cm | Severity=75 | SourceName=Sensor3 | EventType=application
[2026-08-15 16:55:17.368 (UTC)] info/application	[Sensor] Updated distance: 34.71716040406244 cm | Severity=75 | SourceName=Sensor3 | EventType=application
[2026-08-15 16:55:18.370 (UTC)] info/application	[Sensor] Updated distance: 44.771300358125615 cm | Severity=75 | SourceName=Sensor3 | EventType=application
[2026-08-15 16:55:19.372 (UTC)] info/application	[Sensor] Updated distance: 16.403725854309148 cm | Severity=75 | SourceName=Sensor3 | EventType=application
[2026-08-15 16:55:20.374 (UTC)] info/application	[Sensor] Updated distance: 5.102643580689394 cm | Severity=75 | SourceName=Sensor3 | EventType=application
[2026-08-15 16:55:21.376 (UTC)] info/application	[Sensor] Updated distance: 5.693647885552443 cm | Severity=75 | SourceName=Sensor3 | EventType=application
[2026-08-15 16:55:22.368 (UTC)] info/application	[Sensor] Updated distance: 9.362330060155283 cm | Severity=75 | SourceName=Sensor3 | EventType=application
[2026-08-15 16:55:23.370 (UTC)] info/application	[Sensor] Updated distance: 43.87305082095463 cm | Severity=75 | SourceName=Sensor3 | EventType=application
[2026-08-15 16:55:24.371 (UTC)] info/application	[Sensor] Updated distance: 10.345616039049633 cm | Severity=75 | SourceName=Sensor3 | EventType=application
[2026-08-15 16:55:25.373 (UTC)] info/application	[Sensor] Updated distance: 23.657057377350075 cm | Severity=75 | SourceName=Sensor3 | EventType=application
[2026-08-15 16:55:26.375 (UTC)] info/application	[Sensor] Updated distance: 36.19370142472614 cm | Severity=75 | SourceName=Sensor3 | EventType=application
[2026-08-15 16:55:27.376 (UTC)] info/application	[Sensor] Updated distance: 47.33830559129748 cm | Severity=75 | SourceName=Sensor3 | EventType=application
[2026-08-15 16:55:28.368 (UTC)] info/application	[Sensor] Updated distance: 32.059250994613045 cm | Severity=75 | SourceName=Sensor3 | EventType=application
[2026-08-15 16:55:29.370 (UTC)] info/application	[Sensor] Updated distance: 36.19476644051949 cm | Severity=75 | SourceName=Sensor3 | EventType=application
[2026-08-15 16:55:30.371 (UTC)] info/application	[Sensor] Updated distance: 21.521306874007593 cm | Severity=75 | SourceName=Sensor3 | EventType=application
[2026-08-15 16:55:31.373 (UTC)] info/application	[Sensor] Updated distance: 26.750774633488977 cm | Severity=75 | SourceName=Sensor3 | EventType=application
[2026-08-15 16:55:32.376 (UTC)] info/application	[Sensor] Updated distance: 20.067277991244232 cm | Severity=75 | SourceName=Sensor3 | EventType=application
[2026-08-15 16:55:33.367 (UTC)] info/application	[Sensor] Updated distance: 29.886967061034852 cm | Severity=75 | SourceName=Sensor3 | EventType=application
[2026-08-15 16:55:34.369 (UTC)] info/application	[Sensor] Updated distance: 27.030630220207676 cm | Severity=75 | SourceName=Sensor3 | EventType=application
[2026-08-15 16:55:35.371 (UTC)] info/application	[Sensor] Updated distance: 46.488974070404176 cm | Severity=75 | SourceName=Sensor3 | EventType=application
[2026-08-15 16:55:36.373 (UTC)] info/application	[Sensor] Updated distance: 2.8690353188985194 cm | Severity=75 | SourceName=Sensor3 | EventType=application
[2026-08-15 16:55:37.375 (UTC)] info/application	[Sensor] Updated distance: 7.114665123221774 cm | Severity=75 | SourceName=Sensor3 | EventType=application
[2026-08-15 16:55:38.376 (UTC)] info/application	[Sensor] Updated distance: 3.09542370638597 cm | Severity=75 | SourceName=Sensor3 | EventType=application
[2026-08-15 16:55:39.368 (UTC)] info/application	[Sensor] Updated distance: 12.187156778847406 cm | Severity=75 | SourceName=Sensor3 | EventType=application
[2026-08-15 16:55:40.370 (UTC)] info/application	[Sensor] Updated distance: 22.80586806908523 cm | Severity=75 | SourceName=Sensor3 | EventType=application
[2026-08-15 16:55:41.372 (UTC)] info/application	[Sensor] Updated distance: 2.1770807579984335 cm | Severity=75 | SourceName=Sensor3 | EventType=application
[2026-08-15 16:55:42.373 (UTC)] info/application	[Sensor] Updated distance: 10.129638265878725 cm | Severity=75 | SourceName=Sensor3 | EventType=application
[2026-08-15 16:55:43.375 (UTC)] info/application	[Sensor] Updated distance: 47.82941774922861 cm | Severity=75 | SourceName=Sensor3 | EventType=application
[2026-08-15 16:55:44.377 (UTC)] info/application	[Sensor] Updated distance: 10.569172103223005 cm | Severity=75 | SourceName=Sensor3 | EventType=application
[2026-08-15 16:55:45.368 (UTC)] info/application	[Sensor] Updated distance: 4.458892853212959 cm | Severity=75 | SourceName=Sensor3 | EventType=application
[2026-08-15 16:55:46.370 (UTC)] info/application	[Sensor] Updated distance: 14.138529373397365 cm | Severity=75 | SourceName=Sensor3 | EventType=application
[2026-08-15 16:55:47.372 (UTC)] info/application	[Sensor] Updated distance: 3.384248018909361 cm | Severity=75 | SourceName=Sensor3 | EventType=application
[2026-08-15 16:55:48.374 (UTC)] info/application	[Sensor] Updated distance: 37.1760532572754 cm | Severity=75 | SourceName=Sensor3 | EventType=application
[2026-08-15 16:55:49.375 (UTC)] info/application	[Sensor] Updated distance: 8.909829709171238 cm | Severity=75 | SourceName=Sensor3 | EventType=application
[2026-08-15 16:55:50.377 (UTC)] info/application	[Sensor] Updated distance: 17.787973873218508 cm | Severity=75 | SourceName=Sensor3 | EventType=application
[2026-08-15 16:55:51.368 (UTC)] info/application	[Sensor] Updated distance: 40.27869683796479 cm | Severity=75 | SourceName=Sensor3 | EventType=application
[2026-08-15 16:55:52.370 (UTC)] info/application	[Sensor] Updated distance: 12.603477594723682 cm | Severity=75 | SourceName=Sensor3 | EventType=application
[2026-08-15 16:55:53.372 (UTC)] info/application	[Sensor] Updated distance: 25.15030393337379 cm | Severity=75 | SourceName=Sensor3 | EventType=application
[2026-08-15 16:55:54.374 (UTC)] info/application	[Sensor] Updated distance: 34.151747636567684 cm | Severity=75 | SourceName=Sensor3 | EventType=application
[2026-08-15 16:55:55.376 (UTC)] info/application	[Sensor] Updated distance: 20.949093656125054 cm | Severity=75 | SourceName=Sensor3 | EventType=application
[2026-08-15 16:55:56.368 (UTC)] info/application	[Sensor] Updated distance: 46.80736133307561 cm | Severity=75 | SourceName=Sensor3 | EventType=application
[2026-08-15 16:55:57.370 (UTC)] info/application	[Sensor] Updated distance: 20.345449038942085 cm | Severity=75 | SourceName=Sensor3 | EventType=application
[2026-08-15 16:55:58.373 (UTC)] info/application	[Sensor] Updated distance: 18.287399225070793 cm | Severity=75 | SourceName=Sensor3 | EventType=application
[2026-08-15 16:55:59.375 (UTC)] info/application	[Sensor] Updated distance: 28.866612305336915 cm | Severity=75 | SourceName=Sensor3 | EventType=application
[2026-08-15 16:56:00.376 (UTC)] info/application	[Sensor] Updated distance: 6.540215457109834 cm | Severity=75 | SourceName=Sensor3 | EventType=application
[2026-08-15 16:56:01.367 (UTC)] info/application	[Sensor] Updated distance: 37.80870612143013 cm | Severity=75 | SourceName=Sensor3 | EventType=application
[2026-08-15 16:56:02.369 (UTC)] info/application	[Sensor] Updated distance: 5.617386938825895 cm | Severity=75 | SourceName=Sensor3 | EventType=application
[2026-08-15 16:56:03.370 (UTC)] info/application	[Sensor] Updated distance: 24.607493448354067 cm | Severity=75 | SourceName=Sensor3 | EventType=application
[2026-08-15 16:56:04.371 (UTC)] info/application	[Sensor] Updated distance: 17.69567316011324 cm | Severity=75 | SourceName=Sensor3 | EventType=application
[2026-08-15 16:56:05.373 (UTC)] info/application	[Sensor] Updated distance: 30.64801715903357 cm | Severity=75 | SourceName=Sensor3 | EventType=application
[2026-08-15 16:56:06.375 (UTC)] info/application	[Sensor] Updated distance: 21.096467518758246 cm | Severity=75 | SourceName=Sensor3 | EventType=application
[2026-08-15 16:56:07.377 (UTC)] info/application	[Sensor] Updated distance: 18.5647085013635 cm | Severity=75 | SourceName=Sensor3 | EventType=application
[2026-08-15 16:56:08.369 (UTC)] info/application	[Sensor] Updated distance: 35.76268230460709 cm | Severity=75 | SourceName=Sensor3 | EventType=application
[2026-08-15 16:56:09.370 (UTC)] info/application	[Sensor] Updated distance: 22.191891225144214 cm | Severity=75 | SourceName=Sensor3 | EventType=application
[2026-08-15 16:56:10.372 (UTC)] info/application	[Sensor] Updated distance: 28.751865280210907 cm | Severity=75 | SourceName=Sensor3 | EventType=application
[2026-08-15 16:56:11.373 (UTC)] info/application	[Sensor] Updated distance: 8.56855035134058 cm | Severity=75 | SourceName=Sensor3 | EventType=application
[2026-08-15 16:56:12.373 (UTC)] info/application	[Sensor] Updated distance: 22.36897198314265 cm | Severity=75 | SourceName=Sensor3 | EventType=application
[2026-08-15 16:56:13.374 (UTC)] info/application	[Sensor] Updated distance: 36.88150354608963 cm | Severity=75 | SourceName=Sensor3 | EventType=application
[2026-08-15 16:56:14.376 (UTC)] info/application	[Sensor] Updated distance: 6.397968100569196 cm | Severity=75 | SourceName=Sensor3 | EventType=application
[2026-08-15 16:56:15.367 (UTC)] info/application	[Sensor] Updated distance: 30.938144086365654 cm | Severity=75 | SourceName=Sensor3 | EventType=application
[2026-08-15 16:56:16.369 (UTC)] info/application	[Sensor] Updated distance: 39.34039639930259 cm | Severity=75 | SourceName=Sensor3 | EventType=application
[2026-08-15 16:56:17.371 (UTC)] info/application	[Sensor] Updated distance: 18.536497473966563 cm | Severity=75 | SourceName=Sensor3 | EventType=application
[2026-08-15 16:56:18.372 (UTC)] info/application	[Sensor] Updated distance: 32.322392127626756 cm | Severity=75 | SourceName=Sensor3 | EventType=application
[2026-08-15 16:56:19.374 (UTC)] info/application	[Sensor] Updated distance: 26.51644965657799 cm | Severity=75 | SourceName=Sensor3 | EventType=application
[2026-08-15 16:56:20.375 (UTC)] info/application	[Sensor] Updated distance: 25.4463271831378 cm | Severity=75 | SourceName=Sensor3 | EventType=application
[2026-08-15 16:56:21.377 (UTC)] info/application	[Sensor] Updated distance: 48.11036600084527 cm | Severity=75 | SourceName=Sensor3 | EventType=application
[2026-08-15 16:56:22.368 (UTC)] info/application	[Sensor] Updated distance: 16.79514647219104 cm | Severity=75 | SourceName=Sensor3 | EventType=application
[2026-08-15 16:56:23.369 (UTC)] info/application	[Sensor] Updated distance: 36.049804800213224 cm | Severity=75 | SourceName=Sensor3 | EventType=application
[2026-08-15 16:56:24.372 (UTC)] info/application	[Sensor] Updated distance: 23.26066993421906 cm | Severity=75 | SourceName=Sensor3 | EventType=application
[2026-08-15 16:56:25.373 (UTC)] info/application	[Sensor] Updated distance: 48.94689413111046 cm | Severity=75 | SourceName=Sensor3 | EventType=application
[2026-08-15 16:56:26.375 (UTC)] info/application	[Sensor] Updated distance: 6.998898433986538 cm | Severity=75 | SourceName=Sensor3 | EventType=application
[2026-08-15 16:56:27.367 (UTC)] info/application	[Sensor] Updated distance: 20.068031244942933 cm | Severity=75 | SourceName=Sensor3 | EventType=application
[2026-08-15 16:56:28.368 (UTC)] info/application	[Sensor] Updated distance: 19.292343147700812 cm | Severity=75 | SourceName=Sensor3 | EventType=application
[2026-08-15 16:56:29.370 (UTC)] info/application	[Sensor] Updated distance: 23.28629765905733 cm | Severity=75 | SourceName=Sensor3 | EventType=application
[2026-08-15 16:56:30.371 (UTC)] info/application	[Sensor] Updated distance: 46.934643550279844 cm | Severity=75 | SourceName=Sensor3 | EventType=application
[2026-08-15 16:56:31.372 (UTC)] info/application	[Sensor] Updated distance: 23.83255862716239 cm | Severity=75 | SourceName=Sensor3 | EventType=application
[2026-08-15 16:56:32.375 (UTC)] info/application	[Sensor] Updated distance: 11.095003758135718 cm | Severity=75 | SourceName=Sensor3 | EventType=application
[2026-08-15 16:56:33.377 (UTC)] info/application	[Sensor] Updated distance: 2.5520304667540037 cm | Severity=75 | SourceName=Sensor3 | EventType=application
[2026-08-15 16:56:34.368 (UTC)] info/application	[Sensor] Updated distance: 46.440052075516455 cm | Severity=75 | SourceName=Sensor3 | EventType=application
[2026-08-15 16:56:35.370 (UTC)] info/application	[Sensor] Updated distance: 26.7906769406007 cm | Severity=75 | SourceName=Sensor3 | EventType=application
[2026-08-15 16:56:36.372 (UTC)] info/application	[Sensor] Updated distance: 31.200047648139318 cm | Severity=75 | SourceName=Sensor3 | EventType=application
[2026-08-15 16:56:37.373 (UTC)] info/application	[Sensor] Updated distance: 17.53651957192296 cm | Severity=75 | SourceName=Sensor3 | EventType=application
[2026-08-15 16:56:38.375 (UTC)] info/application	[Sensor] Updated distance: 43.3553854419642 cm | Severity=75 | SourceName=Sensor3 | EventType=application
[2026-08-15 16:56:39.376 (UTC)] info/application	[Sensor] Updated distance: 16.962729930394666 cm | Severity=75 | SourceName=Sensor3 | EventType=application
[2026-08-15 16:56:40.368 (UTC)] info/application	[Sensor] Updated distance: 37.72841079706718 cm | Severity=75 | SourceName=Sensor3 | EventType=application
[2026-08-15 16:56:41.369 (UTC)] info/application	[Sensor] Updated distance: 22.10725069982337 cm | Severity=75 | SourceName=Sensor3 | EventType=application
[2026-08-15 16:56:42.371 (UTC)] info/application	[Sensor] Updated distance: 23.53128028173525 cm | Severity=75 | SourceName=Sensor3 | EventType=application
[2026-08-15 16:56:43.373 (UTC)] info/application	[Sensor] Updated distance: 10.097382757858085 cm | Severity=75 | SourceName=Sensor3 | EventType=application
[2026-08-15 16:56:44.375 (UTC)] info/application	[Sensor] Updated distance: 8.988754223561266 cm | Severity=75 | SourceName=Sensor3 | EventType=application
[2026-08-15 16:56:45.376 (UTC)] info/application	[Sensor] Updated distance: 27.929248382304444 cm | Severity=75 | SourceName=Sensor3 | EventType=application
[2026-08-15 16:56:46.368 (UTC)] info/application	[Sensor] Updated distance: 39.03552686657548 cm | Severity=75 | SourceName=Sensor3 | EventType=application
[2026-08-15 16:56:47.369 (UTC)] info/application	[Sensor] Updated distance: 46.32915062286386 cm | Severity=75 | SourceName=Sensor3 | EventType=application
[2026-08-15 16:56:48.372 (UTC)] info/application	[Sensor] Updated distance: 44.465745856271006 cm | Severity=75 | SourceName=Sensor3 | EventType=application
[2026-08-15 16:56:49.374 (UTC)] info/application	[Sensor] Updated distance: 21.3579189718505 cm | Severity=75 | SourceName=Sensor3 | EventType=application
[2026-08-15 16:56:50.376 (UTC)] info/application	[Sensor] Updated distance: 22.845600257090105 cm | Severity=75 | SourceName=Sensor3 | EventType=application
[2026-08-15 16:56:51.368 (UTC)] info/application	[Sensor] Updated distance: 19.912073039408806 cm | Severity=75 | SourceName=Sensor3 | EventType=application
[2026-08-15 16:56:52.369 (UTC)] info/application	[Sensor] Updated distance: 19.468284950344025 cm | Severity=75 | SourceName=Sensor3 | EventType=application
[2026-08-15 16:56:53.371 (UTC)] info/application	[Sensor] Updated distance: 37.64074675163289 cm | Severity=75 | SourceName=Sensor3 | EventType=application
[2026-08-15 16:56:54.372 (UTC)] info/application	[Sensor] Updated distance: 5.961877817270288 cm | Severity=75 | SourceName=Sensor3 | EventType=application
[2026-08-15 16:56:55.374 (UTC)] info/application	[Sensor] Updated distance: 40.72895488456308 cm | Severity=75 | SourceName=Sensor3 | EventType=application
[2026-08-15 16:56:56.375 (UTC)] info/application	[Sensor] Updated distance: 36.58764086039161 cm | Severity=75 | SourceName=Sensor3 | EventType=application
[2026-08-15 16:56:57.377 (UTC)] info/application	[Sensor] Updated distance: 10.960776251256826 cm | Severity=75 | SourceName=Sensor3 | EventType=application
[2026-08-15 16:56:58.368 (UTC)] info/application	[Sensor] Updated distance: 10.796986107154277 cm | Severity=75 | SourceName=Sensor3 | EventType=application
[2026-08-15 16:56:59.370 (UTC)] info/application	[Sensor] Updated distance: 5.879983985740684 cm | Severity=75 | SourceName=Sensor3 | EventType=application
[2026-08-15 16:57:00.372 (UTC)] info/application	[Sensor] Updated distance: 32.24707391031416 cm | Severity=75 | SourceName=Sensor3 | EventType=application
[2026-08-15 16:57:01.373 (UTC)] info/application	[Sensor] Updated distance: 7.731629657434127 cm | Severity=75 | SourceName=Sensor3 | EventType=application
[2026-08-15 16:57:02.375 (UTC)] info/application	[Sensor] Updated distance: 27.71254261290307 cm | Severity=75 | SourceName=Sensor3 | EventType=application
[2026-08-15 16:57:03.376 (UTC)] info/application	[Sensor] Updated distance: 41.34207769080162 cm | Severity=75 | SourceName=Sensor3 | EventType=application
[2026-08-15 16:57:04.368 (UTC)] info/application	[Sensor] Updated distance: 8.283660124188131 cm | Severity=75 | SourceName=Sensor3 | EventType=application
[2026-08-15 16:57:05.370 (UTC)] info/application	[Sensor] Updated distance: 24.15259468841953 cm | Severity=75 | SourceName=Sensor3 | EventType=application
[2026-08-15 16:57:06.372 (UTC)] info/application	[Sensor] Updated distance: 18.13275460905058 cm | Severity=75 | SourceName=Sensor3 | EventType=application
[2026-08-15 16:57:07.373 (UTC)] info/application	[Sensor] Updated distance: 37.48370777232745 cm | Severity=75 | SourceName=Sensor3 | EventType=application
[2026-08-15 16:57:08.375 (UTC)] info/application	[Sensor] Updated distance: 39.689114260342485 cm | Severity=75 | SourceName=Sensor3 | EventType=application
[2026-08-15 16:57:09.376 (UTC)] info/application	[Sensor] Updated distance: 11.488140028663045 cm | Severity=75 | SourceName=Sensor3 | EventType=application
[2026-08-15 16:57:10.368 (UTC)] info/application	[Sensor] Updated distance: 4.446437680370378 cm | Severity=75 | SourceName=Sensor3 | EventType=application
[2026-08-15 16:57:11.370 (UTC)] info/application	[Sensor] Updated distance: 27.417525057409666 cm | Severity=75 | SourceName=Sensor3 | EventType=application
[2026-08-15 16:57:12.372 (UTC)] info/application	[Sensor] Updated distance: 31.595390728486418 cm | Severity=75 | SourceName=Sensor3 | EventType=application
[2026-08-15 16:57:13.375 (UTC)] info/application	[Sensor] Updated distance: 25.977717984457367 cm | Severity=75 | SourceName=Sensor3 | EventType=application
[2026-08-15 16:57:14.377 (UTC)] info/application	[Sensor] Updated distance: 35.514907815267755 cm | Severity=75 | SourceName=Sensor3 | EventType=application
[2026-08-15 16:57:15.368 (UTC)] info/application	[Sensor] Updated distance: 38.58414495204768 cm | Severity=75 | SourceName=Sensor3 | EventType=application
[2026-08-15 16:57:16.370 (UTC)] info/application	[Sensor] Updated distance: 3.906966344410072 cm | Severity=75 | SourceName=Sensor3 | EventType=application
[2026-08-15 16:57:17.372 (UTC)] info/application	[Sensor] Updated distance: 24.550434659491494 cm | Severity=75 | SourceName=Sensor3 | EventType=application
[2026-08-15 16:57:18.373 (UTC)] info/application	[Sensor] Updated distance: 34.913295552559795 cm | Severity=75 | SourceName=Sensor3 | EventType=application
[2026-08-15 16:57:19.375 (UTC)] info/application	[Sensor] Updated distance: 46.37271222303282 cm | Severity=75 | SourceName=Sensor3 | EventType=application
[2026-08-15 16:57:20.377 (UTC)] info/application	[Sensor] Updated distance: 43.908353631341996 cm | Severity=75 | SourceName=Sensor3 | EventType=application
[2026-08-15 16:57:21.368 (UTC)] info/application	[Sensor] Updated distance: 7.758895809649907 cm | Severity=75 | SourceName=Sensor3 | EventType=application
[2026-08-15 16:57:22.371 (UTC)] info/application	[Sensor] Updated distance: 16.284785240089885 cm | Severity=75 | SourceName=Sensor3 | EventType=application
[2026-08-15 16:57:23.373 (UTC)] info/application	[Sensor] Updated distance: 13.376638581686018 cm | Severity=75 | SourceName=Sensor3 | EventType=application
[2026-08-15 16:57:24.375 (UTC)] info/application	[Sensor] Updated distance: 43.399642561282796 cm | Severity=75 | SourceName=Sensor3 | EventType=application
[2026-08-15 16:57:25.377 (UTC)] info/application	[Sensor] Updated distance: 20.246663057360173 cm | Severity=75 | SourceName=Sensor3 | EventType=application
[2026-08-15 16:57:26.369 (UTC)] info/application	[Sensor] Updated distance: 4.105593443897363 cm | Severity=75 | SourceName=Sensor3 | EventType=application
[2026-08-15 16:57:27.371 (UTC)] info/application	[Sensor] Updated distance: 29.987283399322667 cm | Severity=75 | SourceName=Sensor3 | EventType=application
[2026-08-15 16:57:28.372 (UTC)] info/application	[Sensor] Updated distance: 29.207439308617 cm | Severity=75 | SourceName=Sensor3 | EventType=application
[2026-08-15 16:57:29.375 (UTC)] info/application	[Sensor] Updated distance: 12.902579573403381 cm | Severity=75 | SourceName=Sensor3 | EventType=application
[2026-08-15 16:57:30.376 (UTC)] info/application	[Sensor] Updated distance: 33.86726738506335 cm | Severity=75 | SourceName=Sensor3 | EventType=application
[2026-08-15 16:57:31.368 (UTC)] info/application	[Sensor] Updated distance: 11.45451319657942 cm | Severity=75 | SourceName=Sensor3 | EventType=application
[2026-08-15 16:57:32.369 (UTC)] info/application	[Sensor] Updated distance: 18.63420923083751 cm | Severity=75 | SourceName=Sensor3 | EventType=application
[2026-08-15 16:57:33.370 (UTC)] info/application	[Sensor] Updated distance: 11.579809997966423 cm | Severity=75 | SourceName=Sensor3 | EventType=application
[2026-08-15 16:57:34.371 (UTC)] info/application	[Sensor] Updated distance: 2.796590865029297 cm | Severity=75 | SourceName=Sensor3 | EventType=application
[2026-08-15 16:57:35.372 (UTC)] info/application	[Sensor] Updated distance: 24.91786935502564 cm | Severity=75 | SourceName=Sensor3 | EventType=application
[2026-08-15 16:57:36.374 (UTC)] info/application	[Sensor] Updated distance: 33.73240468638595 cm | Severity=75 | SourceName=Sensor3 | EventType=application
[2026-08-15 16:57:37.377 (UTC)] info/application	[Sensor] Updated distance: 18.929345474079877 cm | Severity=75 | SourceName=Sensor3 | EventType=application
[2026-08-15 16:57:38.368 (UTC)] info/application	[Sensor] Updated distance: 12.401577127353091 cm | Severity=75 | SourceName=Sensor3 | EventType=application
[2026-08-15 16:57:39.370 (UTC)] info/application	[Sensor] Updated distance: 23.421518924376702 cm | Severity=75 | SourceName=Sensor3 | EventType=application
[2026-08-15 16:57:40.371 (UTC)] info/application	[Sensor] Updated distance: 28.41748550274292 cm | Severity=75 | SourceName=Sensor3 | EventType=application
[2026-08-15 16:57:41.373 (UTC)] info/application	[Sensor] Updated distance: 14.84801480772347 cm | Severity=75 | SourceName=Sensor3 | EventType=application
[2026-08-15 16:57:42.375 (UTC)] info/application	[Sensor] Updated distance: 48.83904398178637 cm | Severity=75 | SourceName=Sensor3 | EventType=application
[2026-08-15 16:57:43.377 (UTC)] info/application	[Sensor] Updated distance: 10.012876208877598 cm | Severity=75 | SourceName=Sensor3 | EventType=application
[2026-08-15 16:57:44.368 (UTC)] info/application	[Sensor] Updated distance: 38.82573279218084 cm | Severity=75 | SourceName=Sensor3 | EventType=application
[2026-08-15 16:57:45.370 (UTC)] info/application	[Sensor] Updated distance: 34.35395179705412 cm | Severity=75 | SourceName=Sensor3 | EventType=application
[2026-08-15 16:57:46.372 (UTC)] info/application	[Sensor] Updated distance: 46.59702116092528 cm | Severity=75