[2026-08-16 00:52:50.332 (UTC+0800)] [33mwarn/server[0m	AccessControl: Unconfigured AccessControl. Users have all permissions.
[2026-08-16 00:52:50.332 (UTC+0800)] [32minfo/server[0m	AccessControl: Anonymous login is enabled
[2026-08-16 00:52:50.332 (UTC+0800)] [33mwarn/server[0m	x509 Certificate Authentication configured, but no encrypting SecurityPolicy. This can leak credentials on the network.
[2026-08-16 00:52:50.370 (UTC+0800)] [33mwarn/application[0m	ServerUrls already set. Overriding.
[2026-08-16 00:52:50.370 (UTC+0800)] [33mwarn/server[0m	AccessControl: Unconfigured AccessControl. Users have all permissions.
[2026-08-16 00:52:50.370 (UTC+0800)] [32minfo/server[0m	AccessControl: Anonymous login is enabled
[2026-08-16 00:52:50.370 (UTC+0800)] [33mwarn/server[0m	x509 Certificate Authentication configured, but no encrypting SecurityPolicy. This can leak credentials on the network.
[2026-08-16 00:52:50.370 (UTC+0800)] [33mwarn/server[0m	x509 Certificate Authentication configured, but no encrypting SecurityPolicy. This can leak credentials on the network.
[2026-08-15 16:52:50.370 (UTC)] info/application	Sensor Server online (Client/Server mode, id=2 port=4843) | Severity=75 | SourceName=Sensor2 | EventType=application
Entering background polling mode: attempting to connect to Aggregation Server...
Connected successfully. Log forwarding started.
[2026-08-15 16:52:51.380 (UTC)] info/application	[Sensor] Updated distance: 32.2707787818605 cm | Severity=75 | SourceName=Sensor2 | EventType=application
[2026-08-15 16:52:52.966 (UTC)] info/application	[Sensor] Updated distance: 14.635975880844507 cm | Severity=75 | SourceName=Sensor2 | EventType=application
[2026-08-15 16:52:52.966 (UTC)] info/network	[System] TCP 16	| Connection opened from "127.0.0.1" via the server socket 8 | Severity=75 | SourceName=System | EventType=network
[2026-08-15 16:52:52.966 (UTC)] info/channel	[System] TCP 16	| SC 1	| SecureChannel created | Severity=75 | SourceName=System | EventType=channel
[2026-08-15 16:52:52.986 (UTC)] info/channel	[System] TCP 16	| SC 1	| OpenSecureChannel: Channel opened with SecurityMode None for SecurityPolicy http://opcfoundation.org/UA/SecurityPolicy#None and a revised lifetime of 600.0s | Severity=75 | SourceName=System | EventType=channel
[2026-08-15 16:52:53.007 (UTC)] warn/client	[System] Removing a UserTokenPolicy that would allow the password to be transmitted without encryption (Can be enabled via config->allowNonePolicyPassword) | Severity=175 | SourceName=System | EventType=client
[2026-08-15 16:52:53.007 (UTC)] warn/client	[System] Removing a UserTokenPolicy that would allow the password to be transmitted without encryption (Can be enabled via config->allowNonePolicyPassword) | Severity=175 | SourceName=System | EventType=client
[2026-08-15 16:52:53.017 (UTC)] warn/client	[System] Removing a UserTokenPolicy that would allow the password to be transmitted without encryption (Can be enabled via config->allowNonePolicyPassword) | Severity=175 | SourceName=System | EventType=client
[2026-08-15 16:52:53.017 (UTC)] warn/client	[System] Removing a UserTokenPolicy that would allow the password to be transmitted without encryption (Can be enabled via config->allowNonePolicyPassword) | Severity=175 | SourceName=System | EventType=client
[2026-08-15 16:52:53.018 (UTC)] info/session	[System] TCP 16	| SC 1	| Session "ns=1;g=4072c244-19e0-61b9-4934-a37ad5bddbad"	| Session created | Severity=75 | SourceName=System | EventType=session
[2026-08-15 16:52:53.029 (UTC)] info/session	[System] TCP 16	| SC 1	| Session "ns=1;g=4072c244-19e0-61b9-4934-a37ad5bddbad"	| ActivateSession: Session activated with ClientUserId "" | Severity=75 | SourceName=System | EventType=session
[2026-08-15 16:52:53.373 (UTC)] info/application	[Sensor] Updated distance: 41.20694247968818 cm | Severity=75 | SourceName=Sensor2 | EventType=application
[2026-08-15 16:52:53.415 (UTC)] info/session	[System] TCP 16	| SC 1	| Session "ns=1;g=4072c244-19e0-61b9-4934-a37ad5bddbad"	| Subscription 1 | Subscription created (Publishing interval 500.0ms, max 1000 notifications per publish) | Severity=75 | SourceName=System | EventType=session
[2026-08-15 16:52:53.435 (UTC)] info/session	[System] TCP 16	| SC 1	| Session "ns=1;g=4072c244-19e0-61b9-4934-a37ad5bddbad"	| Subscription 1 | MonitoredItem 1 | Created the MonitoredItem (Sampling Interval: 250.0ms, Queue Size: 1) | Severity=75 | SourceName=System | EventType=session
[2026-08-15 16:52:54.378 (UTC)] info/application	[Sensor] Updated distance: 17.607219405289374 cm | Severity=75 | SourceName=Sensor2 | EventType=application
[2026-08-15 16:52:55.370 (UTC)] info/application	[Sensor] Updated distance: 37.717802123966536 cm | Severity=75 | SourceName=Sensor2 | EventType=application
[2026-08-15 16:52:56.373 (UTC)] info/application	[Sensor] Updated distance: 40.82793800850768 cm | Severity=75 | SourceName=Sensor2 | EventType=application
[2026-08-15 16:52:57.376 (UTC)] info/application	[Sensor] Updated distance: 23.147864023758036 cm | Severity=75 | SourceName=Sensor2 | EventType=application
[2026-08-15 16:52:58.378 (UTC)] info/application	[Sensor] Updated distance: 24.05546434505631 cm | Severity=75 | SourceName=Sensor2 | EventType=application
[2026-08-15 16:52:59.371 (UTC)] info/application	[Sensor] Updated distance: 23.272274779748297 cm | Severity=75 | SourceName=Sensor2 | EventType=application
[2026-08-15 16:53:00.374 (UTC)] info/application	[Sensor] Updated distance: 17.172495394559807 cm | Severity=75 | SourceName=Sensor2 | EventType=application
[2026-08-15 16:53:01.377 (UTC)] info/application	[Sensor] Updated distance: 28.36957548296525 cm | Severity=75 | SourceName=Sensor2 | EventType=application
[2026-08-15 16:53:02.379 (UTC)] info/application	[Sensor] Updated distance: 18.930946797565998 cm | Severity=75 | SourceName=Sensor2 | EventType=application
[2026-08-15 16:53:03.372 (UTC)] info/application	[Sensor] Updated distance: 11.637842920440175 cm | Severity=75 | SourceName=Sensor2 | EventType=application
[2026-08-15 16:53:04.375 (UTC)] info/application	[Sensor] Updated distance: 19.765725009965582 cm | Severity=75 | SourceName=Sensor2 | EventType=application
[2026-08-15 16:53:05.377 (UTC)] info/application	[Sensor] Updated distance: 49.35773443400754 cm | Severity=75 | SourceName=Sensor2 | EventType=application
[2026-08-15 16:53:06.380 (UTC)] info/application	[Sensor] Updated distance: 39.55068384369401 cm | Severity=75 | SourceName=Sensor2 | EventType=application
[2026-08-15 16:53:07.372 (UTC)] info/application	[Sensor] Updated distance: 39.168495590411354 cm | Severity=75 | SourceName=Sensor2 | EventType=application
[2026-08-15 16:53:08.374 (UTC)] info/application	[Sensor] Updated distance: 9.921009343080692 cm | Severity=75 | SourceName=Sensor2 | EventType=application
[2026-08-15 16:53:09.378 (UTC)] info/application	[Sensor] Updated distance: 11.292267334317913 cm | Severity=75 | SourceName=Sensor2 | EventType=application
[2026-08-15 16:53:10.371 (UTC)] info/application	[Sensor] Updated distance: 36.50466605392502 cm | Severity=75 | SourceName=Sensor2 | EventType=application
[2026-08-15 16:53:11.376 (UTC)] info/application	[Sensor] Updated distance: 4.868007489884276 cm | Severity=75 | SourceName=Sensor2 | EventType=application
[2026-08-15 16:53:12.379 (UTC)] info/application	[Sensor] Updated distance: 8.859632837986403 cm | Severity=75 | SourceName=Sensor2 | EventType=application
[2026-08-15 16:53:13.371 (UTC)] info/application	[Sensor] Updated distance: 48.162379576900214 cm | Severity=75 | SourceName=Sensor2 | EventType=application
[2026-08-15 16:53:14.373 (UTC)] info/application	[Sensor] Updated distance: 21.009968334347924 cm | Severity=75 | SourceName=Sensor2 | EventType=application
[2026-08-15 16:53:15.375 (UTC)] info/application	[Sensor] Updated distance: 38.019556919121904 cm | Severity=75 | SourceName=Sensor2 | EventType=application
[2026-08-15 16:53:16.377 (UTC)] info/application	[Sensor] Updated distance: 9.203200298921764 cm | Severity=75 | SourceName=Sensor2 | EventType=application
[2026-08-15 16:53:17.379 (UTC)] info/application	[Sensor] Updated distance: 4.67349098747293 cm | Severity=75 | SourceName=Sensor2 | EventType=application
[2026-08-15 16:53:18.372 (UTC)] info/application	[Sensor] Updated distance: 10.645738978239585 cm | Severity=75 | SourceName=Sensor2 | EventType=application
[2026-08-15 16:53:19.375 (UTC)] info/application	[Sensor] Updated distance: 25.55371851825794 cm | Severity=75 | SourceName=Sensor2 | EventType=application
[2026-08-15 16:53:20.378 (UTC)] info/application	[Sensor] Updated distance: 43.66580918136323 cm | Severity=75 | SourceName=Sensor2 | EventType=application
[2026-08-15 16:53:21.371 (UTC)] info/application	[Sensor] Updated distance: 21.740197548521774 cm | Severity=75 | SourceName=Sensor2 | EventType=application
[2026-08-15 16:53:22.373 (UTC)] info/application	[Sensor] Updated distance: 7.824497277766698 cm | Severity=75 | SourceName=Sensor2 | EventType=application
[2026-08-15 16:53:23.377 (UTC)] info/application	[Sensor] Updated distance: 8.301785039855998 cm | Severity=75 | SourceName=Sensor2 | EventType=application
[2026-08-15 16:53:24.370 (UTC)] info/application	[Sensor] Updated distance: 12.947140028209956 cm | Severity=75 | SourceName=Sensor2 | EventType=application
[2026-08-15 16:53:25.374 (UTC)] info/application	[Sensor] Updated distance: 23.431716705407815 cm | Severity=75 | SourceName=Sensor2 | EventType=application
[2026-08-15 16:53:26.376 (UTC)] info/application	[Sensor] Updated distance: 44.01958718617427 cm | Severity=75 | SourceName=Sensor2 | EventType=application
[2026-08-15 16:53:27.379 (UTC)] info/application	[Sensor] Updated distance: 3.7750780143658993 cm | Severity=75 | SourceName=Sensor2 | EventType=application
[2026-08-15 16:53:28.372 (UTC)] info/application	[Sensor] Updated distance: 44.57958072916585 cm | Severity=75 | SourceName=Sensor2 | EventType=application
[2026-08-15 16:53:29.374 (UTC)] info/application	[Sensor] Updated distance: 18.075051508878847 cm | Severity=75 | SourceName=Sensor2 | EventType=application
[2026-08-15 16:53:30.377 (UTC)] info/application	[Sensor] Updated distance: 25.04735281646594 cm | Severity=75 | SourceName=Sensor2 | EventType=application
[2026-08-15 16:53:31.380 (UTC)] info/application	[Sensor] Updated distance: 11.752076101373916 cm | Severity=75 | SourceName=Sensor2 | EventType=application
[2026-08-15 16:53:32.371 (UTC)] info/application	[Sensor] Updated distance: 44.444626991844096 cm | Severity=75 | SourceName=Sensor2 | EventType=application
[2026-08-15 16:53:33.374 (UTC)] info/application	[Sensor] Updated distance: 41.97829961403194 cm | Severity=75 | SourceName=Sensor2 | EventType=application
[2026-08-15 16:53:34.377 (UTC)] info/application	[Sensor] Updated distance: 21.38991902181409 cm | Severity=75 | SourceName=Sensor2 | EventType=application
[2026-08-15 16:53:35.379 (UTC)] info/application	[Sensor] Updated distance: 14.210351979457936 cm | Severity=75 | SourceName=Sensor2 | EventType=application
[2026-08-15 16:53:36.372 (UTC)] info/application	[Sensor] Updated distance: 41.33603402568774 cm | Severity=75 | SourceName=Sensor2 | EventType=application
[2026-08-15 16:53:37.376 (UTC)] info/application	[Sensor] Updated distance: 10.940602843156364 cm | Severity=75 | SourceName=Sensor2 | EventType=application
[2026-08-15 16:53:38.379 (UTC)] info/application	[Sensor] Updated distance: 3.3788475475175526 cm | Severity=75 | SourceName=Sensor2 | EventType=application
[2026-08-15 16:53:39.371 (UTC)] info/application	[Sensor] Updated distance: 49.25704339112017 cm | Severity=75 | SourceName=Sensor2 | EventType=application
[2026-08-15 16:53:40.373 (UTC)] info/application	[Sensor] Updated distance: 20.232870199826017 cm | Severity=75 | SourceName=Sensor2 | EventType=application
[2026-08-15 16:53:41.375 (UTC)] info/application	[Sensor] Updated distance: 37.883513623794315 cm | Severity=75 | SourceName=Sensor2 | EventType=application
[2026-08-15 16:53:42.379 (UTC)] info/application	[Sensor] Updated distance: 4.125050858652708 cm | Severity=75 | SourceName=Sensor2 | EventType=application
[2026-08-15 16:53:43.373 (UTC)] info/application	[Sensor] Updated distance: 27.09250303781242 cm | Severity=75 | SourceName=Sensor2 | EventType=application
[2026-08-15 16:53:44.377 (UTC)] info/application	[Sensor] Updated distance: 36.04589317834279 cm | Severity=75 | SourceName=Sensor2 | EventType=application
[2026-08-15 16:53:45.370 (UTC)] info/application	[Sensor] Updated distance: 23.135019193000634 cm | Severity=75 | SourceName=Sensor2 | EventType=application
[2026-08-15 16:53:46.373 (UTC)] info/application	[Sensor] Updated distance: 15.112059934582588 cm | Severity=75 | SourceName=Sensor2 | EventType=application
[2026-08-15 16:53:47.375 (UTC)] info/application	[Sensor] Updated distance: 43.24909347726455 cm | Severity=75 | SourceName=Sensor2 | EventType=application
[2026-08-15 16:53:48.377 (UTC)] info/application	[Sensor] Updated distance: 25.808510180473565 cm | Severity=75 | SourceName=Sensor2 | EventType=application
[2026-08-15 16:53:49.379 (UTC)] info/application	[Sensor] Updated distance: 23.757798935173916 cm | Severity=75 | SourceName=Sensor2 | EventType=application
[2026-08-15 16:53:50.371 (UTC)] info/application	[Sensor] Updated distance: 18.802811973170755 cm | Severity=75 | SourceName=Sensor2 | EventType=application
[2026-08-15 16:53:51.374 (UTC)] info/application	[Sensor] Updated distance: 19.474319339485056 cm | Severity=75 | SourceName=Sensor2 | EventType=application
[2026-08-15 16:53:52.376 (UTC)] info/application	[Sensor] Updated distance: 43.49799648369569 cm | Severity=75 | SourceName=Sensor2 | EventType=application
[2026-08-15 16:53:53.379 (UTC)] info/application	[Sensor] Updated distance: 24.627309273289193 cm | Severity=75 | SourceName=Sensor2 | EventType=application
[2026-08-15 16:53:54.371 (UTC)] info/application	[Sensor] Updated distance: 25.776104379341053 cm | Severity=75 | SourceName=Sensor2 | EventType=application
[2026-08-15 16:53:55.373 (UTC)] info/application	[Sensor] Updated distance: 6.445136489553906 cm | Severity=75 | SourceName=Sensor2 | EventType=application
[2026-08-15 16:53:56.377 (UTC)] info/application	[Sensor] Updated distance: 46.05902597869701 cm | Severity=75 | SourceName=Sensor2 | EventType=application
[2026-08-15 16:53:57.379 (UTC)] info/application	[Sensor] Updated distance: 19.79569154316359 cm | Severity=75 | SourceName=Sensor2 | EventType=application
[2026-08-15 16:53:58.372 (UTC)] info/application	[Sensor] Updated distance: 8.220214526271548 cm | Severity=75 | SourceName=Sensor2 | EventType=application
[2026-08-15 16:53:59.375 (UTC)] info/application	[Sensor] Updated distance: 40.638606685511114 cm | Severity=75 | SourceName=Sensor2 | EventType=application
[2026-08-15 16:54:00.377 (UTC)] info/application	[Sensor] Updated distance: 35.870743052042435 cm | Severity=75 | SourceName=Sensor2 | EventType=application
[2026-08-15 16:54:01.371 (UTC)] info/application	[Sensor] Updated distance: 31.267567342737486 cm | Severity=75 | SourceName=Sensor2 | EventType=application
[2026-08-15 16:54:02.375 (UTC)] info/application	[Sensor] Updated distance: 2.3906827645332935 cm | Severity=75 | SourceName=Sensor2 | EventType=application
[2026-08-15 16:54:03.377 (UTC)] info/application	[Sensor] Updated distance: 30.31537002153479 cm | Severity=75 | SourceName=Sensor2 | EventType=application
[2026-08-15 16:54:04.370 (UTC)] info/application	[Sensor] Updated distance: 23.245866934417684 cm | Severity=75 | SourceName=Sensor2 | EventType=application
[2026-08-15 16:54:05.373 (UTC)] info/application	[Sensor] Updated distance: 21.780601786347386 cm | Severity=75 | SourceName=Sensor2 | EventType=application
[2026-08-15 16:54:06.376 (UTC)] info/application	[Sensor] Updated distance: 42.525722023344464 cm | Severity=75 | SourceName=Sensor2 | EventType=application
[2026-08-15 16:54:07.370 (UTC)] info/application	[Sensor] Updated distance: 14.581900937753682 cm | Severity=75 | SourceName=Sensor2 | EventType=application
[2026-08-15 16:54:08.373 (UTC)] info/application	[Sensor] Updated distance: 30.72120462950375 cm | Severity=75 | SourceName=Sensor2 | EventType=application
[2026-08-15 16:54:09.377 (UTC)] info/application	[Sensor] Updated distance: 43.90456957086202 cm | Severity=75 | SourceName=Sensor2 | EventType=application
[2026-08-15 16:54:10.372 (UTC)] info/application	[Sensor] Updated distance: 13.838944306522116 cm | Severity=75 | SourceName=Sensor2 | EventType=application
[2026-08-15 16:54:11.376 (UTC)] info/application	[Sensor] Updated distance: 48.95407482932977 cm | Severity=75 | SourceName=Sensor2 | EventType=application
[2026-08-15 16:54:12.379 (UTC)] info/application	[Sensor] Updated distance: 31.788083172304592 cm | Severity=75 | SourceName=Sensor2 | EventType=application
[2026-08-15 16:54:13.371 (UTC)] info/application	[Sensor] Updated distance: 15.963995165174824 cm | Severity=75 | SourceName=Sensor2 | EventType=application
[2026-08-15 16:54:14.373 (UTC)] info/application	[Sensor] Updated distance: 26.046577844790452 cm | Severity=75 | SourceName=Sensor2 | EventType=application
[2026-08-15 16:54:15.375 (UTC)] info/application	[Sensor] Updated distance: 17.83397632829564 cm | Severity=75 | SourceName=Sensor2 | EventType=application
[2026-08-15 16:54:16.378 (UTC)] info/application	[Sensor] Updated distance: 37.09901435817546 cm | Severity=75 | SourceName=Sensor2 | EventType=application
[2026-08-15 16:54:17.379 (UTC)] info/application	[Sensor] Updated distance: 39.15863780172478 cm | Severity=75 | SourceName=Sensor2 | EventType=application
[2026-08-15 16:54:18.371 (UTC)] info/application	[Sensor] Updated distance: 11.0830698055602 cm | Severity=75 | SourceName=Sensor2 | EventType=application
[2026-08-15 16:54:19.373 (UTC)] info/application	[Sensor] Updated distance: 12.907524516297283 cm | Severity=75 | SourceName=Sensor2 | EventType=application
[2026-08-15 16:54:20.375 (UTC)] info/application	[Sensor] Updated distance: 12.916436714546958 cm | Severity=75 | SourceName=Sensor2 | EventType=application
[2026-08-15 16:54:21.377 (UTC)] info/application	[Sensor] Updated distance: 27.885881778730955 cm | Severity=75 | SourceName=Sensor2 | EventType=application
[2026-08-15 16:54:22.379 (UTC)] info/application	[Sensor] Updated distance: 30.38184385578234 cm | Severity=75 | SourceName=Sensor2 | EventType=application
[2026-08-15 16:54:23.370 (UTC)] info/application	[Sensor] Updated distance: 6.414433175890908 cm | Severity=75 | SourceName=Sensor2 | EventType=application
[2026-08-15 16:54:24.372 (UTC)] info/application	[Sensor] Updated distance: 2.513191029668409 cm | Severity=75 | SourceName=Sensor2 | EventType=application
[2026-08-15 16:54:25.374 (UTC)] info/application	[Sensor] Updated distance: 6.157948235123394 cm | Severity=75 | SourceName=Sensor2 | EventType=application
[2026-08-15 16:54:26.376 (UTC)] info/application	[Sensor] Updated distance: 10.859569687796556 cm | Severity=75 | SourceName=Sensor2 | EventType=application
[2026-08-15 16:54:27.378 (UTC)] info/application	[Sensor] Updated distance: 46.57221700836541 cm | Severity=75 | SourceName=Sensor2 | EventType=application
[2026-08-15 16:54:28.380 (UTC)] info/application	[Sensor] Updated distance: 23.95363977828698 cm | Severity=75 | SourceName=Sensor2 | EventType=application
[2026-08-15 16:54:29.371 (UTC)] info/application	[Sensor] Updated distance: 17.079784214068102 cm | Severity=75 | SourceName=Sensor2 | EventType=application
[2026-08-15 16:54:30.373 (UTC)] info/application	[Sensor] Updated distance: 37.21082367152479 cm | Severity=75 | SourceName=Sensor2 | EventType=application
[2026-08-15 16:54:31.375 (UTC)] info/application	[Sensor] Updated distance: 9.824382830329418 cm | Severity=75 | SourceName=Sensor2 | EventType=application
[2026-08-15 16:54:32.377 (UTC)] info/application	[Sensor] Updated distance: 46.34735155680559 cm | Severity=75 | SourceName=Sensor2 | EventType=application
[2026-08-15 16:54:33.378 (UTC)] info/application	[Sensor] Updated distance: 37.60150643605809 cm | Severity=75 | SourceName=Sensor2 | EventType=application
[2026-08-15 16:54:34.371 (UTC)] info/application	[Sensor] Updated distance: 38.13975285186421 cm | Severity=75 | SourceName=Sensor2 | EventType=application
[2026-08-15 16:54:35.373 (UTC)] info/application	[Sensor] Updated distance: 19.593218468871534 cm | Severity=75 | SourceName=Sensor2 | EventType=application
[2026-08-15 16:54:36.375 (UTC)] info/application	[Sensor] Updated distance: 9.382108200053734 cm | Severity=75 | SourceName=Sensor2 | EventType=application
[2026-08-15 16:54:37.377 (UTC)] info/application	[Sensor] Updated distance: 30.665474852856935 cm | Severity=75 | SourceName=Sensor2 | EventType=application
[2026-08-15 16:54:38.379 (UTC)] info/application	[Sensor] Updated distance: 32.175119406625214 cm | Severity=75 | SourceName=Sensor2 | EventType=application
[2026-08-15 16:54:39.371 (UTC)] info/application	[Sensor] Updated distance: 38.10331285190922 cm | Severity=75 | SourceName=Sensor2 | EventType=application
[2026-08-15 16:54:40.372 (UTC)] info/application	[Sensor] Updated distance: 24.570044423718958 cm | Severity=75 | SourceName=Sensor2 | EventType=application
[2026-08-15 16:54:41.374 (UTC)] info/application	[Sensor] Updated distance: 44.01406373549907 cm | Severity=75 | SourceName=Sensor2 | EventType=application
[2026-08-15 16:54:42.376 (UTC)] info/application	[Sensor] Updated distance: 37.05738765888726 cm | Severity=75 | SourceName=Sensor2 | EventType=application
[2026-08-15 16:54:43.378 (UTC)] info/application	[Sensor] Updated distance: 6.35812757367181 cm | Severity=75 | SourceName=Sensor2 | EventType=application
[2026-08-15 16:54:44.379 (UTC)] info/application	[Sensor] Updated distance: 9.978058878322159 cm | Severity=75 | SourceName=Sensor2 | EventType=application
[2026-08-15 16:54:45.371 (UTC)] info/application	[Sensor] Updated distance: 13.10396550367771 cm | Severity=75 | SourceName=Sensor2 | EventType=application
[2026-08-15 16:54:46.373 (UTC)] info/application	[Sensor] Updated distance: 22.192103924319195 cm | Severity=75 | SourceName=Sensor2 | EventType=application
[2026-08-15 16:54:47.375 (UTC)] info/application	[Sensor] Updated distance: 45.07707325884936 cm | Severity=75 | SourceName=Sensor2 | EventType=application
[2026-08-15 16:54:48.377 (UTC)] info/application	[Sensor] Updated distance: 2.262603283050751 cm | Severity=75 | SourceName=Sensor2 | EventType=application
[2026-08-15 16:54:49.378 (UTC)] info/application	[Sensor] Updated distance: 31.275173729879395 cm | Severity=75 | SourceName=Sensor2 | EventType=application
[2026-08-15 16:54:50.371 (UTC)] info/application	[Sensor] Updated distance: 7.984597752794901 cm | Severity=75 | SourceName=Sensor2 | EventType=application
[2026-08-15 16:54:51.373 (UTC)] info/application	[Sensor] Updated distance: 13.179039997597709 cm | Severity=75 | SourceName=Sensor2 | EventType=application
[2026-08-15 16:54:52.375 (UTC)] info/application	[Sensor] Updated distance: 9.161055486258611 cm | Severity=75 | SourceName=Sensor2 | EventType=application
[2026-08-15 16:54:53.377 (UTC)] info/application	[Sensor] Updated distance: 36.36644163092898 cm | Severity=75 | SourceName=Sensor2 | EventType=application
[2026-08-15 16:54:54.380 (UTC)] info/application	[Sensor] Updated distance: 17.59347317348862 cm | Severity=75 | SourceName=Sensor2 | EventType=application
[2026-08-15 16:54:55.372 (UTC)] info/application	[Sensor] Updated distance: 9.674246538278762 cm | Severity=75 | SourceName=Sensor2 | EventType=application
[2026-08-15 16:54:56.374 (UTC)] info/application	[Sensor] Updated distance: 40.524389866052374 cm | Severity=75 | SourceName=Sensor2 | EventType=application
[2026-08-15 16:54:57.376 (UTC)] info/application	[Sensor] Updated distance: 26.453042861285173 cm | Severity=75 | SourceName=Sensor2 | EventType=application
[2026-08-15 16:54:58.378 (UTC)] info/application	[Sensor] Updated distance: 6.246463524292439 cm | Severity=75 | SourceName=Sensor2 | EventType=application
[2026-08-15 16:54:59.371 (UTC)] info/application	[Sensor] Updated distance: 14.478029621987616 cm | Severity=75 | SourceName=Sensor2 | EventType=application
[2026-08-15 16:55:00.373 (UTC)] info/application	[Sensor] Updated distance: 41.532827075353275 cm | Severity=75 | SourceName=Sensor2 | EventType=application
[2026-08-15 16:55:01.375 (UTC)] info/application	[Sensor] Updated distance: 41.45728721816897 cm | Severity=75 | SourceName=Sensor2 | EventType=application
[2026-08-15 16:55:02.378 (UTC)] info/application	[Sensor] Updated distance: 22.302412452317032 cm | Severity=75 | SourceName=Sensor2 | EventType=application
[2026-08-15 16:55:03.370 (UTC)] info/application	[Sensor] Updated distance: 37.880178609807125 cm | Severity=75 | SourceName=Sensor2 | EventType=application
[2026-08-15 16:55:04.371 (UTC)] info/application	[Sensor] Updated distance: 29.058793631875325 cm | Severity=75 | SourceName=Sensor2 | EventType=application
[2026-08-15 16:55:05.373 (UTC)] info/application	[Sensor] Updated distance: 10.442165304181243 cm | Severity=75 | SourceName=Sensor2 | EventType=application
[2026-08-15 16:55:06.376 (UTC)] info/application	[Sensor] Updated distance: 7.47339705632692 cm | Severity=75 | SourceName=Sensor2 | EventType=application
[2026-08-15 16:55:07.378 (UTC)] info/application	[Sensor] Updated distance: 36.4409018542808 cm | Severity=75 | SourceName=Sensor2 | EventType=application
[2026-08-15 16:55:08.379 (UTC)] info/application	[Sensor] Updated distance: 39.107640157038176 cm | Severity=75 | SourceName=Sensor2 | EventType=application
[2026-08-15 16:55:09.371 (UTC)] info/application	[Sensor] Updated distance: 37.64851648530388 cm | Severity=75 | SourceName=Sensor2 | EventType=application
[2026-08-15 16:55:10.373 (UTC)] info/application	[Sensor] Updated distance: 24.544214683838288 cm | Severity=75 | SourceName=Sensor2 | EventType=application
[2026-08-15 16:55:11.376 (UTC)] info/application	[Sensor] Updated distance: 13.677684558405394 cm | Severity=75 | SourceName=Sensor2 | EventType=application
[2026-08-15 16:55:12.378 (UTC)] info/application	[Sensor] Updated distance: 31.662580198451213 cm | Severity=75 | SourceName=Sensor2 | EventType=application
[2026-08-15 16:55:13.370 (UTC)] info/application	[Sensor] Updated distance: 11.601602320373804 cm | Severity=75 | SourceName=Sensor2 | EventType=application
[2026-08-15 16:55:14.372 (UTC)] info/application	[Sensor] Updated distance: 18.035812154428946 cm | Severity=75 | SourceName=Sensor2 | EventType=application
[2026-08-15 16:55:15.374 (UTC)] info/application	[Sensor] Updated distance: 39.640639076773375 cm | Severity=75 | SourceName=Sensor2 | EventType=application
[2026-08-15 16:55:16.376 (UTC)] info/application	[Sensor] Updated distance: 22.705567824051514 cm | Severity=75 | SourceName=Sensor2 | EventType=application
[2026-08-15 16:55:17.378 (UTC)] info/application	[Sensor] Updated distance: 38.22791607874814 cm | Severity=75 | SourceName=Sensor2 | EventType=application
[2026-08-15 16:55:18.370 (UTC)] info/application	[Sensor] Updated distance: 34.717712313270994 cm | Severity=75 | SourceName=Sensor2 | EventType=application
[2026-08-15 16:55:19.372 (UTC)] info/application	[Sensor] Updated distance: 22.968171107102265 cm | Severity=75 | SourceName=Sensor2 | EventType=application
[2026-08-15 16:55:20.374 (UTC)] info/application	[Sensor] Updated distance: 19.503089786275797 cm | Severity=75 | SourceName=Sensor2 | EventType=application
[2026-08-15 16:55:21.376 (UTC)] info/application	[Sensor] Updated distance: 40.70231008841763 cm | Severity=75 | SourceName=Sensor2 | EventType=application
[2026-08-15 16:55:22.378 (UTC)] info/application	[Sensor] Updated distance: 34.14721110469997 cm | Severity=75 | SourceName=Sensor2 | EventType=application
[2026-08-15 16:55:23.370 (UTC)] info/application	[Sensor] Updated distance: 26.664145272534405 cm | Severity=75 | SourceName=Sensor2 | EventType=application
[2026-08-15 16:55:24.371 (UTC)] info/application	[Sensor] Updated distance: 27.068751696994877 cm | Severity=75 | SourceName=Sensor2 | EventType=application
[2026-08-15 16:55:25.373 (UTC)] info/application	[Sensor] Updated distance: 49.74068430054033 cm | Severity=75 | SourceName=Sensor2 | EventType=application
[2026-08-15 16:55:26.375 (UTC)] info/application	[Sensor] Updated distance: 34.33839181081317 cm | Severity=75 | SourceName=Sensor2 | EventType=application
[2026-08-15 16:55:27.376 (UTC)] info/application	[Sensor] Updated distance: 17.593141540695513 cm | Severity=75 | SourceName=Sensor2 | EventType=application
[2026-08-15 16:55:28.378 (UTC)] info/application	[Sensor] Updated distance: 26.193727139473765 cm | Severity=75 | SourceName=Sensor2 | EventType=application
[2026-08-15 16:55:29.380 (UTC)] info/application	[Sensor] Updated distance: 38.58485535745735 cm | Severity=75 | SourceName=Sensor2 | EventType=application
[2026-08-15 16:55:30.371 (UTC)] info/application	[Sensor] Updated distance: 30.07117116268313 cm | Severity=75 | SourceName=Sensor2 | EventType=application
[2026-08-15 16:55:31.373 (UTC)] info/application	[Sensor] Updated distance: 17.72655421482704 cm | Severity=75 | SourceName=Sensor2 | EventType=application
[2026-08-15 16:55:32.376 (UTC)] info/application	[Sensor] Updated distance: 30.042142553274584 cm | Severity=75 | SourceName=Sensor2 | EventType=application
[2026-08-15 16:55:33.377 (UTC)] info/application	[Sensor] Updated distance: 2.373583615000166 cm | Severity=75 | SourceName=Sensor2 | EventType=application
[2026-08-15 16:55:34.379 (UTC)] info/application	[Sensor] Updated distance: 5.606732802282428 cm | Severity=75 | SourceName=Sensor2 | EventType=application
[2026-08-15 16:55:35.371 (UTC)] info/application	[Sensor] Updated distance: 9.10093616279817 cm | Severity=75 | SourceName=Sensor2 | EventType=application
[2026-08-15 16:55:36.373 (UTC)] info/application	[Sensor] Updated distance: 10.815748919181408 cm | Severity=75 | SourceName=Sensor2 | EventType=application
[2026-08-15 16:55:37.375 (UTC)] info/application	[Sensor] Updated distance: 11.08012988096109 cm | Severity=75 | SourceName=Sensor2 | EventType=application
[2026-08-15 16:55:38.376 (UTC)] info/application	[Sensor] Updated distance: 43.54183801707897 cm | Severity=75 | SourceName=Sensor2 | EventType=application
[2026-08-15 16:55:39.379 (UTC)] info/application	[Sensor] Updated distance: 47.923389076219586 cm | Severity=75 | SourceName=Sensor2 | EventType=application
[2026-08-15 16:55:40.370 (UTC)] info/application	[Sensor] Updated distance: 46.72864636626497 cm | Severity=75 | SourceName=Sensor2 | EventType=application
[2026-08-15 16:55:41.372 (UTC)] info/application	[Sensor] Updated distance: 18.08605267856552 cm | Severity=75 | SourceName=Sensor2 | EventType=application
[2026-08-15 16:55:42.373 (UTC)] info/application	[Sensor] Updated distance: 11.601073634624981 cm | Severity=75 | SourceName=Sensor2 | EventType=application
[2026-08-15 16:55:43.375 (UTC)] info/application	[Sensor] Updated distance: 28.391226542364443 cm | Severity=75 | SourceName=Sensor2 | EventType=application
[2026-08-15 16:55:44.377 (UTC)] info/application	[Sensor] Updated distance: 27.687655021291064 cm | Severity=75 | SourceName=Sensor2 | EventType=application
[2026-08-15 16:55:45.378 (UTC)] info/application	[Sensor] Updated distance: 27.636885789053924 cm | Severity=75 | SourceName=Sensor2 | EventType=application
[2026-08-15 16:55:46.370 (UTC)] info/application	[Sensor] Updated distance: 18.031865596786076 cm | Severity=75 | SourceName=Sensor2 | EventType=application
[2026-08-15 16:55:47.372 (UTC)] info/application	[Sensor] Updated distance: 48.39322284534258 cm | Severity=75 | SourceName=Sensor2 | EventType=application
[2026-08-15 16:55:48.374 (UTC)] info/application	[Sensor] Updated distance: 15.864801845450327 cm | Severity=75 | SourceName=Sensor2 | EventType=application
[2026-08-15 16:55:49.375 (UTC)] info/application	[Sensor] Updated distance: 2.7495779100570723 cm | Severity=75 | SourceName=Sensor2 | EventType=application
[2026-08-15 16:55:50.377 (UTC)] info/application	[Sensor] Updated distance: 21.361393952444843 cm | Severity=75 | SourceName=Sensor2 | EventType=application
[2026-08-15 16:55:51.379 (UTC)] info/application	[Sensor] Updated distance: 33.367891631726124 cm | Severity=75 | SourceName=Sensor2 | EventType=application
[2026-08-15 16:55:52.370 (UTC)] info/application	[Sensor] Updated distance: 41.45188799847471 cm | Severity=75 | SourceName=Sensor2 | EventType=application
[2026-08-15 16:55:53.372 (UTC)] info/application	[Sensor] Updated distance: 5.508605034793078 cm | Severity=75 | SourceName=Sensor2 | EventType=application
[2026-08-15 16:55:54.374 (UTC)] info/application	[Sensor] Updated distance: 10.032036881908791 cm | Severity=75 | SourceName=Sensor2 | EventType=application
[2026-08-15 16:55:55.376 (UTC)] info/application	[Sensor] Updated distance: 18.520639673117845 cm | Severity=75 | SourceName=Sensor2 | EventType=application
[2026-08-15 16:55:56.378 (UTC)] info/application	[Sensor] Updated distance: 5.249289312981669 cm | Severity=75 | SourceName=Sensor2 | EventType=application
[2026-08-15 16:55:57.370 (UTC)] info/application	[Sensor] Updated distance: 42.3704287150737 cm | Severity=75 | SourceName=Sensor2 | EventType=application
[2026-08-15 16:55:58.373 (UTC)] info/application	[Sensor] Updated distance: 34.11378121381336 cm | Severity=75 | SourceName=Sensor2 | EventType=application
[2026-08-15 16:55:59.375 (UTC)] info/application	[Sensor] Updated distance: 29.443016474807177 cm | Severity=75 | SourceName=Sensor2 | EventType=application
[2026-08-15 16:56:00.376 (UTC)] info/application	[Sensor] Updated distance: 30.955284050179312 cm | Severity=75 | SourceName=Sensor2 | EventType=application
[2026-08-15 16:56:01.377 (UTC)] info/application	[Sensor] Updated distance: 14.184952354144748 cm | Severity=75 | SourceName=Sensor2 | EventType=application
[2026-08-15 16:56:02.379 (UTC)] info/application	[Sensor] Updated distance: 45.16957068963422 cm | Severity=75 | SourceName=Sensor2 | EventType=application
[2026-08-15 16:56:03.370 (UTC)] info/application	[Sensor] Updated distance: 10.997426581102156 cm | Severity=75 | SourceName=Sensor2 | EventType=application
[2026-08-15 16:56:04.371 (UTC)] info/application	[Sensor] Updated distance: 14.558535969144913 cm | Severity=75 | SourceName=Sensor2 | EventType=application
[2026-08-15 16:56:05.373 (UTC)] info/application	[Sensor] Updated distance: 48.77630349191664 cm | Severity=75 | SourceName=Sensor2 | EventType=application
[2026-08-15 16:56:06.375 (UTC)] info/application	[Sensor] Updated distance: 18.098362743900324 cm | Severity=75 | SourceName=Sensor2 | EventType=application
[2026-08-15 16:56:07.377 (UTC)] info/application	[Sensor] Updated distance: 23.374284888326322 cm | Severity=75 | SourceName=Sensor2 | EventType=application
[2026-08-15 16:56:08.378 (UTC)] info/application	[Sensor] Updated distance: 9.856433350525997 cm | Severity=75 | SourceName=Sensor2 | EventType=application
[2026-08-15 16:56:09.380 (UTC)] info/application	[Sensor] Updated distance: 11.640200760979297 cm | Severity=75 | SourceName=Sensor2 | EventType=application
[2026-08-15 16:56:10.371 (UTC)] info/application	[Sensor] Updated distance: 21.297673964545908 cm | Severity=75 | SourceName=Sensor2 | EventType=application
[2026-08-15 16:56:11.372 (UTC)] info/application	[Sensor] Updated distance: 6.585079694439228 cm | Severity=75 | SourceName=Sensor2 | EventType=application
[2026-08-15 16:56:12.373 (UTC)] info/application	[Sensor] Updated distance: 27.726253439544816 cm | Severity=75 | SourceName=Sensor2 | EventType=application
[2026-08-15 16:56:13.374 (UTC)] info/application	[Sensor] Updated distance: 30.89874759917089 cm | Severity=75 | SourceName=Sensor2 | EventType=application
[2026-08-15 16:56:14.376 (UTC)] info/application	[Sensor] Updated distance: 32.97630623680367 cm | Severity=75 | SourceName=Sensor2 | EventType=application
[2026-08-15 16:56:15.378 (UTC)] info/application	[Sensor] Updated distance: 5.413908438484142 cm | Severity=75 | SourceName=Sensor2 | EventType=application
[2026-08-15 16:56:16.379 (UTC)] info/application	[Sensor] Updated distance: 8.535633365873077 cm | Severity=75 | SourceName=Sensor2 | EventType=application
[2026-08-15 16:56:17.371 (UTC)] info/application	[Sensor] Updated distance: 49.00817185594149 cm | Severity=75 | SourceName=Sensor2 | EventType=application
[2026-08-15 16:56:18.372 (UTC)] info/application	[Sensor] Updated distance: 3.8071312838267213 cm | Severity=75 | SourceName=Sensor2 | EventType=application
[2026-08-15 16:56:19.374 (UTC)] info/application	[Sensor] Updated distance: 22.400435211323405 cm | Severity=75 | SourceName=Sensor2 | EventType=application
[2026-08-15 16:56:20.375 (UTC)] info/application	[Sensor] Updated distance: 49.75774976599857 cm | Severity=75 | SourceName=Sensor2 | EventType=application
[2026-08-15 16:56:21.377 (UTC)] info/application	[Sensor] Updated distance: 23.168525236271567 cm | Severity=75 | SourceName=Sensor2 | EventType=application
[2026-08-15 16:56:22.378 (UTC)] info/application	[Sensor] Updated distance: 5.768326820697787 cm | Severity=75 | SourceName=Sensor2 | EventType=application
[2026-08-15 16:56:23.380 (UTC)] info/application	[Sensor] Updated distance: 41.20963774212154 cm | Severity=75 | SourceName=Sensor2 | EventType=application
[2026-08-15 16:56:24.371 (UTC)] info/application	[Sensor] Updated distance: 26.67713027106464 cm | Severity=75 | SourceName=Sensor2 | EventType=application
[2026-08-15 16:56:25.373 (UTC)] info/application	[Sensor] Updated distance: 13.800363702606578 cm | Severity=75 | SourceName=Sensor2 | EventType=application
[2026-08-15 16:56:26.376 (UTC)] info/application	[Sensor] Updated distance: 9.73027739288764 cm | Severity=75 | SourceName=Sensor2 | EventType=application
[2026-08-15 16:56:27.377 (UTC)] info/application	[Sensor] Updated distance: 29.926419606398053 cm | Severity=75 | SourceName=Sensor2 | EventType=application
[2026-08-15 16:56:28.378 (UTC)] info/application	[Sensor] Updated distance: 6.17079239532854 cm | Severity=75 | SourceName=Sensor2 | EventType=application
[2026-08-15 16:56:29.380 (UTC)] info/application	[Sensor] Updated distance: 41.844058606701 cm | Severity=75 | SourceName=Sensor2 | EventType=application
[2026-08-15 16:56:30.371 (UTC)] info/application	[Sensor] Updated distance: 9.36943605885349 cm | Severity=75 | SourceName=Sensor2 | EventType=application
[2026-08-15 16:56:31.372 (UTC)] info/application	[Sensor] Updated distance: 35.12607644550785 cm | Severity=75 | SourceName=Sensor2 | EventType=application
[2026-08-15 16:56:32.375 (UTC)] info/application	[Sensor] Updated distance: 6.029010938494006 cm | Severity=75 | SourceName=Sensor2 | EventType=application
[2026-08-15 16:56:33.377 (UTC)] info/application	[Sensor] Updated distance: 4.539006726135968 cm | Severity=75 | SourceName=Sensor2 | EventType=application
[2026-08-15 16:56:34.379 (UTC)] info/application	[Sensor] Updated distance: 44.12350302661001 cm | Severity=75 | SourceName=Sensor2 | EventType=application
[2026-08-15 16:56:35.370 (UTC)] info/application	[Sensor] Updated distance: 18.587546929990662 cm | Severity=75 | SourceName=Sensor2 | EventType=application
[2026-08-15 16:56:36.372 (UTC)] info/application	[Sensor] Updated distance: 3.3153101957008753 cm | Severity=75 | SourceName=Sensor2 | EventType=application
[2026-08-15 16:56:37.373 (UTC)] info/application	[Sensor] Updated distance: 12.221865770510334 cm | Severity=75 | SourceName=Sensor2 | EventType=application
[2026-08-15 16:56:38.375 (UTC)] info/application	[Sensor] Updated distance: 39.96183181831698 cm | Severity=75 | SourceName=Sensor2 | EventType=application
[2026-08-15 16:56:39.376 (UTC)] info/application	[Sensor] Updated distance: 11.171743568578615 cm | Severity=75 | SourceName=Sensor2 | EventType=application
[2026-08-15 16:56:40.378 (UTC)] info/application	[Sensor] Updated distance: 21.86206653148963 cm | Severity=75 | SourceName=Sensor2 | EventType=application
[2026-08-15 16:56:41.379 (UTC)] info/application	[Sensor] Updated distance: 11.259505760511153 cm | Severity=75 | SourceName=Sensor2 | EventType=application
[2026-08-15 16:56:42.371 (UTC)] info/application	[Sensor] Updated distance: 15.756823263017843 cm | Severity=75 | SourceName=Sensor2 | EventType=application
[2026-08-15 16:56:43.373 (UTC)] info/application	[Sensor] Updated distance: 47.58831997103445 cm | Severity=75 | SourceName=Sensor2 | EventType=application
[2026-08-15 16:56:44.375 (UTC)] info/application	[Sensor] Updated distance: 40.15825335968204 cm | Severity=75 | SourceName=Sensor2 | EventType=application
[2026-08-15 16:56:45.376 (UTC)] info/application	[Sensor] Updated distance: 46.73312952217326 cm | Severity=75 | SourceName=Sensor2 | EventType=application
[2026-08-15 16:56:46.378 (UTC)] info/application	[Sensor] Updated distance: 3.002228409518594 cm | Severity=75 | SourceName=Sensor2 | EventType=application
[2026-08-15 16:56:47.380 (UTC)] info/application	[Sensor] Updated distance: 46.69388672555512 cm | Severity=75 | SourceName=Sensor2 | EventType=application
[2026-08-15 16:56:48.372 (UTC)] info/application	[Sensor] Updated distance: 45.741301355763014 cm | Severity=75 | SourceName=Sensor2 | EventType=application
[2026-08-15 16:56:49.374 (UTC)] info/application	[Sensor] Updated distance: 4.809359693345316 cm | Severity=75 | SourceName=Sensor2 | EventType=application
[2026-08-15 16:56:50.376 (UTC)] info/application	[Sensor] Updated distance: 19.094321914526784 cm | Severity=75 | SourceName=Sensor2 | EventType=application
[2026-08-15 16:56:51.378 (UTC)] info/application	[Sensor] Updated distance: 45.49905109940983 cm | Severity=75 | SourceName=Sensor2 | EventType=application
[2026-08-15 16:56:52.379 (UTC)] info/application	[Sensor] Updated distance: 25.97788492961688 cm | Severity=75 | SourceName=Sensor2 | EventType=application
[2026-08-15 16:56:53.370 (UTC)] info/application	[Sensor] Updated distance: 22.86264873522457 cm | Severity=75 | SourceName=Sensor2 | EventType=application
[2026-08-15 16:56:54.372 (UTC)] info/application	[Sensor] Updated distance: 36.70868881917963 cm | Severity=75 | SourceName=Sensor2 | EventType=application
[2026-08-15 16:56:55.374 (UTC)] info/application	[Sensor] Updated distance: 2.655015178329784 cm | Severity=75 | SourceName=Sensor2 | EventType=application
[2026-08-15 16:56:56.375 (UTC)] info/application	[Sensor] Updated distance: 34.66301246018289 cm | Severity=75 | SourceName=Sensor2 | EventType=application
[2026-08-15 16:56:57.377 (UTC)] info/application	[Sensor] Updated distance: 44.43896621206727 cm | Severity=75 | SourceName=Sensor2 | EventType=application
[2026-08-15 16:56:58.378 (UTC)] info/application	[Sensor] Updated distance: 30.581434784727836 cm | Severity=75 | SourceName=Sensor2 | EventType=application
[2026-08-15 16:56:59.370 (UTC)] info/application	[Sensor] Updated distance: 38.83380485551143 cm | Severity=75 | SourceName=Sensor2 | EventType=application
[2026-08-15 16:57:00.372 (UTC)] info/application	[Sensor] Updated distance: 36.28302479641653 cm | Severity=75 | SourceName=Sensor2 | EventType=application
[2026-08-15 16:57:01.373 (UTC)] info/application	[Sensor] Updated distance: 37.95087084358133 cm | Severity=75 | SourceName=Sensor2 | EventType=application
[2026-08-15 16:57:02.375 (UTC)] info/application	[Sensor] Updated distance: 23.959881301019283 cm | Severity=75 | SourceName=Sensor2 | EventType=application
[2026-08-15 16:57:03.376 (UTC)] info/application	[Sensor] Updated distance: 40.31203573491053 cm | Severity=75 | SourceName=Sensor2 | EventType=application
[2026-08-15 16:57:04.378 (UTC)] info/application	[Sensor] Updated distance: 40.489877569717294 cm | Severity=75 | SourceName=Sensor2 | EventType=application
[2026-08-15 16:57:05.380 (UTC)] info/application	[Sensor] Updated distance: 18.08338430527755 cm | Severity=75 | SourceName=Sensor2 | EventType=application
[2026-08-15 16:57:06.372 (UTC)] info/application	[Sensor] Updated distance: 8.899582642549454 cm | Severity=75 | SourceName=Sensor2 | EventType=application
[2026-08-15 16:57:07.373 (UTC)] info/application	[Sensor] Updated distance: 41.80518778776991 cm | Severity=75 | SourceName=Sensor2 | EventType=application
[2026-08-15 16:57:08.375 (UTC)] info/application	[Sensor] Updated distance: 28.305250075787885 cm | Severity=75 | SourceName=Sensor2 | EventType=application
[2026-08-15 16:57:09.376 (UTC)] info/application	[Sensor] Updated distance: 46.86141448321818 cm | Severity=75 | SourceName=Sensor2 | EventType=application
[2026-08-15 16:57:10.378 (UTC)] info/application	[Sensor] Updated distance: 2.9769313339967893 cm | Severity=75 | SourceName=Sensor2 | EventType=application
[2026-08-15 16:57:11.370 (UTC)] info/application	[Sensor] Updated distance: 48.16731660727752 cm | Severity=75 | SourceName=Sensor2 | EventType=application
[2026-08-15 16:57:12.372 (UTC)] info/application	[Sensor] Updated distance: 8.120920221377592 cm | Severity=75 | SourceName=Sensor2 | EventType=application
[2026-08-15 16:57:13.375 (UTC)] info/application	[Sensor] Updated distance: 16.73375459701463 cm | Severity=75 | SourceName=Sensor2 | EventType=application
[2026-08-15 16:57:14.377 (UTC)] info/application	[Sensor] Updated distance: 45.75563657831197 cm | Severity=75 | SourceName=Sensor2 | EventType=application
[2026-08-15 16:57:15.378 (UTC)] info/application	[Sensor] Updated distance: 46.27917360341138 cm | Severity=75 | SourceName=Sensor2 | EventType=application
[2026-08-15 16:57:16.370 (UTC)] info/application	[Sensor] Updated distance: 13.466884096836152 cm | Severity=75 | SourceName=Sensor2 | EventType=application
[2026-08-15 16:57:17.372 (UTC)] info/application	[Sensor] Updated distance: 46.757864987830565 cm | Severity=75 | SourceName=Sensor2 | EventType=application
[2026-08-15 16:57:18.373 (UTC)] info/application	[Sensor] Updated distance: 42.973060306614755 cm | Severity=75 | SourceName=Sensor2 | EventType=application
[2026-08-15 16:57:19.375 (UTC)] info/application	[Sensor] Updated distance: 9.208185430247422 cm | Severity=75 | SourceName=Sensor2 | EventType=application
[2026-08-15 16:57:20.377 (UTC)] info/application	[Sensor] Updated distance: 49.56722468117588 cm | Severity=75 | SourceName=Sensor2 | EventType=application
[2026-08-15 16:57:21.379 (UTC)] info/application	[Sensor] Updated distance: 12.067382221141543 cm | Severity=75 | SourceName=Sensor2 | EventType=application
[2026-08-15 16:57:22.370 (UTC)] info/application	[Sensor] Updated distance: 4.70723650730552 cm | Severity=75 | SourceName=Sensor2 | EventType=application
[2026-08-15 16:57:23.373 (UTC)] info/application	[Sensor] Updated distance: 25.545109588441022 cm | Severity=75 | SourceName=Sensor2 | EventType=application
[2026-08-15 16:57:24.375 (UTC)] info/application	[Sensor] Updated distance: 32.93003095636611 cm | Severity=75 | SourceName=Sensor2 | EventType=application
[2026-08-15 16:57:25.377 (UTC)] info/application	[Sensor] Updated distance: 39.41592532648515 cm | Severity=75 | SourceName=Sensor2 | EventType=application
[2026-08-15 16:57:26.379 (UTC)] info/application	[Sensor] Updated distance: 26.200124766770806 cm | Severity=75 | SourceName=Sensor2 | EventType=application
[2026-08-15 16:57:27.371 (UTC)] info/application	[Sensor] Updated distance: 17.593043394197263 cm | Severity=75 | SourceName=Sensor2 | EventType=application
[2026-08-15 16:57:28.372 (UTC)] info/application	[Sensor] Updated distance: 33.85489151620068 cm | Severity=75 | SourceName=Sensor2 | EventType=application
[2026-08-15 16:57:29.375 (UTC)] info/application	[Sensor] Updated distance: 6.781559551498647 cm | Severity=75 | SourceName=Sensor2 | EventType=application
[2026-08-15 16:57:30.376 (UTC)] info/application	[Sensor] Updated distance: 6.426848249708697 cm | Severity=75 | SourceName=Sensor2 | EventType=application
[2026-08-15 16:57:31.378 (UTC)] info/application	[Sensor] Updated distance: 20.13791629026547 cm | Severity=75 | SourceName=Sensor2 | EventType=application
[2026-08-15 16:57:32.379 (UTC)] info/application	[Sensor] Updated distance: 42.73243039507997 cm | Severity=75 | SourceName=Sensor2 | EventType=application
[2026-08-15 16:57:33.370 (UTC)] info/application	[Sensor] Updated distance: 28.38672955072798 cm | Severity=75 | SourceName=Sensor2 | EventType=application
[2026-08-15 16:57:34.371 (UTC)] info/application	[Sensor] Updated distance: 10.449952025176003 cm | Severity=75 | SourceName=Sensor2 | EventType=application
[2026-08-15 16:57:35.373 (UTC)] info/application	[Sensor] Updated distance: 33.222307964797274 cm | Severity=75 | SourceName=Sensor2 | EventType=application
[2026-08-15 16:57:36.374 (UTC)] info/application	[Sensor] Updated distance: 44.47011385600553 cm | Severity=75 | SourceName=Sensor2 | EventType=application
[2026-08-15 16:57:37.377 (UTC)] info/application	[Sensor] Updated distance: 17.349534667725457 cm | Severity=75 | SourceName=Sensor2 | EventType=application
[2026-08-15 16:57:38.378 (UTC)] info/application	[Sensor] Updated distance: 25.02749573021545 cm | Severity=75 | SourceName=Sensor2 | EventType=application
[2026-08-15 16:57:39.380 (UTC)] info/application	[Sensor] Updated distance: 22.77536393179342 cm | Severity=75 | SourceName=Sensor2 | EventType=application
[2026-08-15 16:57:40.371 (UTC)] info/application	[Sensor] Updated distance: 14.210949128591897 cm | Severity=75 | SourceName=Sensor2 | EventType=application
[2026-08-15 16:57:41.373 (UTC)] info/application	[Sensor] Updated distance: 26.004427064212237 cm | Severity=75 | SourceName=Sensor2 | EventType=application
[2026-08-15 16:57:42.375 (UTC)] info/application	[Sensor] Updated distance: 20.942680516719204 cm | Severity=75 | SourceName=Sensor2 | EventType=application
[2026-08-15 16:57:43.377 (UTC)] info/application	[Sensor] Updated distance: 20.33186937232123 cm | Severity=75 | SourceName=Sensor2 | EventType=application
[2026-08-15 16:57:44.379 (UTC)] info/application	[Sensor] Updated distance: 40.73818166122687 cm | Severity=75 | SourceName=Sensor2 | EventType=application
[2026-08-15 16:57:45.370 (UTC)] info/application	[Sensor] Updated distance: 16.698317072679437 cm | Severity=75 | SourceName=Sensor2 | EventType=application
[2026-08-15 16:57:46.372 (UTC)] info/application	[Sensor] Updated distance: 16.61104295338086