[2026-08-17 04:12:49.138 (UTC+0800)] [33mwarn/server[0m	AccessControl: Unconfigured AccessControl. Users have all permissions.
[2026-08-17 04:12:49.138 (UTC+0800)] [32minfo/server[0m	AccessControl: Anonymous login is enabled
[2026-08-17 04:12:49.138 (UTC+0800)] [33mwarn/server[0m	x509 Certificate Authentication configured, but no encrypting SecurityPolicy. This can leak credentials on the network.
[2026-08-17 04:12:49.173 (UTC+0800)] [33mwarn/application[0m	ServerUrls already set. Overriding.
[2026-08-17 04:12:49.173 (UTC+0800)] [33mwarn/server[0m	AccessControl: Unconfigured AccessControl. Users have all permissions.
[2026-08-17 04:12:49.173 (UTC+0800)] [32minfo/server[0m	AccessControl: Anonymous login is enabled
[2026-08-17 04:12:49.173 (UTC+0800)] [33mwarn/server[0m	x509 Certificate Authentication configured, but no encrypting SecurityPolicy. This can leak credentials on the network.
[2026-08-17 04:12:49.173 (UTC+0800)] [33mwarn/server[0m	x509 Certificate Authentication configured, but no encrypting SecurityPolicy. This can leak credentials on the network.
[2026-08-16 20:12:49.173 (UTC)] info/application	Sensor Server online (Client/Server mode, id=2 port=4843) | Severity=75 | SourceName=Sensor2 | EventType=application
Entering background polling mode: attempting to connect to Aggregation Server...
Connected successfully. Log forwarding started.
[2026-08-16 20:12:50.179 (UTC)] info/application	[Sensor] Updated distance: 26.9984910620835 cm | Severity=75 | SourceName=Sensor2 | EventType=application
[2026-08-16 20:12:51.149 (UTC)] info/network	[System] TCP 16	| Connection opened from "127.0.0.1" via the server socket 8 | Severity=75 | SourceName=System | EventType=network
[2026-08-16 20:12:51.149 (UTC)] info/channel	[System] TCP 16	| SC 1	| SecureChannel created | Severity=75 | SourceName=System | EventType=channel
[2026-08-16 20:12:51.169 (UTC)] info/channel	[System] TCP 16	| SC 1	| OpenSecureChannel: Channel opened with SecurityMode None for SecurityPolicy http://opcfoundation.org/UA/SecurityPolicy#None and a revised lifetime of 600.0s | Severity=75 | SourceName=System | EventType=channel
[2026-08-16 20:12:51.180 (UTC)] info/application	[Sensor] Updated distance: 26.9949978501513 cm | Severity=75 | SourceName=Sensor2 | EventType=application
[2026-08-16 20:12:51.190 (UTC)] warn/client	[System] Removing a UserTokenPolicy that would allow the password to be transmitted without encryption (Can be enabled via config->allowNonePolicyPassword) | Severity=175 | SourceName=System | EventType=client
[2026-08-16 20:12:51.190 (UTC)] warn/client	[System] Removing a UserTokenPolicy that would allow the password to be transmitted without encryption (Can be enabled via config->allowNonePolicyPassword) | Severity=175 | SourceName=System | EventType=client
[2026-08-16 20:12:51.200 (UTC)] warn/client	[System] Removing a UserTokenPolicy that would allow the password to be transmitted without encryption (Can be enabled via config->allowNonePolicyPassword) | Severity=175 | SourceName=System | EventType=client
[2026-08-16 20:12:51.200 (UTC)] warn/client	[System] Removing a UserTokenPolicy that would allow the password to be transmitted without encryption (Can be enabled via config->allowNonePolicyPassword) | Severity=175 | SourceName=System | EventType=client
[2026-08-16 20:12:51.202 (UTC)] info/session	[System] TCP 16	| SC 1	| Session "ns=1;g=3bc0930e-50a9-0fb3-d09d-79471dd14dc4"	| Session created | Severity=75 | SourceName=System | EventType=session
[2026-08-16 20:12:51.212 (UTC)] info/session	[System] TCP 16	| SC 1	| Session "ns=1;g=3bc0930e-50a9-0fb3-d09d-79471dd14dc4"	| ActivateSession: Session activated with ClientUserId "" | Severity=75 | SourceName=System | EventType=session
[2026-08-16 20:12:51.597 (UTC)] info/session	[System] TCP 16	| SC 1	| Session "ns=1;g=3bc0930e-50a9-0fb3-d09d-79471dd14dc4"	| Subscription 1 | Subscription created (Publishing interval 500.0ms, max 1000 notifications per publish) | Severity=75 | SourceName=System | EventType=session
[2026-08-16 20:12:51.618 (UTC)] info/session	[System] TCP 16	| SC 1	| Session "ns=1;g=3bc0930e-50a9-0fb3-d09d-79471dd14dc4"	| Subscription 1 | MonitoredItem 1 | Created the MonitoredItem (Sampling Interval: 250.0ms, Queue Size: 1) | Severity=75 | SourceName=System | EventType=session
[2026-08-16 20:12:52.174 (UTC)] info/application	[Sensor] Updated distance: 25.692497796003 cm | Severity=75 | SourceName=Sensor2 | EventType=application
[2026-08-16 20:12:53.174 (UTC)] info/application	[Sensor] Updated distance: 26.1199471690319 cm | Severity=75 | SourceName=Sensor2 | EventType=application
[2026-08-16 20:12:54.258 (UTC)] info/application	[Sensor] Updated distance: 25.3520688395258 cm | Severity=75 | SourceName=Sensor2 | EventType=application
[2026-08-16 20:12:55.177 (UTC)] info/application	[Sensor] Updated distance: 24.540790251708 cm | Severity=75 | SourceName=Sensor2 | EventType=application
[2026-08-16 20:12:56.176 (UTC)] info/application	[Sensor] Updated distance: 24.6360911797435 cm | Severity=75 | SourceName=Sensor2 | EventType=application
[2026-08-16 20:12:57.176 (UTC)] info/application	[Sensor] Updated distance: 24.8244376787098 cm | Severity=75 | SourceName=Sensor2 | EventType=application
[2026-08-16 20:12:58.176 (UTC)] info/application	[Sensor] Updated distance: 24.7396218801102 cm | Severity=75 | SourceName=Sensor2 | EventType=application
[2026-08-16 20:12:59.176 (UTC)] info/application	[Sensor] Updated distance: 25.2998651751782 cm | Severity=75 | SourceName=Sensor2 | EventType=application
[2026-08-16 20:13:00.177 (UTC)] info/application	[Sensor] Updated distance: 26.322901692159 cm | Severity=75 | SourceName=Sensor2 | EventType=application
[2026-08-16 20:13:01.177 (UTC)] info/application	[Sensor] Updated distance: 26.2447901015379 cm | Severity=75 | SourceName=Sensor2 | EventType=application
[2026-08-16 20:13:02.178 (UTC)] info/application	[Sensor] Updated distance: 25.9112303487078 cm | Severity=75 | SourceName=Sensor2 | EventType=application
[2026-08-16 20:13:03.178 (UTC)] info/application	[Sensor] Updated distance: 26.243549394069 cm | Severity=75 | SourceName=Sensor2 | EventType=application
[2026-08-16 20:13:04.178 (UTC)] info/application	[Sensor] Updated distance: 25.3749880724936 cm | Severity=75 | SourceName=Sensor2 | EventType=application
[2026-08-16 20:13:05.178 (UTC)] info/application	[Sensor] Updated distance: 25.2717468474394 cm | Severity=75 | SourceName=Sensor2 | EventType=application
[2026-08-16 20:13:06.178 (UTC)] info/application	[Sensor] Updated distance: 24.5799681563303 cm | Severity=75 | SourceName=Sensor2 | EventType=application
[2026-08-16 20:13:07.178 (UTC)] info/application	[Sensor] Updated distance: 25.6718713201917 cm | Severity=75 | SourceName=Sensor2 | EventType=application
[2026-08-16 20:13:08.178 (UTC)] info/application	[Sensor] Updated distance: 24.4500632444164 cm | Severity=75 | SourceName=Sensor2 | EventType=application
[2026-08-16 20:13:09.179 (UTC)] info/application	[Sensor] Updated distance: 25.237320114969 cm | Severity=75 | SourceName=Sensor2 | EventType=application
[2026-08-16 20:13:10.179 (UTC)] info/application	[Sensor] Updated distance: 24.2186750726396 cm | Severity=75 | SourceName=Sensor2 | EventType=application
[2026-08-16 20:13:11.179 (UTC)] info/application	[Sensor] Updated distance: 22.7758047346844 cm | Severity=75 | SourceName=Sensor2 | EventType=application
[2026-08-16 20:13:12.180 (UTC)] info/application	[Sensor] Updated distance: 23.7098142864228 cm | Severity=75 | SourceName=Sensor2 | EventType=application
[2026-08-16 20:13:13.180 (UTC)] info/application	[Sensor] Updated distance: 24.6640735830479 cm | Severity=75 | SourceName=Sensor2 | EventType=application
[2026-08-16 20:13:14.181 (UTC)] info/application	[Sensor] Updated distance: 24.4808815969065 cm | Severity=75 | SourceName=Sensor2 | EventType=application
[2026-08-16 20:13:15.181 (UTC)] info/application	[Sensor] Updated distance: 23.5443694854828 cm | Severity=75 | SourceName=Sensor2 | EventType=application
[2026-08-16 20:13:16.181 (UTC)] info/application	[Sensor] Updated distance: 24.9706412230016 cm | Severity=75 | SourceName=Sensor2 | EventType=application
[2026-08-16 20:13:17.182 (UTC)] info/application	[Sensor] Updated distance: 25.0894519715055 cm | Severity=75 | SourceName=Sensor2 | EventType=application
[2026-08-16 20:13:18.182 (UTC)] info/application	[Sensor] Updated distance: 26.3462154627062 cm | Severity=75 | SourceName=Sensor2 | EventType=application
[2026-08-16 20:13:19.183 (UTC)] info/application	[Sensor] Updated distance: 27.6385114829235 cm | Severity=75 | SourceName=Sensor2 | EventType=application
[2026-08-16 20:13:20.173 (UTC)] info/application	[Sensor] Updated distance: 28.0375339288905 cm | Severity=75 | SourceName=Sensor2 | EventType=application
[2026-08-16 20:13:21.173 (UTC)] info/application	[Sensor] Updated distance: 28.7927884807777 cm | Severity=75 | SourceName=Sensor2 | EventType=application
[2026-08-16 20:13:22.173 (UTC)] info/application	[Sensor] Updated distance: 28.5815912876658 cm | Severity=75 | SourceName=Sensor2 | EventType=application
[2026-08-16 20:13:23.174 (UTC)] info/application	[Sensor] Updated distance: 29.1781136794845 cm | Severity=75 | SourceName=Sensor2 | EventType=application
[2026-08-16 20:13:24.174 (UTC)] info/application	[Sensor] Updated distance: 28.8608176030036 cm | Severity=75 | SourceName=Sensor2 | EventType=application
[2026-08-16 20:13:25.175 (UTC)] info/application	[Sensor] Updated distance: 29.3817420803857 cm | Severity=75 | SourceName=Sensor2 | EventType=application
[2026-08-16 20:13:26.175 (UTC)] info/application	[Sensor] Updated distance: 30.6669858843866 cm | Severity=75 | SourceName=Sensor2 | EventType=application
[2026-08-16 20:13:27.176 (UTC)] info/application	[Sensor] Updated distance: 31.9449907373381 cm | Severity=75 | SourceName=Sensor2 | EventType=application
[2026-08-16 20:13:28.176 (UTC)] info/application	[Sensor] Updated distance: 31.1542617136865 cm | Severity=75 | SourceName=Sensor2 | EventType=application
[2026-08-16 20:13:29.177 (UTC)] info/application	[Sensor] Updated distance: 30.8546897176908 cm | Severity=75 | SourceName=Sensor2 | EventType=application
[2026-08-16 20:13:30.177 (UTC)] info/application	[Sensor] Updated distance: 31.1929378643133 cm | Severity=75 | SourceName=Sensor2 | EventType=application
[2026-08-16 20:13:31.177 (UTC)] info/application	[Sensor] Updated distance: 29.9252453562456 cm | Severity=75 | SourceName=Sensor2 | EventType=application
[2026-08-16 20:13:32.178 (UTC)] info/application	[Sensor] Updated distance: 31.0475617696287 cm | Severity=75 | SourceName=Sensor2 | EventType=application
[2026-08-16 20:13:33.177 (UTC)] info/application	[Sensor] Updated distance: 29.5522501620242 cm | Severity=75 | SourceName=Sensor2 | EventType=application
[2026-08-16 20:13:34.177 (UTC)] info/application	[Sensor] Updated distance: 30.1168766993177 cm | Severity=75 | SourceName=Sensor2 | EventType=application
[2026-08-16 20:13:35.178 (UTC)] info/application	[Sensor] Updated distance: 28.8706317911254 cm | Severity=75 | SourceName=Sensor2 | EventType=application
[2026-08-16 20:13:36.178 (UTC)] info/application	[Sensor] Updated distance: 28.7720789584667 cm | Severity=75 | SourceName=Sensor2 | EventType=application
[2026-08-16 20:13:37.178 (UTC)] info/application	[Sensor] Updated distance: 30.144926804651 cm | Severity=75 | SourceName=Sensor2 | EventType=application
[2026-08-16 20:13:38.178 (UTC)] info/application	[Sensor] Updated distance: 31.4905850603201 cm | Severity=75 | SourceName=Sensor2 | EventType=application
[2026-08-16 20:13:39.179 (UTC)] info/application	[Sensor] Updated distance: 31.6702241518862 cm | Severity=75 | SourceName=Sensor2 | EventType=application
[2026-08-16 20:13:40.178 (UTC)] info/application	[Sensor] Updated distance: 32.330328868623 cm | Severity=75 | SourceName=Sensor2 | EventType=application
[2026-08-16 20:13:41.177 (UTC)] info/application	[Sensor] Updated distance: 31.1573420805658 cm | Severity=75 | SourceName=Sensor2 | EventType=application
[2026-08-16 20:13:42.178 (UTC)] info/application	[Sensor] Updated distance: 31.3941108355737 cm | Severity=75 | SourceName=Sensor2 | EventType=application
[2026-08-16 20:13:43.178 (UTC)] info/application	[Sensor] Updated distance: 31.488225102652 cm | Severity=75 | SourceName=Sensor2 | EventType=application
[2026-08-16 20:13:44.178 (UTC)] info/application	[Sensor] Updated distance: 32.7694976126167 cm | Severity=75 | SourceName=Sensor2 | EventType=application
[2026-08-16 20:13:45.178 (UTC)] info/application	[Sensor] Updated distance: 31.3230743800863 cm | Severity=75 | SourceName=Sensor2 | EventType=application
[2026-08-16 20:13:46.178 (UTC)] info/application	[Sensor] Updated distance: 31.9806765371378 cm | Severity=75 | SourceName=Sensor2 | EventType=application
[2026-08-16 20:13:47.179 (UTC)] info/application	[Sensor] Updated distance: 33.1882207832244 cm | Severity=75 | SourceName=Sensor2 | EventType=application
[2026-08-16 20:13:48.179 (UTC)] info/application	[Sensor] Updated distance: 33.3606082991979 cm | Severity=75 | SourceName=Sensor2 | EventType=application
[2026-08-16 20:13:49.179 (UTC)] info/application	[Sensor] Updated distance: 33.7749739460531 cm | Severity=75 | SourceName=Sensor2 | EventType=application
[2026-08-16 20:13:50.179 (UTC)] info/application	[Sensor] Updated distance: 34.7748142109601 cm | Severity=75 | SourceName=Sensor2 | EventType=application
[2026-08-16 20:13:51.179 (UTC)] info/application	[Sensor] Updated distance: 33.8462241715036 cm | Severity=75 | SourceName=Sensor2 | EventType=application
[2026-08-16 20:13:52.180 (UTC)] info/application	[Sensor] Updated distance: 33.5158443688489 cm | Severity=75 | SourceName=Sensor2 | EventType=application
[2026-08-16 20:13:53.180 (UTC)] info/application	[Sensor] Updated distance: 32.8044874392471 cm | Severity=75 | SourceName=Sensor2 | EventType=application
[2026-08-16 20:13:54.180 (UTC)] info/application	[Sensor] Updated distance: 33.9724197930062 cm | Severity=75 | SourceName=Sensor2 | EventType=application
[2026-08-16 20:13:55.179 (UTC)] info/application	[Sensor] Updated distance: 34.8247439152676 cm | Severity=75 | SourceName=Sensor2 | EventType=application
[2026-08-16 20:13:56.179 (UTC)] info/application	[Sensor] Updated distance: 36.1343114644449 cm | Severity=75 | SourceName=Sensor2 | EventType=application
[2026-08-16 20:13:57.180 (UTC)] info/application	[Sensor] Updated distance: 37.087487620808 cm | Severity=75 | SourceName=Sensor2 | EventType=application
[2026-08-16 20:13:58.180 (UTC)] info/application	[Sensor] Updated distance: 37.7178165946239 cm | Severity=75 | SourceName=Sensor2 | EventType=application
[2026-08-16 20:13:59.180 (UTC)] info/application	[Sensor] Updated distance: 36.7366551187526 cm | Severity=75 | SourceName=Sensor2 | EventType=application
[2026-08-16 20:14:00.181 (UTC)] info/application	[Sensor] Updated distance: 35.8902592791199 cm | Severity=75 | SourceName=Sensor2 | EventType=application
[2026-08-16 20:14:01.182 (UTC)] info/application	[Sensor] Updated distance: 35.3588363981614 cm | Severity=75 | SourceName=Sensor2 | EventType=application
[2026-08-16 20:14:02.182 (UTC)] info/application	[Sensor] Updated distance: 34.6099824142223 cm | Severity=75 | SourceName=Sensor2 | EventType=application
[2026-08-16 20:14:03.182 (UTC)] info/application	[Sensor] Updated distance: 33.3859029865758 cm | Severity=75 | SourceName=Sensor2 | EventType=application
[2026-08-16 20:14:04.182 (UTC)] info/application	[Sensor] Updated distance: 32.8591684994098 cm | Severity=75 | SourceName=Sensor2 | EventType=application
[2026-08-16 20:14:05.182 (UTC)] info/application	[Sensor] Updated distance: 34.1749410527642 cm | Severity=75 | SourceName=Sensor2 | EventType=application
[2026-08-16 20:14:06.182 (UTC)] info/application	[Sensor] Updated distance: 33.2046167169254 cm | Severity=75 | SourceName=Sensor2 | EventType=application
[2026-08-16 20:14:07.182 (UTC)] info/application	[Sensor] Updated distance: 34.0793293971007 cm | Severity=75 | SourceName=Sensor2 | EventType=application
[2026-08-16 20:14:08.183 (UTC)] info/application	[Sensor] Updated distance: 35.2679497966394 cm | Severity=75 | SourceName=Sensor2 | EventType=application
[2026-08-16 20:14:09.173 (UTC)] info/application	[Sensor] Updated distance: 34.1432837150727 cm | Severity=75 | SourceName=Sensor2 | EventType=application
[2026-08-16 20:14:10.174 (UTC)] info/application	[Sensor] Updated distance: 33.697635486814 cm | Severity=75 | SourceName=Sensor2 | EventType=application
[2026-08-16 20:14:11.174 (UTC)] info/application	[Sensor] Updated distance: 34.0463606016926 cm | Severity=75 | SourceName=Sensor2 | EventType=application
[2026-08-16 20:14:12.174 (UTC)] info/application	[Sensor] Updated distance: 33.2487077334657 cm | Severity=75 | SourceName=Sensor2 | EventType=application
[2026-08-16 20:14:13.175 (UTC)] info/application	[Sensor] Updated distance: 34.5398282602149 cm | Severity=75 | SourceName=Sensor2 | EventType=application
[2026-08-16 20:14:14.175 (UTC)] info/application	[Sensor] Updated distance: 33.4826676407748 cm | Severity=75 | SourceName=Sensor2 | EventType=application
[2026-08-16 20:14:15.175 (UTC)] info/application	[Sensor] Updated distance: 32.4662872811157 cm | Severity=75 | SourceName=Sensor2 | EventType=application
[2026-08-16 20:14:16.176 (UTC)] info/application	[Sensor] Updated distance: 33.8109845753345 cm | Severity=75 | SourceName=Sensor2 | EventType=application
[2026-08-16 20:14:17.176 (UTC)] info/application	[Sensor] Updated distance: 34.9114261129459 cm | Severity=75 | SourceName=Sensor2 | EventType=application
[2026-08-16 20:14:18.176 (UTC)] info/application	[Sensor] Updated distance: 33.6025899979764 cm | Severity=75 | SourceName=Sensor2 | EventType=application
[2026-08-16 20:14:19.176 (UTC)] info/application	[Sensor] Updated distance: 33.6196748067717 cm | Severity=75 | SourceName=Sensor2 | EventType=application
[2026-08-16 20:14:20.176 (UTC)] info/application	[Sensor] Updated distance: 33.6344819898412 cm | Severity=75 | SourceName=Sensor2 | EventType=application
[2026-08-16 20:14:21.177 (UTC)] info/application	[Sensor] Updated distance: 34.8254861411757 cm | Severity=75 | SourceName=Sensor2 | EventType=application
[2026-08-16 20:14:22.178 (UTC)] info/application	[Sensor] Updated distance: 35.4139809105145 cm | Severity=75 | SourceName=Sensor2 | EventType=application
[2026-08-16 20:14:23.178 (UTC)] info/application	[Sensor] Updated distance: 36.5984082923264 cm | Severity=75 | SourceName=Sensor2 | EventType=application
[2026-08-16 20:14:24.178 (UTC)] info/application	[Sensor] Updated distance: 35.5780555126621 cm | Severity=75 | SourceName=Sensor2 | EventType=application
[2026-08-16 20:14:25.178 (UTC)] info/application	[Sensor] Updated distance: 35.834482634363 cm | Severity=75 | SourceName=Sensor2 | EventType=application
[2026-08-16 20:14:26.179 (UTC)] info/application	[Sensor] Updated distance: 36.3712341370393 cm | Severity=75 | SourceName=Sensor2 | EventType=application
[2026-08-16 20:14:27.179 (UTC)] info/application	[Sensor] Updated distance: 35.1604489051553 cm | Severity=75 | SourceName=Sensor2 | EventType=application
[2026-08-16 20:14:28.180 (UTC)] info/application	[Sensor] Updated distance: 34.8700521832193 cm | Severity=75 | SourceName=Sensor2 | EventType=application
[2026-08-16 20:14:29.180 (UTC)] info/application	[Sensor] Updated distance: 34.5371326583145 cm | Severity=75 | SourceName=Sensor2 | EventType=application
[2026-08-16 20:14:30.180 (UTC)] info/application	[Sensor] Updated distance: 33.8451859505592 cm | Severity=75 | SourceName=Sensor2 | EventType=application
[2026-08-16 20:14:31.180 (UTC)] info/application	[Sensor] Updated distance: 34.2083933889905 cm | Severity=75 | SourceName=Sensor2 | EventType=application
[2026-08-16 20:14:32.180 (UTC)] info/application	[Sensor] Updated distance: 34.8440509831273 cm | Severity=75 | SourceName=Sensor2 | EventType=application
[2026-08-16 20:14:33.181 (UTC)] info/application	[Sensor] Updated distance: 34.9032502914329 cm | Severity=75 | SourceName=Sensor2 | EventType=application
[2026-08-16 20:14:34.181 (UTC)] info/application	[Sensor] Updated distance: 35.5423783022177 cm | Severity=75 | SourceName=Sensor2 | EventType=application
[2026-08-16 20:14:35.181 (UTC)] info/application	[Sensor] Updated distance: 34.1513014077914 cm | Severity=75 | SourceName=Sensor2 | EventType=application
[2026-08-16 20:14:36.181 (UTC)] info/application	[Sensor] Updated distance: 34.0262732694514 cm | Severity=75 | SourceName=Sensor2 | EventType=application
[2026-08-16 20:14:37.181 (UTC)] info/application	[Sensor] Updated distance: 35.1950769457943 cm | Severity=75 | SourceName=Sensor2 | EventType=application
[2026-08-16 20:14:38.181 (UTC)] info/application	[Sensor] Updated distance: 36.1787127329403 cm | Severity=75 | SourceName=Sensor2 | EventType=application
[2026-08-16 20:14:39.182 (UTC)] info/application	[Sensor] Updated distance: 35.7423049927421 cm | Severity=75 | SourceName=Sensor2 | EventType=application
[2026-08-16 20:14:40.182 (UTC)] info/application	[Sensor] Updated distance: 34.2864425861214 cm | Severity=75 | SourceName=Sensor2 | EventType=application
[2026-08-16 20:14:41.181 (UTC)] info/application	[Sensor] Updated distance: 33.3244301436117 cm | Severity=75 | SourceName=Sensor2 | EventType=application
[2026-08-16 20:14:42.181 (UTC)] info/application	[Sensor] Updated distance: 34.7367475182921 cm | Severity=75 | SourceName=Sensor2 | EventType=application
[2026-08-16 20:14:43.181 (UTC)] info/application	[Sensor] Updated distance: 33.9832322434445 cm | Severity=75 | SourceName=Sensor2 | EventType=application
[2026-08-16 20:14:44.181 (UTC)] info/application	[Sensor] Updated distance: 32.812340326287 cm | Severity=75 | SourceName=Sensor2 | EventType=application
[2026-08-16 20:14:45.181 (UTC)] info/application	[Sensor] Updated distance: 31.6674970801303 cm | Severity=75 | SourceName=Sensor2 | EventType=application
[2026-08-16 20:14:46.181 (UTC)] info/application	[Sensor] Updated distance: 31.3976014456235 cm | Severity=75 | SourceName=Sensor2 | EventType=application
[2026-08-16 20:14:47.181 (UTC)] info/application	[Sensor] Updated distance: 30.0714068212879 cm | Severity=75 | SourceName=Sensor2 | EventType=application
[2026-08-16 20:14:48.182 (UTC)] info/application	[Sensor] Updated distance: 31.5270051141396 cm | Severity=75 | SourceName=Sensor2 | EventType=application
[2026-08-16 20:14:49.182 (UTC)] info/application	[Sensor] Updated distance: 31.4482733660603 cm | Severity=75 | SourceName=Sensor2 | EventType=application
[2026-08-16 20:14:50.182 (UTC)] info/application	[Sensor] Updated distance: 31.63916355052 cm | Severity=75 | SourceName=Sensor2 | EventType=application
[2026-08-16 20:14:51.182 (UTC)] info/application	[Sensor] Updated distance: 31.6095690250442 cm | Severity=75 | SourceName=Sensor2 | EventType=application
[2026-08-16 20:14:52.173 (UTC)] info/application	[Sensor] Updated distance: 31.2218414269024 cm | Severity=75 | SourceName=Sensor2 | EventType=application
[2026-08-16 20:14:53.174 (UTC)] info/application	[Sensor] Updated distance: 30.5012263793039 cm | Severity=75 | SourceName=Sensor2 | EventType=application
[2026-08-16 20:14:54.176 (UTC)] info/application	[Sensor] Updated distance: 30.1560592342429 cm | Severity=75 | SourceName=Sensor2 | EventType=application
[2026-08-16 20:14:55.176 (UTC)] info/application	[Sensor] Updated distance: 30.2479788564369 cm | Severity=75 | SourceName=Sensor2 | EventType=application
[2026-08-16 20:14:56.176 (UTC)] info/application	[Sensor] Updated distance: 31.2837909319363 cm | Severity=75 | SourceName=Sensor2 | EventType=application
[2026-08-16 20:14:57.176 (UTC)] info/application	[Sensor] Updated distance: 29.9753752881547 cm | Severity=75 | SourceName=Sensor2 | EventType=application
[2026-08-16 20:14:58.176 (UTC)] info/application	[Sensor] Updated distance: 30.3565096798616 cm | Severity=75 | SourceName=Sensor2 | EventType=application
[2026-08-16 20:14:59.176 (UTC)] info/application	[Sensor] Updated distance: 29.601925032028 cm | Severity=75 | SourceName=Sensor2 | EventType=application
[2026-08-16 20:15:00.176 (UTC)] info/application	[Sensor] Updated distance: 29.4605898633416 cm | Severity=75 | SourceName=Sensor2 | EventType=application
[2026-08-16 20:15:01.177 (UTC)] info/application	[Sensor] Updated distance: 30.6497775472933 cm | Severity=75 | SourceName=Sensor2 | EventType=application
[2026-08-16 20:15:02.177 (UTC)] info/application	[Sensor] Updated distance: 31.7584003378909 cm | Severity=75 | SourceName=Sensor2 | EventType=application
[2026-08-16 20:15:03.178 (UTC)] info/application	[Sensor] Updated distance: 30.7527227633413 cm | Severity=75 | SourceName=Sensor2 | EventType=application
[2026-08-16 20:15:04.178 (UTC)] info/application	[Sensor] Updated distance: 30.5011097555986 cm | Severity=75 | SourceName=Sensor2 | EventType=application
[2026-08-16 20:15:05.179 (UTC)] info/application	[Sensor] Updated distance: 30.748860555584 cm | Severity=75 | SourceName=Sensor2 | EventType=application
[2026-08-16 20:15:06.179 (UTC)] info/application	[Sensor] Updated distance: 29.8521060866081 cm | Severity=75 | SourceName=Sensor2 | EventType=application
[2026-08-16 20:15:07.180 (UTC)] info/application	[Sensor] Updated distance: 30.9754649405254 cm | Severity=75 | SourceName=Sensor2 | EventType=application
[2026-08-16 20:15:08.181 (UTC)] info/application	[Sensor] Updated distance: 30.8920194154568 cm | Severity=75 | SourceName=Sensor2 | EventType=application
[2026-08-16 20:15:09.182 (UTC)] info/application	[Sensor] Updated distance: 29.4789007322299 cm | Severity=75 | SourceName=Sensor2 | EventType=application
[2026-08-16 20:15:10.182 (UTC)] info/application	[Sensor] Updated distance: 28.6658518445519 cm | Severity=75 | SourceName=Sensor2 | EventType=application
[2026-08-16 20:15:11.173 (UTC)] info/application	[Sensor] Updated distance: 28.6265439142597 cm | Severity=75 | SourceName=Sensor2 | EventType=application
[2026-08-16 20:15:12.174 (UTC)] info/application	[Sensor] Updated distance: 27.7514127885231 cm | Severity=75 | SourceName=Sensor2 | EventType=application
[2026-08-16 20:15:13.175 (UTC)] info/application	[Sensor] Updated distance: 26.8506812741285 cm | Severity=75 | SourceName=Sensor2 | EventType=application
[2026-08-16 20:15:14.175 (UTC)] info/application	[Sensor] Updated distance: 27.5578580689886 cm | Severity=75 | SourceName=Sensor2 | EventType=application
[2026-08-16 20:15:15.175 (UTC)] info/application	[Sensor] Updated distance: 27.0118350260947 cm | Severity=75 | SourceName=Sensor2 | EventType=application
[2026-08-16 20:15:16.175 (UTC)] info/application	[Sensor] Updated distance: 26.4662602655433 cm | Severity=75 | SourceName=Sensor2 | EventType=application
[2026-08-16 20:15:17.176 (UTC)] info/application	[Sensor] Updated distance: 25.4035414258966 cm | Severity=75 | SourceName=Sensor2 | EventType=application
[2026-08-16 20:15:18.176 (UTC)] info/application	[Sensor] Updated distance: 25.0313237586671 cm | Severity=75 | SourceName=Sensor2 | EventType=application
[2026-08-16 20:15:19.176 (UTC)] info/application	[Sensor] Updated distance: 24.4413472895703 cm | Severity=75 | SourceName=Sensor2 | EventType=application
[2026-08-16 20:15:20.177 (UTC)] info/application	[Sensor] Updated distance: 24.7998967018444 cm | Severity=75 | SourceName=Sensor2 | EventType=application
[2026-08-16 20:15:21.178 (UTC)] info/application	[Sensor] Updated distance: 26.1185692190745 cm | Severity=75 | SourceName=Sensor2 | EventType=application
[2026-08-16 20:15:22.178 (UTC)] info/application	[Sensor] Updated distance: 26.998998225899 cm | Severity=75 | SourceName=Sensor2 | EventType=application
[2026-08-16 20:15:23.178 (UTC)] info/application	[Sensor] Updated distance: 28.4698200400313 cm | Severity=75 | SourceName=Sensor2 | EventType=application
[2026-08-16 20:15:24.179 (UTC)] info/application	[Sensor] Updated distance: 27.5678775096629 cm | Severity=75 | SourceName=Sensor2 | EventType=application
[2026-08-16 20:15:25.179 (UTC)] info/application	[Sensor] Updated distance: 26.6031393700294 cm | Severity=75 | SourceName=Sensor2 | EventType=application
[2026-08-16 20:15:26.180 (UTC)] info/application	[Sensor] Updated distance: 26.6658808049587 cm | Severity=75 | SourceName=Sensor2 | EventType=application
[2026-08-16 20:15:27.180 (UTC)] info/application	[Sensor] Updated distance: 25.2997503486927 cm | Severity=75 | SourceName=Sensor2 | EventType=application
[2026-08-16 20:15:28.181 (UTC)] info/application	[Sensor] Updated distance: 24.5265965666746 cm | Severity=75 | SourceName=Sensor2 | EventType=application
[2026-08-16 20:15:29.181 (UTC)] info/application	[Sensor] Updated distance: 23.4704723919139 cm | Severity=75 | SourceName=Sensor2 | EventType=application
[2026-08-16 20:15:30.180 (UTC)] info/application	[Sensor] Updated distance: 22.8497572878142 cm | Severity=75 | SourceName=Sensor2 | EventType=application
[2026-08-16 20:15:31.181 (UTC)] info/application	[Sensor] Updated distance: 23.4352683371098 cm | Severity=75 | SourceName=Sensor2 | EventType=application
[2026-08-16 20:15:32.181 (UTC)] info/application	[Sensor] Updated distance: 22.0683318463007 cm | Severity=75 | SourceName=Sensor2 | EventType=application
[2026-08-16 20:15:33.181 (UTC)] info/application	[Sensor] Updated distance: 21.0562395314017 cm | Severity=75 | SourceName=Sensor2 | EventType=application
[2026-08-16 20:15:34.182 (UTC)] info/application	[Sensor] Updated distance: 22.1360730061476 cm | Severity=75 | SourceName=Sensor2 | EventType=application
[2026-08-16 20:15:35.181 (UTC)] info/application	[Sensor] Updated distance: 22.0175235075958 cm | Severity=75 | SourceName=Sensor2 | EventType=application
[2026-08-16 20:15:36.182 (UTC)] info/application	[Sensor] Updated distance: 22.7531819926823 cm | Severity=75 | SourceName=Sensor2 | EventType=application
[2026-08-16 20:15:37.182 (UTC)] info/application	[Sensor] Updated distance: 21.4362609984522 cm | Severity=75 | SourceName=Sensor2 | EventType=application
[2026-08-16 20:15:38.183 (UTC)] info/application	[Sensor] Updated distance: 20.9410703524208 cm | Severity=75 | SourceName=Sensor2 | EventType=application
[2026-08-16 20:15:39.182 (UTC)] info/application	[Sensor] Updated distance: 20.0932833124387 cm | Severity=75 | SourceName=Sensor2 | EventType=application
[2026-08-16 20:15:40.183 (UTC)] info/application	[Sensor] Updated distance: 18.8632436349817 cm | Severity=75 | SourceName=Sensor2 | EventType=application
[2026-08-16 20:15:41.182 (UTC)] info/application	[Sensor] Updated distance: 19.0550041012722 cm | Severity=75 | SourceName=Sensor2 | EventType=application
[2026-08-16 20:15:42.182 (UTC)] info/application	[Sensor] Updated distance: 19.667909130998 cm | Severity=75 | SourceName=Sensor2 | EventType=application
[2026-08-16 20:15:43.182 (UTC)] info/application	[Sensor] Updated distance: 19.0627383292014 cm | Severity=75 | SourceName=Sensor2 | EventType=application
[2026-08-16 20:15:44.182 (UTC)] info/application	[Sensor] Updated distance: 19.8537672810973 cm | Severity=75 | SourceName=Sensor2 | EventType=application
[2026-08-16 20:15:45.182 (UTC)] info/application	[Sensor] Updated distance: 19.6738491042861 cm | Severity=75 | SourceName=Sensor2 | EventType=application
[2026-08-16 20:15:46.182 (UTC)] info/application	[Sensor] Updated distance: 20.0226552595956 cm | Severity=75 | SourceName=Sensor2 | EventType=application
[2026-08-16 20:15:47.182 (UTC)] info/application	[Sensor] Updated distance: 18.7681094495432 cm | Severity=75 | SourceName=Sensor2 | EventType=application
[2026-08-16 20:15:48.183 (UTC)] info/application	[Sensor] Updated distance: 19.0254724330854 cm | Severity=75 | SourceName=Sensor2 | EventType=application
[2026-08-16 20:15:49.183 (UTC)] info/application	[Sensor] Updated distance: 20.5020609225622 cm | Severity=75 | SourceName=Sensor2 | EventType=application
[2026-08-16 20:15:50.173 (UTC)] info/application	[Sensor] Updated distance: 20.15753864481 cm | Severity=75 | SourceName=Sensor2 | EventType=application
[2026-08-16 20:15:51.173 (UTC)] info/application	[Sensor] Updated distance: 19.2734510392293 cm | Severity=75 | SourceName=Sensor2 | EventType=application
[2026-08-16 20:15:52.173 (UTC)] info/application	[Sensor] Updated distance: 20.5687120445393 cm | Severity=75 | SourceName=Sensor2 | EventType=application
[2026-08-16 20:15:53.174 (UTC)] info/application	[Sensor] Updated distance: 19.6046187722146 cm | Severity=75 | SourceName=Sensor2 | EventType=application
[2026-08-16 20:15:54.175 (UTC)] info/application	[Sensor] Updated distance: 18.6913529793692 cm | Severity=75 | SourceName=Sensor2 | EventType=application
[2026-08-16 20:15:55.176 (UTC)] info/application	[Sensor] Updated distance: 17.5846714529138 cm | Severity=75 | SourceName=Sensor2 | EventType=application
[2026-08-16 20:15:56.176 (UTC)] info/application	[Sensor] Updated distance: 17.1558400409557 cm | Severity=75 | SourceName=Sensor2 | EventType=application
[2026-08-16 20:15:57.176 (UTC)] info/application	[Sensor] Updated distance: 17.8053156844365 cm | Severity=75 | SourceName=Sensor2 | EventType=application
[2026-08-16 20:15:58.178 (UTC)] info/application	[Sensor] Updated distance: 16.8325037017151 cm | Severity=75 | SourceName=Sensor2 | EventType=application
[2026-08-16 20:15:59.179 (UTC)] info/application	[Sensor] Updated distance: 17.1305185077389 cm | Severity=75 | SourceName=Sensor2 | EventType=application
[2026-08-16 20:16:00.179 (UTC)] info/application	[Sensor] Updated distance: 18.223869976459 cm | Severity=75 | SourceName=Sensor2 | EventType=application
[2026-08-16 20:16:01.179 (UTC)] info/application	[Sensor] Updated distance: 18.1303428896379 cm | Severity=75 | SourceName=Sensor2 | EventType=application
[2026-08-16 20:16:02.180 (UTC)] info/application	[Sensor] Updated distance: 17.5138687449572 cm | Severity=75 | SourceName=Sensor2 | EventType=application
[2026-08-16 20:16:03.179 (UTC)] info/application	[Sensor] Updated distance: 18.7402837228684 cm | Severity=75 | SourceName=Sensor2 | EventType=application
[2026-08-16 20:16:04.179 (UTC)] info/application	[Sensor] Updated distance: 19.1346643211482 cm | Severity=75 | SourceName=Sensor2 | EventType=application
[2026-08-16 20:16:05.179 (UTC)] info/application	[Sensor] Updated distance: 18.0980236498164 cm | Severity=75 | SourceName=Sensor2 | EventType=application
[2026-08-16 20:16:06.179 (UTC)] info/application	[Sensor] Updated distance: 17.7058891277788 cm | Severity=75 | SourceName=Sensor2 | EventType=application
[2026-08-16 20:16:07.179 (UTC)] info/application	[Sensor] Updated distance: 17.3359282111451 cm | Severity=75 | SourceName=Sensor2 | EventType=application
[2026-08-16 20:16:08.180 (UTC)] info/application	[Sensor] Updated distance: 16.4823665455833 cm | Severity=75 | SourceName=Sensor2 | EventType=application
[2026-08-16 20:16:09.180 (UTC)] info/application	[Sensor] Updated distance: 17.0950413775142 cm | Severity=75 | SourceName=Sensor2 | EventType=application
[2026-08-16 20:16:10.181 (UTC)] info/application	[Sensor] Updated distance: 17.3772934208984 cm | Severity=75 | SourceName=Sensor2 | EventType=application
[2026-08-16 20:16:11.181 (UTC)] info/application	[Sensor] Updated distance: 16.7936920792767 cm | Severity=75 | SourceName=Sensor2 | EventType=application
[2026-08-16 20:16:12.181 (UTC)] info/application	[Sensor] Updated distance: 16.0981273761011 cm | Severity=75 | SourceName=Sensor2 | EventType=application
[2026-08-16 20:16:13.181 (UTC)] info/application	[Sensor] Updated distance: 15.493284447814 cm | Severity=75 | SourceName=Sensor2 | EventType=application
[2026-08-16 20:16:14.181 (UTC)] info/application	[Sensor] Updated distance: 15.8045123043957 cm | Severity=75 | SourceName=Sensor2 | EventType=application
[2026-08-16 20:16:15.181 (UTC)] info/application	[Sensor] Updated distance: 14.399976551719 cm | Severity=75 | SourceName=Sensor2 | EventType=application
[2026-08-16 20:16:16.182 (UTC)] info/application	[Sensor] Updated distance: 15.1152154466208 cm | Severity=75 | SourceName=Sensor2 | EventType=application
[2026-08-16 20:16:17.182 (UTC)] info/application	[Sensor] Updated distance: 14.275249457115 cm | Severity=75 | SourceName=Sensor2 | EventType=application
[2026-08-16 20:16:18.183 (UTC)] info/application	[Sensor] Updated distance: 13.1161678957828 cm | Severity=75 | SourceName=Sensor2 | EventType=application
[2026-08-16 20:16:19.182 (UTC)] info/application	[Sensor] Updated distance: 12.5887697742269 cm | Severity=75 | SourceName=Sensor2 | EventType=application
[2026-08-16 20:16:20.183 (UTC)] info/application	[Sensor] Updated distance: 11.7253922728009 cm | Severity=75 | SourceName=Sensor2 | EventType=application
[2026-08-16 20:16:21.173 (UTC)] info/application	[Sensor] Updated distance: 11.7217884337166 cm | Severity=75 | SourceName=Sensor2 | EventType=application
[2026-08-16 20:16:22.174 (UTC)] info/application	[Sensor] Updated distance: 11.8103027065798 cm | Severity=75 | SourceName=Sensor2 | EventType=application
[2026-08-16 20:16:23.175 (UTC)] info/application	[Sensor] Updated distance: 10.7421862104639 cm | Severity=75 | SourceName=Sensor2 | EventType=application
[2026-08-16 20:16:24.174 (UTC)] info/application	[Sensor] Updated distance: 11.2744890990549 cm | Severity=75 | SourceName=Sensor2 | EventType=application
[2026-08-16 20:16:25.174 (UTC)] info/application	[Sensor] Updated distance: 11.9497375804697 cm | Severity=75 | SourceName=Sensor2 | EventType=application
[2026-08-16 20:16:26.175 (UTC)] info/application	[Sensor] Updated distance: 11.2749395578983 cm | Severity=75 | SourceName=Sensor2 | EventType=application
[2026-08-16 20:16:27.176 (UTC)] info/application	[Sensor] Updated distance: 9.8784110331342 cm | Severity=75 | SourceName=Sensor2 | EventType=application
[2026-08-16 20:16:28.176 (UTC)] info/application	[Sensor] Updated distance: 9.70313515663296 cm | Severity=75 | SourceName=Sensor2 | EventType=application
[2026-08-16 20:16:29.177 (UTC)] info/application	[Sensor] Updated distance: 9.55552515273708 cm | Severity=75 | SourceName=Sensor2 | EventType=application
[2026-08-16 20:16:30.178 (UTC)] info/application	[Sensor] Updated distance: 9.95701143539374 cm | Severity=75 | SourceName=Sensor2 | EventType=application
[2026-08-16 20:16:31.177 (UTC)] info/application	[Sensor] Updated distance: 9.37508702621569 cm | Severity=75 | SourceName=Sensor2 | EventType=application
[2026-08-16 20:16:32.176 (UTC)] info/application	[Sensor] Updated distance: 10.6339499354987 cm | Severity=75 | SourceName=Sensor2 | EventType=application
[2026-08-16 20:16:33.176 (UTC)] info/application	[Sensor] Updated distance: 11.9189620734747 cm | Severity=75 | SourceName=Sensor2 | EventType=application
[2026-08-16 20:16:34.176 (UTC)] info/application	[Sensor] Updated distance: 11.0634526422077 cm | Severity=75 | SourceName=Sensor2 | EventType=application
[2026-08-16 20:16:35.177 (UTC)] info/application	[Sensor] Updated distance: 11.2166961497705 cm | Severity=75 | SourceName=Sensor2 | EventType=application
[2026-08-16 20:16:36.177 (UTC)] info/application	[Sensor] Updated distance: 9.96506761501782 cm | Severity=75 | SourceName=Sensor2 | EventType=application
[2026-08-16 20:16:37.177 (UTC)] info/application	[Sensor] Updated distance: 10.2174236617132 cm | Severity=75 | SourceName=Sensor2 | EventType=application
[2026-08-16 20:16:38.178 (UTC)] info/application	[Sensor] Updated distance: 11.5007062526423 cm | Severity=75 | SourceName=Sensor2 | EventType=application
[2026-08-16 20:16:39.178 (UTC)] info/application	[Sensor] Updated distance: 10.8955160537248 cm | Severity=75 | SourceName=Sensor2 | EventType=application
[2026-08-16 20:16:40.178 (UTC)] info/application	[Sensor] Updated distance: 10.2605469323511 cm | Severity=75 | SourceName=Sensor2 | EventType=application
[2026-08-16 20:16:41.178 (UTC)] info/application	[Sensor] Updated distance: 10.3260815652675 cm | Severity=75 | SourceName=Sensor2 | EventType=application
[2026-08-16 20:16:42.179 (UTC)] info/application	[Sensor] Updated distance: 10.6372900247282 cm | Severity=75 | SourceName=Sensor2 | EventType=application
[2026-08-16 20:16:43.179 (UTC)] info/application	[Sensor] Updated distance: 10.8067562001789 cm | Severity=75 | SourceName=Sensor2 | EventType=application
[2026-08-16 20:16:44.179 (UTC)] info/application	[Sensor] Updated distance: 11.7674479048082 cm | Severity=75 | SourceName=Sensor2 | EventType=application
[2026-08-16 20:16:45.179 (UTC)] info/application	[Sensor] Updated distance: 10.8898842194536 cm | Severity=75 | SourceName=Sensor2 | EventType=application
[2026-08-16 20:16:46.179 (UTC)] info/application	[Sensor] Updated distance: 11.1548146436246 cm | Severity=75 | SourceName=Sensor2 | EventType=application
[2026-08-16 20:16:47.180 (UTC)] info/application	[Sensor] Updated distance: 11.3307452417588 cm | Severity=75 | SourceName=Sensor2 | EventType=application
[2026-08-16 20:16:48.179 (UTC)] info/application	[Sensor] Updated distance: 11.1132155668984 cm | Severity=75 | SourceName=Sensor2 | EventType=application
[2026-08-16 20:16:49.179 (UTC)] info/application	[Sensor] Updated distance: 11.7190644297372 cm | Severity=75 | SourceName=Sensor2 | EventType=application
[2026-08-16 20:16:50.179 (UTC)] info/application	[Sensor] Updated distance: 12.8675969063154 cm | Severity=75 | SourceName=Sensor2 | EventType=application
[2026-08-16 20:16:51.180 (UTC)] info/application	[Sensor] Updated distance: 13.286689731426 cm | Severity=75 | SourceName=Sensor2 | EventType=application
[2026-08-16 20:16:52.181 (UTC)] info/application	[Sensor] Updated distance: 12.3889347537835 cm | Severity=75 | SourceName=Sensor2 | EventType=application
[2026-08-16 20:16:53.181 (UTC)] info/application	[Sensor] Updated distance: 12.125981503225 cm | Severity=75 | SourceName=Sensor2 | EventType=application
[2026-08-16 20:16:54.182 (UTC)] info/application	[Sensor] Updated distance: 12.9769578322196 cm | Severity=75 | SourceName=Sensor2 | EventType=application
[2026-08-16 20:16:55.183 (UTC)] info/application	[Sensor] Updated distance: 14.1115057431681 cm | Severity=75 | SourceName=Sensor2 | EventType=application
[2026-08-16 20:16:56.182 (UTC)] info/application	[Sensor] Updated distance: 13.0238009726274 cm | Severity=75 | SourceName=Sensor2 | EventType=application
[2026-08-16 20:16:57.183 (UTC)] info/application	[Sensor] Updated distance: 11.6999792776536 cm | Severity=75 | SourceName=Sensor2 | EventType=application
[2026-08-16 20:16:58.173 (UTC)] info/application	[Sensor] Updated distance: 12.9379986638381 cm | Severity=75 | SourceName=Sensor2 | EventType=application
[2026-08-16 20:16:59.173 (UTC)] info/application	[Sensor] Updated distance: 13.1750180167961 cm | Severity=75 | SourceName=Sensor2 | EventType=application
[2026-08-16 20:17:00.173 (UTC)] info/application	[Sensor] Updated distance: 13.2035863179265 cm | Severity=75 | SourceName=Sensor2 | EventType=application
[2026-08-16 20:17:01.173 (UTC)] info/application	[Sensor] Updated distance: 13.3430919853706 cm | Severity=75 | SourceName=Sensor2 | EventType=application
[2026-08-16 20:17:02.183 (UTC)] info/application	[Sensor] Updated distance: 14.4981869291506 cm | Severity=75 | SourceName=Sensor2 | EventType=application
[2026-08-16 20:17:03.182 (UTC)] info/application	[Sensor] Updated distance: 14.2856181395639 cm | Severity=75 | SourceName=Sensor2 | EventType=application
[2026-08-16 20:17:04.181 (UTC)] info/application	[Sensor] Updated distance: 14.210135943587 cm | Severity=75 | SourceName=Sensor2 | EventType=application
[2026-08-16 20:17:05.181 (UTC)] info/application	[Sensor] Updated distance: 13.0097214547032 cm | Severity=75 | SourceName=Sensor2 | EventType=application
[2026-08-16 20:17:06.181 (UTC)] info/application	[Sensor] Updated distance: 14.4503961726792 cm | Severity=75 | SourceName=Sensor2 | EventType=application
[2026-08-16 20:17:07.181 (UTC)] info/application	[Sensor] Updated distance: 14.6232854433466 cm | Severity=75 | SourceName=Sensor2 | EventType=application
[2026-08-16 20:17:08.181 (UTC)] info/application	[Sensor] Updated distance: 15.1752270025552 cm | Severity=75 | SourceName=Sensor2 | EventType=application
[2026-08-16 20:17:09.181 (UTC)] info/application	[Sensor] Updated distance: 16.3991843100634 cm | Severity=75 | SourceName=Sensor2 | EventType=application
[2026-08-16 20:17:10.181 (UTC)] info/application	[Sensor] Updated distance: 17.4668833818133 cm | Severity=75 | SourceName=Sensor2 | EventType=application
[2026-08-16 20:17:11.181 (UTC)] info/application	[Sensor] Updated distance: 18.8838558196481 cm | Severity=75 | SourceName=Sensor2 | EventType=application
[2026-08-16 20:17:12.181 (UTC)] info/application	[Sensor] Updated distance: 18.6733477586756 cm | Severity=75 | SourceName=Sensor2 | EventType=application
[2026-08-16 20:17:13.181 (UTC)] info/application	[Sensor] Updated distance: 18.5522552884893 cm | Severity=75 | SourceName=Sensor2 | EventType=application
[2026-08-16 20:17:14.181 (UTC)] info/application	[Sensor] Updated distance: 18.6386939003778 cm | Severity=75 | SourceName=Sensor2 | EventType=application
[2026-08-16 20:17:15.181 (UTC)] info/application	[Sensor] Updated distance: 17.8888775426377 cm | Severity=75 | SourceName=Sensor2 | EventType=application
[2026-08-16 20:17:16.181 (UTC)] info/application	[Sensor] Updated distance: 18.3902213870968 cm | Severity=75 | SourceName=Sensor2 | EventType=application
[2026-08-16 20:17:17.181 (UTC)] info/application	[Sensor] Updated distance: 17.2415904217594 cm | Severity=75 | SourceName=Sensor2 | EventType=application
[2026-08-16 20:17:18.181 (UTC)] info/application	[Sensor] Updated distance: 18.1677046621534 cm | Severity=75 | SourceName=Sensor2 | EventType=application
[2026-08-16 20:17:19.182 (UTC)] info/application	[Sensor] Updated distance: 16.9515188303551 cm | Severity=75 | SourceName=Sensor2 | EventType=application
[2026-08-16 20:17:20.182 (UTC)] info/application	[Sensor] Updated distance: 17.9087367278565 cm | Severity=75 | SourceName=Sensor2 | EventType=application
[2026-08-16 20:17:21.182 (UTC)] info/application	[Sensor] Updated distance: 18.4833834448287 cm | Severity=75 | SourceName=Sensor2 | EventType=application
[2026-08-16 20:17:22.173 (UTC)] info/application	[Sensor] Updated distance: 19.1862904381409 cm | Severity=75 | SourceName=Sensor2 | EventType=application
[2026-08-16 20:17:23.174 (UTC)] info/application	[Sensor] Updated distance: 17.7457533566029 cm | Severity=75 | SourceName=Sensor2 | EventType=application
[2026-08-16 20:17:24.173 (UTC)] info/application	[Sensor] Updated distance: 16.5574468216195 cm | Severity=75 | SourceName=Sensor2 | EventType=application
[2026-08-16 20:17:25.173 (UTC)] info/application	[Sensor] Updated distance: 16.6113301425294 cm | Severity=75 | SourceName=Sensor2 | EventType=application
[2026-08-16 20:17:26.174 (UTC)] info/application	[Sensor] Updated distance: 17.8053409719399 cm | Severity=75 | SourceName=Sensor2 | EventType=application
[2026-08-16 20:17:27.174 (UTC)] info/application	[Sensor] Updated distance: 17.0293296664159 cm | Severity=75 | SourceName=Sensor2 | EventType=application
[2026-08-16 20:17:28.175 (UTC)] info/application	[Sensor] Updated distance: 17.259391293749 cm | Severity=75 | SourceName=Sensor2 | EventType=application
[2026-08-16 20:17:29.175 (UTC)] info/application	[Sensor] Updated distance: 18.1914215093439 cm | Severity=75 | SourceName=Sensor2 | EventType=application
[2026-08-16 20:17:30.174 (UTC)] info/application	[Sensor] Updated distance: 19.1524295567779 cm | Severity=75 | SourceName=Sensor2 | EventType=application
[2026-08-16 20:17:31.175 (UTC)] info/application	[Sensor] Updated distance: 17.9110594838444 cm | Severity=75 | SourceName=Sensor2 | EventType=application
[2026-08-16 20:17:32.176 (UTC)] info/application	[Sensor] Updated distance: 17.4825953654864 cm | Severity=75 | SourceName=Sensor2 | EventType=application
[2026-08-16 20:17:33.176 (UTC)] info/application	[Sensor] Updated distance: 18.0986983553035 cm | Severity=75 | SourceName=Sensor2 | EventType=application
[2026-08-16 20:17:34.175 (UTC)] info/application	[Sensor] Updated distance: 18.1447594927833 cm | Severity=75 | SourceName=Sensor2 | EventType=application
[2026-08-16 20:17:35.176 (UTC)] info/application	[Sensor] Updated distance: 19.1408131798454 cm | Severity=75 | SourceName=Sensor2 | EventType=application
[2026-08-16 20:17:36.176 (UTC)] info/application	[Sensor] Updated distance: 20.0565016821756 cm | Severity=75 | SourceName=Sensor2 | EventType=application
[2026-08-16 20:17:37.176 (UTC)] info/application	[Sensor] Updated distance: 20.0432375362345 cm | Severity=75 | SourceName=Sensor2 | EventType=application
[2026-08-16 20:17:38.176 (UTC)] info/application	[Sensor] Updated distance: 19.712180492567 cm | Severity=75 | SourceName=Sensor2 | EventType=application
[2026-08-16 20:17:39.176 (UTC)] info/application	[Sensor] Updated distance: 19.6798105527087 cm | Severity=75 | SourceName=Sensor2 | EventType=application
[2026-08-16 20:17:40.175 (UTC)] info/application	[Sensor] Updated distance: 19.3905037128788 cm | Severity=75 | SourceName=Sensor2 | EventType=application
[2026-08-16 20:17:41.176 (UTC)] info/application	[Sensor] Updated distance: 18.6271457395643 cm | Severity=75 | SourceName=Sensor2 | EventType=application
[2026-08-16 20:17:42.175 (UTC)] info/application	[Sensor] Updated distance: 18.5117482361439 cm | Severity=75 | SourceName=Sensor2 | EventType=application
[2026-08-16 20:17:43.176 (UTC)] info/application	[Sensor] Updated distance: 19.5119333353415 cm | Severity=75 | SourceName=Sensor2 | EventType=application
[2026-08-16 20:17:44.176 (UTC)] info/application	[Sensor] Updated distance: 20.1274828918406 cm | Severity=75 | SourceName=Sensor2 | EventType=application
[2026-08-16 20:17:45.176 (UTC)] info/application	[Sensor] Updated distance: 21.5985240003087 cm | Severity=75 | SourceName=Sensor2 | EventType=application
[2026-08-16 20:17:46.176 (UTC)] info/application	[Sensor] Updated distance: 20.3488927403693 cm | Severity=75 | SourceName=Sensor2 | EventType=application
[2026-08-16 20:17:47.177 (UTC)] info/application	[Sensor] Updated distance: 19.9657861399305 cm | Severity=75 | SourceName=Sensor2 | EventType=application
[2026-08-16 20:17:48.177 (UTC)] info/application	[Sensor] Updated distance: 1