[2026-08-17 04:12:49.138 (UTC+0800)] [33mwarn/server[0m	AccessControl: Unconfigured AccessControl. Users have all permissions.
[2026-08-17 04:12:49.138 (UTC+0800)] [32minfo/server[0m	AccessControl: Anonymous login is enabled
[2026-08-17 04:12:49.138 (UTC+0800)] [33mwarn/server[0m	x509 Certificate Authentication configured, but no encrypting SecurityPolicy. This can leak credentials on the network.
[2026-08-17 04:12:49.173 (UTC+0800)] [33mwarn/application[0m	ServerUrls already set. Overriding.
[2026-08-17 04:12:49.173 (UTC+0800)] [33mwarn/server[0m	AccessControl: Unconfigured AccessControl. Users have all permissions.
[2026-08-17 04:12:49.173 (UTC+0800)] [32minfo/server[0m	AccessControl: Anonymous login is enabled
[2026-08-17 04:12:49.173 (UTC+0800)] [33mwarn/server[0m	x509 Certificate Authentication configured, but no encrypting SecurityPolicy. This can leak credentials on the network.
[2026-08-17 04:12:49.173 (UTC+0800)] [33mwarn/server[0m	x509 Certificate Authentication configured, but no encrypting SecurityPolicy. This can leak credentials on the network.
[2026-08-16 20:12:49.173 (UTC)] info/application	Sensor Server online (Client/Server mode, id=3 port=4844) | Severity=75 | SourceName=Sensor3 | EventType=application
Entering background polling mode: attempting to connect to Aggregation Server...
Connected successfully. Log forwarding started.
[2026-08-16 20:12:50.181 (UTC)] info/application	[Sensor] Updated distance: 25.503360076809 cm | Severity=75 | SourceName=Sensor3 | EventType=application
[2026-08-16 20:12:51.151 (UTC)] info/network	[System] TCP 16	| Connection opened from "127.0.0.1" via the server socket 8 | Severity=75 | SourceName=System | EventType=network
[2026-08-16 20:12:51.151 (UTC)] info/channel	[System] TCP 16	| SC 1	| SecureChannel created | Severity=75 | SourceName=System | EventType=channel
[2026-08-16 20:12:51.171 (UTC)] info/channel	[System] TCP 16	| SC 1	| OpenSecureChannel: Channel opened with SecurityMode None for SecurityPolicy http://opcfoundation.org/UA/SecurityPolicy#None and a revised lifetime of 600.0s | Severity=75 | SourceName=System | EventType=channel
[2026-08-16 20:12:51.181 (UTC)] info/application	[Sensor] Updated distance: 24.4148240296239 cm | Severity=75 | SourceName=Sensor3 | EventType=application
[2026-08-16 20:12:51.191 (UTC)] warn/client	[System] Removing a UserTokenPolicy that would allow the password to be transmitted without encryption (Can be enabled via config->allowNonePolicyPassword) | Severity=175 | SourceName=System | EventType=client
[2026-08-16 20:12:51.192 (UTC)] warn/client	[System] Removing a UserTokenPolicy that would allow the password to be transmitted without encryption (Can be enabled via config->allowNonePolicyPassword) | Severity=175 | SourceName=System | EventType=client
[2026-08-16 20:12:51.202 (UTC)] warn/client	[System] Removing a UserTokenPolicy that would allow the password to be transmitted without encryption (Can be enabled via config->allowNonePolicyPassword) | Severity=175 | SourceName=System | EventType=client
[2026-08-16 20:12:51.202 (UTC)] warn/client	[System] Removing a UserTokenPolicy that would allow the password to be transmitted without encryption (Can be enabled via config->allowNonePolicyPassword) | Severity=175 | SourceName=System | EventType=client
[2026-08-16 20:12:51.203 (UTC)] info/session	[System] TCP 16	| SC 1	| Session "ns=1;g=1fae256e-f383-a5ae-ec6e-56f5e4ee6eb6"	| Session created | Severity=75 | SourceName=System | EventType=session
[2026-08-16 20:12:51.213 (UTC)] info/session	[System] TCP 16	| SC 1	| Session "ns=1;g=1fae256e-f383-a5ae-ec6e-56f5e4ee6eb6"	| ActivateSession: Session activated with ClientUserId "" | Severity=75 | SourceName=System | EventType=session
[2026-08-16 20:12:51.598 (UTC)] info/session	[System] TCP 16	| SC 1	| Session "ns=1;g=1fae256e-f383-a5ae-ec6e-56f5e4ee6eb6"	| Subscription 1 | Subscription created (Publishing interval 500.0ms, max 1000 notifications per publish) | Severity=75 | SourceName=System | EventType=session
[2026-08-16 20:12:51.619 (UTC)] info/session	[System] TCP 16	| SC 1	| Session "ns=1;g=1fae256e-f383-a5ae-ec6e-56f5e4ee6eb6"	| Subscription 1 | MonitoredItem 1 | Created the MonitoredItem (Sampling Interval: 250.0ms, Queue Size: 1) | Severity=75 | SourceName=System | EventType=session
[2026-08-16 20:12:52.174 (UTC)] info/application	[Sensor] Updated distance: 25.0966515506602 cm | Severity=75 | SourceName=Sensor3 | EventType=application
[2026-08-16 20:12:53.174 (UTC)] info/application	[Sensor] Updated distance: 25.3074076125898 cm | Severity=75 | SourceName=Sensor3 | EventType=application
[2026-08-16 20:12:54.258 (UTC)] info/application	[Sensor] Updated distance: 24.7324988675455 cm | Severity=75 | SourceName=Sensor3 | EventType=application
[2026-08-16 20:12:55.177 (UTC)] info/application	[Sensor] Updated distance: 26.0256123105183 cm | Severity=75 | SourceName=Sensor3 | EventType=application
[2026-08-16 20:12:56.177 (UTC)] info/application	[Sensor] Updated distance: 25.8640771826562 cm | Severity=75 | SourceName=Sensor3 | EventType=application
[2026-08-16 20:12:57.178 (UTC)] info/application	[Sensor] Updated distance: 26.911482223734 cm | Severity=75 | SourceName=Sensor3 | EventType=application
[2026-08-16 20:12:58.178 (UTC)] info/application	[Sensor] Updated distance: 27.47062160539 cm | Severity=75 | SourceName=Sensor3 | EventType=application
[2026-08-16 20:12:59.178 (UTC)] info/application	[Sensor] Updated distance: 26.6047396192349 cm | Severity=75 | SourceName=Sensor3 | EventType=application
[2026-08-16 20:13:00.177 (UTC)] info/application	[Sensor] Updated distance: 26.0534933542616 cm | Severity=75 | SourceName=Sensor3 | EventType=application
[2026-08-16 20:13:01.177 (UTC)] info/application	[Sensor] Updated distance: 26.3947126187359 cm | Severity=75 | SourceName=Sensor3 | EventType=application
[2026-08-16 20:13:02.178 (UTC)] info/application	[Sensor] Updated distance: 27.6076671067195 cm | Severity=75 | SourceName=Sensor3 | EventType=application
[2026-08-16 20:13:03.178 (UTC)] info/application	[Sensor] Updated distance: 28.0615984881584 cm | Severity=75 | SourceName=Sensor3 | EventType=application
[2026-08-16 20:13:04.178 (UTC)] info/application	[Sensor] Updated distance: 29.1380103917969 cm | Severity=75 | SourceName=Sensor3 | EventType=application
[2026-08-16 20:13:05.178 (UTC)] info/application	[Sensor] Updated distance: 30.4119415741469 cm | Severity=75 | SourceName=Sensor3 | EventType=application
[2026-08-16 20:13:06.178 (UTC)] info/application	[Sensor] Updated distance: 29.0929084255327 cm | Severity=75 | SourceName=Sensor3 | EventType=application
[2026-08-16 20:13:07.179 (UTC)] info/application	[Sensor] Updated distance: 28.446169526524 cm | Severity=75 | SourceName=Sensor3 | EventType=application
[2026-08-16 20:13:08.179 (UTC)] info/application	[Sensor] Updated distance: 29.0029487416628 cm | Severity=75 | SourceName=Sensor3 | EventType=application
[2026-08-16 20:13:09.179 (UTC)] info/application	[Sensor] Updated distance: 29.5546184366358 cm | Severity=75 | SourceName=Sensor3 | EventType=application
[2026-08-16 20:13:10.179 (UTC)] info/application	[Sensor] Updated distance: 30.8584529037394 cm | Severity=75 | SourceName=Sensor3 | EventType=application
[2026-08-16 20:13:11.179 (UTC)] info/application	[Sensor] Updated distance: 29.584118518319 cm | Severity=75 | SourceName=Sensor3 | EventType=application
[2026-08-16 20:13:12.180 (UTC)] info/application	[Sensor] Updated distance: 30.7936991449882 cm | Severity=75 | SourceName=Sensor3 | EventType=application
[2026-08-16 20:13:13.180 (UTC)] info/application	[Sensor] Updated distance: 29.3513377715607 cm | Severity=75 | SourceName=Sensor3 | EventType=application
[2026-08-16 20:13:14.181 (UTC)] info/application	[Sensor] Updated distance: 28.7640539273918 cm | Severity=75 | SourceName=Sensor3 | EventType=application
[2026-08-16 20:13:15.181 (UTC)] info/application	[Sensor] Updated distance: 27.3484525705448 cm | Severity=75 | SourceName=Sensor3 | EventType=application
[2026-08-16 20:13:16.181 (UTC)] info/application	[Sensor] Updated distance: 27.211847244162 cm | Severity=75 | SourceName=Sensor3 | EventType=application
[2026-08-16 20:13:17.182 (UTC)] info/application	[Sensor] Updated distance: 26.2823486357379 cm | Severity=75 | SourceName=Sensor3 | EventType=application
[2026-08-16 20:13:18.182 (UTC)] info/application	[Sensor] Updated distance: 24.9506954366577 cm | Severity=75 | SourceName=Sensor3 | EventType=application
[2026-08-16 20:13:19.183 (UTC)] info/application	[Sensor] Updated distance: 23.734058707363 cm | Severity=75 | SourceName=Sensor3 | EventType=application
[2026-08-16 20:13:20.173 (UTC)] info/application	[Sensor] Updated distance: 22.6126339776035 cm | Severity=75 | SourceName=Sensor3 | EventType=application
[2026-08-16 20:13:21.174 (UTC)] info/application	[Sensor] Updated distance: 22.2843408553322 cm | Severity=75 | SourceName=Sensor3 | EventType=application
[2026-08-16 20:13:22.173 (UTC)] info/application	[Sensor] Updated distance: 21.4791680788524 cm | Severity=75 | SourceName=Sensor3 | EventType=application
[2026-08-16 20:13:23.174 (UTC)] info/application	[Sensor] Updated distance: 22.5395708715262 cm | Severity=75 | SourceName=Sensor3 | EventType=application
[2026-08-16 20:13:24.174 (UTC)] info/application	[Sensor] Updated distance: 23.9220338125816 cm | Severity=75 | SourceName=Sensor3 | EventType=application
[2026-08-16 20:13:25.175 (UTC)] info/application	[Sensor] Updated distance: 24.0419522910574 cm | Severity=75 | SourceName=Sensor3 | EventType=application
[2026-08-16 20:13:26.176 (UTC)] info/application	[Sensor] Updated distance: 24.895468525307 cm | Severity=75 | SourceName=Sensor3 | EventType=application
[2026-08-16 20:13:27.176 (UTC)] info/application	[Sensor] Updated distance: 24.6163963371033 cm | Severity=75 | SourceName=Sensor3 | EventType=application
[2026-08-16 20:13:28.176 (UTC)] info/application	[Sensor] Updated distance: 24.28371985526 cm | Severity=75 | SourceName=Sensor3 | EventType=application
[2026-08-16 20:13:29.176 (UTC)] info/application	[Sensor] Updated distance: 24.1963754697686 cm | Severity=75 | SourceName=Sensor3 | EventType=application
[2026-08-16 20:13:30.177 (UTC)] info/application	[Sensor] Updated distance: 24.5514212954097 cm | Severity=75 | SourceName=Sensor3 | EventType=application
[2026-08-16 20:13:31.177 (UTC)] info/application	[Sensor] Updated distance: 25.1674985485931 cm | Severity=75 | SourceName=Sensor3 | EventType=application
[2026-08-16 20:13:32.178 (UTC)] info/application	[Sensor] Updated distance: 23.9213734261791 cm | Severity=75 | SourceName=Sensor3 | EventType=application
[2026-08-16 20:13:33.178 (UTC)] info/application	[Sensor] Updated distance: 23.9893737398038 cm | Severity=75 | SourceName=Sensor3 | EventType=application
[2026-08-16 20:13:34.177 (UTC)] info/application	[Sensor] Updated distance: 23.5593823730291 cm | Severity=75 | SourceName=Sensor3 | EventType=application
[2026-08-16 20:13:35.178 (UTC)] info/application	[Sensor] Updated distance: 24.8896691542536 cm | Severity=75 | SourceName=Sensor3 | EventType=application
[2026-08-16 20:13:36.178 (UTC)] info/application	[Sensor] Updated distance: 24.7316006488314 cm | Severity=75 | SourceName=Sensor3 | EventType=application
[2026-08-16 20:13:37.178 (UTC)] info/application	[Sensor] Updated distance: 24.4825761334424 cm | Severity=75 | SourceName=Sensor3 | EventType=application
[2026-08-16 20:13:38.178 (UTC)] info/application	[Sensor] Updated distance: 23.6661240156582 cm | Severity=75 | SourceName=Sensor3 | EventType=application
[2026-08-16 20:13:39.179 (UTC)] info/application	[Sensor] Updated distance: 22.5648347253747 cm | Severity=75 | SourceName=Sensor3 | EventType=application
[2026-08-16 20:13:40.179 (UTC)] info/application	[Sensor] Updated distance: 21.3674799049587 cm | Severity=75 | SourceName=Sensor3 | EventType=application
[2026-08-16 20:13:41.179 (UTC)] info/application	[Sensor] Updated distance: 20.3548622528812 cm | Severity=75 | SourceName=Sensor3 | EventType=application
[2026-08-16 20:13:42.179 (UTC)] info/application	[Sensor] Updated distance: 19.4792385771774 cm | Severity=75 | SourceName=Sensor3 | EventType=application
[2026-08-16 20:13:43.179 (UTC)] info/application	[Sensor] Updated distance: 17.9914643820335 cm | Severity=75 | SourceName=Sensor3 | EventType=application
[2026-08-16 20:13:44.179 (UTC)] info/application	[Sensor] Updated distance: 17.0364853565285 cm | Severity=75 | SourceName=Sensor3 | EventType=application
[2026-08-16 20:13:45.179 (UTC)] info/application	[Sensor] Updated distance: 17.0735778366558 cm | Severity=75 | SourceName=Sensor3 | EventType=application
[2026-08-16 20:13:46.179 (UTC)] info/application	[Sensor] Updated distance: 15.6702022846649 cm | Severity=75 | SourceName=Sensor3 | EventType=application
[2026-08-16 20:13:47.179 (UTC)] info/application	[Sensor] Updated distance: 16.0786179341742 cm | Severity=75 | SourceName=Sensor3 | EventType=application
[2026-08-16 20:13:48.179 (UTC)] info/application	[Sensor] Updated distance: 16.6862118058774 cm | Severity=75 | SourceName=Sensor3 | EventType=application
[2026-08-16 20:13:49.179 (UTC)] info/application	[Sensor] Updated distance: 15.4511830562033 cm | Severity=75 | SourceName=Sensor3 | EventType=application
[2026-08-16 20:13:50.179 (UTC)] info/application	[Sensor] Updated distance: 16.1429619764178 cm | Severity=75 | SourceName=Sensor3 | EventType=application
[2026-08-16 20:13:51.179 (UTC)] info/application	[Sensor] Updated distance: 17.1291311197584 cm | Severity=75 | SourceName=Sensor3 | EventType=application
[2026-08-16 20:13:52.180 (UTC)] info/application	[Sensor] Updated distance: 17.0658092478131 cm | Severity=75 | SourceName=Sensor3 | EventType=application
[2026-08-16 20:13:53.179 (UTC)] info/application	[Sensor] Updated distance: 18.4524153915478 cm | Severity=75 | SourceName=Sensor3 | EventType=application
[2026-08-16 20:13:54.179 (UTC)] info/application	[Sensor] Updated distance: 18.9989873261652 cm | Severity=75 | SourceName=Sensor3 | EventType=application
[2026-08-16 20:13:55.179 (UTC)] info/application	[Sensor] Updated distance: 18.8181283938783 cm | Severity=75 | SourceName=Sensor3 | EventType=application
[2026-08-16 20:13:56.179 (UTC)] info/application	[Sensor] Updated distance: 18.8246530146918 cm | Severity=75 | SourceName=Sensor3 | EventType=application
[2026-08-16 20:13:57.180 (UTC)] info/application	[Sensor] Updated distance: 18.7247411821618 cm | Severity=75 | SourceName=Sensor3 | EventType=application
[2026-08-16 20:13:58.180 (UTC)] info/application	[Sensor] Updated distance: 19.7648100616712 cm | Severity=75 | SourceName=Sensor3 | EventType=application
[2026-08-16 20:13:59.180 (UTC)] info/application	[Sensor] Updated distance: 20.9386582006415 cm | Severity=75 | SourceName=Sensor3 | EventType=application
[2026-08-16 20:14:00.181 (UTC)] info/application	[Sensor] Updated distance: 22.2514019826201 cm | Severity=75 | SourceName=Sensor3 | EventType=application
[2026-08-16 20:14:01.182 (UTC)] info/application	[Sensor] Updated distance: 22.1465166877706 cm | Severity=75 | SourceName=Sensor3 | EventType=application
[2026-08-16 20:14:02.182 (UTC)] info/application	[Sensor] Updated distance: 22.4364420785273 cm | Severity=75 | SourceName=Sensor3 | EventType=application
[2026-08-16 20:14:03.182 (UTC)] info/application	[Sensor] Updated distance: 21.0030607366949 cm | Severity=75 | SourceName=Sensor3 | EventType=application
[2026-08-16 20:14:04.182 (UTC)] info/application	[Sensor] Updated distance: 22.4661757554701 cm | Severity=75 | SourceName=Sensor3 | EventType=application
[2026-08-16 20:14:05.182 (UTC)] info/application	[Sensor] Updated distance: 23.826109779452 cm | Severity=75 | SourceName=Sensor3 | EventType=application
[2026-08-16 20:14:06.182 (UTC)] info/application	[Sensor] Updated distance: 25.2230152202411 cm | Severity=75 | SourceName=Sensor3 | EventType=application
[2026-08-16 20:14:07.182 (UTC)] info/application	[Sensor] Updated distance: 25.0280617321972 cm | Severity=75 | SourceName=Sensor3 | EventType=application
[2026-08-16 20:14:08.183 (UTC)] info/application	[Sensor] Updated distance: 24.6389712407901 cm | Severity=75 | SourceName=Sensor3 | EventType=application
[2026-08-16 20:14:09.173 (UTC)] info/application	[Sensor] Updated distance: 23.7194245623981 cm | Severity=75 | SourceName=Sensor3 | EventType=application
[2026-08-16 20:14:10.174 (UTC)] info/application	[Sensor] Updated distance: 23.9231817840706 cm | Severity=75 | SourceName=Sensor3 | EventType=application
[2026-08-16 20:14:11.174 (UTC)] info/application	[Sensor] Updated distance: 23.8367364722475 cm | Severity=75 | SourceName=Sensor3 | EventType=application
[2026-08-16 20:14:12.174 (UTC)] info/application	[Sensor] Updated distance: 23.404572141778 cm | Severity=75 | SourceName=Sensor3 | EventType=application
[2026-08-16 20:14:13.175 (UTC)] info/application	[Sensor] Updated distance: 24.2327056877467 cm | Severity=75 | SourceName=Sensor3 | EventType=application
[2026-08-16 20:14:14.175 (UTC)] info/application	[Sensor] Updated distance: 24.1584861807797 cm | Severity=75 | SourceName=Sensor3 | EventType=application
[2026-08-16 20:14:15.175 (UTC)] info/application	[Sensor] Updated distance: 24.2713428248052 cm | Severity=75 | SourceName=Sensor3 | EventType=application
[2026-08-16 20:14:16.176 (UTC)] info/application	[Sensor] Updated distance: 23.6365688509012 cm | Severity=75 | SourceName=Sensor3 | EventType=application
[2026-08-16 20:14:17.176 (UTC)] info/application	[Sensor] Updated distance: 23.6589737919434 cm | Severity=75 | SourceName=Sensor3 | EventType=application
[2026-08-16 20:14:18.176 (UTC)] info/application	[Sensor] Updated distance: 22.6802460840811 cm | Severity=75 | SourceName=Sensor3 | EventType=application
[2026-08-16 20:14:19.176 (UTC)] info/application	[Sensor] Updated distance: 24.1530659818803 cm | Severity=75 | SourceName=Sensor3 | EventType=application
[2026-08-16 20:14:20.177 (UTC)] info/application	[Sensor] Updated distance: 24.4404421732483 cm | Severity=75 | SourceName=Sensor3 | EventType=application
[2026-08-16 20:14:21.177 (UTC)] info/application	[Sensor] Updated distance: 25.6534933856006 cm | Severity=75 | SourceName=Sensor3 | EventType=application
[2026-08-16 20:14:22.178 (UTC)] info/application	[Sensor] Updated distance: 26.6124824253434 cm | Severity=75 | SourceName=Sensor3 | EventType=application
[2026-08-16 20:14:23.178 (UTC)] info/application	[Sensor] Updated distance: 25.3365367447662 cm | Severity=75 | SourceName=Sensor3 | EventType=application
[2026-08-16 20:14:24.178 (UTC)] info/application	[Sensor] Updated distance: 26.4361940994561 cm | Severity=75 | SourceName=Sensor3 | EventType=application
[2026-08-16 20:14:25.178 (UTC)] info/application	[Sensor] Updated distance: 26.4417550724194 cm | Severity=75 | SourceName=Sensor3 | EventType=application
[2026-08-16 20:14:26.179 (UTC)] info/application	[Sensor] Updated distance: 26.4849504595552 cm | Severity=75 | SourceName=Sensor3 | EventType=application
[2026-08-16 20:14:27.179 (UTC)] info/application	[Sensor] Updated distance: 26.0911324336618 cm | Severity=75 | SourceName=Sensor3 | EventType=application
[2026-08-16 20:14:28.179 (UTC)] info/application	[Sensor] Updated distance: 27.496781574095 cm | Severity=75 | SourceName=Sensor3 | EventType=application
[2026-08-16 20:14:29.179 (UTC)] info/application	[Sensor] Updated distance: 27.0800458407402 cm | Severity=75 | SourceName=Sensor3 | EventType=application
[2026-08-16 20:14:30.180 (UTC)] info/application	[Sensor] Updated distance: 26.36007595242 cm | Severity=75 | SourceName=Sensor3 | EventType=application
[2026-08-16 20:14:31.180 (UTC)] info/application	[Sensor] Updated distance: 27.5784688734349 cm | Severity=75 | SourceName=Sensor3 | EventType=application
[2026-08-16 20:14:32.180 (UTC)] info/application	[Sensor] Updated distance: 28.5568478452306 cm | Severity=75 | SourceName=Sensor3 | EventType=application
[2026-08-16 20:14:33.181 (UTC)] info/application	[Sensor] Updated distance: 29.6268033476671 cm | Severity=75 | SourceName=Sensor3 | EventType=application
[2026-08-16 20:14:34.181 (UTC)] info/application	[Sensor] Updated distance: 30.9118149282465 cm | Severity=75 | SourceName=Sensor3 | EventType=application
[2026-08-16 20:14:35.181 (UTC)] info/application	[Sensor] Updated distance: 31.8533089174206 cm | Severity=75 | SourceName=Sensor3 | EventType=application
[2026-08-16 20:14:36.181 (UTC)] info/application	[Sensor] Updated distance: 32.7831984438389 cm | Severity=75 | SourceName=Sensor3 | EventType=application
[2026-08-16 20:14:37.181 (UTC)] info/application	[Sensor] Updated distance: 33.9651154638105 cm | Severity=75 | SourceName=Sensor3 | EventType=application
[2026-08-16 20:14:38.181 (UTC)] info/application	[Sensor] Updated distance: 33.2116559635436 cm | Severity=75 | SourceName=Sensor3 | EventType=application
[2026-08-16 20:14:39.181 (UTC)] info/application	[Sensor] Updated distance: 32.2524549971579 cm | Severity=75 | SourceName=Sensor3 | EventType=application
[2026-08-16 20:14:40.181 (UTC)] info/application	[Sensor] Updated distance: 31.0148253373405 cm | Severity=75 | SourceName=Sensor3 | EventType=application
[2026-08-16 20:14:41.181 (UTC)] info/application	[Sensor] Updated distance: 31.9651230601431 cm | Severity=75 | SourceName=Sensor3 | EventType=application
[2026-08-16 20:14:42.181 (UTC)] info/application	[Sensor] Updated distance: 32.4194767819342 cm | Severity=75 | SourceName=Sensor3 | EventType=application
[2026-08-16 20:14:43.180 (UTC)] info/application	[Sensor] Updated distance: 32.2496827916473 cm | Severity=75 | SourceName=Sensor3 | EventType=application
[2026-08-16 20:14:44.181 (UTC)] info/application	[Sensor] Updated distance: 32.5281140590217 cm | Severity=75 | SourceName=Sensor3 | EventType=application
[2026-08-16 20:14:45.181 (UTC)] info/application	[Sensor] Updated distance: 31.4082482724489 cm | Severity=75 | SourceName=Sensor3 | EventType=application
[2026-08-16 20:14:46.181 (UTC)] info/application	[Sensor] Updated distance: 32.8513109261874 cm | Severity=75 | SourceName=Sensor3 | EventType=application
[2026-08-16 20:14:47.181 (UTC)] info/application	[Sensor] Updated distance: 33.9949682196578 cm | Severity=75 | SourceName=Sensor3 | EventType=application
[2026-08-16 20:14:48.182 (UTC)] info/application	[Sensor] Updated distance: 34.3975073741271 cm | Severity=75 | SourceName=Sensor3 | EventType=application
[2026-08-16 20:14:49.182 (UTC)] info/application	[Sensor] Updated distance: 33.3618423200034 cm | Severity=75 | SourceName=Sensor3 | EventType=application
[2026-08-16 20:14:50.182 (UTC)] info/application	[Sensor] Updated distance: 34.4783195112731 cm | Severity=75 | SourceName=Sensor3 | EventType=application
[2026-08-16 20:14:51.182 (UTC)] info/application	[Sensor] Updated distance: 33.6682348571104 cm | Severity=75 | SourceName=Sensor3 | EventType=application
[2026-08-16 20:14:52.173 (UTC)] info/application	[Sensor] Updated distance: 32.345621013942 cm | Severity=75 | SourceName=Sensor3 | EventType=application
[2026-08-16 20:14:53.174 (UTC)] info/application	[Sensor] Updated distance: 32.9210872435575 cm | Severity=75 | SourceName=Sensor3 | EventType=application
[2026-08-16 20:14:54.175 (UTC)] info/application	[Sensor] Updated distance: 32.3350569088175 cm | Severity=75 | SourceName=Sensor3 | EventType=application
[2026-08-16 20:14:55.176 (UTC)] info/application	[Sensor] Updated distance: 33.612100421736 cm | Severity=75 | SourceName=Sensor3 | EventType=application
[2026-08-16 20:14:56.176 (UTC)] info/application	[Sensor] Updated distance: 32.6931276243148 cm | Severity=75 | SourceName=Sensor3 | EventType=application
[2026-08-16 20:14:57.175 (UTC)] info/application	[Sensor] Updated distance: 33.6502926767106 cm | Severity=75 | SourceName=Sensor3 | EventType=application
[2026-08-16 20:14:58.175 (UTC)] info/application	[Sensor] Updated distance: 33.0335181623387 cm | Severity=75 | SourceName=Sensor3 | EventType=application
[2026-08-16 20:14:59.176 (UTC)] info/application	[Sensor] Updated distance: 32.0201945039537 cm | Severity=75 | SourceName=Sensor3 | EventType=application
[2026-08-16 20:15:00.176 (UTC)] info/application	[Sensor] Updated distance: 31.0606238215978 cm | Severity=75 | SourceName=Sensor3 | EventType=application
[2026-08-16 20:15:01.177 (UTC)] info/application	[Sensor] Updated distance: 31.2238794203027 cm | Severity=75 | SourceName=Sensor3 | EventType=application
[2026-08-16 20:15:02.177 (UTC)] info/application	[Sensor] Updated distance: 29.9289486829326 cm | Severity=75 | SourceName=Sensor3 | EventType=application
[2026-08-16 20:15:03.178 (UTC)] info/application	[Sensor] Updated distance: 28.4477569709754 cm | Severity=75 | SourceName=Sensor3 | EventType=application
[2026-08-16 20:15:04.178 (UTC)] info/application	[Sensor] Updated distance: 28.1809680707198 cm | Severity=75 | SourceName=Sensor3 | EventType=application
[2026-08-16 20:15:05.178 (UTC)] info/application	[Sensor] Updated distance: 29.6710489139291 cm | Severity=75 | SourceName=Sensor3 | EventType=application
[2026-08-16 20:15:06.179 (UTC)] info/application	[Sensor] Updated distance: 30.631351191146 cm | Severity=75 | SourceName=Sensor3 | EventType=application
[2026-08-16 20:15:07.180 (UTC)] info/application	[Sensor] Updated distance: 29.7944518159117 cm | Severity=75 | SourceName=Sensor3 | EventType=application
[2026-08-16 20:15:08.181 (UTC)] info/application	[Sensor] Updated distance: 30.9664496776957 cm | Severity=75 | SourceName=Sensor3 | EventType=application
[2026-08-16 20:15:09.182 (UTC)] info/application	[Sensor] Updated distance: 29.6732924546456 cm | Severity=75 | SourceName=Sensor3 | EventType=application
[2026-08-16 20:15:10.182 (UTC)] info/application	[Sensor] Updated distance: 29.3771921130256 cm | Severity=75 | SourceName=Sensor3 | EventType=application
[2026-08-16 20:15:11.173 (UTC)] info/application	[Sensor] Updated distance: 30.8115603149922 cm | Severity=75 | SourceName=Sensor3 | EventType=application
[2026-08-16 20:15:12.174 (UTC)] info/application	[Sensor] Updated distance: 31.9687008147448 cm | Severity=75 | SourceName=Sensor3 | EventType=application
[2026-08-16 20:15:13.175 (UTC)] info/application	[Sensor] Updated distance: 30.6269541935189 cm | Severity=75 | SourceName=Sensor3 | EventType=application
[2026-08-16 20:15:14.175 (UTC)] info/application	[Sensor] Updated distance: 30.3915284038016 cm | Severity=75 | SourceName=Sensor3 | EventType=application
[2026-08-16 20:15:15.175 (UTC)] info/application	[Sensor] Updated distance: 30.3271001695316 cm | Severity=75 | SourceName=Sensor3 | EventType=application
[2026-08-16 20:15:16.175 (UTC)] info/application	[Sensor] Updated distance: 29.3654877617329 cm | Severity=75 | SourceName=Sensor3 | EventType=application
[2026-08-16 20:15:17.176 (UTC)] info/application	[Sensor] Updated distance: 29.0731246243571 cm | Severity=75 | SourceName=Sensor3 | EventType=application
[2026-08-16 20:15:18.176 (UTC)] info/application	[Sensor] Updated distance: 28.6523536835575 cm | Severity=75 | SourceName=Sensor3 | EventType=application
[2026-08-16 20:15:19.177 (UTC)] info/application	[Sensor] Updated distance: 29.5932804316251 cm | Severity=75 | SourceName=Sensor3 | EventType=application
[2026-08-16 20:15:20.177 (UTC)] info/application	[Sensor] Updated distance: 29.7652522401256 cm | Severity=75 | SourceName=Sensor3 | EventType=application
[2026-08-16 20:15:21.178 (UTC)] info/application	[Sensor] Updated distance: 28.9609584891987 cm | Severity=75 | SourceName=Sensor3 | EventType=application
[2026-08-16 20:15:22.178 (UTC)] info/application	[Sensor] Updated distance: 27.5918005817066 cm | Severity=75 | SourceName=Sensor3 | EventType=application
[2026-08-16 20:15:23.178 (UTC)] info/application	[Sensor] Updated distance: 27.9411585484357 cm | Severity=75 | SourceName=Sensor3 | EventType=application
[2026-08-16 20:15:24.179 (UTC)] info/application	[Sensor] Updated distance: 29.2123310271242 cm | Severity=75 | SourceName=Sensor3 | EventType=application
[2026-08-16 20:15:25.179 (UTC)] info/application	[Sensor] Updated distance: 28.7571427848922 cm | Severity=75 | SourceName=Sensor3 | EventType=application
[2026-08-16 20:15:26.180 (UTC)] info/application	[Sensor] Updated distance: 28.8835442631429 cm | Severity=75 | SourceName=Sensor3 | EventType=application
[2026-08-16 20:15:27.180 (UTC)] info/application	[Sensor] Updated distance: 27.7357439430131 cm | Severity=75 | SourceName=Sensor3 | EventType=application
[2026-08-16 20:15:28.180 (UTC)] info/application	[Sensor] Updated distance: 26.7377207517799 cm | Severity=75 | SourceName=Sensor3 | EventType=application
[2026-08-16 20:15:29.181 (UTC)] info/application	[Sensor] Updated distance: 27.7473477156587 cm | Severity=75 | SourceName=Sensor3 | EventType=application
[2026-08-16 20:15:30.181 (UTC)] info/application	[Sensor] Updated distance: 27.086223738541 cm | Severity=75 | SourceName=Sensor3 | EventType=application
[2026-08-16 20:15:31.181 (UTC)] info/application	[Sensor] Updated distance: 26.6286298663488 cm | Severity=75 | SourceName=Sensor3 | EventType=application
[2026-08-16 20:15:32.181 (UTC)] info/application	[Sensor] Updated distance: 26.3015124275356 cm | Severity=75 | SourceName=Sensor3 | EventType=application
[2026-08-16 20:15:33.181 (UTC)] info/application	[Sensor] Updated distance: 25.8454577130477 cm | Severity=75 | SourceName=Sensor3 | EventType=application
[2026-08-16 20:15:34.182 (UTC)] info/application	[Sensor] Updated distance: 25.4066721288984 cm | Severity=75 | SourceName=Sensor3 | EventType=application
[2026-08-16 20:15:35.181 (UTC)] info/application	[Sensor] Updated distance: 26.3127657912265 cm | Severity=75 | SourceName=Sensor3 | EventType=application
[2026-08-16 20:15:36.182 (UTC)] info/application	[Sensor] Updated distance: 25.846791918551 cm | Severity=75 | SourceName=Sensor3 | EventType=application
[2026-08-16 20:15:37.182 (UTC)] info/application	[Sensor] Updated distance: 24.8683086116185 cm | Severity=75 | SourceName=Sensor3 | EventType=application
[2026-08-16 20:15:38.183 (UTC)] info/application	[Sensor] Updated distance: 23.4375028973154 cm | Severity=75 | SourceName=Sensor3 | EventType=application
[2026-08-16 20:15:39.183 (UTC)] info/application	[Sensor] Updated distance: 22.6435268850268 cm | Severity=75 | SourceName=Sensor3 | EventType=application
[2026-08-16 20:15:40.183 (UTC)] info/application	[Sensor] Updated distance: 21.8718863550442 cm | Severity=75 | SourceName=Sensor3 | EventType=application
[2026-08-16 20:15:41.173 (UTC)] info/application	[Sensor] Updated distance: 21.6449803005182 cm | Severity=75 | SourceName=Sensor3 | EventType=application
[2026-08-16 20:15:42.174 (UTC)] info/application	[Sensor] Updated distance: 20.7853724887992 cm | Severity=75 | SourceName=Sensor3 | EventType=application
[2026-08-16 20:15:43.173 (UTC)] info/application	[Sensor] Updated distance: 19.6708724571722 cm | Severity=75 | SourceName=Sensor3 | EventType=application
[2026-08-16 20:15:44.174 (UTC)] info/application	[Sensor] Updated distance: 19.6022197814203 cm | Severity=75 | SourceName=Sensor3 | EventType=application
[2026-08-16 20:15:45.173 (UTC)] info/application	[Sensor] Updated distance: 20.007186179984 cm | Severity=75 | SourceName=Sensor3 | EventType=application
[2026-08-16 20:15:46.173 (UTC)] info/application	[Sensor] Updated distance: 20.3282579140869 cm | Severity=75 | SourceName=Sensor3 | EventType=application
[2026-08-16 20:15:47.173 (UTC)] info/application	[Sensor] Updated distance: 20.7979928319333 cm | Severity=75 | SourceName=Sensor3 | EventType=application
[2026-08-16 20:15:48.173 (UTC)] info/application	[Sensor] Updated distance: 19.4105960917243 cm | Severity=75 | SourceName=Sensor3 | EventType=application
[2026-08-16 20:15:49.173 (UTC)] info/application	[Sensor] Updated distance: 20.8108968850276 cm | Severity=75 | SourceName=Sensor3 | EventType=application
[2026-08-16 20:15:50.173 (UTC)] info/application	[Sensor] Updated distance: 20.7215585495445 cm | Severity=75 | SourceName=Sensor3 | EventType=application
[2026-08-16 20:15:51.183 (UTC)] info/application	[Sensor] Updated distance: 21.0061336192331 cm | Severity=75 | SourceName=Sensor3 | EventType=application
[2026-08-16 20:15:52.174 (UTC)] info/application	[Sensor] Updated distance: 20.1021406602124 cm | Severity=75 | SourceName=Sensor3 | EventType=application
[2026-08-16 20:15:53.174 (UTC)] info/application	[Sensor] Updated distance: 20.1436444172373 cm | Severity=75 | SourceName=Sensor3 | EventType=application
[2026-08-16 20:15:54.175 (UTC)] info/application	[Sensor] Updated distance: 19.277577452258 cm | Severity=75 | SourceName=Sensor3 | EventType=application
[2026-08-16 20:15:55.176 (UTC)] info/application	[Sensor] Updated distance: 18.1447569719258 cm | Severity=75 | SourceName=Sensor3 | EventType=application
[2026-08-16 20:15:56.176 (UTC)] info/application	[Sensor] Updated distance: 19.2310724867187 cm | Severity=75 | SourceName=Sensor3 | EventType=application
[2026-08-16 20:15:57.176 (UTC)] info/application	[Sensor] Updated distance: 19.99140699999 cm | Severity=75 | SourceName=Sensor3 | EventType=application
[2026-08-16 20:15:58.178 (UTC)] info/application	[Sensor] Updated distance: 19.2107861995281 cm | Severity=75 | SourceName=Sensor3 | EventType=application
[2026-08-16 20:15:59.179 (UTC)] info/application	[Sensor] Updated distance: 17.7990785216908 cm | Severity=75 | SourceName=Sensor3 | EventType=application
[2026-08-16 20:16:00.180 (UTC)] info/application	[Sensor] Updated distance: 18.069039997444 cm | Severity=75 | SourceName=Sensor3 | EventType=application
[2026-08-16 20:16:01.180 (UTC)] info/application	[Sensor] Updated distance: 18.1272952198643 cm | Severity=75 | SourceName=Sensor3 | EventType=application
[2026-08-16 20:16:02.181 (UTC)] info/application	[Sensor] Updated distance: 17.7579936698349 cm | Severity=75 | SourceName=Sensor3 | EventType=application
[2026-08-16 20:16:03.181 (UTC)] info/application	[Sensor] Updated distance: 19.2008377081718 cm | Severity=75 | SourceName=Sensor3 | EventType=application
[2026-08-16 20:16:04.180 (UTC)] info/application	[Sensor] Updated distance: 20.3030382161043 cm | Severity=75 | SourceName=Sensor3 | EventType=application
[2026-08-16 20:16:05.181 (UTC)] info/application	[Sensor] Updated distance: 20.9949510833225 cm | Severity=75 | SourceName=Sensor3 | EventType=application
[2026-08-16 20:16:06.181 (UTC)] info/application	[Sensor] Updated distance: 21.8438887825906 cm | Severity=75 | SourceName=Sensor3 | EventType=application
[2026-08-16 20:16:07.182 (UTC)] info/application	[Sensor] Updated distance: 20.9801154164505 cm | Severity=75 | SourceName=Sensor3 | EventType=application
[2026-08-16 20:16:08.182 (UTC)] info/application	[Sensor] Updated distance: 22.1935449767362 cm | Severity=75 | SourceName=Sensor3 | EventType=application
[2026-08-16 20:16:09.182 (UTC)] info/application	[Sensor] Updated distance: 23.1116769617012 cm | Severity=75 | SourceName=Sensor3 | EventType=application
[2026-08-16 20:16:10.182 (UTC)] info/application	[Sensor] Updated distance: 22.9539275832725 cm | Severity=75 | SourceName=Sensor3 | EventType=application
[2026-08-16 20:16:11.182 (UTC)] info/application	[Sensor] Updated distance: 21.8957166121787 cm | Severity=75 | SourceName=Sensor3 | EventType=application
[2026-08-16 20:16:12.182 (UTC)] info/application	[Sensor] Updated distance: 21.0869425412206 cm | Severity=75 | SourceName=Sensor3 | EventType=application
[2026-08-16 20:16:13.181 (UTC)] info/application	[Sensor] Updated distance: 21.569585351073 cm | Severity=75 | SourceName=Sensor3 | EventType=application
[2026-08-16 20:16:14.181 (UTC)] info/application	[Sensor] Updated distance: 20.8968743483521 cm | Severity=75 | SourceName=Sensor3 | EventType=application
[2026-08-16 20:16:15.183 (UTC)] info/application	[Sensor] Updated distance: 21.5194476030392 cm | Severity=75 | SourceName=Sensor3 | EventType=application
[2026-08-16 20:16:16.183 (UTC)] info/application	[Sensor] Updated distance: 20.9070568100582 cm | Severity=75 | SourceName=Sensor3 | EventType=application
[2026-08-16 20:16:17.182 (UTC)] info/application	[Sensor] Updated distance: 22.0554175414403 cm | Severity=75 | SourceName=Sensor3 | EventType=application
[2026-08-16 20:16:18.182 (UTC)] info/application	[Sensor] Updated distance: 21.6477257125767 cm | Severity=75 | SourceName=Sensor3 | EventType=application
[2026-08-16 20:16:19.183 (UTC)] info/application	[Sensor] Updated distance: 21.1479381807837 cm | Severity=75 | SourceName=Sensor3 | EventType=application
[2026-08-16 20:16:20.183 (UTC)] info/application	[Sensor] Updated distance: 22.1965997054691 cm | Severity=75 | SourceName=Sensor3 | EventType=application
[2026-08-16 20:16:21.173 (UTC)] info/application	[Sensor] Updated distance: 23.1995695411225 cm | Severity=75 | SourceName=Sensor3 | EventType=application
[2026-08-16 20:16:22.174 (UTC)] info/application	[Sensor] Updated distance: 24.484357079018 cm | Severity=75 | SourceName=Sensor3 | EventType=application
[2026-08-16 20:16:23.175 (UTC)] info/application	[Sensor] Updated distance: 23.1290256432858 cm | Severity=75 | SourceName=Sensor3 | EventType=application
[2026-08-16 20:16:24.175 (UTC)] info/application	[Sensor] Updated distance: 22.6734992345671 cm | Severity=75 | SourceName=Sensor3 | EventType=application
[2026-08-16 20:16:25.175 (UTC)] info/application	[Sensor] Updated distance: 21.5922198060863 cm | Severity=75 | SourceName=Sensor3 | EventType=application
[2026-08-16 20:16:26.176 (UTC)] info/application	[Sensor] Updated distance: 20.604067890022 cm | Severity=75 | SourceName=Sensor3 | EventType=application
[2026-08-16 20:16:27.176 (UTC)] info/application	[Sensor] Updated distance: 19.7348569946991 cm | Severity=75 | SourceName=Sensor3 | EventType=application
[2026-08-16 20:16:28.176 (UTC)] info/application	[Sensor] Updated distance: 20.9139120794897 cm | Severity=75 | SourceName=Sensor3 | EventType=application
[2026-08-16 20:16:29.177 (UTC)] info/application	[Sensor] Updated distance: 20.6451393643604 cm | Severity=75 | SourceName=Sensor3 | EventType=application
[2026-08-16 20:16:30.178 (UTC)] info/application	[Sensor] Updated distance: 19.8642207912002 cm | Severity=75 | SourceName=Sensor3 | EventType=application
[2026-08-16 20:16:31.177 (UTC)] info/application	[Sensor] Updated distance: 19.8132373503471 cm | Severity=75 | SourceName=Sensor3 | EventType=application
[2026-08-16 20:16:32.178 (UTC)] info/application	[Sensor] Updated distance: 21.1027198576381 cm | Severity=75 | SourceName=Sensor3 | EventType=application
[2026-08-16 20:16:33.178 (UTC)] info/application	[Sensor] Updated distance: 21.4524997358455 cm | Severity=75 | SourceName=Sensor3 | EventType=application
[2026-08-16 20:16:34.178 (UTC)] info/application	[Sensor] Updated distance: 21.3443603319322 cm | Severity=75 | SourceName=Sensor3 | EventType=application
[2026-08-16 20:16:35.178 (UTC)] info/application	[Sensor] Updated distance: 22.2360433471557 cm | Severity=75 | SourceName=Sensor3 | EventType=application
[2026-08-16 20:16:36.178 (UTC)] info/application	[Sensor] Updated distance: 21.7777360911843 cm | Severity=75 | SourceName=Sensor3 | EventType=application
[2026-08-16 20:16:37.178 (UTC)] info/application	[Sensor] Updated distance: 21.0185343851421 cm | Severity=75 | SourceName=Sensor3 | EventType=application
[2026-08-16 20:16:38.178 (UTC)] info/application	[Sensor] Updated distance: 19.5464440328285 cm | Severity=75 | SourceName=Sensor3 | EventType=application
[2026-08-16 20:16:39.177 (UTC)] info/application	[Sensor] Updated distance: 18.8015663357459 cm | Severity=75 | SourceName=Sensor3 | EventType=application
[2026-08-16 20:16:40.178 (UTC)] info/application	[Sensor] Updated distance: 17.4604966146687 cm | Severity=75 | SourceName=Sensor3 | EventType=application
[2026-08-16 20:16:41.178 (UTC)] info/application	[Sensor] Updated distance: 17.3306568853234 cm | Severity=75 | SourceName=Sensor3 | EventType=application
[2026-08-16 20:16:42.179 (UTC)] info/application	[Sensor] Updated distance: 17.0275682171469 cm | Severity=75 | SourceName=Sensor3 | EventType=application
[2026-08-16 20:16:43.179 (UTC)] info/application	[Sensor] Updated distance: 16.3777244251117 cm | Severity=75 | SourceName=Sensor3 | EventType=application
[2026-08-16 20:16:44.179 (UTC)] info/application	[Sensor] Updated distance: 15.2305275042218 cm | Severity=75 | SourceName=Sensor3 | EventType=application
[2026-08-16 20:16:45.179 (UTC)] info/application	[Sensor] Updated distance: 15.7547278333244 cm | Severity=75 | SourceName=Sensor3 | EventType=application
[2026-08-16 20:16:46.179 (UTC)] info/application	[Sensor] Updated distance: 17.2274572959763 cm | Severity=75 | SourceName=Sensor3 | EventType=application
[2026-08-16 20:16:47.179 (UTC)] info/application	[Sensor] Updated distance: 16.9678695835023 cm | Severity=75 | SourceName=Sensor3 | EventType=application
[2026-08-16 20:16:48.179 (UTC)] info/application	[Sensor] Updated distance: 17.1404306425901 cm | Severity=75 | SourceName=Sensor3 | EventType=application
[2026-08-16 20:16:49.180 (UTC)] info/application	[Sensor] Updated distance: 16.7054682749814 cm | Severity=75 | SourceName=Sensor3 | EventType=application
[2026-08-16 20:16:50.180 (UTC)] info/application	[Sensor] Updated distance: 17.4460930307144 cm | Severity=75 | SourceName=Sensor3 | EventType=application
[2026-08-16 20:16:51.180 (UTC)] info/application	[Sensor] Updated distance: 17.1673156130906 cm | Severity=75 | SourceName=Sensor3 | EventType=application
[2026-08-16 20:16:52.181 (UTC)] info/application	[Sensor] Updated distance: 16.2353230797384 cm | Severity=75 | SourceName=Sensor3 | EventType=application
[2026-08-16 20:16:53.181 (UTC)] info/application	[Sensor] Updated distance: 16.76073537197 cm | Severity=75 | SourceName=Sensor3 | EventType=application
[2026-08-16 20:16:54.182 (UTC)] info/application	[Sensor] Updated distance: 16.6266265200109 cm | Severity=75 | SourceName=Sensor3 | EventType=application
[2026-08-16 20:16:55.183 (UTC)] info/application	[Sensor] Updated distance: 16.73910757794 cm | Severity=75 | SourceName=Sensor3 | EventType=application
[2026-08-16 20:16:56.173 (UTC)] info/application	[Sensor] Updated distance: 17.6832404416907 cm | Severity=75 | SourceName=Sensor3 | EventType=application
[2026-08-16 20:16:57.174 (UTC)] info/application	[Sensor] Updated distance: 18.0609796736673 cm | Severity=75 | SourceName=Sensor3 | EventType=application
[2026-08-16 20:16:58.174 (UTC)] info/application	[Sensor] Updated distance: 18.8042498362736 cm | Severity=75 | SourceName=Sensor3 | EventType=application
[2026-08-16 20:16:59.174 (UTC)] info/application	[Sensor] Updated distance: 19.4274377834179 cm | Severity=75 | SourceName=Sensor3 | EventType=application
[2026-08-16 20:17:00.175 (UTC)] info/application	[Sensor] Updated distance: 18.0364042988682 cm | Severity=75 | SourceName=Sensor3 | EventType=application
[2026-08-16 20:17:01.175 (UTC)] info/application	[Sensor] Updated distance: 19.4987558897113 cm | Severity=75 | SourceName=Sensor3 | EventType=application
[2026-08-16 20:17:02.176 (UTC)] info/application	[Sensor] Updated distance: 18.5709603946055 cm | Severity=75 | SourceName=Sensor3 | EventType=application
[2026-08-16 20:17:03.176 (UTC)] info/application	[Sensor] Updated distance: 19.9694094187437 cm | Severity=75 | SourceName=Sensor3 | EventType=application
[2026-08-16 20:17:04.177 (UTC)] info/application	[Sensor] Updated distance: 20.2815408863972 cm | Severity=75 | SourceName=Sensor3 | EventType=application
[2026-08-16 20:17:05.177 (UTC)] info/application	[Sensor] Updated distance: 20.7456059887752 cm | Severity=75 | SourceName=Sensor3 | EventType=application
[2026-08-16 20:17:06.177 (UTC)] info/application	[Sensor] Updated distance: 21.5357380267399 cm | Severity=75 | SourceName=Sensor3 | EventType=application
[2026-08-16 20:17:07.178 (UTC)] info/application	[Sensor] Updated distance: 22.889562238422 cm | Severity=75 | SourceName=Sensor3 | EventType=application
[2026-08-16 20:17:08.179 (UTC)] info/application	[Sensor] Updated distance: 24.0944256347578 cm | Severity=75 | SourceName=Sensor3 | EventType=application
[2026-08-16 20:17:09.179 (UTC)] info/application	[Sensor] Updated distance: 24.9124673204089 cm | Severity=75 | SourceName=Sensor3 | EventType=application
[2026-08-16 20:17:10.179 (UTC)] info/application	[Sensor] Updated distance: 24.0214138336113 cm | Severity=75 | SourceName=Sensor3 | EventType=application
[2026-08-16 20:17:11.179 (UTC)] info/application	[Sensor] Updated distance: 25.38520750887 cm | Severity=75 | SourceName=Sensor3 | EventType=application
[2026-08-16 20:17:12.179 (UTC)] info/application	[Sensor] Updated distance: 24.5734094637788 cm | Severity=75 | SourceName=Sensor3 | EventType=application
[2026-08-16 20:17:13.180 (UTC)] info/application	[Sensor] Updated distance: 24.8792673088048 cm | Severity=75 | SourceName=Sensor3 | EventType=application
[2026-08-16 20:17:14.180 (UTC)] info/application	[Sensor] Updated distance: 24.0932171920282 cm | Severity=75 | SourceName=Sensor3 | EventType=application
[2026-08-16 20:17:15.180 (UTC)] info/application	[Sensor] Updated distance: 23.634222227444 cm | Severity=75 | SourceName=Sensor3 | EventType=application
[2026-08-16 20:17:16.180 (UTC)] info/application	[Sensor] Updated distance: 22.9642804001757 cm | Severity=75 | SourceName=Sensor3 | EventType=application
[2026-08-16 20:17:17.181 (UTC)] info/application	[Sensor] Updated distance: 22.1509597446541 cm | Severity=75 | SourceName=Sensor3 | EventType=application
[2026-08-16 20:17:18.181 (UTC)] info/application	[Sensor] Updated distance: 22.9323770675959 cm | Severity=75 | SourceName=Sensor3 | EventType=application
[2026-08-16 20:17:19.182 (UTC)] info/application	[Sensor] Updated distance: 23.9349962994153 cm | Severity=75 | SourceName=Sensor3 | EventType=application
[2026-08-16 20:17:20.182 (UTC)] info/application	[Sensor] Updated distance: 24.186713277682 cm | Severity=75 | SourceName=Sensor3 | EventType=application
[2026-08-16 20:17:21.183 (UTC)] info/application	[Sensor] Updated distance: 24.2087553549598 cm | Severity=75 | SourceName=Sensor3 | EventType=application
[2026-08-16 20:17:22.183 (UTC)] info/application	[Sensor] Updated distance: 23.4325971691555 cm | Severity=75 | SourceName=Sensor3 | EventType=application
[2026-08-16 20:17:23.183 (UTC)] info/application	[Sensor] Updated distance: 24.25232161407 cm | Severity=75 | SourceName=Sensor3 | EventType=application
[2026-08-16 20:17:24.173 (UTC)] info/application	[Sensor] Updated distance: 23.2997759821823 cm | Severity=75 | SourceName=Sensor3 | EventType=application
[2026-08-16 20:17:25.173 (UTC)] info/application	[Sensor] Updated distance: 23.8895089444189 cm | Severity=75 | SourceName=Sensor3 | EventType=application
[2026-08-16 20:17:26.174 (UTC)] info/application	[Sensor] Updated distance: 23.3217144472625 cm | Severity=75 | SourceName=Sensor3 | EventType=application
[2026-08-16 20:17:27.174 (UTC)] info/application	[Sensor] Updated distance: 24.8133016791256 cm | Severity=75 | SourceName=Sensor3 | EventType=application
[2026-08-16 20:17:28.175 (UTC)] info/application	[Sensor] Updated distance: 24.2807738719418 cm | Severity=75 | SourceName=Sensor3 | EventType=application
[2026-08-16 20:17:29.174 (UTC)] info/application	[Sensor] Updated distance: 22.9562495359947 cm | Severity=75 | SourceName=Sensor3 | EventType=application
[2026-08-16 20:17:30.174 (UTC)] info/application	[Sensor] Updated distance: 23.5710247136051 cm | Severity=75 | SourceName=Sensor3 | EventType=application
[2026-08-16 20:17:31.175 (UTC)] info/application	[Sensor] Updated distance: 23.1474634232686 cm | Severity=75 | SourceName=Sensor3 | EventType=application
[2026-08-16 20:17:32.175 (UTC)] info/application	[Sensor] Updated distance: 21.7852906767676 cm | Severity=75 | SourceName=Sensor3 | EventType=application
[2026-08-16 20:17:33.175 (UTC)] info/application	[Sensor] Updated distance: 22.9722703592722 cm | Severity=75 | SourceName=Sensor3 | EventType=application
[2026-08-16 20:17:34.174 (UTC)] info/application	[Sensor] Updated distance: 22.4471580916769 cm | Severity=75 | SourceName=Sensor3 | EventType=application
[2026-08-16 20:17:35.174 (UTC)] info/application	[Sensor] Updated distance: 22.8971168128294 cm | Severity=75 | SourceName=Sensor3 | EventType=application
[2026-08-16 20:17:36.174 (UTC)] info/application	[Sensor] Updated distance: 23.048161596315 cm | Severity=75 | SourceName=Sensor3 | EventType=application
[2026-08-16 20:17:37.175 (UTC)] info/application	[Sensor] Updated distance: 21.8131813652874 cm | Severity=75 | SourceName=Sensor3 | EventType=application
[2026-08-16 20:17:38.175 (UTC)] info/application	[Sensor] Updated distance: 22.116964296725 cm | Severity=75 | SourceName=Sensor3 | EventType=application
[2026-08-16 20:17:39.175 (UTC)] info/application	[Sensor] Updated distance: 21.9728724765465 cm | Severity=75 | SourceName=Sensor3 | EventType=application
[2026-08-16 20:17:40.175 (UTC)] info/application	[Sensor] Updated distance: 23.05593393117 cm | Severity=75 | SourceName=Sensor3 | EventType=application
[2026-08-16 20:17:41.175 (UTC)] info/application	[Sensor] Updated distance: 23.96866337581 cm | Severity=75 | SourceName=Sensor3 | EventType=application
[2026-08-16 20:17:42.175 (UTC)] info/application	[Sensor] Updated distance: 23.6883652294931 cm | Severity=75 | SourceName=Sensor3 | EventType=application
[2026-08-16 20:17:43.176 (UTC)] info/application	[Sensor] Updated distance: 22.4596286390254 cm | Severity=75 | SourceName=Sensor3 | EventType=application
[2026-08-16 20:17:44.176 (UTC)] info/application	[Sensor] Updated distance: 22.1782159272945 cm | Severity=75 | SourceName=Sensor3 | EventType=application
[2026-08-16 20:17:45.176 (UTC)] info/application	[Sensor] Updated distance: 22.6118676642011 cm | Severity=75 | SourceName=Sensor3 | EventType=application
[2026-08-16 20:17:46.176 (UTC)] info/application	[Sensor] Updated distance: 22.4241361091491 cm | Severity=75 | SourceName=Sensor3 | EventType=application
[2026-08-16 20:17:47.177 (UTC)] info/application	[Sensor] Updated distance: 22.9727815701499 cm | Severity=75 | SourceName=Sensor3 | EventType=application
[2026-08-16 20:17:48.176 (UTC)] info/application	[Sensor] Updated distance: 24.0931126529318 