[SPOOF] Connecting to aggregation_server@4840 (anonymous, no auth)...
[2026-08-17 04:12:54.145 (UTC+0800)] [32minfo/network[0m	TCP 8	| Opening a connection to "127.0.0.1" on port 4840
[2026-08-17 04:12:54.248 (UTC+0800)] [32minfo/channel[0m	TCP 8	| SC 10	| SecureChannel opened with SecurityMode None for SecurityPolicy http://opcfoundation.org/UA/SecurityPolicy#None and a revised lifetime of 600.0s
[2026-08-17 04:12:54.248 (UTC+0800)] [32minfo/client[0m	Client Status: ChannelState: Open, SessionState: Closed, ConnectStatus: Good
[2026-08-17 04:12:54.249 (UTC+0800)] [32minfo/client[0m	The initially defined EndpointURL opc.tcp://127.0.0.1:4840 is valid for the server
[2026-08-17 04:12:54.249 (UTC+0800)] [33mwarn/client[0m	The server returned Endpoints with a different EndpointUrl opc.tcp://MSI:4840 than was used to initialize the connection: opc.tcp://127.0.0.1:4840. Some servers require a complete match of the EndpointUrl/DiscoveryUrl (including the path) to return all endpoints.
[2026-08-17 04:12:54.249 (UTC+0800)] [32minfo/client[0m	Endpoint 0: Best endpoint so far with UserTokenPolicy open62541-anonymous-policy-none#None
[2026-08-17 04:12:54.249 (UTC+0800)] [32minfo/client[0m	Endpoint 0 selected with SecurityMode None, SecurityPolicy http://opcfoundation.org/UA/SecurityPolicy#None and UserTokenPolicy open62541-anonymous-policy-none#None
[2026-08-17 04:12:54.249 (UTC+0800)] [32minfo/client[0m	CreateSession: Using UserTokenPolicy open62541-anonymous-policy-none#None
[2026-08-17 04:12:54.251 (UTC+0800)] [32minfo/client[0m	Client Status: ChannelState: Open, SessionState: Created, ConnectStatus: Good
[2026-08-17 04:12:54.251 (UTC+0800)] [32minfo/client[0m	ActivateSession: Using UserTokenPolicy open62541-anonymous-policy-none#None
[2026-08-17 04:12:54.252 (UTC+0800)] [32minfo/client[0m	Client Status: ChannelState: Open, SessionState: Activated, ConnectStatus: Good
[SPOOF] Connected. Lurking for 300 s, sparsely injecting 5 fake logs...
[SPOOF] t=11s injected (as Sensor3): [2026-08-16 20:13:05.058 (UTC)] info/application	[Sensor] Updated distance: 31.8378109251325 cm | Severity=75 | SourceName=Sensor3 | EventType=application
[SPOOF] t=126s injected (as Sensor3): [2026-08-16 20:15:00.120 (UTC)] info/application	[Sensor] Updated distance: 45.9653730299163 cm | Severity=75 | SourceName=Sensor3 | EventType=application
[SPOOF] t=148s injected (as Sensor3): [2026-08-16 20:15:22.133 (UTC)] info/application	[Sensor] Updated distance: 46.3139751759888 cm | Severity=75 | SourceName=Sensor3 | EventType=application
[SPOOF] t=221s injected (as Sensor3): [2026-08-16 20:16:35.172 (UTC)] info/application	[Sensor] Updated distance: 12.9240837818589 cm | Severity=75 | SourceName=Sensor3 | EventType=application
[SPOOF] t=230s injected (as Sensor3): [2026-08-16 20:16:44.178 (UTC)] info/application	[Sensor] Updated distance: 28.0861370461463 cm | Severity=75 | SourceName=Sensor3 | EventType=application
[SPOOF] Done (5/5 injected). Disconnecting.
[2026-08-17 04:17:54.019 (UTC+0800)] [32minfo/channel[0m	TCP 8	| SC 10	| SecureChannel closed
[2026-08-17 04:17:54.019 (UTC+0800)] [32minfo/client[0m	Client Status: ChannelState: Closed, SessionState: Closed, ConnectStatus: BadConnectionClosed
[2026-08-17 04:17:54.019 (UTC+0800)] [32minfo/network[0m	TCP 8	| Socket closed
