[2026-08-15 23:43:03.282 (UTC+0800)] [33mwarn/server[0m	AccessControl: Unconfigured AccessControl. Users have all permissions.
[2026-08-15 23:43:03.283 (UTC+0800)] [32minfo/server[0m	AccessControl: Anonymous login is enabled
[2026-08-15 23:43:03.283 (UTC+0800)] [33mwarn/server[0m	x509 Certificate Authentication configured, but no encrypting SecurityPolicy. This can leak credentials on the network.
[2026-08-15 23:43:03.318 (UTC+0800)] [33mwarn/application[0m	ServerUrls already set. Overriding.
[2026-08-15 23:43:03.318 (UTC+0800)] [33mwarn/server[0m	AccessControl: Unconfigured AccessControl. Users have all permissions.
[2026-08-15 23:43:03.318 (UTC+0800)] [32minfo/server[0m	AccessControl: Anonymous login is enabled
[2026-08-15 23:43:03.318 (UTC+0800)] [33mwarn/server[0m	x509 Certificate Authentication configured, but no encrypting SecurityPolicy. This can leak credentials on the network.
[2026-08-15 23:43:03.318 (UTC+0800)] [33mwarn/server[0m	x509 Certificate Authentication configured, but no encrypting SecurityPolicy. This can leak credentials on the network.
[2026-08-15 15:43:03.318 (UTC)] info/application	Sensor Server online (Client/Server mode, id=1 port=4842) | Severity=75 | SourceName=Sensor | EventType=application
Entering background polling mode: attempting to connect to Aggregation Server...
Connected successfully. Log forwarding started.
[2026-08-15 15:43:04.327 (UTC)] info/application	[Sensor] Updated distance: 29.863110979955227 cm | Severity=75 | SourceName=Sensor | EventType=application
[2026-08-15 15:43:05.289 (UTC)] info/network	[System] TCP 16	| Connection opened from "127.0.0.1" via the server socket 8 | Severity=75 | SourceName=System | EventType=network
[2026-08-15 15:43:05.289 (UTC)] info/channel	[System] TCP 16	| SC 1	| SecureChannel created | Severity=75 | SourceName=System | EventType=channel
[2026-08-15 15:43:05.310 (UTC)] info/channel	[System] TCP 16	| SC 1	| OpenSecureChannel: Channel opened with SecurityMode None for SecurityPolicy http://opcfoundation.org/UA/SecurityPolicy#None and a revised lifetime of 600.0s | Severity=75 | SourceName=System | EventType=channel
[2026-08-15 15:43:05.320 (UTC)] info/application	[Sensor] Updated distance: 29.054808338663914 cm | Severity=75 | SourceName=Sensor | EventType=application
[2026-08-15 15:43:05.331 (UTC)] warn/client	[System] Removing a UserTokenPolicy that would allow the password to be transmitted without encryption (Can be enabled via config->allowNonePolicyPassword) | Severity=175 | SourceName=System | EventType=client
[2026-08-15 15:43:05.331 (UTC)] warn/client	[System] Removing a UserTokenPolicy that would allow the password to be transmitted without encryption (Can be enabled via config->allowNonePolicyPassword) | Severity=175 | SourceName=System | EventType=client
[2026-08-15 15:43:05.341 (UTC)] warn/client	[System] Removing a UserTokenPolicy that would allow the password to be transmitted without encryption (Can be enabled via config->allowNonePolicyPassword) | Severity=175 | SourceName=System | EventType=client
[2026-08-15 15:43:05.341 (UTC)] warn/client	[System] Removing a UserTokenPolicy that would allow the password to be transmitted without encryption (Can be enabled via config->allowNonePolicyPassword) | Severity=175 | SourceName=System | EventType=client
[2026-08-15 15:43:05.341 (UTC)] info/session	[System] TCP 16	| SC 1	| Session "ns=1;g=66e9cc44-11a9-01c2-a72a-62e653153153"	| Session created | Severity=75 | SourceName=System | EventType=session
[2026-08-15 15:43:05.352 (UTC)] info/session	[System] TCP 16	| SC 1	| Session "ns=1;g=66e9cc44-11a9-01c2-a72a-62e653153153"	| ActivateSession: Session activated with ClientUserId "" | Severity=75 | SourceName=System | EventType=session
[2026-08-15 15:43:05.738 (UTC)] info/session	[System] TCP 16	| SC 1	| Session "ns=1;g=66e9cc44-11a9-01c2-a72a-62e653153153"	| Subscription 1 | Subscription created (Publishing interval 500.0ms, max 1000 notifications per publish) | Severity=75 | SourceName=System | EventType=session
[2026-08-15 15:43:05.748 (UTC)] info/session	[System] TCP 16	| SC 1	| Session "ns=1;g=66e9cc44-11a9-01c2-a72a-62e653153153"	| Subscription 1 | MonitoredItem 1 | Created the MonitoredItem (Sampling Interval: 250.0ms, Queue Size: 1) | Severity=75 | SourceName=System | EventType=session
[2026-08-15 15:43:06.295 (UTC)] info/network	[System] TCP 17	| Connection opened from "127.0.0.1" via the server socket 8 | Severity=75 | SourceName=System | EventType=network
[2026-08-15 15:43:06.295 (UTC)] info/channel	[System] TCP 17	| SC 2	| SecureChannel created | Severity=75 | SourceName=System | EventType=channel
[2026-08-15 15:43:06.315 (UTC)] info/channel	[System] TCP 17	| SC 2	| OpenSecureChannel: Channel opened with SecurityMode None for SecurityPolicy http://opcfoundation.org/UA/SecurityPolicy#None and a revised lifetime of 600.0s | Severity=75 | SourceName=System | EventType=channel
[2026-08-15 15:43:06.326 (UTC)] info/application	[Sensor] Updated distance: 47.86893650045103 cm | Severity=75 | SourceName=Sensor | EventType=application
[2026-08-15 15:43:06.336 (UTC)] warn/client	[System] Removing a UserTokenPolicy that would allow the password to be transmitted without encryption (Can be enabled via config->allowNonePolicyPassword) | Severity=175 | SourceName=System | EventType=client
[2026-08-15 15:43:06.336 (UTC)] warn/client	[System] Removing a UserTokenPolicy that would allow the password to be transmitted without encryption (Can be enabled via config->allowNonePolicyPassword) | Severity=175 | SourceName=System | EventType=client
[2026-08-15 15:43:06.346 (UTC)] warn/client	[System] Removing a UserTokenPolicy that would allow the password to be transmitted without encryption (Can be enabled via config->allowNonePolicyPassword) | Severity=175 | SourceName=System | EventType=client
[2026-08-15 15:43:06.346 (UTC)] warn/client	[System] Removing a UserTokenPolicy that would allow the password to be transmitted without encryption (Can be enabled via config->allowNonePolicyPassword) | Severity=175 | SourceName=System | EventType=client
[2026-08-15 15:43:06.347 (UTC)] info/session	[System] TCP 17	| SC 2	| Session "ns=1;g=2b869a92-59a9-e0f0-afba-fb1f87c8fc4f"	| Session created | Severity=75 | SourceName=System | EventType=session
[2026-08-15 15:43:06.357 (UTC)] info/session	[System] TCP 17	| SC 2	| Session "ns=1;g=2b869a92-59a9-e0f0-afba-fb1f87c8fc4f"	| ActivateSession: Session activated with ClientUserId "" | Severity=75 | SourceName=System | EventType=session
[2026-08-15 15:43:08.378 (UTC)] info/application	[Sensor] Updated distance: 30.29919292605444 cm | Severity=75 | SourceName=Sensor | EventType=application
[2026-08-15 15:43:08.378 (UTC)] info/session	[System] TCP 17	| SC 2	| Session "ns=1;g=2b869a92-59a9-e0f0-afba-fb1f87c8fc4f"	| Subscription 2 | Subscription created (Publishing interval 500.0ms, max 1000 notifications per publish) | Severity=75 | SourceName=System | EventType=session
[2026-08-15 15:43:08.378 (UTC)] info/network	[System] TCP 18	| Connection opened from "127.0.0.1" via the server socket 8 | Severity=75 | SourceName=System | EventType=network
[2026-08-15 15:43:08.378 (UTC)] info/channel	[System] TCP 18	| SC 3	| SecureChannel created | Severity=75 | SourceName=System | EventType=channel
[2026-08-15 15:43:08.399 (UTC)] info/channel	[System] TCP 18	| SC 3	| OpenSecureChannel: Channel opened with SecurityMode None for SecurityPolicy http://opcfoundation.org/UA/SecurityPolicy#None and a revised lifetime of 600.0s | Severity=75 | SourceName=System | EventType=channel
[2026-08-15 15:43:08.419 (UTC)] warn/client	[System] Removing a UserTokenPolicy that would allow the password to be transmitted without encryption (Can be enabled via config->allowNonePolicyPassword) | Severity=175 | SourceName=System | EventType=client
[2026-08-15 15:43:08.419 (UTC)] warn/client	[System] Removing a UserTokenPolicy that would allow the password to be transmitted without encryption (Can be enabled via config->allowNonePolicyPassword) | Severity=175 | SourceName=System | EventType=client
[2026-08-15 15:43:08.430 (UTC)] warn/client	[System] Removing a UserTokenPolicy that would allow the password to be transmitted without encryption (Can be enabled via config->allowNonePolicyPassword) | Severity=175 | SourceName=System | EventType=client
[2026-08-15 15:43:08.430 (UTC)] warn/client	[System] Removing a UserTokenPolicy that would allow the password to be transmitted without encryption (Can be enabled via config->allowNonePolicyPassword) | Severity=175 | SourceName=System | EventType=client
[2026-08-15 15:43:08.431 (UTC)] info/session	[System] TCP 18	| SC 3	| Session "ns=1;g=ef78da4b-073c-62ce-f86f-2662ed5e15e1"	| Session created | Severity=75 | SourceName=System | EventType=session
[2026-08-15 15:43:08.441 (UTC)] info/session	[System] TCP 18	| SC 3	| Session "ns=1;g=ef78da4b-073c-62ce-f86f-2662ed5e15e1"	| ActivateSession: Session activated with ClientUserId "" | Severity=75 | SourceName=System | EventType=session
[2026-08-15 15:43:09.383 (UTC)] info/application	[Sensor] Updated distance: 20.488780231442664 cm | Severity=75 | SourceName=Sensor | EventType=application
[2026-08-15 15:43:10.384 (UTC)] info/application	[Sensor] Updated distance: 49.96202667055746 cm | Severity=75 | SourceName=Sensor | EventType=application
[2026-08-15 15:43:11.386 (UTC)] info/application	[Sensor] Updated distance: 21.866492645752846 cm | Severity=75 | SourceName=Sensor | EventType=application
[2026-08-15 15:43:12.387 (UTC)] info/application	[Sensor] Updated distance: 20.568697073761697 cm | Severity=75 | SourceName=Sensor | EventType=application
[2026-08-15 15:43:13.380 (UTC)] info/application	[Sensor] Updated distance: 30.653620293668293 cm | Severity=75 | SourceName=Sensor | EventType=application
[2026-08-15 15:43:14.382 (UTC)] info/application	[Sensor] Updated distance: 13.45752148863744 cm | Severity=75 | SourceName=Sensor | EventType=application
[2026-08-15 15:43:15.384 (UTC)] info/application	[Sensor] Updated distance: 45.30385780860849 cm | Severity=75 | SourceName=Sensor | EventType=application
[2026-08-15 15:43:16.386 (UTC)] info/application	[Sensor] Updated distance: 39.456022183157515 cm | Severity=75 | SourceName=Sensor | EventType=application
[2026-08-15 15:43:17.378 (UTC)] info/application	[Sensor] Updated distance: 18.604807727320495 cm | Severity=75 | SourceName=Sensor | EventType=application
[2026-08-15 15:43:18.380 (UTC)] info/application	[Sensor] Updated distance: 25.669393274779146 cm | Severity=75 | SourceName=Sensor | EventType=application
[2026-08-15 15:43:19.382 (UTC)] info/application	[Sensor] Updated distance: 20.508171596800988 cm | Severity=75 | SourceName=Sensor | EventType=application
[2026-08-15 15:43:20.384 (UTC)] info/application	[Sensor] Updated distance: 37.2947538584912 cm | Severity=75 | SourceName=Sensor | EventType=application
[2026-08-15 15:43:21.386 (UTC)] info/application	[Sensor] Updated distance: 24.786143544496102 cm | Severity=75 | SourceName=Sensor | EventType=application
[2026-08-15 15:43:22.388 (UTC)] info/application	[Sensor] Updated distance: 7.589202481130697 cm | Severity=75 | SourceName=Sensor | EventType=application
[2026-08-15 15:43:23.380 (UTC)] info/application	[Sensor] Updated distance: 39.800678978581296 cm | Severity=75 | SourceName=Sensor | EventType=application
[2026-08-15 15:43:24.381 (UTC)] info/application	[Sensor] Updated distance: 23.945700707820105 cm | Severity=75 | SourceName=Sensor | EventType=application
[2026-08-15 15:43:25.383 (UTC)] info/application	[Sensor] Updated distance: 8.200141276326097 cm | Severity=75 | SourceName=Sensor | EventType=application
[2026-08-15 15:43:26.385 (UTC)] info/application	[Sensor] Updated distance: 38.861886779247726 cm | Severity=75 | SourceName=Sensor | EventType=application
[2026-08-15 15:43:27.387 (UTC)] info/application	[Sensor] Updated distance: 43.14850140788988 cm | Severity=75 | SourceName=Sensor | EventType=application
[2026-08-15 15:43:28.379 (UTC)] info/application	[Sensor] Updated distance: 30.590824371478902 cm | Severity=75 | SourceName=Sensor | EventType=application
[2026-08-15 15:43:29.381 (UTC)] info/application	[Sensor] Updated distance: 43.8282932908406 cm | Severity=75 | SourceName=Sensor | EventType=application
[2026-08-15 15:43:30.382 (UTC)] info/application	[Sensor] Updated distance: 2.1539876089217085 cm | Severity=75 | SourceName=Sensor | EventType=application
[2026-08-15 15:43:31.384 (UTC)] info/application	[Sensor] Updated distance: 3.58910441472619 cm | Severity=75 | SourceName=Sensor | EventType=application
[2026-08-15 15:43:32.386 (UTC)] info/application	[Sensor] Updated distance: 7.274101170373196 cm | Severity=75 | SourceName=Sensor | EventType=application
[2026-08-15 15:43:33.388 (UTC)] info/application	[Sensor] Updated distance: 43.808047664262375 cm | Severity=75 | SourceName=Sensor | EventType=application
[2026-08-15 15:43:34.379 (UTC)] info/application	[Sensor] Updated distance: 20.062935807771485 cm | Severity=75 | SourceName=Sensor | EventType=application
[2026-08-15 15:43:35.382 (UTC)] info/application	[Sensor] Updated distance: 32.60654244507036 cm | Severity=75 | SourceName=Sensor | EventType=application
[2026-08-15 15:43:36.383 (UTC)] info/application	[Sensor] Updated distance: 23.671158621865864 cm | Severity=75 | SourceName=Sensor | EventType=application
[2026-08-15 15:43:37.385 (UTC)] info/application	[Sensor] Updated distance: 47.11774416878714 cm | Severity=75 | SourceName=Sensor | EventType=application
[2026-08-15 15:43:38.386 (UTC)] info/application	[Sensor] Updated distance: 30.475478923169653 cm | Severity=75 | SourceName=Sensor | EventType=application
[2026-08-15 15:43:39.388 (UTC)] info/application	[Sensor] Updated distance: 3.970351525568567 cm | Severity=75 | SourceName=Sensor | EventType=application
[2026-08-15 15:43:40.380 (UTC)] info/application	[Sensor] Updated distance: 17.606524377878067 cm | Severity=75 | SourceName=Sensor | EventType=application
[2026-08-15 15:43:41.382 (UTC)] info/application	[Sensor] Updated distance: 30.437505571375368 cm | Severity=75 | SourceName=Sensor | EventType=application
[2026-08-15 15:43:42.385 (UTC)] info/application	[Sensor] Updated distance: 23.83684417132141 cm | Severity=75 | SourceName=Sensor | EventType=application
[2026-08-15 15:43:43.386 (UTC)] info/application	[Sensor] Updated distance: 36.175221473991506 cm | Severity=75 | SourceName=Sensor | EventType=application
[2026-08-15 15:43:44.378 (UTC)] info/application	[Sensor] Updated distance: 11.091125842691923 cm | Severity=75 | SourceName=Sensor | EventType=application
[2026-08-15 15:43:45.380 (UTC)] info/application	[Sensor] Updated distance: 35.29436565995885 cm | Severity=75 | SourceName=Sensor | EventType=application
[2026-08-15 15:43:46.382 (UTC)] info/application	[Sensor] Updated distance: 31.47907926024826 cm | Severity=75 | SourceName=Sensor | EventType=application
[2026-08-15 15:43:47.384 (UTC)] info/application	[Sensor] Updated distance: 48.54714804820118 cm | Severity=75 | SourceName=Sensor | EventType=application
[2026-08-15 15:43:48.386 (UTC)] info/application	[Sensor] Updated distance: 3.8991733872793493 cm | Severity=75 | SourceName=Sensor | EventType=application
[2026-08-15 15:43:49.388 (UTC)] info/application	[Sensor] Updated distance: 7.148472512675669 cm | Severity=75 | SourceName=Sensor | EventType=application
[2026-08-15 15:43:50.380 (UTC)] info/application	[Sensor] Updated distance: 19.055319622650426 cm | Severity=75 | SourceName=Sensor | EventType=application
[2026-08-15 15:43:51.382 (UTC)] info/application	[Sensor] Updated distance: 39.193927245770546 cm | Severity=75 | SourceName=Sensor | EventType=application
[2026-08-15 15:43:52.383 (UTC)] info/application	[Sensor] Updated distance: 29.934616079523515 cm | Severity=75 | SourceName=Sensor | EventType=application
[2026-08-15 15:43:53.386 (UTC)] info/application	[Sensor] Updated distance: 24.64452210378112 cm | Severity=75 | SourceName=Sensor | EventType=application
[2026-08-15 15:43:54.378 (UTC)] info/application	[Sensor] Updated distance: 28.994606202000103 cm | Severity=75 | SourceName=Sensor | EventType=application
[2026-08-15 15:43:55.380 (UTC)] info/application	[Sensor] Updated distance: 3.880316764991878 cm | Severity=75 | SourceName=Sensor | EventType=application
[2026-08-15 15:43:56.383 (UTC)] info/application	[Sensor] Updated distance: 30.84466340245896 cm | Severity=75 | SourceName=Sensor | EventType=application
[2026-08-15 15:43:57.385 (UTC)] info/application	[Sensor] Updated distance: 17.85649295889609 cm | Severity=75 | SourceName=Sensor | EventType=application
[2026-08-15 15:43:58.387 (UTC)] info/application	[Sensor] Updated distance: 45.028818172881756 cm | Severity=75 | SourceName=Sensor | EventType=application
[2026-08-15 15:43:59.379 (UTC)] info/application	[Sensor] Updated distance: 11.435487751586123 cm | Severity=75 | SourceName=Sensor | EventType=application
[2026-08-15 15:44:00.381 (UTC)] info/application	[Sensor] Updated distance: 11.684786227384947 cm | Severity=75 | SourceName=Sensor | EventType=application
[2026-08-15 15:44:01.384 (UTC)] info/application	[Sensor] Updated distance: 45.18280578180347 cm | Severity=75 | SourceName=Sensor | EventType=application
[2026-08-15 15:44:02.386 (UTC)] info/application	[Sensor] Updated distance: 13.024592166312313 cm | Severity=75 | SourceName=Sensor | EventType=application
[2026-08-15 15:44:03.378 (UTC)] info/application	[Sensor] Updated distance: 16.958887397758144 cm | Severity=75 | SourceName=Sensor | EventType=application
[2026-08-15 15:44:04.380 (UTC)] info/application	[Sensor] Updated distance: 38.9908534237141 cm | Severity=75 | SourceName=Sensor | EventType=application
[2026-08-15 15:44:05.382 (UTC)] info/application	[Sensor] Updated distance: 31.08752799643554 cm | Severity=75 | SourceName=Sensor | EventType=application
[2026-08-15 15:44:06.385 (UTC)] info/application	[Sensor] Updated distance: 47.56542984282851 cm | Severity=75 | SourceName=Sensor | EventType=application
[2026-08-15 15:44:07.387 (UTC)] info/application	[Sensor] Updated distance: 12.662012023228225 cm | Severity=75 | SourceName=Sensor | EventType=application
[2026-08-15 15:44:08.379 (UTC)] info/application	[Sensor] Updated distance: 28.205272142870943 cm | Severity=75 | SourceName=Sensor | EventType=application
[2026-08-15 15:44:09.381 (UTC)] info/application	[Sensor] Updated distance: 28.04090876599816 cm | Severity=75 | SourceName=Sensor | EventType=application
[2026-08-15 15:44:10.384 (UTC)] info/application	[Sensor] Updated distance: 14.632363548796793 cm | Severity=75 | SourceName=Sensor | EventType=application
[2026-08-15 15:44:11.386 (UTC)] info/application	[Sensor] Updated distance: 43.81179652074901 cm | Severity=75 | SourceName=Sensor | EventType=application
[2026-08-15 15:44:12.379 (UTC)] info/application	[Sensor] Updated distance: 8.478414315021789 cm | Severity=75 | SourceName=Sensor | EventType=application
[2026-08-15 15:44:13.381 (UTC)] info/application	[Sensor] Updated distance: 36.469207720118206 cm | Severity=75 | SourceName=Sensor | EventType=application
[2026-08-15 15:44:14.383 (UTC)] info/application	[Sensor] Updated distance: 29.987017972388777 cm | Severity=75 | SourceName=Sensor | EventType=application
[2026-08-15 15:44:15.385 (UTC)] info/application	[Sensor] Updated distance: 17.569540180065452 cm | Severity=75 | SourceName=Sensor | EventType=application
[2026-08-15 15:44:16.388 (UTC)] info/application	[Sensor] Updated distance: 21.76357338007706 cm | Severity=75 | SourceName=Sensor | EventType=application
[2026-08-15 15:44:17.379 (UTC)] info/application	[Sensor] Updated distance: 11.466097210285298 cm | Severity=75 | SourceName=Sensor | EventType=application
[2026-08-15 15:44:18.382 (UTC)] info/application	[Sensor] Updated distance: 16.11668820591489 cm | Severity=75 | SourceName=Sensor | EventType=application
[2026-08-15 15:44:19.384 (UTC)] info/application	[Sensor] Updated distance: 23.662746767356406 cm | Severity=75 | SourceName=Sensor | EventType=application
[2026-08-15 15:44:20.386 (UTC)] info/application	[Sensor] Updated distance: 16.614569745312707 cm | Severity=75 | SourceName=Sensor | EventType=application
[2026-08-15 15:44:21.387 (UTC)] info/application	[Sensor] Updated distance: 33.17200782856531 cm | Severity=75 | SourceName=Sensor | EventType=application
[2026-08-15 15:44:22.380 (UTC)] info/application	[Sensor] Updated distance: 12.856673990775214 cm | Severity=75 | SourceName=Sensor | EventType=application
[2026-08-15 15:44:23.382 (UTC)] info/application	[Sensor] Updated distance: 44.54918582483622 cm | Severity=75 | SourceName=Sensor | EventType=application
[2026-08-15 15:44:24.384 (UTC)] info/application	[Sensor] Updated distance: 7.816529932346441 cm | Severity=75 | SourceName=Sensor | EventType=application
[2026-08-15 15:44:25.387 (UTC)] info/application	[Sensor] Updated distance: 39.85128019277531 cm | Severity=75 | SourceName=Sensor | EventType=application
[2026-08-15 15:44:26.379 (UTC)] info/application	[Sensor] Updated distance: 46.429502589828104 cm | Severity=75 | SourceName=Sensor | EventType=application
[2026-08-15 15:44:27.381 (UTC)] info/application	[Sensor] Updated distance: 36.661193334805404 cm | Severity=75 | SourceName=Sensor | EventType=application
[2026-08-15 15:44:28.383 (UTC)] info/application	[Sensor] Updated distance: 7.7077731293196665 cm | Severity=75 | SourceName=Sensor | EventType=application
[2026-08-15 15:44:29.385 (UTC)] info/application	[Sensor] Updated distance: 41.45832074035812 cm | Severity=75 | SourceName=Sensor | EventType=application
[2026-08-15 15:44:30.388 (UTC)] info/application	[Sensor] Updated distance: 46.09668108639153 cm | Severity=75 | SourceName=Sensor | EventType=application
[2026-08-15 15:44:31.380 (UTC)] info/application	[Sensor] Updated distance: 17.392559356704616 cm | Severity=75 | SourceName=Sensor | EventType=application
[2026-08-15 15:44:32.381 (UTC)] info/application	[Sensor] Updated distance: 36.64112649980985 cm | Severity=75 | SourceName=Sensor | EventType=application
[2026-08-15 15:44:33.384 (UTC)] info/application	[Sensor] Updated distance: 9.121273252703842 cm | Severity=75 | SourceName=Sensor | EventType=application
[2026-08-15 15:44:34.385 (UTC)] info/application	[Sensor] Updated distance: 32.351446754462756 cm | Severity=75 | SourceName=Sensor | EventType=application
[2026-08-15 15:44:35.387 (UTC)] info/application	[Sensor] Updated distance: 25.631979901172212 cm | Severity=75 | SourceName=Sensor | EventType=application
[2026-08-15 15:44:36.378 (UTC)] info/application	[Sensor] Updated distance: 38.208801249139384 cm | Severity=75 | SourceName=Sensor | EventType=application
[2026-08-15 15:44:37.380 (UTC)] info/application	[Sensor] Updated distance: 29.916876597291264 cm | Severity=75 | SourceName=Sensor | EventType=application
[2026-08-15 15:44:38.382 (UTC)] info/application	[Sensor] Updated distance: 36.29399192440044 cm | Severity=75 | SourceName=Sensor | EventType=application
[2026-08-15 15:44:39.384 (UTC)] info/application	[Sensor] Updated distance: 16.414073369658585 cm | Severity=75 | SourceName=Sensor | EventType=application
[2026-08-15 15:44:40.386 (UTC)] info/application	[Sensor] Updated distance: 7.9577853409376855 cm | Severity=75 | SourceName=Sensor | EventType=application
[2026-08-15 15:44:41.388 (UTC)] info/application	[Sensor] Updated distance: 48.926355473197226 cm | Severity=75 | SourceName=Sensor | EventType=application
[2026-08-15 15:44:42.380 (UTC)] info/application	[Sensor] Updated distance: 10.225869868055856 cm | Severity=75 | SourceName=Sensor | EventType=application
[2026-08-15 15:44:43.381 (UTC)] info/application	[Sensor] Updated distance: 14.436199655959475 cm | Severity=75 | SourceName=Sensor | EventType=application
[2026-08-15 15:44:44.383 (UTC)] info/application	[Sensor] Updated distance: 35.39556317096369 cm | Severity=75 | SourceName=Sensor | EventType=application
[2026-08-15 15:44:45.385 (UTC)] info/application	[Sensor] Updated distance: 38.21288786279638 cm | Severity=75 | SourceName=Sensor | EventType=application
[2026-08-15 15:44:46.387 (UTC)] info/application	[Sensor] Updated distance: 30.00573983602493 cm | Severity=75 | SourceName=Sensor | EventType=application
[2026-08-15 15:44:47.379 (UTC)] info/application	[Sensor] Updated distance: 7.159136528689012 cm | Severity=75 | SourceName=Sensor | EventType=application
[2026-08-15 15:44:48.382 (UTC)] info/application	[Sensor] Updated distance: 47.67898507308168 cm | Severity=75 | SourceName=Sensor | EventType=application
[2026-08-15 15:44:49.384 (UTC)] info/application	[Sensor] Updated distance: 44.12242804193982 cm | Severity=75 | SourceName=Sensor | EventType=application
[2026-08-15 15:44:50.386 (UTC)] info/application	[Sensor] Updated distance: 28.821883296045417 cm | Severity=75 | SourceName=Sensor | EventType=application
[2026-08-15 15:44:51.388 (UTC)] info/application	[Sensor] Updated distance: 14.293554796042644 cm | Severity=75 | SourceName=Sensor | EventType=application
[2026-08-15 15:44:52.380 (UTC)] info/application	[Sensor] Updated distance: 27.29443587050514 cm | Severity=75 | SourceName=Sensor | EventType=application
[2026-08-15 15:44:53.382 (UTC)] info/application	[Sensor] Updated distance: 39.678557286820634 cm | Severity=75 | SourceName=Sensor | EventType=application
[2026-08-15 15:44:54.383 (UTC)] info/application	[Sensor] Updated distance: 8.842740598527127 cm | Severity=75 | SourceName=Sensor | EventType=application
[2026-08-15 15:44:55.385 (UTC)] info/application	[Sensor] Updated distance: 33.11096580285158 cm | Severity=75 | SourceName=Sensor | EventType=application
[2026-08-15 15:44:56.387 (UTC)] info/application	[Sensor] Updated distance: 29.529837457244206 cm | Severity=75 | SourceName=Sensor | EventType=application
[2026-08-15 15:44:57.378 (UTC)] info/application	[Sensor] Updated distance: 5.27224316600349 cm | Severity=75 | SourceName=Sensor | EventType=application
[2026-08-15 15:44:58.381 (UTC)] info/application	[Sensor] Updated distance: 19.772159115305243 cm | Severity=75 | SourceName=Sensor | EventType=application
[2026-08-15 15:44:59.383 (UTC)] info/application	[Sensor] Updated distance: 35.237610586563875 cm | Severity=75 | SourceName=Sensor | EventType=application
[2026-08-15 15:45:00.385 (UTC)] info/application	[Sensor] Updated distance: 44.73056390636161 cm | Severity=75 | SourceName=Sensor | EventType=application
[2026-08-15 15:45:01.144 (UTC)] info/session	[System] TCP 18	| SC 3	| Session "ns=1;g=ef78da4b-073c-62ce-f86f-2662ed5e15e1"	| WriteRequest returned status code BadUserAccessDenied | Severity=75 | SourceName=System | EventType=session
[2026-08-15 15:45:01.387 (UTC)] info/application	[Sensor] Updated distance: 15.86884017934503 cm | Severity=75 | SourceName=Sensor | EventType=application
[2026-08-15 15:45:02.379 (UTC)] info/application	[Sensor] Updated distance: 2.630169920916748 cm | Severity=75 | SourceName=Sensor | EventType=application
[2026-08-15 15:45:03.381 (UTC)] info/application	[Sensor] Updated distance: 31.37169038381972 cm | Severity=75 | SourceName=Sensor | EventType=application
[2026-08-15 15:45:04.382 (UTC)] info/application	[Sensor] Updated distance: 22.990113432048872 cm | Severity=75 | SourceName=Sensor | EventType=application
[2026-08-15 15:45:05.384 (UTC)] info/application	[Sensor] Updated distance: 32.98161669773125 cm | Severity=75 | SourceName=Sensor | EventType=application
[2026-08-15 15:45:06.386 (UTC)] info/application	[Sensor] Updated distance: 7.003670262640188 cm | Severity=75 | SourceName=Sensor | EventType=application
[2026-08-15 15:45:07.388 (UTC)] info/application	[Sensor] Updated distance: 11.198914658836514 cm | Severity=75 | SourceName=Sensor | EventType=application
[2026-08-15 15:45:08.380 (UTC)] info/application	[Sensor] Updated distance: 12.898493272670773 cm | Severity=75 | SourceName=Sensor | EventType=application
[2026-08-15 15:45:09.381 (UTC)] info/application	[Sensor] Updated distance: 41.29766218704062 cm | Severity=75 | SourceName=Sensor | EventType=application
[2026-08-15 15:45:10.383 (UTC)] info/application	[Sensor] Updated distance: 25.6129880284951 cm | Severity=75 | SourceName=Sensor | EventType=application
[2026-08-15 15:45:11.385 (UTC)] info/application	[Sensor] Updated distance: 18.85627861360846 cm | Severity=75 | SourceName=Sensor | EventType=application
[2026-08-15 15:45:12.387 (UTC)] info/application	[Sensor] Updated distance: 40.224017637886114 cm | Severity=75 | SourceName=Sensor | EventType=application
[2026-08-15 15:45:13.379 (UTC)] info/application	[Sensor] Updated distance: 33.8388579189027 cm | Severity=75 | SourceName=Sensor | EventType=application
[2026-08-15 15:45:14.381 (UTC)] info/application	[Sensor] Updated distance: 31.292478269567933 cm | Severity=75 | SourceName=Sensor | EventType=application
[2026-08-15 15:45:15.383 (UTC)] info/application	[Sensor] Updated distance: 25.619580808849808 cm | Severity=75 | SourceName=Sensor | EventType=application
[2026-08-15 15:45:16.385 (UTC)] info/application	[Sensor] Updated distance: 22.051745759347334 cm | Severity=75 | SourceName=Sensor | EventType=application
[2026-08-15 15:45:17.387 (UTC)] info/application	[Sensor] Updated distance: 11.298218105592866 cm | Severity=75 | SourceName=Sensor | EventType=application
[2026-08-15 15:45:18.379 (UTC)] info/application	[Sensor] Updated distance: 30.778717337538822 cm | Severity=75 | SourceName=Sensor | EventType=application
[2026-08-15 15:45:19.381 (UTC)] info/application	[Sensor] Updated distance: 19.73073081007727 cm | Severity=75 | SourceName=Sensor | EventType=application
[2026-08-15 15:45:20.383 (UTC)] info/application	[Sensor] Updated distance: 5.420646125180948 cm | Severity=75 | SourceName=Sensor | EventType=application
[2026-08-15 15:45:21.386 (UTC)] info/application	[Sensor] Updated distance: 9.600600633584243 cm | Severity=75 | SourceName=Sensor | EventType=application
[2026-08-15 15:45:22.388 (UTC)] info/application	[Sensor] Updated distance: 32.02428562847166 cm | Severity=75 | SourceName=Sensor | EventType=application
[2026-08-15 15:45:23.380 (UTC)] info/application	[Sensor] Updated distance: 30.715081995686088 cm | Severity=75 | SourceName=Sensor | EventType=application
[2026-08-15 15:45:24.382 (UTC)] info/application	[Sensor] Updated distance: 47.27915792040488 cm | Severity=75 | SourceName=Sensor | EventType=application
[2026-08-15 15:45:25.384 (UTC)] info/application	[Sensor] Updated distance: 38.86702622699878 cm | Severity=75 | SourceName=Sensor | EventType=application
[2026-08-15 15:45:26.386 (UTC)] info/application	[Sensor] Updated distance: 13.826047776185929 cm | Severity=75 | SourceName=Sensor | EventType=application
[2026-08-15 15:45:27.378 (UTC)] info/application	[Sensor] Updated distance: 26.808995377649083 cm | Severity=75 | SourceName=Sensor | EventType=application
[2026-08-15 15:45:28.380 (UTC)] info/application	[Sensor] Updated distance: 42.139269415354015 cm | Severity=75 | SourceName=Sensor | EventType=application
[2026-08-15 15:45:29.381 (UTC)] info/application	[Sensor] Updated distance: 31.598206891491174 cm | Severity=75 | SourceName=Sensor | EventType=application
[2026-08-15 15:45:30.383 (UTC)] info/application	[Sensor] Updated distance: 12.046605941861218 cm | Severity=75 | SourceName=Sensor | EventType=application
[2026-08-15 15:45:31.385 (UTC)] info/application	[Sensor] Updated distance: 36.86983329936388 cm | Severity=75 | SourceName=Sensor | EventType=application
[2026-08-15 15:45:32.387 (UTC)] info/application	[Sensor] Updated distance: 45.467047093187944 cm | Severity=75 | SourceName=Sensor | EventType=application
[2026-08-15 15:45:33.379 (UTC)] info/application	[Sensor] Updated distance: 12.676775885129707 cm | Severity=75 | SourceName=Sensor | EventType=application
[2026-08-15 15:45:34.382 (UTC)] info/application	[Sensor] Updated distance: 18.241523683183605 cm | Severity=75 | SourceName=Sensor | EventType=application
[2026-08-15 15:45:35.384 (UTC)] info/application	[Sensor] Updated distance: 18.457160502885078 cm | Severity=75 | SourceName=Sensor | EventType=application
[2026-08-15 15:45:36.385 (UTC)] info/application	[Sensor] Updated distance: 43.658392582860955 cm | Severity=75 | SourceName=Sensor | EventType=application
[2026-08-15 15:45:37.387 (UTC)] info/application	[Sensor] Updated distance: 23.245193945823793 cm | Severity=75 | SourceName=Sensor | EventType=application
[2026-08-15 15:45:38.380 (UTC)] info/application	[Sensor] Updated distance: 27.656075184073334 cm | Severity=75 | SourceName=Sensor | EventType=application
[2026-08-15 15:45:39.382 (UTC)] info/application	[Sensor] Updated distance: 6.55688583317999 cm | Severity=75 | SourceName=Sensor | EventType=application
[2026-08-15 15:45:40.383 (UTC)] info/application	[Sensor] Updated distance: 14.542856132864419 cm | Severity=75 | SourceName=Sensor | EventType=application
[2026-08-15 15:45:41.385 (UTC)] info/application	[Sensor] Updated distance: 3.2690631902166936 cm | Severity=75 | SourceName=Sensor | EventType=application
[2026-08-15 15:45:42.387 (UTC)] info/application	[Sensor] Updated distance: 23.41316444678845 cm | Severity=75 | SourceName=Sensor | EventType=application
[2026-08-15 15:45:43.379 (UTC)] info/application	[Sensor] Updated distance: 4.766873748398792 cm | Severity=75 | SourceName=Sensor | EventType=application
[2026-08-15 15:45:44.381 (UTC)] info/application	[Sensor] Updated distance: 35.10792110911939 cm | Severity=75 | SourceName=Sensor | EventType=application
[2026-08-15 15:45:45.383 (UTC)] info/application	[Sensor] Updated distance: 4.705642694004645 cm | Severity=75 | SourceName=Sensor | EventType=application
[2026-08-15 15:45:46.385 (UTC)] info/application	[Sensor] Updated distance: 28.3864545572486 cm | Severity=75 | SourceName=Sensor | EventType=application
[2026-08-15 15:45:47.387 (UTC)] info/application	[Sensor] Updated distance: 7.159666846114987 cm | Severity=75 | SourceName=Sensor | EventType=application
[2026-08-15 15:45:48.379 (UTC)] info/application	[Sensor] Updated distance: 14.003860799597511 cm | Severity=75 | SourceName=Sensor | EventType=application
[2026-08-15 15:45:49.381 (UTC)] info/application	[Sensor] Updated distance: 9.165171894787424 cm | Severity=75 | SourceName=Sensor | EventType=application
[2026-08-15 15:45:50.383 (UTC)] info/application	[Sensor] Updated distance: 24.890397678543998 cm | Severity=75 | SourceName=Sensor | EventType=application
[2026-08-15 15:45:51.386 (UTC)] info/application	[Sensor] Updated distance: 17.424506947130197 cm | Severity=75 | SourceName=Sensor | EventType=application
[2026-08-15 15:45:52.388 (UTC)] info/application	[Sensor] Updated distance: 16.765772528371667 cm | Severity=75 | SourceName=Sensor | EventType=application
[2026-08-15 15:45:53.380 (UTC)] info/application	[Sensor] Updated distance: 6.914683284663913 cm | Severity=75 | SourceName=Sensor | EventType=application
[2026-08-15 15:45:54.382 (UTC)] info/application	[Sensor] Updated distance: 46.13958894281629 cm | Severity=75 | SourceName=Sensor | EventType=application
[2026-08-15 15:45:55.384 (UTC)] info/application	[Sensor] Updated distance: 14.044930426424802 cm | Severity=75 | SourceName=Sensor | EventType=application
[2026-08-15 15:45:56.386 (UTC)] info/application	[Sensor] Updated distance: 43.7817095116627 cm | Severity=75 | SourceName=Sensor | EventType=application
[2026-08-15 15:45:57.388 (UTC)] info/application	[Sensor] Updated distance: 9.96563671900222 cm | Severity=75 | SourceName=Sensor | EventType=application
[2026-08-15 15:45:58.380 (UTC)] info/application	[Sensor] Updated distance: 38.85392580407389 cm | Severity=75 | SourceName=Sensor | EventType=application
[2026-08-15 15:45:59.383 (UTC)] info/application	[Sensor] Updated distance: 35.92097890466497 cm | Severity=75 | SourceName=Sensor | EventType=application
[2026-08-15 15:46:00.384 (UTC)] info/application	[Sensor] Updated distance: 39.56384361049339 cm | Severity=75 | SourceName=Sensor | EventType=application
[2026-08-15 15:46:01.386 (UTC)] info/application	[Sensor] Updated distance: 48.90053176828685 cm | Severity=75 | SourceName=Sensor | EventType=application
[2026-08-15 15:46:02.378 (UTC)] info/application	[Sensor] Updated distance: 22.790812204028857 cm | Severity=75 | SourceName=Sensor | EventType=application
[2026-08-15 15:46:03.380 (UTC)] info/application	[Sensor] Updated distance: 35.030890681329595 cm | Severity=75 | SourceName=Sensor | EventType=application
[2026-08-15 15:46:04.383 (UTC)] info/application	[Sensor] Updated distance: 11.577307631064814 cm | Severity=75 | SourceName=Sensor | EventType=application
[2026-08-15 15:46:05.384 (UTC)] info/application	[Sensor] Updated distance: 39.03233588721246 cm | Severity=75 | SourceName=Sensor | EventType=application
[2026-08-15 15:46:06.386 (UTC)] info/application	[Sensor] Updated distance: 3.488051184214675 cm | Severity=75 | SourceName=Sensor | EventType=application
[2026-08-15 15:46:07.379 (UTC)] info/application	[Sensor] Updated distance: 5.235700191574031 cm | Severity=75 | SourceName=Sensor | EventType=application
[2026-08-15 15:46:08.381 (UTC)] info/application	[Sensor] Updated distance: 12.277529810684513 cm | Severity=75 | SourceName=Sensor | EventType=application
[2026-08-15 15:46:09.383 (UTC)] info/application	[Sensor] Updated distance: 29.14412636828801 cm | Severity=75 | SourceName=Sensor | EventType=application
[2026-08-15 15:46:10.385 (UTC)] info/application	[Sensor] Updated distance: 9.792586024754023 cm | Severity=75 | SourceName=Sensor | EventType=application
[2026-08-15 15:46:11.387 (UTC)] info/application	[Sensor] Updated distance: 24.82038594354893 cm | Severity=75 | SourceName=Sensor | EventType=application
[2026-08-15 15:46:12.379 (UTC)] info/application	[Sensor] Updated distance: 30.4131895585047 cm | Severity=75 | SourceName=Sensor | EventType=application
[2026-08-15 15:46:13.382 (UTC)] info/application	[Sensor] Updated distance: 31.205750471542473 cm | Severity=75 | SourceName=Sensor | EventType=application
[2026-08-15 15:46:14.384 (UTC)] info/application	[Sensor] Updated distance: 27.587259714299467 cm | Severity=75 | SourceName=Sensor | EventType=application
[2026-08-15 15:46:15.386 (UTC)] info/application	[Sensor] Updated distance: 15.521110667624097 cm | Severity=75 | SourceName=Sensor | EventType=application
[2026-08-15 15:46:16.388 (UTC)] info/application	[Sensor] Updated distance: 33.91139316554712 cm | Severity=75 | SourceName=Sensor | EventType=application
[2026-08-15 15:46:17.380 (UTC)] info/application	[Sensor] Updated distance: 5.973714249196329 cm | Severity=75 | SourceName=Sensor | EventType=application
[2026-08-15 15:46:18.382 (UTC)] info/application	[Sensor] Updated distance: 20.680777513739084 cm | Severity=75 | SourceName=Sensor | EventType=application
[2026-08-15 15:46:19.384 (UTC)] info/application	[Sensor] Updated distance: 45.91525398749637 cm | Severity=75 | SourceName=Sensor | EventType=application
[2026-08-15 15:46:20.386 (UTC)] info/application	[Sensor] Updated distance: 13.138886143983754 cm | Severity=75 | SourceName=Sensor | EventType=application
[2026-08-15 15:46:21.378 (UTC)] info/application	[Sensor] Updated distance: 43.57117519228308 cm | Severity=75 | SourceName=Sensor | EventType=application
[2026-08-15 15:46:22.380 (UTC)] info/application	[Sensor] Updated distance: 13.33976091227483 cm | Severity=75 | SourceName=Sensor | EventType=application
[2026-08-15 15:46:23.383 (UTC)] info/application	[Sensor] Updated distance: 27.90465867235542 cm | Severity=75 | SourceName=Sensor | EventType=application
[2026-08-15 15:46:24.385 (UTC)] info/application	[Sensor] Updated distance: 48.485858476946994 cm | Severity=75 | SourceName=Sensor | EventType=application
[2026-08-15 15:46:25.387 (UTC)] info/application	[Sensor] Updated distance: 9.479349832739377 cm | Severity=75 | SourceName=Sensor | EventType=application
[2026-08-15 15:46:26.379 (UTC)] info/application	[Sensor] Updated distance: 39.949589121131964 cm | Severity=75 | SourceName=Sensor | EventType=application
[2026-08-15 15:46:27.380 (UTC)] info/application	[Sensor] Updated distance: 42.26756798860969 cm | Severity=75 | SourceName=Sensor | EventType=application
[2026-08-15 15:46:28.383 (UTC)] info/application	[Sensor] Updated distance: 17.444986551741597 cm | Severity=75 | SourceName=Sensor | EventType=application
[2026-08-15 15:46:29.385 (UTC)] info/application	[Sensor] Updated distance: 28.80351490285411 cm | Severity=75 | SourceName=Sensor | EventType=application
[2026-08-15 15:46:30.387 (UTC)] info/application	[Sensor] Updated distance: 28.188546870922924 cm | Severity=75 | SourceName=Sensor | EventType=application
[2026-08-15 15:46:31.379 (UTC)] info/application	[Sensor] Updated distance: 7.0088301622349904 cm | Severity=75 | SourceName=Sensor | EventType=application
[2026-08-15 15:46:32.380 (UTC)] info/application	[Sensor] Updated distance: 27.704046648789216 cm | Severity=75 | SourceName=Sensor | EventType=application
[2026-08-15 15:46:33.382 (UTC)] info/application	[Sensor] Updated distance: 48.97935907495178 cm | Severity=75 | SourceName=Sensor | EventType=application
[2026-08-15 15:46:34.384 (UTC)] info/application	[Sensor] Updated distance: 40.03972084356459 cm | Severity=75 | SourceName=Sensor | EventType=application
[2026-08-15 15:46:35.386 (UTC)] info/application	[Sensor] Updated distance: 37.281354279854035 cm | Severity=75 | SourceName=Sensor | EventType=application
[2026-08-15 15:46:36.388 (UTC)] info/application	[Sensor] Updated distance: 38.0116949398125 cm | Severity=75 | SourceName=Sensor | EventType=application
[2026-08-15 15:46:37.379 (UTC)] info/application	[Sensor] Updated distance: 41.527772027779264 cm | Severity=75 | SourceName=Sensor | EventType=application
[2026-08-15 15:46:38.382 (UTC)] info/application	[Sensor] Updated distance: 40.51705447142806 cm | Severity=75 | SourceName=Sensor | EventType=application
[2026-08-15 15:46:39.383 (UTC)] info/application	[Sensor] Updated distance: 48.289224772848755 cm | Severity=75 | SourceName=Sensor | EventType=application
[2026-08-15 15:46:40.385 (UTC)] info/application	[Sensor] Updated distance: 20.671898373715532 cm | Severity=75 | SourceName=Sensor | EventType=application
[2026-08-15 15:46:41.387 (UTC)] info/application	[Sensor] Updated distance: 48.309640496182084 cm | Severity=75 | SourceName=Sensor | EventType=application
[2026-08-15 15:46:42.378 (UTC)] info/application	[Sensor] Updated distance: 23.10961069404595 cm | Severity=75 | SourceName=Sensor | EventType=application
[2026-08-15 15:46:43.380 (UTC)] info/application	[Sensor] Updated distance: 49.085087954571975 cm | Severity=75 | SourceName=Sensor | EventType=application
[2026-08-15 15:46:44.381 (UTC)] info/application	[Sensor] Updated distance: 29.51539094537282 cm | Severity=75 | SourceName=Sensor | EventType=application
[2026-08-15 15:46:45.383 (UTC)] info/application	[Sensor] Updated distance: 48.69687040834542 cm | Severity=75 | SourceName=Sensor | EventType=application
[2026-08-15 15:46:46.385 (UTC)] info/application	[Sensor] Updated distance: 14.606198599844332 cm | Severity=75 | SourceName=Sensor | EventType=application
[2026-08-15 15:46:47.386 (UTC)] info/application	[Sensor] Updated distance: 13.426784110919938 cm | Severity=75 | SourceName=Sensor | EventType=application
[2026-08-15 15:46:48.378 (UTC)] info/application	[Sensor] Updated distance: 4.670584657541749 cm | Severity=75 | SourceName=Sensor | EventType=application
[2026-08-15 15:46:49.381 (UTC)] info/application	[Sensor] Updated distance: 33.286976113583414 cm | Severity=75 | SourceName=Sensor | EventType=application
[2026-08-15 15:46:50.383 (UTC)] info/application	[Sensor] Updated distance: 9.342038076064567 cm | Severity=75 | SourceName=Sensor | EventType=application
[2026-08-15 15:46:51.385 (UTC)] info/application	[Sensor] Updated distance: 15.809470801525501 cm | Severity=75 | SourceName=Sensor | EventType=application
[2026-08-15 15:46:52.387 (UTC)] info/application	[Sensor] Updated distance: 26.858151305866496 cm | Severity=75 | SourceName=Sensor | EventType=application
[2026-08-15 15:46:53.379 (UTC)] info/application	[Sensor] Updated distance: 20.681798988339395 cm | Severity=75 | SourceName=Sensor | EventType=application
[2026-08-15 15:46:54.381 (UTC)] info/application	[Sensor] Updated distance: 41.714129496232665 cm | Severity=75 | SourceName=Sensor | EventType=application
[2026-08-15 15:46:55.384 (UTC)] info/application	[Sensor] Updated distance: 25.344009760461752 cm | Severity=75 | SourceName=Sensor | EventType=application
[2026-08-15 15:46:56.385 (UTC)] info/application	[Sensor] Updated distance: 28.161148821078775 cm | Severity=75 | SourceName=Sensor | EventType=application
[2026-08-15 15:46:57.387 (UTC)] info/application	[Sensor] Updated distance: 31.663718595012888 cm | Severity=75 | SourceName=Sensor | EventType=application
[2026-08-15 15:46:58.380 (UTC)] info/application	[Sensor] Updated distance: 17.611577726719702 cm | Severity=75 | SourceName=Sensor | EventType=application
[2026-08-15 15:46:59.382 (UTC)] info/application	[Sensor] Updated distance: 43.60613539517211 cm | Severity=75 | SourceName=Sensor | EventType=application
[2026-08-15 15:47:00.384 (UTC)] info/application	[Sensor] Updated distance: 10.467233475515261 cm | Severity=75 | SourceName=Sensor | EventType=application
[2026-08-15 15:47:01.386 (UTC)] info/application	[Sensor] Updated distance: 43.80012461999437 cm | Severity=75 | SourceName=Sensor | EventType=application
[2026-08-15 15:47:02.388 (UTC)] info/application	[Sensor] Updated distance: 48.6149655574071 cm | Severity=75 | SourceName=Sensor | EventType=application
[2026-08-15 15:47:03.380 (UTC)] info/application	[Sensor] Updated distance: 36.17128014665622 cm | Severity=75 | SourceName=Sensor | EventType=application
[2026-08-15 15:47:04.383 (UTC)] info/application	[Sensor] Updated distance: 42.77948367259441 cm | Severity=75 | SourceName=Sensor | EventType=application
[2026-08-15 15:47:05.385 (UTC)] info/application	[Sensor] Updated distance: 38.65468637861995 cm | Severity=75 | SourceName=Sensor | EventType=application
[2026-08-15 15:47:06.387 (UTC)] info/application	[Sensor] Updated distance: 23.452634404158513 cm | Severity=75 | SourceName=Sensor | EventType=application
[2026-08-15 15:47:07.379 (UTC)] info/application	[Sensor] Updated distance: 30.791178612406913 cm | Severity=75 | SourceName=Sensor | EventType=application
[2026-08-15 15:47:08.381 (UTC)] info/application	[Sensor] Updated distance: 30.182458406399217 cm | Severity=75 | SourceName=Sensor | EventType=application
[2026-08-15 15:47:09.383 (UTC)] info/application	[Sensor] Updated distance: 13.96968887558658 cm | Severity=75 | SourceName=Sensor | EventType=application
[2026-08-15 15:47:10.385 (UTC)] info/application	[Sensor] Updated distance: 29.08040336290393 cm | Severity=75 | SourceName=Sensor | EventType=application
[2026-08-15 15:47:11.387 (UTC)] info/application	[Sensor] Updated distance: 48.85435678011475 cm | Severity=75 | SourceName=Sensor | EventType=application
[2026-08-15 15:47:12.379 (UTC)] info/application	[Sensor] Updated distance: 12.279329349416926 cm | Severity=75 | SourceName=Sensor | EventType=application
[2026-08-15 15:47:13.381 (UTC)] info/application	[Sensor] Updated distance: 2.190014034598141 cm | Severity=75 | SourceName=Sensor | EventType=application
[2026-08-15 15:47:14.382 (UTC)] info/application	[Sensor] Updated distance: 47.93944471233498 cm | Severity=75 | SourceName=Sensor | EventType=application
[2026-08-15 15:47:15.384 (UTC)] info/application	[Sensor] Updated distance: 39.79472031714148 cm | Severity=75 | SourceName=Sensor | EventType=application
[2026-08-15 15:47:16.032 (UTC)] info/session	[System] TCP 18	| SC 3	| Session "ns=1;g=ef78da4b-073c-62ce-f86f-2662ed5e15e1"	| WriteRequest returned status code BadUserAccessDenied | Severity=75 | SourceName=System | EventType=session
[2026-08-15 15:47:16.386 (UTC)] info/application	[Sensor] Updated distance: 48.886884465295296 cm | Severity=75 | SourceName=Sensor | EventType=application
[2026-08-15 15:47:17.387 (UTC)] info/application	[Sensor] Updated distance: 12.545643289827575 cm | Severity=75 | SourceName=Sensor | EventType=application
[2026-08-15 15:47:18.379 (UTC)] info/application	[Sensor] Updated distance: 3.221504405709684 cm | Severity=75 | SourceName=Sensor | EventType=application
[2026-08-15 15:47:19.380 (UTC)] info/application	[Sensor] Updated distance: 3.5574691004853083 cm | Severity=75 | SourceName=Sensor | EventType=application
[2026-08-15 15:47:20.382 (UTC)] info/application	[Sensor] Updated distance: 43.83261942576273 cm | Severity=75 | SourceName=Sensor | EventType=application
[2026-08-15 15:47:21.385 (UTC)] info/application	[Sensor] Updated distance: 10.56354248177425 cm | Severity=75 | SourceName=Sensor | EventType=application
[2026-08-15 15:47:22.042 (UTC)] info/session	[System] TCP 18	| SC 3	| Session "ns=1;g=ef78da4b-073c-62ce-f86f-2662ed5e15e1"	| WriteRequest returned status code BadUserAccessDenied | Severity=75 | SourceName=System | EventType=session
[2026-08-15 15:47:22.387 (UTC)] info/application	[Sensor] Updated distance: 17.366939902010813 cm | Severity=75 | SourceName=Sensor | EventType=application
[2026-08-15 15:47:23.379 (UTC)] info/application	[Sensor] Updated distance: 20.690770709277487 cm | Severity=75 | SourceName=Sensor | EventType=application
[2026-08-15 15:47:24.380 (UTC)] info/application	[Sensor] Updated distance: 29.245341470113647 cm | Severity=75 | SourceName=Sensor | EventType=application
[2026-08-15 15:47:25.381 (UTC)] info/application	[Sensor] Updated distance: 9.081069375891737 cm | Severity=75 | SourceName=Sensor | EventType=application
[2026-08-15 15:47:26.384 (UTC)] info/application	[Sensor] Updated distance: 44.03478046973924 cm | Severity=75 | SourceName=Sensor | EventType=application
[2026-08-15 15:47:27.385 (UTC)] info/application	[Sensor] Updated distance: 7.406490268840683 cm | Severity=75 | SourceName=Sensor | EventType=application
[2026-08-15 15:47:28.387 (UTC)] info/application	[Sensor] Updated distance: 38.744787970904625 cm | Severity=75 | SourceName=Sensor | EventType=application
[2026-08-15 15:47:29.379 (UTC)] info/application	[Sensor] Updated distance: 11.646358196458946 cm | Severity=75 | SourceName=Sensor | EventType=application
[2026-08-15 15:47:30.380 (UTC)] info/application	[Sensor] Updated distance: 49.012625664012795 cm | Severity=75 | SourceName=Sensor | EventType=application
[2026-08-15 15:47:31.382 (UTC)] info/application	[Sensor] Updated distance: 47.21202146877163 cm | Severity=75 | SourceName=Sensor | EventType=application
[2026-08-15 15:47:32.384 (UTC)] info/application	[Sensor] Updated distance: 5.446482794101575 cm | Severity=75 | SourceName=Sensor | EventType=application
[2026-08-15 15:47:33.385 (UTC)] info/application	[Sensor] Updated distance: 47.627591199068156 cm | Severity=75 | SourceName=Sensor | EventType=application
[2026-08-15 15:47:34.387 (UTC)] info/application	[Sensor] Updated distance: 33.38330159307611 cm | Severity=75 | SourceName=Sensor | EventType=application
[2026-08-15 15:47:35.379 (UTC)] info/application	[Sensor] Updated distance: 46.225966466695986 cm | Severity=75 | SourceName=Sensor | EventType=application
[2026-08-15 15:47:36.380 (UTC)] info/application	[Sensor] Updated distance: 36.28227757768811 cm | Severity=75 | SourceName=Sensor | EventType=application
[2026-08-15 15:47:37.382 (UTC)] info/application	[Sensor] Updated distance: 6.835935974882886 cm | Severity=75 | SourceName=Sensor | EventType=application
[2026-08-15 15:47:38.384 (UTC)] info/application	[Sensor] Updated distance: 27.017145056751158 cm | Severity=75 | SourceName=Sensor | EventType=application
[2026-08-15 15:47:39.387 (UTC)] info/application	[Sensor] Updated distance: 16.46473596173559 cm | Severity=75 | SourceName=Sensor | EventType=application
[2026-08-15 15:47:40.379 (UTC)] info/application	[Sensor] Updated distance: 18.805624850469467 cm | Severity=75 | SourceName=Sensor | EventType=application
[2026-08-15 15:47:41.381 (UTC)] info/application	[Sensor] Updated distance: 6.097548397303348 cm | Severity=75 | SourceName=Sensor | EventType=application
[2026-08-15 15:47:42.384 (UTC)] info/application	[Sensor] Updated distance: 15.319092719498599 cm | Severity=75 | SourceName=Sensor | EventType=application
[2026-08-15 15:47:43.386 (UTC)] info/application	[Sensor] Updated distance: 29.084954222238135 cm | Severity=75 | SourceName=Sensor | EventType=application
[2026-08-15 15:47:44.388 (UTC)] info/application	[Sensor] Updated distance: 6.287562454253231 cm | Severity=75 | SourceName=Sensor | EventType=application
[2026-08-15 15:47:45.380 (UTC)] info/application	[Sensor] Updated distance: 13.258537431833584 cm | Severity=75 | SourceName=Sensor | EventType=application
[2026-08-15 15:47:46.382 (UTC)] info/application	[Sensor] Updated distance: 18.87967451702788 cm | Severity=75 | SourceName=Sensor | EventType=application
[2026-08-15 15:47:47.384 (UTC)] info/application	[Sensor] Updated distance: 5.174446897196791 cm | Severity=75 | SourceName=Sensor | EventType=application
[2026-08-15 15:47:48.385 (UTC)] info/application	[Sensor] Updated distance: 23.804180721661158 cm | Severity=75 | SourceName=Sensor | EventType=application
[2026-08-15 15:47:49.387 (UTC)] info/application	[Sensor] Updated distance: 20.101178922737564 cm | Severity=75 | SourceName=Sensor | EventType=application
[2026-08-15 15:47:50.378 (UTC)] info/application	[Sensor] Updated distance: 6.7319159976820995 cm | Severity=75 | SourceName=Sensor | EventType=application
[2026-08-15 15:47:51.380 (UTC)] info/application	[Sensor] Updated distance: 17.63680012507215 cm | Severity=75 | SourceName=Sensor | EventType=application
[2026-08-15 15:47:52.383 (UTC)] info/application	[Sensor] Updated distance: 28.664721404511816 cm | Severity=75 | SourceName=Sensor | EventType=application
[2026-08-15 15:47:53.385 (UTC)] info/application	[Sensor] Updated distance: 22.09885589969291 cm | Severity=75 | SourceName=Sensor | EventType=application
[2026-08-15 15:47:54.387 (UTC)] info/application	[Sensor] Updated distance: 36.327570834349636 cm | Severity=75 | SourceName=Sensor | EventType=application
[2026-08-15 15:47:55.379 (UTC)] info/application	[Sensor] Updated distance: 7.910062852273724 cm | Severity=75 | SourceName=Sensor | EventType=application
[2026