[2026-08-15 23:43:03.282 (UTC+0800)] [33mwarn/server[0m	AccessControl: Unconfigured AccessControl. Users have all permissions.
[2026-08-15 23:43:03.283 (UTC+0800)] [32minfo/server[0m	AccessControl: Anonymous login is enabled
[2026-08-15 23:43:03.283 (UTC+0800)] [33mwarn/server[0m	x509 Certificate Authentication configured, but no encrypting SecurityPolicy. This can leak credentials on the network.
[2026-08-15 23:43:03.319 (UTC+0800)] [33mwarn/application[0m	ServerUrls already set. Overriding.
[2026-08-15 23:43:03.319 (UTC+0800)] [33mwarn/server[0m	AccessControl: Unconfigured AccessControl. Users have all permissions.
[2026-08-15 23:43:03.319 (UTC+0800)] [32minfo/server[0m	AccessControl: Anonymous login is enabled
[2026-08-15 23:43:03.319 (UTC+0800)] [33mwarn/server[0m	x509 Certificate Authentication configured, but no encrypting SecurityPolicy. This can leak credentials on the network.
[2026-08-15 23:43:03.319 (UTC+0800)] [33mwarn/server[0m	x509 Certificate Authentication configured, but no encrypting SecurityPolicy. This can leak credentials on the network.
[2026-08-15 15:43:03.319 (UTC)] info/application	Sensor Server online (Client/Server mode, id=2 port=4843) | Severity=75 | SourceName=Sensor2 | EventType=application
Entering background polling mode: attempting to connect to Aggregation Server...
Connected successfully. Log forwarding started.
[2026-08-15 15:43:04.328 (UTC)] info/application	[Sensor] Updated distance: 6.5664090609952845 cm | Severity=75 | SourceName=Sensor2 | EventType=application
[2026-08-15 15:43:05.289 (UTC)] info/network	[System] TCP 16	| Connection opened from "127.0.0.1" via the server socket 8 | Severity=75 | SourceName=System | EventType=network
[2026-08-15 15:43:05.289 (UTC)] info/channel	[System] TCP 16	| SC 1	| SecureChannel created | Severity=75 | SourceName=System | EventType=channel
[2026-08-15 15:43:05.320 (UTC)] info/application	[Sensor] Updated distance: 36.30978667098553 cm | Severity=75 | SourceName=Sensor2 | EventType=application
[2026-08-15 15:43:05.320 (UTC)] info/channel	[System] TCP 16	| SC 1	| OpenSecureChannel: Channel opened with SecurityMode None for SecurityPolicy http://opcfoundation.org/UA/SecurityPolicy#None and a revised lifetime of 600.0s | Severity=75 | SourceName=System | EventType=channel
[2026-08-15 15:43:05.341 (UTC)] warn/client	[System] Removing a UserTokenPolicy that would allow the password to be transmitted without encryption (Can be enabled via config->allowNonePolicyPassword) | Severity=175 | SourceName=System | EventType=client
[2026-08-15 15:43:05.341 (UTC)] warn/client	[System] Removing a UserTokenPolicy that would allow the password to be transmitted without encryption (Can be enabled via config->allowNonePolicyPassword) | Severity=175 | SourceName=System | EventType=client
[2026-08-15 15:43:05.351 (UTC)] warn/client	[System] Removing a UserTokenPolicy that would allow the password to be transmitted without encryption (Can be enabled via config->allowNonePolicyPassword) | Severity=175 | SourceName=System | EventType=client
[2026-08-15 15:43:05.351 (UTC)] warn/client	[System] Removing a UserTokenPolicy that would allow the password to be transmitted without encryption (Can be enabled via config->allowNonePolicyPassword) | Severity=175 | SourceName=System | EventType=client
[2026-08-15 15:43:05.352 (UTC)] info/session	[System] TCP 16	| SC 1	| Session "ns=1;g=345b8332-38dd-ae5c-ff5f-65164584a8ba"	| Session created | Severity=75 | SourceName=System | EventType=session
[2026-08-15 15:43:05.362 (UTC)] info/session	[System] TCP 16	| SC 1	| Session "ns=1;g=345b8332-38dd-ae5c-ff5f-65164584a8ba"	| ActivateSession: Session activated with ClientUserId "" | Severity=75 | SourceName=System | EventType=session
[2026-08-15 15:43:05.748 (UTC)] info/session	[System] TCP 16	| SC 1	| Session "ns=1;g=345b8332-38dd-ae5c-ff5f-65164584a8ba"	| Subscription 1 | Subscription created (Publishing interval 500.0ms, max 1000 notifications per publish) | Severity=75 | SourceName=System | EventType=session
[2026-08-15 15:43:05.769 (UTC)] info/session	[System] TCP 16	| SC 1	| Session "ns=1;g=345b8332-38dd-ae5c-ff5f-65164584a8ba"	| Subscription 1 | MonitoredItem 1 | Created the MonitoredItem (Sampling Interval: 250.0ms, Queue Size: 1) | Severity=75 | SourceName=System | EventType=session
[2026-08-15 15:43:06.325 (UTC)] info/application	[Sensor] Updated distance: 8.225216175534397 cm | Severity=75 | SourceName=Sensor2 | EventType=application
[2026-08-15 15:43:07.327 (UTC)] info/application	[Sensor] Updated distance: 27.573456060874022 cm | Severity=75 | SourceName=Sensor2 | EventType=application
[2026-08-15 15:43:08.378 (UTC)] info/application	[Sensor] Updated distance: 24.31915624733975 cm | Severity=75 | SourceName=Sensor2 | EventType=application
[2026-08-15 15:43:08.378 (UTC)] info/network	[System] TCP 17	| Connection opened from "127.0.0.1" via the server socket 8 | Severity=75 | SourceName=System | EventType=network
[2026-08-15 15:43:08.378 (UTC)] info/channel	[System] TCP 17	| SC 2	| SecureChannel created | Severity=75 | SourceName=System | EventType=channel
[2026-08-15 15:43:08.399 (UTC)] info/channel	[System] TCP 17	| SC 2	| OpenSecureChannel: Channel opened with SecurityMode None for SecurityPolicy http://opcfoundation.org/UA/SecurityPolicy#None and a revised lifetime of 600.0s | Severity=75 | SourceName=System | EventType=channel
[2026-08-15 15:43:08.419 (UTC)] warn/client	[System] Removing a UserTokenPolicy that would allow the password to be transmitted without encryption (Can be enabled via config->allowNonePolicyPassword) | Severity=175 | SourceName=System | EventType=client
[2026-08-15 15:43:08.419 (UTC)] warn/client	[System] Removing a UserTokenPolicy that would allow the password to be transmitted without encryption (Can be enabled via config->allowNonePolicyPassword) | Severity=175 | SourceName=System | EventType=client
[2026-08-15 15:43:08.429 (UTC)] warn/client	[System] Removing a UserTokenPolicy that would allow the password to be transmitted without encryption (Can be enabled via config->allowNonePolicyPassword) | Severity=175 | SourceName=System | EventType=client
[2026-08-15 15:43:08.429 (UTC)] warn/client	[System] Removing a UserTokenPolicy that would allow the password to be transmitted without encryption (Can be enabled via config->allowNonePolicyPassword) | Severity=175 | SourceName=System | EventType=client
[2026-08-15 15:43:08.430 (UTC)] info/session	[System] TCP 17	| SC 2	| Session "ns=1;g=c073c7d1-3dcc-9165-c2fc-cf8c25629659"	| Session created | Severity=75 | SourceName=System | EventType=session
[2026-08-15 15:43:08.441 (UTC)] info/session	[System] TCP 17	| SC 2	| Session "ns=1;g=c073c7d1-3dcc-9165-c2fc-cf8c25629659"	| ActivateSession: Session activated with ClientUserId "" | Severity=75 | SourceName=System | EventType=session
[2026-08-15 15:43:09.321 (UTC)] info/application	[Sensor] Updated distance: 36.35337218751822 cm | Severity=75 | SourceName=Sensor2 | EventType=application
[2026-08-15 15:43:10.323 (UTC)] info/application	[Sensor] Updated distance: 42.63503037795193 cm | Severity=75 | SourceName=Sensor2 | EventType=application
[2026-08-15 15:43:11.325 (UTC)] info/application	[Sensor] Updated distance: 11.209272210118021 cm | Severity=75 | SourceName=Sensor2 | EventType=application
[2026-08-15 15:43:12.326 (UTC)] info/application	[Sensor] Updated distance: 17.81496963641372 cm | Severity=75 | SourceName=Sensor2 | EventType=application
[2026-08-15 15:43:13.329 (UTC)] info/application	[Sensor] Updated distance: 15.6782105330742 cm | Severity=75 | SourceName=Sensor2 | EventType=application
[2026-08-15 15:43:14.321 (UTC)] info/application	[Sensor] Updated distance: 21.19416271298852 cm | Severity=75 | SourceName=Sensor2 | EventType=application
[2026-08-15 15:43:15.323 (UTC)] info/application	[Sensor] Updated distance: 23.188240031333752 cm | Severity=75 | SourceName=Sensor2 | EventType=application
[2026-08-15 15:43:16.326 (UTC)] info/application	[Sensor] Updated distance: 44.57703057424027 cm | Severity=75 | SourceName=Sensor2 | EventType=application
[2026-08-15 15:43:17.328 (UTC)] info/application	[Sensor] Updated distance: 4.913321265444774 cm | Severity=75 | SourceName=Sensor2 | EventType=application
[2026-08-15 15:43:18.320 (UTC)] info/application	[Sensor] Updated distance: 4.849336856440332 cm | Severity=75 | SourceName=Sensor2 | EventType=application
[2026-08-15 15:43:19.322 (UTC)] info/application	[Sensor] Updated distance: 36.78045603762402 cm | Severity=75 | SourceName=Sensor2 | EventType=application
[2026-08-15 15:43:20.323 (UTC)] info/application	[Sensor] Updated distance: 16.310311800944763 cm | Severity=75 | SourceName=Sensor2 | EventType=application
[2026-08-15 15:43:21.325 (UTC)] info/application	[Sensor] Updated distance: 5.232198947683069 cm | Severity=75 | SourceName=Sensor2 | EventType=application
[2026-08-15 15:43:22.327 (UTC)] info/application	[Sensor] Updated distance: 21.97174114173825 cm | Severity=75 | SourceName=Sensor2 | EventType=application
[2026-08-15 15:43:23.329 (UTC)] info/application	[Sensor] Updated distance: 22.04933206180545 cm | Severity=75 | SourceName=Sensor2 | EventType=application
[2026-08-15 15:43:24.320 (UTC)] info/application	[Sensor] Updated distance: 47.11044681682738 cm | Severity=75 | SourceName=Sensor2 | EventType=application
[2026-08-15 15:43:25.323 (UTC)] info/application	[Sensor] Updated distance: 43.58196956365461 cm | Severity=75 | SourceName=Sensor2 | EventType=application
[2026-08-15 15:43:26.325 (UTC)] info/application	[Sensor] Updated distance: 25.803370285687674 cm | Severity=75 | SourceName=Sensor2 | EventType=application
[2026-08-15 15:43:27.327 (UTC)] info/application	[Sensor] Updated distance: 42.34503112376902 cm | Severity=75 | SourceName=Sensor2 | EventType=application
[2026-08-15 15:43:28.328 (UTC)] info/application	[Sensor] Updated distance: 15.752131587710291 cm | Severity=75 | SourceName=Sensor2 | EventType=application
[2026-08-15 15:43:29.320 (UTC)] info/application	[Sensor] Updated distance: 21.177762547124996 cm | Severity=75 | SourceName=Sensor2 | EventType=application
[2026-08-15 15:43:30.321 (UTC)] info/application	[Sensor] Updated distance: 29.105406624779757 cm | Severity=75 | SourceName=Sensor2 | EventType=application
[2026-08-15 15:43:31.323 (UTC)] info/application	[Sensor] Updated distance: 17.322879008633493 cm | Severity=75 | SourceName=Sensor2 | EventType=application
[2026-08-15 15:43:32.325 (UTC)] info/application	[Sensor] Updated distance: 29.609548127096865 cm | Severity=75 | SourceName=Sensor2 | EventType=application
[2026-08-15 15:43:33.327 (UTC)] info/application	[Sensor] Updated distance: 30.95228256888328 cm | Severity=75 | SourceName=Sensor2 | EventType=application
[2026-08-15 15:43:34.329 (UTC)] info/application	[Sensor] Updated distance: 11.613041047757976 cm | Severity=75 | SourceName=Sensor2 | EventType=application
[2026-08-15 15:43:35.321 (UTC)] info/application	[Sensor] Updated distance: 34.17595718809215 cm | Severity=75 | SourceName=Sensor2 | EventType=application
[2026-08-15 15:43:36.323 (UTC)] info/application	[Sensor] Updated distance: 17.262069217517073 cm | Severity=75 | SourceName=Sensor2 | EventType=application
[2026-08-15 15:43:37.324 (UTC)] info/application	[Sensor] Updated distance: 17.838257223292374 cm | Severity=75 | SourceName=Sensor2 | EventType=application
[2026-08-15 15:43:38.326 (UTC)] info/application	[Sensor] Updated distance: 11.749413248966174 cm | Severity=75 | SourceName=Sensor2 | EventType=application
[2026-08-15 15:43:39.327 (UTC)] info/application	[Sensor] Updated distance: 39.58122546485682 cm | Severity=75 | SourceName=Sensor2 | EventType=application
[2026-08-15 15:43:40.320 (UTC)] info/application	[Sensor] Updated distance: 4.191629388458854 cm | Severity=75 | SourceName=Sensor2 | EventType=application
[2026-08-15 15:43:41.322 (UTC)] info/application	[Sensor] Updated distance: 4.384443604566363 cm | Severity=75 | SourceName=Sensor2 | EventType=application
[2026-08-15 15:43:42.324 (UTC)] info/application	[Sensor] Updated distance: 48.790497697326586 cm | Severity=75 | SourceName=Sensor2 | EventType=application
[2026-08-15 15:43:43.326 (UTC)] info/application	[Sensor] Updated distance: 20.006599047224316 cm | Severity=75 | SourceName=Sensor2 | EventType=application
[2026-08-15 15:43:44.327 (UTC)] info/application	[Sensor] Updated distance: 18.062654159992306 cm | Severity=75 | SourceName=Sensor2 | EventType=application
[2026-08-15 15:43:45.319 (UTC)] info/application	[Sensor] Updated distance: 19.984660387963363 cm | Severity=75 | SourceName=Sensor2 | EventType=application
[2026-08-15 15:43:46.322 (UTC)] info/application	[Sensor] Updated distance: 41.19483907855807 cm | Severity=75 | SourceName=Sensor2 | EventType=application
[2026-08-15 15:43:47.323 (UTC)] info/application	[Sensor] Updated distance: 12.639684711880834 cm | Severity=75 | SourceName=Sensor2 | EventType=application
[2026-08-15 15:43:48.325 (UTC)] info/application	[Sensor] Updated distance: 22.897981653408138 cm | Severity=75 | SourceName=Sensor2 | EventType=application
[2026-08-15 15:43:49.327 (UTC)] info/application	[Sensor] Updated distance: 44.0441759349984 cm | Severity=75 | SourceName=Sensor2 | EventType=application
[2026-08-15 15:43:50.319 (UTC)] info/application	[Sensor] Updated distance: 47.42014074950485 cm | Severity=75 | SourceName=Sensor2 | EventType=application
[2026-08-15 15:43:51.321 (UTC)] info/application	[Sensor] Updated distance: 37.2082934543529 cm | Severity=75 | SourceName=Sensor2 | EventType=application
[2026-08-15 15:43:52.323 (UTC)] info/application	[Sensor] Updated distance: 47.276374882681466 cm | Severity=75 | SourceName=Sensor2 | EventType=application
[2026-08-15 15:43:53.325 (UTC)] info/application	[Sensor] Updated distance: 19.39188186889136 cm | Severity=75 | SourceName=Sensor2 | EventType=application
[2026-08-15 15:43:54.327 (UTC)] info/application	[Sensor] Updated distance: 9.257625493806612 cm | Severity=75 | SourceName=Sensor2 | EventType=application
[2026-08-15 15:43:55.319 (UTC)] info/application	[Sensor] Updated distance: 44.3868216771571 cm | Severity=75 | SourceName=Sensor2 | EventType=application
[2026-08-15 15:43:56.322 (UTC)] info/application	[Sensor] Updated distance: 12.973851432545972 cm | Severity=75 | SourceName=Sensor2 | EventType=application
[2026-08-15 15:43:57.324 (UTC)] info/application	[Sensor] Updated distance: 33.060995779494284 cm | Severity=75 | SourceName=Sensor2 | EventType=application
[2026-08-15 15:43:58.326 (UTC)] info/application	[Sensor] Updated distance: 36.73185280092612 cm | Severity=75 | SourceName=Sensor2 | EventType=application
[2026-08-15 15:43:59.328 (UTC)] info/application	[Sensor] Updated distance: 26.725983020256265 cm | Severity=75 | SourceName=Sensor2 | EventType=application
[2026-08-15 15:44:00.320 (UTC)] info/application	[Sensor] Updated distance: 4.238758326619285 cm | Severity=75 | SourceName=Sensor2 | EventType=application
[2026-08-15 15:44:01.323 (UTC)] info/application	[Sensor] Updated distance: 15.837259403354143 cm | Severity=75 | SourceName=Sensor2 | EventType=application
[2026-08-15 15:44:02.325 (UTC)] info/application	[Sensor] Updated distance: 42.04886202888976 cm | Severity=75 | SourceName=Sensor2 | EventType=application
[2026-08-15 15:44:03.328 (UTC)] info/application	[Sensor] Updated distance: 31.84830645371615 cm | Severity=75 | SourceName=Sensor2 | EventType=application
[2026-08-15 15:44:04.319 (UTC)] info/application	[Sensor] Updated distance: 44.78954197223742 cm | Severity=75 | SourceName=Sensor2 | EventType=application
[2026-08-15 15:44:05.321 (UTC)] info/application	[Sensor] Updated distance: 3.661903054295994 cm | Severity=75 | SourceName=Sensor2 | EventType=application
[2026-08-15 15:44:06.324 (UTC)] info/application	[Sensor] Updated distance: 16.024263619456562 cm | Severity=75 | SourceName=Sensor2 | EventType=application
[2026-08-15 15:44:07.326 (UTC)] info/application	[Sensor] Updated distance: 12.051611189754498 cm | Severity=75 | SourceName=Sensor2 | EventType=application
[2026-08-15 15:44:08.328 (UTC)] info/application	[Sensor] Updated distance: 19.500160277588368 cm | Severity=75 | SourceName=Sensor2 | EventType=application
[2026-08-15 15:44:09.321 (UTC)] info/application	[Sensor] Updated distance: 25.773676868422736 cm | Severity=75 | SourceName=Sensor2 | EventType=application
[2026-08-15 15:44:10.323 (UTC)] info/application	[Sensor] Updated distance: 49.63283665461132 cm | Severity=75 | SourceName=Sensor2 | EventType=application
[2026-08-15 15:44:11.326 (UTC)] info/application	[Sensor] Updated distance: 21.691789688398963 cm | Severity=75 | SourceName=Sensor2 | EventType=application
[2026-08-15 15:44:12.328 (UTC)] info/application	[Sensor] Updated distance: 28.158120495340842 cm | Severity=75 | SourceName=Sensor2 | EventType=application
[2026-08-15 15:44:13.320 (UTC)] info/application	[Sensor] Updated distance: 48.42333432958616 cm | Severity=75 | SourceName=Sensor2 | EventType=application
[2026-08-15 15:44:14.322 (UTC)] info/application	[Sensor] Updated distance: 39.698388735623276 cm | Severity=75 | SourceName=Sensor2 | EventType=application
[2026-08-15 15:44:15.325 (UTC)] info/application	[Sensor] Updated distance: 44.220774655333145 cm | Severity=75 | SourceName=Sensor2 | EventType=application
[2026-08-15 15:44:16.327 (UTC)] info/application	[Sensor] Updated distance: 18.407994695197786 cm | Severity=75 | SourceName=Sensor2 | EventType=application
[2026-08-15 15:44:17.329 (UTC)] info/application	[Sensor] Updated distance: 30.893227791829606 cm | Severity=75 | SourceName=Sensor2 | EventType=application
[2026-08-15 15:44:18.321 (UTC)] info/application	[Sensor] Updated distance: 6.860459344862242 cm | Severity=75 | SourceName=Sensor2 | EventType=application
[2026-08-15 15:44:19.323 (UTC)] info/application	[Sensor] Updated distance: 39.305976348605924 cm | Severity=75 | SourceName=Sensor2 | EventType=application
[2026-08-15 15:44:20.325 (UTC)] info/application	[Sensor] Updated distance: 24.937403726828006 cm | Severity=75 | SourceName=Sensor2 | EventType=application
[2026-08-15 15:44:21.327 (UTC)] info/application	[Sensor] Updated distance: 4.280600072015356 cm | Severity=75 | SourceName=Sensor2 | EventType=application
[2026-08-15 15:44:22.319 (UTC)] info/application	[Sensor] Updated distance: 26.51426980295883 cm | Severity=75 | SourceName=Sensor2 | EventType=application
[2026-08-15 15:44:23.321 (UTC)] info/application	[Sensor] Updated distance: 22.213778587157734 cm | Severity=75 | SourceName=Sensor2 | EventType=application
[2026-08-15 15:44:24.323 (UTC)] info/application	[Sensor] Updated distance: 21.672481940906717 cm | Severity=75 | SourceName=Sensor2 | EventType=application
[2026-08-15 15:44:25.326 (UTC)] info/application	[Sensor] Updated distance: 33.771895296765436 cm | Severity=75 | SourceName=Sensor2 | EventType=application
[2026-08-15 15:44:26.328 (UTC)] info/application	[Sensor] Updated distance: 16.600600264314842 cm | Severity=75 | SourceName=Sensor2 | EventType=application
[2026-08-15 15:44:27.320 (UTC)] info/application	[Sensor] Updated distance: 32.64633337345269 cm | Severity=75 | SourceName=Sensor2 | EventType=application
[2026-08-15 15:44:28.322 (UTC)] info/application	[Sensor] Updated distance: 16.832891076259727 cm | Severity=75 | SourceName=Sensor2 | EventType=application
[2026-08-15 15:44:29.325 (UTC)] info/application	[Sensor] Updated distance: 3.3324530428892247 cm | Severity=75 | SourceName=Sensor2 | EventType=application
[2026-08-15 15:44:30.327 (UTC)] info/application	[Sensor] Updated distance: 9.372316371357215 cm | Severity=75 | SourceName=Sensor2 | EventType=application
[2026-08-15 15:44:31.329 (UTC)] info/application	[Sensor] Updated distance: 19.071649402879014 cm | Severity=75 | SourceName=Sensor2 | EventType=application
[2026-08-15 15:44:32.321 (UTC)] info/application	[Sensor] Updated distance: 17.169712446243366 cm | Severity=75 | SourceName=Sensor2 | EventType=application
[2026-08-15 15:44:33.323 (UTC)] info/application	[Sensor] Updated distance: 49.42117840024697 cm | Severity=75 | SourceName=Sensor2 | EventType=application
[2026-08-15 15:44:34.324 (UTC)] info/application	[Sensor] Updated distance: 48.919955856595166 cm | Severity=75 | SourceName=Sensor2 | EventType=application
[2026-08-15 15:44:35.326 (UTC)] info/application	[Sensor] Updated distance: 11.959254396129051 cm | Severity=75 | SourceName=Sensor2 | EventType=application
[2026-08-15 15:44:36.328 (UTC)] info/application	[Sensor] Updated distance: 3.083081432191227 cm | Severity=75 | SourceName=Sensor2 | EventType=application
[2026-08-15 15:44:37.320 (UTC)] info/application	[Sensor] Updated distance: 14.944219453699988 cm | Severity=75 | SourceName=Sensor2 | EventType=application
[2026-08-15 15:44:38.322 (UTC)] info/application	[Sensor] Updated distance: 22.01086558588355 cm | Severity=75 | SourceName=Sensor2 | EventType=application
[2026-08-15 15:44:39.323 (UTC)] info/application	[Sensor] Updated distance: 20.583241732131334 cm | Severity=75 | SourceName=Sensor2 | EventType=application
[2026-08-15 15:44:40.325 (UTC)] info/application	[Sensor] Updated distance: 38.71789634447447 cm | Severity=75 | SourceName=Sensor2 | EventType=application
[2026-08-15 15:44:41.327 (UTC)] info/application	[Sensor] Updated distance: 21.64370224049487 cm | Severity=75 | SourceName=Sensor2 | EventType=application
[2026-08-15 15:44:42.319 (UTC)] info/application	[Sensor] Updated distance: 40.2750314205303 cm | Severity=75 | SourceName=Sensor2 | EventType=application
[2026-08-15 15:44:43.321 (UTC)] info/application	[Sensor] Updated distance: 16.87601681746357 cm | Severity=75 | SourceName=Sensor2 | EventType=application
[2026-08-15 15:44:44.323 (UTC)] info/application	[Sensor] Updated distance: 20.067036547729295 cm | Severity=75 | SourceName=Sensor2 | EventType=application
[2026-08-15 15:44:45.325 (UTC)] info/application	[Sensor] Updated distance: 29.973420133801838 cm | Severity=75 | SourceName=Sensor2 | EventType=application
[2026-08-15 15:44:46.327 (UTC)] info/application	[Sensor] Updated distance: 11.096791450444977 cm | Severity=75 | SourceName=Sensor2 | EventType=application
[2026-08-15 15:44:47.329 (UTC)] info/application	[Sensor] Updated distance: 36.47503126527882 cm | Severity=75 | SourceName=Sensor2 | EventType=application
[2026-08-15 15:44:48.321 (UTC)] info/application	[Sensor] Updated distance: 10.866647903279702 cm | Severity=75 | SourceName=Sensor2 | EventType=application
[2026-08-15 15:44:49.323 (UTC)] info/application	[Sensor] Updated distance: 15.95725079530722 cm | Severity=75 | SourceName=Sensor2 | EventType=application
[2026-08-15 15:44:50.325 (UTC)] info/application	[Sensor] Updated distance: 25.78100759153301 cm | Severity=75 | SourceName=Sensor2 | EventType=application
[2026-08-15 15:44:51.327 (UTC)] info/application	[Sensor] Updated distance: 33.80405163010771 cm | Severity=75 | SourceName=Sensor2 | EventType=application
[2026-08-15 15:44:52.319 (UTC)] info/application	[Sensor] Updated distance: 18.237850867322575 cm | Severity=75 | SourceName=Sensor2 | EventType=application
[2026-08-15 15:44:53.321 (UTC)] info/application	[Sensor] Updated distance: 2.295277372140101 cm | Severity=75 | SourceName=Sensor2 | EventType=application
[2026-08-15 15:44:54.323 (UTC)] info/application	[Sensor] Updated distance: 6.017830217265445 cm | Severity=75 | SourceName=Sensor2 | EventType=application
[2026-08-15 15:44:55.324 (UTC)] info/application	[Sensor] Updated distance: 37.91033280822929 cm | Severity=75 | SourceName=Sensor2 | EventType=application
[2026-08-15 15:44:56.326 (UTC)] info/application	[Sensor] Updated distance: 34.067172691257284 cm | Severity=75 | SourceName=Sensor2 | EventType=application
[2026-08-15 15:44:57.328 (UTC)] info/application	[Sensor] Updated distance: 20.618430481580287 cm | Severity=75 | SourceName=Sensor2 | EventType=application
[2026-08-15 15:44:58.320 (UTC)] info/application	[Sensor] Updated distance: 20.556666181681987 cm | Severity=75 | SourceName=Sensor2 | EventType=application
[2026-08-15 15:44:59.322 (UTC)] info/application	[Sensor] Updated distance: 48.90006376751701 cm | Severity=75 | SourceName=Sensor2 | EventType=application
[2026-08-15 15:45:00.324 (UTC)] info/application	[Sensor] Updated distance: 21.95088352446951 cm | Severity=75 | SourceName=Sensor2 | EventType=application
[2026-08-15 15:45:01.134 (UTC)] info/session	[System] TCP 17	| SC 2	| Session "ns=1;g=c073c7d1-3dcc-9165-c2fc-cf8c25629659"	| WriteRequest returned status code BadUserAccessDenied | Severity=75 | SourceName=System | EventType=session
[2026-08-15 15:45:01.326 (UTC)] info/application	[Sensor] Updated distance: 27.9289825530392 cm | Severity=75 | SourceName=Sensor2 | EventType=application
[2026-08-15 15:45:02.328 (UTC)] info/application	[Sensor] Updated distance: 17.971713148044287 cm | Severity=75 | SourceName=Sensor2 | EventType=application
[2026-08-15 15:45:03.320 (UTC)] info/application	[Sensor] Updated distance: 37.12059597071288 cm | Severity=75 | SourceName=Sensor2 | EventType=application
[2026-08-15 15:45:04.322 (UTC)] info/application	[Sensor] Updated distance: 27.350160953286178 cm | Severity=75 | SourceName=Sensor2 | EventType=application
[2026-08-15 15:45:05.323 (UTC)] info/application	[Sensor] Updated distance: 16.89166898228771 cm | Severity=75 | SourceName=Sensor2 | EventType=application
[2026-08-15 15:45:06.326 (UTC)] info/application	[Sensor] Updated distance: 47.07985036684193 cm | Severity=75 | SourceName=Sensor2 | EventType=application
[2026-08-15 15:45:07.327 (UTC)] info/application	[Sensor] Updated distance: 28.433242385477406 cm | Severity=75 | SourceName=Sensor2 | EventType=application
[2026-08-15 15:45:08.319 (UTC)] info/application	[Sensor] Updated distance: 29.8358884359877 cm | Severity=75 | SourceName=Sensor2 | EventType=application
[2026-08-15 15:45:09.321 (UTC)] info/application	[Sensor] Updated distance: 19.090715952725482 cm | Severity=75 | SourceName=Sensor2 | EventType=application
[2026-08-15 15:45:10.323 (UTC)] info/application	[Sensor] Updated distance: 47.01648411760874 cm | Severity=75 | SourceName=Sensor2 | EventType=application
[2026-08-15 15:45:11.325 (UTC)] info/application	[Sensor] Updated distance: 18.553784758110428 cm | Severity=75 | SourceName=Sensor2 | EventType=application
[2026-08-15 15:45:12.326 (UTC)] info/application	[Sensor] Updated distance: 38.73441819322036 cm | Severity=75 | SourceName=Sensor2 | EventType=application
[2026-08-15 15:45:13.328 (UTC)] info/application	[Sensor] Updated distance: 37.291515515787296 cm | Severity=75 | SourceName=Sensor2 | EventType=application
[2026-08-15 15:45:14.320 (UTC)] info/application	[Sensor] Updated distance: 33.429801575574 cm | Severity=75 | SourceName=Sensor2 | EventType=application
[2026-08-15 15:45:15.322 (UTC)] info/application	[Sensor] Updated distance: 8.80145471859791 cm | Severity=75 | SourceName=Sensor2 | EventType=application
[2026-08-15 15:45:16.324 (UTC)] info/application	[Sensor] Updated distance: 17.2649356272374 cm | Severity=75 | SourceName=Sensor2 | EventType=application
[2026-08-15 15:45:17.327 (UTC)] info/application	[Sensor] Updated distance: 42.52659302601897 cm | Severity=75 | SourceName=Sensor2 | EventType=application
[2026-08-15 15:45:18.328 (UTC)] info/application	[Sensor] Updated distance: 43.27648598387673 cm | Severity=75 | SourceName=Sensor2 | EventType=application
[2026-08-15 15:45:19.320 (UTC)] info/application	[Sensor] Updated distance: 26.131583552868843 cm | Severity=75 | SourceName=Sensor2 | EventType=application
[2026-08-15 15:45:20.322 (UTC)] info/application	[Sensor] Updated distance: 8.483843798974455 cm | Severity=75 | SourceName=Sensor2 | EventType=application
[2026-08-15 15:45:21.325 (UTC)] info/application	[Sensor] Updated distance: 19.05749357540975 cm | Severity=75 | SourceName=Sensor2 | EventType=application
[2026-08-15 15:45:22.327 (UTC)] info/application	[Sensor] Updated distance: 9.93563516062481 cm | Severity=75 | SourceName=Sensor2 | EventType=application
[2026-08-15 15:45:23.320 (UTC)] info/application	[Sensor] Updated distance: 24.721694666297033 cm | Severity=75 | SourceName=Sensor2 | EventType=application
[2026-08-15 15:45:24.322 (UTC)] info/application	[Sensor] Updated distance: 19.35277094754985 cm | Severity=75 | SourceName=Sensor2 | EventType=application
[2026-08-15 15:45:25.324 (UTC)] info/application	[Sensor] Updated distance: 13.953465377890256 cm | Severity=75 | SourceName=Sensor2 | EventType=application
[2026-08-15 15:45:26.325 (UTC)] info/application	[Sensor] Updated distance: 12.632027474526328 cm | Severity=75 | SourceName=Sensor2 | EventType=application
[2026-08-15 15:45:27.327 (UTC)] info/application	[Sensor] Updated distance: 3.4199436164553942 cm | Severity=75 | SourceName=Sensor2 | EventType=application
[2026-08-15 15:45:28.319 (UTC)] info/application	[Sensor] Updated distance: 32.571895859470544 cm | Severity=75 | SourceName=Sensor2 | EventType=application
[2026-08-15 15:45:29.321 (UTC)] info/application	[Sensor] Updated distance: 31.188693656208315 cm | Severity=75 | SourceName=Sensor2 | EventType=application
[2026-08-15 15:45:30.322 (UTC)] info/application	[Sensor] Updated distance: 2.320007361620668 cm | Severity=75 | SourceName=Sensor2 | EventType=application
[2026-08-15 15:45:31.324 (UTC)] info/application	[Sensor] Updated distance: 4.522779361588312 cm | Severity=75 | SourceName=Sensor2 | EventType=application
[2026-08-15 15:45:32.327 (UTC)] info/application	[Sensor] Updated distance: 9.117676186895778 cm | Severity=75 | SourceName=Sensor2 | EventType=application
[2026-08-15 15:45:33.329 (UTC)] info/application	[Sensor] Updated distance: 18.291720509664955 cm | Severity=75 | SourceName=Sensor2 | EventType=application
[2026-08-15 15:45:34.321 (UTC)] info/application	[Sensor] Updated distance: 39.64337533230119 cm | Severity=75 | SourceName=Sensor2 | EventType=application
[2026-08-15 15:45:35.323 (UTC)] info/application	[Sensor] Updated distance: 34.467837140181956 cm | Severity=75 | SourceName=Sensor2 | EventType=application
[2026-08-15 15:45:36.325 (UTC)] info/application	[Sensor] Updated distance: 33.18338949195267 cm | Severity=75 | SourceName=Sensor2 | EventType=application
[2026-08-15 15:45:37.326 (UTC)] info/application	[Sensor] Updated distance: 36.72322569914312 cm | Severity=75 | SourceName=Sensor2 | EventType=application
[2026-08-15 15:45:38.329 (UTC)] info/application	[Sensor] Updated distance: 12.901079525659362 cm | Severity=75 | SourceName=Sensor2 | EventType=application
[2026-08-15 15:45:39.321 (UTC)] info/application	[Sensor] Updated distance: 13.019277927940374 cm | Severity=75 | SourceName=Sensor2 | EventType=application
[2026-08-15 15:45:40.323 (UTC)] info/application	[Sensor] Updated distance: 5.813941629516865 cm | Severity=75 | SourceName=Sensor2 | EventType=application
[2026-08-15 15:45:41.325 (UTC)] info/application	[Sensor] Updated distance: 9.917563620916365 cm | Severity=75 | SourceName=Sensor2 | EventType=application
[2026-08-15 15:45:42.327 (UTC)] info/application	[Sensor] Updated distance: 29.573062686050804 cm | Severity=75 | SourceName=Sensor2 | EventType=application
[2026-08-15 15:45:43.329 (UTC)] info/application	[Sensor] Updated distance: 42.54835982273722 cm | Severity=75 | SourceName=Sensor2 | EventType=application
[2026-08-15 15:45:44.320 (UTC)] info/application	[Sensor] Updated distance: 45.209079159055406 cm | Severity=75 | SourceName=Sensor2 | EventType=application
[2026-08-15 15:45:45.323 (UTC)] info/application	[Sensor] Updated distance: 13.002864261624806 cm | Severity=75 | SourceName=Sensor2 | EventType=application
[2026-08-15 15:45:46.324 (UTC)] info/application	[Sensor] Updated distance: 49.34981454133513 cm | Severity=75 | SourceName=Sensor2 | EventType=application
[2026-08-15 15:45:47.326 (UTC)] info/application	[Sensor] Updated distance: 12.474014763941064 cm | Severity=75 | SourceName=Sensor2 | EventType=application
[2026-08-15 15:45:48.328 (UTC)] info/application	[Sensor] Updated distance: 5.5294572652920415 cm | Severity=75 | SourceName=Sensor2 | EventType=application
[2026-08-15 15:45:49.321 (UTC)] info/application	[Sensor] Updated distance: 42.62630052521187 cm | Severity=75 | SourceName=Sensor2 | EventType=application
[2026-08-15 15:45:50.323 (UTC)] info/application	[Sensor] Updated distance: 36.6055983168099 cm | Severity=75 | SourceName=Sensor2 | EventType=application
[2026-08-15 15:45:51.325 (UTC)] info/application	[Sensor] Updated distance: 12.013301086618238 cm | Severity=75 | SourceName=Sensor2 | EventType=application
[2026-08-15 15:45:52.327 (UTC)] info/application	[Sensor] Updated distance: 11.683794078269877 cm | Severity=75 | SourceName=Sensor2 | EventType=application
[2026-08-15 15:45:53.319 (UTC)] info/application	[Sensor] Updated distance: 44.54123349978646 cm | Severity=75 | SourceName=Sensor2 | EventType=application
[2026-08-15 15:45:54.321 (UTC)] info/application	[Sensor] Updated distance: 34.73499575291527 cm | Severity=75 | SourceName=Sensor2 | EventType=application
[2026-08-15 15:45:55.323 (UTC)] info/application	[Sensor] Updated distance: 29.036565025819726 cm | Severity=75 | SourceName=Sensor2 | EventType=application
[2026-08-15 15:45:56.325 (UTC)] info/application	[Sensor] Updated distance: 8.494698855324973 cm | Severity=75 | SourceName=Sensor2 | EventType=application
[2026-08-15 15:45:57.327 (UTC)] info/application	[Sensor] Updated distance: 45.3670232274416 cm | Severity=75 | SourceName=Sensor2 | EventType=application
[2026-08-15 15:45:58.319 (UTC)] info/application	[Sensor] Updated distance: 30.456508664626863 cm | Severity=75 | SourceName=Sensor2 | EventType=application
[2026-08-15 15:45:59.321 (UTC)] info/application	[Sensor] Updated distance: 39.066594737147256 cm | Severity=75 | SourceName=Sensor2 | EventType=application
[2026-08-15 15:46:00.323 (UTC)] info/application	[Sensor] Updated distance: 26.555716861298176 cm | Severity=75 | SourceName=Sensor2 | EventType=application
[2026-08-15 15:46:01.325 (UTC)] info/application	[Sensor] Updated distance: 30.77651602624753 cm | Severity=75 | SourceName=Sensor2 | EventType=application
[2026-08-15 15:46:02.328 (UTC)] info/application	[Sensor] Updated distance: 41.58937409873557 cm | Severity=75 | SourceName=Sensor2 | EventType=application
[2026-08-15 15:46:03.320 (UTC)] info/application	[Sensor] Updated distance: 33.67339307054569 cm | Severity=75 | SourceName=Sensor2 | EventType=application
[2026-08-15 15:46:04.322 (UTC)] info/application	[Sensor] Updated distance: 47.06823655826423 cm | Severity=75 | SourceName=Sensor2 | EventType=application
[2026-08-15 15:46:05.324 (UTC)] info/application	[Sensor] Updated distance: 31.23274943103676 cm | Severity=75 | SourceName=Sensor2 | EventType=application
[2026-08-15 15:46:06.326 (UTC)] info/application	[Sensor] Updated distance: 18.14123018837591 cm | Severity=75 | SourceName=Sensor2 | EventType=application
[2026-08-15 15:46:07.328 (UTC)] info/application	[Sensor] Updated distance: 30.25162602786516 cm | Severity=75 | SourceName=Sensor2 | EventType=application
[2026-08-15 15:46:08.320 (UTC)] info/application	[Sensor] Updated distance: 17.955975107828145 cm | Severity=75 | SourceName=Sensor2 | EventType=application
[2026-08-15 15:46:09.322 (UTC)] info/application	[Sensor] Updated distance: 29.042309714035273 cm | Severity=75 | SourceName=Sensor2 | EventType=application
[2026-08-15 15:46:10.324 (UTC)] info/application	[Sensor] Updated distance: 41.27090395580554 cm | Severity=75 | SourceName=Sensor2 | EventType=application
[2026-08-15 15:46:11.326 (UTC)] info/application	[Sensor] Updated distance: 21.769916737345007 cm | Severity=75 | SourceName=Sensor2 | EventType=application
[2026-08-15 15:46:12.329 (UTC)] info/application	[Sensor] Updated distance: 36.95987335730338 cm | Severity=75 | SourceName=Sensor2 | EventType=application
[2026-08-15 15:46:13.321 (UTC)] info/application	[Sensor] Updated distance: 20.84396664185634 cm | Severity=75 | SourceName=Sensor2 | EventType=application
[2026-08-15 15:46:14.323 (UTC)] info/application	[Sensor] Updated distance: 14.318276537730487 cm | Severity=75 | SourceName=Sensor2 | EventType=application
[2026-08-15 15:46:15.326 (UTC)] info/application	[Sensor] Updated distance: 32.168952494007044 cm | Severity=75 | SourceName=Sensor2 | EventType=application
[2026-08-15 15:46:16.327 (UTC)] info/application	[Sensor] Updated distance: 31.846830903481145 cm | Severity=75 | SourceName=Sensor2 | EventType=application
[2026-08-15 15:46:17.319 (UTC)] info/application	[Sensor] Updated distance: 13.668091056713877 cm | Severity=75 | SourceName=Sensor2 | EventType=application
[2026-08-15 15:46:18.322 (UTC)] info/application	[Sensor] Updated distance: 42.64296725794811 cm | Severity=75 | SourceName=Sensor2 | EventType=application
[2026-08-15 15:46:19.324 (UTC)] info/application	[Sensor] Updated distance: 35.376288168773186 cm | Severity=75 | SourceName=Sensor2 | EventType=application
[2026-08-15 15:46:20.326 (UTC)] info/application	[Sensor] Updated distance: 6.294391559574004 cm | Severity=75 | SourceName=Sensor2 | EventType=application
[2026-08-15 15:46:21.328 (UTC)] info/application	[Sensor] Updated distance: 29.248565574758018 cm | Severity=75 | SourceName=Sensor2 | EventType=application
[2026-08-15 15:46:22.320 (UTC)] info/application	[Sensor] Updated distance: 45.38958925539143 cm | Severity=75 | SourceName=Sensor2 | EventType=application
[2026-08-15 15:46:23.322 (UTC)] info/application	[Sensor] Updated distance: 15.97818563784388 cm | Severity=75 | SourceName=Sensor2 | EventType=application
[2026-08-15 15:46:24.324 (UTC)] info/application	[Sensor] Updated distance: 23.789799052192734 cm | Severity=75 | SourceName=Sensor2 | EventType=application
[2026-08-15 15:46:25.326 (UTC)] info/application	[Sensor] Updated distance: 30.1245850083067 cm | Severity=75 | SourceName=Sensor2 | EventType=application
[2026-08-15 15:46:26.328 (UTC)] info/application	[Sensor] Updated distance: 43.01475068601535 cm | Severity=75 | SourceName=Sensor2 | EventType=application
[2026-08-15 15:46:27.320 (UTC)] info/application	[Sensor] Updated distance: 30.284497907517707 cm | Severity=75 | SourceName=Sensor2 | EventType=application
[2026-08-15 15:46:28.322 (UTC)] info/application	[Sensor] Updated distance: 25.49160821339656 cm | Severity=75 | SourceName=Sensor2 | EventType=application
[2026-08-15 15:46:29.324 (UTC)] info/application	[Sensor] Updated distance: 23.471259328290476 cm | Severity=75 | SourceName=Sensor2 | EventType=application
[2026-08-15 15:46:30.327 (UTC)] info/application	[Sensor] Updated distance: 19.351092622313224 cm | Severity=75 | SourceName=Sensor2 | EventType=application
[2026-08-15 15:46:31.328 (UTC)] info/application	[Sensor] Updated distance: 2.0473250746947365 cm | Severity=75 | SourceName=Sensor2 | EventType=application
[2026-08-15 15:46:32.320 (UTC)] info/application	[Sensor] Updated distance: 4.247775332186267 cm | Severity=75 | SourceName=Sensor2 | EventType=application
[2026-08-15 15:46:33.322 (UTC)] info/application	[Sensor] Updated distance: 10.940466721048795 cm | Severity=75 | SourceName=Sensor2 | EventType=application
[2026-08-15 15:46:34.323 (UTC)] info/application	[Sensor] Updated distance: 33.720718145240426 cm | Severity=75 | SourceName=Sensor2 | EventType=application
[2026-08-15 15:46:35.326 (UTC)] info/application	[Sensor] Updated distance: 49.3160118904505 cm | Severity=75 | SourceName=Sensor2 | EventType=application
[2026-08-15 15:46:36.327 (UTC)] info/application	[Sensor] Updated distance: 40.17321615208556 cm | Severity=75 | SourceName=Sensor2 | EventType=application
[2026-08-15 15:46:37.329 (UTC)] info/application	[Sensor] Updated distance: 49.86194833361634 cm | Severity=75 | SourceName=Sensor2 | EventType=application
[2026-08-15 15:46:38.321 (UTC)] info/application	[Sensor] Updated distance: 29.567637918315658 cm | Severity=75 | SourceName=Sensor2 | EventType=application
[2026-08-15 15:46:39.323 (UTC)] info/application	[Sensor] Updated distance: 8.129191237561958 cm | Severity=75 | SourceName=Sensor2 | EventType=application
[2026-08-15 15:46:40.325 (UTC)] info/application	[Sensor] Updated distance: 28.904258047651616 cm | Severity=75 | SourceName=Sensor2 | EventType=application
[2026-08-15 15:46:41.326 (UTC)] info/application	[Sensor] Updated distance: 20.838541851769453 cm | Severity=75 | SourceName=Sensor2 | EventType=application
[2026-08-15 15:46:42.327 (UTC)] info/application	[Sensor] Updated distance: 27.899107974906965 cm | Severity=75 | SourceName=Sensor2 | EventType=application
[2026-08-15 15:46:43.319 (UTC)] info/application	[Sensor] Updated distance: 15.864131382603258 cm | Severity=75 | SourceName=Sensor2 | EventType=application
[2026-08-15 15:46:44.321 (UTC)] info/application	[Sensor] Updated distance: 39.6825084936258 cm | Severity=75 | SourceName=Sensor2 | EventType=application
[2026-08-15 15:46:45.322 (UTC)] info/application	[Sensor] Updated distance: 40.21738451263745 cm | Severity=75 | SourceName=Sensor2 | EventType=application
[2026-08-15 15:46:46.324 (UTC)] info/application	[Sensor] Updated distance: 46.033083876610306 cm | Severity=75 | SourceName=Sensor2 | EventType=application
[2026-08-15 15:46:47.326 (UTC)] info/application	[Sensor] Updated distance: 21.5293393747552 cm | Severity=75 | SourceName=Sensor2 | EventType=application
[2026-08-15 15:46:48.328 (UTC)] info/application	[Sensor] Updated distance: 3.88547554699959 cm | Severity=75 | SourceName=Sensor2 | EventType=application
[2026-08-15 15:46:49.320 (UTC)] info/application	[Sensor] Updated distance: 38.67605111220667 cm | Severity=75 | SourceName=Sensor2 | EventType=application
[2026-08-15 15:46:50.322 (UTC)] info/application	[Sensor] Updated distance: 6.90562754352839 cm | Severity=75 | SourceName=Sensor2 | EventType=application
[2026-08-15 15:46:51.325 (UTC)] info/application	[Sensor] Updated distance: 8.179867128925336 cm | Severity=75 | SourceName=Sensor2 | EventType=application
[2026-08-15 15:46:52.326 (UTC)] info/application	[Sensor] Updated distance: 17.92461666461295 cm | Severity=75 | SourceName=Sensor2 | EventType=application
[2026-08-15 15:46:53.329 (UTC)] info/application	[Sensor] Updated distance: 2.2952167765680778 cm | Severity=75 | SourceName=Sensor2 | EventType=application
[2026-08-15 15:46:54.321 (UTC)] info/application	[Sensor] Updated distance: 22.158052766769217 cm | Severity=75 | SourceName=Sensor2 | EventType=application
[2026-08-15 15:46:55.323 (UTC)] info/application	[Sensor] Updated distance: 39.71441571680569 cm | Severity=75 | SourceName=Sensor2 | EventType=application
[2026-08-15 15:46:56.324 (UTC)] info/application	[Sensor] Updated distance: 30.419801784874778 cm | Severity=75 | SourceName=Sensor2 | EventType=application
[2026-08-15 15:46:57.327 (UTC)] info/application	[Sensor] Updated distance: 15.172803430432827 cm | Severity=75 | SourceName=Sensor2 | EventType=application
[2026-08-15 15:46:58.319 (UTC)] info/application	[Sensor] Updated distance: 19.998913624323396 cm | Severity=75 | SourceName=Sensor2 | EventType=application
[2026-08-15 15:46:59.321 (UTC)] info/application	[Sensor] Updated distance: 5.911409998271339 cm | Severity=75 | SourceName=Sensor2 | EventType=application
[2026-08-15 15:47:00.323 (UTC)] info/application	[Sensor] Updated distance: 36.6440627587233 cm | Severity=75 | SourceName=Sensor2 | EventType=application
[2026-08-15 15:47:01.325 (UTC)] info/application	[Sensor] Updated distance: 37.350006246636624 cm | Severity=75 | SourceName=Sensor2 | EventType=application
[2026-08-15 15:47:02.327 (UTC)] info/application	[Sensor] Updated distance: 5.958735072966076 cm | Severity=75 | SourceName=Sensor2 | EventType=application
[2026-08-15 15:47:03.320 (UTC)] info/application	[Sensor] Updated distance: 38.89183811326131 cm | Severity=75 | SourceName=Sensor2 | EventType=application
[2026-08-15 15:47:04.322 (UTC)] info/application	[Sensor] Updated distance: 46.29047296768542 cm | Severity=75 | SourceName=Sensor2 | EventType=application
[2026-08-15 15:47:05.324 (UTC)] info/application	[Sensor] Updated distance: 37.679453218206504 cm | Severity=75 | SourceName=Sensor2 | EventType=application
[2026-08-15 15:47:06.326 (UTC)] info/application	[Sensor] Updated distance: 38.20784998136006 cm | Severity=75 | SourceName=Sensor2 | EventType=application
[2026-08-15 15:47:07.328 (UTC)] info/application	[Sensor] Updated distance: 36.463689097419234 cm | Severity=75 | SourceName=Sensor2 | EventType=application
[2026-08-15 15:47:08.320 (UTC)] info/application	[Sensor] Updated distance: 37.54140152947111 cm | Severity=75 | SourceName=Sensor2 | EventType=application
[2026-08-15 15:47:09.323 (UTC)] info/application	[Sensor] Updated distance: 17.775487877323982 cm | Severity=75 | SourceName=Sensor2 | EventType=application
[2026-08-15 15:47:10.325 (UTC)] info/application	[Sensor] Updated distance: 42.592880334981196 cm | Severity=75 | SourceName=Sensor2 | EventType=application
[2026-08-15 15:47:11.327 (UTC)] info/application	[Sensor] Updated distance: 16.44565955477099 cm | Severity=75 | SourceName=Sensor2 | EventType=application
[2026-08-15 15:47:12.328 (UTC)] info/application	[Sensor] Updated distance: 36.61402975144518 cm | Severity=75 | SourceName=Sensor2 | EventType=application
[2026-08-15 15:47:13.320 (UTC)] info/application	[Sensor] Updated distance: 20.491988287536422 cm | Severity=75 | SourceName=Sensor2 | EventType=application
[2026-08-15 15:47:14.321 (UTC)] info/application	[Sensor] Updated distance: 30.309790937374245 cm | Severity=75 | SourceName=Sensor2 | EventType=application
[2026-08-15 15:47:15.323 (UTC)] info/application	[Sensor] Updated distance: 26.29653822271923 cm | Severity=75 | SourceName=Sensor2 | EventType=application
[2026-08-15 15:47:16.022 (UTC)] info/session	[System] TCP 17	| SC 2	| Session "ns=1;g=c073c7d1-3dcc-9165-c2fc-cf8c25629659"	| WriteRequest returned status code BadUserAccessDenied | Severity=75 | SourceName=System | EventType=session
[2026-08-15 15:47:16.325 (UTC)] info/application	[Sensor] Updated distance: 10.709372777822136 cm | Severity=75 | SourceName=Sensor2 | EventType=application
[2026-08-15 15:47:17.327 (UTC)] info/application	[Sensor] Updated distance: 26.342874791632813 cm | Severity=75 | SourceName=Sensor2 | EventType=application
[2026-08-15 15:47:18.328 (UTC)] info/application	[Sensor] Updated distance: 45.82587761982617 cm | Severity=75 | SourceName=Sensor2 | EventType=application
[2026-08-15 15:47:19.319 (UTC)] info/application	[Sensor] Updated distance: 12.594848347173468 cm | Severity=75 | SourceName=Sensor2 | EventType=application
[2026-08-15 15:47:20.322 (UTC)] info/application	[Sensor] Updated distance: 15.01892590383949 cm | Severity=75 | SourceName=Sensor2 | EventType=application
[2026-08-15 15:47:21.324 (UTC)] info/application	[Sensor] Updated distance: 2.731505141002827 cm | Severity=75 | SourceName=Sensor2 | EventType=application
[2026-08-15 15:47:22.032 (UTC)] info/session	[System] TCP 17	| SC 2	| Session "ns=1;g=c073c7d1-3dcc-9165-c2fc-cf8c25629659"	| WriteRequest returned status code BadUserAccessDenied | Severity=75 | SourceName=System | EventType=session
[2026-08-15 15:47:22.326 (UTC)] info/application	[Sensor] Updated distance: 18.7747154760988 cm | Severity=75 | SourceName=Sensor2 | EventType=application
[2026-08-15 15:47:23.328 (UTC)] info/application	[Sensor] Updated distance: 30.943542568452443 cm | Severity=75 | SourceName=Sensor2 | EventType=application
[2026-08-15 15:47:24.319 (UTC)] info/application	[Sensor] Updated distance: 3.026721917570905 cm | Severity=75 | SourceName=Sensor2 | EventType=application
[2026-08-15 15:47:25.321 (UTC)] info/application	[Sensor] Updated distance: 38.93276824286802 cm | Severity=75 | SourceName=Sensor2 | EventType=application
[2026-08-15 15:47:26.323 (UTC)] info/application	[Sensor] Updated distance: 20.657958285258132 cm | Severity=75 | SourceName=Sensor2 | EventType=application
[2026-08-15 15:47:27.325 (UTC)] info/application	[Sensor] Updated distance: 31.446523724797423 cm | Severity=75 | SourceName=Sensor2 | EventType=application
[2026-08-15 15:47:28.326 (UTC)] info/application	[Sensor] Updated distance: 4.105571673300849 cm | Severity=75 | SourceName=Sensor2 | EventType=application
[2026-08-15 15:47:29.328 (UTC)] info/application	[Sensor] Updated distance: 38.656871909581525 cm | Severity=75 | SourceName=Sensor2 | EventType=application
[2026-08-15 15:47:30.320 (UTC)] info/application	[Sensor] Updated distance: 35.35793372306876 cm | Severity=75 | SourceName=Sensor2 | EventType=application
[2026-08-15 15:47:31.321 (UTC)] info/application	[Sensor] Updated distance: 38.74963443202415 cm | Severity=75 | SourceName=Sensor2 | EventType=application
[2026-08-15 15:47:32.323 (UTC)] info/application	[Sensor] Updated distance: 26.00687813386641 cm | Severity=75 | SourceName=Sensor2 | EventType=application
[2026-08-15 15:47:33.324 (UTC)] info/application	[Sensor] Updated distance: 39.31666879603484 cm | Severity=75 | SourceName=Sensor2 | EventType=application
[2026-08-15 15:47:34.326 (UTC)] info/application	[Sensor] Updated distance: 27.64147252293372 cm | Severity=75 | SourceName=Sensor2 | EventType=application
[2026-08-15 15:47:35.328 (UTC)] info/application	[Sensor] Updated distance: 22.297351101551833 cm | Severity=75 | SourceName=Sensor2 | EventType=application
[2026-08-15 15:47:36.320 (UTC)] info/application	[Sensor] Updated distance: 26.996121991889606 cm | Severity=75 | SourceName=Sensor2 | EventType=application
[2026-08-15 15:47:37.321 (UTC)] info/application	[Sensor] Updated distance: 15.849322504293788 cm | Severity=75 | SourceName=Sensor2 | EventType=application
[2026-08-15 15:47:38.323 (UTC)] info/application	[Sensor] Updated distance: 8.761040176619328 cm | Severity=75 | SourceName=Sensor2 | EventType=application
[2026-08-15 15:47:39.326 (UTC)] info/application	[Sensor] Updated distance: 14.537523499008977 cm | Severity=75 | SourceName=Sensor2 | EventType=application
[2026-08-15 15:47:40.328 (UTC)] info/application	[Sensor] Updated distance: 31.624810381617774 cm | Severity=75 | SourceName=Sensor2 | EventType=application
[2026-08-15 15:47:41.321 (UTC)] info/application	[Sensor] Updated distance: 49.35392053395226 cm | Severity=75 | SourceName=Sensor2 | EventType=application
[2026-08-15 15:47:42.323 (UTC)] info/application	[Sensor] Updated distance: 28.983183076131706 cm | Severity=75 | SourceName=Sensor2 | EventType=application
[2026-08-15 15:47:43.325 (UTC)] info/application	[Sensor] Updated distance: 18.238840110711212 cm | Severity=75 | SourceName=Sensor2 | EventType=application
[2026-08-15 15:47:44.327 (UTC)] info/application	[Sensor] Updated distance: 19.845908799136946 cm | Severity=75 | SourceName=Sensor2 | EventType=application
[2026-08-15 15:47:45.319 (UTC)] info/application	[Sensor] Updated distance: 9.292973991154215 cm | Severity=75 | SourceName=Sensor2 | EventType=application
[2026-08-15 15:47:46.322 (UTC)] info/application	[Sensor] Updated distance: 42.535378355782186 cm | Severity=75 | SourceName=Sensor2 | EventType=application
[2026-08-15 15:47:47.323 (UTC)] info/application	[Sensor] Updated distance: 28.55528159931082 cm | Severity=75 | SourceName=Sensor2 | EventType=application
[2026-08-15 15:47:48.325 (UTC)] info/application	[Sensor] Updated distance: 33.635848805138764 cm | Severity=75 | SourceName=Sensor2 | EventType=application
[2026-08-15 15:47:49.326 (UTC)] info/application	[Sensor] Updated distance: 38.361255953256624 cm | Severity=75 | SourceName=Sensor2 | EventType=application
[2026-08-15 15:47:50.328 (UTC)] info/application	[Sensor] Updated distance: 39.15012994648429 cm | Severity=75 | SourceName=Sensor2 | EventType=application
[2026-08-15 15:47:51.320 (UTC)] info/application	[Sensor] Updated distance: 46.65477470897826 cm | Severity=75 | SourceName=Sensor2 | EventType=application
[2026-08-15 15:47:52.322 (UTC)] info/application	[Sensor] Updated distance: 39.09276109425945 cm | Severity=75 | SourceName=Sensor2 | EventType=application
[2026-08-15 15:47:53.324 (UTC)] info/application	[Sensor] Updated distance: 7.924845400231352 cm | Severity=75 | SourceName=Sensor2 | EventType=application
[2026-08-15 15:47:54.326 (UTC)] info/application	[Sensor] Updated distance: 27.59831725507896 cm | Severity=75 | SourceName=Sensor2 | EventType=application
[2026-08-15 15:47:55.328 (UTC)] info/application	[Sensor] Updated distance: 40.119483011830354 cm | Severity=75 | SourceName=Sensor2 | EventType=application
[2026-08-15 15:47:56.321 (UTC)] info/application	[Sensor] Updated distance: 44.85761364309937 cm | Severity=75 | SourceName=Sensor2 | EventType=application
[2026-08-15 15:47:57.323 (UTC)] info/application	[Sensor] Updated distance: 46.25627554033709 cm | Severity=75 | SourceName=Sensor2 | EventType=application
[2026-08-15 15:47:58.326 (UTC)] info/application	[Sensor] Updated distance: 21.56600671427604 cm | Severity=75 | SourceName=Sensor2 | EventType=application
[2026-08-15 15:47:59.328 (UTC)] info/application	[Sensor] Updated distance: 46.96318531640022 cm | Severity=75 | SourceName=Sensor2 | EventType=application
[2026-08-15 15:48:00.320 (UTC)] info/application	[Sensor] Updated distance: 34.913147427566884 cm | Severity=75 | SourceName=Sensor2 | EventType=application
[2026-08-15 15:48:01.323 (UTC)] info/application	[Sensor] Updated distance: 6.923940414993065 cm | Severity=75 | SourceName=Sensor2 | EventType=application
[2026-08-15 15:48:02.325 (UTC)] info/application	[Sensor] Updated distance: 35.71281974842437 cm | Severity=75 | SourceName=Sensor2 | EventType=application
[2026-08-15 15:48:03.327 (UTC)] info/application	[Sensor] Updated distance: 10.920025561433297 cm | Severity=75 | SourceName=Sensor2 | EventType=application
[2026-08-15 15:48:04.329 (UTC)] info/application	[Sensor] Updated distance: 44.2406092110279 cm | Severity=75 | SourceName=Sensor2 | EventType=application
[2026-08-15 15:48:05.321 (UTC)] info/application	[Sensor] Updated distance: 13.354292249006354 cm | Severity=75 | SourceName=Sensor2 | EventType=application
[2026-08-15 15:48:06.323 (UTC)] info/application	[Sensor] Updated distance: 31.21737666298513 cm | Severity=75 | SourceName=Sensor2 | EventType=application
[2026-08-15 15:48:07.325 (UTC)] info/application	[Sensor] Updated distance: 21.236731180565773 cm | Severity=75 | SourceName=Sensor2 | EventType=application
[2026-08-15 15:48:08.063 (UTC)] info