[2026-08-17 04:07:27.063 (UTC+0800)] [33mwarn/server[0m	AccessControl: Unconfigured AccessControl. Users have all permissions.
[2026-08-17 04:07:27.063 (UTC+0800)] [32minfo/server[0m	AccessControl: Anonymous login is enabled
[2026-08-17 04:07:27.063 (UTC+0800)] [33mwarn/server[0m	x509 Certificate Authentication configured, but no encrypting SecurityPolicy. This can leak credentials on the network.
[2026-08-17 04:07:27.096 (UTC+0800)] [33mwarn/application[0m	ServerUrls already set. Overriding.
[2026-08-17 04:07:27.096 (UTC+0800)] [33mwarn/server[0m	AccessControl: Unconfigured AccessControl. Users have all permissions.
[2026-08-17 04:07:27.096 (UTC+0800)] [32minfo/server[0m	AccessControl: Anonymous login is enabled
[2026-08-17 04:07:27.096 (UTC+0800)] [33mwarn/server[0m	x509 Certificate Authentication configured, but no encrypting SecurityPolicy. This can leak credentials on the network.
[2026-08-17 04:07:27.096 (UTC+0800)] [33mwarn/server[0m	x509 Certificate Authentication configured, but no encrypting SecurityPolicy. This can leak credentials on the network.
[2026-08-16 20:07:27.096 (UTC)] info/application	Sensor Server online (Client/Server mode, id=2 port=4843) | Severity=75 | SourceName=Sensor2 | EventType=application
Entering background polling mode: attempting to connect to Aggregation Server...
Connected successfully. Log forwarding started.
[2026-08-16 20:07:28.100 (UTC)] info/application	[Sensor] Updated distance: 27.2996905268168 cm | Severity=75 | SourceName=Sensor2 | EventType=application
[2026-08-16 20:07:29.071 (UTC)] info/network	[System] TCP 16	| Connection opened from "127.0.0.1" via the server socket 8 | Severity=75 | SourceName=System | EventType=network
[2026-08-16 20:07:29.071 (UTC)] info/channel	[System] TCP 16	| SC 1	| SecureChannel created | Severity=75 | SourceName=System | EventType=channel
[2026-08-16 20:07:29.091 (UTC)] info/channel	[System] TCP 16	| SC 1	| OpenSecureChannel: Channel opened with SecurityMode None for SecurityPolicy http://opcfoundation.org/UA/SecurityPolicy#None and a revised lifetime of 600.0s | Severity=75 | SourceName=System | EventType=channel
[2026-08-16 20:07:29.101 (UTC)] info/application	[Sensor] Updated distance: 28.7635185885073 cm | Severity=75 | SourceName=Sensor2 | EventType=application
[2026-08-16 20:07:29.112 (UTC)] warn/client	[System] Removing a UserTokenPolicy that would allow the password to be transmitted without encryption (Can be enabled via config->allowNonePolicyPassword) | Severity=175 | SourceName=System | EventType=client
[2026-08-16 20:07:29.112 (UTC)] warn/client	[System] Removing a UserTokenPolicy that would allow the password to be transmitted without encryption (Can be enabled via config->allowNonePolicyPassword) | Severity=175 | SourceName=System | EventType=client
[2026-08-16 20:07:29.122 (UTC)] warn/client	[System] Removing a UserTokenPolicy that would allow the password to be transmitted without encryption (Can be enabled via config->allowNonePolicyPassword) | Severity=175 | SourceName=System | EventType=client
[2026-08-16 20:07:29.122 (UTC)] warn/client	[System] Removing a UserTokenPolicy that would allow the password to be transmitted without encryption (Can be enabled via config->allowNonePolicyPassword) | Severity=175 | SourceName=System | EventType=client
[2026-08-16 20:07:29.123 (UTC)] info/session	[System] TCP 16	| SC 1	| Session "ns=1;g=e8495c1f-97e1-47f5-5d65-06709d792722"	| Session created | Severity=75 | SourceName=System | EventType=session
[2026-08-16 20:07:29.133 (UTC)] info/session	[System] TCP 16	| SC 1	| Session "ns=1;g=e8495c1f-97e1-47f5-5d65-06709d792722"	| ActivateSession: Session activated with ClientUserId "" | Severity=75 | SourceName=System | EventType=session
[2026-08-16 20:07:29.519 (UTC)] info/session	[System] TCP 16	| SC 1	| Session "ns=1;g=e8495c1f-97e1-47f5-5d65-06709d792722"	| Subscription 1 | Subscription created (Publishing interval 500.0ms, max 1000 notifications per publish) | Severity=75 | SourceName=System | EventType=session
[2026-08-16 20:07:29.540 (UTC)] info/session	[System] TCP 16	| SC 1	| Session "ns=1;g=e8495c1f-97e1-47f5-5d65-06709d792722"	| Subscription 1 | MonitoredItem 1 | Created the MonitoredItem (Sampling Interval: 250.0ms, Queue Size: 1) | Severity=75 | SourceName=System | EventType=session
[2026-08-16 20:07:30.106 (UTC)] info/application	[Sensor] Updated distance: 29.1039260153677 cm | Severity=75 | SourceName=Sensor2 | EventType=application
[2026-08-16 20:07:31.105 (UTC)] info/application	[Sensor] Updated distance: 27.8024069442425 cm | Severity=75 | SourceName=Sensor2 | EventType=application
[2026-08-16 20:07:32.180 (UTC)] info/application	[Sensor] Updated distance: 27.7603897439597 cm | Severity=75 | SourceName=Sensor2 | EventType=application
[2026-08-16 20:07:33.099 (UTC)] info/application	[Sensor] Updated distance: 26.6336021999054 cm | Severity=75 | SourceName=Sensor2 | EventType=application
[2026-08-16 20:07:34.100 (UTC)] info/application	[Sensor] Updated distance: 27.4777080016107 cm | Severity=75 | SourceName=Sensor2 | EventType=application
[2026-08-16 20:07:35.100 (UTC)] info/application	[Sensor] Updated distance: 27.6692179230364 cm | Severity=75 | SourceName=Sensor2 | EventType=application
[2026-08-16 20:07:36.100 (UTC)] info/application	[Sensor] Updated distance: 27.976366617473 cm | Severity=75 | SourceName=Sensor2 | EventType=application
[2026-08-16 20:07:37.100 (UTC)] info/application	[Sensor] Updated distance: 27.7356584168671 cm | Severity=75 | SourceName=Sensor2 | EventType=application
[2026-08-16 20:07:38.100 (UTC)] info/application	[Sensor] Updated distance: 28.6066209148181 cm | Severity=75 | SourceName=Sensor2 | EventType=application
[2026-08-16 20:07:39.101 (UTC)] info/application	[Sensor] Updated distance: 28.126695541724 cm | Severity=75 | SourceName=Sensor2 | EventType=application
[2026-08-16 20:07:40.100 (UTC)] info/application	[Sensor] Updated distance: 27.1149665013025 cm | Severity=75 | SourceName=Sensor2 | EventType=application
[2026-08-16 20:07:41.100 (UTC)] info/application	[Sensor] Updated distance: 26.9204036504591 cm | Severity=75 | SourceName=Sensor2 | EventType=application
[2026-08-16 20:07:42.101 (UTC)] info/application	[Sensor] Updated distance: 28.1458201495213 cm | Severity=75 | SourceName=Sensor2 | EventType=application
[2026-08-16 20:07:43.101 (UTC)] info/application	[Sensor] Updated distance: 29.5135083587438 cm | Severity=75 | SourceName=Sensor2 | EventType=application
[2026-08-16 20:07:44.101 (UTC)] info/application	[Sensor] Updated distance: 28.8614040219045 cm | Severity=75 | SourceName=Sensor2 | EventType=application
[2026-08-16 20:07:45.102 (UTC)] info/application	[Sensor] Updated distance: 29.6480308722928 cm | Severity=75 | SourceName=Sensor2 | EventType=application
[2026-08-16 20:07:46.102 (UTC)] info/application	[Sensor] Updated distance: 29.2077694682906 cm | Severity=75 | SourceName=Sensor2 | EventType=application
[2026-08-16 20:07:47.101 (UTC)] info/application	[Sensor] Updated distance: 28.1067875158539 cm | Severity=75 | SourceName=Sensor2 | EventType=application
[2026-08-16 20:07:48.101 (UTC)] info/application	[Sensor] Updated distance: 27.6566108093395 cm | Severity=75 | SourceName=Sensor2 | EventType=application
[2026-08-16 20:07:49.102 (UTC)] info/application	[Sensor] Updated distance: 27.7133065996288 cm | Severity=75 | SourceName=Sensor2 | EventType=application
[2026-08-16 20:07:50.103 (UTC)] info/application	[Sensor] Updated distance: 27.6509857616159 cm | Severity=75 | SourceName=Sensor2 | EventType=application
[2026-08-16 20:07:51.104 (UTC)] info/application	[Sensor] Updated distance: 27.0650976188784 cm | Severity=75 | SourceName=Sensor2 | EventType=application
[2026-08-16 20:07:52.104 (UTC)] info/application	[Sensor] Updated distance: 28.4364848541731 cm | Severity=75 | SourceName=Sensor2 | EventType=application
[2026-08-16 20:07:53.104 (UTC)] info/application	[Sensor] Updated distance: 27.8832814874515 cm | Severity=75 | SourceName=Sensor2 | EventType=application
[2026-08-16 20:07:54.104 (UTC)] info/application	[Sensor] Updated distance: 27.6312445663527 cm | Severity=75 | SourceName=Sensor2 | EventType=application
[2026-08-16 20:07:55.104 (UTC)] info/application	[Sensor] Updated distance: 27.7054507572695 cm | Severity=75 | SourceName=Sensor2 | EventType=application
[2026-08-16 20:07:56.104 (UTC)] info/application	[Sensor] Updated distance: 27.9454011947128 cm | Severity=75 | SourceName=Sensor2 | EventType=application
[2026-08-16 20:07:57.106 (UTC)] info/application	[Sensor] Updated distance: 29.0193476481453 cm | Severity=75 | SourceName=Sensor2 | EventType=application
[2026-08-16 20:07:58.106 (UTC)] info/application	[Sensor] Updated distance: 28.1213519296708 cm | Severity=75 | SourceName=Sensor2 | EventType=application
[2026-08-16 20:07:59.096 (UTC)] info/application	[Sensor] Updated distance: 28.160992892534 cm | Severity=75 | SourceName=Sensor2 | EventType=application
[2026-08-16 20:08:00.097 (UTC)] info/application	[Sensor] Updated distance: 29.19876740626 cm | Severity=75 | SourceName=Sensor2 | EventType=application
[2026-08-16 20:08:01.096 (UTC)] info/application	[Sensor] Updated distance: 30.1411791146459 cm | Severity=75 | SourceName=Sensor2 | EventType=application
[2026-08-16 20:08:02.097 (UTC)] info/application	[Sensor] Updated distance: 30.3793010077809 cm | Severity=75 | SourceName=Sensor2 | EventType=application
[2026-08-16 20:08:03.097 (UTC)] info/application	[Sensor] Updated distance: 29.8750583212241 cm | Severity=75 | SourceName=Sensor2 | EventType=application
[2026-08-16 20:08:04.098 (UTC)] info/application	[Sensor] Updated distance: 31.1906824855556 cm | Severity=75 | SourceName=Sensor2 | EventType=application
[2026-08-16 20:08:05.098 (UTC)] info/application	[Sensor] Updated distance: 30.7729101789989 cm | Severity=75 | SourceName=Sensor2 | EventType=application
[2026-08-16 20:08:06.099 (UTC)] info/application	[Sensor] Updated distance: 31.9601774138679 cm | Severity=75 | SourceName=Sensor2 | EventType=application
[2026-08-16 20:08:07.099 (UTC)] info/application	[Sensor] Updated distance: 32.082950272636 cm | Severity=75 | SourceName=Sensor2 | EventType=application
[2026-08-16 20:08:08.100 (UTC)] info/application	[Sensor] Updated distance: 32.9244697654734 cm | Severity=75 | SourceName=Sensor2 | EventType=application
[2026-08-16 20:08:09.099 (UTC)] info/application	[Sensor] Updated distance: 33.4826994968963 cm | Severity=75 | SourceName=Sensor2 | EventType=application
[2026-08-16 20:08:10.100 (UTC)] info/application	[Sensor] Updated distance: 34.6255469825703 cm | Severity=75 | SourceName=Sensor2 | EventType=application
[2026-08-16 20:08:11.100 (UTC)] info/application	[Sensor] Updated distance: 35.9553374349863 cm | Severity=75 | SourceName=Sensor2 | EventType=application
[2026-08-16 20:08:12.101 (UTC)] info/application	[Sensor] Updated distance: 34.8190043141688 cm | Severity=75 | SourceName=Sensor2 | EventType=application
[2026-08-16 20:08:13.101 (UTC)] info/application	[Sensor] Updated distance: 35.687268297508 cm | Severity=75 | SourceName=Sensor2 | EventType=application
[2026-08-16 20:08:14.101 (UTC)] info/application	[Sensor] Updated distance: 36.8847469591465 cm | Severity=75 | SourceName=Sensor2 | EventType=application
[2026-08-16 20:08:15.102 (UTC)] info/application	[Sensor] Updated distance: 36.5963095028868 cm | Severity=75 | SourceName=Sensor2 | EventType=application
[2026-08-16 20:08:16.102 (UTC)] info/application	[Sensor] Updated distance: 36.7512003352173 cm | Severity=75 | SourceName=Sensor2 | EventType=application
[2026-08-16 20:08:17.103 (UTC)] info/application	[Sensor] Updated distance: 36.0084175914565 cm | Severity=75 | SourceName=Sensor2 | EventType=application
[2026-08-16 20:08:18.103 (UTC)] info/application	[Sensor] Updated distance: 36.1189981827601 cm | Severity=75 | SourceName=Sensor2 | EventType=application
[2026-08-16 20:08:19.103 (UTC)] info/application	[Sensor] Updated distance: 37.3237123085762 cm | Severity=75 | SourceName=Sensor2 | EventType=application
[2026-08-16 20:08:20.102 (UTC)] info/application	[Sensor] Updated distance: 38.1376253551048 cm | Severity=75 | SourceName=Sensor2 | EventType=application
[2026-08-16 20:08:21.101 (UTC)] info/application	[Sensor] Updated distance: 36.6858851069985 cm | Severity=75 | SourceName=Sensor2 | EventType=application
[2026-08-16 20:08:22.101 (UTC)] info/application	[Sensor] Updated distance: 35.8047110900771 cm | Severity=75 | SourceName=Sensor2 | EventType=application
[2026-08-16 20:08:23.101 (UTC)] info/application	[Sensor] Updated distance: 36.4900113719003 cm | Severity=75 | SourceName=Sensor2 | EventType=application
[2026-08-16 20:08:24.102 (UTC)] info/application	[Sensor] Updated distance: 35.9850677570724 cm | Severity=75 | SourceName=Sensor2 | EventType=application
[2026-08-16 20:08:25.102 (UTC)] info/application	[Sensor] Updated distance: 36.3518568190522 cm | Severity=75 | SourceName=Sensor2 | EventType=application
[2026-08-16 20:08:26.103 (UTC)] info/application	[Sensor] Updated distance: 35.6113632903953 cm | Severity=75 | SourceName=Sensor2 | EventType=application
[2026-08-16 20:08:27.103 (UTC)] info/application	[Sensor] Updated distance: 36.8463701144077 cm | Severity=75 | SourceName=Sensor2 | EventType=application
[2026-08-16 20:08:28.103 (UTC)] info/application	[Sensor] Updated distance: 36.787105628423 cm | Severity=75 | SourceName=Sensor2 | EventType=application
[2026-08-16 20:08:29.103 (UTC)] info/application	[Sensor] Updated distance: 36.6486163812916 cm | Severity=75 | SourceName=Sensor2 | EventType=application
[2026-08-16 20:08:30.104 (UTC)] info/application	[Sensor] Updated distance: 36.4232641667702 cm | Severity=75 | SourceName=Sensor2 | EventType=application
[2026-08-16 20:08:31.104 (UTC)] info/application	[Sensor] Updated distance: 35.9017741945115 cm | Severity=75 | SourceName=Sensor2 | EventType=application
[2026-08-16 20:08:32.105 (UTC)] info/application	[Sensor] Updated distance: 35.205696655766 cm | Severity=75 | SourceName=Sensor2 | EventType=application
[2026-08-16 20:08:33.105 (UTC)] info/application	[Sensor] Updated distance: 33.7184663329825 cm | Severity=75 | SourceName=Sensor2 | EventType=application
[2026-08-16 20:08:34.105 (UTC)] info/application	[Sensor] Updated distance: 34.1927336741671 cm | Severity=75 | SourceName=Sensor2 | EventType=application
[2026-08-16 20:08:35.105 (UTC)] info/application	[Sensor] Updated distance: 33.3122802983561 cm | Severity=75 | SourceName=Sensor2 | EventType=application
[2026-08-16 20:08:36.106 (UTC)] info/application	[Sensor] Updated distance: 32.907277669016 cm | Severity=75 | SourceName=Sensor2 | EventType=application
[2026-08-16 20:08:37.106 (UTC)] info/application	[Sensor] Updated distance: 33.0688122436725 cm | Severity=75 | SourceName=Sensor2 | EventType=application
[2026-08-16 20:08:38.106 (UTC)] info/application	[Sensor] Updated distance: 33.8111317266296 cm | Severity=75 | SourceName=Sensor2 | EventType=application
[2026-08-16 20:08:39.106 (UTC)] info/application	[Sensor] Updated distance: 32.7476485901269 cm | Severity=75 | SourceName=Sensor2 | EventType=application
[2026-08-16 20:08:40.096 (UTC)] info/application	[Sensor] Updated distance: 31.9674128962064 cm | Severity=75 | SourceName=Sensor2 | EventType=application
[2026-08-16 20:08:41.097 (UTC)] info/application	[Sensor] Updated distance: 32.3525798634405 cm | Severity=75 | SourceName=Sensor2 | EventType=application
[2026-08-16 20:08:42.098 (UTC)] info/application	[Sensor] Updated distance: 31.1188871779567 cm | Severity=75 | SourceName=Sensor2 | EventType=application
[2026-08-16 20:08:43.098 (UTC)] info/application	[Sensor] Updated distance: 30.7023183632187 cm | Severity=75 | SourceName=Sensor2 | EventType=application
[2026-08-16 20:08:44.098 (UTC)] info/application	[Sensor] Updated distance: 30.4557493137921 cm | Severity=75 | SourceName=Sensor2 | EventType=application
[2026-08-16 20:08:45.098 (UTC)] info/application	[Sensor] Updated distance: 31.9195352899467 cm | Severity=75 | SourceName=Sensor2 | EventType=application
[2026-08-16 20:08:46.099 (UTC)] info/application	[Sensor] Updated distance: 32.7145290189491 cm | Severity=75 | SourceName=Sensor2 | EventType=application
[2026-08-16 20:08:47.099 (UTC)] info/application	[Sensor] Updated distance: 34.1228508018529 cm | Severity=75 | SourceName=Sensor2 | EventType=application
[2026-08-16 20:08:48.099 (UTC)] info/application	[Sensor] Updated distance: 33.3438540342468 cm | Severity=75 | SourceName=Sensor2 | EventType=application
[2026-08-16 20:08:49.099 (UTC)] info/application	[Sensor] Updated distance: 32.7494283531557 cm | Severity=75 | SourceName=Sensor2 | EventType=application
[2026-08-16 20:08:50.099 (UTC)] info/application	[Sensor] Updated distance: 33.8624642618757 cm | Severity=75 | SourceName=Sensor2 | EventType=application
[2026-08-16 20:08:51.099 (UTC)] info/application	[Sensor] Updated distance: 32.3973805394012 cm | Severity=75 | SourceName=Sensor2 | EventType=application
[2026-08-16 20:08:52.100 (UTC)] info/application	[Sensor] Updated distance: 31.8512146116007 cm | Severity=75 | SourceName=Sensor2 | EventType=application
[2026-08-16 20:08:53.099 (UTC)] info/application	[Sensor] Updated distance: 30.5830765020024 cm | Severity=75 | SourceName=Sensor2 | EventType=application
[2026-08-16 20:08:54.100 (UTC)] info/application	[Sensor] Updated distance: 31.3032930613511 cm | Severity=75 | SourceName=Sensor2 | EventType=application
[2026-08-16 20:08:55.100 (UTC)] info/application	[Sensor] Updated distance: 31.7521835187228 cm | Severity=75 | SourceName=Sensor2 | EventType=application
[2026-08-16 20:08:56.100 (UTC)] info/application	[Sensor] Updated distance: 32.3508344711042 cm | Severity=75 | SourceName=Sensor2 | EventType=application
[2026-08-16 20:08:57.101 (UTC)] info/application	[Sensor] Updated distance: 33.830557501796 cm | Severity=75 | SourceName=Sensor2 | EventType=application
[2026-08-16 20:08:58.101 (UTC)] info/application	[Sensor] Updated distance: 34.0144547817831 cm | Severity=75 | SourceName=Sensor2 | EventType=application
[2026-08-16 20:08:59.102 (UTC)] info/application	[Sensor] Updated distance: 33.0538412481797 cm | Severity=75 | SourceName=Sensor2 | EventType=application
[2026-08-16 20:09:00.103 (UTC)] info/application	[Sensor] Updated distance: 32.8950750317402 cm | Severity=75 | SourceName=Sensor2 | EventType=application
[2026-08-16 20:09:01.104 (UTC)] info/application	[Sensor] Updated distance: 34.3536200986028 cm | Severity=75 | SourceName=Sensor2 | EventType=application
[2026-08-16 20:09:02.104 (UTC)] info/application	[Sensor] Updated distance: 34.3715165927408 cm | Severity=75 | SourceName=Sensor2 | EventType=application
[2026-08-16 20:09:03.104 (UTC)] info/application	[Sensor] Updated distance: 35.0166728375557 cm | Severity=75 | SourceName=Sensor2 | EventType=application
[2026-08-16 20:09:04.104 (UTC)] info/application	[Sensor] Updated distance: 36.4879875816349 cm | Severity=75 | SourceName=Sensor2 | EventType=application
[2026-08-16 20:09:05.105 (UTC)] info/application	[Sensor] Updated distance: 35.4801514155605 cm | Severity=75 | SourceName=Sensor2 | EventType=application
[2026-08-16 20:09:06.105 (UTC)] info/application	[Sensor] Updated distance: 36.7448542845645 cm | Severity=75 | SourceName=Sensor2 | EventType=application
[2026-08-16 20:09:07.105 (UTC)] info/application	[Sensor] Updated distance: 36.3111663993035 cm | Severity=75 | SourceName=Sensor2 | EventType=application
[2026-08-16 20:09:08.105 (UTC)] info/application	[Sensor] Updated distance: 36.9648648078856 cm | Severity=75 | SourceName=Sensor2 | EventType=application
[2026-08-16 20:09:09.105 (UTC)] info/application	[Sensor] Updated distance: 37.4718871598467 cm | Severity=75 | SourceName=Sensor2 | EventType=application
[2026-08-16 20:09:10.105 (UTC)] info/application	[Sensor] Updated distance: 37.4747161380829 cm | Severity=75 | SourceName=Sensor2 | EventType=application
[2026-08-16 20:09:11.105 (UTC)] info/application	[Sensor] Updated distance: 38.8481788527445 cm | Severity=75 | SourceName=Sensor2 | EventType=application
[2026-08-16 20:09:12.105 (UTC)] info/application	[Sensor] Updated distance: 38.2403681705428 cm | Severity=75 | SourceName=Sensor2 | EventType=application
[2026-08-16 20:09:13.106 (UTC)] info/application	[Sensor] Updated distance: 38.5095044632952 cm | Severity=75 | SourceName=Sensor2 | EventType=application
[2026-08-16 20:09:14.096 (UTC)] info/application	[Sensor] Updated distance: 37.9663983632189 cm | Severity=75 | SourceName=Sensor2 | EventType=application
[2026-08-16 20:09:15.097 (UTC)] info/application	[Sensor] Updated distance: 38.6120186315906 cm | Severity=75 | SourceName=Sensor2 | EventType=application
[2026-08-16 20:09:16.097 (UTC)] info/application	[Sensor] Updated distance: 38.8449409004976 cm | Severity=75 | SourceName=Sensor2 | EventType=application
[2026-08-16 20:09:17.097 (UTC)] info/application	[Sensor] Updated distance: 37.5968285280265 cm | Severity=75 | SourceName=Sensor2 | EventType=application
[2026-08-16 20:09:18.098 (UTC)] info/application	[Sensor] Updated distance: 38.1507705793021 cm | Severity=75 | SourceName=Sensor2 | EventType=application
[2026-08-16 20:09:19.098 (UTC)] info/application	[Sensor] Updated distance: 39.104696080603 cm | Severity=75 | SourceName=Sensor2 | EventType=application
[2026-08-16 20:09:20.098 (UTC)] info/application	[Sensor] Updated distance: 38.7621580284378 cm | Severity=75 | SourceName=Sensor2 | EventType=application
[2026-08-16 20:09:21.098 (UTC)] info/application	[Sensor] Updated distance: 38.9291359870365 cm | Severity=75 | SourceName=Sensor2 | EventType=application
[2026-08-16 20:09:22.098 (UTC)] info/application	[Sensor] Updated distance: 39.9179777658628 cm | Severity=75 | SourceName=Sensor2 | EventType=application
[2026-08-16 20:09:23.098 (UTC)] info/application	[Sensor] Updated distance: 40.5292737858972 cm | Severity=75 | SourceName=Sensor2 | EventType=application
[2026-08-16 20:09:24.099 (UTC)] info/application	[Sensor] Updated distance: 40.9281136348975 cm | Severity=75 | SourceName=Sensor2 | EventType=application
[2026-08-16 20:09:25.099 (UTC)] info/application	[Sensor] Updated distance: 41.1371719730726 cm | Severity=75 | SourceName=Sensor2 | EventType=application
[2026-08-16 20:09:26.099 (UTC)] info/application	[Sensor] Updated distance: 40.6973584490816 cm | Severity=75 | SourceName=Sensor2 | EventType=application
[2026-08-16 20:09:27.099 (UTC)] info/application	[Sensor] Updated distance: 40.1948492490663 cm | Severity=75 | SourceName=Sensor2 | EventType=application
[2026-08-16 20:09:28.099 (UTC)] info/application	[Sensor] Updated distance: 40.3836306165362 cm | Severity=75 | SourceName=Sensor2 | EventType=application
[2026-08-16 20:09:29.099 (UTC)] info/application	[Sensor] Updated distance: 41.6277143739293 cm | Severity=75 | SourceName=Sensor2 | EventType=application
[2026-08-16 20:09:30.100 (UTC)] info/application	[Sensor] Updated distance: 41.6645916403107 cm | Severity=75 | SourceName=Sensor2 | EventType=application
[2026-08-16 20:09:31.100 (UTC)] info/application	[Sensor] Updated distance: 40.1946067899441 cm | Severity=75 | SourceName=Sensor2 | EventType=application
[2026-08-16 20:09:32.100 (UTC)] info/application	[Sensor] Updated distance: 41.3972356128028 cm | Severity=75 | SourceName=Sensor2 | EventType=application
[2026-08-16 20:09:33.100 (UTC)] info/application	[Sensor] Updated distance: 39.9520093719252 cm | Severity=75 | SourceName=Sensor2 | EventType=application
[2026-08-16 20:09:34.101 (UTC)] info/application	[Sensor] Updated distance: 40.6271807663735 cm | Severity=75 | SourceName=Sensor2 | EventType=application
[2026-08-16 20:09:35.101 (UTC)] info/application	[Sensor] Updated distance: 41.8011243319144 cm | Severity=75 | SourceName=Sensor2 | EventType=application
[2026-08-16 20:09:36.101 (UTC)] info/application	[Sensor] Updated distance: 40.8480619249624 cm | Severity=75 | SourceName=Sensor2 | EventType=application
[2026-08-16 20:09:37.101 (UTC)] info/application	[Sensor] Updated distance: 41.2879361884147 cm | Severity=75 | SourceName=Sensor2 | EventType=application
[2026-08-16 20:09:38.100 (UTC)] info/application	[Sensor] Updated distance: 40.5281918672976 cm | Severity=75 | SourceName=Sensor2 | EventType=application
[2026-08-16 20:09:39.101 (UTC)] info/application	[Sensor] Updated distance: 41.7288278703247 cm | Severity=75 | SourceName=Sensor2 | EventType=application
[2026-08-16 20:09:40.101 (UTC)] info/application	[Sensor] Updated distance: 41.1757244843411 cm | Severity=75 | SourceName=Sensor2 | EventType=application
[2026-08-16 20:09:41.101 (UTC)] info/application	[Sensor] Updated distance: 41.9188091414603 cm | Severity=75 | SourceName=Sensor2 | EventType=application
[2026-08-16 20:09:42.101 (UTC)] info/application	[Sensor] Updated distance: 42.9929078577519 cm | Severity=75 | SourceName=Sensor2 | EventType=application
[2026-08-16 20:09:43.101 (UTC)] info/application	[Sensor] Updated distance: 43.3319937895667 cm | Severity=75 | SourceName=Sensor2 | EventType=application
[2026-08-16 20:09:44.101 (UTC)] info/application	[Sensor] Updated distance: 42.8442147394383 cm | Severity=75 | SourceName=Sensor2 | EventType=application
[2026-08-16 20:09:45.101 (UTC)] info/application	[Sensor] Updated distance: 41.8752073542565 cm | Severity=75 | SourceName=Sensor2 | EventType=application
[2026-08-16 20:09:46.100 (UTC)] info/application	[Sensor] Updated distance: 41.359913554443 cm | Severity=75 | SourceName=Sensor2 | EventType=application
[2026-08-16 20:09:47.100 (UTC)] info/application	[Sensor] Updated distance: 42.6050567732216 cm | Severity=75 | SourceName=Sensor2 | EventType=application
[2026-08-16 20:09:48.101 (UTC)] info/application	[Sensor] Updated distance: 41.8879370169658 cm | Severity=75 | SourceName=Sensor2 | EventType=application
[2026-08-16 20:09:49.101 (UTC)] info/application	[Sensor] Updated distance: 40.4265852670309 cm | Severity=75 | SourceName=Sensor2 | EventType=application
[2026-08-16 20:09:50.101 (UTC)] info/application	[Sensor] Updated distance: 41.1256539857135 cm | Severity=75 | SourceName=Sensor2 | EventType=application
[2026-08-16 20:09:51.101 (UTC)] info/application	[Sensor] Updated distance: 41.5659961772925 cm | Severity=75 | SourceName=Sensor2 | EventType=application
[2026-08-16 20:09:52.101 (UTC)] info/application	[Sensor] Updated distance: 41.7716223859562 cm | Severity=75 | SourceName=Sensor2 | EventType=application
[2026-08-16 20:09:53.101 (UTC)] info/application	[Sensor] Updated distance: 41.9595328820681 cm | Severity=75 | SourceName=Sensor2 | EventType=application
[2026-08-16 20:09:54.101 (UTC)] info/application	[Sensor] Updated distance: 41.5111710922845 cm | Severity=75 | SourceName=Sensor2 | EventType=application
[2026-08-16 20:09:55.101 (UTC)] info/application	[Sensor] Updated distance: 40.6156371485515 cm | Severity=75 | SourceName=Sensor2 | EventType=application
[2026-08-16 20:09:56.101 (UTC)] info/application	[Sensor] Updated distance: 39.5126059814415 cm | Severity=75 | SourceName=Sensor2 | EventType=application
[2026-08-16 20:09:57.101 (UTC)] info/application	[Sensor] Updated distance: 40.1244306676669 cm | Severity=75 | SourceName=Sensor2 | EventType=application
[2026-08-16 20:09:58.100 (UTC)] info/application	[Sensor] Updated distance: 40.2263875239186 cm | Severity=75 | SourceName=Sensor2 | EventType=application
[2026-08-16 20:09:59.100 (UTC)] info/application	[Sensor] Updated distance: 40.8121377256756 cm | Severity=75 | SourceName=Sensor2 | EventType=application
[2026-08-16 20:10:00.101 (UTC)] info/application	[Sensor] Updated distance: 41.1680461678971 cm | Severity=75 | SourceName=Sensor2 | EventType=application
[2026-08-16 20:10:01.101 (UTC)] info/application	[Sensor] Updated distance: 39.8068802905301 cm | Severity=75 | SourceName=Sensor2 | EventType=application
[2026-08-16 20:10:02.101 (UTC)] info/application	[Sensor] Updated distance: 40.4226456419205 cm | Severity=75 | SourceName=Sensor2 | EventType=application
[2026-08-16 20:10:03.101 (UTC)] info/application	[Sensor] Updated distance: 40.4811829056038 cm | Severity=75 | SourceName=Sensor2 | EventType=application
[2026-08-16 20:10:04.101 (UTC)] info/application	[Sensor] Updated distance: 39.1747907873592 cm | Severity=75 | SourceName=Sensor2 | EventType=application
[2026-08-16 20:10:05.101 (UTC)] info/application	[Sensor] Updated distance: 38.9657275331979 cm | Severity=75 | SourceName=Sensor2 | EventType=application
[2026-08-16 20:10:06.101 (UTC)] info/application	[Sensor] Updated distance: 38.6982083624221 cm | Severity=75 | SourceName=Sensor2 | EventType=application
[2026-08-16 20:10:07.102 (UTC)] info/application	[Sensor] Updated distance: 37.9387538386224 cm | Severity=75 | SourceName=Sensor2 | EventType=application
[2026-08-16 20:10:08.101 (UTC)] info/application	[Sensor] Updated distance: 36.6695648465164 cm | Severity=75 | SourceName=Sensor2 | EventType=application
[2026-08-16 20:10:09.101 (UTC)] info/application	[Sensor] Updated distance: 37.1423013546236 cm | Severity=75 | SourceName=Sensor2 | EventType=application
[2026-08-16 20:10:10.101 (UTC)] info/application	[Sensor] Updated distance: 36.0834828324539 cm | Severity=75 | SourceName=Sensor2 | EventType=application
[2026-08-16 20:10:11.101 (UTC)] info/application	[Sensor] Updated distance: 35.7611904543644 cm | Severity=75 | SourceName=Sensor2 | EventType=application
[2026-08-16 20:10:12.101 (UTC)] info/application	[Sensor] Updated distance: 35.4770116195907 cm | Severity=75 | SourceName=Sensor2 | EventType=application
[2026-08-16 20:10:13.101 (UTC)] info/application	[Sensor] Updated distance: 33.9922918123157 cm | Severity=75 | SourceName=Sensor2 | EventType=application
[2026-08-16 20:10:14.101 (UTC)] info/application	[Sensor] Updated distance: 32.509085364644 cm | Severity=75 | SourceName=Sensor2 | EventType=application
[2026-08-16 20:10:15.100 (UTC)] info/application	[Sensor] Updated distance: 33.2371274797419 cm | Severity=75 | SourceName=Sensor2 | EventType=application
[2026-08-16 20:10:16.100 (UTC)] info/application	[Sensor] Updated distance: 32.2834002886822 cm | Severity=75 | SourceName=Sensor2 | EventType=application
[2026-08-16 20:10:17.100 (UTC)] info/application	[Sensor] Updated distance: 31.7849000411969 cm | Severity=75 | SourceName=Sensor2 | EventType=application
[2026-08-16 20:10:18.099 (UTC)] info/application	[Sensor] Updated distance: 32.2580853736765 cm | Severity=75 | SourceName=Sensor2 | EventType=application
[2026-08-16 20:10:19.099 (UTC)] info/application	[Sensor] Updated distance: 32.0872384263609 cm | Severity=75 | SourceName=Sensor2 | EventType=application
[2026-08-16 20:10:20.099 (UTC)] info/application	[Sensor] Updated distance: 31.6273864289408 cm | Severity=75 | SourceName=Sensor2 | EventType=application
[2026-08-16 20:10:21.099 (UTC)] info/application	[Sensor] Updated distance: 31.2996404787058 cm | Severity=75 | SourceName=Sensor2 | EventType=application
[2026-08-16 20:10:22.099 (UTC)] info/application	[Sensor] Updated distance: 30.0691357215723 cm | Severity=75 | SourceName=Sensor2 | EventType=application
[2026-08-16 20:10:23.099 (UTC)] info/application	[Sensor] Updated distance: 31.3149099328159 cm | Severity=75 | SourceName=Sensor2 | EventType=application
[2026-08-16 20:10:24.100 (UTC)] info/application	[Sensor] Updated distance: 32.6750744786929 cm | Severity=75 | SourceName=Sensor2 | EventType=application
[2026-08-16 20:10:25.100 (UTC)] info/application	[Sensor] Updated distance: 32.4962079317757 cm | Severity=75 | SourceName=Sensor2 | EventType=application
[2026-08-16 20:10:26.101 (UTC)] info/application	[Sensor] Updated distance: 31.3464481978894 cm | Severity=75 | SourceName=Sensor2 | EventType=application
[2026-08-16 20:10:27.101 (UTC)] info/application	[Sensor] Updated distance: 30.1035815766564 cm | Severity=75 | SourceName=Sensor2 | EventType=application
[2026-08-16 20:10:28.101 (UTC)] info/application	[Sensor] Updated distance: 29.0365397145676 cm | Severity=75 | SourceName=Sensor2 | EventType=application
[2026-08-16 20:10:29.101 (UTC)] info/application	[Sensor] Updated distance: 29.48873683833 cm | Severity=75 | SourceName=Sensor2 | EventType=application
[2026-08-16 20:10:30.101 (UTC)] info/application	[Sensor] Updated distance: 30.3316204188539 cm | Severity=75 | SourceName=Sensor2 | EventType=application
[2026-08-16 20:10:31.102 (UTC)] info/application	[Sensor] Updated distance: 31.1204870003837 cm | Severity=75 | SourceName=Sensor2 | EventType=application
[2026-08-16 20:10:32.102 (UTC)] info/application	[Sensor] Updated distance: 31.711518246779 cm | Severity=75 | SourceName=Sensor2 | EventType=application
[2026-08-16 20:10:33.102 (UTC)] info/application	[Sensor] Updated distance: 31.6701671772963 cm | Severity=75 | SourceName=Sensor2 | EventType=application
[2026-08-16 20:10:34.102 (UTC)] info/application	[Sensor] Updated distance: 31.0175710211124 cm | Severity=75 | SourceName=Sensor2 | EventType=application
[2026-08-16 20:10:35.102 (UTC)] info/application	[Sensor] Updated distance: 31.8022101492632 cm | Severity=75 | SourceName=Sensor2 | EventType=application
[2026-08-16 20:10:36.102 (UTC)] info/application	[Sensor] Updated distance: 33.0517958256192 cm | Severity=75 | SourceName=Sensor2 | EventType=application
[2026-08-16 20:10:37.103 (UTC)] info/application	[Sensor] Updated distance: 33.6316804986595 cm | Severity=75 | SourceName=Sensor2 | EventType=application
[2026-08-16 20:10:38.103 (UTC)] info/application	[Sensor] Updated distance: 32.1568651016135 cm | Severity=75 | SourceName=Sensor2 | EventType=application
[2026-08-16 20:10:39.103 (UTC)] info/application	[Sensor] Updated distance: 33.6372617858636 cm | Severity=75 | SourceName=Sensor2 | EventType=application
[2026-08-16 20:10:40.104 (UTC)] info/application	[Sensor] Updated distance: 33.189882967011 cm | Severity=75 | SourceName=Sensor2 | EventType=application
[2026-08-16 20:10:41.104 (UTC)] info/application	[Sensor] Updated distance: 32.1562490477955 cm | Severity=75 | SourceName=Sensor2 | EventType=application
[2026-08-16 20:10:42.104 (UTC)] info/application	[Sensor] Updated distance: 31.814353352559 cm | Severity=75 | SourceName=Sensor2 | EventType=application
[2026-08-16 20:10:43.104 (UTC)] info/application	[Sensor] Updated distance: 32.5827956989328 cm | Severity=75 | SourceName=Sensor2 | EventType=application
[2026-08-16 20:10:44.105 (UTC)] info/application	[Sensor] Updated distance: 31.5644419738392 cm | Severity=75 | SourceName=Sensor2 | EventType=application
[2026-08-16 20:10:45.105 (UTC)] info/application	[Sensor] Updated distance: 31.239339832328 cm | Severity=75 | SourceName=Sensor2 | EventType=application
[2026-08-16 20:10:46.105 (UTC)] info/application	[Sensor] Updated distance: 31.2358242924027 cm | Severity=75 | SourceName=Sensor2 | EventType=application
[2026-08-16 20:10:47.105 (UTC)] info/application	[Sensor] Updated distance: 30.7637433762494 cm | Severity=75 | SourceName=Sensor2 | EventType=application
[2026-08-16 20:10:48.106 (UTC)] info/application	[Sensor] Updated distance: 31.4401409872529 cm | Severity=75 | SourceName=Sensor2 | EventType=application
[2026-08-16 20:10:49.106 (UTC)] info/application	[Sensor] Updated distance: 30.4098107784101 cm | Severity=75 | SourceName=Sensor2 | EventType=application
[2026-08-16 20:10:50.106 (UTC)] info/application	[Sensor] Updated distance: 31.2668829149413 cm | Severity=75 | SourceName=Sensor2 | EventType=application
[2026-08-16 20:10:51.106 (UTC)] info/application	[Sensor] Updated distance: 29.9834285285247 cm | Severity=75 | SourceName=Sensor2 | EventType=application
[2026-08-16 20:10:52.096 (UTC)] info/application	[Sensor] Updated distance: 30.125352369447 cm | Severity=75 | SourceName=Sensor2 | EventType=application
[2026-08-16 20:10:53.096 (UTC)] info/application	[Sensor] Updated distance: 31.2519197488446 cm | Severity=75 | SourceName=Sensor2 | EventType=application
[2026-08-16 20:10:54.097 (UTC)] info/application	[Sensor] Updated distance: 32.7142395736716 cm | Severity=75 | SourceName=Sensor2 | EventType=application
[2026-08-16 20:10:55.097 (UTC)] info/application	[Sensor] Updated distance: 32.7163279590739 cm | Severity=75 | SourceName=Sensor2 | EventType=application
[2026-08-16 20:10:56.097 (UTC)] info/application	[Sensor] Updated distance: 32.1640287901573 cm | Severity=75 | SourceName=Sensor2 | EventType=application
[2026-08-16 20:10:57.097 (UTC)] info/application	[Sensor] Updated distance: 30.976588881098 cm | Severity=75 | SourceName=Sensor2 | EventType=application
[2026-08-16 20:10:58.097 (UTC)] info/application	[Sensor] Updated distance: 31.2358106452673 cm | Severity=75 | SourceName=Sensor2 | EventType=application
[2026-08-16 20:10:59.098 (UTC)] info/application	[Sensor] Updated distance: 31.116469614262 cm | Severity=75 | SourceName=Sensor2 | EventType=application
[2026-08-16 20:11:00.098 (UTC)] info/application	[Sensor] Updated distance: 31.881226828965 cm | Severity=75 | SourceName=Sensor2 | EventType=application
[2026-08-16 20:11:01.099 (UTC)] info/application	[Sensor] Updated distance: 31.4833321722613 cm | Severity=75 | SourceName=Sensor2 | EventType=application
[2026-08-16 20:11:02.099 (UTC)] info/application	[Sensor] Updated distance: 30.6528577213888 cm | Severity=75 | SourceName=Sensor2 | EventType=application
[2026-08-16 20:11:03.099 (UTC)] info/application	[Sensor] Updated distance: 30.5086461810901 cm | Severity=75 | SourceName=Sensor2 | EventType=application
[2026-08-16 20:11:04.099 (UTC)] info/application	[Sensor] Updated distance: 31.5694004563007 cm | Severity=75 | SourceName=Sensor2 | EventType=application
[2026-08-16 20:11:05.099 (UTC)] info/application	[Sensor] Updated distance: 31.5863298506413 cm | Severity=75 | SourceName=Sensor2 | EventType=application
[2026-08-16 20:11:06.100 (UTC)] info/application	[Sensor] Updated distance: 30.7267574370964 cm | Severity=75 | SourceName=Sensor2 | EventType=application
[2026-08-16 20:11:07.100 (UTC)] info/application	[Sensor] Updated distance: 31.537097387266 cm | Severity=75 | SourceName=Sensor2 | EventType=application
[2026-08-16 20:11:08.101 (UTC)] info/application	[Sensor] Updated distance: 30.6339114532499 cm | Severity=75 | SourceName=Sensor2 | EventType=application
[2026-08-16 20:11:09.101 (UTC)] info/application	[Sensor] Updated distance: 29.799523644056 cm | Severity=75 | SourceName=Sensor2 | EventType=application
[2026-08-16 20:11:10.101 (UTC)] info/application	[Sensor] Updated distance: 30.5902602784756 cm | Severity=75 | SourceName=Sensor2 | EventType=application
[2026-08-16 20:11:11.101 (UTC)] info/application	[Sensor] Updated distance: 30.739695525607 cm | Severity=75 | SourceName=Sensor2 | EventType=application
[2026-08-16 20:11:12.101 (UTC)] info/application	[Sensor] Updated distance: 30.3716737971975 cm | Severity=75 | SourceName=Sensor2 | EventType=application
[2026-08-16 20:11:13.102 (UTC)] info/application	[Sensor] Updated distance: 29.3205147349837 cm | Severity=75 | SourceName=Sensor2 | EventType=application
[2026-08-16 20:11:14.102 (UTC)] info/application	[Sensor] Updated distance: 28.7383923270919 cm | Severity=75 | SourceName=Sensor2 | EventType=application
[2026-08-16 20:11:15.103 (UTC)] info/application	[Sensor] Updated distance: 28.8520168735888 cm | Severity=75 | SourceName=Sensor2 | EventType=application
[2026-08-16 20:11:16.103 (UTC)] info/application	[Sensor] Updated distance: 28.9757556698638 cm | Severity=75 | SourceName=Sensor2 | EventType=application
[2026-08-16 20:11:17.103 (UTC)] info/application	[Sensor] Updated distance: 29.8901177220467 cm | Severity=75 | SourceName=Sensor2 | EventType=application
[2026-08-16 20:11:18.103 (UTC)] info/application	[Sensor] Updated distance: 31.0316613523903 cm | Severity=75 | SourceName=Sensor2 | EventType=application
[2026-08-16 20:11:19.103 (UTC)] info/application	[Sensor] Updated distance: 30.3317977596688 cm | Severity=75 | SourceName=Sensor2 | EventType=application
[2026-08-16 20:11:20.103 (UTC)] info/application	[Sensor] Updated distance: 31.7158296030089 cm | Severity=75 | SourceName=Sensor2 | EventType=application
[2026-08-16 20:11:21.103 (UTC)] info/application	[Sensor] Updated distance: 32.2144453684867 cm | Severity=75 | SourceName=Sensor2 | EventType=application
[2026-08-16 20:11:22.104 (UTC)] info/application	[Sensor] Updated distance: 31.7311273893487 cm | Severity=75 | SourceName=Sensor2 | EventType=application
[2026-08-16 20:11:23.103 (UTC)] info/application	[Sensor] Updated distance: 31.757083072214 cm | Severity=75 | SourceName=Sensor2 | EventType=application
[2026-08-16 20:11:24.103 (UTC)] info/application	[Sensor] Updated distance: 31.8822662156924 cm | Severity=75 | SourceName=Sensor2 | EventType=application
[2026-08-16 20:11:25.103 (UTC)] info/application	[Sensor] Updated distance: 31.3612680599845 cm | Severity=75 | SourceName=Sensor2 | EventType=application
[2026-08-16 20:11:26.103 (UTC)] info/application	[Sensor] Updated distance: 29.8893121282521 cm | Severity=75 | SourceName=Sensor2 | EventType=application
[2026-08-16 20:11:27.102 (UTC)] info/application	[Sensor] Updated distance: 30.9621961028139 cm | Severity=75 | SourceName=Sensor2 | EventType=application
[2026-08-16 20:11:28.101 (UTC)] info/application	[Sensor] Updated distance: 30.7537580380467 cm | Severity=75 | SourceName=Sensor2 | EventType=application
[2026-08-16 20:11:29.101 (UTC)] info/application	[Sensor] Updated distance: 31.0410238704836 cm | Severity=75 | SourceName=Sensor2 | EventType=application
[2026-08-16 20:11:30.101 (UTC)] info/application	[Sensor] Updated distance: 30.4945668140401 cm | Severity=75 | SourceName=Sensor2 | EventType=application
[2026-08-16 20:11:31.101 (UTC)] info/application	[Sensor] Updated distance: 29.5508859625789 cm | Severity=75 | SourceName=Sensor2 | EventType=application
[2026-08-16 20:11:32.102 (UTC)] info/application	[Sensor] Updated distance: 30.940257139709 cm | Severity=75 | SourceName=Sensor2 | EventType=application
[2026-08-16 20:11:33.102 (UTC)] info/application	[Sensor] Updated distance: 31.0633256323931 cm | Severity=75 | SourceName=Sensor2 | EventType=application
[2026-08-16 20:11:34.103 (UTC)] info/application	[Sensor] Updated distance: 31.4754332406332 cm | Severity=75 | SourceName=Sensor2 | EventType=application
[2026-08-16 20:11:35.103 (UTC)] info/application	[Sensor] Updated distance: 32.4255586915769 cm | Severity=75 | SourceName=Sensor2 | EventType=application
[2026-08-16 20:11:36.104 (UTC)] info/application	[Sensor] Updated distance: 31.0655565772046 cm | Severity=75 | SourceName=Sensor2 | EventType=application
[2026-08-16 20:11:37.104 (UTC)] info/application	[Sensor] Updated distance: 32.1180917732968 cm | Severity=75 | SourceName=Sensor2 | EventType=application
[2026-08-16 20:11:38.104 (UTC)] info/application	[Sensor] Updated distance: 32.3785571730131 cm | Severity=75 | SourceName=Sensor2 | EventType=application
[2026-08-16 20:11:39.104 (UTC)] info/application	[Sensor] Updated distance: 31.6153691260216 cm | Severity=75 | SourceName=Sensor2 | EventType=application
[2026-08-16 20:11:40.105 (UTC)] info/application	[Sensor] Updated distance: 30.333516511523 cm | Severity=75 | SourceName=Sensor2 | EventType=application
[2026-08-16 20:11:41.105 (UTC)] info/application	[Sensor] Updated distance: 29.8847185442619 cm | Severity=75 | SourceName=Sensor2 | EventType=application
[2026-08-16 20:11:42.105 (UTC)] info/application	[Sensor] Updated distance: 30.7709657444018 cm | Severity=75 | SourceName=Sensor2 | EventType=application
[2026-08-16 20:11:43.104 (UTC)] info/application	[Sensor] Updated distance: 30.6210914014937 cm | Severity=75 | SourceName=Sensor2 | EventType=application
[2026-08-16 20:11:44.104 (UTC)] info/application	[Sensor] Updated distance: 30.6211343734158 cm | Severity=75 | SourceName=Sensor2 | EventType=application
[2026-08-16 20:11:45.104 (UTC)] info/application	[Sensor] Updated distance: 29.4252591656639 cm | Severity=75 | SourceName=Sensor2 | EventType=application
[2026-08-16 20:11:46.104 (UTC)] info/application	[Sensor] Updated distance: 30.8890093706497 cm | Severity=75 | SourceName=Sensor2 | EventType=application
[2026-08-16 20:11:47.105 (UTC)] info/application	[Sensor] Updated distance: 29.5127911374499 cm | Severity=75 | SourceName=Sensor2 | EventType=application
[2026-08-16 20:11:48.105 (UTC)] info/application	[Sensor] Updated distance: 30.7312779818808 cm | Severity=75 | SourceName=Sensor2 | EventType=application
[2026-08-16 20:11:49.104 (UTC)] info/application	[Sensor] Updated distance: 31.8365718158133 cm | Severity=75 | SourceName=Sensor2 | EventType=application
[2026-08-16 20:11:50.105 (UTC)] info/application	[Sensor] Updated distance: 31.2604899898919 cm | Severity=75 | SourceName=Sensor2 | EventType=application
[2026-08-16 20:11:51.105 (UTC)] info/application	[Sensor] Updated distance: 32.3630086776629 cm | Severity=75 | SourceName=Sensor2 | EventType=application
[2026-08-16 20:11:52.105 (UTC)] info/application	[Sensor] Updated distance: 32.4669182770732 cm | Severity=75 | SourceName=Sensor2 | EventType=application
[2026-08-16 20:11:53.105 (UTC)] info/application	[Sensor] Updated distance: 32.9075184720138 cm | Severity=75 | SourceName=Sensor2 | EventType=application
[2026-08-16 20:11:54.105 (UTC)] info/application	[Sensor] Updated distance: 32.5359928412531 cm | Severity=75 | SourceName=Sensor2 | EventType=application
[2026-08-16 20:11:55.105 (UTC)] info/application	[Sensor] Updated distance: 31.2650855827449 cm | Severity=75 | SourceName=Sensor2 | EventType=application
[2026-08-16 20:11:56.105 (UTC)] info/application	[Sensor] Updated distance: 32.6846876233745 cm | Severity=75 | SourceName=Sensor2 | EventType=application
[2026-08-16 20:11:57.105 (UTC)] info/application	[Sensor] Updated distance: 32.3412060608814 cm | Severity=75 | SourceName=Sensor2 | EventType=application
[2026-08-16 20:11:58.105 (UTC)] info/application	[Sensor] Updated distance: 33.643182778332 cm | Severity=75 | SourceName=Sensor2 | EventType=application
[2026-08-16 20:11:59.104 (UTC)] info/application	[Sensor] Updated distance: 33.3543467527975 cm | Severity=75 | SourceName=Sensor2 | EventType=application
[2026-08-16 20:12:00.105 (UTC)] info/application	[Sensor] Updated distance: 34.7981310241382 cm | Severity=75 | SourceName=Sensor2 | EventType=application
[2026-08-16 20:12:01.105 (UTC)] info/application	[Sensor] Updated distance: 34.0536506837484 cm | Severity=75 | SourceName=Sensor2 | EventType=application
[2026-08-16 20:12:02.105 (UTC)] info/application	[Sensor] Updated distance: 34.3211338081496 cm | Severity=75 | SourceName=Sensor2 | EventType=application
[2026-08-16 20:12:03.106 (UTC)] info/application	[Sensor] Updated distance: 35.6542892552234 cm | Severity=75 | SourceName=Sensor2 | EventType=application
[2026-08-16 20:12:04.106 (UTC)] info/application	[Sensor] Updated distance: 36.5328774075177 cm | Severity=75 | SourceName=Sensor2 | EventType=application
[2026-08-16 20:12:05.106 (UTC)] info/application	[Sensor] Updated distance: 35.7124681387621 cm | Severity=75 | SourceName=Sensor2 | EventType=application
[2026-08-16 20:12:06.106 (UTC)] info/application	[Sensor] Updated distance: 36.4957490353826 cm | Severity=75 | SourceName=Sensor2 | EventType=application
[2026-08-16 20:12:07.106 (UTC)] info/application	[Sensor] Updated distance: 37.5143350747016 cm | Severity=75 | SourceName=Sensor2 | EventType=application
[2026-08-16 20:12:08.106 (UTC)] info/application	[Sensor] Updated distance: 36.2464610006411 cm | Severity=75 | SourceName=Sensor2 | EventType=application
[2026-08-16 20:12:09.106 (UTC)] info/application	[Sensor] Updated distance: 35.7902072955809 cm | Severity=75 | SourceName=Sensor2 | EventType=application
[2026-08-16 20:12:10.105 (UTC)] info/application	[Sensor] Updated distance: 34.5456052865115 cm | Severity=75 | SourceName=Sensor2 | EventType=application
[2026-08-16 20:12:11.105 (UTC)] info/application	[Sensor] Updated distance: 33.4958785979524 cm | Severity=75 | SourceName=Sensor2 | EventType=application
[2026-08-16 20:12:12.106 (UTC)] info/application	[Sensor] Updated distance: 34.0908269270281 cm | Severity=75 | SourceName=Sensor2 | EventType=application
[2026-08-16 20:12:13.097 (UTC)] info/application	[Sensor] Updated distance: 35.2324721180986 cm | Severity=75 | SourceName=Sensor2 | EventType=application
[2026-08-16 20:12:14.097 (UTC)] info/application	[Sensor] Updated distance: 35.5328710880284 cm | Severity=75 | SourceName=Sensor2 | EventType=application
[2026-08-16 20:12:15.097 (UTC)] info/application	[Sensor] Updated distance: 34.6278623876292 cm | Severity=75 | SourceName=Sensor2 | EventType=application
[2026-08-16 20:12:16.097 (UTC)] info/application	[Sensor] Updated distance: 36.0736323709477 cm | Severity=75 | SourceName=Sensor2 | EventType=application
[2026-08-16 20:12:17.099 (UTC)] info/application	[Sensor] Updated distance: 36.3377815444665 cm | Severity=75 | SourceName=Sensor2 | EventType=application
[2026-08-16 20:12:18.099 (UTC)] info/application	[Sensor] Updated distance: 35.5565546108674 cm | Severity=75 | SourceName=Sensor2 | EventType=application
[2026-08-16 20:12:19.099 (UTC)] info/application	[Sensor] Updated distance: 36.7208114386168 cm | Severity=75 | SourceName=Sensor2 | EventType=application
[2026-08-16 20:12:20.099 (UTC)] info/application	[Sensor] Updated distance: 36.590254444671 cm | Severity=75 | SourceName=Sensor2 | EventType=application
[2026-08-16 20:12:21.099 (UTC)] info/application	[Sensor] Updated distance: 36.7329456865476 cm | Severity=75 | SourceName=Sensor2 | EventType=application
[2026-08-16 20:12:22.099 (UTC)] info/application	[Sensor] Updated distance: 37.499721200671 cm | Severity=75 | SourceName=Sensor2 | EventType=application
[2026-08-16 20:12:23.100 (UTC)] info/application	[Sensor] Updated distance: 38.9730738061355 cm | Severity=75 | SourceName=Sensor2 | EventType=application
[2026-08-16 20:12:24.099 (UTC)] info/application	[Sensor] Updated distance: 38.0563652415557 cm | Severity=75 | SourceName=Sensor2 | EventType=application
[2026-08-16 20:12:25.100 (UTC)] info/application	[Sensor] Updated distance: 36.9516151235214 cm | Severity=75 | SourceName=Sensor2 | EventType=application
[2026-08-16 20:12:26.100 (UTC)] info/application	[Sensor] Updated distance: 35.6