[2026-08-17 03:45:58.755 (UTC+0800)] [33mwarn/server[0m	AccessControl: Unconfigured AccessControl. Users have all permissions.
[2026-08-17 03:45:58.755 (UTC+0800)] [32minfo/server[0m	AccessControl: Anonymous login is enabled
[2026-08-17 03:45:58.755 (UTC+0800)] [33mwarn/server[0m	x509 Certificate Authentication configured, but no encrypting SecurityPolicy. This can leak credentials on the network.
[2026-08-17 03:45:58.792 (UTC+0800)] [33mwarn/application[0m	ServerUrls already set. Overriding.
[2026-08-17 03:45:58.792 (UTC+0800)] [33mwarn/server[0m	AccessControl: Unconfigured AccessControl. Users have all permissions.
[2026-08-17 03:45:58.792 (UTC+0800)] [32minfo/server[0m	AccessControl: Anonymous login is enabled
[2026-08-17 03:45:58.792 (UTC+0800)] [33mwarn/server[0m	x509 Certificate Authentication configured, but no encrypting SecurityPolicy. This can leak credentials on the network.
[2026-08-17 03:45:58.792 (UTC+0800)] [33mwarn/server[0m	x509 Certificate Authentication configured, but no encrypting SecurityPolicy. This can leak credentials on the network.
[2026-08-16 19:45:58.792 (UTC)] info/application	Sensor Server online (Client/Server mode, id=2 port=4843) | Severity=75 | SourceName=Sensor2 | EventType=application
Entering background polling mode: attempting to connect to Aggregation Server...
Connected successfully. Log forwarding started.
[2026-08-16 19:45:59.795 (UTC)] info/application	[Sensor] Updated distance: 25.946794603228 cm | Severity=75 | SourceName=Sensor2 | EventType=application
[2026-08-16 19:46:00.765 (UTC)] info/network	[System] TCP 16	| Connection opened from "127.0.0.1" via the server socket 8 | Severity=75 | SourceName=System | EventType=network
[2026-08-16 19:46:00.765 (UTC)] info/channel	[System] TCP 16	| SC 1	| SecureChannel created | Severity=75 | SourceName=System | EventType=channel
[2026-08-16 19:46:01.879 (UTC)] info/application	[Sensor] Updated distance: 26.0461730435706 cm | Severity=75 | SourceName=Sensor2 | EventType=application
[2026-08-16 19:46:01.899 (UTC)] info/channel	[System] TCP 16	| SC 1	| OpenSecureChannel: Channel opened with SecurityMode None for SecurityPolicy http://opcfoundation.org/UA/SecurityPolicy#None and a revised lifetime of 600.0s | Severity=75 | SourceName=System | EventType=channel
[2026-08-16 19:46:01.920 (UTC)] warn/client	[System] Removing a UserTokenPolicy that would allow the password to be transmitted without encryption (Can be enabled via config->allowNonePolicyPassword) | Severity=175 | SourceName=System | EventType=client
[2026-08-16 19:46:01.920 (UTC)] warn/client	[System] Removing a UserTokenPolicy that would allow the password to be transmitted without encryption (Can be enabled via config->allowNonePolicyPassword) | Severity=175 | SourceName=System | EventType=client
[2026-08-16 19:46:01.930 (UTC)] warn/client	[System] Removing a UserTokenPolicy that would allow the password to be transmitted without encryption (Can be enabled via config->allowNonePolicyPassword) | Severity=175 | SourceName=System | EventType=client
[2026-08-16 19:46:01.930 (UTC)] warn/client	[System] Removing a UserTokenPolicy that would allow the password to be transmitted without encryption (Can be enabled via config->allowNonePolicyPassword) | Severity=175 | SourceName=System | EventType=client
[2026-08-16 19:46:01.931 (UTC)] info/session	[System] TCP 16	| SC 1	| Session "ns=1;g=6b3ca2e1-8a4e-0b80-8298-c98c04309309"	| Session created | Severity=75 | SourceName=System | EventType=session
[2026-08-16 19:46:01.942 (UTC)] info/session	[System] TCP 16	| SC 1	| Session "ns=1;g=6b3ca2e1-8a4e-0b80-8298-c98c04309309"	| ActivateSession: Session activated with ClientUserId "" | Severity=75 | SourceName=System | EventType=session
[2026-08-16 19:46:02.327 (UTC)] info/session	[System] TCP 16	| SC 1	| Session "ns=1;g=6b3ca2e1-8a4e-0b80-8298-c98c04309309"	| Subscription 1 | Subscription created (Publishing interval 500.0ms, max 1000 notifications per publish) | Severity=75 | SourceName=System | EventType=session
[2026-08-16 19:46:02.348 (UTC)] info/session	[System] TCP 16	| SC 1	| Session "ns=1;g=6b3ca2e1-8a4e-0b80-8298-c98c04309309"	| Subscription 1 | MonitoredItem 1 | Created the MonitoredItem (Sampling Interval: 250.0ms, Queue Size: 1) | Severity=75 | SourceName=System | EventType=session
[2026-08-16 19:46:02.884 (UTC)] info/application	[Sensor] Updated distance: 26.0498214324703 cm | Severity=75 | SourceName=Sensor2 | EventType=application
[2026-08-16 19:46:03.884 (UTC)] info/application	[Sensor] Updated distance: 25.892119892357 cm | Severity=75 | SourceName=Sensor2 | EventType=application
[2026-08-16 19:46:04.884 (UTC)] info/application	[Sensor] Updated distance: 24.4598263203911 cm | Severity=75 | SourceName=Sensor2 | EventType=application
[2026-08-16 19:46:05.884 (UTC)] info/application	[Sensor] Updated distance: 24.4071200296316 cm | Severity=75 | SourceName=Sensor2 | EventType=application
[2026-08-16 19:46:06.884 (UTC)] info/application	[Sensor] Updated distance: 24.1860867513745 cm | Severity=75 | SourceName=Sensor2 | EventType=application
[2026-08-16 19:46:07.885 (UTC)] info/application	[Sensor] Updated distance: 23.5172741047653 cm | Severity=75 | SourceName=Sensor2 | EventType=application
[2026-08-16 19:46:08.885 (UTC)] info/application	[Sensor] Updated distance: 24.4733555279548 cm | Severity=75 | SourceName=Sensor2 | EventType=application
[2026-08-16 19:46:09.885 (UTC)] info/application	[Sensor] Updated distance: 23.8002748679371 cm | Severity=75 | SourceName=Sensor2 | EventType=application
[2026-08-16 19:46:10.885 (UTC)] info/application	[Sensor] Updated distance: 24.0513850564842 cm | Severity=75 | SourceName=Sensor2 | EventType=application
[2026-08-16 19:46:11.886 (UTC)] info/application	[Sensor] Updated distance: 22.9750249069068 cm | Severity=75 | SourceName=Sensor2 | EventType=application
[2026-08-16 19:46:12.887 (UTC)] info/application	[Sensor] Updated distance: 22.5748718818998 cm | Severity=75 | SourceName=Sensor2 | EventType=application
[2026-08-16 19:46:13.887 (UTC)] info/application	[Sensor] Updated distance: 21.6402504679934 cm | Severity=75 | SourceName=Sensor2 | EventType=application
[2026-08-16 19:46:14.888 (UTC)] info/application	[Sensor] Updated distance: 22.2623538499523 cm | Severity=75 | SourceName=Sensor2 | EventType=application
[2026-08-16 19:46:15.888 (UTC)] info/application	[Sensor] Updated distance: 22.1656683223162 cm | Severity=75 | SourceName=Sensor2 | EventType=application
[2026-08-16 19:46:16.888 (UTC)] info/application	[Sensor] Updated distance: 22.6575523746002 cm | Severity=75 | SourceName=Sensor2 | EventType=application
[2026-08-16 19:46:17.889 (UTC)] info/application	[Sensor] Updated distance: 22.9252101778636 cm | Severity=75 | SourceName=Sensor2 | EventType=application
[2026-08-16 19:46:18.889 (UTC)] info/application	[Sensor] Updated distance: 23.5646106647628 cm | Severity=75 | SourceName=Sensor2 | EventType=application
[2026-08-16 19:46:19.889 (UTC)] info/application	[Sensor] Updated distance: 23.4641672142149 cm | Severity=75 | SourceName=Sensor2 | EventType=application
[2026-08-16 19:46:20.888 (UTC)] info/application	[Sensor] Updated distance: 22.0655483685273 cm | Severity=75 | SourceName=Sensor2 | EventType=application
[2026-08-16 19:46:21.889 (UTC)] info/application	[Sensor] Updated distance: 22.7429648920628 cm | Severity=75 | SourceName=Sensor2 | EventType=application
[2026-08-16 19:46:22.879 (UTC)] info/application	[Sensor] Updated distance: 24.1365988089873 cm | Severity=75 | SourceName=Sensor2 | EventType=application
[2026-08-16 19:46:23.880 (UTC)] info/application	[Sensor] Updated distance: 23.7721216882449 cm | Severity=75 | SourceName=Sensor2 | EventType=application
[2026-08-16 19:46:24.880 (UTC)] info/application	[Sensor] Updated distance: 23.2097686807205 cm | Severity=75 | SourceName=Sensor2 | EventType=application
[2026-08-16 19:46:25.881 (UTC)] info/application	[Sensor] Updated distance: 22.8143255434997 cm | Severity=75 | SourceName=Sensor2 | EventType=application
[2026-08-16 19:46:26.882 (UTC)] info/application	[Sensor] Updated distance: 24.2168403899841 cm | Severity=75 | SourceName=Sensor2 | EventType=application
[2026-08-16 19:46:27.883 (UTC)] info/application	[Sensor] Updated distance: 23.5638794296253 cm | Severity=75 | SourceName=Sensor2 | EventType=application
[2026-08-16 19:46:28.884 (UTC)] info/application	[Sensor] Updated distance: 22.5363947763277 cm | Severity=75 | SourceName=Sensor2 | EventType=application
[2026-08-16 19:46:29.884 (UTC)] info/application	[Sensor] Updated distance: 21.795824442895 cm | Severity=75 | SourceName=Sensor2 | EventType=application
[2026-08-16 19:46:30.885 (UTC)] info/application	[Sensor] Updated distance: 22.8997621351852 cm | Severity=75 | SourceName=Sensor2 | EventType=application
[2026-08-16 19:46:31.885 (UTC)] info/application	[Sensor] Updated distance: 23.3190720865126 cm | Severity=75 | SourceName=Sensor2 | EventType=application
[2026-08-16 19:46:32.886 (UTC)] info/application	[Sensor] Updated distance: 24.1778801934225 cm | Severity=75 | SourceName=Sensor2 | EventType=application
[2026-08-16 19:46:33.887 (UTC)] info/application	[Sensor] Updated distance: 23.7854662732153 cm | Severity=75 | SourceName=Sensor2 | EventType=application
[2026-08-16 19:46:34.887 (UTC)] info/application	[Sensor] Updated distance: 22.5470746830325 cm | Severity=75 | SourceName=Sensor2 | EventType=application
[2026-08-16 19:46:35.887 (UTC)] info/application	[Sensor] Updated distance: 23.4735892179765 cm | Severity=75 | SourceName=Sensor2 | EventType=application
[2026-08-16 19:46:36.887 (UTC)] info/application	[Sensor] Updated distance: 24.5284690070098 cm | Severity=75 | SourceName=Sensor2 | EventType=application
[2026-08-16 19:46:37.887 (UTC)] info/application	[Sensor] Updated distance: 24.5690441385699 cm | Severity=75 | SourceName=Sensor2 | EventType=application
[2026-08-16 19:46:38.887 (UTC)] info/application	[Sensor] Updated distance: 23.3267460255077 cm | Severity=75 | SourceName=Sensor2 | EventType=application
[2026-08-16 19:46:39.887 (UTC)] info/application	[Sensor] Updated distance: 23.8377072377306 cm | Severity=75 | SourceName=Sensor2 | EventType=application
[2026-08-16 19:46:40.887 (UTC)] info/application	[Sensor] Updated distance: 24.7052017106699 cm | Severity=75 | SourceName=Sensor2 | EventType=application
[2026-08-16 19:46:41.888 (UTC)] info/application	[Sensor] Updated distance: 25.2140137875518 cm | Severity=75 | SourceName=Sensor2 | EventType=application
[2026-08-16 19:46:42.888 (UTC)] info/application	[Sensor] Updated distance: 26.1486148501973 cm | Severity=75 | SourceName=Sensor2 | EventType=application
[2026-08-16 19:46:43.879 (UTC)] info/application	[Sensor] Updated distance: 25.1159562967326 cm | Severity=75 | SourceName=Sensor2 | EventType=application
[2026-08-16 19:46:44.889 (UTC)] info/application	[Sensor] Updated distance: 26.1901469597081 cm | Severity=75 | SourceName=Sensor2 | EventType=application
[2026-08-16 19:46:45.879 (UTC)] info/application	[Sensor] Updated distance: 26.2468514029155 cm | Severity=75 | SourceName=Sensor2 | EventType=application
[2026-08-16 19:46:46.880 (UTC)] info/application	[Sensor] Updated distance: 26.6175073232117 cm | Severity=75 | SourceName=Sensor2 | EventType=application
[2026-08-16 19:46:47.881 (UTC)] info/application	[Sensor] Updated distance: 26.6835820384713 cm | Severity=75 | SourceName=Sensor2 | EventType=application
[2026-08-16 19:46:48.882 (UTC)] info/application	[Sensor] Updated distance: 25.507944283545 cm | Severity=75 | SourceName=Sensor2 | EventType=application
[2026-08-16 19:46:49.883 (UTC)] info/application	[Sensor] Updated distance: 25.0180006893435 cm | Severity=75 | SourceName=Sensor2 | EventType=application
[2026-08-16 19:46:50.883 (UTC)] info/application	[Sensor] Updated distance: 26.4836319540551 cm | Severity=75 | SourceName=Sensor2 | EventType=application
[2026-08-16 19:46:51.884 (UTC)] info/application	[Sensor] Updated distance: 25.4093753534413 cm | Severity=75 | SourceName=Sensor2 | EventType=application
[2026-08-16 19:46:52.884 (UTC)] info/application	[Sensor] Updated distance: 24.0968482813783 cm | Severity=75 | SourceName=Sensor2 | EventType=application
[2026-08-16 19:46:53.884 (UTC)] info/application	[Sensor] Updated distance: 25.4561134616174 cm | Severity=75 | SourceName=Sensor2 | EventType=application
[2026-08-16 19:46:54.885 (UTC)] info/application	[Sensor] Updated distance: 25.5173797402612 cm | Severity=75 | SourceName=Sensor2 | EventType=application
[2026-08-16 19:46:55.885 (UTC)] info/application	[Sensor] Updated distance: 25.1424996606738 cm | Severity=75 | SourceName=Sensor2 | EventType=application
[2026-08-16 19:46:56.885 (UTC)] info/application	[Sensor] Updated distance: 24.6063217036921 cm | Severity=75 | SourceName=Sensor2 | EventType=application
[2026-08-16 19:46:57.886 (UTC)] info/application	[Sensor] Updated distance: 24.5701028288203 cm | Severity=75 | SourceName=Sensor2 | EventType=application
[2026-08-16 19:46:58.887 (UTC)] info/application	[Sensor] Updated distance: 25.042261788874 cm | Severity=75 | SourceName=Sensor2 | EventType=application
[2026-08-16 19:46:59.888 (UTC)] info/application	[Sensor] Updated distance: 24.9785991785948 cm | Severity=75 | SourceName=Sensor2 | EventType=application
[2026-08-16 19:47:00.889 (UTC)] info/application	[Sensor] Updated distance: 25.7018099702903 cm | Severity=75 | SourceName=Sensor2 | EventType=application
[2026-08-16 19:47:01.879 (UTC)] info/application	[Sensor] Updated distance: 25.7779066212372 cm | Severity=75 | SourceName=Sensor2 | EventType=application
[2026-08-16 19:47:02.881 (UTC)] info/application	[Sensor] Updated distance: 24.6335539608884 cm | Severity=75 | SourceName=Sensor2 | EventType=application
[2026-08-16 19:47:03.881 (UTC)] info/application	[Sensor] Updated distance: 24.7155728594938 cm | Severity=75 | SourceName=Sensor2 | EventType=application
[2026-08-16 19:47:04.882 (UTC)] info/application	[Sensor] Updated distance: 25.8992555916306 cm | Severity=75 | SourceName=Sensor2 | EventType=application
[2026-08-16 19:47:05.882 (UTC)] info/application	[Sensor] Updated distance: 25.0165113410989 cm | Severity=75 | SourceName=Sensor2 | EventType=application
[2026-08-16 19:47:06.883 (UTC)] info/application	[Sensor] Updated distance: 24.5250447732513 cm | Severity=75 | SourceName=Sensor2 | EventType=application
[2026-08-16 19:47:07.883 (UTC)] info/application	[Sensor] Updated distance: 25.2636072930245 cm | Severity=75 | SourceName=Sensor2 | EventType=application
[2026-08-16 19:47:08.884 (UTC)] info/application	[Sensor] Updated distance: 25.9214381754498 cm | Severity=75 | SourceName=Sensor2 | EventType=application
[2026-08-16 19:47:09.884 (UTC)] info/application	[Sensor] Updated distance: 25.687673495937 cm | Severity=75 | SourceName=Sensor2 | EventType=application
[2026-08-16 19:47:10.884 (UTC)] info/application	[Sensor] Updated distance: 25.4371972265361 cm | Severity=75 | SourceName=Sensor2 | EventType=application
[2026-08-16 19:47:11.884 (UTC)] info/application	[Sensor] Updated distance: 25.4625225805037 cm | Severity=75 | SourceName=Sensor2 | EventType=application
[2026-08-16 19:47:12.884 (UTC)] info/application	[Sensor] Updated distance: 24.2375699764758 cm | Severity=75 | SourceName=Sensor2 | EventType=application
[2026-08-16 19:47:13.885 (UTC)] info/application	[Sensor] Updated distance: 23.4216947683234 cm | Severity=75 | SourceName=Sensor2 | EventType=application
[2026-08-16 19:47:14.885 (UTC)] info/application	[Sensor] Updated distance: 23.9143615688264 cm | Severity=75 | SourceName=Sensor2 | EventType=application
[2026-08-16 19:47:15.885 (UTC)] info/application	[Sensor] Updated distance: 25.263599627774 cm | Severity=75 | SourceName=Sensor2 | EventType=application
[2026-08-16 19:47:16.885 (UTC)] info/application	[Sensor] Updated distance: 26.0044288628289 cm | Severity=75 | SourceName=Sensor2 | EventType=application
[2026-08-16 19:47:17.886 (UTC)] info/application	[Sensor] Updated distance: 25.3677515822312 cm | Severity=75 | SourceName=Sensor2 | EventType=application
[2026-08-16 19:47:18.887 (UTC)] info/application	[Sensor] Updated distance: 25.2830643550414 cm | Severity=75 | SourceName=Sensor2 | EventType=application
[2026-08-16 19:47:19.887 (UTC)] info/application	[Sensor] Updated distance: 26.348255836567 cm | Severity=75 | SourceName=Sensor2 | EventType=application
[2026-08-16 19:47:20.888 (UTC)] info/application	[Sensor] Updated distance: 26.7216349631649 cm | Severity=75 | SourceName=Sensor2 | EventType=application
[2026-08-16 19:47:21.888 (UTC)] info/application	[Sensor] Updated distance: 26.6025789992896 cm | Severity=75 | SourceName=Sensor2 | EventType=application
[2026-08-16 19:47:22.888 (UTC)] info/application	[Sensor] Updated distance: 28.0935138802014 cm | Severity=75 | SourceName=Sensor2 | EventType=application
[2026-08-16 19:47:23.879 (UTC)] info/application	[Sensor] Updated distance: 28.6543659347363 cm | Severity=75 | SourceName=Sensor2 | EventType=application
[2026-08-16 19:47:24.879 (UTC)] info/application	[Sensor] Updated distance: 28.3945751511001 cm | Severity=75 | SourceName=Sensor2 | EventType=application
[2026-08-16 19:47:25.879 (UTC)] info/application	[Sensor] Updated distance: 28.4467763106556 cm | Severity=75 | SourceName=Sensor2 | EventType=application
[2026-08-16 19:47:26.879 (UTC)] info/application	[Sensor] Updated distance: 27.1327482856031 cm | Severity=75 | SourceName=Sensor2 | EventType=application
[2026-08-16 19:47:27.879 (UTC)] info/application	[Sensor] Updated distance: 27.8367795449853 cm | Severity=75 | SourceName=Sensor2 | EventType=application
[2026-08-16 19:47:28.879 (UTC)] info/application	[Sensor] Updated distance: 26.352761828272 cm | Severity=75 | SourceName=Sensor2 | EventType=application
[2026-08-16 19:47:29.880 (UTC)] info/application	[Sensor] Updated distance: 27.0108927632733 cm | Severity=75 | SourceName=Sensor2 | EventType=application
[2026-08-16 19:47:30.880 (UTC)] info/application	[Sensor] Updated distance: 26.1512614109792 cm | Severity=75 | SourceName=Sensor2 | EventType=application
[2026-08-16 19:47:31.880 (UTC)] info/application	[Sensor] Updated distance: 26.8904544859614 cm | Severity=75 | SourceName=Sensor2 | EventType=application
[2026-08-16 19:47:32.880 (UTC)] info/application	[Sensor] Updated distance: 26.1246820719096 cm | Severity=75 | SourceName=Sensor2 | EventType=application
[2026-08-16 19:47:33.880 (UTC)] info/application	[Sensor] Updated distance: 25.6206980606637 cm | Severity=75 | SourceName=Sensor2 | EventType=application
[2026-08-16 19:47:34.880 (UTC)] info/application	[Sensor] Updated distance: 24.9419100328544 cm | Severity=75 | SourceName=Sensor2 | EventType=application
[2026-08-16 19:47:35.882 (UTC)] info/application	[Sensor] Updated distance: 23.8598203495423 cm | Severity=75 | SourceName=Sensor2 | EventType=application
[2026-08-16 19:47:36.882 (UTC)] info/application	[Sensor] Updated distance: 23.9730920877648 cm | Severity=75 | SourceName=Sensor2 | EventType=application
[2026-08-16 19:47:37.883 (UTC)] info/application	[Sensor] Updated distance: 24.3028374935048 cm | Severity=75 | SourceName=Sensor2 | EventType=application
[2026-08-16 19:47:38.884 (UTC)] info/application	[Sensor] Updated distance: 25.4593103299659 cm | Severity=75 | SourceName=Sensor2 | EventType=application
[2026-08-16 19:47:39.885 (UTC)] info/application	[Sensor] Updated distance: 24.7304129492167 cm | Severity=75 | SourceName=Sensor2 | EventType=application
[2026-08-16 19:47:40.885 (UTC)] info/application	[Sensor] Updated distance: 23.3263936740469 cm | Severity=75 | SourceName=Sensor2 | EventType=application
[2026-08-16 19:47:41.885 (UTC)] info/application	[Sensor] Updated distance: 22.7323902411071 cm | Severity=75 | SourceName=Sensor2 | EventType=application
[2026-08-16 19:47:42.886 (UTC)] info/application	[Sensor] Updated distance: 23.5288182143256 cm | Severity=75 | SourceName=Sensor2 | EventType=application
[2026-08-16 19:47:43.886 (UTC)] info/application	[Sensor] Updated distance: 22.3998463351279 cm | Severity=75 | SourceName=Sensor2 | EventType=application
[2026-08-16 19:47:44.887 (UTC)] info/application	[Sensor] Updated distance: 22.4899676940357 cm | Severity=75 | SourceName=Sensor2 | EventType=application
[2026-08-16 19:47:45.887 (UTC)] info/application	[Sensor] Updated distance: 22.2790624677572 cm | Severity=75 | SourceName=Sensor2 | EventType=application
[2026-08-16 19:47:46.888 (UTC)] info/application	[Sensor] Updated distance: 20.99932864611 cm | Severity=75 | SourceName=Sensor2 | EventType=application
[2026-08-16 19:47:47.889 (UTC)] info/application	[Sensor] Updated distance: 20.3302792400728 cm | Severity=75 | SourceName=Sensor2 | EventType=application
[2026-08-16 19:47:48.888 (UTC)] info/application	[Sensor] Updated distance: 20.9826967331966 cm | Severity=75 | SourceName=Sensor2 | EventType=application
[2026-08-16 19:47:49.888 (UTC)] info/application	[Sensor] Updated distance: 21.1182756857566 cm | Severity=75 | SourceName=Sensor2 | EventType=application
[2026-08-16 19:47:50.888 (UTC)] info/application	[Sensor] Updated distance: 20.014417759848 cm | Severity=75 | SourceName=Sensor2 | EventType=application
[2026-08-16 19:47:51.888 (UTC)] info/application	[Sensor] Updated distance: 19.5402143781726 cm | Severity=75 | SourceName=Sensor2 | EventType=application
[2026-08-16 19:47:52.888 (UTC)] info/application	[Sensor] Updated distance: 18.0567373654604 cm | Severity=75 | SourceName=Sensor2 | EventType=application
[2026-08-16 19:47:53.888 (UTC)] info/application	[Sensor] Updated distance: 16.9438143190666 cm | Severity=75 | SourceName=Sensor2 | EventType=application
[2026-08-16 19:47:54.889 (UTC)] info/application	[Sensor] Updated distance: 15.5304629919261 cm | Severity=75 | SourceName=Sensor2 | EventType=application
[2026-08-16 19:47:55.889 (UTC)] info/application	[Sensor] Updated distance: 15.2871951955777 cm | Severity=75 | SourceName=Sensor2 | EventType=application
[2026-08-16 19:47:56.879 (UTC)] info/application	[Sensor] Updated distance: 15.7264733087395 cm | Severity=75 | SourceName=Sensor2 | EventType=application
[2026-08-16 19:47:57.880 (UTC)] info/application	[Sensor] Updated distance: 14.4990939565464 cm | Severity=75 | SourceName=Sensor2 | EventType=application
[2026-08-16 19:47:58.881 (UTC)] info/application	[Sensor] Updated distance: 13.4598574181832 cm | Severity=75 | SourceName=Sensor2 | EventType=application
[2026-08-16 19:47:59.881 (UTC)] info/application	[Sensor] Updated distance: 13.9151178146317 cm | Severity=75 | SourceName=Sensor2 | EventType=application
[2026-08-16 19:48:00.882 (UTC)] info/application	[Sensor] Updated distance: 14.8458693974399 cm | Severity=75 | SourceName=Sensor2 | EventType=application
[2026-08-16 19:48:01.882 (UTC)] info/application	[Sensor] Updated distance: 14.4470015081796 cm | Severity=75 | SourceName=Sensor2 | EventType=application
[2026-08-16 19:48:02.882 (UTC)] info/application	[Sensor] Updated distance: 14.1414549796104 cm | Severity=75 | SourceName=Sensor2 | EventType=application
[2026-08-16 19:48:03.882 (UTC)] info/application	[Sensor] Updated distance: 12.8064341469698 cm | Severity=75 | SourceName=Sensor2 | EventType=application
[2026-08-16 19:48:04.883 (UTC)] info/application	[Sensor] Updated distance: 13.4035822464635 cm | Severity=75 | SourceName=Sensor2 | EventType=application
[2026-08-16 19:48:05.883 (UTC)] info/application	[Sensor] Updated distance: 13.919247690085 cm | Severity=75 | SourceName=Sensor2 | EventType=application
[2026-08-16 19:48:06.884 (UTC)] info/application	[Sensor] Updated distance: 13.0021371741323 cm | Severity=75 | SourceName=Sensor2 | EventType=application
[2026-08-16 19:48:07.885 (UTC)] info/application	[Sensor] Updated distance: 12.2125570104516 cm | Severity=75 | SourceName=Sensor2 | EventType=application
[2026-08-16 19:48:08.885 (UTC)] info/application	[Sensor] Updated distance: 11.557967858416 cm | Severity=75 | SourceName=Sensor2 | EventType=application
[2026-08-16 19:48:09.886 (UTC)] info/application	[Sensor] Updated distance: 10.2973301789245 cm | Severity=75 | SourceName=Sensor2 | EventType=application
[2026-08-16 19:48:10.886 (UTC)] info/application	[Sensor] Updated distance: 10.2788526358916 cm | Severity=75 | SourceName=Sensor2 | EventType=application
[2026-08-16 19:48:11.886 (UTC)] info/application	[Sensor] Updated distance: 9.72024420868615 cm | Severity=75 | SourceName=Sensor2 | EventType=application
[2026-08-16 19:48:12.887 (UTC)] info/application	[Sensor] Updated distance: 9.3656030962549 cm | Severity=75 | SourceName=Sensor2 | EventType=application
[2026-08-16 19:48:13.887 (UTC)] info/application	[Sensor] Updated distance: 8.64355352504343 cm | Severity=75 | SourceName=Sensor2 | EventType=application
[2026-08-16 19:48:14.888 (UTC)] info/application	[Sensor] Updated distance: 8.45597321864029 cm | Severity=75 | SourceName=Sensor2 | EventType=application
[2026-08-16 19:48:15.888 (UTC)] info/application	[Sensor] Updated distance: 9.69145346511687 cm | Severity=75 | SourceName=Sensor2 | EventType=application
[2026-08-16 19:48:16.879 (UTC)] info/application	[Sensor] Updated distance: 10.2584986676269 cm | Severity=75 | SourceName=Sensor2 | EventType=application
[2026-08-16 19:48:17.879 (UTC)] info/application	[Sensor] Updated distance: 10.2911845409736 cm | Severity=75 | SourceName=Sensor2 | EventType=application
[2026-08-16 19:48:18.880 (UTC)] info/application	[Sensor] Updated distance: 9.35761538001596 cm | Severity=75 | SourceName=Sensor2 | EventType=application
[2026-08-16 19:48:19.880 (UTC)] info/application	[Sensor] Updated distance: 9.07707807564971 cm | Severity=75 | SourceName=Sensor2 | EventType=application
[2026-08-16 19:48:20.881 (UTC)] info/application	[Sensor] Updated distance: 7.74534290015945 cm | Severity=75 | SourceName=Sensor2 | EventType=application
[2026-08-16 19:48:21.881 (UTC)] info/application	[Sensor] Updated distance: 7.20791581329326 cm | Severity=75 | SourceName=Sensor2 | EventType=application
[2026-08-16 19:48:22.882 (UTC)] info/application	[Sensor] Updated distance: 7.95317512725161 cm | Severity=75 | SourceName=Sensor2 | EventType=application
[2026-08-16 19:48:23.882 (UTC)] info/application	[Sensor] Updated distance: 6.63796293904909 cm | Severity=75 | SourceName=Sensor2 | EventType=application
[2026-08-16 19:48:24.882 (UTC)] info/application	[Sensor] Updated distance: 6.48761280718613 cm | Severity=75 | SourceName=Sensor2 | EventType=application
[2026-08-16 19:48:25.882 (UTC)] info/application	[Sensor] Updated distance: 7.31952079400397 cm | Severity=75 | SourceName=Sensor2 | EventType=application
[2026-08-16 19:48:26.883 (UTC)] info/application	[Sensor] Updated distance: 7.26104081084999 cm | Severity=75 | SourceName=Sensor2 | EventType=application
[2026-08-16 19:48:27.883 (UTC)] info/application	[Sensor] Updated distance: 6.04996879075185 cm | Severity=75 | SourceName=Sensor2 | EventType=application
[2026-08-16 19:48:28.883 (UTC)] info/application	[Sensor] Updated distance: 7.15449742537666 cm | Severity=75 | SourceName=Sensor2 | EventType=application
[2026-08-16 19:48:29.884 (UTC)] info/application	[Sensor] Updated distance: 7.55678090385941 cm | Severity=75 | SourceName=Sensor2 | EventType=application
[2026-08-16 19:48:30.884 (UTC)] info/application	[Sensor] Updated distance: 8.30096928160681 cm | Severity=75 | SourceName=Sensor2 | EventType=application
[2026-08-16 19:48:31.885 (UTC)] info/application	[Sensor] Updated distance: 8.83624949903983 cm | Severity=75 | SourceName=Sensor2 | EventType=application
[2026-08-16 19:48:32.885 (UTC)] info/application	[Sensor] Updated distance: 7.33966508686526 cm | Severity=75 | SourceName=Sensor2 | EventType=application
[2026-08-16 19:48:33.885 (UTC)] info/application	[Sensor] Updated distance: 6.27830693464646 cm | Severity=75 | SourceName=Sensor2 | EventType=application
[2026-08-16 19:48:34.886 (UTC)] info/application	[Sensor] Updated distance: 6.97856631943888 cm | Severity=75 | SourceName=Sensor2 | EventType=application
[2026-08-16 19:48:35.886 (UTC)] info/application	[Sensor] Updated distance: 7.57913000675808 cm | Severity=75 | SourceName=Sensor2 | EventType=application
[2026-08-16 19:48:36.887 (UTC)] info/application	[Sensor] Updated distance: 8.5334372981607 cm | Severity=75 | SourceName=Sensor2 | EventType=application
[2026-08-16 19:48:37.888 (UTC)] info/application	[Sensor] Updated distance: 9.81658616839748 cm | Severity=75 | SourceName=Sensor2 | EventType=application
[2026-08-16 19:48:38.888 (UTC)] info/application	[Sensor] Updated distance: 11.1275696934329 cm | Severity=75 | SourceName=Sensor2 | EventType=application
[2026-08-16 19:48:39.889 (UTC)] info/application	[Sensor] Updated distance: 9.92728783279995 cm | Severity=75 | SourceName=Sensor2 | EventType=application
[2026-08-16 19:48:40.879 (UTC)] info/application	[Sensor] Updated distance: 8.44979902214826 cm | Severity=75 | SourceName=Sensor2 | EventType=application
[2026-08-16 19:48:41.880 (UTC)] info/application	[Sensor] Updated distance: 8.24230500275375 cm | Severity=75 | SourceName=Sensor2 | EventType=application
[2026-08-16 19:48:42.882 (UTC)] info/application	[Sensor] Updated distance: 7.98341471491539 cm | Severity=75 | SourceName=Sensor2 | EventType=application
[2026-08-16 19:48:43.882 (UTC)] info/application	[Sensor] Updated distance: 7.65128479183244 cm | Severity=75 | SourceName=Sensor2 | EventType=application
[2026-08-16 19:48:44.882 (UTC)] info/application	[Sensor] Updated distance: 8.22174120122646 cm | Severity=75 | SourceName=Sensor2 | EventType=application
[2026-08-16 19:48:45.882 (UTC)] info/application	[Sensor] Updated distance: 9.27527060838194 cm | Severity=75 | SourceName=Sensor2 | EventType=application
[2026-08-16 19:48:46.882 (UTC)] info/application	[Sensor] Updated distance: 8.6786209303786 cm | Severity=75 | SourceName=Sensor2 | EventType=application
[2026-08-16 19:48:47.882 (UTC)] info/application	[Sensor] Updated distance: 8.31612254228261 cm | Severity=75 | SourceName=Sensor2 | EventType=application
[2026-08-16 19:48:48.882 (UTC)] info/application	[Sensor] Updated distance: 7.90233782138783 cm | Severity=75 | SourceName=Sensor2 | EventType=application
[2026-08-16 19:48:49.882 (UTC)] info/application	[Sensor] Updated distance: 7.87211898382385 cm | Severity=75 | SourceName=Sensor2 | EventType=application
[2026-08-16 19:48:50.883 (UTC)] info/application	[Sensor] Updated distance: 8.7290832913616 cm | Severity=75 | SourceName=Sensor2 | EventType=application
[2026-08-16 19:48:51.883 (UTC)] info/application	[Sensor] Updated distance: 8.48356339497656 cm | Severity=75 | SourceName=Sensor2 | EventType=application
[2026-08-16 19:48:52.883 (UTC)] info/application	[Sensor] Updated distance: 9.41591747054639 cm | Severity=75 | SourceName=Sensor2 | EventType=application
[2026-08-16 19:48:53.883 (UTC)] info/application	[Sensor] Updated distance: 9.51814109064551 cm | Severity=75 | SourceName=Sensor2 | EventType=application
[2026-08-16 19:48:54.883 (UTC)] info/application	[Sensor] Updated distance: 9.45740900605795 cm | Severity=75 | SourceName=Sensor2 | EventType=application
[2026-08-16 19:48:55.883 (UTC)] info/application	[Sensor] Updated distance: 8.73941294836783 cm | Severity=75 | SourceName=Sensor2 | EventType=application
[2026-08-16 19:48:56.884 (UTC)] info/application	[Sensor] Updated distance: 8.17354455528479 cm | Severity=75 | SourceName=Sensor2 | EventType=application
[2026-08-16 19:48:57.884 (UTC)] info/application	[Sensor] Updated distance: 9.55433248754325 cm | Severity=75 | SourceName=Sensor2 | EventType=application
[2026-08-16 19:48:58.885 (UTC)] info/application	[Sensor] Updated distance: 9.12526441115198 cm | Severity=75 | SourceName=Sensor2 | EventType=application
[2026-08-16 19:48:59.885 (UTC)] info/application	[Sensor] Updated distance: 8.16392465129676 cm | Severity=75 | SourceName=Sensor2 | EventType=application
[2026-08-16 19:49:00.885 (UTC)] info/application	[Sensor] Updated distance: 8.44699606203798 cm | Severity=75 | SourceName=Sensor2 | EventType=application
[2026-08-16 19:49:01.886 (UTC)] info/application	[Sensor] Updated distance: 7.26211636199713 cm | Severity=75 | SourceName=Sensor2 | EventType=application
[2026-08-16 19:49:02.887 (UTC)] info/application	[Sensor] Updated distance: 8.33605681957492 cm | Severity=75 | SourceName=Sensor2 | EventType=application
[2026-08-16 19:49:03.886 (UTC)] info/application	[Sensor] Updated distance: 8.62254381814157 cm | Severity=75 | SourceName=Sensor2 | EventType=application
[2026-08-16 19:49:04.887 (UTC)] info/application	[Sensor] Updated distance: 7.87630596588192 cm | Severity=75 | SourceName=Sensor2 | EventType=application
[2026-08-16 19:49:05.887 (UTC)] info/application	[Sensor] Updated distance: 8.15050580825213 cm | Severity=75 | SourceName=Sensor2 | EventType=application
[2026-08-16 19:49:06.887 (UTC)] info/application	[Sensor] Updated distance: 7.53755649413798 cm | Severity=75 | SourceName=Sensor2 | EventType=application
[2026-08-16 19:49:07.887 (UTC)] info/application	[Sensor] Updated distance: 6.24562593188397 cm | Severity=75 | SourceName=Sensor2 | EventType=application
[2026-08-16 19:49:08.888 (UTC)] info/application	[Sensor] Updated distance: 6.30297464309397 cm | Severity=75 | SourceName=Sensor2 | EventType=application
[2026-08-16 19:49:09.888 (UTC)] info/application	[Sensor] Updated distance: 5.50100885261827 cm | Severity=75 | SourceName=Sensor2 | EventType=application
[2026-08-16 19:49:10.889 (UTC)] info/application	[Sensor] Updated distance: 4.50879642973131 cm | Severity=75 | SourceName=Sensor2 | EventType=application
[2026-08-16 19:49:11.889 (UTC)] info/application	[Sensor] Updated distance: 4.58865633028961 cm | Severity=75 | SourceName=Sensor2 | EventType=application
[2026-08-16 19:49:12.879 (UTC)] info/application	[Sensor] Updated distance: 5.0791965204194 cm | Severity=75 | SourceName=Sensor2 | EventType=application
[2026-08-16 19:49:13.880 (UTC)] info/application	[Sensor] Updated distance: 5.32809381109106 cm | Severity=75 | SourceName=Sensor2 | EventType=application
[2026-08-16 19:49:14.880 (UTC)] info/application	[Sensor] Updated distance: 6.57582378856642 cm | Severity=75 | SourceName=Sensor2 | EventType=application
[2026-08-16 19:49:15.880 (UTC)] info/application	[Sensor] Updated distance: 6.13682038669325 cm | Severity=75 | SourceName=Sensor2 | EventType=application
[2026-08-16 19:49:16.880 (UTC)] info/application	[Sensor] Updated distance: 5.93924708312341 cm | Severity=75 | SourceName=Sensor2 | EventType=application
[2026-08-16 19:49:17.880 (UTC)] info/application	[Sensor] Updated distance: 5.09032738119843 cm | Severity=75 | SourceName=Sensor2 | EventType=application
[2026-08-16 19:49:18.880 (UTC)] info/application	[Sensor] Updated distance: 5.78882559122927 cm | Severity=75 | SourceName=Sensor2 | EventType=application
[2026-08-16 19:49:19.881 (UTC)] info/application	[Sensor] Updated distance: 6.67746756676465 cm | Severity=75 | SourceName=Sensor2 | EventType=application
[2026-08-16 19:49:20.882 (UTC)] info/application	[Sensor] Updated distance: 7.29832902727569 cm | Severity=75 | SourceName=Sensor2 | EventType=application
[2026-08-16 19:49:21.883 (UTC)] info/application	[Sensor] Updated distance: 7.3537915434473 cm | Severity=75 | SourceName=Sensor2 | EventType=application
[2026-08-16 19:49:22.883 (UTC)] info/application	[Sensor] Updated distance: 6.49691362120066 cm | Severity=75 | SourceName=Sensor2 | EventType=application
[2026-08-16 19:49:23.883 (UTC)] info/application	[Sensor] Updated distance: 6.55012915728152 cm | Severity=75 | SourceName=Sensor2 | EventType=application
[2026-08-16 19:49:24.884 (UTC)] info/application	[Sensor] Updated distance: 5.20781529355225 cm | Severity=75 | SourceName=Sensor2 | EventType=application
[2026-08-16 19:49:25.885 (UTC)] info/application	[Sensor] Updated distance: 5.79020528671805 cm | Severity=75 | SourceName=Sensor2 | EventType=application
[2026-08-16 19:49:26.886 (UTC)] info/application	[Sensor] Updated distance: 6.6254247651088 cm | Severity=75 | SourceName=Sensor2 | EventType=application
[2026-08-16 19:49:27.886 (UTC)] info/application	[Sensor] Updated distance: 6.21724250829648 cm | Severity=75 | SourceName=Sensor2 | EventType=application
[2026-08-16 19:49:28.887 (UTC)] info/application	[Sensor] Updated distance: 6.68042043372075 cm | Severity=75 | SourceName=Sensor2 | EventType=application
[2026-08-16 19:49:29.879 (UTC)] info/application	[Sensor] Updated distance: 5.58657183432324 cm | Severity=75 | SourceName=Sensor2 | EventType=application
[2026-08-16 19:49:30.880 (UTC)] info/application	[Sensor] Updated distance: 5.71704981765571 cm | Severity=75 | SourceName=Sensor2 | EventType=application
[2026-08-16 19:49:31.880 (UTC)] info/application	[Sensor] Updated distance: 4.96329915242421 cm | Severity=75 | SourceName=Sensor2 | EventType=application
[2026-08-16 19:49:32.881 (UTC)] info/application	[Sensor] Updated distance: 4.18457085298585 cm | Severity=75 | SourceName=Sensor2 | EventType=application
[2026-08-16 19:49:33.881 (UTC)] info/application	[Sensor] Updated distance: 3.8889892938961 cm | Severity=75 | SourceName=Sensor2 | EventType=application
[2026-08-16 19:49:34.881 (UTC)] info/application	[Sensor] Updated distance: 4.92172562723127 cm | Severity=75 | SourceName=Sensor2 | EventType=application
[2026-08-16 19:49:35.882 (UTC)] info/application	[Sensor] Updated distance: 4.89675947553325 cm | Severity=75 | SourceName=Sensor2 | EventType=application
[2026-08-16 19:49:36.882 (UTC)] info/application	[Sensor] Updated distance: 6.37537775881371 cm | Severity=75 | SourceName=Sensor2 | EventType=application
[2026-08-16 19:49:37.883 (UTC)] info/application	[Sensor] Updated distance: 5.29516477663774 cm | Severity=75 | SourceName=Sensor2 | EventType=application
[2026-08-16 19:49:38.884 (UTC)] info/application	[Sensor] Updated distance: 5.47826806408271 cm | Severity=75 | SourceName=Sensor2 | EventType=application
[2026-08-16 19:49:39.884 (UTC)] info/application	[Sensor] Updated distance: 5.51423505717618 cm | Severity=75 | SourceName=Sensor2 | EventType=application
[2026-08-16 19:49:40.885 (UTC)] info/application	[Sensor] Updated distance: 5.13205628452451 cm | Severity=75 | SourceName=Sensor2 | EventType=application
[2026-08-16 19:49:41.885 (UTC)] info/application	[Sensor] Updated distance: 5.82294714908251 cm | Severity=75 | SourceName=Sensor2 | EventType=application
[2026-08-16 19:49:42.886 (UTC)] info/application	[Sensor] Updated distance: 4.4387740413373 cm | Severity=75 | SourceName=Sensor2 | EventType=application
[2026-08-16 19:49:43.886 (UTC)] info/application	[Sensor] Updated distance: 3.04713545741844 cm | Severity=75 | SourceName=Sensor2 | EventType=application
[2026-08-16 19:49:44.887 (UTC)] info/application	[Sensor] Updated distance: 2.48692361125112 cm | Severity=75 | SourceName=Sensor2 | EventType=application
[2026-08-16 19:49:45.887 (UTC)] info/application	[Sensor] Updated distance: 3.85048048098127 cm | Severity=75 | SourceName=Sensor2 | EventType=application
[2026-08-16 19:49:46.888 (UTC)] info/application	[Sensor] Updated distance: 3.51983849658622 cm | Severity=75 | SourceName=Sensor2 | EventType=application
[2026-08-16 19:49:47.888 (UTC)] info/application	[Sensor] Updated distance: 4.26205334684905 cm | Severity=75 | SourceName=Sensor2 | EventType=application
[2026-08-16 19:49:48.888 (UTC)] info/application	[Sensor] Updated distance: 3.27669051325724 cm | Severity=75 | SourceName=Sensor2 | EventType=application
[2026-08-16 19:49:49.888 (UTC)] info/application	[Sensor] Updated distance: 2.14454673749605 cm | Severity=75 | SourceName=Sensor2 | EventType=application
[2026-08-16 19:49:50.879 (UTC)] info/application	[Sensor] Updated distance: 2.27540356189728 cm | Severity=75 | SourceName=Sensor2 | EventType=application
[2026-08-16 19:49:51.880 (UTC)] info/application	[Sensor] Updated distance: 3.41090219021349 cm | Severity=75 | SourceName=Sensor2 | EventType=application
[2026-08-16 19:49:52.880 (UTC)] info/application	[Sensor] Updated distance: 3.83422093202089 cm | Severity=75 | SourceName=Sensor2 | EventType=application
[2026-08-16 19:49:53.880 (UTC)] info/application	[Sensor] Updated distance: 4.60819983417548 cm | Severity=75 | SourceName=Sensor2 | EventType=application
[2026-08-16 19:49:54.881 (UTC)] info/application	[Sensor] Updated distance: 4.29691399717558 cm | Severity=75 | SourceName=Sensor2 | EventType=application
[2026-08-16 19:49:55.881 (UTC)] info/application	[Sensor] Updated distance: 4.8779188752537 cm | Severity=75 | SourceName=Sensor2 | EventType=application
[2026-08-16 19:49:56.881 (UTC)] info/application	[Sensor] Updated distance: 4.7342877705741 cm | Severity=75 | SourceName=Sensor2 | EventType=application
[2026-08-16 19:49:57.881 (UTC)] info/application	[Sensor] Updated distance: 3.75822141056796 cm | Severity=75 | SourceName=Sensor2 | EventType=application
[2026-08-16 19:49:58.881 (UTC)] info/application	[Sensor] Updated distance: 2.43104403043678 cm | Severity=75 | SourceName=Sensor2 | EventType=application
[2026-08-16 19:49:59.881 (UTC)] info/application	[Sensor] Updated distance: 2.74940915021554 cm | Severity=75 | SourceName=Sensor2 | EventType=application
[2026-08-16 19:50:00.881 (UTC)] info/application	[Sensor] Updated distance: 2.17949419220888 cm | Severity=75 | SourceName=Sensor2 | EventType=application
[2026-08-16 19:50:01.881 (UTC)] info/application	[Sensor] Updated distance: 2.48279479541016 cm | Severity=75 | SourceName=Sensor2 | EventType=application
[2026-08-16 19:50:02.882 (UTC)] info/application	[Sensor] Updated distance: 2.04859094952635 cm | Severity=75 | SourceName=Sensor2 | EventType=application
[2026-08-16 19:50:03.882 (UTC)] info/application	[Sensor] Updated distance: 2.19994769208133 cm | Severity=75 | SourceName=Sensor2 | EventType=application
[2026-08-16 19:50:04.883 (UTC)] info/application	[Sensor] Updated distance: 3.29233326520412 cm | Severity=75 | SourceName=Sensor2 | EventType=application
[2026-08-16 19:50:05.884 (UTC)] info/application	[Sensor] Updated distance: 2.39086575125848 cm | Severity=75 | SourceName=Sensor2 | EventType=application
[2026-08-16 19:50:06.885 (UTC)] info/application	[Sensor] Updated distance: 2.98274365788455 cm | Severity=75 | SourceName=Sensor2 | EventType=application
[2026-08-16 19:50:07.885 (UTC)] info/application	[Sensor] Updated distance: 4.46908098387957 cm | Severity=75 | SourceName=Sensor2 | EventType=application
[2026-08-16 19:50:08.885 (UTC)] info/application	[Sensor] Updated distance: 3.98740048915494 cm | Severity=75 | SourceName=Sensor2 | EventType=application
[2026-08-16 19:50:09.886 (UTC)] info/application	[Sensor] Updated distance: 4.29689436745687 cm | Severity=75 | SourceName=Sensor2 | EventType=application
[2026-08-16 19:50:10.886 (UTC)] info/application	[Sensor] Updated distance: 4.31919868514838 cm | Severity=75 | SourceName=Sensor2 | EventType=application
[2026-08-16 19:50:11.886 (UTC)] info/application	[Sensor] Updated distance: 4.95533941777208 cm | Severity=75 | SourceName=Sensor2 | EventType=application
[2026-08-16 19:50:12.886 (UTC)] info/application	[Sensor] Updated distance: 4.45572415923502 cm | Severity=75 | SourceName=Sensor2 | EventType=application
[2026-08-16 19:50:13.886 (UTC)] info/application	[Sensor] Updated distance: 4.59385536918132 cm | Severity=75 | SourceName=Sensor2 | EventType=application
[2026-08-16 19:50:14.886 (UTC)] info/application	[Sensor] Updated distance: 5.33835751928314 cm | Severity=75 | SourceName=Sensor2 | EventType=application
[2026-08-16 19:50:15.886 (UTC)] info/application	[Sensor] Updated distance: 5.77853041597575 cm | Severity=75 | SourceName=Sensor2 | EventType=application
[2026-08-16 19:50:16.886 (UTC)] info/application	[Sensor] Updated distance: 5.78021849425521 cm | Severity=75 | SourceName=Sensor2 | EventType=application
[2026-08-16 19:50:17.887 (UTC)] info/application	[Sensor] Updated distance: 4.694078658565 cm | Severity=75 | SourceName=Sensor2 | EventType=application
[2026-08-16 19:50:18.887 (UTC)] info/application	[Sensor] Updated distance: 4.37646640412347 cm | Severity=75 | SourceName=Sensor2 | EventType=application
[2026-08-16 19:50:19.887 (UTC)] info/application	[Sensor] Updated distance: 4.8927916502081 cm | Severity=75 | SourceName=Sensor2 | EventType=application
[2026-08-16 19:50:20.887 (UTC)] info/application	[Sensor] Updated distance: 4.17450803875669 cm | Severity=75 | SourceName=Sensor2 | EventType=application
[2026-08-16 19:50:21.887 (UTC)] info/application	[Sensor] Updated distance: 5.48775261011337 cm | Severity=75 | SourceName=Sensor2 | EventType=application
[2026-08-16 19:50:22.887 (UTC)] info/application	[Sensor] Updated distance: 5.63957648311724 cm | Severity=75 | SourceName=Sensor2 | EventType=application
[2026-08-16 19:50:23.886 (UTC)] info/application	[Sensor] Updated distance: 6.84461161347322 cm | Severity=75 | SourceName=Sensor2 | EventType=application
[2026-08-16 19:50:24.886 (UTC)] info/application	[Sensor] Updated distance: 7.43183508558752 cm | Severity=75 | SourceName=Sensor2 | EventType=application
[2026-08-16 19:50:25.886 (UTC)] info/application	[Sensor] Updated distance: 8.77237312159147 cm | Severity=75 | SourceName=Sensor2 | EventType=application
[2026-08-16 19:50:26.886 (UTC)] info/application	[Sensor] Updated distance: 9.0584131286286 cm | Severity=75 | SourceName=Sensor2 | EventType=application
[2026-08-16 19:50:27.885 (UTC)] info/application	[Sensor] Updated distance: 8.0020054946663 cm | Severity=75 | SourceName=Sensor2 | EventType=application
[2026-08-16 19:50:28.884 (UTC)] info/application	[Sensor] Updated distance: 6.86647716926714 cm | Severity=75 | SourceName=Sensor2 | EventType=application
[2026-08-16 19:50:29.884 (UTC)] info/application	[Sensor] Updated distance: 7.3253397961731 cm | Severity=75 | SourceName=Sensor2 | EventType=application
[2026-08-16 19:50:30.884 (UTC)] info/application	[Sensor] Updated distance: 6.58847898155847 cm | Severity=75 | SourceName=Sensor2 | EventType=application
[2026-08-16 19:50:31.883 (UTC)] info/application	[Sensor] Updated distance: 6.38303569815265 cm | Severity=75 | SourceName=Sensor2 | EventType=application
[2026-08-16 19:50:32.883 (UTC)] info/application	[Sensor] Updated distance: 5.64519892825989 cm | Severity=75 | SourceName=Sensor2 | EventType=application
[2026-08-16 19:50:33.882 (UTC)] info/application	[Sensor] Updated distance: 5.97413426776145 cm | Severity=75 | SourceName=Sensor2 | EventType=application
[2026-08-16 19:50:34.881 (UTC)] info/application	[Sensor] Updated distance: 7.42004772830758 cm | Severity=75 | SourceName=Sensor2 | EventType=application
[2026-08-16 19:50:35.880 (UTC)] info/application	[Sensor] Updated distance: 6.68993000112938 cm | Severity=75 | SourceName=Sensor2 | EventType=application
[2026-08-16 19:50:36.880 (UTC)] info/application	[Sensor] Updated distance: 7.61739782808229 cm | Severity=75 | SourceName=Sensor2 | EventType=application
[2026-08-16 19:50:37.880 (UTC)] info/application	[Sensor] Updated distance: 6.1897018780884 cm | Severity=75 | SourceName=Sensor2 | EventType=application
[2026-08-16 19:50:38.880 (UTC)] info/application	[Sensor] Updated distance: 5.44592147690521 cm | Severity=75 | SourceName=Sensor2 | EventType=application
[2026-08-16 19:50:39.880 (UTC)] info/application	[Sensor] Updated distance: 4.39170880773652 cm | Severity=75 | SourceName=Sensor2 | EventType=application
[2026-08-16 19:50:40.880 (UTC)] info/application	[Sensor] Updated distance: 4.77350673604456 cm | Severity=75 | SourceName=Sensor2 | EventType=application
[2026-08-16 19:50:41.879 (UTC)] info/application	[Sensor] Updated distance: 5.55203065255287 cm | Severity=75 | SourceName=Sensor2 | EventType=application
[2026-08-16 19:50:42.879 (UTC)] info/application	[Sensor] Updated distance: 6.63395871600788 cm | Severity=75 | SourceName=Sensor2 | EventType=application
[2026-08-16 19:50:43.880 (UTC)] info/application	[Sensor] Updated distance: 8.01614138577887 cm | Severity=75 | SourceName=Sensor2 | EventType=application
[2026-08-16 19:50:44.881 (UTC)] info/application	[Sensor] Updated distance: 7.43279651223348 cm | Severity=75 | SourceName=Sensor2 | EventType=application
[2026-08-16 19:50:45.881 (UTC)] info/application	[Sensor] Updated distance: 7.75922672439332 cm | Severity=75 | SourceName=Sensor2 | EventType=application
[2026-08-16 19:50:46.881 (UTC)] info/application	[Sensor] Updated distance: 8.08158228945994 cm | Severity=75 | SourceName=Sensor2 | EventType=application
[2026-08-16 19:50:47.881 (UTC)] info/application	[Sensor] Updated distance: 8.99992549419401 cm | Severity=75 | SourceName=Sensor2 | EventType=application
[2026-08-16 19:50:48.881 (UTC)] info/application	[Sensor] Updated distance: 9.74021587066364 cm | Severity=75 | SourceName=Sensor2 | EventType=application
[2026-08-16 19:50:49.881 (UTC)] info/application	[Sensor] Updated distance: 8.24495918128872 cm | Severity=75 | SourceName=Sensor2 | EventType=application
[2026-08-16 19:50:50.882 (UTC)] info/application	[Sensor] Updated distance: 8.17962763071045 cm | Severity=75 | SourceName=Sensor2 | EventType=application
[2026-08-16 19:50:51.881 (UTC)] info/application	[Sensor] Updated distance: 6.70163439572867 cm | Severity=75 | SourceName=Sensor2 | EventType=application
[2026-08-16 19:50:52.882 (UTC)] info/application	[Sensor] Updated distance: 8.01962227771043 cm | Severity=75 | SourceName=Sensor2 | EventType=application
[2026-08-16 19:50:53.881 (UTC)] info/application	[Sensor] Updated distance: 6.60611459873903 cm | Severity=75 | SourceName=Sensor2 | EventType=application
[2026-08-16 19:50:54.882 (UTC)] info/application	[Sensor] Updated distance: 7.83315649411324 cm | Severity=75 | SourceName=Sensor2 | EventType=application
[2026-08-16 19:50:55.881 (UTC)] info/application	[Sensor] Updated distance: 8.23836784681231 cm | Severity=75 | SourceName=Sensor2 | EventType=application
[2026-08-16 19:50:56.882 (UTC)] info/application	[Sensor] Updated distance: 9.66539820384487 cm | Severity=75 | SourceName=Sensor2 | EventType=application
[2026-08-16 19:50:57.882 (UTC)] info/application	[Sensor] Updated distance: 9.67848010625621 cm | Severity=75 | SourceName=Sensor2 | EventType=application
[2026-08-16 19:50:58.883 (UTC)] info/application	[Sensor] Updated distance: 10.