[2026-08-11 23:25:53.943 (UTC+0800)] [33mwarn/server[0m	AccessControl: Unconfigured AccessControl. Users have all permissions.
[2026-08-11 23:25:53.943 (UTC+0800)] [32minfo/server[0m	AccessControl: Anonymous login is enabled
[2026-08-11 23:25:53.943 (UTC+0800)] [33mwarn/server[0m	x509 Certificate Authentication configured, but no encrypting SecurityPolicy. This can leak credentials on the network.
[2026-08-11 23:25:53.988 (UTC+0800)] [33mwarn/application[0m	ServerUrls already set. Overriding.
[2026-08-11 23:25:53.988 (UTC+0800)] [33mwarn/server[0m	AccessControl: Unconfigured AccessControl. Users have all permissions.
[2026-08-11 23:25:53.988 (UTC+0800)] [32minfo/server[0m	AccessControl: Anonymous login is enabled
[2026-08-11 23:25:53.988 (UTC+0800)] [33mwarn/server[0m	x509 Certificate Authentication configured, but no encrypting SecurityPolicy. This can leak credentials on the network.
[2026-08-11 23:25:53.988 (UTC+0800)] [33mwarn/server[0m	x509 Certificate Authentication configured, but no encrypting SecurityPolicy. This can leak credentials on the network.
[2026-08-11 15:25:53.988 (UTC)] info/application	Sensor Server online (Client/Server mode, id=2 port=4843) | Severity=75 | SourceName=Sensor2 | EventType=application
Entering background polling mode: attempting to connect to Aggregation Server...
Connected successfully. Log forwarding started.
[2026-08-11 15:25:54.989 (UTC)] info/application	[Sensor] Updated distance: 46.61355507961174 cm | Severity=75 | SourceName=Sensor2 | EventType=application
[2026-08-11 15:25:56.586 (UTC)] info/application	[Sensor] Updated distance: 15.117605871110039 cm | Severity=75 | SourceName=Sensor2 | EventType=application
[2026-08-11 15:25:56.586 (UTC)] info/network	[System] TCP 16	| Connection opened from "127.0.0.1" via the server socket 8 | Severity=75 | SourceName=System | EventType=network
[2026-08-11 15:25:56.586 (UTC)] info/channel	[System] TCP 16	| SC 1	| SecureChannel created | Severity=75 | SourceName=System | EventType=channel
[2026-08-11 15:25:56.606 (UTC)] info/channel	[System] TCP 16	| SC 1	| OpenSecureChannel: Channel opened with SecurityMode None for SecurityPolicy http://opcfoundation.org/UA/SecurityPolicy#None and a revised lifetime of 600.0s | Severity=75 | SourceName=System | EventType=channel
[2026-08-11 15:25:56.627 (UTC)] warn/client	[System] Removing a UserTokenPolicy that would allow the password to be transmitted without encryption (Can be enabled via config->allowNonePolicyPassword) | Severity=175 | SourceName=System | EventType=client
[2026-08-11 15:25:56.627 (UTC)] warn/client	[System] Removing a UserTokenPolicy that would allow the password to be transmitted without encryption (Can be enabled via config->allowNonePolicyPassword) | Severity=175 | SourceName=System | EventType=client
[2026-08-11 15:25:56.637 (UTC)] warn/client	[System] Removing a UserTokenPolicy that would allow the password to be transmitted without encryption (Can be enabled via config->allowNonePolicyPassword) | Severity=175 | SourceName=System | EventType=client
[2026-08-11 15:25:56.637 (UTC)] warn/client	[System] Removing a UserTokenPolicy that would allow the password to be transmitted without encryption (Can be enabled via config->allowNonePolicyPassword) | Severity=175 | SourceName=System | EventType=client
[2026-08-11 15:25:56.638 (UTC)] info/session	[System] TCP 16	| SC 1	| Session "ns=1;g=52442467-28d5-5016-7b17-61168698b99b"	| Session created | Severity=75 | SourceName=System | EventType=session
[2026-08-11 15:25:56.648 (UTC)] info/session	[System] TCP 16	| SC 1	| Session "ns=1;g=52442467-28d5-5016-7b17-61168698b99b"	| ActivateSession: Session activated with ClientUserId "" | Severity=75 | SourceName=System | EventType=session
[2026-08-11 15:25:56.992 (UTC)] info/application	[Sensor] Updated distance: 15.09521888061204 cm | Severity=75 | SourceName=Sensor2 | EventType=application
[2026-08-11 15:25:57.033 (UTC)] info/session	[System] TCP 16	| SC 1	| Session "ns=1;g=52442467-28d5-5016-7b17-61168698b99b"	| Subscription 1 | Subscription created (Publishing interval 500.0ms, max 1000 notifications per publish) | Severity=75 | SourceName=System | EventType=session
[2026-08-11 15:25:57.054 (UTC)] info/session	[System] TCP 16	| SC 1	| Session "ns=1;g=52442467-28d5-5016-7b17-61168698b99b"	| Subscription 1 | MonitoredItem 1 | Created the MonitoredItem (Sampling Interval: 250.0ms, Queue Size: 1) | Severity=75 | SourceName=System | EventType=session
[2026-08-11 15:25:57.995 (UTC)] info/application	[Sensor] Updated distance: 23.107217582458265 cm | Severity=75 | SourceName=Sensor2 | EventType=application
[2026-08-11 15:25:58.996 (UTC)] info/application	[Sensor] Updated distance: 28.265058291268094 cm | Severity=75 | SourceName=Sensor2 | EventType=application
[2026-08-11 15:25:59.996 (UTC)] info/application	[Sensor] Updated distance: 14.335048658929322 cm | Severity=75 | SourceName=Sensor2 | EventType=application
[2026-08-11 15:26:00.997 (UTC)] info/application	[Sensor] Updated distance: 9.759600508846155 cm | Severity=75 | SourceName=Sensor2 | EventType=application
[2026-08-11 15:26:01.998 (UTC)] info/application	[Sensor] Updated distance: 44.03342888226426 cm | Severity=75 | SourceName=Sensor2 | EventType=application
[2026-08-11 15:26:02.989 (UTC)] info/application	[Sensor] Updated distance: 8.003732542509088 cm | Severity=75 | SourceName=Sensor2 | EventType=application
[2026-08-11 15:26:03.990 (UTC)] info/application	[Sensor] Updated distance: 30.13582826970882 cm | Severity=75 | SourceName=Sensor2 | EventType=application
[2026-08-11 15:26:04.991 (UTC)] info/application	[Sensor] Updated distance: 47.96257952505842 cm | Severity=75 | SourceName=Sensor2 | EventType=application
[2026-08-11 15:26:05.992 (UTC)] info/application	[Sensor] Updated distance: 7.368855098899852 cm | Severity=75 | SourceName=Sensor2 | EventType=application
[2026-08-11 15:26:06.995 (UTC)] info/application	[Sensor] Updated distance: 42.76709799131709 cm | Severity=75 | SourceName=Sensor2 | EventType=application
[2026-08-11 15:26:07.998 (UTC)] info/application	[Sensor] Updated distance: 3.852903247742403 cm | Severity=75 | SourceName=Sensor2 | EventType=application
[2026-08-11 15:26:08.991 (UTC)] info/application	[Sensor] Updated distance: 35.48770181158916 cm | Severity=75 | SourceName=Sensor2 | EventType=application
[2026-08-11 15:26:09.993 (UTC)] info/application	[Sensor] Updated distance: 21.519780540615216 cm | Severity=75 | SourceName=Sensor2 | EventType=application
[2026-08-11 15:26:10.996 (UTC)] info/application	[Sensor] Updated distance: 7.661750289454008 cm | Severity=75 | SourceName=Sensor2 | EventType=application
[2026-08-11 15:26:11.998 (UTC)] info/application	[Sensor] Updated distance: 27.352812451009083 cm | Severity=75 | SourceName=Sensor2 | EventType=application
[2026-08-11 15:26:12.990 (UTC)] info/application	[Sensor] Updated distance: 26.69893372463944 cm | Severity=75 | SourceName=Sensor2 | EventType=application
[2026-08-11 15:26:13.992 (UTC)] info/application	[Sensor] Updated distance: 33.79764588912839 cm | Severity=75 | SourceName=Sensor2 | EventType=application
[2026-08-11 15:26:14.994 (UTC)] info/application	[Sensor] Updated distance: 6.448467212006667 cm | Severity=75 | SourceName=Sensor2 | EventType=application
[2026-08-11 15:26:15.997 (UTC)] info/application	[Sensor] Updated distance: 49.34388120441878 cm | Severity=75 | SourceName=Sensor2 | EventType=application
[2026-08-11 15:26:16.990 (UTC)] info/application	[Sensor] Updated distance: 6.235973315423342 cm | Severity=75 | SourceName=Sensor2 | EventType=application
[2026-08-11 15:26:17.991 (UTC)] info/application	[Sensor] Updated distance: 29.174266641575034 cm | Severity=75 | SourceName=Sensor2 | EventType=application
[2026-08-11 15:26:18.992 (UTC)] info/application	[Sensor] Updated distance: 45.1508738152454 cm | Severity=75 | SourceName=Sensor2 | EventType=application
[2026-08-11 15:26:19.994 (UTC)] info/application	[Sensor] Updated distance: 12.425479454186503 cm | Severity=75 | SourceName=Sensor2 | EventType=application
[2026-08-11 15:26:20.995 (UTC)] info/application	[Sensor] Updated distance: 45.714473230631306 cm | Severity=75 | SourceName=Sensor2 | EventType=application
[2026-08-11 15:26:21.996 (UTC)] info/application	[Sensor] Updated distance: 32.600777305011064 cm | Severity=75 | SourceName=Sensor2 | EventType=application
[2026-08-11 15:26:22.997 (UTC)] info/application	[Sensor] Updated distance: 5.616551877752203 cm | Severity=75 | SourceName=Sensor2 | EventType=application
[2026-08-11 15:26:23.998 (UTC)] info/application	[Sensor] Updated distance: 49.07080230818633 cm | Severity=75 | SourceName=Sensor2 | EventType=application
[2026-08-11 15:26:24.989 (UTC)] info/application	[Sensor] Updated distance: 34.650989547675 cm | Severity=75 | SourceName=Sensor2 | EventType=application
[2026-08-11 15:26:25.990 (UTC)] info/application	[Sensor] Updated distance: 2.2301069350122043 cm | Severity=75 | SourceName=Sensor2 | EventType=application
[2026-08-11 15:26:26.992 (UTC)] info/application	[Sensor] Updated distance: 14.188408156944629 cm | Severity=75 | SourceName=Sensor2 | EventType=application
[2026-08-11 15:26:27.993 (UTC)] info/application	[Sensor] Updated distance: 47.74620842828704 cm | Severity=75 | SourceName=Sensor2 | EventType=application
[2026-08-11 15:26:28.994 (UTC)] info/application	[Sensor] Updated distance: 23.33732453982221 cm | Severity=75 | SourceName=Sensor2 | EventType=application
[2026-08-11 15:26:29.995 (UTC)] info/application	[Sensor] Updated distance: 40.45346644821272 cm | Severity=75 | SourceName=Sensor2 | EventType=application
[2026-08-11 15:26:30.997 (UTC)] info/application	[Sensor] Updated distance: 12.081257064864625 cm | Severity=75 | SourceName=Sensor2 | EventType=application
[2026-08-11 15:26:31.989 (UTC)] info/application	[Sensor] Updated distance: 31.096925048668368 cm | Severity=75 | SourceName=Sensor2 | EventType=application
[2026-08-11 15:26:32.992 (UTC)] info/application	[Sensor] Updated distance: 34.48689533047699 cm | Severity=75 | SourceName=Sensor2 | EventType=application
[2026-08-11 15:26:33.995 (UTC)] info/application	[Sensor] Updated distance: 18.084989629725456 cm | Severity=75 | SourceName=Sensor2 | EventType=application
[2026-08-11 15:26:34.997 (UTC)] info/application	[Sensor] Updated distance: 11.23275331837719 cm | Severity=75 | SourceName=Sensor2 | EventType=application
[2026-08-11 15:26:35.998 (UTC)] info/application	[Sensor] Updated distance: 32.44947483318367 cm | Severity=75 | SourceName=Sensor2 | EventType=application
[2026-08-11 15:26:36.990 (UTC)] info/application	[Sensor] Updated distance: 23.453844728625306 cm | Severity=75 | SourceName=Sensor2 | EventType=application
[2026-08-11 15:26:37.993 (UTC)] info/application	[Sensor] Updated distance: 3.9998512873425387 cm | Severity=75 | SourceName=Sensor2 | EventType=application
[2026-08-11 15:26:38.996 (UTC)] info/application	[Sensor] Updated distance: 34.302378080926076 cm | Severity=75 | SourceName=Sensor2 | EventType=application
[2026-08-11 15:26:39.998 (UTC)] info/application	[Sensor] Updated distance: 8.941546517862726 cm | Severity=75 | SourceName=Sensor2 | EventType=application
[2026-08-11 15:26:40.990 (UTC)] info/application	[Sensor] Updated distance: 23.519631850309498 cm | Severity=75 | SourceName=Sensor2 | EventType=application
[2026-08-11 15:26:41.991 (UTC)] info/application	[Sensor] Updated distance: 39.96412837038009 cm | Severity=75 | SourceName=Sensor2 | EventType=application
[2026-08-11 15:26:42.993 (UTC)] info/application	[Sensor] Updated distance: 34.294358991223554 cm | Severity=75 | SourceName=Sensor2 | EventType=application
[2026-08-11 15:26:43.995 (UTC)] info/application	[Sensor] Updated distance: 48.21856557494894 cm | Severity=75 | SourceName=Sensor2 | EventType=application
[2026-08-11 15:26:44.997 (UTC)] info/application	[Sensor] Updated distance: 23.76177423715674 cm | Severity=75 | SourceName=Sensor2 | EventType=application
[2026-08-11 15:26:45.989 (UTC)] info/application	[Sensor] Updated distance: 38.74282620323022 cm | Severity=75 | SourceName=Sensor2 | EventType=application
[2026-08-11 15:26:46.991 (UTC)] info/application	[Sensor] Updated distance: 47.56244677936772 cm | Severity=75 | SourceName=Sensor2 | EventType=application
[2026-08-11 15:26:47.992 (UTC)] info/application	[Sensor] Updated distance: 27.99774757493182 cm | Severity=75 | SourceName=Sensor2 | EventType=application
[2026-08-11 15:26:48.993 (UTC)] info/application	[Sensor] Updated distance: 17.917092822453515 cm | Severity=75 | SourceName=Sensor2 | EventType=application
[2026-08-11 15:26:49.996 (UTC)] info/application	[Sensor] Updated distance: 42.71332057226138 cm | Severity=75 | SourceName=Sensor2 | EventType=application
[2026-08-11 15:26:50.998 (UTC)] info/application	[Sensor] Updated distance: 38.42322702911832 cm | Severity=75 | SourceName=Sensor2 | EventType=application
[2026-08-11 15:26:51.991 (UTC)] info/application	[Sensor] Updated distance: 13.631566030733085 cm | Severity=75 | SourceName=Sensor2 | EventType=application
[2026-08-11 15:26:52.993 (UTC)] info/application	[Sensor] Updated distance: 25.314097854920707 cm | Severity=75 | SourceName=Sensor2 | EventType=application
[2026-08-11 15:26:53.996 (UTC)] info/application	[Sensor] Updated distance: 42.03977890687053 cm | Severity=75 | SourceName=Sensor2 | EventType=application
[2026-08-11 15:26:54.988 (UTC)] info/application	[Sensor] Updated distance: 12.702368316567673 cm | Severity=75 | SourceName=Sensor2 | EventType=application
[2026-08-11 15:26:55.991 (UTC)] info/application	[Sensor] Updated distance: 9.965087380243972 cm | Severity=75 | SourceName=Sensor2 | EventType=application
[2026-08-11 15:26:56.994 (UTC)] info/application	[Sensor] Updated distance: 42.26988584188273 cm | Severity=75 | SourceName=Sensor2 | EventType=application
[2026-08-11 15:26:57.996 (UTC)] info/application	[Sensor] Updated distance: 24.8907764735123 cm | Severity=75 | SourceName=Sensor2 | EventType=application
[2026-08-11 15:26:58.989 (UTC)] info/application	[Sensor] Updated distance: 7.7112957861792735 cm | Severity=75 | SourceName=Sensor2 | EventType=application
[2026-08-11 15:26:59.991 (UTC)] info/application	[Sensor] Updated distance: 15.607210359353203 cm | Severity=75 | SourceName=Sensor2 | EventType=application
[2026-08-11 15:27:00.993 (UTC)] info/application	[Sensor] Updated distance: 15.344242921725028 cm | Severity=75 | SourceName=Sensor2 | EventType=application
[2026-08-11 15:27:01.995 (UTC)] info/application	[Sensor] Updated distance: 17.79255287339564 cm | Severity=75 | SourceName=Sensor2 | EventType=application
[2026-08-11 15:27:02.998 (UTC)] info/application	[Sensor] Updated distance: 44.70413543037331 cm | Severity=75 | SourceName=Sensor2 | EventType=application
[2026-08-11 15:27:03.991 (UTC)] info/application	[Sensor] Updated distance: 47.83113825220202 cm | Severity=75 | SourceName=Sensor2 | EventType=application
[2026-08-11 15:27:04.994 (UTC)] info/application	[Sensor] Updated distance: 33.87754250312109 cm | Severity=75 | SourceName=Sensor2 | EventType=application
[2026-08-11 15:27:05.994 (UTC)] info/application	[Sensor] Updated distance: 5.936888726398763 cm | Severity=75 | SourceName=Sensor2 | EventType=application
[2026-08-11 15:27:06.995 (UTC)] info/application	[Sensor] Updated distance: 30.280613063033954 cm | Severity=75 | SourceName=Sensor2 | EventType=application
[2026-08-11 15:27:07.996 (UTC)] info/application	[Sensor] Updated distance: 7.331387209394661 cm | Severity=75 | SourceName=Sensor2 | EventType=application
[2026-08-11 15:27:08.997 (UTC)] info/application	[Sensor] Updated distance: 7.936740013741301 cm | Severity=75 | SourceName=Sensor2 | EventType=application
[2026-08-11 15:27:09.997 (UTC)] info/application	[Sensor] Updated distance: 14.582991121608293 cm | Severity=75 | SourceName=Sensor2 | EventType=application
[2026-08-11 15:27:10.998 (UTC)] info/application	[Sensor] Updated distance: 14.27293374960913 cm | Severity=75 | SourceName=Sensor2 | EventType=application
[2026-08-11 15:27:11.990 (UTC)] info/application	[Sensor] Updated distance: 29.456371864050798 cm | Severity=75 | SourceName=Sensor2 | EventType=application
[2026-08-11 15:27:12.993 (UTC)] info/application	[Sensor] Updated distance: 4.547119469636641 cm | Severity=75 | SourceName=Sensor2 | EventType=application
[2026-08-11 15:27:13.996 (UTC)] info/application	[Sensor] Updated distance: 46.567292740832684 cm | Severity=75 | SourceName=Sensor2 | EventType=application
[2026-08-11 15:27:14.998 (UTC)] info/application	[Sensor] Updated distance: 27.674937438999738 cm | Severity=75 | SourceName=Sensor2 | EventType=application
[2026-08-11 15:27:15.990 (UTC)] info/application	[Sensor] Updated distance: 26.30889370679338 cm | Severity=75 | SourceName=Sensor2 | EventType=application
[2026-08-11 15:27:16.991 (UTC)] info/application	[Sensor] Updated distance: 35.310118921711165 cm | Severity=75 | SourceName=Sensor2 | EventType=application
[2026-08-11 15:27:17.992 (UTC)] info/application	[Sensor] Updated distance: 25.237384196015718 cm | Severity=75 | SourceName=Sensor2 | EventType=application
[2026-08-11 15:27:18.994 (UTC)] info/application	[Sensor] Updated distance: 4.306641259373464 cm | Severity=75 | SourceName=Sensor2 | EventType=application
[2026-08-11 15:27:19.997 (UTC)] info/application	[Sensor] Updated distance: 3.2272117441646806 cm | Severity=75 | SourceName=Sensor2 | EventType=application
[2026-08-11 15:27:20.990 (UTC)] info/application	[Sensor] Updated distance: 17.950704745925357 cm | Severity=75 | SourceName=Sensor2 | EventType=application
[2026-08-11 15:27:21.993 (UTC)] info/application	[Sensor] Updated distance: 40.72986828849179 cm | Severity=75 | SourceName=Sensor2 | EventType=application
[2026-08-11 15:27:22.996 (UTC)] info/application	[Sensor] Updated distance: 14.858777774897765 cm | Severity=75 | SourceName=Sensor2 | EventType=application
[2026-08-11 15:27:23.998 (UTC)] info/application	[Sensor] Updated distance: 41.26480260084607 cm | Severity=75 | SourceName=Sensor2 | EventType=application
[2026-08-11 15:27:24.990 (UTC)] info/application	[Sensor] Updated distance: 32.76964717301058 cm | Severity=75 | SourceName=Sensor2 | EventType=application
[2026-08-11 15:27:25.990 (UTC)] info/application	[Sensor] Updated distance: 25.56114611381718 cm | Severity=75 | SourceName=Sensor2 | EventType=application
[2026-08-11 15:27:26.991 (UTC)] info/application	[Sensor] Updated distance: 49.22988998109004 cm | Severity=75 | SourceName=Sensor2 | EventType=application
[2026-08-11 15:27:27.993 (UTC)] info/application	[Sensor] Updated distance: 25.039533014893312 cm | Severity=75 | SourceName=Sensor2 | EventType=application
[2026-08-11 15:27:28.994 (UTC)] info/application	[Sensor] Updated distance: 48.451922587329484 cm | Severity=75 | SourceName=Sensor2 | EventType=application
[2026-08-11 15:27:29.994 (UTC)] info/application	[Sensor] Updated distance: 6.941185744917572 cm | Severity=75 | SourceName=Sensor2 | EventType=application
[2026-08-11 15:27:30.996 (UTC)] info/application	[Sensor] Updated distance: 38.64674337424652 cm | Severity=75 | SourceName=Sensor2 | EventType=application
[2026-08-11 15:27:31.997 (UTC)] info/application	[Sensor] Updated distance: 13.796165486702773 cm | Severity=75 | SourceName=Sensor2 | EventType=application
[2026-08-11 15:27:32.989 (UTC)] info/application	[Sensor] Updated distance: 22.73373861831321 cm | Severity=75 | SourceName=Sensor2 | EventType=application
[2026-08-11 15:27:33.990 (UTC)] info/application	[Sensor] Updated distance: 33.35087878226809 cm | Severity=75 | SourceName=Sensor2 | EventType=application
[2026-08-11 15:27:34.991 (UTC)] info/application	[Sensor] Updated distance: 11.627303716553051 cm | Severity=75 | SourceName=Sensor2 | EventType=application
[2026-08-11 15:27:35.993 (UTC)] info/application	[Sensor] Updated distance: 6.611281099082567 cm | Severity=75 | SourceName=Sensor2 | EventType=application
[2026-08-11 15:27:36.994 (UTC)] info/application	[Sensor] Updated distance: 37.28776750866685 cm | Severity=75 | SourceName=Sensor2 | EventType=application
[2026-08-11 15:27:37.996 (UTC)] info/application	[Sensor] Updated distance: 39.907916779587005 cm | Severity=75 | SourceName=Sensor2 | EventType=application
[2026-08-11 15:27:38.997 (UTC)] info/application	[Sensor] Updated distance: 11.94266833082897 cm | Severity=75 | SourceName=Sensor2 | EventType=application
[2026-08-11 15:27:39.988 (UTC)] info/application	[Sensor] Updated distance: 43.224507544759895 cm | Severity=75 | SourceName=Sensor2 | EventType=application
[2026-08-11 15:27:40.990 (UTC)] info/application	[Sensor] Updated distance: 4.490907878843559 cm | Severity=75 | SourceName=Sensor2 | EventType=application
[2026-08-11 15:27:41.993 (UTC)] info/application	[Sensor] Updated distance: 24.2156020804381 cm | Severity=75 | SourceName=Sensor2 | EventType=application
[2026-08-11 15:27:42.995 (UTC)] info/application	[Sensor] Updated distance: 22.680879386458955 cm | Severity=75 | SourceName=Sensor2 | EventType=application
[2026-08-11 15:27:43.998 (UTC)] info/application	[Sensor] Updated distance: 7.0380273484802 cm | Severity=75 | SourceName=Sensor2 | EventType=application
[2026-08-11 15:27:44.990 (UTC)] info/application	[Sensor] Updated distance: 20.782894798919042 cm | Severity=75 | SourceName=Sensor2 | EventType=application
[2026-08-11 15:27:45.992 (UTC)] info/application	[Sensor] Updated distance: 48.35581682545869 cm | Severity=75 | SourceName=Sensor2 | EventType=application
[2026-08-11 15:27:46.993 (UTC)] info/application	[Sensor] Updated distance: 31.34692107762532 cm | Severity=75 | SourceName=Sensor2 | EventType=application
[2026-08-11 15:27:47.994 (UTC)] info/application	[Sensor] Updated distance: 6.093013698278467 cm | Severity=75 | SourceName=Sensor2 | EventType=application
[2026-08-11 15:27:48.995 (UTC)] info/application	[Sensor] Updated distance: 23.593200999122672 cm | Severity=75 | SourceName=Sensor2 | EventType=application
[2026-08-11 15:27:49.997 (UTC)] info/application	[Sensor] Updated distance: 33.65356233699879 cm | Severity=75 | SourceName=Sensor2 | EventType=application
[2026-08-11 15:27:50.988 (UTC)] info/application	[Sensor] Updated distance: 7.320225442443148 cm | Severity=75 | SourceName=Sensor2 | EventType=application
[2026-08-11 15:27:51.991 (UTC)] info/application	[Sensor] Updated distance: 39.54390574504803 cm | Severity=75 | SourceName=Sensor2 | EventType=application
[2026-08-11 15:27:52.992 (UTC)] info/application	[Sensor] Updated distance: 24.38343062549058 cm | Severity=75 | SourceName=Sensor2 | EventType=application
[2026-08-11 15:27:53.994 (UTC)] info/application	[Sensor] Updated distance: 20.179003239692655 cm | Severity=75 | SourceName=Sensor2 | EventType=application
[2026-08-11 15:27:54.995 (UTC)] info/application	[Sensor] Updated distance: 30.80870832354236 cm | Severity=75 | SourceName=Sensor2 | EventType=application
[2026-08-11 15:27:55.996 (UTC)] info/application	[Sensor] Updated distance: 7.153077776149417 cm | Severity=75 | SourceName=Sensor2 | EventType=application
[2026-08-11 15:27:56.996 (UTC)] info/application	[Sensor] Updated distance: 43.740149353509835 cm | Severity=75 | SourceName=Sensor2 | EventType=application
[2026-08-11 15:27:57.998 (UTC)] info/application	[Sensor] Updated distance: 30.038598282280656 cm | Severity=75 | SourceName=Sensor2 | EventType=application
[2026-08-11 15:27:58.989 (UTC)] info/application	[Sensor] Updated distance: 30.19261079104273 cm | Severity=75 | SourceName=Sensor2 | EventType=application
[2026-08-11 15:27:59.990 (UTC)] info/application	[Sensor] Updated distance: 42.19207191848758 cm | Severity=75 | SourceName=Sensor2 | EventType=application
[2026-08-11 15:28:00.991 (UTC)] info/application	[Sensor] Updated distance: 34.97978404954997 cm | Severity=75 | SourceName=Sensor2 | EventType=application
[2026-08-11 15:28:01.992 (UTC)] info/application	[Sensor] Updated distance: 18.83935416528925 cm | Severity=75 | SourceName=Sensor2 | EventType=application
[2026-08-11 15:28:02.993 (UTC)] info/application	[Sensor] Updated distance: 5.988237405190355 cm | Severity=75 | SourceName=Sensor2 | EventType=application
[2026-08-11 15:28:03.994 (UTC)] info/application	[Sensor] Updated distance: 7.713522645511442 cm | Severity=75 | SourceName=Sensor2 | EventType=application
[2026-08-11 15:28:04.994 (UTC)] info/application	[Sensor] Updated distance: 2.1902329252056 cm | Severity=75 | SourceName=Sensor2 | EventType=application
[2026-08-11 15:28:05.995 (UTC)] info/application	[Sensor] Updated distance: 15.615541121743405 cm | Severity=75 | SourceName=Sensor2 | EventType=application
[2026-08-11 15:28:06.996 (UTC)] info/application	[Sensor] Updated distance: 12.32480376694575 cm | Severity=75 | SourceName=Sensor2 | EventType=application
[2026-08-11 15:28:07.996 (UTC)] info/application	[Sensor] Updated distance: 37.478000456224194 cm | Severity=75 | SourceName=Sensor2 | EventType=application
[2026-08-11 15:28:08.997 (UTC)] info/application	[Sensor] Updated distance: 5.523457901330412 cm | Severity=75 | SourceName=Sensor2 | EventType=application
[2026-08-11 15:28:09.998 (UTC)] info/application	[Sensor] Updated distance: 22.26747209777472 cm | Severity=75 | SourceName=Sensor2 | EventType=application
[2026-08-11 15:28:10.989 (UTC)] info/application	[Sensor] Updated distance: 30.70250797863235 cm | Severity=75 | SourceName=Sensor2 | EventType=application
[2026-08-11 15:28:11.991 (UTC)] info/application	[Sensor] Updated distance: 8.014365780173971 cm | Severity=75 | SourceName=Sensor2 | EventType=application
[2026-08-11 15:28:12.994 (UTC)] info/application	[Sensor] Updated distance: 44.48307417821282 cm | Severity=75 | SourceName=Sensor2 | EventType=application
[2026-08-11 15:28:13.996 (UTC)] info/application	[Sensor] Updated distance: 3.3833873427395647 cm | Severity=75 | SourceName=Sensor2 | EventType=application
[2026-08-11 15:28:14.997 (UTC)] info/application	[Sensor] Updated distance: 13.052393151005912 cm | Severity=75 | SourceName=Sensor2 | EventType=application
[2026-08-11 15:28:15.989 (UTC)] info/application	[Sensor] Updated distance: 15.265968954780124 cm | Severity=75 | SourceName=Sensor2 | EventType=application
[2026-08-11 15:28:16.992 (UTC)] info/application	[Sensor] Updated distance: 49.73920419055 cm | Severity=75 | SourceName=Sensor2 | EventType=application
[2026-08-11 15:28:17.995 (UTC)] info/application	[Sensor] Updated distance: 42.39931422863123 cm | Severity=75 | SourceName=Sensor2 | EventType=application
[2026-08-11 15:28:18.997 (UTC)] info/application	[Sensor] Updated distance: 19.35898265305859 cm | Severity=75 | SourceName=Sensor2 | EventType=application
[2026-08-11 15:28:19.998 (UTC)] info/application	[Sensor] Updated distance: 23.332405167320932 cm | Severity=75 | SourceName=Sensor2 | EventType=application
[2026-08-11 15:28:20.990 (UTC)] info/application	[Sensor] Updated distance: 26.05287654327828 cm | Severity=75 | SourceName=Sensor2 | EventType=application
[2026-08-11 15:28:21.991 (UTC)] info/application	[Sensor] Updated distance: 24.67920811785348 cm | Severity=75 | SourceName=Sensor2 | EventType=application
[2026-08-11 15:28:22.993 (UTC)] info/application	[Sensor] Updated distance: 12.876310912368963 cm | Severity=75 | SourceName=Sensor2 | EventType=application
[2026-08-11 15:28:23.994 (UTC)] info/application	[Sensor] Updated distance: 48.436307168768856 cm | Severity=75 | SourceName=Sensor2 | EventType=application
[2026-08-11 15:28:24.995 (UTC)] info/application	[Sensor] Updated distance: 42.85821135754613 cm | Severity=75 | SourceName=Sensor2 | EventType=application
[2026-08-11 15:28:25.998 (UTC)] info/application	[Sensor] Updated distance: 41.68501923591132 cm | Severity=75 | SourceName=Sensor2 | EventType=application
[2026-08-11 15:28:26.990 (UTC)] info/application	[Sensor] Updated distance: 5.589384944918279 cm | Severity=75 | SourceName=Sensor2 | EventType=application
[2026-08-11 15:28:27.991 (UTC)] info/application	[Sensor] Updated distance: 36.59836068870423 cm | Severity=75 | SourceName=Sensor2 | EventType=application
[2026-08-11 15:28:28.992 (UTC)] info/application	[Sensor] Updated distance: 21.72361751819198 cm | Severity=75 | SourceName=Sensor2 | EventType=application
[2026-08-11 15:28:29.996 (UTC)] info/application	[Sensor] Updated distance: 33.781995735961004 cm | Severity=75 | SourceName=Sensor2 | EventType=application
[2026-08-11 15:28:30.989 (UTC)] info/application	[Sensor] Updated distance: 28.790432584840072 cm | Severity=75 | SourceName=Sensor2 | EventType=application
[2026-08-11 15:28:31.992 (UTC)] info/application	[Sensor] Updated distance: 6.703401545390208 cm | Severity=75 | SourceName=Sensor2 | EventType=application
[2026-08-11 15:28:32.995 (UTC)] info/application	[Sensor] Updated distance: 2.621349878898519 cm | Severity=75 | SourceName=Sensor2 | EventType=application
[2026-08-11 15:28:33.998 (UTC)] info/application	[Sensor] Updated distance: 32.77866999003042 cm | Severity=75 | SourceName=Sensor2 | EventType=application
[2026-08-11 15:28:34.991 (UTC)] info/application	[Sensor] Updated distance: 12.41692419090165 cm | Severity=75 | SourceName=Sensor2 | EventType=application
[2026-08-11 15:28:35.993 (UTC)] info/application	[Sensor] Updated distance: 2.8115828264558607 cm | Severity=75 | SourceName=Sensor2 | EventType=application
[2026-08-11 15:28:36.995 (UTC)] info/application	[Sensor] Updated distance: 46.39421113412558 cm | Severity=75 | SourceName=Sensor2 | EventType=application
[2026-08-11 15:28:37.996 (UTC)] info/application	[Sensor] Updated distance: 22.7417279578474 cm | Severity=75 | SourceName=Sensor2 | EventType=application
[2026-08-11 15:28:38.997 (UTC)] info/application	[Sensor] Updated distance: 38.289583282680056 cm | Severity=75 | SourceName=Sensor2 | EventType=application
[2026-08-11 15:28:39.998 (UTC)] info/application	[Sensor] Updated distance: 49.91766903545599 cm | Severity=75 | SourceName=Sensor2 | EventType=application
[2026-08-11 15:28:40.989 (UTC)] info/application	[Sensor] Updated distance: 43.009200055622124 cm | Severity=75 | SourceName=Sensor2 | EventType=application
[2026-08-11 15:28:41.990 (UTC)] info/application	[Sensor] Updated distance: 18.992091238960665 cm | Severity=75 | SourceName=Sensor2 | EventType=application
[2026-08-11 15:28:42.991 (UTC)] info/application	[Sensor] Updated distance: 7.932034793278218 cm | Severity=75 | SourceName=Sensor2 | EventType=application
[2026-08-11 15:28:43.992 (UTC)] info/application	[Sensor] Updated distance: 37.4922742114832 cm | Severity=75 | SourceName=Sensor2 | EventType=application
[2026-08-11 15:28:44.993 (UTC)] info/application	[Sensor] Updated distance: 20.37547858170023 cm | Severity=75 | SourceName=Sensor2 | EventType=application
[2026-08-11 15:28:45.993 (UTC)] info/application	[Sensor] Updated distance: 18.984427944284132 cm | Severity=75 | SourceName=Sensor2 | EventType=application
[2026-08-11 15:28:46.995 (UTC)] info/application	[Sensor] Updated distance: 2.758243143911587 cm | Severity=75 | SourceName=Sensor2 | EventType=application
[2026-08-11 15:28:47.996 (UTC)] info/application	[Sensor] Updated distance: 20.11468274989849 cm | Severity=75 | SourceName=Sensor2 | EventType=application
[2026-08-11 15:28:48.988 (UTC)] info/application	[Sensor] Updated distance: 11.383742150563625 cm | Severity=75 | SourceName=Sensor2 | EventType=application
[2026-08-11 15:28:49.991 (UTC)] info/application	[Sensor] Updated distance: 20.11722581932192 cm | Severity=75 | SourceName=Sensor2 | EventType=application
[2026-08-11 15:28:50.995 (UTC)] info/application	[Sensor] Updated distance: 41.44708793957116 cm | Severity=75 | SourceName=Sensor2 | EventType=application
[2026-08-11 15:28:51.996 (UTC)] info/application	[Sensor] Updated distance: 35.43661871619365 cm | Severity=75 | SourceName=Sensor2 | EventType=application
[2026-08-11 15:28:52.997 (UTC)] info/application	[Sensor] Updated distance: 42.7964339371754 cm | Severity=75 | SourceName=Sensor2 | EventType=application
[2026-08-11 15:28:53.989 (UTC)] info/application	[Sensor] Updated distance: 4.3233988295883865 cm | Severity=75 | SourceName=Sensor2 | EventType=application
[2026-08-11 15:28:54.990 (UTC)] info/application	[Sensor] Updated distance: 33.87292586261077 cm | Severity=75 | SourceName=Sensor2 | EventType=application
[2026-08-11 15:28:55.992 (UTC)] info/application	[Sensor] Updated distance: 35.6546452723698 cm | Severity=75 | SourceName=Sensor2 | EventType=application
[2026-08-11 15:28:56.994 (UTC)] info/application	[Sensor] Updated distance: 44.008418065499704 cm | Severity=75 | SourceName=Sensor2 | EventType=application
[2026-08-11 15:28:57.996 (UTC)] info/application	[Sensor] Updated distance: 37.46231080752905 cm | Severity=75 | SourceName=Sensor2 | EventType=application
[2026-08-11 15:28:58.998 (UTC)] info/application	[Sensor] Updated distance: 22.25300593872229 cm | Severity=75 | SourceName=Sensor2 | EventType=application
[2026-08-11 15:28:59.991 (UTC)] info/application	[Sensor] Updated distance: 15.732035561339945 cm | Severity=75 | SourceName=Sensor2 | EventType=application
[2026-08-11 15:29:00.993 (UTC)] info/application	[Sensor] Updated distance: 21.244306543490058 cm | Severity=75 | SourceName=Sensor2 | EventType=application
[2026-08-11 15:29:01.994 (UTC)] info/application	[Sensor] Updated distance: 49.04343852356236 cm | Severity=75 | SourceName=Sensor2 | EventType=application
[2026-08-11 15:29:02.996 (UTC)] info/application	[Sensor] Updated distance: 20.435437106730152 cm | Severity=75 | SourceName=Sensor2 | EventType=application
[2026-08-11 15:29:03.989 (UTC)] info/application	[Sensor] Updated distance: 21.86565642238858 cm | Severity=75 | SourceName=Sensor2 | EventType=application
[2026-08-11 15:29:04.990 (UTC)] info/application	[Sensor] Updated distance: 31.82210851359279 cm | Severity=75 | SourceName=Sensor2 | EventType=application
[2026-08-11 15:29:05.993 (UTC)] info/application	[Sensor] Updated distance: 30.852361319983544 cm | Severity=75 | SourceName=Sensor2 | EventType=application
[2026-08-11 15:29:06.995 (UTC)] info/application	[Sensor] Updated distance: 22.67723924884444 cm | Severity=75 | SourceName=Sensor2 | EventType=application
[2026-08-11 15:29:07.996 (UTC)] info/application	[Sensor] Updated distance: 28.216319625366626 cm | Severity=75 | SourceName=Sensor2 | EventType=application
[2026-08-11 15:29:08.998 (UTC)] info/application	[Sensor] Updated distance: 3.594089255479206 cm | Severity=75 | SourceName=Sensor2 | EventType=application
[2026-08-11 15:29:09.989 (UTC)] info/application	[Sensor] Updated distance: 10.966822509172754 cm | Severity=75 | SourceName=Sensor2 | EventType=application
[2026-08-11 15:29:10.990 (UTC)] info/application	[Sensor] Updated distance: 28.133988638470875 cm | Severity=75 | SourceName=Sensor2 | EventType=application
[2026-08-11 15:29:11.991 (UTC)] info/application	[Sensor] Updated distance: 44.60328933345307 cm | Severity=75 | SourceName=Sensor2 | EventType=application
[2026-08-11 15:29:12.993 (UTC)] info/application	[Sensor] Updated distance: 27.95891374813342 cm | Severity=75 | SourceName=Sensor2 | EventType=application
[2026-08-11 15:29:13.996 (UTC)] info/application	[Sensor] Updated distance: 34.066023431749095 cm | Severity=75 | SourceName=Sensor2 | EventType=application
[2026-08-11 15:29:14.989 (UTC)] info/application	[Sensor] Updated distance: 32.09556352258453 cm | Severity=75 | SourceName=Sensor2 | EventType=application
[2026-08-11 15:29:15.990 (UTC)] info/application	[Sensor] Updated distance: 46.33439235218539 cm | Severity=75 | SourceName=Sensor2 | EventType=application
[2026-08-11 15:29:16.993 (UTC)] info/application	[Sensor] Updated distance: 3.0504513760332257 cm | Severity=75 | SourceName=Sensor2 | EventType=application
[2026-08-11 15:29:17.993 (UTC)] info/application	[Sensor] Updated distance: 32.85380668884786 cm | Severity=75 | SourceName=Sensor2 | EventType=application
[2026-08-11 15:29:18.995 (UTC)] info/application	[Sensor] Updated distance: 16.449075079732143 cm | Severity=75 | SourceName=Sensor2 | EventType=application
[2026-08-11 15:29:19.998 (UTC)] info/application	[Sensor] Updated distance: 12.434193526596852 cm | Severity=75 | SourceName=Sensor2 | EventType=application
[2026-08-11 15:29:20.989 (UTC)] info/application	[Sensor] Updated distance: 2.9710324858180397 cm | Severity=75 | SourceName=Sensor2 | EventType=application
[2026-08-11 15:29:21.992 (UTC)] info/application	[Sensor] Updated distance: 7.896162996951566 cm | Severity=75 | SourceName=Sensor2 | EventType=application
[2026-08-11 15:29:22.992 (UTC)] info/application	[Sensor] Updated distance: 45.8708122427905 cm | Severity=75 | SourceName=Sensor2 | EventType=application
[2026-08-11 15:29:23.995 (UTC)] info/application	[Sensor] Updated distance: 43.76746642299344 cm | Severity=75 | SourceName=Sensor2 | EventType=application
[2026-08-11 15:29:24.997 (UTC)] info/application	[Sensor] Updated distance: 10.219561826539953 cm | Severity=75 | SourceName=Sensor2 | EventType=application
[2026-08-11 15:29:25.990 (UTC)] info/application	[Sensor] Updated distance: 29.743738105401274 cm | Severity=75 | SourceName=Sensor2 | EventType=application
[2026-08-11 15:29:26.991 (UTC)] info/application	[Sensor] Updated distance: 29.422111673011496 cm | Severity=75 | SourceName=Sensor2 | EventType=application
[2026-08-11 15:29:27.992 (UTC)] info/application	[Sensor] Updated distance: 4.227979892039662 cm | Severity=75 | SourceName=Sensor2 | EventType=application
[2026-08-11 15:29:28.993 (UTC)] info/application	[Sensor] Updated distance: 17.206048890578582 cm | Severity=75 | SourceName=Sensor2 | EventType=application
[2026-08-11 15:29:29.994 (UTC)] info/application	[Sensor] Updated distance: 49.67511761173378 cm | Severity=75 | SourceName=Sensor2 | EventType=application
[2026-08-11 15:29:30.995 (UTC)] info/application	[Sensor] Updated distance: 17.960015453379608 cm | Severity=75 | SourceName=Sensor2 | EventType=application
[2026-08-11 15:29:31.997 (UTC)] info/application	[Sensor] Updated distance: 36.45035543406864 cm | Severity=75 | SourceName=Sensor2 | EventType=application
[2026-08-11 15:29:32.990 (UTC)] info/application	[Sensor] Updated distance: 48.718556112944405 cm | Severity=75 | SourceName=Sensor2 | EventType=application
[2026-08-11 15:29:33.992 (UTC)] info/application	[Sensor] Updated distance: 36.3954525824615 cm | Severity=75 | SourceName=Sensor2 | EventType=application
[2026-08-11 15:29:34.994 (UTC)] info/application	[Sensor] Updated distance: 8.316011856457223 cm | Severity=75 | SourceName=Sensor2 | EventType=application
[2026-08-11 15:29:35.996 (UTC)] info/application	[Sensor] Updated distance: 30.54066460418546 cm | Severity=75 | SourceName=Sensor2 | EventType=application
[2026-08-11 15:29:36.988 (UTC)] info/application	[Sensor] Updated distance: 17.247813880093307 cm | Severity=75 | SourceName=Sensor2 | EventType=application
[2026-08-11 15:29:37.990 (UTC)] info/application	[Sensor] Updated distance: 28.993251105301663 cm | Severity=75 | SourceName=Sensor2 | EventType=application
[2026-08-11 15:29:38.990 (UTC)] info/application	[Sensor] Updated distance: 8.756984207200343 cm | Severity=75 | SourceName=Sensor2 | EventType=application
[2026-08-11 15:29:39.992 (UTC)] info/application	[Sensor] Updated distance: 18.841903135572515 cm | Severity=75 | SourceName=Sensor2 | EventType=application
[2026-08-11 15:29:40.993 (UTC)] info/application	[Sensor] Updated distance: 37.96007363682616 cm | Severity=75 | SourceName=Sensor2 | EventType=application
[2026-08-11 15:29:41.994 (UTC)] info/application	[Sensor] Updated distance: 34.89097284567122 cm | Severity=75 | SourceName=Sensor2 | EventType=application
[2026-08-11 15:29:42.997 (UTC)] info/application	[Sensor] Updated distance: 13.445192446673843 cm | Severity=75 | SourceName=Sensor2 | EventType=application
[2026-08-11 15:29:43.989 (UTC)] info/application	[Sensor] Updated distance: 15.918987362607842 cm | Severity=75 | SourceName=Sensor2 | EventType=application
[2026-08-11 15:29:44.991 (UTC)] info/application	[Sensor] Updated distance: 18.956996277420313 cm | Severity=75 | SourceName=Sensor2 | EventType=application
[2026-08-11 15:29:45.994 (UTC)] info/application	[Sensor] Updated distance: 43.54075599161012 cm | Severity=75 | SourceName=Sensor2 | EventType=application
[2026-08-11 15:29:46.996 (UTC)] info/application	[Sensor] Updated distance: 12.253379692441495 cm | Severity=75 | SourceName=Sensor2 | EventType=application
[2026-08-11 15:29:47.988 (UTC)] info/application	[Sensor] Updated distance: 20.00744765345354 cm | Severity=75 | SourceName=Sensor2 | EventType=application
[2026-08-11 15:29:48.991 (UTC)] info/application	[Sensor] Updated distance: 26.39456265810624 cm | Severity=75 | SourceName=Sensor2 | EventType=application
[2026-08-11 15:29:49.994 (UTC)] info/application	[Sensor] Updated distance: 26.70245479452538 cm | Severity=75 | SourceName=Sensor2 | EventType=application
[2026-08-11 15:29:50.997 (UTC)] info/application	[Sensor] Updated distance: 30.44164118005039 cm | Severity=75 | SourceName=Sensor2 | EventType=application
[2026-08-11 15:29:51.988 (UTC)] info/application	[Sensor] Updated distance: 27.365595143924278 cm | Severity=75 | SourceName=Sensor2 | EventType=application
[2026-08-11 15:29:52.990 (UTC)] info/application	[Sensor] Updated distance: 32.59861779147695 cm | Severity=75 | SourceName=Sensor2 | EventType=application
[2026-08-11 15:29:53.991 (UTC)] info/application	[Sensor] Updated distance: 26.312453422840896 cm | Severity=75 | SourceName=Sensor2 | EventType=application
[2026-08-11 15:29:54.992 (UTC)] info/application	[Sensor] Updated distance: 21.133061544565976 cm | Severity=75 | SourceName=Sensor2 | EventType=application
[2026-08-11 15:29:55.993 (UTC)] info/application	[Sensor] Updated distance: 40.81817964036864 cm | Severity=75 | SourceName=Sensor2 | EventType=application
[2026-08-11 15:29:56.994 (UTC)] info/application	[Sensor] Updated distance: 6.056191505890428 cm | Severity=75 | SourceName=Sensor2 | EventType=application
[2026-08-11 15:29:57.995 (UTC)] info/application	[Sensor] Updated distance: 48.55517321757747 cm | Severity=75 | SourceName=Sensor2 | EventType=application
[2026-08-11 15:29:58.995 (UTC)] info/application	[Sensor] Updated distance: 43.0461595324083 cm | Severity=75 | SourceName=Sensor2 | EventType=application
[2026-08-11 15:29:59.996 (UTC)] info/application	[Sensor] Updated distance: 21.26224039646901 cm | Severity=75 | SourceName=Sensor2 | EventType=application
[2026-08-11 15:30:00.998 (UTC)] info/application	[Sensor] Updated distance: 48.230290806959516 cm | Severity=75 | SourceName=Sensor2 | EventType=application
[2026-08-11 15:30:01.989 (UTC)] info/application	[Sensor] Updated distance: 11.00617496343617 cm | Severity=75 | SourceName=Sensor2 | EventType=application
[2026-08-11 15:30:02.989 (UTC)] info/application	[Sensor] Updated distance: 7.712595830537656 cm | Severity=75 | SourceName=Sensor2 | EventType=application
[2026-08-11 15:30:03.990 (UTC)] info/application	[Sensor] Updated distance: 46.94884689755218 cm | Severity=75 | SourceName=Sensor2 | EventType=application
[2026-08-11 15:30:04.991 (UTC)] info/application	[Sensor] Updated distance: 45.401627545897675 cm | Severity=75 | SourceName=Sensor2 | EventType=application
[2026-08-11 15:30:05.993 (UTC)] info/application	[Sensor] Updated distance: 14.02860768699488 cm | Severity=75 | SourceName=Sensor2 | EventType=application
[2026-08-11 15:30:06.994 (UTC)] info/application	[Sensor] Updated distance: 27.489511501737642 cm | Severity=75 | SourceName=Sensor2 | EventType=application
[2026-08-11 15:30:07.995 (UTC)] info/application	[Sensor] Updated distance: 12.649441403639242 cm | Severity=75 | SourceName=Sensor2 | EventType=application
[2026-08-11 15:30:08.995 (UTC)] info/application	[Sensor] Updated distance: 41.02185879229654 cm | Severity=75 | SourceName=Sensor2 | EventType=application
[2026-08-11 15:30:09.996 (UTC)] info/application	[Sensor] Updated distance: 34.246495708937985 cm | Severity=75 | SourceName=Sensor2 | EventType=application
[2026-08-11 15:30:10.997 (UTC)] info/application	[Sensor] Updated distance: 29.491344561563498 cm | Severity=75 | SourceName=Sensor2 | EventType=application
[2026-08-11 15:30:11.989 (UTC)] info/application	[Sensor] Updated distance: 28.981932406770962 cm | Severity=75 | SourceName=Sensor2 | EventType=application
[2026-08-11 15:30:12.991 (UTC)] info/application	[Sensor] Updated distance: 19.137468554609207 cm | Severity=75 | SourceName=Sensor2 | EventType=application
[2026-08-11 15:30:13.993 (UTC)] info/application	[Sensor] Updated distance: 40.936537008237345 cm | Severity=75 | SourceName=Sensor2 | EventType=application
[2026-08-11 15:30:14.996 (UTC)] info/application	[Sensor] Updated distance: 42.900919791730544 cm | Severity=75 | SourceName=Sensor2 | EventType=application
[2026-08-11 15:30:15.998 (UTC)] info/application	[Sensor] Updated distance: 36.09446483202952 cm | Severity=75 | SourceName=Sensor2 | EventType=application
[2026-08-11 15:30:16.990 (UTC)] info/application	[Sensor] Updated distance: 34.47729297749572 cm | Severity=75 | SourceName=Sensor2 | EventType=application
[2026-08-11 15:30:17.991 (UTC)] info/application	[Sensor] Updated distance: 5.154299461820302 cm | Severity=75 | SourceName=Sensor2 | EventType=application
[2026-08-11 15:30:18.992 (UTC)] info/application	[Sensor] Updated distance: 6.1019124631313195 cm | Severity=75 | SourceName=Sensor2 | EventType=application
[2026-08-11 15:30:19.994 (UTC)] info/application	[Sensor] Updated distance: 10.871855613250217 cm | Severity=75 | SourceName=Sensor2 | EventType=application
[2026-08-11 15:30:20.995 (UTC)] info/application	[Sensor] Updated distance: 29.85675425634568 cm | Severity=75 | SourceName=Sensor2 | EventType=application
[2026-08-11 15:30:21.998 (UTC)] info/application	[Sensor] Updated distance: 34.54355364318171 cm | Severity=75 | SourceName=Sensor2 | EventType=application
[2026-08-11 15:30:22.990 (UTC)] info/application	[Sensor] Updated distance: 36.23745075717449 cm | Severity=75 | SourceName=Sensor2 | EventType=application
[2026-08-11 15:30:23.993 (UTC)] info/application	[Sensor] Updated distance: 12.45537204782263 cm | Severity=75 | SourceName=Sensor2 | EventType=application
[2026-08-11 15:30:24.995 (UTC)] info/application	[Sensor] Updated distance: 10.856007043670866 cm | Severity=75 | SourceName=Sensor2 | EventType=application
[2026-08-11 15:30:25.998 (UTC)] info/application	[Sensor] Updated distance: 7.370512279388733 cm | Severity=75 | SourceName=Sensor2 | EventType=application
[2026-08-11 15:30:26.989 (UTC)] info/application	[Sensor] Updated distance: 3.2735516658395305 cm | Severity=75 | SourceName=Sensor2 | EventType=application
[2026-08-11 15:30:27.992 (UTC)] info/application	[Sensor] Updated distance: 14.912198549561294 cm | Severity=75 | SourceName=Sensor2 | EventType=application
[2026-08-11 15:30:28.996 (UTC)] info/application	[Sensor] Updated distance: 5.9256854746144665 cm | Severity=75 | SourceName=Sensor2 | EventType=application
[2026-08-11 15:30:29.989 (UTC)] info/application	[Sensor] Updated distance: 44.31971119824783 cm | Severity=75 | SourceName=Sensor2 | EventType=application
[2026-08-11 15:30:30.992 (UTC)] info/application	[Sensor] Updated distance: 34.17443896838205 cm | Severity=75 | SourceName=Sensor2 | EventType=application
[2026-08-11 15:30:31.995 (UTC)] info/application	[Sensor] Updated distance: 4.155976259222243 cm | Severity=75 | SourceName=Sensor2 | EventType=application
[2026-08-11 15:30:32.997 (UTC)] info/application	[Sensor] Updated distance: 5.325886139332264 cm | Severity=75 | SourceName=Sensor2 | EventType=application
[2026-08-11 15:30:33.990 (UTC)] info/application	[Sensor] Updated distance: 39.8870347989197 cm | Severity=75 | SourceName=Sensor2 | EventType=application
[2026-08-11 15:30:34.992 (UTC)] info/application	[Sensor] Updated distance: 49.104823179126164 cm | Severity=75 | SourceName=Sensor2 | EventType=application
[2026-08-11 15:30:35.995 (UTC)] info/application	[Sensor] Updated distance: 48.72751370758168 cm | Severity=75 | SourceName=Sensor2 | EventType=application
[2026-08-11 15:30:36.996 (UTC)] info/application	[Sensor] Updated distance: 3.9156424635628433 cm | Severity=75 | SourceName=Sensor2 | EventType=application
[2026-08-11 15:30:37.997 (UTC)] info/application	[Sensor] Updated distance: 26.594334658512068 cm | Severity=75 | SourceName=Sensor2 | EventType=application
[2026-08-11 15:30:38.990 (UTC)] info/application	[Sensor] Updated distance: 11.376955088869181 cm | Severity=75 | SourceName=Sensor2 | EventType=application
[2026-08-11 15:30:39.993 (UTC)] info/application	[Sensor] Updated distance: 42.93750125585939 cm | Severity=75 | SourceName=Sensor2 | EventType=application
[2026-08-11 15:30:40.995 (UTC)] info/application	[Sensor] Updated distance: 10.840830345098315 cm | Severity=75 | SourceName=Sensor2 | EventType=application
[2026-08-11 15:30:41.998 (UTC)] info/application	[Sensor] Updated distance: 38.86829965043268 cm | Severity=75 | SourceName=Sensor2 | EventType=application
[2026-08-11 15:30:42.990 (UTC)] info/application	[Sensor] Updated distance: 21.919433662630354 cm | Severity=75 | SourceName=Sensor2 | EventType=application
[2026-08-11 15:30:43.992 (UTC)] info/application	[Sensor] Updated distance: 27.97829889970752 cm | Severity=75 | SourceName=Sensor2 | EventType=application
[2026-08-11 15:30:44.994 (UTC)] info/application	[Sensor] Updated distance: 29.804836658670023 cm | Severity=75 | SourceName=Sensor2 | EventType=application
[2026-08-11 15:30:45.995 (UTC)] info/application	[Sensor] Updated distance: 14.82035343200916 cm | Severity=75 | SourceName=Sensor2 | EventType=application
[2026-08-11 15:30:46.988 (UTC)] info/application	[Sensor] Updated distance: 14.072763709385303 cm | Severity=75 | SourceName=Sensor2 | EventType=application
[2026-08-11 15:30:47.991 (UTC)] info/application	[Sensor] Updated distance: 14.282129613814003 cm | Severity=75 | SourceName=Sensor2 | EventType=application
[2026-08-11 15:30:48.994 (UTC)] info/application	[Sensor] Updated distance: 17.974652893829465 cm | Severity=75 | SourceName=Sensor2 | EventType=application
[2026-08-11 15:30:49.997 (UTC)] info/application	[Sensor] Updated distance: 18.174676172516623 cm | Severity=75 | SourceName=Sensor2 | EventType=application
[2026-08-11 15:30:50.998 (UTC)] info/application	[Sensor] Updated distance: 23.153985249415964 cm | Severity=75 | SourceName=Sensor2 | EventType=application
[2026-08-11 15:30:51.998 (UTC)] info/application	[Sensor] Updated distance: 45.83140717252689 cm | Severity=75 | SourceName=Sensor2 | EventType=application
[2026-08-11 15:30:52.991 (UTC)] info/application	[Sensor] Updated distance: 2.7182298156983355 cm | Severity=75 | SourceName=Sensor2 | EventType=application
[2026-08-11 15:30:53.992 (UTC)] info/application	[Sensor] Updated distance: 9.391435984238719 cm | Severity=75 | SourceName=Sensor2 | EventType=application
[2026-08-11 15:30:54.994 (UTC)] info/application	[Sensor] Updated distance: 8.286779197997776 cm | Severity=75 | SourceName=Sensor2 | EventType=application
[2026-08-11 15:30:55.996 (UTC)] info/application	[Sensor] Updated distance: 11.5742368593692 cm | Severity=75 | SourceName=Sensor2 | EventType=application
[2026-08-11 15:30:56.997 (UTC)] info/application	[Sensor] Updated distance: 14.761948285979194 cm | Severity=75 | SourceName=Sensor2 | EventType=application
[2026-08-11 15:30:57.990 (UTC)] info/application	[Sensor] Updated distance: 9.560330863837306 cm | Severity=75 | SourceName=Sensor2 | EventType=application
[2026-08-11 15:30:58.993 (UTC)] info/application	[Sensor] Updated distance: 24.48643543128224 cm | Severity=75 | SourceName=Sensor2 | EventType=application
[2026-08-11 15:30:59.995 (UTC)] info/application	[Sensor] Updated distance: 18.68763376059366 cm | Severity=75 | SourceName=Sensor2 | EventType=application
[2026-08-11 15:31:00.997 (UTC)] info/application	[Sensor] Updated distance: 3.8800420397333992 cm | Severity=75 | SourceName=Sensor2 | EventType=application
[2026-08-11 15:31:01.998 (UTC)] info/application	[Sensor] Updated distance: 8.660874377312545 cm | Severity=75 | SourceName=Sensor2 | EventType=application
[2026-08-11 15:31:02.989 (UTC)] info/application	[Sensor] Updated distance: 20.843610042167644 cm | Severity=75 | SourceName=Sensor2 | EventType=application
[2026-08-11 15:31:03.990 (UTC)] info/application	[Sensor] Updated distance: 7.205928179065663 cm | Severity=75 | SourceName=Sensor2 | EventType=application
[2026-08-11 15:31:04.991 (UTC)] info/application	[Sensor] Updated distance: 46.547909176232245 cm | Severity=75 | SourceName=Sensor2 | EventType=application
[2026-08-11 15:31:05.992 (UTC)] info/application	[Sensor] Updated distance: 19.948433198942073 cm | Severity=75 | SourceName=Sensor2 | EventType=application
[2026-08-11 15:31:06.993 (UTC)] info/application	[Sensor] Updated distance: 5.933441864295602 cm | Severity=75 | SourceName=Sensor2 | EventType=application
[2026-08-11 15:31:07.995 (UTC)] info/application	[Sensor] Updated distance: 48.46355163979509 cm | Severity=75 | SourceName=Sensor2 | EventType=application
[2026-08-11 15:31:08.996 (UTC)] info/application	[Sensor] Updated distance: 44.542767857454145 cm | Severity=75 | SourceName=Sensor2 | EventType=application
[2026-08-11 15:31:09.997 (UTC)] info/application	[Sensor] Updated distance: 15.310396975516525 cm | Severity=75 | SourceName=Sensor2 | EventType=application
[2026-08-11 15:31:10.998 (UTC)] info/application	[Sensor] Updated distance: 41.40105287330274 cm | Severity=75 | SourceName=Sensor2 | EventType=application
[2026-08-11 15:31:11.989 (UTC)] info/application	[Sensor] Updated distance: 5.383598180200718 cm | Severity=75 | SourceName=Sensor2 | EventType=application
[2026-08-11 15:31:12.992 (UTC)] info/application	[Sensor] Updated distance: 4.178696603597466 cm | Severity=75 | SourceName=Sensor2 | EventType=application
[2026-08-11 15:31:13.994 (UTC)] info/application	[Sensor] Updated distance: 13.320486513581352 cm | Severity=75 | SourceName=Sensor2 | EventType=application
[2026-08-11 15:31:14.996 (UTC)] info/application	[Sensor] Updated distance: 31.36189710225998 cm | Severity=75 | SourceName=Sensor2 | EventType=application
[2026-08-11 15:31:15.998 (UTC)] info/application	[Sensor] Updated distance: 31.98353326226749 cm | Severity=75 | SourceName=Sensor2 | EventType=application
[2026-08-11 15:31:16.989 (UTC)] info/application	[Sensor] Updated distance: 26.140839945590514 cm | Severity=75 | SourceName=Sensor2 | EventType=application
[2026-08-11 15:31:17.993 (UTC)] info/application	[Sensor] Updated distance: 43.43466081164529 cm | Severity=75 | SourceName=Sensor2 | EventType=application
[2026-08-11 15:31:18.996 (UTC)] info/application	[Sensor] Updated distance: 44.265662898433234 cm | Severity=75 | SourceName=Sensor2 | EventType=application
[2026-08-11 15:31:19.998 (UTC)] info/application	[Sensor] Updated distance: 42.11549286177172 cm | Severity=75 | SourceName=Sensor2 | EventType=application
[2026-08-11 15:31:20.991 (UTC)] info/application	[Sensor] Updated distance: 11.60933698416191 cm | Severity=75 | SourceName=Sensor2 | EventType=application
[2026-08-11 15:31:21.992 (UTC)] info/application	[Sensor] Updated distance: 17.41964812549746 cm | Severity=75 | SourceName=Sensor2 | EventType=application
[2026-08-11 15:31:22.994 (UTC)] info/application	[Sensor] Updated distance: 37.946900011946866 cm | Severity=75 | SourceName=Sensor2 | EventType=application
[2026-08-11 15:31:23.996 (UTC)] info/application	[Sensor] Updated distance: 12.327566799860245 cm | Severity=75 | SourceName=Sensor2 | EventType=application
[2026-08-11 15:31:24.997 (UTC)] info/application	[Sensor] Updated distance: 24.81108410973618 cm | Severity=75 | SourceName=Sensor2 | EventType=application
[2026-08-11 15:31:25.989 (UTC)] info/application	[Sensor] Updated distance: 44.23367920994464 cm | Severity=75 | SourceName=Sensor2 | EventType=application
[2026-08-11 15:31:26.990 (UTC)] info/application	[Sensor] Updated distance: 21.901803659229447 cm | Severity=75 | SourceName=Sensor2 | EventType=application
[2026-08-11 15:31:27.992 (UTC)] info/application	[Sensor] Updated distance: 37.57303239571537 cm | Severity=75 | SourceName=Sensor2 | EventType=application
[2026-08-11 15:31:28.994 (UTC)] info/application	[Sensor] Updated distance: 3.7940100514302078 cm | Severity=75 | SourceName=Sensor2 | EventType=application
[2026-08-11 15:31:29.997 (UTC)] info/application	[Sensor] Updated distance: 44.38823909051168 cm | Severity=75 | SourceName=Sensor2 | EventType=application
[2026-08-11 15:31:30.989 (UTC)] info/application	[Sensor] Updated distance: 6.260666156309036 cm | Severity=75 | SourceName=Sensor2 | EventType=application
[2026-08-11 15:31:31.991 (UTC)] info/application	[Sensor] Updated distance: 5.674052091163607 cm | Severity=75 | SourceName=Sensor2 | EventType=application
[2026-08-11 15:31:32.994 (UTC)] info/application	[Sensor] Updated distance: 3.0491134454724906 cm | Severity=75 | SourceName=Sensor2 | EventType=application
[2026-08-11 15:31:33.996 (UTC)] info/application	[Sensor] Updated distance: 25.10427619847668 cm | Severity=75 | SourceName=Sensor2 | EventType=application
[2026-08-11 15:31:34.998 (UTC)] info/application	[Sensor] Updated distance: 10.87998027022927 cm | Severity=75 | SourceName=Sensor2 | EventType=application
[2026-08-11 15:31:35.990 (UTC)] info/application	[Sensor] Updated distance: 47.59702262170474 cm | Severity=75 | SourceName=Sensor2 | EventType=application
[2026-08-11 15:31:36.992 (UTC)] info/application	[Sensor] Updated distance: 43.05270939741875 cm | Severity=75 | SourceName=Sensor2 | EventType=application
[2026-08-11 15:31:37.993 (UTC)] info/application	[Sensor] Updated distance: 14.813422156876614 cm | Severity=75 | SourceName=Sensor2 | EventType=application
[2026-08-11 15:31:38.994 (UTC)] info/application	[Sensor] Updated distance: 46.06057423914809 cm | Severity=75 | SourceName=Sensor2 | EventType=application
[2026-08-11 15:31:39.996 (UTC)] info/application	[Sensor] Updated distance: 37.595477232521155 cm | Severity=75 | SourceName=Sensor2 | EventType=application
[2026-08-11 15:31:40.997 (UTC)] info/application	[Sensor] Updated distance: 28.12381913239314 cm | Severity=75 | SourceName=Sensor2 | EventType=application
[2026-08-11 15:31:41.998 (UTC)] info/application	[Sensor] Updated distance: 37.461627112450834 cm | Severity=75 | SourceName=Sensor2 | EventType=application
[2026-08-11 15:31:42.989 (UTC)] info/application	[Sensor] Updated distance: 40.97907541272187 cm | Severity=75 | SourceName=Sensor2 | EventType=application
[2026-08-11 15:31:43.991 (UTC)] info/application	[Sensor] Updated distance: 30.302515735990607 cm | Severity=75 | SourceName=Sensor2 | EventType=application
[2026-08-11 15:31:44.993 (UTC)] info/application	[Sensor] Updated distance: 48.782113626032185 cm | Severity=75 | SourceName=Sensor2 | EventType=application
[2026-08-11 15:31:45.995 (UTC)] info/application	[Sensor] Updated distance: 22.340972492630115 cm | Severity=75 | SourceName=Sensor2 | EventType=application
[2026-08-11 15:31:46.996 (UTC)] info/application	[Sensor] Updated distance: 12.2860489982581 cm | Severity=75 | SourceName=Sensor2 | EventType=application
[2026-08-11 15:31:47.996 (UTC)] info/application	[Sensor] Updated distance: 24.922953571622703 cm | Severity=75 | SourceName=Sensor2 | EventType=application
[2026-08-11 15:31:48.998 (UTC)] info/application	[Sensor] Updated distance: 15.7756333042754 cm | Severity=75 | SourceName=Sensor2 | EventType=application
[2026-08-11 15:31:49.991 (UTC)] info/application	[Sensor] Updated distance: 6.5517118743395955 cm | Severity=75 | SourceName=Sensor2 | EventType=application
[2026-08-11 15:31:50.993 (UTC)] info/application	[Sensor] Updated distance: 17.03844641104268 cm | Severity=75 | SourceName=Sensor2 | EventType=application
[2026-08-11 15:31:51.995 (UTC)] info/application	[Sensor] Updated distance: 25.38497028843731 cm | Severity=75 | SourceName=Sensor2 | EventType=application
[2026-08-11 15:31:52.997 (UTC)] info/application	[Sensor] Updated distance: 21.971359999837055 cm | Severity=75 | SourceName=Sensor2 | EventType=application
[2026-08-11 15:31:53.989 (UTC)] info/application	[Sensor] Updated distance: 4.985346400637806 cm | Severity=75 | SourceName=Sensor2 | EventType=application
[2026-08-11 15:31:54.991 (UTC)] info/application	[Sensor] Updated distance: 35.71253708829756 cm | Severity=75 | SourceName=Sensor2 | EventType=application
[2026-08-11 15:31:55.993 (UTC)] info/application	[Sensor] Updated distance: 44.782444109573234 cm | Severity=75 | SourceName=Sensor2 | EventType=application
[2026-08-11 15:31:56.995 (UTC)] info/application	[Sensor] Updated distance: 47.21902561058245 cm | Severity=75 | SourceName=Sensor2 | EventType=application
[2026-08-11 15:31:57.998 (UTC)] info/application	[Sensor] Updated distance: 7.614340725175263 cm | Severity=75 | SourceName=Sensor2 | EventType=application
[2026-08-11 15:31:58.990 (UTC)] info/application	[Sensor] Updated distance: 32.35547650528861 cm | Severity=75 | SourceName=Sensor2 | EventType=application
[2026-08-11 15:31:59.993 (UTC)] info/application	[Sensor] Updated distance: 49.013035662012655 cm | Severity=75 | SourceName=Sensor2 | EventType=application
[2026-08-11 15:32:00.995 (UTC)] info/application	[Sensor] Updated distance: 2.0025798156869503 cm | Severity=75 | SourceName=Sensor2 | EventType=application
[2026-08-11 15:32:01.997 (UTC)] info/application	[Sensor] Updated distance: 36.61614266159764 cm | Severity=75 | SourceName=Sensor2 | EventType=application
[2026-08-11 15:32:02.989 (UTC)] info/application	[Sensor] Updated distance: 4.687087730824523 cm | Severity=75 | SourceName=Sensor2 | EventType=application
[2026-08-11 15:32:03.991 (UTC)] info/application	[Sensor] Updated distance: 3.051693261159441 cm | Severity=75 | SourceName=Sensor2 | EventType=application
[2026-08-11 15:32:04.993 (UTC)] info/application	[Sensor] Updated distance: 11.720418837722585 cm | Severity=75 | SourceName=Sensor2 | EventType=application
[2026-08-11 15:32:05.994 (UTC)] info/application	[Sensor] Updated distance: 13.567068001053793 cm | Severity=75 | SourceName=Sensor2 | EventType=application
[2026-08-11 15:32:06.996 (UTC)] info/application	[Sensor] Updated distance: 48.64871590521592 cm | Severity=75 | SourceName=Sensor2 | EventType=application
[2026-08-11 15:32:07.989 (UTC)] info/application	[Sensor] Updated distance: 4.773128212789599 cm | Severity=75 | SourceName=Sensor2 | EventType=application
[2026-08-11 15:32:08.991 (UTC)] info/application	[Sensor] Updated distance: 26.380490157930407 cm | Severity=75 | SourceName=Sensor2 | EventType=application
[2026-08-11 15:32:09.991 (UTC)] info/application	[Sensor] Updated distance: 44.70929012201228 cm | Severity=75 | SourceName=Sensor2 | EventType=application
[2026-08-11 15:32:10.993 (UTC)] info/application	[Sensor] Updated distance: 40.368605445310756 cm | Severity=75 | SourceName=Sensor2 | EventType=application
[2026-08-11 15:32:11.993 (UTC)] info/application	[Sensor] Updated distance: 4.504309267971808 cm | Severity=75 | SourceName=Sensor2 | EventType=application
[2026-08-11 15:32:12.996 (UTC)] info/application	[Sensor] Updated distance: 32.17091721211137 cm | Severity=75 | SourceName=Sensor2 | EventType=application
[2026-08-11 15:32:13.998 (UTC)] info/application	[Sensor] Updated distance: 31.347680835680887 cm | Severity=75 | SourceName=Sensor2 | EventType=application
[2026-08-11 15:32:14.990 (UTC)] info/application	[Sensor] Updated distance: 32.80682502631416 cm | Severity=75 | SourceName=Sensor2 | EventType=application
[2026-08-11 15:32:15.991 (UTC)] info/application	[Sensor] Updated distance: 30.953030838143558 cm | Severity=75 | SourceName=Sensor2 | EventType=application
[2026-08-11 15:32:16.992 (UTC)] info/application	[Sensor] Updated distance: 3.6886533283110023 cm | Severity=75 | SourceName=Sensor2 | EventType=application
[2026-08-11 15:32:17.993 (UTC)] info/application	[Sensor] Updated distance: 43.092874024572254 cm | Severity=75 | SourceName=Sensor2 | EventType=application
[2026-08-11 15:32:18.996 (UTC)] info/application	[Sensor] Updated distance: 5.875984387414523 cm | Severity=75 | SourceName=Sensor2 | EventType=application
[2026-08-11 15:32:19.988 (UTC)] info/application	[Sensor] Updated distance: 17.4642866325864 cm | Severity=75 | SourceName=Sensor2 | EventType=application
[2026-08-11 15:32:20.991 (UTC)] info/application	[Sensor] Updated distance: 47.64458589891185 cm | Severity=75 | SourceName=Sensor2 | EventType=application
[2026-08-11 15:32:21.993 (UTC)] info/application	[Sensor] Updated distance: 20.914430798457204 cm | Severity=75 | SourceName=Sensor2 | EventType=application
[2026-08-11 15:32:22.994 (UTC)] info/application	[Sensor] Updated distance: 40.849256921023716 cm | Severity=75 | SourceName=Sensor2 | EventType=application
[2026-08-11 15:32:23.995 (UTC)] info/application	[Sensor] Updated distance: 19.615945876397166 cm | Severity=75 | SourceName=Sensor2 | EventType=application
[2026-08-11 15:32:24.997 (UTC)] info/application	[Sensor] Updated distance: 23.89977719909501 cm | Severity=75 | SourceName=Sensor2 | EventType=application
[2026-08-11 15:32:25.998 (UTC)] info/application	[Sensor] Updated distance: 26.56179398696953 cm | Severity=75 | SourceName=Sensor2 | EventType=application
[2026-08-11 15:32:26.989 (UTC)] info/application	[Sensor] Updated distance: 14.39838996361866 cm | Severity=75 | SourceName=Sensor2 | EventType=application
[2026-08-11 15:32:27.990 (UTC)] info/application	[Sensor] Updated distance: 21.118802787325716 cm | Severity=75 | SourceName=Sensor2 | EventType=application
[2026-08-11 15:32:28.990 (UTC)] info/application	[Sensor] Updated distance: 32.176134712144794 cm | Severity=75 | SourceName=Sensor2 | EventType=application
[2026-08-11 15:32:29.991 (UTC)] info/application	[Sensor] Updated distance: 44.75386646890727 cm | Severity=75 | SourceName=Sensor2 | EventType=application
[2026-08-11 15:32:30.992 (UTC)] info/application	[Sensor] Updated distance: 20.131838426986633 cm | Severity=75 | SourceName=Sensor2 | EventType=application
[2026-08-11 15:32:31.993 (UTC)] info/application	[Sensor] Updated distance: 32.178714527831744 cm | Severity=75 | SourceName=Sensor2 | EventType=application
[2026-08-11 15:32:32.994 (UTC)] info/application	[Sensor] Updated distance: 31.370009108153173 cm | Severity=75 | SourceName=Sensor2 | EventType=application
[2026-08-11 15:32:33.996 (UTC)] info/application	[Sensor] Updated distance: 22.818926157811156 cm | Severity=75 | SourceName=Sensor2 | EventType=application
[2026-08-11 15:32:34.998 (UTC)] info/application	[Sensor] Updated distance: 33.23040781134293 cm | Severity=75 | SourceName=Sensor2 | EventType=application
[2026-08-11 15:32:35.990 (UTC)] info/application	[Sensor] Updated distance: 41.09042794587576 cm | Severity=75 | SourceName=Sensor2 | EventType=application
[2026-08-11 15:32:36.993 (UTC)] info/application	[Sensor] Updated distance: 34.385994158864946 cm | Severity=75 | SourceName=Sensor2 | EventType=application
[2026-08-11 15:32:37.994 (UTC)] info/application	[Sensor] Updated distance: 31.87912369420711 cm | Severity=75 | SourceName=Sensor2 | EventType=application
[2026-08-11 15:32:38.995 (UTC)] info/application	[Sensor] Updated distance: 43.86355615866536 cm | Severity=75 | SourceName=Sensor2 | EventType=application
[2026-08-11 15:32:39.997 (UTC)] info/application	[Sensor] Updated distance: 10.766484316795358 cm | Severity=75 | SourceName=Sensor2 | EventType=application
[2026-08-11 15:32:40.989 (UTC)] info/application	[Sensor] Updated distance: 26.588413793867645 cm | Severity=75 | SourceName=Sensor2 | EventType=application
[2026-08-11 15:32:41.990 (UTC)] info/application	[Sensor] Updated distance: 34.232161581624375 cm | Severity=75 | SourceName=Sensor2 | EventType=application
[2026-08-11 15:32:42.991 (UTC)] info/application	[Sensor] Updated distance: 13.270793584767167 cm | Severity=75 | SourceName=Sensor2 | EventType=application
[2026-08-11 15:32:43.992 (UTC)] info/application	[Sensor] Updated distance: 8.759331005979018 cm | Severity=75 | SourceName=Sensor2 | EventType=application
[2026-08-11 15:32:44.994 (UTC)] info/application	[Sensor] Updated distance: 15.579842417305262 cm | Severity=75 | SourceName=Sensor2 | EventType=application
[2026-08-11 15:32:45.994 (UTC)] info/application	[Sensor] Updated distance: 44.07761861108132 cm | Severity=75 | SourceName=Sensor2 | EventType=application
[2026-08-11 15:32:46.996 (UTC)] info/application	[Sensor] Updated distance: 37.712361844122576 cm | Severity=75 | SourceName=Sensor2 | EventType=application
[2026-08-11 15:32:47.996 (UTC)] info/application	[Sensor] Updated distance: 17.268495745616264 cm | Severity=75 | SourceName=Sensor2 | EventType=application
[2026-08-11 15:32:48.989 (UTC)] info/application	[Sensor] Updated distance: 37.17049261330184 cm | Severity=75 | SourceName=Sensor2 | EventType=application
[2026-08-11 15:32:49.990 (UTC)] info/application	[Sensor] Updated distance: 41.5883462315371 cm | Severity=75 | SourceName=Sensor2 | EventType=application
[2026-08-11 15:32:50.992 (UTC)] info/application	[Sensor] Updated distance: 32.73278237820267 cm | Severity=75 | SourceName=Sensor2 | EventType=application
[2026-08-11 15:32:51.994 (UTC)] info/application	[Sensor] Updated distance: 34.81507848986195 cm | Severity=75 | SourceName=Sensor2 | EventType=application
[2026-08-11 15:32:52.994 (UTC)] info/application	[Sensor] Updated distance: 12.502777007642564 cm | Severity=75 | SourceName=Sensor2 | EventType=application
[2026-08-11 15:32:53.995 (UTC)] info/application	[Sensor] Updated distance: 23.582039276874642 cm | Severity=75 | SourceName=Sensor2 | EventType=application
[2026-08-11 15:32:54.998 (UTC)] info/application	[Sensor] Updated distance: 4.431024343907378 cm | Severity=75 | SourceName=Sensor2 | EventType=application
[2026-08-11 15:32:55.990 (UTC)] info/application	[Sensor] Updated distance: 34.40255420673758 cm | Severity=75 | SourceName=Sensor2 | EventType=application
[2026-08-11 15:32:56.991 (UTC)] info/application	[Sensor] Updated distance: 48.14383326384417 cm | Severity=75 | SourceName=Sensor2 | EventType=application
[2026-08-11 15:32:57.992 (UTC)] info/application	[Sensor] Updated distance: 16.829414329877782 cm | Severity=75 | SourceName=Sensor2 | EventType=application
[2026-08-11 15:32:58.995 (UTC)] info/application	[Sensor] Updated distance: 5.521356971711552 cm | Severity=75 | SourceName=Sensor2 | EventType=application
[2026-08-11 15:32:59.997 (UTC)] info/application	[Sensor] Updated distance: 30.319967953637224 cm | Severity=75 | SourceName=Sensor2 | EventType=application
[2026-08-11 15:33:00.990 (UTC)] info/application	[Sensor] Updated distance: 11.58328077643331 cm | Severity=75 | SourceName=Sensor2 | EventType=application
[2026-08-11 15:33:01.992 (UTC)] info/application	[Sensor] Updated distance: 23.653195398698184 cm | Severity=75 | SourceName=Sensor2 | EventType=application
[2026-08-11 15:33:02.994 (UTC)] info/application	[Sensor] Updated distance: 12.498682481468972 cm | Severity=75 | SourceName=Sensor2 | EventType=application
[2026-08-11 15:33:03.997 (UTC)] info/application	[Sensor] Updated distance: 40.95328990693823 cm | Severity=75 | SourceName=Sensor2 | EventType=application
[2026-08-11 15:33:04.998 (UTC)] info/application	[Sensor] Updated distance: 44.47212155650934 cm | Severity=75 | SourceName=Sensor2 | EventType=application
[2026-08-11 15:33:05.989 (UTC)] info/application	[Sensor] Updated distance: 43.7290902928119 cm | Severity=75 | SourceName=Sensor2 | EventType=application
[2026-08-11 15:33:06.990 (UTC)] info/application	[Sensor] Updated distance: 32.04371783046225 cm | Severity=75 | SourceName=Sensor2 | EventType=application
[2026-08-11 15:33:07.991 (UTC)] info/application	[Sensor] Updated distance: 28.85811569302255 cm | Severity=75 | SourceName=Sensor2 | EventType=application
[2026-08-11 15:33:08.992 (UTC)] info/application	[Sensor] Updated distance: 25.608213964667268 cm | Severity=75 | SourceName=Sensor2 | EventType=application
[2026-08-11 15:33:09.993 (UTC)] info/application	[Sensor] Updated distance: 25.90727398912761 cm | Severity=75 | SourceName=Sensor2 | EventType=application
[2026-08-11 15:33:10.994 (UTC)] info/application	[Sensor] Updated distance: 37.62460000981791 cm | Severity=75 | SourceName=Sensor2 | EventType=application
[2026-08-11 15:33:11.995 (UTC)] info/application	[Sensor] Updated distance: 2.1966277361831756 cm | Severity=75 | SourceName=Sensor2 | EventType=application
[2026-08-11 15:33:12.996 (UTC)] info/application	[Sensor] Updated distance: 10.139435548400243 cm | Severity=75 | SourceName=Sensor2 | EventType=application
[2026-08-11 15:33:13.997 (UTC)] info/application	[Sensor] Updated distance: 48.895393616936815 cm | Severity=75 | SourceName=Sensor2 | EventType=application
[2026-08-11 15:33:14.990 (UTC)] info/application	[Sensor] Updated distance: 8.955958742162192 cm | Severity=75 | SourceName=Sensor2 | EventType=application
[2026-08-11 15:33:15.993 (UTC)] info/application	[Sensor] Updated distance: 23.719277965705505 cm | Severity=75 | SourceName=Sensor2 | EventType=application
[2026-08-11 15:33:16.995 (UTC)] info/application	[Sensor] Updated distance: 42.9730122056664 cm | Severity=75 | SourceName=Sensor2 | EventType=application
[2026-08-11 15:33:17.996 (UTC)] info/application	[Sensor] Updated distance: 44.66832058628477 cm | Severity=75 | SourceName=Sensor2 | EventType=application
[2026-08-11 15:33:18.997 (UTC)] info/application	[Sensor] Updated distance: 38.987773711321765 cm | Severity=75 | SourceName=Sensor2 | EventType=application
[2026-08-11 15:33:19.988 (UTC)] info/application	[Sensor] Updated distance: 30.143504818968243 cm | Severity=75 | SourceName=Sensor2 | EventType=application
[2026-08-11 15:33:20.989 (UTC)] info/application	[Sensor] Updated distance: 36.25666679547013 cm | Severity=75 | SourceName=Sensor2 | EventType=application
[2026-08-11 15:33:21.991 (UTC)] info/application	[Sensor] Updated distance: 21.720556067172694 cm | Severity=75 | SourceName=Sensor2 | EventType=application
[2026-08-11 15:33:22.992 (UTC)] info/application	[Sensor] Updated distance: 14.958583286478454 cm | Severity=75 | SourceName=Sensor2 | EventType=application
[2026-08-11 15:33:23.993 (UTC)] info/application	[Sensor] Updated distance: 46.759443803112696 cm | Severity=75 | SourceName=Sensor2 | EventType=application
[2026-08-11 15:33:24.023 (UTC)] info/channel	[System] TCP 15	| SC 3	| SecureChannel renewed with a revised lifetime of 600.0s | Severity=75 | SourceName=System | EventType=channel
[2026-08-11 15:33:24.994 (UTC)] info/application	[Sensor] Updated distance: 43.30259534404734 cm | Severity=75 | SourceName=Sensor2 | EventType=application
[2026-08-11 15:33:25.994 (UTC)] info/application	[Sensor] Updated distance: 17.389607652737574 cm | Severity=75 | SourceName=Sensor2 | EventType=application
[2026-08-11 15:33:26.956 (UTC)] info/channel	[System] TCP 16	| SC 1	| OpenSecureChannel: Channel renewed with a revised lifetime of 600.0s | Severity=75 | SourceName=System | EventType=channel
[2026-08-11 15:33:26.996 (UTC)] info/application	[Sensor] Updated distance: 31.161997987498527 cm | Severity=75 | SourceName=Sensor2 | EventType=application
[2026-08-11 15:33:27.998 (UTC)] info/application	[Sensor] Updated distance: 41.44642858553977 cm | Severity=75 | SourceName=Sensor2 | EventType=application
[2026-08-11 15:33:28.990 (UTC)] info/application	[Sensor] Updated distance: 32.21902198261536 cm | Severity=75 | SourceName=Sensor2 | EventType=application
[2026-08-11 15:33:29.991 (UTC)] info/application	[Sensor] Updated distance: 34.68335495921008 cm | Severity=75 | SourceName=Sensor2 | EventType=application
[2026-08-11 15:33:30.993 (UTC)] info/application	[Sensor] Updated distance: 21.766396539177 cm | Severity=75 | SourceName=Sensor2 | EventType=application
[2026-08-11 15:33:31.996 (UTC)] info/application	[Sensor] Updated distance: 41.802302759048665 cm | Severity=75 | SourceName=Sensor2 | EventType=application
[2026-08-11 15:33:32.998 (UTC)] info/application	[Sensor] Updated distance: 8.336550335556524 cm | Severity=75 | SourceName=Sensor2 | EventType=application
[2026-08-11 15:33:33.991 (UTC)] info/application	[Sensor] Updated distance: 32.26507902064597 cm | Severity=75 | SourceName=Sensor2 | EventType=application
[2026-08-11 15:33:34.992 (UTC)] info/application	[Sensor] Updated distance: 32.755592643635154 cm | Severity=75 | SourceName=Sensor2 | EventType=application
[2026-08-11 15:33:35.994 (UTC)] info/application	[Sensor] Updated distance: 2.808671869714126 cm | Severity=75 | SourceName=Sensor2 | EventType=application
[2026-08-11 15:33:36.997 (UTC)] info/application	[Sensor] Updated distance: 25.99416929110613 cm | Severity=75 | SourceName=Sensor2 | EventType=application
[2026-08-11 15:33:37.990 (UTC)] info/application	[Sensor] Updated distance: 14.799310474097407 cm | Severity=75 | SourceName=Sensor2 | EventType=application
[2026-08-11 15:33:38.993 (UTC)] info/application	[Sensor] Updated distance: 29.666787585088418 cm | Severity=75 | SourceName=Sensor2 | EventType=application
[2026-08-11 15:33:39.995 (UTC)] info/application	[Sensor] Updated distance: 49.6023832557734 cm | Severity=75 | SourceName=Sensor2 | EventType=application
[2026-08-11 15:33:40.998 (UTC)] info/application	[Sensor] Updated distance: 38.70658446322501 cm | Severity=75 | SourceName=Sensor2 | EventType=application
[2026-08-11 15:33:41.990 (UTC)] info/application	[Sensor] Updated distance: 17.291387572554584 cm | Severity=75 | SourceName=Sensor2 | EventType=application
[2026-08-11 15:33:42.991 (UTC)] info/application	[Sensor] Updated distance: 49.79901099195658 cm | Severity=75 | SourceName=Sensor2 | EventType=application
[2026-08-11 15:33:43.993 (UTC)] info/application	[Sensor] Updated distance: 46.84602001162526 cm | Severity=75 | SourceName=Sensor2 | EventType=application
[2026-08-11 15:33:44.995 (UTC)] info/application	[Sensor] Updated distance: 16.186781167139664 cm | Severity=75 | SourceName=Sensor2 | EventType=application
[2026-08-11 15:33:45.997 (UTC)] info/application	[Sensor] Updated distance: 8.75496973411877 cm | Severity=75 | SourceName=Sensor2 | EventType=application
[2026-08-11 15:33:46.990 (UTC)] info/application	[Sensor] Updated distance: 20.565297977330765 cm | Severity=75 | SourceName=Sensor2 | EventType=application
[2026-08-11 15:33:47.992 (UTC)] info/application	[Sensor] Updated distance: 9.159793372806064 cm | Severity=75 | SourceName=Sensor2 | EventType=application
[2026-08-11 15:33:48.993 (UTC)] info/application	[Sensor] Updated distance: 3.4232902980518016 cm | Severity=75 | SourceName=Sensor2 | EventType=application
[2026-08-11 15:33:49.995 (UTC)] info/application	[Sensor] Updated distance: 9.553071666300795 cm | Severity=75 | SourceName=Sensor2 | EventType=application
[2026-08-11 15:33:50.996 (UTC)] info/application	[Sensor] Updated distance: 37.30329819177431 cm | Severity=75 | SourceName=Sensor2 | EventType=application
[2026-08-11 15:33:51.998 (UTC)] info/application	[Sensor] Updated distance: 37.67995711587367 cm | Severity=75 | SourceName=Sensor2 | EventType=application
[2026-08-11 15:33:52.989 (UTC)] info/application	[Sensor] Updated distance: 29.273627755825235 cm | Severity=75 | SourceName=Sensor2 | EventType=application
[2026-08-11 15:33:53.991 (UTC)] info/application	[Sensor] Updated distance: 2.261881455901024 cm | Severity=75 | SourceName=Sensor2 | EventType=application
[2026-08-11 15:33:54.993 (UTC)] info/application	[Sensor] Updated distance: 34.43940089663462 cm | Severity=75 | SourceName=Sensor2 | EventType=application
[2026-08-11 15:33:55.995 (UTC)] info/application	[Sensor] Updated distance: 22.57622307752083 cm | Severity=75 | SourceName=Sensor2 | EventType=application
[2026-08-11 15:33:56.998 (UTC)] info/application	[Sensor] Updated distance: 17.6514891086386 cm | Severity=75 | SourceName=Sensor2 | EventType=application
[2026-08-11 15:33:57.991 (UTC)] info/application	[Sensor] Updated distance: 15.601398884133156 cm | Severity=75 | SourceName=Sensor2 | EventType=application
[2026-08-11 15:33:58.992 (UTC)] info/application	[Sensor] Updated distance: 14.022651663060604 cm | Severity=75 | SourceName=Sensor2 | EventType=application
[2026-08-11 15:33:59.993 (UTC)] info/application	[Sensor] Updated distance: 47.87051109125395 cm | Severity=75 | SourceName=Sensor2 | EventType=application
[2026-08-11 15:34:00.995 (UTC)] info/application	[Sensor] Updated distance: 48.28475384334323 cm | Severity=75 | SourceName=Sensor2 | EventType=application
[2026-08-11 15:34:01.995 (UTC)] info/application	[Sensor] Updated distance: 33.7890482022376 cm | Severity=75 | SourceName=Sensor2 | EventType=application
[2026-08-11 15:34:02.996 (UTC)] info/application	[Sensor] Updated distance: 39.672813850302624 cm | Severity=75 | SourceName=Sensor2 | EventType=application
[2026-08-11 15:34:03.997 (UTC)] info/application	[Sensor] Updated distance: 6.621304178899761 cm | Severity=75 | SourceName=Sensor2 | EventType=application
[2026-08-11 15:34:04.998 (UTC)] info/application	[Sensor] Updated distance: 16.05412720053183 cm | Severity=75 | SourceName=Sensor2 | EventType=application
[2026-08-11 15:34:05.989 (UTC)] info/application	[Sensor] Updated distance: 22.428406471586044 cm | Severity=75 | SourceName=Sensor2 | EventType=application
[2026-08-11 15:34:06.990 (UTC)] info/application	[Sensor] Updated distance: 7.429976048613887 cm | Severity=75 | SourceName=Sensor2 | EventType=application
[2026-08-11 15:34:07.992 (UTC)] info/application	[Sensor] Updated distance: 40.04829649163796 cm | Severity=75 | SourceName=Sensor2 | EventType=application
[2026-08-11 15:34:08.993 (UTC)] info/application	[Sensor] Updated distance: 35.22771694568345 cm | Severity=75 | SourceName=Sensor2 | EventType=application
[2026-08-11 15:34:09.993 (UTC)] info/application	[Sensor] Updated distance: 35.0967636337023 cm | Severity=75 | SourceName=Sensor2 | EventType=application
[2026-08-11 15:34:10.994 (UTC)] info/application	[Sensor] Updated distance: 39.650679725059625 cm | Severity=75 | SourceName=Sensor2 | EventType=application
[2026-08-11 15:34:11.995 (UTC)] info/application	[Sensor] Updated distance: 23.934301386556726 cm | Severity=75 | SourceName=Sensor2 | EventType=application
[2026-08-11 15:34:12.998 (UTC)] info/application	[Sensor] Updated distance: 2.388151206256892 cm | Severity=75 | SourceName=Sensor2 | EventType=application
[2026-08-11 15:34:13.989 (UTC)] info/application	[Sensor] Updated distance: 39.44969069466446 cm | Severity=75 | SourceName=Sensor2 | EventType=application
[2026-08-11 15:34:14.992 (UTC)] info/application	[Sensor] Updated distance: 20.78032139818199 cm | Severity=75 | SourceName=Sensor2 | EventType=application
[2026-08-11 15:34:15.995 (UTC)] info/application	[Sensor] Updated distance: 16.574932373396557 cm | Severity=75 | SourceName=Sensor2 | EventType=application
[2026-08-11 15:34:16.997 (UTC)] info/application	[Sensor] Updated distance: 46.20466042878323 cm | Severity=75 | SourceName=Sensor2 | EventType=application
[2026-08-11 15:34:17.989 (UTC)] info/application	[Sensor] Updated distance: 39.345619375512754 cm | Severity=75 | SourceName=Sensor2 | EventType=application
[2026-08-11 15:34:18.991 (UTC)] info/application	[Sensor] Updated distance: 23.73472574620262 cm | Severity=75 | SourceName=Sensor2 | EventType=application
[2026-08-11 15:34:19.992 (UTC)] info/application	[Sensor] Updated distance: 47.62795074918677 cm | Severity=75 | SourceName=Sensor2 | EventType=application
[2026-08-11 15:34:20.994 (UTC)] info/application	[Sensor] Updated distance: 46.89869104181355 cm | Severity=75 | SourceName=Sensor2 | EventType=application
[2026-08-11 15:34:21.996 (UTC)] info/application	[Sensor] Updated distance: 11.038023915625187 cm | Severity=75 | SourceName=Sensor2 | EventType=application
[2026-08-11 15:34:22.998 (UTC)] info/application	[Sensor] Updated distance: 35.30790784270871 cm | Severity=75 | SourceName=Sensor2 | EventType=application
[2026-08-11 15:34:23.990 (UTC)] info/application	[Sensor] Updated distance: 26.172318775287046 cm | Severity=75 | SourceName=Sensor2 | EventType=application
[2026-08-11 15:34:24.993 (UTC)] info/application	[Sensor] Updated distance: 11.299905393877953 cm | Severity=75 | SourceName=Sensor2 | EventType=application
[2026-08-11 15:34:25.994 (UTC)] info/application	[Sensor] Updated distance: 19.747308716991594 cm | Severity=75 | SourceName=Sensor2 | EventType=application
[2026-08-11 15:34:26.995 (UTC)] info/application	[Sensor] Updated distance: 46.74854187515962 cm | Severity=75 | SourceName=Sensor2 | EventType=application
[2026-08-11 15:34:27.996 (UTC)] info/application	[Sensor] Updated distance: 26.951394502516553 cm | Severity=75 | SourceName=Sensor2 | EventType=application
[2026-08-11 15:34:28.997 (UTC)] info/application	[Sensor] Updated distance: 33.348707601124744 cm | Severity=75 | SourceName=Sensor2 | EventType=application
[2026-08-11 15:34:29.998 (UTC)] info/application	[Sensor] Updated distance: 10.77119351586848 cm | Severity=75 | SourceName=Sensor2 | EventType=application
[2026-08-11 15:34:30.989 (UTC)] info/application	[Sensor] Updated distance: 24.82190559377051 cm | Severity=75 | SourceName=Sensor2 | EventType=application
[2026-08-11 15:34:31.991 (UTC)] info/application	[Sensor] Updated distance: 31.633461444467986 cm | Severity=75 | SourceName=Sensor2 | EventType=application
[2026-08-11 15:34:32.992 (UTC)] info/application	[Sensor] Updated distance: 42.560241718106084 cm | Severity=75 | SourceName=Sensor2 | EventType=application
[2026-08-11 15:34:33.994 (UTC)] info/application	[Sensor] Updated distance: 14.494719421721397 cm | Severity=75 | SourceName=Sensor2 | EventType=application
[2026-08-11 15:34:34.995 (UTC)] info/application	[Sensor] Updated distance: 36.254765623367746 cm | Severity=75 | SourceName=Sensor2 | EventType=application
[2026-08-11 15:34:35.996 (UTC)] info/application	[Sensor] Updated distance: 8.614368896286175 cm | Severity=75 | SourceName=Sensor2 | EventType=application
[2026-08-11 15:34:36.997 (UTC)] info/application	[Sensor] Updated distance: 34.92312589330744 cm | Severity=75 | SourceName=Sensor2 | EventType=application
[2026-08-11 15:34:37.998 (UTC)] info/application	[Sensor] Updated distance: 41.684741671981634 cm | Severity=75 | SourceName=Sensor2 | EventType=application
[2026-08-11 15:34:38.989 (UTC)] info/application	[Sensor] Updated distance: 46.662665387924136 cm | Severity=75 | SourceName=Sensor2 | EventType=application
[2026-08-11 15:34:39.990 (UTC)] info/application	[Sensor] Updated distance: 20.150842838990894 cm | Severity=75 | SourceName=Sensor2 | EventType=application
[2026-08-11 15:34:40.991 (UTC)] info/application	[Sensor] Updated distance: 26.78150530568394 cm | Severity=75 | SourceName=Sensor2 | EventType=application
[2026-08-11 15:34:41.994 (UTC)] info/application	[Sensor] Updated distance: 36.31334509063202 cm | Severity=75 | SourceName=Sensor2 | EventType=application
[2026-08-11 15:34:42.996 (UTC)] info/application	[Sensor] Updated distance: 42.08514422554762 cm | Severity=75 | SourceName=Sensor2 | EventType=application
[2026-08-11 15:34:43.989 (UTC)] info/application	[Sensor] Updated distance: 27.169656511940833 cm | Severity=75 | SourceName=Sensor2 | EventType=application
[2026-08-11 15:34:44.991 (UTC)] info/application	[Sensor] Updated distance: 25.76303576294474 cm | Severity=75 | SourceName=Sensor2 | EventType=application
[2026-08-11 15:34:45.994 (UTC)] info/application	[Sensor] Updated distance: 12.86546560137787 cm | Severity=75 | SourceName=Sensor2 | EventType=application
[2026-08-11 15:34:46.996 (UTC)] info/application	[Sensor] Updated distance: 41.744588885337386 cm | Severity=75 | SourceName=Sensor2 | EventType=application
[2026-08-11 15:34:47.998 (UTC)] info/application	[Sensor] Updated distance: 21.967696191727974 cm | Severity=75 | SourceName=Sensor2 | EventType=application
[2026-08-11 15:34:48.989 (UTC)] info/application	[Sensor] Updated distance: 2.211084954538888 cm | Severity=75 | SourceName=Sensor2 | EventType=application
[2026-08-11 15:34:49.990 (UTC)] info/application	[Sensor] Updated distance: 15.479314631540008 cm | Severity=75 | SourceName=Sensor2 | EventType=application
[2026-08-11 15:34:50.992 (UTC)] info/application	[Sensor] Updated distance: 19.595646918563006 cm | Severity=75 | SourceName=Sensor2 | EventType=application
[2026-08-11 15:34:51.994 (UTC)] info/application	[Sensor] Updated distance: 47.10977601870418 cm | Severity=75 | SourceName=Sensor2 | EventType=application
[2026-08-11 15:34:52.996 (UTC)] info/application	[Sensor] Updated distance: 24.517338547165195 cm | Severity=75 | SourceName=Sensor2 | EventType=application
[2026-08-11 15:34:53.989 (UTC)] info/application	[Sensor] Updated distance: 4.903554738919974 cm | Severity=75 | SourceName=Sensor2 | EventType=application
[2026-08-11 15:34:54.991 (UTC)] info/application	[Sensor] Updated distance: 23.282094771639485 cm | Severity=75 | SourceName=Sensor2 | EventType=application
[2026-08-11 15:34:55.994 (UTC)] info/application	[Sensor] Updated distance: 33.817243941043145 cm | Severity=75 | SourceName=Sensor2 | EventType=application
[2026-08-11 15:34:56.997 (UTC)] info/application	[Sensor] Updated distance: 22.65086345591157 cm | Severity=75 | SourceName=Sensor2 | EventType=application
[2026-08-11 15:34:57.988 (UTC)] info/application	[Sensor] Updated distance: 20.030636624447364 cm | Severity=75 | SourceName=Sensor2 | EventType=application
[2026-08-11 15:34:58.989 (UTC)] info/application	[Sensor] Updated distance: 10.768638443559706 cm | Severity=75 | SourceName=Sensor2 | EventType=application
[2026-08-11 15:34:59.991 (UTC)] info/application	[Sensor] Updated distance: 5.999571057036319 cm | Severity=75 | SourceName=Sensor2 | EventType=application
[2026-08-11 15:35:00.991 (UTC)] info/application	[Sensor] Updated distance: 28.801830140315847 cm | Severity=75 | SourceName=Sensor2 | EventType=application
[2026-08-11 15:35:01.993 (UTC)] info/application	[Sensor] Updated distance: 33.59054403733022 cm | Severity=75 | SourceName=Sensor2 | EventType=application
[2026-08-11 15:35:02.994 (UTC)] info/application	[Sensor] Updated distance: 35.6330325015043 cm | Severity=75 | SourceName=Sensor2 | EventType=application
[2026-08-11 15:35:03.997 (UTC)] info/application	[Sensor] Updated distance: 21.36207183607019 cm | Severity=75 | SourceName=Sensor2 | EventType=application
[2026-08-11 15:35:04.990 (UTC)] info/application	[Sensor] Updated distance: 46.08526345905161 cm | Severity=75 | SourceName=Sensor2 | EventType=application
[2026-08-11 15:35:05.993 (UTC)] info/application	[Sensor] Updated distance: 21.88779810252031 cm | Severity=75 | SourceName=Sensor2 | EventType=application
[2026-08-11 15:35:06.996 (UTC)] info/application	[Sensor] Updated distance: 27.976440732356366 cm | Severity=75 | SourceName=Sensor2 | EventType=application
[2026-08-11 15:35:07.989 (UTC)] info/application	[Sensor] Updated distance: 31.008389330007315 cm | Severity=75 | SourceName=Sensor2 | EventType=application
[2026-08-11 15:35:08.992 (UTC)] info/application	[Sensor] Updated distance: 13.572539752150204 cm | Severity=75 | SourceName=Sensor2 | EventType=application
[2026-08-11 15:35:09.995 (UTC)] info/application	[Sensor] Updated distance: 24.639106097928764 cm | Severity=75 | SourceName=Sensor2 | EventType=application
[2026-08-11 15:35:10.998 (UTC)] info/application	[Sensor] Updated distance: 49.15923216899821 cm | Severity=75 | SourceName=Sensor2 | EventType=application
[2026-08-11 15:35:11.990 (UTC)] info/application	[Sensor] Updated distance: 38.35404505783414 cm | Severity=75 | SourceName=Sensor2 | EventType=application
[2026-08-11 15:35:12.993 (UTC)] info/application	[Sensor] Updated distance: 10.952451166209043 cm | Severity=75 | SourceName=Sensor2 | EventType=application
[2026-08-11 15:35:13.995 (UTC)] info/application	[Sensor] Updated distance: 41.24437639454583 cm | Severity=75 | SourceName=Sensor2 | EventType=application
[2026-08-11 15:35:14.996 (UTC)] info/application	[Sensor] Updated distance: 15.523701547423238 cm | Severity=75 | SourceName=Sensor2 | EventType=application
[2026-08-11 15:35:15.998 (UTC)] info/application	[Sensor] Updated distance: 34.715486951505525 cm | Severity=75 | SourceName=Sensor2 | EventType=application
[2026-08-11 15:35:16.990 (UTC)] info/application	[Sensor] Updated distance: 4.109841973571964 cm | Severity=75 | SourceName=Sensor2 | EventType=application
[2026-08-11 15:35:17.992 (UTC)] info/application	[Sensor] Updated distance: 7.268290432760627 cm | Severity=75 | SourceName=Sensor2 | EventType=application
[2026-08-11 15:35:18.994 (UTC)] info/application	[Sensor] Updated distance: 6.683183120881758 cm | Severity=75 | SourceName=Sensor2 | EventType=application
[2026-08-11 15:35:19.996 (UTC)] info/application	[Sensor] Updated distance: 4.320926950462594 cm | Severity=75 | SourceName=Sensor2 | EventType=application
[2026-08-11 15:35:20.997 (UTC)] info/application	[Sensor] Updated distance: 20.747605064300636 cm | Severity=75 | SourceName=Sensor2 | EventType=application
[2026-08-11 15:35:21.998 (UTC)] info/application	[Sensor] Updated distance: 24.278830039444763 cm | Severity=75 | SourceName=Sensor2 | EventType=application
[2026-08-11 15:35:22.990 (UTC)] info/application	[Sensor] Updated distance: 49.430702969166774 cm | Severity=75 | SourceName=Sensor2 | EventType=application
[2026-08-11 15:35:23.992 (UTC)] info/application	[Sensor] Updated distance: 43.26494361146583 cm | Severity=75 | SourceName=Sensor2 | EventType=application
[2026-08-11 15:35:24.994 (UTC)] info/application	[Sensor] Updated distance: 27.18238477836474 cm | Severity=75 | SourceName=Sensor2 | EventType=application
[2026-08-11 15:35:25.997 (UTC)] info/application	[Sensor] Updated distance: 22.71279771845452 cm | Severity=75 | SourceName=Sensor2 | EventType=application
[2026-08-11 15:35:26.990 (UTC)] info/application	[Sensor] Updated distance: 27.082187552508984 cm | Severity=75 | SourceName=Sensor2 | EventType=application
[2026-08-11 15:35:27.993 (UTC)] info/application	[Sensor] Updated distance: 47.833248234276304 cm | Severity=75 | SourceName=Sensor2 | EventType=application
[2026-08-11 15:35:28.995 (UTC)] info/application	[Sensor] Updated distance: 40.74343436525363 cm | Severity=75 | SourceName=Sensor2 | EventType=application
[2026-08-11 15:35:29.989 (UTC)] info/application	[Sensor] Updated distance: 35.850825996068686 cm | Severity=75 | SourceName=Sensor2 | EventType=application
[2026-08-11 15:35:30.990 (UTC)] info/application	[Sensor] Updated distance: 3.832819268960887 cm | Severity=75 | SourceName=Sensor2 | EventType=application
[2026-08-11 15:35:31.992 (UTC)] info/application	[Sensor] Updated distance: 19.54526448321774 cm | Severity=75 | SourceName=Sensor2 | EventType=application
[2026-08-11 15:35:32.994 (UTC)] info/application	[Sensor] Updated distance: 19.441370011047166 cm | Severity=75 | SourceName=Sensor2 | EventType=application
[2026-08-11 15:35:33.996 (UTC)] info/application	[Sensor] Updated distance: 37.46585177046519 cm | Severity=75 | SourceName=Sensor2 | EventType=application
[2026-08-11 15:35:34.998 (UTC)] info/application	[Sensor] Updated distance: 38.90733634163967 cm | Severity=75 | SourceName=Sensor2 | EventType=application
[2026-08-11 15:35:35.990 (UTC)] info/application	[Sensor] Updated dist