[2026-08-11 23:25:53.943 (UTC+0800)] [33mwarn/server[0m	AccessControl: Unconfigured AccessControl. Users have all permissions.
[2026-08-11 23:25:53.943 (UTC+0800)] [32minfo/server[0m	AccessControl: Anonymous login is enabled
[2026-08-11 23:25:53.943 (UTC+0800)] [33mwarn/server[0m	x509 Certificate Authentication configured, but no encrypting SecurityPolicy. This can leak credentials on the network.
[2026-08-11 23:25:53.988 (UTC+0800)] [33mwarn/application[0m	ServerUrls already set. Overriding.
[2026-08-11 23:25:53.988 (UTC+0800)] [33mwarn/server[0m	AccessControl: Unconfigured AccessControl. Users have all permissions.
[2026-08-11 23:25:53.988 (UTC+0800)] [32minfo/server[0m	AccessControl: Anonymous login is enabled
[2026-08-11 23:25:53.988 (UTC+0800)] [33mwarn/server[0m	x509 Certificate Authentication configured, but no encrypting SecurityPolicy. This can leak credentials on the network.
[2026-08-11 23:25:53.988 (UTC+0800)] [33mwarn/server[0m	x509 Certificate Authentication configured, but no encrypting SecurityPolicy. This can leak credentials on the network.
[2026-08-11 15:25:53.988 (UTC)] info/application	Sensor Server online (Client/Server mode, id=3 port=4844) | Severity=75 | SourceName=Sensor3 | EventType=application
Entering background polling mode: attempting to connect to Aggregation Server...
Connected successfully. Log forwarding started.
[2026-08-11 15:25:54.989 (UTC)] info/application	[Sensor] Updated distance: 22.974114167026297 cm | Severity=75 | SourceName=Sensor3 | EventType=application
[2026-08-11 15:25:56.586 (UTC)] info/application	[Sensor] Updated distance: 22.001268798485988 cm | Severity=75 | SourceName=Sensor3 | EventType=application
[2026-08-11 15:25:56.586 (UTC)] info/network	[System] TCP 16	| Connection opened from "127.0.0.1" via the server socket 8 | Severity=75 | SourceName=System | EventType=network
[2026-08-11 15:25:56.586 (UTC)] info/channel	[System] TCP 16	| SC 1	| SecureChannel created | Severity=75 | SourceName=System | EventType=channel
[2026-08-11 15:25:56.606 (UTC)] info/channel	[System] TCP 16	| SC 1	| OpenSecureChannel: Channel opened with SecurityMode None for SecurityPolicy http://opcfoundation.org/UA/SecurityPolicy#None and a revised lifetime of 600.0s | Severity=75 | SourceName=System | EventType=channel
[2026-08-11 15:25:56.627 (UTC)] warn/client	[System] Removing a UserTokenPolicy that would allow the password to be transmitted without encryption (Can be enabled via config->allowNonePolicyPassword) | Severity=175 | SourceName=System | EventType=client
[2026-08-11 15:25:56.627 (UTC)] warn/client	[System] Removing a UserTokenPolicy that would allow the password to be transmitted without encryption (Can be enabled via config->allowNonePolicyPassword) | Severity=175 | SourceName=System | EventType=client
[2026-08-11 15:25:56.637 (UTC)] warn/client	[System] Removing a UserTokenPolicy that would allow the password to be transmitted without encryption (Can be enabled via config->allowNonePolicyPassword) | Severity=175 | SourceName=System | EventType=client
[2026-08-11 15:25:56.637 (UTC)] warn/client	[System] Removing a UserTokenPolicy that would allow the password to be transmitted without encryption (Can be enabled via config->allowNonePolicyPassword) | Severity=175 | SourceName=System | EventType=client
[2026-08-11 15:25:56.638 (UTC)] info/session	[System] TCP 16	| SC 1	| Session "ns=1;g=f4614e5c-c32a-2236-ec6e-b65b54e55e85"	| Session created | Severity=75 | SourceName=System | EventType=session
[2026-08-11 15:25:56.648 (UTC)] info/session	[System] TCP 16	| SC 1	| Session "ns=1;g=f4614e5c-c32a-2236-ec6e-b65b54e55e85"	| ActivateSession: Session activated with ClientUserId "" | Severity=75 | SourceName=System | EventType=session
[2026-08-11 15:25:56.992 (UTC)] info/application	[Sensor] Updated distance: 47.13430426136325 cm | Severity=75 | SourceName=Sensor3 | EventType=application
[2026-08-11 15:25:57.033 (UTC)] info/session	[System] TCP 16	| SC 1	| Session "ns=1;g=f4614e5c-c32a-2236-ec6e-b65b54e55e85"	| Subscription 1 | Subscription created (Publishing interval 500.0ms, max 1000 notifications per publish) | Severity=75 | SourceName=System | EventType=session
[2026-08-11 15:25:57.054 (UTC)] info/session	[System] TCP 16	| SC 1	| Session "ns=1;g=f4614e5c-c32a-2236-ec6e-b65b54e55e85"	| Subscription 1 | MonitoredItem 1 | Created the MonitoredItem (Sampling Interval: 250.0ms, Queue Size: 1) | Severity=75 | SourceName=System | EventType=session
[2026-08-11 15:25:57.994 (UTC)] info/application	[Sensor] Updated distance: 19.97930256369491 cm | Severity=75 | SourceName=Sensor3 | EventType=application
[2026-08-11 15:25:58.995 (UTC)] info/application	[Sensor] Updated distance: 31.64739212284209 cm | Severity=75 | SourceName=Sensor3 | EventType=application
[2026-08-11 15:25:59.996 (UTC)] info/application	[Sensor] Updated distance: 24.345585460935524 cm | Severity=75 | SourceName=Sensor3 | EventType=application
[2026-08-11 15:26:00.988 (UTC)] info/application	[Sensor] Updated distance: 30.056387340676217 cm | Severity=75 | SourceName=Sensor3 | EventType=application
[2026-08-11 15:26:01.989 (UTC)] info/application	[Sensor] Updated distance: 34.13463047153066 cm | Severity=75 | SourceName=Sensor3 | EventType=application
[2026-08-11 15:26:02.990 (UTC)] info/application	[Sensor] Updated distance: 18.706706077189512 cm | Severity=75 | SourceName=Sensor3 | EventType=application
[2026-08-11 15:26:03.990 (UTC)] info/application	[Sensor] Updated distance: 7.803213792761421 cm | Severity=75 | SourceName=Sensor3 | EventType=application
[2026-08-11 15:26:04.991 (UTC)] info/application	[Sensor] Updated distance: 23.20506917182592 cm | Severity=75 | SourceName=Sensor3 | EventType=application
[2026-08-11 15:26:05.992 (UTC)] info/application	[Sensor] Updated distance: 38.54806217763017 cm | Severity=75 | SourceName=Sensor3 | EventType=application
[2026-08-11 15:26:06.995 (UTC)] info/application	[Sensor] Updated distance: 20.09024970330775 cm | Severity=75 | SourceName=Sensor3 | EventType=application
[2026-08-11 15:26:07.998 (UTC)] info/application	[Sensor] Updated distance: 6.320554139241834 cm | Severity=75 | SourceName=Sensor3 | EventType=application
[2026-08-11 15:26:08.991 (UTC)] info/application	[Sensor] Updated distance: 19.16039837950859 cm | Severity=75 | SourceName=Sensor3 | EventType=application
[2026-08-11 15:26:09.993 (UTC)] info/application	[Sensor] Updated distance: 20.243711219282684 cm | Severity=75 | SourceName=Sensor3 | EventType=application
[2026-08-11 15:26:10.996 (UTC)] info/application	[Sensor] Updated distance: 46.25777780090355 cm | Severity=75 | SourceName=Sensor3 | EventType=application
[2026-08-11 15:26:11.988 (UTC)] info/application	[Sensor] Updated distance: 24.186553466220644 cm | Severity=75 | SourceName=Sensor3 | EventType=application
[2026-08-11 15:26:12.990 (UTC)] info/application	[Sensor] Updated distance: 31.97527348900925 cm | Severity=75 | SourceName=Sensor3 | EventType=application
[2026-08-11 15:26:13.993 (UTC)] info/application	[Sensor] Updated distance: 6.793936739114083 cm | Severity=75 | SourceName=Sensor3 | EventType=application
[2026-08-11 15:26:14.994 (UTC)] info/application	[Sensor] Updated distance: 20.378017739568843 cm | Severity=75 | SourceName=Sensor3 | EventType=application
[2026-08-11 15:26:15.997 (UTC)] info/application	[Sensor] Updated distance: 5.0119772939998555 cm | Severity=75 | SourceName=Sensor3 | EventType=application
[2026-08-11 15:26:16.989 (UTC)] info/application	[Sensor] Updated distance: 11.572382961200727 cm | Severity=75 | SourceName=Sensor3 | EventType=application
[2026-08-11 15:26:17.991 (UTC)] info/application	[Sensor] Updated distance: 15.739098935266536 cm | Severity=75 | SourceName=Sensor3 | EventType=application
[2026-08-11 15:26:18.992 (UTC)] info/application	[Sensor] Updated distance: 15.836161105817258 cm | Severity=75 | SourceName=Sensor3 | EventType=application
[2026-08-11 15:26:19.994 (UTC)] info/application	[Sensor] Updated distance: 5.8824104237753945 cm | Severity=75 | SourceName=Sensor3 | EventType=application
[2026-08-11 15:26:20.995 (UTC)] info/application	[Sensor] Updated distance: 45.78806421709622 cm | Severity=75 | SourceName=Sensor3 | EventType=application
[2026-08-11 15:26:21.996 (UTC)] info/application	[Sensor] Updated distance: 17.18901049307967 cm | Severity=75 | SourceName=Sensor3 | EventType=application
[2026-08-11 15:26:22.997 (UTC)] info/application	[Sensor] Updated distance: 13.559307610410874 cm | Severity=75 | SourceName=Sensor3 | EventType=application
[2026-08-11 15:26:23.988 (UTC)] info/application	[Sensor] Updated distance: 34.210403882065044 cm | Severity=75 | SourceName=Sensor3 | EventType=application
[2026-08-11 15:26:24.989 (UTC)] info/application	[Sensor] Updated distance: 11.931982946550464 cm | Severity=75 | SourceName=Sensor3 | EventType=application
[2026-08-11 15:26:25.990 (UTC)] info/application	[Sensor] Updated distance: 34.53342177743717 cm | Severity=75 | SourceName=Sensor3 | EventType=application
[2026-08-11 15:26:26.992 (UTC)] info/application	[Sensor] Updated distance: 6.211672680551033 cm | Severity=75 | SourceName=Sensor3 | EventType=application
[2026-08-11 15:26:27.993 (UTC)] info/application	[Sensor] Updated distance: 9.066287185561976 cm | Severity=75 | SourceName=Sensor3 | EventType=application
[2026-08-11 15:26:28.994 (UTC)] info/application	[Sensor] Updated distance: 4.512724318780342 cm | Severity=75 | SourceName=Sensor3 | EventType=application
[2026-08-11 15:26:29.995 (UTC)] info/application	[Sensor] Updated distance: 35.85906480339312 cm | Severity=75 | SourceName=Sensor3 | EventType=application
[2026-08-11 15:26:30.997 (UTC)] info/application	[Sensor] Updated distance: 31.411872646497503 cm | Severity=75 | SourceName=Sensor3 | EventType=application
[2026-08-11 15:26:31.989 (UTC)] info/application	[Sensor] Updated distance: 32.5691116818083 cm | Severity=75 | SourceName=Sensor3 | EventType=application
[2026-08-11 15:26:32.992 (UTC)] info/application	[Sensor] Updated distance: 19.993695252572042 cm | Severity=75 | SourceName=Sensor3 | EventType=application
[2026-08-11 15:26:33.995 (UTC)] info/application	[Sensor] Updated distance: 48.11857874603876 cm | Severity=75 | SourceName=Sensor3 | EventType=application
[2026-08-11 15:26:34.997 (UTC)] info/application	[Sensor] Updated distance: 38.37232547456972 cm | Severity=75 | SourceName=Sensor3 | EventType=application
[2026-08-11 15:26:35.998 (UTC)] info/application	[Sensor] Updated distance: 41.198764424397964 cm | Severity=75 | SourceName=Sensor3 | EventType=application
[2026-08-11 15:26:36.990 (UTC)] info/application	[Sensor] Updated distance: 36.66664090131719 cm | Severity=75 | SourceName=Sensor3 | EventType=application
[2026-08-11 15:26:37.993 (UTC)] info/application	[Sensor] Updated distance: 8.462575155525736 cm | Severity=75 | SourceName=Sensor3 | EventType=application
[2026-08-11 15:26:38.996 (UTC)] info/application	[Sensor] Updated distance: 45.5193185636398 cm | Severity=75 | SourceName=Sensor3 | EventType=application
[2026-08-11 15:26:39.988 (UTC)] info/application	[Sensor] Updated distance: 5.827039280825778 cm | Severity=75 | SourceName=Sensor3 | EventType=application
[2026-08-11 15:26:40.990 (UTC)] info/application	[Sensor] Updated distance: 26.706286397160163 cm | Severity=75 | SourceName=Sensor3 | EventType=application
[2026-08-11 15:26:41.991 (UTC)] info/application	[Sensor] Updated distance: 41.777096342191605 cm | Severity=75 | SourceName=Sensor3 | EventType=application
[2026-08-11 15:26:42.993 (UTC)] info/application	[Sensor] Updated distance: 28.01359274704642 cm | Severity=75 | SourceName=Sensor3 | EventType=application
[2026-08-11 15:26:43.995 (UTC)] info/application	[Sensor] Updated distance: 8.681559863817672 cm | Severity=75 | SourceName=Sensor3 | EventType=application
[2026-08-11 15:26:44.997 (UTC)] info/application	[Sensor] Updated distance: 46.57103308130569 cm | Severity=75 | SourceName=Sensor3 | EventType=application
[2026-08-11 15:26:45.989 (UTC)] info/application	[Sensor] Updated distance: 46.391610508967005 cm | Severity=75 | SourceName=Sensor3 | EventType=application
[2026-08-11 15:26:46.991 (UTC)] info/application	[Sensor] Updated distance: 11.693537157817527 cm | Severity=75 | SourceName=Sensor3 | EventType=application
[2026-08-11 15:26:47.992 (UTC)] info/application	[Sensor] Updated distance: 8.143416020154682 cm | Severity=75 | SourceName=Sensor3 | EventType=application
[2026-08-11 15:26:48.993 (UTC)] info/application	[Sensor] Updated distance: 12.130709421881804 cm | Severity=75 | SourceName=Sensor3 | EventType=application
[2026-08-11 15:26:49.996 (UTC)] info/application	[Sensor] Updated distance: 25.529698263634785 cm | Severity=75 | SourceName=Sensor3 | EventType=application
[2026-08-11 15:26:50.988 (UTC)] info/application	[Sensor] Updated distance: 12.025826443930075 cm | Severity=75 | SourceName=Sensor3 | EventType=application
[2026-08-11 15:26:51.991 (UTC)] info/application	[Sensor] Updated distance: 7.918773638978029 cm | Severity=75 | SourceName=Sensor3 | EventType=application
[2026-08-11 15:26:52.993 (UTC)] info/application	[Sensor] Updated distance: 40.718708756714456 cm | Severity=75 | SourceName=Sensor3 | EventType=application
[2026-08-11 15:26:53.996 (UTC)] info/application	[Sensor] Updated distance: 23.58513407669269 cm | Severity=75 | SourceName=Sensor3 | EventType=application
[2026-08-11 15:26:54.988 (UTC)] info/application	[Sensor] Updated distance: 40.12917752104307 cm | Severity=75 | SourceName=Sensor3 | EventType=application
[2026-08-11 15:26:55.991 (UTC)] info/application	[Sensor] Updated distance: 2.650691680913182 cm | Severity=75 | SourceName=Sensor3 | EventType=application
[2026-08-11 15:26:56.994 (UTC)] info/application	[Sensor] Updated distance: 8.11855583177812 cm | Severity=75 | SourceName=Sensor3 | EventType=application
[2026-08-11 15:26:57.996 (UTC)] info/application	[Sensor] Updated distance: 44.34085020159411 cm | Severity=75 | SourceName=Sensor3 | EventType=application
[2026-08-11 15:26:58.989 (UTC)] info/application	[Sensor] Updated distance: 9.71697886647516 cm | Severity=75 | SourceName=Sensor3 | EventType=application
[2026-08-11 15:26:59.991 (UTC)] info/application	[Sensor] Updated distance: 10.631280172910206 cm | Severity=75 | SourceName=Sensor3 | EventType=application
[2026-08-11 15:27:00.992 (UTC)] info/application	[Sensor] Updated distance: 30.199914982635487 cm | Severity=75 | SourceName=Sensor3 | EventType=application
[2026-08-11 15:27:01.995 (UTC)] info/application	[Sensor] Updated distance: 39.1288515353244 cm | Severity=75 | SourceName=Sensor3 | EventType=application
[2026-08-11 15:27:02.988 (UTC)] info/application	[Sensor] Updated distance: 41.20039185471851 cm | Severity=75 | SourceName=Sensor3 | EventType=application
[2026-08-11 15:27:03.991 (UTC)] info/application	[Sensor] Updated distance: 48.19361025755927 cm | Severity=75 | SourceName=Sensor3 | EventType=application
[2026-08-11 15:27:04.993 (UTC)] info/application	[Sensor] Updated distance: 37.247430259011416 cm | Severity=75 | SourceName=Sensor3 | EventType=application
[2026-08-11 15:27:05.994 (UTC)] info/application	[Sensor] Updated distance: 29.572717306936493 cm | Severity=75 | SourceName=Sensor3 | EventType=application
[2026-08-11 15:27:06.995 (UTC)] info/application	[Sensor] Updated distance: 39.392374659605494 cm | Severity=75 | SourceName=Sensor3 | EventType=application
[2026-08-11 15:27:07.996 (UTC)] info/application	[Sensor] Updated distance: 23.914071137976865 cm | Severity=75 | SourceName=Sensor3 | EventType=application
[2026-08-11 15:27:08.997 (UTC)] info/application	[Sensor] Updated distance: 36.03529248481397 cm | Severity=75 | SourceName=Sensor3 | EventType=application
[2026-08-11 15:27:09.997 (UTC)] info/application	[Sensor] Updated distance: 34.911693223245294 cm | Severity=75 | SourceName=Sensor3 | EventType=application
[2026-08-11 15:27:10.988 (UTC)] info/application	[Sensor] Updated distance: 27.74111041880264 cm | Severity=75 | SourceName=Sensor3 | EventType=application
[2026-08-11 15:27:11.990 (UTC)] info/application	[Sensor] Updated distance: 12.741578859622393 cm | Severity=75 | SourceName=Sensor3 | EventType=application
[2026-08-11 15:27:12.993 (UTC)] info/application	[Sensor] Updated distance: 26.688789543085168 cm | Severity=75 | SourceName=Sensor3 | EventType=application
[2026-08-11 15:27:13.996 (UTC)] info/application	[Sensor] Updated distance: 5.754703165849067 cm | Severity=75 | SourceName=Sensor3 | EventType=application
[2026-08-11 15:27:14.998 (UTC)] info/application	[Sensor] Updated distance: 19.423138723440065 cm | Severity=75 | SourceName=Sensor3 | EventType=application
[2026-08-11 15:27:15.989 (UTC)] info/application	[Sensor] Updated distance: 23.25982262439086 cm | Severity=75 | SourceName=Sensor3 | EventType=application
[2026-08-11 15:27:16.991 (UTC)] info/application	[Sensor] Updated distance: 2.1463136524643347 cm | Severity=75 | SourceName=Sensor3 | EventType=application
[2026-08-11 15:27:17.992 (UTC)] info/application	[Sensor] Updated distance: 29.116675903609337 cm | Severity=75 | SourceName=Sensor3 | EventType=application
[2026-08-11 15:27:18.994 (UTC)] info/application	[Sensor] Updated distance: 29.403238644545542 cm | Severity=75 | SourceName=Sensor3 | EventType=application
[2026-08-11 15:27:19.997 (UTC)] info/application	[Sensor] Updated distance: 12.27702307434614 cm | Severity=75 | SourceName=Sensor3 | EventType=application
[2026-08-11 15:27:20.990 (UTC)] info/application	[Sensor] Updated distance: 4.646374144892382 cm | Severity=75 | SourceName=Sensor3 | EventType=application
[2026-08-11 15:27:21.993 (UTC)] info/application	[Sensor] Updated distance: 39.42906511082736 cm | Severity=75 | SourceName=Sensor3 | EventType=application
[2026-08-11 15:27:22.995 (UTC)] info/application	[Sensor] Updated distance: 18.195796713324167 cm | Severity=75 | SourceName=Sensor3 | EventType=application
[2026-08-11 15:27:23.988 (UTC)] info/application	[Sensor] Updated distance: 43.36508292395858 cm | Severity=75 | SourceName=Sensor3 | EventType=application
[2026-08-11 15:27:24.990 (UTC)] info/application	[Sensor] Updated distance: 13.01419916516831 cm | Severity=75 | SourceName=Sensor3 | EventType=application
[2026-08-11 15:27:25.990 (UTC)] info/application	[Sensor] Updated distance: 8.324974234367243 cm | Severity=75 | SourceName=Sensor3 | EventType=application
[2026-08-11 15:27:26.991 (UTC)] info/application	[Sensor] Updated distance: 44.01577460487176 cm | Severity=75 | SourceName=Sensor3 | EventType=application
[2026-08-11 15:27:27.993 (UTC)] info/application	[Sensor] Updated distance: 19.13275499694643 cm | Severity=75 | SourceName=Sensor3 | EventType=application
[2026-08-11 15:27:28.993 (UTC)] info/application	[Sensor] Updated distance: 2.6658244136096094 cm | Severity=75 | SourceName=Sensor3 | EventType=application
[2026-08-11 15:27:29.994 (UTC)] info/application	[Sensor] Updated distance: 3.732753471346923 cm | Severity=75 | SourceName=Sensor3 | EventType=application
[2026-08-11 15:27:30.996 (UTC)] info/application	[Sensor] Updated distance: 27.764035169856637 cm | Severity=75 | SourceName=Sensor3 | EventType=application
[2026-08-11 15:27:31.997 (UTC)] info/application	[Sensor] Updated distance: 30.86573941859684 cm | Severity=75 | SourceName=Sensor3 | EventType=application
[2026-08-11 15:27:32.989 (UTC)] info/application	[Sensor] Updated distance: 40.861605006671326 cm | Severity=75 | SourceName=Sensor3 | EventType=application
[2026-08-11 15:27:33.990 (UTC)] info/application	[Sensor] Updated distance: 18.964427002223406 cm | Severity=75 | SourceName=Sensor3 | EventType=application
[2026-08-11 15:27:34.991 (UTC)] info/application	[Sensor] Updated distance: 29.05934965380437 cm | Severity=75 | SourceName=Sensor3 | EventType=application
[2026-08-11 15:27:35.993 (UTC)] info/application	[Sensor] Updated distance: 28.109035243331004 cm | Severity=75 | SourceName=Sensor3 | EventType=application
[2026-08-11 15:27:36.994 (UTC)] info/application	[Sensor] Updated distance: 46.53714433151164 cm | Severity=75 | SourceName=Sensor3 | EventType=application
[2026-08-11 15:27:37.996 (UTC)] info/application	[Sensor] Updated distance: 18.451724291058127 cm | Severity=75 | SourceName=Sensor3 | EventType=application
[2026-08-11 15:27:38.997 (UTC)] info/application	[Sensor] Updated distance: 2.0231063589561296 cm | Severity=75 | SourceName=Sensor3 | EventType=application
[2026-08-11 15:27:39.988 (UTC)] info/application	[Sensor] Updated distance: 32.57243679397387 cm | Severity=75 | SourceName=Sensor3 | EventType=application
[2026-08-11 15:27:40.990 (UTC)] info/application	[Sensor] Updated distance: 3.3634174919516857 cm | Severity=75 | SourceName=Sensor3 | EventType=application
[2026-08-11 15:27:41.993 (UTC)] info/application	[Sensor] Updated distance: 27.764216800110514 cm | Severity=75 | SourceName=Sensor3 | EventType=application
[2026-08-11 15:27:42.995 (UTC)] info/application	[Sensor] Updated distance: 43.314015653596265 cm | Severity=75 | SourceName=Sensor3 | EventType=application
[2026-08-11 15:27:43.988 (UTC)] info/application	[Sensor] Updated distance: 28.052207057388593 cm | Severity=75 | SourceName=Sensor3 | EventType=application
[2026-08-11 15:27:44.990 (UTC)] info/application	[Sensor] Updated distance: 31.51891996595958 cm | Severity=75 | SourceName=Sensor3 | EventType=application
[2026-08-11 15:27:45.992 (UTC)] info/application	[Sensor] Updated distance: 12.737154354684591 cm | Severity=75 | SourceName=Sensor3 | EventType=application
[2026-08-11 15:27:46.993 (UTC)] info/application	[Sensor] Updated distance: 49.31202968177946 cm | Severity=75 | SourceName=Sensor3 | EventType=application
[2026-08-11 15:27:47.994 (UTC)] info/application	[Sensor] Updated distance: 31.665233618423915 cm | Severity=75 | SourceName=Sensor3 | EventType=application
[2026-08-11 15:27:48.995 (UTC)] info/application	[Sensor] Updated distance: 39.853830258293925 cm | Severity=75 | SourceName=Sensor3 | EventType=application
[2026-08-11 15:27:49.997 (UTC)] info/application	[Sensor] Updated distance: 28.715268303973257 cm | Severity=75 | SourceName=Sensor3 | EventType=application
[2026-08-11 15:27:50.988 (UTC)] info/application	[Sensor] Updated distance: 41.94225669277005 cm | Severity=75 | SourceName=Sensor3 | EventType=application
[2026-08-11 15:27:51.991 (UTC)] info/application	[Sensor] Updated distance: 42.50020442553805 cm | Severity=75 | SourceName=Sensor3 | EventType=application
[2026-08-11 15:27:52.992 (UTC)] info/application	[Sensor] Updated distance: 18.14433339244888 cm | Severity=75 | SourceName=Sensor3 | EventType=application
[2026-08-11 15:27:53.994 (UTC)] info/application	[Sensor] Updated distance: 10.138053406094226 cm | Severity=75 | SourceName=Sensor3 | EventType=application
[2026-08-11 15:27:54.995 (UTC)] info/application	[Sensor] Updated distance: 35.86528732714489 cm | Severity=75 | SourceName=Sensor3 | EventType=application
[2026-08-11 15:27:55.996 (UTC)] info/application	[Sensor] Updated distance: 29.15853255761719 cm | Severity=75 | SourceName=Sensor3 | EventType=application
[2026-08-11 15:27:56.996 (UTC)] info/application	[Sensor] Updated distance: 16.46302764046147 cm | Severity=75 | SourceName=Sensor3 | EventType=application
[2026-08-11 15:27:57.998 (UTC)] info/application	[Sensor] Updated distance: 29.881061909664915 cm | Severity=75 | SourceName=Sensor3 | EventType=application
[2026-08-11 15:27:58.989 (UTC)] info/application	[Sensor] Updated distance: 46.29128757691536 cm | Severity=75 | SourceName=Sensor3 | EventType=application
[2026-08-11 15:27:59.990 (UTC)] info/application	[Sensor] Updated distance: 17.128852054071075 cm | Severity=75 | SourceName=Sensor3 | EventType=application
[2026-08-11 15:28:00.991 (UTC)] info/application	[Sensor] Updated distance: 31.61381538101184 cm | Severity=75 | SourceName=Sensor3 | EventType=application
[2026-08-11 15:28:01.992 (UTC)] info/application	[Sensor] Updated distance: 24.05532272442026 cm | Severity=75 | SourceName=Sensor3 | EventType=application
[2026-08-11 15:28:02.993 (UTC)] info/application	[Sensor] Updated distance: 45.99459147266791 cm | Severity=75 | SourceName=Sensor3 | EventType=application
[2026-08-11 15:28:03.994 (UTC)] info/application	[Sensor] Updated distance: 22.475420365331424 cm | Severity=75 | SourceName=Sensor3 | EventType=application
[2026-08-11 15:28:04.994 (UTC)] info/application	[Sensor] Updated distance: 41.01974974899541 cm | Severity=75 | SourceName=Sensor3 | EventType=application
[2026-08-11 15:28:05.995 (UTC)] info/application	[Sensor] Updated distance: 25.053941104120547 cm | Severity=75 | SourceName=Sensor3 | EventType=application
[2026-08-11 15:28:06.996 (UTC)] info/application	[Sensor] Updated distance: 48.58445560866243 cm | Severity=75 | SourceName=Sensor3 | EventType=application
[2026-08-11 15:28:07.996 (UTC)] info/application	[Sensor] Updated distance: 37.55689405815531 cm | Severity=75 | SourceName=Sensor3 | EventType=application
[2026-08-11 15:28:08.997 (UTC)] info/application	[Sensor] Updated distance: 41.505665417530416 cm | Severity=75 | SourceName=Sensor3 | EventType=application
[2026-08-11 15:28:09.998 (UTC)] info/application	[Sensor] Updated distance: 48.6075619899703 cm | Severity=75 | SourceName=Sensor3 | EventType=application
[2026-08-11 15:28:10.989 (UTC)] info/application	[Sensor] Updated distance: 20.12933082977744 cm | Severity=75 | SourceName=Sensor3 | EventType=application
[2026-08-11 15:28:11.991 (UTC)] info/application	[Sensor] Updated distance: 42.8690829094821 cm | Severity=75 | SourceName=Sensor3 | EventType=application
[2026-08-11 15:28:12.994 (UTC)] info/application	[Sensor] Updated distance: 26.371778767729072 cm | Severity=75 | SourceName=Sensor3 | EventType=application
[2026-08-11 15:28:13.996 (UTC)] info/application	[Sensor] Updated distance: 13.443346461021967 cm | Severity=75 | SourceName=Sensor3 | EventType=application
[2026-08-11 15:28:14.997 (UTC)] info/application	[Sensor] Updated distance: 20.921289944518957 cm | Severity=75 | SourceName=Sensor3 | EventType=application
[2026-08-11 15:28:15.989 (UTC)] info/application	[Sensor] Updated distance: 7.890698711336915 cm | Severity=75 | SourceName=Sensor3 | EventType=application
[2026-08-11 15:28:16.992 (UTC)] info/application	[Sensor] Updated distance: 24.18050081570656 cm | Severity=75 | SourceName=Sensor3 | EventType=application
[2026-08-11 15:28:17.995 (UTC)] info/application	[Sensor] Updated distance: 20.233319603946672 cm | Severity=75 | SourceName=Sensor3 | EventType=application
[2026-08-11 15:28:18.997 (UTC)] info/application	[Sensor] Updated distance: 37.55593232976083 cm | Severity=75 | SourceName=Sensor3 | EventType=application
[2026-08-11 15:28:19.988 (UTC)] info/application	[Sensor] Updated distance: 14.03433107400049 cm | Severity=75 | SourceName=Sensor3 | EventType=application
[2026-08-11 15:28:20.990 (UTC)] info/application	[Sensor] Updated distance: 46.94858793027167 cm | Severity=75 | SourceName=Sensor3 | EventType=application
[2026-08-11 15:28:21.991 (UTC)] info/application	[Sensor] Updated distance: 29.498189000179146 cm | Severity=75 | SourceName=Sensor3 | EventType=application
[2026-08-11 15:28:22.993 (UTC)] info/application	[Sensor] Updated distance: 6.534535477186802 cm | Severity=75 | SourceName=Sensor3 | EventType=application
[2026-08-11 15:28:23.994 (UTC)] info/application	[Sensor] Updated distance: 15.092921300368811 cm | Severity=75 | SourceName=Sensor3 | EventType=application
[2026-08-11 15:28:24.996 (UTC)] info/application	[Sensor] Updated distance: 37.636242406273375 cm | Severity=75 | SourceName=Sensor3 | EventType=application
[2026-08-11 15:28:25.988 (UTC)] info/application	[Sensor] Updated distance: 40.39982280433169 cm | Severity=75 | SourceName=Sensor3 | EventType=application
[2026-08-11 15:28:26.990 (UTC)] info/application	[Sensor] Updated distance: 42.25145388033774 cm | Severity=75 | SourceName=Sensor3 | EventType=application
[2026-08-11 15:28:27.991 (UTC)] info/application	[Sensor] Updated distance: 4.099270024383101 cm | Severity=75 | SourceName=Sensor3 | EventType=application
[2026-08-11 15:28:28.992 (UTC)] info/application	[Sensor] Updated distance: 20.28088469164487 cm | Severity=75 | SourceName=Sensor3 | EventType=application
[2026-08-11 15:28:29.995 (UTC)] info/application	[Sensor] Updated distance: 38.542741434901366 cm | Severity=75 | SourceName=Sensor3 | EventType=application
[2026-08-11 15:28:30.989 (UTC)] info/application	[Sensor] Updated distance: 19.22812210080592 cm | Severity=75 | SourceName=Sensor3 | EventType=application
[2026-08-11 15:28:31.992 (UTC)] info/application	[Sensor] Updated distance: 49.89470009500845 cm | Severity=75 | SourceName=Sensor3 | EventType=application
[2026-08-11 15:28:32.995 (UTC)] info/application	[Sensor] Updated distance: 12.598064136969887 cm | Severity=75 | SourceName=Sensor3 | EventType=application
[2026-08-11 15:28:33.998 (UTC)] info/application	[Sensor] Updated distance: 15.222713551122096 cm | Severity=75 | SourceName=Sensor3 | EventType=application
[2026-08-11 15:28:34.991 (UTC)] info/application	[Sensor] Updated distance: 22.370120437988135 cm | Severity=75 | SourceName=Sensor3 | EventType=application
[2026-08-11 15:28:35.993 (UTC)] info/application	[Sensor] Updated distance: 3.6178138636135557 cm | Severity=75 | SourceName=Sensor3 | EventType=application
[2026-08-11 15:28:36.995 (UTC)] info/application	[Sensor] Updated distance: 38.27665467759439 cm | Severity=75 | SourceName=Sensor3 | EventType=application
[2026-08-11 15:28:37.996 (UTC)] info/application	[Sensor] Updated distance: 20.954576046650566 cm | Severity=75 | SourceName=Sensor3 | EventType=application
[2026-08-11 15:28:38.997 (UTC)] info/application	[Sensor] Updated distance: 39.174707921768864 cm | Severity=75 | SourceName=Sensor3 | EventType=application
[2026-08-11 15:28:39.988 (UTC)] info/application	[Sensor] Updated distance: 29.78232007277306 cm | Severity=75 | SourceName=Sensor3 | EventType=application
[2026-08-11 15:28:40.989 (UTC)] info/application	[Sensor] Updated distance: 19.562138014269124 cm | Severity=75 | SourceName=Sensor3 | EventType=application
[2026-08-11 15:28:41.990 (UTC)] info/application	[Sensor] Updated distance: 9.30403872919457 cm | Severity=75 | SourceName=Sensor3 | EventType=application
[2026-08-11 15:28:42.991 (UTC)] info/application	[Sensor] Updated distance: 22.65140295990342 cm | Severity=75 | SourceName=Sensor3 | EventType=application
[2026-08-11 15:28:43.992 (UTC)] info/application	[Sensor] Updated distance: 43.9339167819982 cm | Severity=75 | SourceName=Sensor3 | EventType=application
[2026-08-11 15:28:44.993 (UTC)] info/application	[Sensor] Updated distance: 20.747385190216537 cm | Severity=75 | SourceName=Sensor3 | EventType=application
[2026-08-11 15:28:45.993 (UTC)] info/application	[Sensor] Updated distance: 41.572692926774124 cm | Severity=75 | SourceName=Sensor3 | EventType=application
[2026-08-11 15:28:46.995 (UTC)] info/application	[Sensor] Updated distance: 49.824615493335116 cm | Severity=75 | SourceName=Sensor3 | EventType=application
[2026-08-11 15:28:47.996 (UTC)] info/application	[Sensor] Updated distance: 42.92788602827484 cm | Severity=75 | SourceName=Sensor3 | EventType=application
[2026-08-11 15:28:48.988 (UTC)] info/application	[Sensor] Updated distance: 11.806012508369056 cm | Severity=75 | SourceName=Sensor3 | EventType=application
[2026-08-11 15:28:49.991 (UTC)] info/application	[Sensor] Updated distance: 37.3805478007442 cm | Severity=75 | SourceName=Sensor3 | EventType=application
[2026-08-11 15:28:50.995 (UTC)] info/application	[Sensor] Updated distance: 6.962217079923589 cm | Severity=75 | SourceName=Sensor3 | EventType=application
[2026-08-11 15:28:51.996 (UTC)] info/application	[Sensor] Updated distance: 8.75460041628899 cm | Severity=75 | SourceName=Sensor3 | EventType=application
[2026-08-11 15:28:52.997 (UTC)] info/application	[Sensor] Updated distance: 16.878736778571614 cm | Severity=75 | SourceName=Sensor3 | EventType=application
[2026-08-11 15:28:53.989 (UTC)] info/application	[Sensor] Updated distance: 11.49675255711039 cm | Severity=75 | SourceName=Sensor3 | EventType=application
[2026-08-11 15:28:54.990 (UTC)] info/application	[Sensor] Updated distance: 21.847521739009544 cm | Severity=75 | SourceName=Sensor3 | EventType=application
[2026-08-11 15:28:55.992 (UTC)] info/application	[Sensor] Updated distance: 4.514979184844987 cm | Severity=75 | SourceName=Sensor3 | EventType=application
[2026-08-11 15:28:56.994 (UTC)] info/application	[Sensor] Updated distance: 49.89657536144209 cm | Severity=75 | SourceName=Sensor3 | EventType=application
[2026-08-11 15:28:57.996 (UTC)] info/application	[Sensor] Updated distance: 14.098975596995546 cm | Severity=75 | SourceName=Sensor3 | EventType=application
[2026-08-11 15:28:58.998 (UTC)] info/application	[Sensor] Updated distance: 6.614249209228087 cm | Severity=75 | SourceName=Sensor3 | EventType=application
[2026-08-11 15:28:59.991 (UTC)] info/application	[Sensor] Updated distance: 20.17746003073522 cm | Severity=75 | SourceName=Sensor3 | EventType=application
[2026-08-11 15:29:00.993 (UTC)] info/application	[Sensor] Updated distance: 2.641717009545172 cm | Severity=75 | SourceName=Sensor3 | EventType=application
[2026-08-11 15:29:01.994 (UTC)] info/application	[Sensor] Updated distance: 23.842371310034007 cm | Severity=75 | SourceName=Sensor3 | EventType=application
[2026-08-11 15:29:02.996 (UTC)] info/application	[Sensor] Updated distance: 20.07216010339193 cm | Severity=75 | SourceName=Sensor3 | EventType=application
[2026-08-11 15:29:03.989 (UTC)] info/application	[Sensor] Updated distance: 13.239781146515059 cm | Severity=75 | SourceName=Sensor3 | EventType=application
[2026-08-11 15:29:04.991 (UTC)] info/application	[Sensor] Updated distance: 37.06508488350784 cm | Severity=75 | SourceName=Sensor3 | EventType=application
[2026-08-11 15:29:05.993 (UTC)] info/application	[Sensor] Updated distance: 40.442280563731806 cm | Severity=75 | SourceName=Sensor3 | EventType=application
[2026-08-11 15:29:06.995 (UTC)] info/application	[Sensor] Updated distance: 14.857595032480356 cm | Severity=75 | SourceName=Sensor3 | EventType=application
[2026-08-11 15:29:07.996 (UTC)] info/application	[Sensor] Updated distance: 25.34173953875049 cm | Severity=75 | SourceName=Sensor3 | EventType=application
[2026-08-11 15:29:08.998 (UTC)] info/application	[Sensor] Updated distance: 11.396856588030632 cm | Severity=75 | SourceName=Sensor3 | EventType=application
[2026-08-11 15:29:09.989 (UTC)] info/application	[Sensor] Updated distance: 4.032302931897483 cm | Severity=75 | SourceName=Sensor3 | EventType=application
[2026-08-11 15:29:10.990 (UTC)] info/application	[Sensor] Updated distance: 5.12405958917181 cm | Severity=75 | SourceName=Sensor3 | EventType=application
[2026-08-11 15:29:11.991 (UTC)] info/application	[Sensor] Updated distance: 28.958994602299757 cm | Severity=75 | SourceName=Sensor3 | EventType=application
[2026-08-11 15:29:12.993 (UTC)] info/application	[Sensor] Updated distance: 11.336341683443795 cm | Severity=75 | SourceName=Sensor3 | EventType=application
[2026-08-11 15:29:13.996 (UTC)] info/application	[Sensor] Updated distance: 25.775462549075232 cm | Severity=75 | SourceName=Sensor3 | EventType=application
[2026-08-11 15:29:14.989 (UTC)] info/application	[Sensor] Updated distance: 22.892911361946215 cm | Severity=75 | SourceName=Sensor3 | EventType=application
[2026-08-11 15:29:15.990 (UTC)] info/application	[Sensor] Updated distance: 30.083726873660332 cm | Severity=75 | SourceName=Sensor3 | EventType=application
[2026-08-11 15:29:16.993 (UTC)] info/application	[Sensor] Updated distance: 17.348155453497615 cm | Severity=75 | SourceName=Sensor3 | EventType=application
[2026-08-11 15:29:17.994 (UTC)] info/application	[Sensor] Updated distance: 22.71752683292959 cm | Severity=75 | SourceName=Sensor3 | EventType=application
[2026-08-11 15:29:18.995 (UTC)] info/application	[Sensor] Updated distance: 23.01161287958343 cm | Severity=75 | SourceName=Sensor3 | EventType=application
[2026-08-11 15:29:19.998 (UTC)] info/application	[Sensor] Updated distance: 27.154167984218414 cm | Severity=75 | SourceName=Sensor3 | EventType=application
[2026-08-11 15:29:20.989 (UTC)] info/application	[Sensor] Updated distance: 10.098074611322057 cm | Severity=75 | SourceName=Sensor3 | EventType=application
[2026-08-11 15:29:21.992 (UTC)] info/application	[Sensor] Updated distance: 27.973829959507018 cm | Severity=75 | SourceName=Sensor3 | EventType=application
[2026-08-11 15:29:22.992 (UTC)] info/application	[Sensor] Updated distance: 33.908768400507405 cm | Severity=75 | SourceName=Sensor3 | EventType=application
[2026-08-11 15:29:23.995 (UTC)] info/application	[Sensor] Updated distance: 24.97681138989367 cm | Severity=75 | SourceName=Sensor3 | EventType=application
[2026-08-11 15:29:24.997 (UTC)] info/application	[Sensor] Updated distance: 37.47058251661741 cm | Severity=75 | SourceName=Sensor3 | EventType=application
[2026-08-11 15:29:25.990 (UTC)] info/application	[Sensor] Updated distance: 5.756290117165209 cm | Severity=75 | SourceName=Sensor3 | EventType=application
[2026-08-11 15:29:26.991 (UTC)] info/application	[Sensor] Updated distance: 27.49179057473866 cm | Severity=75 | SourceName=Sensor3 | EventType=application
[2026-08-11 15:29:27.992 (UTC)] info/application	[Sensor] Updated distance: 37.36715785570776 cm | Severity=75 | SourceName=Sensor3 | EventType=application
[2026-08-11 15:29:28.993 (UTC)] info/application	[Sensor] Updated distance: 17.855265714160755 cm | Severity=75 | SourceName=Sensor3 | EventType=application
[2026-08-11 15:29:29.994 (UTC)] info/application	[Sensor] Updated distance: 32.106039806318485 cm | Severity=75 | SourceName=Sensor3 | EventType=application
[2026-08-11 15:29:30.995 (UTC)] info/application	[Sensor] Updated distance: 7.544617886442978 cm | Severity=75 | SourceName=Sensor3 | EventType=application
[2026-08-11 15:29:31.997 (UTC)] info/application	[Sensor] Updated distance: 18.496982723705926 cm | Severity=75 | SourceName=Sensor3 | EventType=application
[2026-08-11 15:29:32.990 (UTC)] info/application	[Sensor] Updated distance: 5.948411094000754 cm | Severity=75 | SourceName=Sensor3 | EventType=application
[2026-08-11 15:29:33.992 (UTC)] info/application	[Sensor] Updated distance: 25.616777989834908 cm | Severity=75 | SourceName=Sensor3 | EventType=application
[2026-08-11 15:29:34.994 (UTC)] info/application	[Sensor] Updated distance: 29.73676389257273 cm | Severity=75 | SourceName=Sensor3 | EventType=application
[2026-08-11 15:29:35.996 (UTC)] info/application	[Sensor] Updated distance: 41.0134959775086 cm | Severity=75 | SourceName=Sensor3 | EventType=application
[2026-08-11 15:29:36.988 (UTC)] info/application	[Sensor] Updated distance: 16.059058531214973 cm | Severity=75 | SourceName=Sensor3 | EventType=application
[2026-08-11 15:29:37.990 (UTC)] info/application	[Sensor] Updated distance: 42.594358925053086 cm | Severity=75 | SourceName=Sensor3 | EventType=application
[2026-08-11 15:29:38.990 (UTC)] info/application	[Sensor] Updated distance: 16.355235493907347 cm | Severity=75 | SourceName=Sensor3 | EventType=application
[2026-08-11 15:29:39.992 (UTC)] info/application	[Sensor] Updated distance: 25.455915119245606 cm | Severity=75 | SourceName=Sensor3 | EventType=application
[2026-08-11 15:29:40.993 (UTC)] info/application	[Sensor] Updated distance: 44.62666185695057 cm | Severity=75 | SourceName=Sensor3 | EventType=application
[2026-08-11 15:29:41.994 (UTC)] info/application	[Sensor] Updated distance: 19.47929508307916 cm | Severity=75 | SourceName=Sensor3 | EventType=application
[2026-08-11 15:29:42.997 (UTC)] info/application	[Sensor] Updated distance: 4.414909699193625 cm | Severity=75 | SourceName=Sensor3 | EventType=application
[2026-08-11 15:29:43.989 (UTC)] info/application	[Sensor] Updated distance: 5.963003518042622 cm | Severity=75 | SourceName=Sensor3 | EventType=application
[2026-08-11 15:29:44.992 (UTC)] info/application	[Sensor] Updated distance: 43.25475765450613 cm | Severity=75 | SourceName=Sensor3 | EventType=application
[2026-08-11 15:29:45.994 (UTC)] info/application	[Sensor] Updated distance: 25.30782106113984 cm | Severity=75 | SourceName=Sensor3 | EventType=application
[2026-08-11 15:29:46.996 (UTC)] info/application	[Sensor] Updated distance: 34.04673041405469 cm | Severity=75 | SourceName=Sensor3 | EventType=application
[2026-08-11 15:29:47.988 (UTC)] info/application	[Sensor] Updated distance: 10.602913085652009 cm | Severity=75 | SourceName=Sensor3 | EventType=application
[2026-08-11 15:29:48.991 (UTC)] info/application	[Sensor] Updated distance: 46.025347894069434 cm | Severity=75 | SourceName=Sensor3 | EventType=application
[2026-08-11 15:29:49.994 (UTC)] info/application	[Sensor] Updated distance: 7.058343271286386 cm | Severity=75 | SourceName=Sensor3 | EventType=application
[2026-08-11 15:29:50.997 (UTC)] info/application	[Sensor] Updated distance: 35.757081069870424 cm | Severity=75 | SourceName=Sensor3 | EventType=application
[2026-08-11 15:29:51.988 (UTC)] info/application	[Sensor] Updated distance: 6.123422483039751 cm | Severity=75 | SourceName=Sensor3 | EventType=application
[2026-08-11 15:29:52.990 (UTC)] info/application	[Sensor] Updated distance: 33.032173253145146 cm | Severity=75 | SourceName=Sensor3 | EventType=application
[2026-08-11 15:29:53.991 (UTC)] info/application	[Sensor] Updated distance: 19.66584947037783 cm | Severity=75 | SourceName=Sensor3 | EventType=application
[2026-08-11 15:29:54.992 (UTC)] info/application	[Sensor] Updated distance: 29.10023389528516 cm | Severity=75 | SourceName=Sensor3 | EventType=application
[2026-08-11 15:29:55.993 (UTC)] info/application	[Sensor] Updated distance: 20.50275574741082 cm | Severity=75 | SourceName=Sensor3 | EventType=application
[2026-08-11 15:29:56.994 (UTC)] info/application	[Sensor] Updated distance: 23.422139587543036 cm | Severity=75 | SourceName=Sensor3 | EventType=application
[2026-08-11 15:29:57.995 (UTC)] info/application	[Sensor] Updated distance: 6.59202444767208 cm | Severity=75 | SourceName=Sensor3 | EventType=application
[2026-08-11 15:29:58.995 (UTC)] info/application	[Sensor] Updated distance: 7.86991360311858 cm | Severity=75 | SourceName=Sensor3 | EventType=application
[2026-08-11 15:29:59.996 (UTC)] info/application	[Sensor] Updated distance: 39.277405324055536 cm | Severity=75 | SourceName=Sensor3 | EventType=application
[2026-08-11 15:30:00.998 (UTC)] info/application	[Sensor] Updated distance: 36.698064253990566 cm | Severity=75 | SourceName=Sensor3 | EventType=application
[2026-08-11 15:30:01.989 (UTC)] info/application	[Sensor] Updated distance: 13.41453148956156 cm | Severity=75 | SourceName=Sensor3 | EventType=application
[2026-08-11 15:30:02.990 (UTC)] info/application	[Sensor] Updated distance: 7.774388025409722 cm | Severity=75 | SourceName=Sensor3 | EventType=application
[2026-08-11 15:30:03.990 (UTC)] info/application	[Sensor] Updated distance: 40.64647537034306 cm | Severity=75 | SourceName=Sensor3 | EventType=application
[2026-08-11 15:30:04.991 (UTC)] info/application	[Sensor] Updated distance: 37.03130947939647 cm | Severity=75 | SourceName=Sensor3 | EventType=application
[2026-08-11 15:30:05.993 (UTC)] info/application	[Sensor] Updated distance: 35.51115191798245 cm | Severity=75 | SourceName=Sensor3 | EventType=application
[2026-08-11 15:30:06.994 (UTC)] info/application	[Sensor] Updated distance: 31.65997132549992 cm | Severity=75 | SourceName=Sensor3 | EventType=application
[2026-08-11 15:30:07.995 (UTC)] info/application	[Sensor] Updated distance: 3.090368010611445 cm | Severity=75 | SourceName=Sensor3 | EventType=application
[2026-08-11 15:30:08.995 (UTC)] info/application	[Sensor] Updated distance: 28.105510820683794 cm | Severity=75 | SourceName=Sensor3 | EventType=application
[2026-08-11 15:30:09.996 (UTC)] info/application	[Sensor] Updated distance: 46.01520684175901 cm | Severity=75 | SourceName=Sensor3 | EventType=application
[2026-08-11 15:30:10.997 (UTC)] info/application	[Sensor] Updated distance: 26.546283129857052 cm | Severity=75 | SourceName=Sensor3 | EventType=application
[2026-08-11 15:30:11.989 (UTC)] info/application	[Sensor] Updated distance: 22.732172677634363 cm | Severity=75 | SourceName=Sensor3 | EventType=application
[2026-08-11 15:30:12.991 (UTC)] info/application	[Sensor] Updated distance: 15.49450190248643 cm | Severity=75 | SourceName=Sensor3 | EventType=application
[2026-08-11 15:30:13.993 (UTC)] info/application	[Sensor] Updated distance: 28.96119285140242 cm | Severity=75 | SourceName=Sensor3 | EventType=application
[2026-08-11 15:30:14.996 (UTC)] info/application	[Sensor] Updated distance: 26.695176195676986 cm | Severity=75 | SourceName=Sensor3 | EventType=application
[2026-08-11 15:30:15.988 (UTC)] info/application	[Sensor] Updated distance: 8.749259534640824 cm | Severity=75 | SourceName=Sensor3 | EventType=application
[2026-08-11 15:30:16.990 (UTC)] info/application	[Sensor] Updated distance: 4.2690138901905215 cm | Severity=75 | SourceName=Sensor3 | EventType=application
[2026-08-11 15:30:17.991 (UTC)] info/application	[Sensor] Updated distance: 10.74190658737994 cm | Severity=75 | SourceName=Sensor3 | EventType=application
[2026-08-11 15:30:18.992 (UTC)] info/application	[Sensor] Updated distance: 17.352172642644575 cm | Severity=75 | SourceName=Sensor3 | EventType=application
[2026-08-11 15:30:19.994 (UTC)] info/application	[Sensor] Updated distance: 48.2943618066117 cm | Severity=75 | SourceName=Sensor3 | EventType=application
[2026-08-11 15:30:20.995 (UTC)] info/application	[Sensor] Updated distance: 15.800249881018068 cm | Severity=75 | SourceName=Sensor3 | EventType=application
[2026-08-11 15:30:21.998 (UTC)] info/application	[Sensor] Updated distance: 3.109253690163257 cm | Severity=75 | SourceName=Sensor3 | EventType=application
[2026-08-11 15:30:22.991 (UTC)] info/application	[Sensor] Updated distance: 4.417784267299708 cm | Severity=75 | SourceName=Sensor3 | EventType=application
[2026-08-11 15:30:23.993 (UTC)] info/application	[Sensor] Updated distance: 46.832423134163214 cm | Severity=75 | SourceName=Sensor3 | EventType=application
[2026-08-11 15:30:24.995 (UTC)] info/application	[Sensor] Updated distance: 20.775103160541086 cm | Severity=75 | SourceName=Sensor3 | EventType=application
[2026-08-11 15:30:25.998 (UTC)] info/application	[Sensor] Updated distance: 31.51801816258487 cm | Severity=75 | SourceName=Sensor3 | EventType=application
[2026-08-11 15:30:26.989 (UTC)] info/application	[Sensor] Updated distance: 17.335178859222296 cm | Severity=75 | SourceName=Sensor3 | EventType=application
[2026-08-11 15:30:27.992 (UTC)] info/application	[Sensor] Updated distance: 42.197242770435864 cm | Severity=75 | SourceName=Sensor3 | EventType=application
[2026-08-11 15:30:28.996 (UTC)] info/application	[Sensor] Updated distance: 36.11004263260869 cm | Severity=75 | SourceName=Sensor3 | EventType=application
[2026-08-11 15:30:29.989 (UTC)] info/application	[Sensor] Updated distance: 23.20509246234088 cm | Severity=75 | SourceName=Sensor3 | EventType=application
[2026-08-11 15:30:30.992 (UTC)] info/application	[Sensor] Updated distance: 31.47464807213966 cm | Severity=75 | SourceName=Sensor3 | EventType=application
[2026-08-11 15:30:31.995 (UTC)] info/application	[Sensor] Updated distance: 22.80810686424752 cm | Severity=75 | SourceName=Sensor3 | EventType=application
[2026-08-11 15:30:32.997 (UTC)] info/application	[Sensor] Updated distance: 34.61962395190243 cm | Severity=75 | SourceName=Sensor3 | EventType=application
[2026-08-11 15:30:33.990 (UTC)] info/application	[Sensor] Updated distance: 37.249036097549386 cm | Severity=75 | SourceName=Sensor3 | EventType=application
[2026-08-11 15:30:34.992 (UTC)] info/application	[Sensor] Updated distance: 13.454582212238844 cm | Severity=75 | SourceName=Sensor3 | EventType=application
[2026-08-11 15:30:35.995 (UTC)] info/application	[Sensor] Updated distance: 21.650933431298906 cm | Severity=75 | SourceName=Sensor3 | EventType=application
[2026-08-11 15:30:36.996 (UTC)] info/application	[Sensor] Updated distance: 22.760188015531835 cm | Severity=75 | SourceName=Sensor3 | EventType=application
[2026-08-11 15:30:37.997 (UTC)] info/application	[Sensor] Updated distance: 43.114553560090506 cm | Severity=75 | SourceName=Sensor3 | EventType=application
[2026-08-11 15:30:38.990 (UTC)] info/application	[Sensor] Updated distance: 22.741301441910352 cm | Severity=75 | SourceName=Sensor3 | EventType=application
[2026-08-11 15:30:39.993 (UTC)] info/application	[Sensor] Updated distance: 48.86569883621563 cm | Severity=75 | SourceName=Sensor3 | EventType=application
[2026-08-11 15:30:40.995 (UTC)] info/application	[Sensor] Updated distance: 39.12976037949778 cm | Severity=75 | SourceName=Sensor3 | EventType=application
[2026-08-11 15:30:41.998 (UTC)] info/application	[Sensor] Updated distance: 47.287584571767404 cm | Severity=75 | SourceName=Sensor3 | EventType=application
[2026-08-11 15:30:42.989 (UTC)] info/application	[Sensor] Updated distance: 21.597871491498253 cm | Severity=75 | SourceName=Sensor3 | EventType=application
[2026-08-11 15:30:43.992 (UTC)] info/application	[Sensor] Updated distance: 4.624262259632471 cm | Severity=75 | SourceName=Sensor3 | EventType=application
[2026-08-11 15:30:44.994 (UTC)] info/application	[Sensor] Updated distance: 26.24877740081808 cm | Severity=75 | SourceName=Sensor3 | EventType=application
[2026-08-11 15:30:45.995 (UTC)] info/application	[Sensor] Updated distance: 46.29304770952698 cm | Severity=75 | SourceName=Sensor3 | EventType=application
[2026-08-11 15:30:46.988 (UTC)] info/application	[Sensor] Updated distance: 11.373521816625036 cm | Severity=75 | SourceName=Sensor3 | EventType=application
[2026-08-11 15:30:47.991 (UTC)] info/application	[Sensor] Updated distance: 28.51779131336035 cm | Severity=75 | SourceName=Sensor3 | EventType=application
[2026-08-11 15:30:48.994 (UTC)] info/application	[Sensor] Updated distance: 7.034954274555181 cm | Severity=75 | SourceName=Sensor3 | EventType=application
[2026-08-11 15:30:49.996 (UTC)] info/application	[Sensor] Updated distance: 26.72569445926961 cm | Severity=75 | SourceName=Sensor3 | EventType=application
[2026-08-11 15:30:50.997 (UTC)] info/application	[Sensor] Updated distance: 26.812153097620303 cm | Severity=75 | SourceName=Sensor3 | EventType=application
[2026-08-11 15:30:51.988 (UTC)] info/application	[Sensor] Updated distance: 20.83520415557325 cm | Severity=75 | SourceName=Sensor3 | EventType=application
[2026-08-11 15:30:52.991 (UTC)] info/application	[Sensor] Updated distance: 27.83494814943287 cm | Severity=75 | SourceName=Sensor3 | EventType=application
[2026-08-11 15:30:53.992 (UTC)] info/application	[Sensor] Updated distance: 29.229937364920012 cm | Severity=75 | SourceName=Sensor3 | EventType=application
[2026-08-11 15:30:54.994 (UTC)] info/application	[Sensor] Updated distance: 17.667627267384727 cm | Severity=75 | SourceName=Sensor3 | EventType=application
[2026-08-11 15:30:55.996 (UTC)] info/application	[Sensor] Updated distance: 46.610051332325696 cm | Severity=75 | SourceName=Sensor3 | EventType=application
[2026-08-11 15:30:56.997 (UTC)] info/application	[Sensor] Updated distance: 10.747955527504885 cm | Severity=75 | SourceName=Sensor3 | EventType=application
[2026-08-11 15:30:57.990 (UTC)] info/application	[Sensor] Updated distance: 33.00280614895877 cm | Severity=75 | SourceName=Sensor3 | EventType=application
[2026-08-11 15:30:58.993 (UTC)] info/application	[Sensor] Updated distance: 38.807294080409825 cm | Severity=75 | SourceName=Sensor3 | EventType=application
[2026-08-11 15:30:59.995 (UTC)] info/application	[Sensor] Updated distance: 44.857998160113574 cm | Severity=75 | SourceName=Sensor3 | EventType=application
[2026-08-11 15:31:00.997 (UTC)] info/application	[Sensor] Updated distance: 6.207898588947904 cm | Severity=75 | SourceName=Sensor3 | EventType=application
[2026-08-11 15:31:01.998 (UTC)] info/application	[Sensor] Updated distance: 20.28194213019774 cm | Severity=75 | SourceName=Sensor3 | EventType=application
[2026-08-11 15:31:02.989 (UTC)] info/application	[Sensor] Updated distance: 17.66610500200936 cm | Severity=75 | SourceName=Sensor3 | EventType=application
[2026-08-11 15:31:03.990 (UTC)] info/application	[Sensor] Updated distance: 38.82752256320208 cm | Severity=75 | SourceName=Sensor3 | EventType=application
[2026-08-11 15:31:04.991 (UTC)] info/application	[Sensor] Updated distance: 7.530978205395386 cm | Severity=75 | SourceName=Sensor3 | EventType=application
[2026-08-11 15:31:05.992 (UTC)] info/application	[Sensor] Updated distance: 29.12068723659994 cm | Severity=75 | SourceName=Sensor3 | EventType=application
[2026-08-11 15:31:06.993 (UTC)] info/application	[Sensor] Updated distance: 10.478455972149249 cm | Severity=75 | SourceName=Sensor3 | EventType=application
[2026-08-11 15:31:07.995 (UTC)] info/application	[Sensor] Updated distance: 28.29116622092722 cm | Severity=75 | SourceName=Sensor3 | EventType=application
[2026-08-11 15:31:08.996 (UTC)] info/application	[Sensor] Updated distance: 22.23524077433871 cm | Severity=75 | SourceName=Sensor3 | EventType=application
[2026-08-11 15:31:09.997 (UTC)] info/application	[Sensor] Updated distance: 31.2197574140596 cm | Severity=75 | SourceName=Sensor3 | EventType=application
[2026-08-11 15:31:10.998 (UTC)] info/application	[Sensor] Updated distance: 27.156865057142852 cm | Severity=75 | SourceName=Sensor3 | EventType=application
[2026-08-11 15:31:11.989 (UTC)] info/application	[Sensor] Updated distance: 11.365001131484751 cm | Severity=75 | SourceName=Sensor3 | EventType=application
[2026-08-11 15:31:12.992 (UTC)] info/application	[Sensor] Updated distance: 28.507341963475263 cm | Severity=75 | SourceName=Sensor3 | EventType=application
[2026-08-11 15:31:13.994 (UTC)] info/application	[Sensor] Updated distance: 46.754736548641105 cm | Severity=75 | SourceName=Sensor3 | EventType=application
[2026-08-11 15:31:14.996 (UTC)] info/application	[Sensor] Updated distance: 13.989263391117222 cm | Severity=75 | SourceName=Sensor3 | EventType=application
[2026-08-11 15:31:15.988 (UTC)] info/application	[Sensor] Updated distance: 4.7561193642933475 cm | Severity=75 | SourceName=Sensor3 | EventType=application
[2026-08-11 15:31:16.989 (UTC)] info/application	[Sensor] Updated distance: 43.047784235816344 cm | Severity=75 | SourceName=Sensor3 | EventType=application
[2026-08-11 15:31:17.993 (UTC)] info/application	[Sensor] Updated distance: 23.36278520774226 cm | Severity=75 | SourceName=Sensor3 | EventType=application
[2026-08-11 15:31:18.996 (UTC)] info/application	[Sensor] Updated distance: 31.273910677653696 cm | Severity=75 | SourceName=Sensor3 | EventType=application
[2026-08-11 15:31:19.998 (UTC)] info/application	[Sensor] Updated distance: 48.08273853272327 cm | Severity=75 | SourceName=Sensor3 | EventType=application
[2026-08-11 15:31:20.991 (UTC)] info/application	[Sensor] Updated distance: 48.08847966701187 cm | Severity=75 | SourceName=Sensor3 | EventType=application
[2026-08-11 15:31:21.992 (UTC)] info/application	[Sensor] Updated distance: 8.086063752922259 cm | Severity=75 | SourceName=Sensor3 | EventType=application
[2026-08-11 15:31:22.994 (UTC)] info/application	[Sensor] Updated distance: 18.91794266594478 cm | Severity=75 | SourceName=Sensor3 | EventType=application
[2026-08-11 15:31:23.996 (UTC)] info/application	[Sensor] Updated distance: 25.92342781644474 cm | Severity=75 | SourceName=Sensor3 | EventType=application
[2026-08-11 15:31:24.997 (UTC)] info/application	[Sensor] Updated distance: 35.31600111784227 cm | Severity=75 | SourceName=Sensor3 | EventType=application
[2026-08-11 15:31:25.989 (UTC)] info/application	[Sensor] Updated distance: 34.58556995568125 cm | Severity=75 | SourceName=Sensor3 | EventType=application
[2026-08-11 15:31:26.990 (UTC)] info/application	[Sensor] Updated distance: 22.533479126418698 cm | Severity=75 | SourceName=Sensor3 | EventType=application
[2026-08-11 15:31:27.992 (UTC)] info/application	[Sensor] Updated distance: 44.063956645347155 cm | Severity=75 | SourceName=Sensor3 | EventType=application
[2026-08-11 15:31:28.994 (UTC)] info/application	[Sensor] Updated distance: 17.588376082288278 cm | Severity=75 | SourceName=Sensor3 | EventType=application
[2026-08-11 15:31:29.997 (UTC)] info/application	[Sensor] Updated distance: 11.34077318447678 cm | Severity=75 | SourceName=Sensor3 | EventType=application
[2026-08-11 15:31:30.989 (UTC)] info/application	[Sensor] Updated distance: 38.921954783108994 cm | Severity=75 | SourceName=Sensor3 | EventType=application
[2026-08-11 15:31:31.991 (UTC)] info/application	[Sensor] Updated distance: 21.79627467123618 cm | Severity=75 | SourceName=Sensor3 | EventType=application
[2026-08-11 15:31:32.994 (UTC)] info/application	[Sensor] Updated distance: 29.622715314674522 cm | Severity=75 | SourceName=Sensor3 | EventType=application
[2026-08-11 15:31:33.996 (UTC)] info/application	[Sensor] Updated distance: 6.588059785118354 cm | Severity=75 | SourceName=Sensor3 | EventType=application
[2026-08-11 15:31:34.998 (UTC)] info/application	[Sensor] Updated distance: 10.623797212086522 cm | Severity=75 | SourceName=Sensor3 | EventType=application
[2026-08-11 15:31:35.990 (UTC)] info/application	[Sensor] Updated distance: 35.15369352006991 cm | Severity=75 | SourceName=Sensor3 | EventType=application
[2026-08-11 15:31:36.992 (UTC)] info/application	[Sensor] Updated distance: 33.708747021718295 cm | Severity=75 | SourceName=Sensor3 | EventType=application
[2026-08-11 15:31:37.993 (UTC)] info/application	[Sensor] Updated distance: 19.10225318423577 cm | Severity=75 | SourceName=Sensor3 | EventType=application
[2026-08-11 15:31:38.994 (UTC)] info/application	[Sensor] Updated distance: 13.444859740997133 cm | Severity=75 | SourceName=Sensor3 | EventType=application
[2026-08-11 15:31:39.996 (UTC)] info/application	[Sensor] Updated distance: 5.943987773705268 cm | Severity=75 | SourceName=Sensor3 | EventType=application
[2026-08-11 15:31:40.997 (UTC)] info/application	[Sensor] Updated distance: 48.32201059829537 cm | Severity=75 | SourceName=Sensor3 | EventType=application
[2026-08-11 15:31:41.988 (UTC)] info/application	[Sensor] Updated distance: 38.60172479813998 cm | Severity=75 | SourceName=Sensor3 | EventType=application
[2026-08-11 15:31:42.989 (UTC)] info/application	[Sensor] Updated distance: 15.308988905190018 cm | Severity=75 | SourceName=Sensor3 | EventType=application
[2026-08-11 15:31:43.991 (UTC)] info/application	[Sensor] Updated distance: 26.829352561770637 cm | Severity=75 | SourceName=Sensor3 | EventType=application
[2026-08-11 15:31:44.993 (UTC)] info/application	[Sensor] Updated distance: 35.356461324429354 cm | Severity=75 | SourceName=Sensor3 | EventType=application
[2026-08-11 15:31:45.995 (UTC)] info/application	[Sensor] Updated distance: 27.29825229630724 cm | Severity=75 | SourceName=Sensor3 | EventType=application
[2026-08-11 15:31:46.996 (UTC)] info/application	[Sensor] Updated distance: 29.585471926063985 cm | Severity=75 | SourceName=Sensor3 | EventType=application
[2026-08-11 15:31:47.996 (UTC)] info/application	[Sensor] Updated distance: 28.404245560245702 cm | Severity=75 | SourceName=Sensor3 | EventType=application
[2026-08-11 15:31:48.998 (UTC)] info/application	[Sensor] Updated distance: 48.66103752640124 cm | Severity=75 | SourceName=Sensor3 | EventType=application
[2026-08-11 15:31:49.991 (UTC)] info/application	[Sensor] Updated distance: 10.859382581365939 cm | Severity=75 | SourceName=Sensor3 | EventType=application
[2026-08-11 15:31:50.993 (UTC)] info/application	[Sensor] Updated distance: 26.486984070617233 cm | Severity=75 | SourceName=Sensor3 | EventType=application
[2026-08-11 15:31:51.995 (UTC)] info/application	[Sensor] Updated distance: 46.74951717106137 cm | Severity=75 | SourceName=Sensor3 | EventType=application
[2026-08-11 15:31:52.997 (UTC)] info/application	[Sensor] Updated distance: 16.9454463342882 cm | Severity=75 | SourceName=Sensor3 | EventType=application
[2026-08-11 15:31:53.989 (UTC)] info/application	[Sensor] Updated distance: 43.40492673656201 cm | Severity=75 | SourceName=Sensor3 | EventType=application
[2026-08-11 15:31:54.991 (UTC)] info/application	[Sensor] Updated distance: 22.67294496515437 cm | Severity=75 | SourceName=Sensor3 | EventType=application
[2026-08-11 15:31:55.993 (UTC)] info/application	[Sensor] Updated distance: 2.2614474297787286 cm | Severity=75 | SourceName=Sensor3 | EventType=application
[2026-08-11 15:31:56.995 (UTC)] info/application	[Sensor] Updated distance: 27.99049666989152 cm | Severity=75 | SourceName=Sensor3 | EventType=application
[2026-08-11 15:31:57.998 (UTC)] info/application	[Sensor] Updated distance: 43.20642409157307 cm | Severity=75 | SourceName=Sensor3 | EventType=application
[2026-08-11 15:31:58.990 (UTC)] info/application	[Sensor] Updated distance: 44.32540409747762 cm | Severity=75 | SourceName=Sensor3 | EventType=application
[2026-08-11 15:31:59.993 (UTC)] info/application	[Sensor] Updated distance: 43.5788727521798 cm | Severity=75 | SourceName=Sensor3 | EventType=application
[2026-08-11 15:32:00.995 (UTC)] info/application	[Sensor] Updated distance: 4.547197253698109 cm | Severity=75 | SourceName=Sensor3 | EventType=application
[2026-08-11 15:32:01.997 (UTC)] info/application	[Sensor] Updated distance: 33.247358858234875 cm | Severity=75 | SourceName=Sensor3 | EventType=application
[2026-08-11 15:32:02.989 (UTC)] info/application	[Sensor] Updated distance: 15.375147423415978 cm | Severity=75 | SourceName=Sensor3 | EventType=application
[2026-08-11 15:32:03.991 (UTC)] info/application	[Sensor] Updated distance: 32.16991256837263 cm | Severity=75 | SourceName=Sensor3 | EventType=application
[2026-08-11 15:32:04.993 (UTC)] info/application	[Sensor] Updated distance: 37.835418643353236 cm | Severity=75 | SourceName=Sensor3 | EventType=application
[2026-08-11 15:32:05.994 (UTC)] info/application	[Sensor] Updated distance: 23.9989446355025 cm | Severity=75 | SourceName=Sensor3 | EventType=application
[2026-08-11 15:32:06.996 (UTC)] info/application	[Sensor] Updated distance: 17.323606088442546 cm | Severity=75 | SourceName=Sensor3 | EventType=application
[2026-08-11 15:32:07.989 (UTC)] info/application	[Sensor] Updated distance: 21.544165642719793 cm | Severity=75 | SourceName=Sensor3 | EventType=application
[2026-08-11 15:32:08.991 (UTC)] info/application	[Sensor] Updated distance: 41.101197842090016 cm | Severity=75 | SourceName=Sensor3 | EventType=application
[2026-08-11 15:32:09.991 (UTC)] info/application	[Sensor] Updated distance: 28.768465829439677 cm | Severity=75 | SourceName=Sensor3 | EventType=application
[2026-08-11 15:32:10.992 (UTC)] info/application	[Sensor] Updated distance: 25.48815341642506 cm | Severity=75 | SourceName=Sensor3 | EventType=application
[2026-08-11 15:32:11.993 (UTC)] info/application	[Sensor] Updated distance: 39.423208418033646 cm | Severity=75 | SourceName=Sensor3 | EventType=application
[2026-08-11 15:32:12.996 (UTC)] info/application	[Sensor] Updated distance: 17.370190605227926 cm | Severity=75 | SourceName=Sensor3 | EventType=application
[2026-08-11 15:32:13.998 (UTC)] info/application	[Sensor] Updated distance: 38.79714232161508 cm | Severity=75 | SourceName=Sensor3 | EventType=application
[2026-08-11 15:32:14.990 (UTC)] info/application	[Sensor] Updated distance: 16.252560957452545 cm | Severity=75 | SourceName=Sensor3 | EventType=application
[2026-08-11 15:32:15.991 (UTC)] info/application	[Sensor] Updated distance: 2.726651907305537 cm | Severity=75 | SourceName=Sensor3 | EventType=application
[2026-08-11 15:32:16.992 (UTC)] info/application	[Sensor] Updated distance: 16.095394617922324 cm | Severity=75 | SourceName=Sensor3 | EventType=application
[2026-08-11 15:32:17.993 (UTC)] info/application	[Sensor] Updated distance: 43.838032883516526 cm | Severity=75 | SourceName=Sensor3 | EventType=application
[2026-08-11 15:32:18.996 (UTC)] info/application	[Sensor] Updated distance: 29.13089746755124 cm | Severity=75 | SourceName=Sensor3 | EventType=application
[2026-08-11 15:32:19.988 (UTC)] info/application	[Sensor] Updated distance: 14.756432121971823 cm | Severity=75 | SourceName=Sensor3 | EventType=application
[2026-08-11 15:32:20.991 (UTC)] info/application	[Sensor] Updated distance: 4.697415442530724 cm | Severity=75 | SourceName=Sensor3 | EventType=application
[2026-08-11 15:32:21.993 (UTC)] info/application	[Sensor] Updated distance: 5.61788151581673 cm | Severity=75 | SourceName=Sensor3 | EventType=application
[2026-08-11 15:32:22.994 (UTC)] info/application	[Sensor] Updated distance: 11.505949270681453 cm | Severity=75 | SourceName=Sensor3 | EventType=application
[2026-08-11 15:32:23.995 (UTC)] info/application	[Sensor] Updated distance: 19.642861776818922 cm | Severity=75 | SourceName=Sensor3 | EventType=application
[2026-08-11 15:32:24.997 (UTC)] info/application	[Sensor] Updated distance: 47.02280827473048 cm | Severity=75 | SourceName=Sensor3 | EventType=application
[2026-08-11 15:32:25.988 (UTC)] info/application	[Sensor] Updated distance: 32.17889425818757 cm | Severity=75 | SourceName=Sensor3 | EventType=application
[2026-08-11 15:32:26.989 (UTC)] info/application	[Sensor] Updated distance: 19.90430922894939 cm | Severity=75 | SourceName=Sensor3 | EventType=application
[2026-08-11 15:32:27.990 (UTC)] info/application	[Sensor] Updated distance: 25.013304922270265 cm | Severity=75 | SourceName=Sensor3 | EventType=application
[2026-08-11 15:32:28.990 (UTC)] info/application	[Sensor] Updated distance: 25.385318327408896 cm | Severity=75 | SourceName=Sensor3 | EventType=application
[2026-08-11 15:32:29.991 (UTC)] info/application	[Sensor] Updated distance: 14.229713304075279 cm | Severity=75 | SourceName=Sensor3 | EventType=application
[2026-08-11 15:32:30.992 (UTC)] info/application	[Sensor] Updated distance: 18.592177674450063 cm | Severity=75 | SourceName=Sensor3 | EventType=application
[2026-08-11 15:32:31.993 (UTC)] info/application	[Sensor] Updated distance: 27.932515603458747 cm | Severity=75 | SourceName=Sensor3 | EventType=application
[2026-08-11 15:32:32.994 (UTC)] info/application	[Sensor] Updated distance: 45.47707216231016 cm | Severity=75 | SourceName=Sensor3 | EventType=application
[2026-08-11 15:32:33.995 (UTC)] info/application	[Sensor] Updated distance: 31.96732509786604 cm | Severity=75 | SourceName=Sensor3 | EventType=application
[2026-08-11 15:32:34.998 (UTC)] info/application	[Sensor] Updated distance: 10.10242814947964 cm | Severity=75 | SourceName=Sensor3 | EventType=application
[2026-08-11 15:32:35.990 (UTC)] info/application	[Sensor] Updated distance: 33.312490805663394 cm | Severity=75 | SourceName=Sensor3 | EventType=application
[2026-08-11 15:32:36.993 (UTC)] info/application	[Sensor] Updated distance: 5.966269711016803 cm | Severity=75 | SourceName=Sensor3 | EventType=application
[2026-08-11 15:32:37.994 (UTC)] info/application	[Sensor] Updated distance: 25.426034237922185 cm | Severity=75 | SourceName=Sensor3 | EventType=application
[2026-08-11 15:32:38.995 (UTC)] info/application	[Sensor] Updated distance: 4.8566564260314475 cm | Severity=75 | SourceName=Sensor3 | EventType=application
[2026-08-11 15:32:39.996 (UTC)] info/application	[Sensor] Updated distance: 45.067467553106816 cm | Severity=75 | SourceName=Sensor3 | EventType=application
[2026-08-11 15:32:40.989 (UTC)] info/application	[Sensor] Updated distance: 4.1945000450101215 cm | Severity=75 | SourceName=Sensor3 | EventType=application
[2026-08-11 15:32:41.990 (UTC)] info/application	[Sensor] Updated distance: 28.34480986480825 cm | Severity=75 | SourceName=Sensor3 | EventType=application
[2026-08-11 15:32:42.991 (UTC)] info/application	[Sensor] Updated distance: 34.49067597114047 cm | Severity=75 | SourceName=Sensor3 | EventType=application
[2026-08-11 15:32:43.992 (UTC)] info/application	[Sensor] Updated distance: 19.564690650238045 cm | Severity=75 | SourceName=Sensor3 | EventType=application
[2026-08-11 15:32:44.993 (UTC)] info/application	[Sensor] Updated distance: 17.14195216407159 cm | Severity=75 | SourceName=Sensor3 | EventType=application
[2026-08-11 15:32:45.994 (UTC)] info/application	[Sensor] Updated distance: 48.74323692859301 cm | Severity=75 | SourceName=Sensor3 | EventType=application
[2026-08-11 15:32:46.996 (UTC)] info/application	[Sensor] Updated distance: 20.291342579895325 cm | Severity=75 | SourceName=Sensor3 | EventType=application
[2026-08-11 15:32:47.996 (UTC)] info/application	[Sensor] Updated distance: 31.23734678199391 cm | Severity=75 | SourceName=Sensor3 | EventType=application
[2026-08-11 15:32:48.988 (UTC)] info/application	[Sensor] Updated distance: 42.58126981210954 cm | Severity=75 | SourceName=Sensor3 | EventType=application
[2026-08-11 15:32:49.990 (UTC)] info/application	[Sensor] Updated distance: 47.422240047446564 cm | Severity=75 | SourceName=Sensor3 | EventType=application
[2026-08-11 15:32:50.992 (UTC)] info/application	[Sensor] Updated distance: 43.99377890396573 cm | Severity=75 | SourceName=Sensor3 | EventType=application
[2026-08-11 15:32:51.993 (UTC)] info/application	[Sensor] Updated distance: 45.278685254640266 cm | Severity=75 | SourceName=Sensor3 | EventType=application
[2026-08-11 15:32:52.994 (UTC)] info/application	[Sensor] Updated distance: 3.040121563263294 cm | Severity=75 | SourceName=Sensor3 | EventType=application
[2026-08-11 15:32:53.995 (UTC)] info/application	[Sensor] Updated distance: 5.49972817464719 cm | Severity=75 | SourceName=Sensor3 | EventType=application
[2026-08-11 15:32:54.998 (UTC)] info/application	[Sensor] Updated distance: 14.921547031459188 cm | Severity=75 | SourceName=Sensor3 | EventType=application
[2026-08-11 15:32:55.990 (UTC)] info/application	[Sensor] Updated distance: 48.06292983799378 cm | Severity=75 | SourceName=Sensor3 | EventType=application
[2026-08-11 15:32:56.991 (UTC)] info/application	[Sensor] Updated distance: 35.67862243283476 cm | Severity=75 | SourceName=Sensor3 | EventType=application
[2026-08-11 15:32:57.992 (UTC)] info/application	[Sensor] Updated distance: 32.82585626040858 cm | Severity=75 | SourceName=Sensor3 | EventType=application
[2026-08-11 15:32:58.995 (UTC)] info/application	[Sensor] Updated distance: 23.0762347379123 cm | Severity=75 | SourceName=Sensor3 | EventType=application
[2026-08-11 15:32:59.997 (UTC)] info/application	[Sensor] Updated distance: 11.063940737891913 cm | Severity=75 | SourceName=Sensor3 | EventType=application
[2026-08-11 15:33:00.990 (UTC)] info/application	[Sensor] Updated distance: 45.055569564483854 cm | Severity=75 | SourceName=Sensor3 | EventType=application
[2026-08-11 15:33:01.992 (UTC)] info/application	[Sensor] Updated distance: 39.668412412362365 cm | Severity=75 | SourceName=Sensor3 | EventType=application
[2026-08-11 15:33:02.994 (UTC)] info/application	[Sensor] Updated distance: 36.99645634135066 cm | Severity=75 | SourceName=Sensor3 | EventType=application
[2026-08-11 15:33:03.997 (UTC)] info/application	[Sensor] Updated distance: 40.53264170444228 cm | Severity=75 | SourceName=Sensor3 | EventType=application
[2026-08-11 15:33:04.988 (UTC)] info/application	[Sensor] Updated distance: 21.635737487876664 cm | Severity=75 | SourceName=Sensor3 | EventType=application
[2026-08-11 15:33:05.989 (UTC)] info/application	[Sensor] Updated distance: 45.09888451318204 cm | Severity=75 | SourceName=Sensor3 | EventType=application
[2026-08-11 15:33:06.990 (UTC)] info/application	[Sensor] Updated distance: 23.845132487753933 cm | Severity=75 | SourceName=Sensor3 | EventType=application
[2026-08-11 15:33:07.991 (UTC)] info/application	[Sensor] Updated distance: 25.60200722124521 cm | Severity=75 | SourceName=Sensor3 | EventType=application
[2026-08-11 15:33:08.992 (UTC)] info/application	[Sensor] Updated distance: 20.52491872875249 cm | Severity=75 | SourceName=Sensor3 | EventType=application
[2026-08-11 15:33:09.993 (UTC)] info/application	[Sensor] Updated distance: 26.70178893613712 cm | Severity=75 | SourceName=Sensor3 | EventType=application
[2026-08-11 15:33:10.994 (UTC)] info/application	[Sensor] Updated distance: 20.669474752000287 cm | Severity=75 | SourceName=Sensor3 | EventType=application
[2026-08-11 15:33:11.995 (UTC)] info/application	[Sensor] Updated distance: 22.71941879611435 cm | Severity=75 | SourceName=Sensor3 | EventType=application
[2026-08-11 15:33:12.996 (UTC)] info/application	[Sensor] Updated distance: 5.046598778593633 cm | Severity=75 | SourceName=Sensor3 | EventType=application
[2026-08-11 15:33:13.997 (UTC)] info/application	[Sensor] Updated distance: 5.160150700789015 cm | Severity=75 | SourceName=Sensor3 | EventType=application
[2026-08-11 15:33:14.990 (UTC)] info/application	[Sensor] Updated distance: 40.284109446352396 cm | Severity=75 | SourceName=Sensor3 | EventType=application
[2026-08-11 15:33:15.993 (UTC)] info/application	[Sensor] Updated distance: 20.18855094266522 cm | Severity=75 | SourceName=Sensor3 | EventType=application
[2026-08-11 15:33:16.995 (UTC)] info/application	[Sensor] Updated distance: 3.903387629382027 cm | Severity=75 | SourceName=Sensor3 | EventType=application
[2026-08-11 15:33:17.996 (UTC)] info/application	[Sensor] Updated distance: 10.57545200389598 cm | Severity=75 | SourceName=Sensor3 | EventType=application
[2026-08-11 15:33:18.997 (UTC)] info/application	[Sensor] Updated distance: 49.42589774701087 cm | Severity=75 | SourceName=Sensor3 | EventType=application
[2026-08-11 15:33:19.988 (UTC)] info/application	[Sensor] Updated distance: 44.484657441491564 cm | Severity=75 | SourceName=Sensor3 | EventType=application
[2026-08-11 15:33:20.989 (UTC)] info/application	[Sensor] Updated distance: 7.997692051342545 cm | Severity=75 | SourceName=Sensor3 | EventType=application
[2026-08-11 15:33:21.991 (UTC)] info/application	[Sensor] Updated distance: 43.41967662862487 cm | Severity=75 | SourceName=Sensor3 | EventType=application
[2026-08-11 15:33:22.992 (UTC)] info/application	[Sensor] Updated distance: 39.76334267378009 cm | Severity=75 | SourceName=Sensor3 | EventType=application
[2026-08-11 15:33:23.993 (UTC)] info/application	[Sensor] Updated distance: 9.037813614605838 cm | Severity=75 | SourceName=Sensor3 | EventType=application
[2026-08-11 15:33:24.994 (UTC)] info/application	[Sensor] Updated distance: 46.91940480327206 cm | Severity=75 | SourceName=Sensor3 | EventType=application
[2026-08-11 15:33:24.994 (UTC)] info/channel	[System] TCP 15	| SC 2	| SecureChannel renewed with a revised lifetime of 600.0s | Severity=75 | SourceName=System | EventType=channel
[2026-08-11 15:33:25.994 (UTC)] info/application	[Sensor] Updated distance: 4.684889682887537 cm | Severity=75 | SourceName=Sensor3 | EventType=application
[2026-08-11 15:33:26.966 (UTC)] info/channel	[System] TCP 16	| SC 1	| OpenSecureChannel: Channel renewed with a revised lifetime of 600.0s | Severity=75 | SourceName=System | EventType=channel
[2026-08-11 15:33:26.996 (UTC)] info/application	[Sensor] Updated distance: 7.100743430247876 cm | Severity=75 | SourceName=Sensor3 | EventType=application
[2026-08-11 15:33:27.998 (UTC)] info/application	[Sensor] Updated distance: 32.598027213755074 cm | Severity=75 | SourceName=Sensor3 | EventType=application
[2026-08-11 15:33:28.990 (UTC)] info/application	[Sensor] Updated distance: 35.510745943296115 cm | Severity=75 | SourceName=Sensor3 | EventType=application
[2026-08-11 15:33:29.991 (UTC)] info/application	[Sensor] Updated distance: 28.176978168160176 cm | Severity=75 | SourceName=Sensor3 | EventType=application
[2026-08-11 15:33:30.993 (UTC)] info/application	[Sensor] Updated distance: 41.66196797399873 cm | Severity=75 | SourceName=Sensor3 | EventType=application
[2026-08-11 15:33:31.996 (UTC)] info/application	[Sensor] Updated distance: 30.566315485428234 cm | Severity=75 | SourceName=Sensor3 | EventType=application
[2026-08-11 15:33:32.988 (UTC)] info/application	[Sensor] Updated distance: 17.845390580522544 cm | Severity=75 | SourceName=Sensor3 | EventType=application
[2026-08-11 15:33:33.991 (UTC)] info/application	[Sensor] Updated distance: 28.658424292997655 cm | Severity=75 | SourceName=Sensor3 | EventType=application
[2026-08-11 15:33:34.992 (UTC)] info/application	[Sensor] Updated distance: 21.09895718987051 cm | Severity=75 | SourceName=Sensor3 | EventType=application
[2026-08-11 15:33:35.994 (UTC)] info/application	[Sensor] Updated distance: 37.48112806839921 cm | Severity=75 | SourceName=Sensor3 | EventType=application
[2026-08-11 15:33:36.997 (UTC)] info/application	[Sensor] Updated distance: 23.75730878382796 cm | Severity=75 | SourceName=Sensor3 | EventType=application
[2026-08-11 15:33:37.990 (UTC)] info/application	[Sensor] Updated distance: 42.94408967762445 cm | Severity=75 | SourceName=Sensor3 | EventType=application
[2026-08-11 15:33:38.993 (UTC)] info/application	[Sensor] Updated distance: 13.083135267292677 cm | Severity=75 | SourceName=Sensor3 | EventType=application
[2026-08-11 15:33:39.995 (UTC)] info/application	[Sensor] Updated distance: 42.28222753493219 cm | Severity=75 | SourceName=Sensor3 | EventType=application
[2026-08-11 15:33:40.988 (UTC)] info/application	[Sensor] Updated distance: 19.645878591409826 cm | Severity=75 | SourceName=Sensor3 | EventType=application
[2026-08-11 15:33:41.990 (UTC)] info/application	[Sensor] Updated distance: 31.752610041644708 cm | Severity=75 | SourceName=Sensor3 | EventType=application
[2026-08-11 15:33:42.991 (UTC)] info/application	[Sensor] Updated distance: 15.0016463086948 cm | Severity=75 | SourceName=Sensor3 | EventType=application
[2026-08-11 15:33:43.993 (UTC)] info/application	[Sensor] Updated distance: 22.69247737000346 cm | Severity=75 | SourceName=Sensor3 | EventType=application
[2026-08-11 15:33:44.995 (UTC)] info/application	[Sensor] Updated distance: 34.91276074243372 cm | Severity=75 | SourceName=Sensor3 | EventType=application
[2026-08-11 15:33:45.997 (UTC)] info/application	[Sensor] Updated distance: 5.285755732695458 cm | Severity=75 | SourceName=Sensor3 | EventType=application
[2026-08-11 15:33:46.990 (UTC)] info/application	[Sensor] Updated distance: 40.881028335020424 cm | Severity=75 | SourceName=Sensor3 | EventType=application
[2026-08-11 15:33:47.992 (UTC)] info/application	[Sensor] Updated distance: 36.81614837181575 cm | Severity=75 | SourceName=Sensor3 | EventType=application
[2026-08-11 15:33:48.993 (UTC)] info/application	[Sensor] Updated distance: 13.86120775894318 cm | Severity=75 | SourceName=Sensor3 | EventType=application
[2026-08-11 15:33:49.996 (UTC)] info/application	[Sensor] Updated distance: 40.306926059679554 cm | Severity=75 | SourceName=Sensor3 | EventType=application
[2026-08-11 15:33:50.996 (UTC)] info/application	[Sensor] Updated distance: 31.300805790955575 cm | Severity=75 | SourceName=Sensor3 | EventType=application
[2026-08-11 15:33:51.998 (UTC)] info/application	[Sensor] Updated distance: 19.858899810285724 cm | Severity=75 | SourceName=Sensor3 | EventType=application
[2026-08-11 15:33:52.989 (UTC)] info/application	[Sensor] Updated distance: 33.72660266595268 cm | Severity=75 | SourceName=Sensor3 | EventType=application
[2026-08-11 15:33:53.991 (UTC)] info/application	[Sensor] Updated distance: 21.064148464735666 cm | Severity=75 | SourceName=Sensor3 | EventType=application
[2026-08-11 15:33:54.993 (UTC)] info/application	[Sensor] Updated distance: 26.896713424891566 cm | Severity=75 | SourceName=Sensor3 | EventType=application
[2026-08-11 15:33:55.995 (UTC)] info/application	[Sensor] Updated distance: 30.646007469224745 cm | Severity=75 | SourceName=Sensor3 | EventType=application
[2026-08-11 15:33:56.988 (UTC)] info/application	[Sensor] Updated distance: 23.749038147623203 cm | Severity=75 | SourceName=Sensor3 | EventType=application
[2026-08-11 15:33:57.991 (UTC)] info/application	[Sensor] Updated distance: 31.99745685513944 cm | Severity=75 | SourceName=Sensor3 | EventType=application
[2026-08-11 15:33:58.992 (UTC)] info/application	[Sensor] Updated distance: 13.244034660628081 cm | Severity=75 | SourceName=Sensor3 | EventType=application
[2026-08-11 15:33:59.993 (UTC)] info/application	[Sensor] Updated distance: 9.259784090919318 cm | Severity=75 | SourceName=Sensor3 | EventType=application
[2026-08-11 15:34:00.995 (UTC)] info/application	[Sensor] Updated distance: 10.174435000947879 cm | Severity=75 | SourceName=Sensor3 | EventType=application
[2026-08-11 15:34:01.995 (UTC)] info/application	[Sensor] Updated distance: 4.906002612275072 cm | Severity=75 | SourceName=Sensor3 | EventType=application
[2026-08-11 15:34:02.996 (UTC)] info/application	[Sensor] Updated distance: 37.82609957634755 cm | Severity=75 | SourceName=Sensor3 | EventType=application
[2026-08-11 15:34:03.997 (UTC)] info/application	[Sensor] Updated distance: 26.01982558147042 cm | Severity=75 | SourceName=Sensor3 | EventType=application
[2026-08-11 15:34:04.988 (UTC)] info/application	[Sensor] Updated distance: 31.564426927624467 cm | Severity=75 | SourceName=Sensor3 | EventType=application
[2026-08-11 15:34:05.989 (UTC)] info/application	[Sensor] Updated distance: 8.925056743866325 cm | Severity=75 | SourceName=Sensor3 | EventType=application
[2026-08-11 15:34:06.990 (UTC)] info/application	[Sensor] Updated distance: 13.500953649869633 cm | Severity=75 | SourceName=Sensor3 | EventType=application
[2026-08-11 15:34:07.992 (UTC)] info/application	[Sensor] Updated distance: 5.321735689100686 cm | Severity=75 | SourceName=Sensor3 | EventType=application
[2026-08-11 15:34:08.993 (UTC)] info/application	[Sensor] Updated distance: 49.86914644384251 cm | Severity=75 | SourceName=Sensor3 | EventType=application
[2026-08-11 15:34:09.993 (UTC)] info/application	[Sensor] Updated distance: 24.58408891716231 cm | Severity=75 | SourceName=Sensor3 | EventType=application
[2026-08-11 15:34:10.994 (UTC)] info/application	[Sensor] Updated distance: 45.603963224032874 cm | Severity=75 | SourceName=Sensor3 | EventType=application
[2026-08-11 15:34:11.995 (UTC)] info/application	[Sensor] Updated distance: 19.515025012900598 cm | Severity=75 | SourceName=Sensor3 | EventType=application
[2026-08-11 15:34:12.998 (UTC)] info/application	[Sensor] Updated distance: 6.336698936455277 cm | Severity=75 | SourceName=Sensor3 | EventType=application
[2026-08-11 15:34:13.989 (UTC)] info/application	[Sensor] Updated distance: 10.605609510375936 cm | Severity=75 | SourceName=Sensor3 | EventType=application
[2026-08-11 15:34:14.992 (UTC)] info/application	[Sensor] Updated distance: 40.2075024052558 cm | Severity=75 | SourceName=Sensor3 | EventType=application
[2026-08-11 15:34:15.995 (UTC)] info/application	[Sensor] Updated distance: 39.24945970124074 cm | Severity=75 | SourceName=Sensor3 | EventType=application
[2026-08-11 15:34:16.997 (UTC)] info/application	[Sensor] Updated distance: 13.891365265423136 cm | Severity=75 | SourceName=Sensor3 | EventType=application
[2026-08-11 15:34:17.990 (UTC)] info/application	[Sensor] Updated distance: 31.08853071792448 cm | Severity=75 | SourceName=Sensor3 | EventType=application
[2026-08-11 15:34:18.991 (UTC)] info/application	[Sensor] Updated distance: 26.06560805070475 cm | Severity=75 | SourceName=Sensor3 | EventType=application
[2026-08-11 15:34:19.992 (UTC)] info/application	[Sensor] Updated distance: 25.752573024366317 cm | Severity=75 | SourceName=Sensor3 | EventType=application
[2026-08-11 15:34:20.994 (UTC)] info/application	[Sensor] Updated distance: 21.3954567552523 cm | Severity=75 | SourceName=Sensor3 | EventType=application
[2026-08-11 15:34:21.996 (UTC)] info/application	[Sensor] Updated distance: 7.366413841660327 cm | Severity=75 | SourceName=Sensor3 | EventType=application
[2026-08-11 15:34:22.998 (UTC)] info/application	[Sensor] Updated distance: 43.61147283465204 cm | Severity=75 | SourceName=Sensor3 | EventType=application
[2026-08-11 15:34:23.990 (UTC)] info/application	[Sensor] Updated distance: 5.1220593988532475 cm | Severity=75 | SourceName=Sensor3 | EventType=application
[2026-08-11 15:34:24.993 (UTC)] info/application	[Sensor] Updated distance: 26.43056230639599 cm | Severity=75 | SourceName=Sensor3 | EventType=application
[2026-08-11 15:34:25.994 (UTC)] info/application	[Sensor] Updated distance: 20.508186237191868 cm | Severity=75 | SourceName=Sensor3 | EventType=application
[2026-08-11 15:34:26.995 (UTC)] info/application	[Sensor] Updated distance: 33.768066868077995 cm | Severity=75 | SourceName=Sensor3 | EventType=application
[2026-08-11 15:34:27.996 (UTC)] info/application	[Sensor] Updated distance: 48.179600454019194 cm | Severity=75 | SourceName=Sensor3 | EventType=application
[2026-08-11 15:34:28.997 (UTC)] info/application	[Sensor] Updated distance: 2.5056430699795684 cm | Severity=75 | SourceName=Sensor3 | EventType=application
[2026-08-11 15:34:29.989 (UTC)] info/application	[Sensor] Updated distance: 45.01210155105782 cm | Severity=75 | SourceName=Sensor3 | EventType=application
[2026-08-11 15:34:30.989 (UTC)] info/application	[Sensor] Updated distance: 7.439384522586774 cm | Severity=75 | SourceName=Sensor3 | EventType=application
[2026-08-11 15:34:31.991 (UTC)] info/application	[Sensor] Updated distance: 10.680078070927447 cm | Severity=75 | SourceName=Sensor3 | EventType=application
[2026-08-11 15:34:32.992 (UTC)] info/application	[Sensor] Updated distance: 47.91810416333289 cm | Severity=75 | SourceName=Sensor3 | EventType=application
[2026-08-11 15:34:33.994 (UTC)] info/application	[Sensor] Updated distance: 43.265484121286065 cm | Severity=75 | SourceName=Sensor3 | EventType=application
[2026-08-11 15:34:34.995 (UTC)] info/application	[Sensor] Updated distance: 34.69990367474961 cm | Severity=75 | SourceName=Sensor3 | EventType=application
[2026-08-11 15:34:35.996 (UTC)] info/application	[Sensor] Updated distance: 29.482531068605617 cm | Severity=75 | SourceName=Sensor3 | EventType=application
[2026-08-11 15:34:36.997 (UTC)] info/application	[Sensor] Updated distance: 2.1905408428006528 cm | Severity=75 | SourceName=Sensor3 | EventType=application
[2026-08-11 15:34:37.988 (UTC)] info/application	[Sensor] Updated distance: 46.20085732461924 cm | Severity=75 | SourceName=Sensor3 | EventType=application
[2026-08-11 15:34:38.989 (UTC)] info/application	[Sensor] Updated distance: 32.80426678005804 cm | Severity=75 | SourceName=Sensor3 | EventType=application
[2026-08-11 15:34:39.990 (UTC)] info/application	[Sensor] Updated distance: 2.059687264291424 cm | Severity=75 | SourceName=Sensor3 | EventType=application
[2026-08-11 15:34:40.991 (UTC)] info/application	[Sensor] Updated distance: 20.784946219429813 cm | Severity=75 | SourceName=Sensor3 | EventType=application
[2026-08-11 15:34:41.994 (UTC)] info/application	[Sensor] Updated distance: 28.40822998173918 cm | Severity=75 | SourceName=Sensor3 | EventType=application
[2026-08-11 15:34:42.997 (UTC)] info/application	[Sensor] Updated distance: 19.574712299543762 cm | Severity=75 | SourceName=Sensor3 | EventType=application
[2026-08-11 15:34:43.989 (UTC)] info/application	[Sensor] Updated distance: 25.121645178236832 cm | Severity=75 | SourceName=Sensor3 | EventType=application
[2026-08-11 15:34:44.991 (UTC)] info/application	[Sensor] Updated distance: 37.01383951446686 cm | Severity=75 | SourceName=Sensor3 | EventType=application
[2026-08-11 15:34:45.994 (UTC)] info/application	[Sensor] Updated distance: 9.782214682447822 cm | Severity=75 | SourceName=Sensor3 | EventType=application
[2026-08-11 15:34:46.996 (UTC)] info/application	[Sensor] Updated distance: 14.371104857125834 cm | Severity=75 | SourceName=Sensor3 | EventType=application
[2026-08-11 15:34:47.998 (UTC)] info/application	[Sensor] Updated distance: 48.90520477988999 cm | Severity=75 | SourceName=Sensor3 | EventType=application
[2026-08-11 15:34:48.989 (UTC)] info/application	[Sensor] Updated distance: 38.87074540037231 cm | Severity=75 | SourceName=Sensor3 | EventType=application
[2026-08-11 15:34:49.990 (UTC)] info/application	[Sensor] Updated distance: 38.43671290783058 cm | Severity=75 | SourceName=Sensor3 | EventType=application
[2026-08-11 15:34:50.992 (UTC)] info/application	[Sensor] Updated distance: 24.65777778190457 cm | Severity=75 | SourceName=Sensor3 | EventType=application
[2026-08-11 15:34:51.994 (UTC)] info/application	[Sensor] Updated distance: 10.266202133272868 cm | Severity=75 | SourceName=Sensor3 | EventType=application
[2026-08-11 15:34:52.996 (UTC)] info/application	[Sensor] Updated distance: 43.80312674949091 cm | Severity=75 | SourceName=Sensor3 | EventType=application
[2026-08-11 15:34:53.989 (UTC)] info/application	[Sensor] Updated distance: 18.269250594204873 cm | Severity=75 | SourceName=Sensor3 | EventType=application
[2026-08-11 15:34:54.991 (UTC)] info/application	[Sensor] Updated distance: 13.388261532126116 cm | Severity=75 | SourceName=Sensor3 | EventType=application
[2026-08-11 15:34:55.994 (UTC)] info/application	[Sensor] Updated distance: 20.233689033535164 cm | Severity=75 | SourceName=Sensor3 | EventType=application
[2026-08-11 15:34:56.997 (UTC)] info/application	[Sensor] Updated distance: 36.77743683139674 cm | Severity=75 | SourceName=Sensor3 | EventType=application
[2026-08-11 15:34:57.988 (UTC)] info/application	[Sensor] Updated distance: 45.15632842255585 cm | Severity=75 | SourceName=Sensor3 | EventType=application
[2026-08-11 15:34:58.989 (UTC)] info/application	[Sensor] Updated distance: 18.41328948755436 cm | Severity=75 | SourceName=Sensor3 | EventType=application
[2026-08-11 15:34:59.990 (UTC)] info/application	[Sensor] Updated distance: 37.28307990137631 cm | Severity=75 | SourceName=Sensor3 | EventType=application
[2026-08-11 15:35:00.991 (UTC)] info/application	[Sensor] Updated distance: 40.16842995126193 cm | Severity=75 | SourceName=Sensor3 | EventType=application
[2026-08-11 15:35:01.993 (UTC)] info/application	[Sensor] Updated distance: 23.852674010141133 cm | Severity=75 | SourceName=Sensor3 | EventType=application
[2026-08-11 15:35:02.994 (UTC)] info/application	[Sensor] Updated distance: 45.963157972303755 cm | Severity=75 | SourceName=Sensor3 | EventType=application
[2026-08-11 15:35:03.997 (UTC)] info/application	[Sensor] Updated distance: 38.08653409224308 cm | Severity=75 | SourceName=Sensor3 | EventType=application
[2026-08-11 15:35:04.990 (UTC)] info/application	[Sensor] Updated distance: 17.118158109075463 cm | Severity=75 | SourceName=Sensor3 | EventType=application
[2026-08-11 15:35:05.993 (UTC)] info/application	[Sensor] Updated distance: 30.663061624701626 cm | Severity=75 | SourceName=Sensor3 | EventType=application
[2026-08-11 15:35:06.996 (UTC)] info/application	[Sensor] Updated distance: 17.569065160848695 cm | Severity=75 | SourceName=Sensor3 | EventType=application
[2026-08-11 15:35:07.989 (UTC)] info/application	[Sensor] Updated distance: 17.30869897422786 cm | Severity=75 | SourceName=Sensor3 | EventType=application
[2026-08-11 15:35:08.992 (UTC)] info/application	[Sensor] Updated distance: 26.86391892696913 cm | Severity=75 | SourceName=Sensor3 | EventType=application
[2026-08-11 15:35:09.995 (UTC)] info/application	[Sensor] Updated distance: 48.37333194090674 cm | Severity=75 | SourceName=Sensor3 | EventType=application
[2026-08-11 15:35:10.998 (UTC)] info/application	[Sensor] Updated distance: 17.36838623851928 cm | Severity=75 | SourceName=Sensor3 | EventType=application
[2026-08-11 15:35:11.990 (UTC)] info/application	[Sensor] Updated distance: 45.64886516875069 cm | Severity=75 | SourceName=Sensor3 | EventType=application
[2026-08-11 15:35:12.993 (UTC)] info/application	[Sensor] Updated distance: 26.78156190029418 cm | Severity=75 | SourceName=Sensor3 | EventType=application
[2026-08-11 15:35:13.995 (UTC)] info/application	[Sensor] Updated distance: 34.94309853806305 cm | Severity=75 | SourceName=Sensor3 | EventType=application
[2026-08-11 15:35:14.996 (UTC)] info/application	[Sensor] Updated distance: 20.77051032463578 cm | Severity=75 | SourceName=Sensor3 | EventType=application
[2026-08-11 15:35:15.998 (UTC)] info/application	[Sensor] Updated distance: 13.795401392409298 cm | Severity=75 | SourceName=Sensor3 | EventType=application
[2026-08-11 15:35:16.990 (UTC)] info/application	[Sensor] Updated distance: 42.72531322051087 cm | Severity=75 | SourceName=Sensor3 | EventType=application
[2026-08-11 15:35:17.993 (UTC)] info/application	[Sensor] Updated distance: 33.14161518176161 cm | Severity=75 | SourceName=Sensor3 | EventType=application
[2026-08-11 15:35:18.994 (UTC)] info/application	[Sensor] Updated distance: 12.700606149947552 cm | Severity=75 | SourceName=Sensor3 | EventType=application
[2026-08-11 15:35:19.996 (UTC)] info/application	[Sensor] Updated distance: 31.596058598531435 cm | Severity=75 | SourceName=Sensor3 | EventType=application
[2026-08-11 15:35:20.997 (UTC)] info/application	[Sensor] Updated distance: 21.578328067240456 cm | Severity=75 | SourceName=Sensor3 | EventType=application
[2026-08-11 15:35:21.988 (UTC)] info/application	[Sensor] Updated distance: 35.358383931852124 cm | Severity=75 | SourceName=Sensor3 | EventType=application
[2026-08-11 15:35:22.991 (UTC)] info/application	[Sensor] Updated distance: 39.862260731804305 cm | Severity=75 | SourceName=Sensor3 | EventType=application
[2026-08-11 15:35:23.992 (UTC)] info/application	[Sensor] Updated distance: 15.38145481673137 cm | Severity=75 | SourceName=Sensor3 | EventType=application
[2026-08-11 15:35:24.995 (UTC)] info/application	[Sensor] Updated distance: 3.6276345037052566 cm | Severity=75 | SourceName=Sensor3 | EventType=application
[2026-08-11 15:35:25.997 (UTC)] info/application	[Sensor] Updated distance: 3.2505222639304225 cm | Severity=75 | SourceName=Sensor3 | EventType=application
[2026-08-11 15:35:26.990 (UTC)] info/application	[Sensor] Updated distance: 33.615143850266534 cm | Severity=75 | SourceName=Sensor3 | EventType=application
[2026-08-11 15:35:27.993 (UTC)] info/application	[Sensor] Updated distance: 38.405071335101994 cm | Severity=75 | SourceName=Sensor3 | EventType=application
[2026-08-11 15:35:28.995 (UTC)] info/application	[Sensor] Updated distance: 46.40685068648627 cm | Severity=75 | SourceName=Sensor3 | EventType=application
[2026-08-11 15:35:29.989 (UTC)] info/application	[Sensor] Updated distance: 2.0284333154691536 cm | Severity=75 | SourceName=Sensor3 | EventType=application
[2026-08-11 15:35:30.990 (UTC)] info/application	[Sensor] Updated distance: 25.688151214126567 cm | Severity=75 | SourceName=Sensor3 | EventType=application
[2026-08-11 15:35:31.992 (UTC)] info/application	[Sensor] Updated distance: 36.57528061539646 cm | Severity=75 | SourceName=Sensor3 | EventType=application
[2026-08-11 15:35:32.994 (UTC)] info/application	[Sensor] Updated distance: 23.88110734796203 cm | Severity=75 | SourceName=Sensor3 | EventType=application
[2026-08-11 15:35:33.996 (UTC)] info/application	[Sensor] Updated distance: 21.651309186430325 cm | Severity=75 | SourceName=Sensor3 | EventType=application
[2026-08-11 15:35:34.998 (UTC)] info/application	[Sensor] Updated distance: 24.661814685287798 cm | Severity=75 | SourceName=Sensor3 | EventType=application
[2026-08-11 15:35:35.990 (UTC)] info/applica