[2026-08-17 03:40:36.674 (UTC+0800)] [33mwarn/server[0m	AccessControl: Unconfigured AccessControl. Users have all permissions.
[2026-08-17 03:40:36.674 (UTC+0800)] [32minfo/server[0m	AccessControl: Anonymous login is enabled
[2026-08-17 03:40:36.674 (UTC+0800)] [33mwarn/server[0m	x509 Certificate Authentication configured, but no encrypting SecurityPolicy. This can leak credentials on the network.
[2026-08-17 03:40:36.708 (UTC+0800)] [33mwarn/application[0m	ServerUrls already set. Overriding.
[2026-08-17 03:40:36.709 (UTC+0800)] [33mwarn/server[0m	AccessControl: Unconfigured AccessControl. Users have all permissions.
[2026-08-17 03:40:36.709 (UTC+0800)] [32minfo/server[0m	AccessControl: Anonymous login is enabled
[2026-08-17 03:40:36.709 (UTC+0800)] [33mwarn/server[0m	x509 Certificate Authentication configured, but no encrypting SecurityPolicy. This can leak credentials on the network.
[2026-08-17 03:40:36.709 (UTC+0800)] [33mwarn/server[0m	x509 Certificate Authentication configured, but no encrypting SecurityPolicy. This can leak credentials on the network.
[2026-08-16 19:40:36.709 (UTC)] info/application	Sensor Server online (Client/Server mode, id=3 port=4844) | Severity=75 | SourceName=Sensor3 | EventType=application
Entering background polling mode: attempting to connect to Aggregation Server...
Connected successfully. Log forwarding started.
[2026-08-16 19:40:37.716 (UTC)] info/application	[Sensor] Updated distance: 26.2748290564748 cm | Severity=75 | SourceName=Sensor3 | EventType=application
[2026-08-16 19:40:38.686 (UTC)] info/network	[System] TCP 16	| Connection opened from "127.0.0.1" via the server socket 8 | Severity=75 | SourceName=System | EventType=network
[2026-08-16 19:40:38.686 (UTC)] info/channel	[System] TCP 16	| SC 1	| SecureChannel created | Severity=75 | SourceName=System | EventType=channel
[2026-08-16 19:40:39.790 (UTC)] info/application	[Sensor] Updated distance: 26.7798939462658 cm | Severity=75 | SourceName=Sensor3 | EventType=application
[2026-08-16 19:40:39.810 (UTC)] info/channel	[System] TCP 16	| SC 1	| OpenSecureChannel: Channel opened with SecurityMode None for SecurityPolicy http://opcfoundation.org/UA/SecurityPolicy#None and a revised lifetime of 600.0s | Severity=75 | SourceName=System | EventType=channel
[2026-08-16 19:40:39.830 (UTC)] warn/client	[System] Removing a UserTokenPolicy that would allow the password to be transmitted without encryption (Can be enabled via config->allowNonePolicyPassword) | Severity=175 | SourceName=System | EventType=client
[2026-08-16 19:40:39.830 (UTC)] warn/client	[System] Removing a UserTokenPolicy that would allow the password to be transmitted without encryption (Can be enabled via config->allowNonePolicyPassword) | Severity=175 | SourceName=System | EventType=client
[2026-08-16 19:40:39.841 (UTC)] warn/client	[System] Removing a UserTokenPolicy that would allow the password to be transmitted without encryption (Can be enabled via config->allowNonePolicyPassword) | Severity=175 | SourceName=System | EventType=client
[2026-08-16 19:40:39.841 (UTC)] warn/client	[System] Removing a UserTokenPolicy that would allow the password to be transmitted without encryption (Can be enabled via config->allowNonePolicyPassword) | Severity=175 | SourceName=System | EventType=client
[2026-08-16 19:40:39.842 (UTC)] info/session	[System] TCP 16	| SC 1	| Session "ns=1;g=9d5d7786-5125-a607-64f6-affa55b55ba5"	| Session created | Severity=75 | SourceName=System | EventType=session
[2026-08-16 19:40:39.853 (UTC)] info/session	[System] TCP 16	| SC 1	| Session "ns=1;g=9d5d7786-5125-a607-64f6-affa55b55ba5"	| ActivateSession: Session activated with ClientUserId "" | Severity=75 | SourceName=System | EventType=session
[2026-08-16 19:40:40.238 (UTC)] info/session	[System] TCP 16	| SC 1	| Session "ns=1;g=9d5d7786-5125-a607-64f6-affa55b55ba5"	| Subscription 1 | Subscription created (Publishing interval 500.0ms, max 1000 notifications per publish) | Severity=75 | SourceName=System | EventType=session
[2026-08-16 19:40:40.258 (UTC)] info/session	[System] TCP 16	| SC 1	| Session "ns=1;g=9d5d7786-5125-a607-64f6-affa55b55ba5"	| Subscription 1 | MonitoredItem 1 | Created the MonitoredItem (Sampling Interval: 250.0ms, Queue Size: 1) | Severity=75 | SourceName=System | EventType=session
[2026-08-16 19:40:40.794 (UTC)] info/application	[Sensor] Updated distance: 25.9283268621323 cm | Severity=75 | SourceName=Sensor3 | EventType=application
[2026-08-16 19:40:41.794 (UTC)] info/application	[Sensor] Updated distance: 25.3505017861493 cm | Severity=75 | SourceName=Sensor3 | EventType=application
[2026-08-16 19:40:42.794 (UTC)] info/application	[Sensor] Updated distance: 24.8655181133028 cm | Severity=75 | SourceName=Sensor3 | EventType=application
[2026-08-16 19:40:43.794 (UTC)] info/application	[Sensor] Updated distance: 23.6228250631237 cm | Severity=75 | SourceName=Sensor3 | EventType=application
[2026-08-16 19:40:44.794 (UTC)] info/application	[Sensor] Updated distance: 23.9234195996185 cm | Severity=75 | SourceName=Sensor3 | EventType=application
[2026-08-16 19:40:45.794 (UTC)] info/application	[Sensor] Updated distance: 24.1513576089178 cm | Severity=75 | SourceName=Sensor3 | EventType=application
[2026-08-16 19:40:46.795 (UTC)] info/application	[Sensor] Updated distance: 24.6689172327374 cm | Severity=75 | SourceName=Sensor3 | EventType=application
[2026-08-16 19:40:47.794 (UTC)] info/application	[Sensor] Updated distance: 24.8031821208089 cm | Severity=75 | SourceName=Sensor3 | EventType=application
[2026-08-16 19:40:48.795 (UTC)] info/application	[Sensor] Updated distance: 24.8696518556074 cm | Severity=75 | SourceName=Sensor3 | EventType=application
[2026-08-16 19:40:49.795 (UTC)] info/application	[Sensor] Updated distance: 23.8418481633262 cm | Severity=75 | SourceName=Sensor3 | EventType=application
[2026-08-16 19:40:50.796 (UTC)] info/application	[Sensor] Updated distance: 24.3499835803406 cm | Severity=75 | SourceName=Sensor3 | EventType=application
[2026-08-16 19:40:51.796 (UTC)] info/application	[Sensor] Updated distance: 23.0603166879436 cm | Severity=75 | SourceName=Sensor3 | EventType=application
[2026-08-16 19:40:52.796 (UTC)] info/application	[Sensor] Updated distance: 21.7591929450907 cm | Severity=75 | SourceName=Sensor3 | EventType=application
[2026-08-16 19:40:53.796 (UTC)] info/application	[Sensor] Updated distance: 21.5569741756455 cm | Severity=75 | SourceName=Sensor3 | EventType=application
[2026-08-16 19:40:54.796 (UTC)] info/application	[Sensor] Updated distance: 23.0215371486365 cm | Severity=75 | SourceName=Sensor3 | EventType=application
[2026-08-16 19:40:55.796 (UTC)] info/application	[Sensor] Updated distance: 24.2914835337044 cm | Severity=75 | SourceName=Sensor3 | EventType=application
[2026-08-16 19:40:56.797 (UTC)] info/application	[Sensor] Updated distance: 23.0448815829795 cm | Severity=75 | SourceName=Sensor3 | EventType=application
[2026-08-16 19:40:57.797 (UTC)] info/application	[Sensor] Updated distance: 22.3926692858304 cm | Severity=75 | SourceName=Sensor3 | EventType=application
[2026-08-16 19:40:58.798 (UTC)] info/application	[Sensor] Updated distance: 22.4415548173438 cm | Severity=75 | SourceName=Sensor3 | EventType=application
[2026-08-16 19:40:59.799 (UTC)] info/application	[Sensor] Updated distance: 21.8497338713378 cm | Severity=75 | SourceName=Sensor3 | EventType=application
[2026-08-16 19:41:00.799 (UTC)] info/application	[Sensor] Updated distance: 22.6084962287492 cm | Severity=75 | SourceName=Sensor3 | EventType=application
[2026-08-16 19:41:01.790 (UTC)] info/application	[Sensor] Updated distance: 22.8765538557789 cm | Severity=75 | SourceName=Sensor3 | EventType=application
[2026-08-16 19:41:02.790 (UTC)] info/application	[Sensor] Updated distance: 23.5377202369448 cm | Severity=75 | SourceName=Sensor3 | EventType=application
[2026-08-16 19:41:03.791 (UTC)] info/application	[Sensor] Updated distance: 23.1485554385691 cm | Severity=75 | SourceName=Sensor3 | EventType=application
[2026-08-16 19:41:04.792 (UTC)] info/application	[Sensor] Updated distance: 24.3948442483762 cm | Severity=75 | SourceName=Sensor3 | EventType=application
[2026-08-16 19:41:05.792 (UTC)] info/application	[Sensor] Updated distance: 25.7342943804033 cm | Severity=75 | SourceName=Sensor3 | EventType=application
[2026-08-16 19:41:06.792 (UTC)] info/application	[Sensor] Updated distance: 27.2225037988846 cm | Severity=75 | SourceName=Sensor3 | EventType=application
[2026-08-16 19:41:07.792 (UTC)] info/application	[Sensor] Updated distance: 26.8587857139571 cm | Severity=75 | SourceName=Sensor3 | EventType=application
[2026-08-16 19:41:08.792 (UTC)] info/application	[Sensor] Updated distance: 26.7452321244614 cm | Severity=75 | SourceName=Sensor3 | EventType=application
[2026-08-16 19:41:09.793 (UTC)] info/application	[Sensor] Updated distance: 27.0082705980205 cm | Severity=75 | SourceName=Sensor3 | EventType=application
[2026-08-16 19:41:10.792 (UTC)] info/application	[Sensor] Updated distance: 25.649617402884 cm | Severity=75 | SourceName=Sensor3 | EventType=application
[2026-08-16 19:41:11.792 (UTC)] info/application	[Sensor] Updated distance: 26.1844967306519 cm | Severity=75 | SourceName=Sensor3 | EventType=application
[2026-08-16 19:41:12.792 (UTC)] info/application	[Sensor] Updated distance: 27.369710129625 cm | Severity=75 | SourceName=Sensor3 | EventType=application
[2026-08-16 19:41:13.793 (UTC)] info/application	[Sensor] Updated distance: 27.0260732616419 cm | Severity=75 | SourceName=Sensor3 | EventType=application
[2026-08-16 19:41:14.794 (UTC)] info/application	[Sensor] Updated distance: 27.8182595392308 cm | Severity=75 | SourceName=Sensor3 | EventType=application
[2026-08-16 19:41:15.794 (UTC)] info/application	[Sensor] Updated distance: 27.8040674733017 cm | Severity=75 | SourceName=Sensor3 | EventType=application
[2026-08-16 19:41:16.794 (UTC)] info/application	[Sensor] Updated distance: 29.1883686160149 cm | Severity=75 | SourceName=Sensor3 | EventType=application
[2026-08-16 19:41:17.794 (UTC)] info/application	[Sensor] Updated distance: 28.9981145160264 cm | Severity=75 | SourceName=Sensor3 | EventType=application
[2026-08-16 19:41:18.794 (UTC)] info/application	[Sensor] Updated distance: 27.6181873381688 cm | Severity=75 | SourceName=Sensor3 | EventType=application
[2026-08-16 19:41:19.794 (UTC)] info/application	[Sensor] Updated distance: 27.5689582142834 cm | Severity=75 | SourceName=Sensor3 | EventType=application
[2026-08-16 19:41:20.794 (UTC)] info/application	[Sensor] Updated distance: 27.8509004234108 cm | Severity=75 | SourceName=Sensor3 | EventType=application
[2026-08-16 19:41:21.795 (UTC)] info/application	[Sensor] Updated distance: 28.4791086625676 cm | Severity=75 | SourceName=Sensor3 | EventType=application
[2026-08-16 19:41:22.795 (UTC)] info/application	[Sensor] Updated distance: 28.6402126462852 cm | Severity=75 | SourceName=Sensor3 | EventType=application
[2026-08-16 19:41:23.795 (UTC)] info/application	[Sensor] Updated distance: 29.1210311125596 cm | Severity=75 | SourceName=Sensor3 | EventType=application
[2026-08-16 19:41:24.795 (UTC)] info/application	[Sensor] Updated distance: 28.0470205808743 cm | Severity=75 | SourceName=Sensor3 | EventType=application
[2026-08-16 19:41:25.795 (UTC)] info/application	[Sensor] Updated distance: 28.1726875361859 cm | Severity=75 | SourceName=Sensor3 | EventType=application
[2026-08-16 19:41:26.795 (UTC)] info/application	[Sensor] Updated distance: 28.4234523861312 cm | Severity=75 | SourceName=Sensor3 | EventType=application
[2026-08-16 19:41:27.795 (UTC)] info/application	[Sensor] Updated distance: 27.602839903721 cm | Severity=75 | SourceName=Sensor3 | EventType=application
[2026-08-16 19:41:28.796 (UTC)] info/application	[Sensor] Updated distance: 28.5762945618836 cm | Severity=75 | SourceName=Sensor3 | EventType=application
[2026-08-16 19:41:29.796 (UTC)] info/application	[Sensor] Updated distance: 27.3759449433423 cm | Severity=75 | SourceName=Sensor3 | EventType=application
[2026-08-16 19:41:30.797 (UTC)] info/application	[Sensor] Updated distance: 27.4635115149261 cm | Severity=75 | SourceName=Sensor3 | EventType=application
[2026-08-16 19:41:31.797 (UTC)] info/application	[Sensor] Updated distance: 27.695728529103 cm | Severity=75 | SourceName=Sensor3 | EventType=application
[2026-08-16 19:41:32.797 (UTC)] info/application	[Sensor] Updated distance: 28.2634365375915 cm | Severity=75 | SourceName=Sensor3 | EventType=application
[2026-08-16 19:41:33.798 (UTC)] info/application	[Sensor] Updated distance: 27.5121694889442 cm | Severity=75 | SourceName=Sensor3 | EventType=application
[2026-08-16 19:41:34.799 (UTC)] info/application	[Sensor] Updated distance: 28.8552217047453 cm | Severity=75 | SourceName=Sensor3 | EventType=application
[2026-08-16 19:41:35.800 (UTC)] info/application	[Sensor] Updated distance: 29.169218523041 cm | Severity=75 | SourceName=Sensor3 | EventType=application
[2026-08-16 19:41:36.790 (UTC)] info/application	[Sensor] Updated distance: 28.2574016050237 cm | Severity=75 | SourceName=Sensor3 | EventType=application
[2026-08-16 19:41:37.790 (UTC)] info/application	[Sensor] Updated distance: 29.5886632393061 cm | Severity=75 | SourceName=Sensor3 | EventType=application
[2026-08-16 19:41:38.790 (UTC)] info/application	[Sensor] Updated distance: 31.0389419726743 cm | Severity=75 | SourceName=Sensor3 | EventType=application
[2026-08-16 19:41:39.791 (UTC)] info/application	[Sensor] Updated distance: 31.5135714665584 cm | Severity=75 | SourceName=Sensor3 | EventType=application
[2026-08-16 19:41:40.791 (UTC)] info/application	[Sensor] Updated distance: 31.6078715730029 cm | Severity=75 | SourceName=Sensor3 | EventType=application
[2026-08-16 19:41:41.791 (UTC)] info/application	[Sensor] Updated distance: 30.1994971098376 cm | Severity=75 | SourceName=Sensor3 | EventType=application
[2026-08-16 19:41:42.791 (UTC)] info/application	[Sensor] Updated distance: 29.7090059300927 cm | Severity=75 | SourceName=Sensor3 | EventType=application
[2026-08-16 19:41:43.792 (UTC)] info/application	[Sensor] Updated distance: 29.4885194341133 cm | Severity=75 | SourceName=Sensor3 | EventType=application
[2026-08-16 19:41:44.792 (UTC)] info/application	[Sensor] Updated distance: 29.2365081043618 cm | Severity=75 | SourceName=Sensor3 | EventType=application
[2026-08-16 19:41:45.792 (UTC)] info/application	[Sensor] Updated distance: 28.0382032008088 cm | Severity=75 | SourceName=Sensor3 | EventType=application
[2026-08-16 19:41:46.792 (UTC)] info/application	[Sensor] Updated distance: 29.3035246402973 cm | Severity=75 | SourceName=Sensor3 | EventType=application
[2026-08-16 19:41:47.793 (UTC)] info/application	[Sensor] Updated distance: 28.935814451862 cm | Severity=75 | SourceName=Sensor3 | EventType=application
[2026-08-16 19:41:48.793 (UTC)] info/application	[Sensor] Updated distance: 29.0472554483205 cm | Severity=75 | SourceName=Sensor3 | EventType=application
[2026-08-16 19:41:49.793 (UTC)] info/application	[Sensor] Updated distance: 30.4326497099514 cm | Severity=75 | SourceName=Sensor3 | EventType=application
[2026-08-16 19:41:50.793 (UTC)] info/application	[Sensor] Updated distance: 31.5157103976308 cm | Severity=75 | SourceName=Sensor3 | EventType=application
[2026-08-16 19:41:51.793 (UTC)] info/application	[Sensor] Updated distance: 30.4090936018196 cm | Severity=75 | SourceName=Sensor3 | EventType=application
[2026-08-16 19:41:52.793 (UTC)] info/application	[Sensor] Updated distance: 30.9226961012104 cm | Severity=75 | SourceName=Sensor3 | EventType=application
[2026-08-16 19:41:53.794 (UTC)] info/application	[Sensor] Updated distance: 30.6668607712103 cm | Severity=75 | SourceName=Sensor3 | EventType=application
[2026-08-16 19:41:54.794 (UTC)] info/application	[Sensor] Updated distance: 31.5410624430706 cm | Severity=75 | SourceName=Sensor3 | EventType=application
[2026-08-16 19:41:55.793 (UTC)] info/application	[Sensor] Updated distance: 32.4806544107761 cm | Severity=75 | SourceName=Sensor3 | EventType=application
[2026-08-16 19:41:56.793 (UTC)] info/application	[Sensor] Updated distance: 33.8504860360876 cm | Severity=75 | SourceName=Sensor3 | EventType=application
[2026-08-16 19:41:57.793 (UTC)] info/application	[Sensor] Updated distance: 33.4754525564962 cm | Severity=75 | SourceName=Sensor3 | EventType=application
[2026-08-16 19:41:58.794 (UTC)] info/application	[Sensor] Updated distance: 32.0944320417915 cm | Severity=75 | SourceName=Sensor3 | EventType=application
[2026-08-16 19:41:59.794 (UTC)] info/application	[Sensor] Updated distance: 32.9377183252655 cm | Severity=75 | SourceName=Sensor3 | EventType=application
[2026-08-16 19:42:00.794 (UTC)] info/application	[Sensor] Updated distance: 32.8623352271329 cm | Severity=75 | SourceName=Sensor3 | EventType=application
[2026-08-16 19:42:01.794 (UTC)] info/application	[Sensor] Updated distance: 33.0688812840119 cm | Severity=75 | SourceName=Sensor3 | EventType=application
[2026-08-16 19:42:02.794 (UTC)] info/application	[Sensor] Updated distance: 32.6443845802659 cm | Severity=75 | SourceName=Sensor3 | EventType=application
[2026-08-16 19:42:03.795 (UTC)] info/application	[Sensor] Updated distance: 31.6367094906218 cm | Severity=75 | SourceName=Sensor3 | EventType=application
[2026-08-16 19:42:04.796 (UTC)] info/application	[Sensor] Updated distance: 32.5919885002505 cm | Severity=75 | SourceName=Sensor3 | EventType=application
[2026-08-16 19:42:05.797 (UTC)] info/application	[Sensor] Updated distance: 32.0105440123056 cm | Severity=75 | SourceName=Sensor3 | EventType=application
[2026-08-16 19:42:06.797 (UTC)] info/application	[Sensor] Updated distance: 32.8168657409571 cm | Severity=75 | SourceName=Sensor3 | EventType=application
[2026-08-16 19:42:07.797 (UTC)] info/application	[Sensor] Updated distance: 31.3603278311716 cm | Severity=75 | SourceName=Sensor3 | EventType=application
[2026-08-16 19:42:08.798 (UTC)] info/application	[Sensor] Updated distance: 30.6101449761121 cm | Severity=75 | SourceName=Sensor3 | EventType=application
[2026-08-16 19:42:09.798 (UTC)] info/application	[Sensor] Updated distance: 31.3667454367349 cm | Severity=75 | SourceName=Sensor3 | EventType=application
[2026-08-16 19:42:10.799 (UTC)] info/application	[Sensor] Updated distance: 31.8848370208334 cm | Severity=75 | SourceName=Sensor3 | EventType=application
[2026-08-16 19:42:11.799 (UTC)] info/application	[Sensor] Updated distance: 32.7289542722185 cm | Severity=75 | SourceName=Sensor3 | EventType=application
[2026-08-16 19:42:12.799 (UTC)] info/application	[Sensor] Updated distance: 33.5771802710729 cm | Severity=75 | SourceName=Sensor3 | EventType=application
[2026-08-16 19:42:13.799 (UTC)] info/application	[Sensor] Updated distance: 32.1047806740295 cm | Severity=75 | SourceName=Sensor3 | EventType=application
[2026-08-16 19:42:14.799 (UTC)] info/application	[Sensor] Updated distance: 31.2284114294352 cm | Severity=75 | SourceName=Sensor3 | EventType=application
[2026-08-16 19:42:15.798 (UTC)] info/application	[Sensor] Updated distance: 30.3246260971411 cm | Severity=75 | SourceName=Sensor3 | EventType=application
[2026-08-16 19:42:16.798 (UTC)] info/application	[Sensor] Updated distance: 29.1539215965448 cm | Severity=75 | SourceName=Sensor3 | EventType=application
[2026-08-16 19:42:17.797 (UTC)] info/application	[Sensor] Updated distance: 28.0428737900419 cm | Severity=75 | SourceName=Sensor3 | EventType=application
[2026-08-16 19:42:18.798 (UTC)] info/application	[Sensor] Updated distance: 28.2713782693126 cm | Severity=75 | SourceName=Sensor3 | EventType=application
[2026-08-16 19:42:19.797 (UTC)] info/application	[Sensor] Updated distance: 28.7121147665717 cm | Severity=75 | SourceName=Sensor3 | EventType=application
[2026-08-16 19:42:20.797 (UTC)] info/application	[Sensor] Updated distance: 27.4864612203028 cm | Severity=75 | SourceName=Sensor3 | EventType=application
[2026-08-16 19:42:21.797 (UTC)] info/application	[Sensor] Updated distance: 27.2980263858559 cm | Severity=75 | SourceName=Sensor3 | EventType=application
[2026-08-16 19:42:22.797 (UTC)] info/application	[Sensor] Updated distance: 28.1321460873038 cm | Severity=75 | SourceName=Sensor3 | EventType=application
[2026-08-16 19:42:23.798 (UTC)] info/application	[Sensor] Updated distance: 28.9200950404257 cm | Severity=75 | SourceName=Sensor3 | EventType=application
[2026-08-16 19:42:24.798 (UTC)] info/application	[Sensor] Updated distance: 29.9758248759787 cm | Severity=75 | SourceName=Sensor3 | EventType=application
[2026-08-16 19:42:25.798 (UTC)] info/application	[Sensor] Updated distance: 30.1841462478899 cm | Severity=75 | SourceName=Sensor3 | EventType=application
[2026-08-16 19:42:26.798 (UTC)] info/application	[Sensor] Updated distance: 30.4116871673202 cm | Severity=75 | SourceName=Sensor3 | EventType=application
[2026-08-16 19:42:27.799 (UTC)] info/application	[Sensor] Updated distance: 31.3372486267878 cm | Severity=75 | SourceName=Sensor3 | EventType=application
[2026-08-16 19:42:28.799 (UTC)] info/application	[Sensor] Updated distance: 32.6705365205046 cm | Severity=75 | SourceName=Sensor3 | EventType=application
[2026-08-16 19:42:29.799 (UTC)] info/application	[Sensor] Updated distance: 33.0170569252302 cm | Severity=75 | SourceName=Sensor3 | EventType=application
[2026-08-16 19:42:30.799 (UTC)] info/application	[Sensor] Updated distance: 33.2859046667749 cm | Severity=75 | SourceName=Sensor3 | EventType=application
[2026-08-16 19:42:31.798 (UTC)] info/application	[Sensor] Updated distance: 33.0438094609621 cm | Severity=75 | SourceName=Sensor3 | EventType=application
[2026-08-16 19:42:32.798 (UTC)] info/application	[Sensor] Updated distance: 32.0968759225667 cm | Severity=75 | SourceName=Sensor3 | EventType=application
[2026-08-16 19:42:33.797 (UTC)] info/application	[Sensor] Updated distance: 33.4412269617623 cm | Severity=75 | SourceName=Sensor3 | EventType=application
[2026-08-16 19:42:34.797 (UTC)] info/application	[Sensor] Updated distance: 33.6914566663054 cm | Severity=75 | SourceName=Sensor3 | EventType=application
[2026-08-16 19:42:35.797 (UTC)] info/application	[Sensor] Updated distance: 32.1998021361417 cm | Severity=75 | SourceName=Sensor3 | EventType=application
[2026-08-16 19:42:36.797 (UTC)] info/application	[Sensor] Updated distance: 31.4627086859954 cm | Severity=75 | SourceName=Sensor3 | EventType=application
[2026-08-16 19:42:37.797 (UTC)] info/application	[Sensor] Updated distance: 31.0192601177931 cm | Severity=75 | SourceName=Sensor3 | EventType=application
[2026-08-16 19:42:38.797 (UTC)] info/application	[Sensor] Updated distance: 29.5710676778439 cm | Severity=75 | SourceName=Sensor3 | EventType=application
[2026-08-16 19:42:39.798 (UTC)] info/application	[Sensor] Updated distance: 29.5837913726381 cm | Severity=75 | SourceName=Sensor3 | EventType=application
[2026-08-16 19:42:40.797 (UTC)] info/application	[Sensor] Updated distance: 28.3969432650585 cm | Severity=75 | SourceName=Sensor3 | EventType=application
[2026-08-16 19:42:41.797 (UTC)] info/application	[Sensor] Updated distance: 28.9668424106049 cm | Severity=75 | SourceName=Sensor3 | EventType=application
[2026-08-16 19:42:42.798 (UTC)] info/application	[Sensor] Updated distance: 28.3236833553871 cm | Severity=75 | SourceName=Sensor3 | EventType=application
[2026-08-16 19:42:43.798 (UTC)] info/application	[Sensor] Updated distance: 29.485061246662 cm | Severity=75 | SourceName=Sensor3 | EventType=application
[2026-08-16 19:42:44.798 (UTC)] info/application	[Sensor] Updated distance: 30.0825607951649 cm | Severity=75 | SourceName=Sensor3 | EventType=application
[2026-08-16 19:42:45.798 (UTC)] info/application	[Sensor] Updated distance: 30.0630324953529 cm | Severity=75 | SourceName=Sensor3 | EventType=application
[2026-08-16 19:42:46.799 (UTC)] info/application	[Sensor] Updated distance: 28.8206250529367 cm | Severity=75 | SourceName=Sensor3 | EventType=application
[2026-08-16 19:42:47.799 (UTC)] info/application	[Sensor] Updated distance: 29.7474201022402 cm | Severity=75 | SourceName=Sensor3 | EventType=application
[2026-08-16 19:42:48.799 (UTC)] info/application	[Sensor] Updated distance: 30.1168439959254 cm | Severity=75 | SourceName=Sensor3 | EventType=application
[2026-08-16 19:42:49.799 (UTC)] info/application	[Sensor] Updated distance: 30.6029410327798 cm | Severity=75 | SourceName=Sensor3 | EventType=application
[2026-08-16 19:42:50.799 (UTC)] info/application	[Sensor] Updated distance: 30.4704725779455 cm | Severity=75 | SourceName=Sensor3 | EventType=application
[2026-08-16 19:42:51.799 (UTC)] info/application	[Sensor] Updated distance: 31.1142429253618 cm | Severity=75 | SourceName=Sensor3 | EventType=application
[2026-08-16 19:42:52.799 (UTC)] info/application	[Sensor] Updated distance: 29.9119051263723 cm | Severity=75 | SourceName=Sensor3 | EventType=application
[2026-08-16 19:42:53.799 (UTC)] info/application	[Sensor] Updated distance: 29.113556371589 cm | Severity=75 | SourceName=Sensor3 | EventType=application
[2026-08-16 19:42:54.799 (UTC)] info/application	[Sensor] Updated distance: 29.0452756707302 cm | Severity=75 | SourceName=Sensor3 | EventType=application
[2026-08-16 19:42:55.799 (UTC)] info/application	[Sensor] Updated distance: 30.3986677072936 cm | Severity=75 | SourceName=Sensor3 | EventType=application
[2026-08-16 19:42:56.799 (UTC)] info/application	[Sensor] Updated distance: 31.3086403258185 cm | Severity=75 | SourceName=Sensor3 | EventType=application
[2026-08-16 19:42:57.799 (UTC)] info/application	[Sensor] Updated distance: 29.96790054439 cm | Severity=75 | SourceName=Sensor3 | EventType=application
[2026-08-16 19:42:58.799 (UTC)] info/application	[Sensor] Updated distance: 30.746854039024 cm | Severity=75 | SourceName=Sensor3 | EventType=application
[2026-08-16 19:42:59.799 (UTC)] info/application	[Sensor] Updated distance: 31.4901145498688 cm | Severity=75 | SourceName=Sensor3 | EventType=application
[2026-08-16 19:43:00.790 (UTC)] info/application	[Sensor] Updated distance: 31.9958951731659 cm | Severity=75 | SourceName=Sensor3 | EventType=application
[2026-08-16 19:43:01.790 (UTC)] info/application	[Sensor] Updated distance: 31.5436964093445 cm | Severity=75 | SourceName=Sensor3 | EventType=application
[2026-08-16 19:43:02.791 (UTC)] info/application	[Sensor] Updated distance: 30.5448617129795 cm | Severity=75 | SourceName=Sensor3 | EventType=application
[2026-08-16 19:43:03.791 (UTC)] info/application	[Sensor] Updated distance: 31.6037087978812 cm | Severity=75 | SourceName=Sensor3 | EventType=application
[2026-08-16 19:43:04.791 (UTC)] info/application	[Sensor] Updated distance: 30.9958610718585 cm | Severity=75 | SourceName=Sensor3 | EventType=application
[2026-08-16 19:43:05.791 (UTC)] info/application	[Sensor] Updated distance: 31.7472560814336 cm | Severity=75 | SourceName=Sensor3 | EventType=application
[2026-08-16 19:43:06.791 (UTC)] info/application	[Sensor] Updated distance: 32.8144486361716 cm | Severity=75 | SourceName=Sensor3 | EventType=application
[2026-08-16 19:43:07.791 (UTC)] info/application	[Sensor] Updated distance: 32.9695074600025 cm | Severity=75 | SourceName=Sensor3 | EventType=application
[2026-08-16 19:43:08.791 (UTC)] info/application	[Sensor] Updated distance: 31.7774538999784 cm | Severity=75 | SourceName=Sensor3 | EventType=application
[2026-08-16 19:43:09.791 (UTC)] info/application	[Sensor] Updated distance: 32.8964540161641 cm | Severity=75 | SourceName=Sensor3 | EventType=application
[2026-08-16 19:43:10.792 (UTC)] info/application	[Sensor] Updated distance: 31.5642365333923 cm | Severity=75 | SourceName=Sensor3 | EventType=application
[2026-08-16 19:43:11.792 (UTC)] info/application	[Sensor] Updated distance: 30.6853348657886 cm | Severity=75 | SourceName=Sensor3 | EventType=application
[2026-08-16 19:43:12.793 (UTC)] info/application	[Sensor] Updated distance: 30.8742341261237 cm | Severity=75 | SourceName=Sensor3 | EventType=application
[2026-08-16 19:43:13.794 (UTC)] info/application	[Sensor] Updated distance: 30.3988575881342 cm | Severity=75 | SourceName=Sensor3 | EventType=application
[2026-08-16 19:43:14.794 (UTC)] info/application	[Sensor] Updated distance: 29.1813338104083 cm | Severity=75 | SourceName=Sensor3 | EventType=application
[2026-08-16 19:43:15.794 (UTC)] info/application	[Sensor] Updated distance: 28.4677326178493 cm | Severity=75 | SourceName=Sensor3 | EventType=application
[2026-08-16 19:43:16.794 (UTC)] info/application	[Sensor] Updated distance: 29.4728277814448 cm | Severity=75 | SourceName=Sensor3 | EventType=application
[2026-08-16 19:43:17.795 (UTC)] info/application	[Sensor] Updated distance: 28.5128965613027 cm | Severity=75 | SourceName=Sensor3 | EventType=application
[2026-08-16 19:43:18.795 (UTC)] info/application	[Sensor] Updated distance: 27.2260904166503 cm | Severity=75 | SourceName=Sensor3 | EventType=application
[2026-08-16 19:43:19.795 (UTC)] info/application	[Sensor] Updated distance: 27.100609472534 cm | Severity=75 | SourceName=Sensor3 | EventType=application
[2026-08-16 19:43:20.795 (UTC)] info/application	[Sensor] Updated distance: 28.1267752892462 cm | Severity=75 | SourceName=Sensor3 | EventType=application
[2026-08-16 19:43:21.795 (UTC)] info/application	[Sensor] Updated distance: 28.2075006897596 cm | Severity=75 | SourceName=Sensor3 | EventType=application
[2026-08-16 19:43:22.795 (UTC)] info/application	[Sensor] Updated distance: 27.2257900930595 cm | Severity=75 | SourceName=Sensor3 | EventType=application
[2026-08-16 19:43:23.795 (UTC)] info/application	[Sensor] Updated distance: 28.5496181107823 cm | Severity=75 | SourceName=Sensor3 | EventType=application
[2026-08-16 19:43:24.796 (UTC)] info/application	[Sensor] Updated distance: 29.3319947579093 cm | Severity=75 | SourceName=Sensor3 | EventType=application
[2026-08-16 19:43:25.797 (UTC)] info/application	[Sensor] Updated distance: 29.7820034603504 cm | Severity=75 | SourceName=Sensor3 | EventType=application
[2026-08-16 19:43:26.797 (UTC)] info/application	[Sensor] Updated distance: 30.9592235132396 cm | Severity=75 | SourceName=Sensor3 | EventType=application
[2026-08-16 19:43:27.797 (UTC)] info/application	[Sensor] Updated distance: 31.1515727774946 cm | Severity=75 | SourceName=Sensor3 | EventType=application
[2026-08-16 19:43:28.796 (UTC)] info/application	[Sensor] Updated distance: 31.7608416985072 cm | Severity=75 | SourceName=Sensor3 | EventType=application
[2026-08-16 19:43:29.797 (UTC)] info/application	[Sensor] Updated distance: 32.2170152460304 cm | Severity=75 | SourceName=Sensor3 | EventType=application
[2026-08-16 19:43:30.797 (UTC)] info/application	[Sensor] Updated distance: 31.6526250197332 cm | Severity=75 | SourceName=Sensor3 | EventType=application
[2026-08-16 19:43:31.797 (UTC)] info/application	[Sensor] Updated distance: 31.2676745640429 cm | Severity=75 | SourceName=Sensor3 | EventType=application
[2026-08-16 19:43:32.797 (UTC)] info/application	[Sensor] Updated distance: 29.7716493463477 cm | Severity=75 | SourceName=Sensor3 | EventType=application
[2026-08-16 19:43:33.797 (UTC)] info/application	[Sensor] Updated distance: 29.7084244236855 cm | Severity=75 | SourceName=Sensor3 | EventType=application
[2026-08-16 19:43:34.798 (UTC)] info/application	[Sensor] Updated distance: 28.8823210515 cm | Severity=75 | SourceName=Sensor3 | EventType=application
[2026-08-16 19:43:35.798 (UTC)] info/application	[Sensor] Updated distance: 28.278448107782 cm | Severity=75 | SourceName=Sensor3 | EventType=application
[2026-08-16 19:43:36.799 (UTC)] info/application	[Sensor] Updated distance: 27.4666181932979 cm | Severity=75 | SourceName=Sensor3 | EventType=application
[2026-08-16 19:43:37.799 (UTC)] info/application	[Sensor] Updated distance: 26.2077073758504 cm | Severity=75 | SourceName=Sensor3 | EventType=application
[2026-08-16 19:43:38.799 (UTC)] info/application	[Sensor] Updated distance: 27.2588932559634 cm | Severity=75 | SourceName=Sensor3 | EventType=application
[2026-08-16 19:43:39.790 (UTC)] info/application	[Sensor] Updated distance: 26.7550097828521 cm | Severity=75 | SourceName=Sensor3 | EventType=application
[2026-08-16 19:43:40.790 (UTC)] info/application	[Sensor] Updated distance: 28.1150990815904 cm | Severity=75 | SourceName=Sensor3 | EventType=application
[2026-08-16 19:43:41.790 (UTC)] info/application	[Sensor] Updated distance: 29.3340674789315 cm | Severity=75 | SourceName=Sensor3 | EventType=application
[2026-08-16 19:43:42.791 (UTC)] info/application	[Sensor] Updated distance: 29.4512823382166 cm | Severity=75 | SourceName=Sensor3 | EventType=application
[2026-08-16 19:43:43.791 (UTC)] info/application	[Sensor] Updated distance: 29.5002708958929 cm | Severity=75 | SourceName=Sensor3 | EventType=application
[2026-08-16 19:43:44.791 (UTC)] info/application	[Sensor] Updated distance: 28.7438627538476 cm | Severity=75 | SourceName=Sensor3 | EventType=application
[2026-08-16 19:43:45.791 (UTC)] info/application	[Sensor] Updated distance: 29.1435538368037 cm | Severity=75 | SourceName=Sensor3 | EventType=application
[2026-08-16 19:43:46.791 (UTC)] info/application	[Sensor] Updated distance: 29.9789412019211 cm | Severity=75 | SourceName=Sensor3 | EventType=application
[2026-08-16 19:43:47.790 (UTC)] info/application	[Sensor] Updated distance: 28.7276282220742 cm | Severity=75 | SourceName=Sensor3 | EventType=application
[2026-08-16 19:43:48.790 (UTC)] info/application	[Sensor] Updated distance: 29.6673880848882 cm | Severity=75 | SourceName=Sensor3 | EventType=application
[2026-08-16 19:43:49.790 (UTC)] info/application	[Sensor] Updated distance: 30.7159693067502 cm | Severity=75 | SourceName=Sensor3 | EventType=application
[2026-08-16 19:43:50.790 (UTC)] info/application	[Sensor] Updated distance: 30.839175384184 cm | Severity=75 | SourceName=Sensor3 | EventType=application
[2026-08-16 19:43:51.790 (UTC)] info/application	[Sensor] Updated distance: 31.3051010637102 cm | Severity=75 | SourceName=Sensor3 | EventType=application
[2026-08-16 19:43:52.790 (UTC)] info/application	[Sensor] Updated distance: 30.9344076846886 cm | Severity=75 | SourceName=Sensor3 | EventType=application
[2026-08-16 19:43:53.790 (UTC)] info/application	[Sensor] Updated distance: 31.5759031654223 cm | Severity=75 | SourceName=Sensor3 | EventType=application
[2026-08-16 19:43:54.790 (UTC)] info/application	[Sensor] Updated distance: 31.8656568612743 cm | Severity=75 | SourceName=Sensor3 | EventType=application
[2026-08-16 19:43:55.790 (UTC)] info/application	[Sensor] Updated distance: 30.7773401279828 cm | Severity=75 | SourceName=Sensor3 | EventType=application
[2026-08-16 19:43:56.800 (UTC)] info/application	[Sensor] Updated distance: 30.3688443097607 cm | Severity=75 | SourceName=Sensor3 | EventType=application
[2026-08-16 19:43:57.799 (UTC)] info/application	[Sensor] Updated distance: 30.3358180585018 cm | Severity=75 | SourceName=Sensor3 | EventType=application
[2026-08-16 19:43:58.799 (UTC)] info/application	[Sensor] Updated distance: 30.9398505894653 cm | Severity=75 | SourceName=Sensor3 | EventType=application
[2026-08-16 19:43:59.800 (UTC)] info/application	[Sensor] Updated distance: 29.6406236922558 cm | Severity=75 | SourceName=Sensor3 | EventType=application
[2026-08-16 19:44:00.800 (UTC)] info/application	[Sensor] Updated distance: 28.5637709871231 cm | Severity=75 | SourceName=Sensor3 | EventType=application
[2026-08-16 19:44:01.800 (UTC)] info/application	[Sensor] Updated distance: 27.1034132903923 cm | Severity=75 | SourceName=Sensor3 | EventType=application
[2026-08-16 19:44:02.799 (UTC)] info/application	[Sensor] Updated distance: 26.9192359374926 cm | Severity=75 | SourceName=Sensor3 | EventType=application
[2026-08-16 19:44:03.799 (UTC)] info/application	[Sensor] Updated distance: 25.8463580146648 cm | Severity=75 | SourceName=Sensor3 | EventType=application
[2026-08-16 19:44:04.799 (UTC)] info/application	[Sensor] Updated distance: 25.8227753966687 cm | Severity=75 | SourceName=Sensor3 | EventType=application
[2026-08-16 19:44:05.798 (UTC)] info/application	[Sensor] Updated distance: 26.3124946715834 cm | Severity=75 | SourceName=Sensor3 | EventType=application
[2026-08-16 19:44:06.798 (UTC)] info/application	[Sensor] Updated distance: 26.1357438050377 cm | Severity=75 | SourceName=Sensor3 | EventType=application
[2026-08-16 19:44:07.798 (UTC)] info/application	[Sensor] Updated distance: 26.8003312725575 cm | Severity=75 | SourceName=Sensor3 | EventType=application
[2026-08-16 19:44:08.799 (UTC)] info/application	[Sensor] Updated distance: 27.5311397300247 cm | Severity=75 | SourceName=Sensor3 | EventType=application
[2026-08-16 19:44:09.799 (UTC)] info/application	[Sensor] Updated distance: 26.905574742195 cm | Severity=75 | SourceName=Sensor3 | EventType=application
[2026-08-16 19:44:10.790 (UTC)] info/application	[Sensor] Updated distance: 25.5662787352066 cm | Severity=75 | SourceName=Sensor3 | EventType=application
[2026-08-16 19:44:11.799 (UTC)] info/application	[Sensor] Updated distance: 26.157176490015 cm | Severity=75 | SourceName=Sensor3 | EventType=application
[2026-08-16 19:44:12.799 (UTC)] info/application	[Sensor] Updated distance: 25.2505798981295 cm | Severity=75 | SourceName=Sensor3 | EventType=application
[2026-08-16 19:44:13.790 (UTC)] info/application	[Sensor] Updated distance: 25.5284987518231 cm | Severity=75 | SourceName=Sensor3 | EventType=application
[2026-08-16 19:44:14.790 (UTC)] info/application	[Sensor] Updated distance: 24.6683850629108 cm | Severity=75 | SourceName=Sensor3 | EventType=application
[2026-08-16 19:44:15.790 (UTC)] info/application	[Sensor] Updated distance: 24.50538032898 cm | Severity=75 | SourceName=Sensor3 | EventType=application
[2026-08-16 19:44:16.790 (UTC)] info/application	[Sensor] Updated distance: 23.6829902642327 cm | Severity=75 | SourceName=Sensor3 | EventType=application
[2026-08-16 19:44:17.790 (UTC)] info/application	[Sensor] Updated distance: 25.1582639418348 cm | Severity=75 | SourceName=Sensor3 | EventType=application
[2026-08-16 19:44:18.791 (UTC)] info/application	[Sensor] Updated distance: 25.2439462294541 cm | Severity=75 | SourceName=Sensor3 | EventType=application
[2026-08-16 19:44:19.792 (UTC)] info/application	[Sensor] Updated distance: 23.8613160261239 cm | Severity=75 | SourceName=Sensor3 | EventType=application
[2026-08-16 19:44:20.792 (UTC)] info/application	[Sensor] Updated distance: 24.885170924191 cm | Severity=75 | SourceName=Sensor3 | EventType=application
[2026-08-16 19:44:21.793 (UTC)] info/application	[Sensor] Updated distance: 23.5940592878471 cm | Severity=75 | SourceName=Sensor3 | EventType=application
[2026-08-16 19:44:22.794 (UTC)] info/application	[Sensor] Updated distance: 24.1773547640431 cm | Severity=75 | SourceName=Sensor3 | EventType=application
[2026-08-16 19:44:23.794 (UTC)] info/application	[Sensor] Updated distance: 23.3305162816916 cm | Severity=75 | SourceName=Sensor3 | EventType=application
[2026-08-16 19:44:24.794 (UTC)] info/application	[Sensor] Updated distance: 24.1809001260814 cm | Severity=75 | SourceName=Sensor3 | EventType=application
[2026-08-16 19:44:25.795 (UTC)] info/application	[Sensor] Updated distance: 23.5539492981294 cm | Severity=75 | SourceName=Sensor3 | EventType=application
[2026-08-16 19:44:26.795 (UTC)] info/application	[Sensor] Updated distance: 23.1187940838834 cm | Severity=75 | SourceName=Sensor3 | EventType=application
[2026-08-16 19:44:27.795 (UTC)] info/application	[Sensor] Updated distance: 22.060682108654 cm | Severity=75 | SourceName=Sensor3 | EventType=application
[2026-08-16 19:44:28.796 (UTC)] info/application	[Sensor] Updated distance: 22.9007050294432 cm | Severity=75 | SourceName=Sensor3 | EventType=application
[2026-08-16 19:44:29.796 (UTC)] info/application	[Sensor] Updated distance: 21.5695823447637 cm | Severity=75 | SourceName=Sensor3 | EventType=application
[2026-08-16 19:44:30.796 (UTC)] info/application	[Sensor] Updated distance: 20.7122434723248 cm | Severity=75 | SourceName=Sensor3 | EventType=application
[2026-08-16 19:44:31.796 (UTC)] info/application	[Sensor] Updated distance: 21.9754136879814 cm | Severity=75 | SourceName=Sensor3 | EventType=application
[2026-08-16 19:44:32.796 (UTC)] info/application	[Sensor] Updated distance: 20.6839333079681 cm | Severity=75 | SourceName=Sensor3 | EventType=application
[2026-08-16 19:44:33.796 (UTC)] info/application	[Sensor] Updated distance: 21.1424170826294 cm | Severity=75 | SourceName=Sensor3 | EventType=application
[2026-08-16 19:44:34.797 (UTC)] info/application	[Sensor] Updated distance: 19.8327093740612 cm | Severity=75 | SourceName=Sensor3 | EventType=application
[2026-08-16 19:44:35.798 (UTC)] info/application	[Sensor] Updated distance: 20.0176463760518 cm | Severity=75 | SourceName=Sensor3 | EventType=application
[2026-08-16 19:44:36.798 (UTC)] info/application	[Sensor] Updated distance: 19.4658494256278 cm | Severity=75 | SourceName=Sensor3 | EventType=application
[2026-08-16 19:44:37.798 (UTC)] info/application	[Sensor] Updated distance: 19.4793908505139 cm | Severity=75 | SourceName=Sensor3 | EventType=application
[2026-08-16 19:44:38.798 (UTC)] info/application	[Sensor] Updated distance: 18.8289153186273 cm | Severity=75 | SourceName=Sensor3 | EventType=application
[2026-08-16 19:44:39.799 (UTC)] info/application	[Sensor] Updated distance: 17.5079268242735 cm | Severity=75 | SourceName=Sensor3 | EventType=application
[2026-08-16 19:44:40.799 (UTC)] info/application	[Sensor] Updated distance: 18.3959032613299 cm | Severity=75 | SourceName=Sensor3 | EventType=application
[2026-08-16 19:44:41.800 (UTC)] info/application	[Sensor] Updated distance: 17.906131723852 cm | Severity=75 | SourceName=Sensor3 | EventType=application
[2026-08-16 19:44:42.790 (UTC)] info/application	[Sensor] Updated distance: 18.6760409857035 cm | Severity=75 | SourceName=Sensor3 | EventType=application
[2026-08-16 19:44:43.791 (UTC)] info/application	[Sensor] Updated distance: 20.1574208308744 cm | Severity=75 | SourceName=Sensor3 | EventType=application
[2026-08-16 19:44:44.791 (UTC)] info/application	[Sensor] Updated distance: 21.4455681470901 cm | Severity=75 | SourceName=Sensor3 | EventType=application
[2026-08-16 19:44:45.791 (UTC)] info/application	[Sensor] Updated distance: 22.8553637200293 cm | Severity=75 | SourceName=Sensor3 | EventType=application
[2026-08-16 19:44:46.792 (UTC)] info/application	[Sensor] Updated distance: 22.6737388298725 cm | Severity=75 | SourceName=Sensor3 | EventType=application
[2026-08-16 19:44:47.792 (UTC)] info/application	[Sensor] Updated distance: 21.6394960799439 cm | Severity=75 | SourceName=Sensor3 | EventType=application
[2026-08-16 19:44:48.792 (UTC)] info/application	[Sensor] Updated distance: 23.0245653290882 cm | Severity=75 | SourceName=Sensor3 | EventType=application
[2026-08-16 19:44:49.792 (UTC)] info/application	[Sensor] Updated distance: 24.4286227265506 cm | Severity=75 | SourceName=Sensor3 | EventType=application
[2026-08-16 19:44:50.792 (UTC)] info/application	[Sensor] Updated distance: 23.5117497732918 cm | Severity=75 | SourceName=Sensor3 | EventType=application
[2026-08-16 19:44:51.793 (UTC)] info/application	[Sensor] Updated distance: 24.4206739191062 cm | Severity=75 | SourceName=Sensor3 | EventType=application
[2026-08-16 19:44:52.793 (UTC)] info/application	[Sensor] Updated distance: 23.0336196788278 cm | Severity=75 | SourceName=Sensor3 | EventType=application
[2026-08-16 19:44:53.793 (UTC)] info/application	[Sensor] Updated distance: 24.2000422031619 cm | Severity=75 | SourceName=Sensor3 | EventType=application
[2026-08-16 19:44:54.793 (UTC)] info/application	[Sensor] Updated distance: 22.7621278666249 cm | Severity=75 | SourceName=Sensor3 | EventType=application
[2026-08-16 19:44:55.794 (UTC)] info/application	[Sensor] Updated distance: 23.7254574707362 cm | Severity=75 | SourceName=Sensor3 | EventType=application
[2026-08-16 19:44:56.794 (UTC)] info/application	[Sensor] Updated distance: 22.7649291657214 cm | Severity=75 | SourceName=Sensor3 | EventType=application
[2026-08-16 19:44:57.795 (UTC)] info/application	[Sensor] Updated distance: 22.3918596149384 cm | Severity=75 | SourceName=Sensor3 | EventType=application
[2026-08-16 19:44:58.795 (UTC)] info/application	[Sensor] Updated distance: 23.7970772452173 cm | Severity=75 | SourceName=Sensor3 | EventType=application
[2026-08-16 19:44:59.796 (UTC)] info/application	[Sensor] Updated distance: 25.1765718609917 cm | Severity=75 | SourceName=Sensor3 | EventType=application
[2026-08-16 19:45:00.796 (UTC)] info/application	[Sensor] Updated distance: 24.9723796255292 cm | Severity=75 | SourceName=Sensor3 | EventType=application
[2026-08-16 19:45:01.797 (UTC)] info/application	[Sensor] Updated distance: 24.0202583819722 cm | Severity=75 | SourceName=Sensor3 | EventType=application
[2026-08-16 19:45:02.797 (UTC)] info/application	[Sensor] Updated distance: 25.1629232120062 cm | Severity=75 | SourceName=Sensor3 | EventType=application
[2026-08-16 19:45:03.798 (UTC)] info/application	[Sensor] Updated distance: 25.1672505965304 cm | Severity=75 | SourceName=Sensor3 | EventType=application
[2026-08-16 19:45:04.798 (UTC)] info/application	[Sensor] Updated distance: 26.1736131290317 cm | Severity=75 | SourceName=Sensor3 | EventType=application
[2026-08-16 19:45:05.798 (UTC)] info/application	[Sensor] Updated distance: 27.5065702504975 cm | Severity=75 | SourceName=Sensor3 | EventType=application
[2026-08-16 19:45:06.799 (UTC)] info/application	[Sensor] Updated distance: 26.1958346356153 cm | Severity=75 | SourceName=Sensor3 | EventType=application
[2026-08-16 19:45:07.790 (UTC)] info/application	[Sensor] Updated distance: 25.1504002162956 cm | Severity=75 | SourceName=Sensor3 | EventType=application
[2026-08-16 19:45:08.790 (UTC)] info/application	[Sensor] Updated distance: 24.9968987612505 cm | Severity=75 | SourceName=Sensor3 | EventType=application
[2026-08-16 19:45:09.791 (UTC)] info/application	[Sensor] Updated distance: 24.5356876158787 cm | Severity=75 | SourceName=Sensor3 | EventType=application
[2026-08-16 19:45:10.791 (UTC)] info/application	[Sensor] Updated distance: 23.6692647022052 cm | Severity=75 | SourceName=Sensor3 | EventType=application
[2026-08-16 19:45:11.791 (UTC)] info/application	[Sensor] Updated distance: 22.9037396828196 cm | Severity=75 | SourceName=Sensor3 | EventType=application
[2026-08-16 19:45:12.791 (UTC)] info/application	[Sensor] Updated distance: 23.4527569999698 cm | Severity=75 | SourceName=Sensor3 | EventType=application
[2026-08-16 19:45:13.792 (UTC)] info/application	[Sensor] Updated distance: 24.8562433481478 cm | Severity=75 | SourceName=Sensor3 | EventType=application
[2026-08-16 19:45:14.792 (UTC)] info/application	[Sensor] Updated distance: 24.0720981725362 cm | Severity=75 | SourceName=Sensor3 | EventType=application
[2026-08-16 19:45:15.792 (UTC)] info/application	[Sensor] Updated distance: 24.4092628045051 cm | Severity=75 | SourceName=Sensor3 | EventType=application
[2026-08-16 19:45:16.791 (UTC)] info/application	[Sensor] Updated distance: 25.7225447256223 cm | Severity=75 | SourceName=Sensor3 | EventType=application
[2026-08-16 19:45:17.792 (UTC)] info/application	[Sensor] Updated distance: 26.2567746598538 cm | Severity=75 | SourceName=Sensor3 | EventType=application
[2026-08-16 19:45:18.792 (UTC)] info/application	[Sensor] Updated distance: 27.0596965418941 cm | Severity=75 | SourceName=Sensor3 | EventType=application
[2026-08-16 19:45:19.792 (UTC)] info/application	[Sensor] Updated distance: 28.2580477107587 cm | Severity=75 | SourceName=Sensor3 | EventType=application
[2026-08-16 19:45:20.792 (UTC)] info/application	[Sensor] Updated distance: 28.6963350424526 cm | Severity=75 | SourceName=Sensor3 | EventType=application
[2026-08-16 19:45:21.793 (UTC)] info/application	[Sensor] Updated distance: 30.082383971234 cm | Severity=75 | SourceName=Sensor3 | EventType=application
[2026-08-16 19:45:22.792 (UTC)] info/application	[Sensor] Updated distance: 30.6896592859131 cm | Severity=75 | SourceName=Sensor3 | EventType=application
[2026-08-16 19:45:23.793 (UTC)] info/application	[Sensor] Updated distance: 31.2408923773286 cm | Severity=75 | SourceName=Sensor3 | EventType=application
[2026-08-16 19:45:24.793 (UTC)] info/application	[Sensor] Updated distance: 32.2933638290471 cm | Severity=75 | SourceName=Sensor3 | EventType=application
[2026-08-16 19:45:25.793 (UTC)] info/application	[Sensor] Updated distance: 32.9627248071892 cm | Severity=75 | SourceName=Sensor3 | EventType=application
[2026-08-16 19:45:26.793 (UTC)] info/application	[Sensor] Updated distance: 32.977287502716 cm | Severity=75 | SourceName=Sensor3 | EventType=application
[2026-08-16 19:45:27.793 (UTC)] info/application	[Sensor] Updated distance: 31.5692306480227 cm | Severity=75 | SourceName=Sensor3 | EventType=application
[2026-08-16 19:45:28.793 (UTC)] info/application	[Sensor] Updated distance: 30.3655220739849 cm | Severity=75 | SourceName=Sensor3 | EventType=application
[2026-08-16 19:45:29.794 (UTC)] info/application	[Sensor] Updated distance: 30.2853023983935 cm | Severity=75 | SourceName=Sensor3 | EventType=application
[2026-08-16 19:45:30.794 (UTC)] info/application	[Sensor] Updated distance: 31.7567401594747 cm | Severity=75 | SourceName=Sensor3 | EventType=application
[2026-08-16 19:45:31.795 (UTC)] info/application	[Sensor] Updated distance: 31.8488393499743 cm | Severity=75 | SourceName=Sensor3 | EventType=application
[2026-08-16 19:45:32.795 (UTC)] info/application	[Sensor] Updated distance: 32.316498430826 cm | Severity=75 | SourceName=Sensor3 | EventType=application
[2026-08-16 19:45:33.795 (UTC)] info/application	[Sensor] Updated distance: 33.4306010205441 cm | Severity=75 | SourceName=Sensor3 | EventType=application
[2026-08-16 19:45:34.795 (UTC)] info/application	[Sensor] Updated distance: 32.027027595568 cm | Severity=75 | SourceName=Sensor3 | EventType=application
[2026-08-16 19:45:35.795 (UTC)] info/application	[Sensor] Updated distance: 32.0010492075239 cm | Severity=75 | SourceName=Sensor3 | EventType=application
[2026-08-16 19:45:36.795 (UTC)] info/application	[Sensor] Updated distance: