[2026-08-17 03:40:36.673 (UTC+0800)] [33mwarn/server[0m	AccessControl: Unconfigured AccessControl. Users have all permissions.
[2026-08-17 03:40:36.673 (UTC+0800)] [32minfo/server[0m	AccessControl: Anonymous login is enabled
[2026-08-17 03:40:36.673 (UTC+0800)] [33mwarn/server[0m	x509 Certificate Authentication configured, but no encrypting SecurityPolicy. This can leak credentials on the network.
[2026-08-17 03:40:36.708 (UTC+0800)] [33mwarn/application[0m	ServerUrls already set. Overriding.
[2026-08-17 03:40:36.708 (UTC+0800)] [33mwarn/server[0m	AccessControl: Unconfigured AccessControl. Users have all permissions.
[2026-08-17 03:40:36.708 (UTC+0800)] [32minfo/server[0m	AccessControl: Anonymous login is enabled
[2026-08-17 03:40:36.708 (UTC+0800)] [33mwarn/server[0m	x509 Certificate Authentication configured, but no encrypting SecurityPolicy. This can leak credentials on the network.
[2026-08-17 03:40:36.708 (UTC+0800)] [33mwarn/server[0m	x509 Certificate Authentication configured, but no encrypting SecurityPolicy. This can leak credentials on the network.
[2026-08-16 19:40:36.708 (UTC)] info/application	Sensor Server online (Client/Server mode, id=1 port=4842) | Severity=75 | SourceName=Sensor | EventType=application
Entering background polling mode: attempting to connect to Aggregation Server...
Connected successfully. Log forwarding started.
[2026-08-16 19:40:37.706 (UTC)] info/network	[System] TCP 16	| Connection opened from "127.0.0.1" via the server socket 8 | Severity=75 | SourceName=System | EventType=network
[2026-08-16 19:40:37.706 (UTC)] info/channel	[System] TCP 16	| SC 1	| SecureChannel created | Severity=75 | SourceName=System | EventType=channel
[2026-08-16 19:40:37.716 (UTC)] info/application	[Sensor] Updated distance: 26.2221713423367 cm | Severity=75 | SourceName=Sensor | EventType=application
[2026-08-16 19:40:37.726 (UTC)] info/channel	[System] TCP 16	| SC 1	| OpenSecureChannel: Channel opened with SecurityMode None for SecurityPolicy http://opcfoundation.org/UA/SecurityPolicy#None and a revised lifetime of 600.0s | Severity=75 | SourceName=System | EventType=channel
[2026-08-16 19:40:37.747 (UTC)] warn/client	[System] Removing a UserTokenPolicy that would allow the password to be transmitted without encryption (Can be enabled via config->allowNonePolicyPassword) | Severity=175 | SourceName=System | EventType=client
[2026-08-16 19:40:37.747 (UTC)] warn/client	[System] Removing a UserTokenPolicy that would allow the password to be transmitted without encryption (Can be enabled via config->allowNonePolicyPassword) | Severity=175 | SourceName=System | EventType=client
[2026-08-16 19:40:37.757 (UTC)] warn/client	[System] Removing a UserTokenPolicy that would allow the password to be transmitted without encryption (Can be enabled via config->allowNonePolicyPassword) | Severity=175 | SourceName=System | EventType=client
[2026-08-16 19:40:37.757 (UTC)] warn/client	[System] Removing a UserTokenPolicy that would allow the password to be transmitted without encryption (Can be enabled via config->allowNonePolicyPassword) | Severity=175 | SourceName=System | EventType=client
[2026-08-16 19:40:37.758 (UTC)] info/session	[System] TCP 16	| SC 1	| Session "ns=1;g=05076966-a518-717b-b27b-b7db1651e55e"	| Session created | Severity=75 | SourceName=System | EventType=session
[2026-08-16 19:40:37.769 (UTC)] info/session	[System] TCP 16	| SC 1	| Session "ns=1;g=05076966-a518-717b-b27b-b7db1651e55e"	| ActivateSession: Session activated with ClientUserId "" | Severity=75 | SourceName=System | EventType=session
[2026-08-16 19:40:39.789 (UTC)] info/application	[Sensor] Updated distance: 25.851056297706 cm | Severity=75 | SourceName=Sensor | EventType=application
[2026-08-16 19:40:39.790 (UTC)] info/session	[System] TCP 16	| SC 1	| Session "ns=1;g=05076966-a518-717b-b27b-b7db1651e55e"	| Subscription 1 | Subscription created (Publishing interval 500.0ms, max 1000 notifications per publish) | Severity=75 | SourceName=System | EventType=session
[2026-08-16 19:40:39.790 (UTC)] info/network	[System] TCP 17	| Connection opened from "127.0.0.1" via the server socket 8 | Severity=75 | SourceName=System | EventType=network
[2026-08-16 19:40:39.790 (UTC)] info/channel	[System] TCP 17	| SC 2	| SecureChannel created | Severity=75 | SourceName=System | EventType=channel
[2026-08-16 19:40:39.811 (UTC)] info/channel	[System] TCP 17	| SC 2	| OpenSecureChannel: Channel opened with SecurityMode None for SecurityPolicy http://opcfoundation.org/UA/SecurityPolicy#None and a revised lifetime of 600.0s | Severity=75 | SourceName=System | EventType=channel
[2026-08-16 19:40:39.831 (UTC)] warn/client	[System] Removing a UserTokenPolicy that would allow the password to be transmitted without encryption (Can be enabled via config->allowNonePolicyPassword) | Severity=175 | SourceName=System | EventType=client
[2026-08-16 19:40:39.831 (UTC)] warn/client	[System] Removing a UserTokenPolicy that would allow the password to be transmitted without encryption (Can be enabled via config->allowNonePolicyPassword) | Severity=175 | SourceName=System | EventType=client
[2026-08-16 19:40:39.841 (UTC)] warn/client	[System] Removing a UserTokenPolicy that would allow the password to be transmitted without encryption (Can be enabled via config->allowNonePolicyPassword) | Severity=175 | SourceName=System | EventType=client
[2026-08-16 19:40:39.842 (UTC)] warn/client	[System] Removing a UserTokenPolicy that would allow the password to be transmitted without encryption (Can be enabled via config->allowNonePolicyPassword) | Severity=175 | SourceName=System | EventType=client
[2026-08-16 19:40:39.843 (UTC)] info/session	[System] TCP 17	| SC 2	| Session "ns=1;g=9ba25630-33fc-e687-3823-a20acc8ca88a"	| Session created | Severity=75 | SourceName=System | EventType=session
[2026-08-16 19:40:39.853 (UTC)] info/session	[System] TCP 17	| SC 2	| Session "ns=1;g=9ba25630-33fc-e687-3823-a20acc8ca88a"	| ActivateSession: Session activated with ClientUserId "" | Severity=75 | SourceName=System | EventType=session
[2026-08-16 19:40:40.238 (UTC)] info/session	[System] TCP 17	| SC 2	| Session "ns=1;g=9ba25630-33fc-e687-3823-a20acc8ca88a"	| Subscription 2 | Subscription created (Publishing interval 500.0ms, max 1000 notifications per publish) | Severity=75 | SourceName=System | EventType=session
[2026-08-16 19:40:40.259 (UTC)] info/session	[System] TCP 17	| SC 2	| Session "ns=1;g=9ba25630-33fc-e687-3823-a20acc8ca88a"	| Subscription 2 | MonitoredItem 1 | Created the MonitoredItem (Sampling Interval: 250.0ms, Queue Size: 1) | Severity=75 | SourceName=System | EventType=session
[2026-08-16 19:40:40.795 (UTC)] info/application	[Sensor] Updated distance: 25.489800676233 cm | Severity=75 | SourceName=Sensor | EventType=application
[2026-08-16 19:40:41.794 (UTC)] info/application	[Sensor] Updated distance: 26.7948700575134 cm | Severity=75 | SourceName=Sensor | EventType=application
[2026-08-16 19:40:42.794 (UTC)] info/application	[Sensor] Updated distance: 25.8682243709304 cm | Severity=75 | SourceName=Sensor | EventType=application
[2026-08-16 19:40:43.794 (UTC)] info/application	[Sensor] Updated distance: 26.3675336047856 cm | Severity=75 | SourceName=Sensor | EventType=application
[2026-08-16 19:40:44.794 (UTC)] info/application	[Sensor] Updated distance: 27.1224187634058 cm | Severity=75 | SourceName=Sensor | EventType=application
[2026-08-16 19:40:45.794 (UTC)] info/application	[Sensor] Updated distance: 28.5652523201728 cm | Severity=75 | SourceName=Sensor | EventType=application
[2026-08-16 19:40:46.795 (UTC)] info/application	[Sensor] Updated distance: 29.2357526378407 cm | Severity=75 | SourceName=Sensor | EventType=application
[2026-08-16 19:40:47.795 (UTC)] info/application	[Sensor] Updated distance: 30.6524379438033 cm | Severity=75 | SourceName=Sensor | EventType=application
[2026-08-16 19:40:48.795 (UTC)] info/application	[Sensor] Updated distance: 29.28709718156 cm | Severity=75 | SourceName=Sensor | EventType=application
[2026-08-16 19:40:49.795 (UTC)] info/application	[Sensor] Updated distance: 28.8494108239419 cm | Severity=75 | SourceName=Sensor | EventType=application
[2026-08-16 19:40:50.796 (UTC)] info/application	[Sensor] Updated distance: 27.6823865809396 cm | Severity=75 | SourceName=Sensor | EventType=application
[2026-08-16 19:40:51.796 (UTC)] info/application	[Sensor] Updated distance: 27.5532367003864 cm | Severity=75 | SourceName=Sensor | EventType=application
[2026-08-16 19:40:52.795 (UTC)] info/application	[Sensor] Updated distance: 26.7762776293216 cm | Severity=75 | SourceName=Sensor | EventType=application
[2026-08-16 19:40:53.795 (UTC)] info/application	[Sensor] Updated distance: 28.2230740046236 cm | Severity=75 | SourceName=Sensor | EventType=application
[2026-08-16 19:40:54.796 (UTC)] info/application	[Sensor] Updated distance: 29.3270808587908 cm | Severity=75 | SourceName=Sensor | EventType=application
[2026-08-16 19:40:55.796 (UTC)] info/application	[Sensor] Updated distance: 27.9706081375343 cm | Severity=75 | SourceName=Sensor | EventType=application
[2026-08-16 19:40:56.797 (UTC)] info/application	[Sensor] Updated distance: 29.0530424050768 cm | Severity=75 | SourceName=Sensor | EventType=application
[2026-08-16 19:40:57.797 (UTC)] info/application	[Sensor] Updated distance: 28.7347052305633 cm | Severity=75 | SourceName=Sensor | EventType=application
[2026-08-16 19:40:58.798 (UTC)] info/application	[Sensor] Updated distance: 30.0133100154406 cm | Severity=75 | SourceName=Sensor | EventType=application
[2026-08-16 19:40:59.798 (UTC)] info/application	[Sensor] Updated distance: 28.9503110972933 cm | Severity=75 | SourceName=Sensor | EventType=application
[2026-08-16 19:41:00.799 (UTC)] info/application	[Sensor] Updated distance: 27.4943825448837 cm | Severity=75 | SourceName=Sensor | EventType=application
[2026-08-16 19:41:01.790 (UTC)] info/application	[Sensor] Updated distance: 27.9041537241564 cm | Severity=75 | SourceName=Sensor | EventType=application
[2026-08-16 19:41:02.791 (UTC)] info/application	[Sensor] Updated distance: 27.7152688876797 cm | Severity=75 | SourceName=Sensor | EventType=application
[2026-08-16 19:41:03.791 (UTC)] info/application	[Sensor] Updated distance: 28.0897809905418 cm | Severity=75 | SourceName=Sensor | EventType=application
[2026-08-16 19:41:04.792 (UTC)] info/application	[Sensor] Updated distance: 27.7785722013929 cm | Severity=75 | SourceName=Sensor | EventType=application
[2026-08-16 19:41:05.792 (UTC)] info/application	[Sensor] Updated distance: 26.5276774477808 cm | Severity=75 | SourceName=Sensor | EventType=application
[2026-08-16 19:41:06.793 (UTC)] info/application	[Sensor] Updated distance: 25.4617560533629 cm | Severity=75 | SourceName=Sensor | EventType=application
[2026-08-16 19:41:07.793 (UTC)] info/application	[Sensor] Updated distance: 25.3943080009866 cm | Severity=75 | SourceName=Sensor | EventType=application
[2026-08-16 19:41:08.793 (UTC)] info/application	[Sensor] Updated distance: 26.6003931533081 cm | Severity=75 | SourceName=Sensor | EventType=application
[2026-08-16 19:41:09.794 (UTC)] info/application	[Sensor] Updated distance: 27.2566431012268 cm | Severity=75 | SourceName=Sensor | EventType=application
[2026-08-16 19:41:10.793 (UTC)] info/application	[Sensor] Updated distance: 28.3180800042199 cm | Severity=75 | SourceName=Sensor | EventType=application
[2026-08-16 19:41:11.793 (UTC)] info/application	[Sensor] Updated distance: 27.6629095336715 cm | Severity=75 | SourceName=Sensor | EventType=application
[2026-08-16 19:41:12.793 (UTC)] info/application	[Sensor] Updated distance: 28.1242288614736 cm | Severity=75 | SourceName=Sensor | EventType=application
[2026-08-16 19:41:13.793 (UTC)] info/application	[Sensor] Updated distance: 26.7590200778837 cm | Severity=75 | SourceName=Sensor | EventType=application
[2026-08-16 19:41:14.794 (UTC)] info/application	[Sensor] Updated distance: 28.1031588411905 cm | Severity=75 | SourceName=Sensor | EventType=application
[2026-08-16 19:41:15.794 (UTC)] info/application	[Sensor] Updated distance: 27.8193633262158 cm | Severity=75 | SourceName=Sensor | EventType=application
[2026-08-16 19:41:16.793 (UTC)] info/application	[Sensor] Updated distance: 26.396988097996 cm | Severity=75 | SourceName=Sensor | EventType=application
[2026-08-16 19:41:17.794 (UTC)] info/application	[Sensor] Updated distance: 26.9116271775736 cm | Severity=75 | SourceName=Sensor | EventType=application
[2026-08-16 19:41:18.793 (UTC)] info/application	[Sensor] Updated distance: 26.5445169671646 cm | Severity=75 | SourceName=Sensor | EventType=application
[2026-08-16 19:41:19.793 (UTC)] info/application	[Sensor] Updated distance: 25.2568009780984 cm | Severity=75 | SourceName=Sensor | EventType=application
[2026-08-16 19:41:20.793 (UTC)] info/application	[Sensor] Updated distance: 23.8337536986609 cm | Severity=75 | SourceName=Sensor | EventType=application
[2026-08-16 19:41:21.794 (UTC)] info/application	[Sensor] Updated distance: 23.7996192466466 cm | Severity=75 | SourceName=Sensor | EventType=application
[2026-08-16 19:41:22.794 (UTC)] info/application	[Sensor] Updated distance: 23.8827533770272 cm | Severity=75 | SourceName=Sensor | EventType=application
[2026-08-16 19:41:23.794 (UTC)] info/application	[Sensor] Updated distance: 23.1827470265249 cm | Severity=75 | SourceName=Sensor | EventType=application
[2026-08-16 19:41:24.795 (UTC)] info/application	[Sensor] Updated distance: 23.0954089484156 cm | Severity=75 | SourceName=Sensor | EventType=application
[2026-08-16 19:41:25.795 (UTC)] info/application	[Sensor] Updated distance: 22.7825499315665 cm | Severity=75 | SourceName=Sensor | EventType=application
[2026-08-16 19:41:26.795 (UTC)] info/application	[Sensor] Updated distance: 22.2260708598076 cm | Severity=75 | SourceName=Sensor | EventType=application
[2026-08-16 19:41:27.795 (UTC)] info/application	[Sensor] Updated distance: 21.7211670478439 cm | Severity=75 | SourceName=Sensor | EventType=application
[2026-08-16 19:41:28.796 (UTC)] info/application	[Sensor] Updated distance: 22.5899708564812 cm | Severity=75 | SourceName=Sensor | EventType=application
[2026-08-16 19:41:29.797 (UTC)] info/application	[Sensor] Updated distance: 21.8120965682026 cm | Severity=75 | SourceName=Sensor | EventType=application
[2026-08-16 19:41:30.797 (UTC)] info/application	[Sensor] Updated distance: 21.7441938380917 cm | Severity=75 | SourceName=Sensor | EventType=application
[2026-08-16 19:41:31.797 (UTC)] info/application	[Sensor] Updated distance: 22.6570690957164 cm | Severity=75 | SourceName=Sensor | EventType=application
[2026-08-16 19:41:32.797 (UTC)] info/application	[Sensor] Updated distance: 23.7889659867105 cm | Severity=75 | SourceName=Sensor | EventType=application
[2026-08-16 19:41:33.798 (UTC)] info/application	[Sensor] Updated distance: 25.0321784201228 cm | Severity=75 | SourceName=Sensor | EventType=application
[2026-08-16 19:41:34.799 (UTC)] info/application	[Sensor] Updated distance: 24.8195657792127 cm | Severity=75 | SourceName=Sensor | EventType=application
[2026-08-16 19:41:35.789 (UTC)] info/application	[Sensor] Updated distance: 24.1402538796609 cm | Severity=75 | SourceName=Sensor | EventType=application
[2026-08-16 19:41:36.790 (UTC)] info/application	[Sensor] Updated distance: 25.6325715608581 cm | Severity=75 | SourceName=Sensor | EventType=application
[2026-08-16 19:41:37.790 (UTC)] info/application	[Sensor] Updated distance: 25.85403752553 cm | Severity=75 | SourceName=Sensor | EventType=application
[2026-08-16 19:41:38.790 (UTC)] info/application	[Sensor] Updated distance: 26.6072775736019 cm | Severity=75 | SourceName=Sensor | EventType=application
[2026-08-16 19:41:39.799 (UTC)] info/application	[Sensor] Updated distance: 27.8056804057237 cm | Severity=75 | SourceName=Sensor | EventType=application
[2026-08-16 19:41:40.799 (UTC)] info/application	[Sensor] Updated distance: 27.1833963169173 cm | Severity=75 | SourceName=Sensor | EventType=application
[2026-08-16 19:41:41.799 (UTC)] info/application	[Sensor] Updated distance: 27.4980732679824 cm | Severity=75 | SourceName=Sensor | EventType=application
[2026-08-16 19:41:42.799 (UTC)] info/application	[Sensor] Updated distance: 26.5413056281588 cm | Severity=75 | SourceName=Sensor | EventType=application
[2026-08-16 19:41:43.789 (UTC)] info/application	[Sensor] Updated distance: 27.8803408671545 cm | Severity=75 | SourceName=Sensor | EventType=application
[2026-08-16 19:41:44.789 (UTC)] info/application	[Sensor] Updated distance: 28.3298090346296 cm | Severity=75 | SourceName=Sensor | EventType=application
[2026-08-16 19:41:45.790 (UTC)] info/application	[Sensor] Updated distance: 27.2171801567158 cm | Severity=75 | SourceName=Sensor | EventType=application
[2026-08-16 19:41:46.790 (UTC)] info/application	[Sensor] Updated distance: 26.7724198793398 cm | Severity=75 | SourceName=Sensor | EventType=application
[2026-08-16 19:41:47.790 (UTC)] info/application	[Sensor] Updated distance: 27.2995128185952 cm | Severity=75 | SourceName=Sensor | EventType=application
[2026-08-16 19:41:48.799 (UTC)] info/application	[Sensor] Updated distance: 28.2015230202589 cm | Severity=75 | SourceName=Sensor | EventType=application
[2026-08-16 19:41:49.790 (UTC)] info/application	[Sensor] Updated distance: 28.889652533871 cm | Severity=75 | SourceName=Sensor | EventType=application
[2026-08-16 19:41:50.790 (UTC)] info/application	[Sensor] Updated distance: 29.6290294840601 cm | Severity=75 | SourceName=Sensor | EventType=application
[2026-08-16 19:41:51.790 (UTC)] info/application	[Sensor] Updated distance: 30.6079924062863 cm | Severity=75 | SourceName=Sensor | EventType=application
[2026-08-16 19:41:52.790 (UTC)] info/application	[Sensor] Updated distance: 29.7619874664871 cm | Severity=75 | SourceName=Sensor | EventType=application
[2026-08-16 19:41:53.790 (UTC)] info/application	[Sensor] Updated distance: 29.0844985470569 cm | Severity=75 | SourceName=Sensor | EventType=application
[2026-08-16 19:41:54.790 (UTC)] info/application	[Sensor] Updated distance: 27.8634551173837 cm | Severity=75 | SourceName=Sensor | EventType=application
[2026-08-16 19:41:55.790 (UTC)] info/application	[Sensor] Updated distance: 28.4301120994753 cm | Severity=75 | SourceName=Sensor | EventType=application
[2026-08-16 19:41:56.791 (UTC)] info/application	[Sensor] Updated distance: 28.939764163196 cm | Severity=75 | SourceName=Sensor | EventType=application
[2026-08-16 19:41:57.791 (UTC)] info/application	[Sensor] Updated distance: 28.6622416617639 cm | Severity=75 | SourceName=Sensor | EventType=application
[2026-08-16 19:41:58.791 (UTC)] info/application	[Sensor] Updated distance: 27.2239948304947 cm | Severity=75 | SourceName=Sensor | EventType=application
[2026-08-16 19:41:59.791 (UTC)] info/application	[Sensor] Updated distance: 27.1024507028528 cm | Severity=75 | SourceName=Sensor | EventType=application
[2026-08-16 19:42:00.791 (UTC)] info/application	[Sensor] Updated distance: 27.5470539131421 cm | Severity=75 | SourceName=Sensor | EventType=application
[2026-08-16 19:42:01.791 (UTC)] info/application	[Sensor] Updated distance: 27.540904351762 cm | Severity=75 | SourceName=Sensor | EventType=application
[2026-08-16 19:42:02.791 (UTC)] info/application	[Sensor] Updated distance: 26.8322354803478 cm | Severity=75 | SourceName=Sensor | EventType=application
[2026-08-16 19:42:03.791 (UTC)] info/application	[Sensor] Updated distance: 26.9087355816312 cm | Severity=75 | SourceName=Sensor | EventType=application
[2026-08-16 19:42:04.792 (UTC)] info/application	[Sensor] Updated distance: 26.6457984522664 cm | Severity=75 | SourceName=Sensor | EventType=application
[2026-08-16 19:42:05.792 (UTC)] info/application	[Sensor] Updated distance: 27.224516939942 cm | Severity=75 | SourceName=Sensor | EventType=application
[2026-08-16 19:42:06.791 (UTC)] info/application	[Sensor] Updated distance: 28.1217051416737 cm | Severity=75 | SourceName=Sensor | EventType=application
[2026-08-16 19:42:07.792 (UTC)] info/application	[Sensor] Updated distance: 27.8510856921091 cm | Severity=75 | SourceName=Sensor | EventType=application
[2026-08-16 19:42:08.793 (UTC)] info/application	[Sensor] Updated distance: 27.1512701430597 cm | Severity=75 | SourceName=Sensor | EventType=application
[2026-08-16 19:42:09.794 (UTC)] info/application	[Sensor] Updated distance: 27.3016983928632 cm | Severity=75 | SourceName=Sensor | EventType=application
[2026-08-16 19:42:10.794 (UTC)] info/application	[Sensor] Updated distance: 26.7294817740235 cm | Severity=75 | SourceName=Sensor | EventType=application
[2026-08-16 19:42:11.794 (UTC)] info/application	[Sensor] Updated distance: 26.9073821361677 cm | Severity=75 | SourceName=Sensor | EventType=application
[2026-08-16 19:42:12.795 (UTC)] info/application	[Sensor] Updated distance: 25.8724873356393 cm | Severity=75 | SourceName=Sensor | EventType=application
[2026-08-16 19:42:13.795 (UTC)] info/application	[Sensor] Updated distance: 25.8435030769759 cm | Severity=75 | SourceName=Sensor | EventType=application
[2026-08-16 19:42:14.795 (UTC)] info/application	[Sensor] Updated distance: 25.8604386767188 cm | Severity=75 | SourceName=Sensor | EventType=application
[2026-08-16 19:42:15.795 (UTC)] info/application	[Sensor] Updated distance: 26.7750120436656 cm | Severity=75 | SourceName=Sensor | EventType=application
[2026-08-16 19:42:16.795 (UTC)] info/application	[Sensor] Updated distance: 27.1333989070884 cm | Severity=75 | SourceName=Sensor | EventType=application
[2026-08-16 19:42:17.795 (UTC)] info/application	[Sensor] Updated distance: 28.2055742294553 cm | Severity=75 | SourceName=Sensor | EventType=application
[2026-08-16 19:42:18.795 (UTC)] info/application	[Sensor] Updated distance: 28.1472405342605 cm | Severity=75 | SourceName=Sensor | EventType=application
[2026-08-16 19:42:19.795 (UTC)] info/application	[Sensor] Updated distance: 27.90763759795 cm | Severity=75 | SourceName=Sensor | EventType=application
[2026-08-16 19:42:20.795 (UTC)] info/application	[Sensor] Updated distance: 28.1679424325321 cm | Severity=75 | SourceName=Sensor | EventType=application
[2026-08-16 19:42:21.795 (UTC)] info/application	[Sensor] Updated distance: 27.3489856875264 cm | Severity=75 | SourceName=Sensor | EventType=application
[2026-08-16 19:42:22.795 (UTC)] info/application	[Sensor] Updated distance: 26.5883456720451 cm | Severity=75 | SourceName=Sensor | EventType=application
[2026-08-16 19:42:23.795 (UTC)] info/application	[Sensor] Updated distance: 27.5026455668279 cm | Severity=75 | SourceName=Sensor | EventType=application
[2026-08-16 19:42:24.795 (UTC)] info/application	[Sensor] Updated distance: 27.5061999023921 cm | Severity=75 | SourceName=Sensor | EventType=application
[2026-08-16 19:42:25.795 (UTC)] info/application	[Sensor] Updated distance: 27.0245164572375 cm | Severity=75 | SourceName=Sensor | EventType=application
[2026-08-16 19:42:26.795 (UTC)] info/application	[Sensor] Updated distance: 27.005473332715 cm | Severity=75 | SourceName=Sensor | EventType=application
[2026-08-16 19:42:27.795 (UTC)] info/application	[Sensor] Updated distance: 26.0186797306029 cm | Severity=75 | SourceName=Sensor | EventType=application
[2026-08-16 19:42:28.794 (UTC)] info/application	[Sensor] Updated distance: 26.7594737840162 cm | Severity=75 | SourceName=Sensor | EventType=application
[2026-08-16 19:42:29.794 (UTC)] info/application	[Sensor] Updated distance: 26.8021838282245 cm | Severity=75 | SourceName=Sensor | EventType=application
[2026-08-16 19:42:30.794 (UTC)] info/application	[Sensor] Updated distance: 27.1938460984704 cm | Severity=75 | SourceName=Sensor | EventType=application
[2026-08-16 19:42:31.794 (UTC)] info/application	[Sensor] Updated distance: 26.8792433621731 cm | Severity=75 | SourceName=Sensor | EventType=application
[2026-08-16 19:42:32.794 (UTC)] info/application	[Sensor] Updated distance: 25.4158038436043 cm | Severity=75 | SourceName=Sensor | EventType=application
[2026-08-16 19:42:33.794 (UTC)] info/application	[Sensor] Updated distance: 26.598797242436 cm | Severity=75 | SourceName=Sensor | EventType=application
[2026-08-16 19:42:34.794 (UTC)] info/application	[Sensor] Updated distance: 27.8606946074221 cm | Severity=75 | SourceName=Sensor | EventType=application
[2026-08-16 19:42:35.795 (UTC)] info/application	[Sensor] Updated distance: 27.6343179608855 cm | Severity=75 | SourceName=Sensor | EventType=application
[2026-08-16 19:42:36.794 (UTC)] info/application	[Sensor] Updated distance: 27.8960298459958 cm | Severity=75 | SourceName=Sensor | EventType=application
[2026-08-16 19:42:37.794 (UTC)] info/application	[Sensor] Updated distance: 28.5551154113166 cm | Severity=75 | SourceName=Sensor | EventType=application
[2026-08-16 19:42:38.794 (UTC)] info/application	[Sensor] Updated distance: 29.5581193152154 cm | Severity=75 | SourceName=Sensor | EventType=application
[2026-08-16 19:42:39.794 (UTC)] info/application	[Sensor] Updated distance: 30.6200156512763 cm | Severity=75 | SourceName=Sensor | EventType=application
[2026-08-16 19:42:40.794 (UTC)] info/application	[Sensor] Updated distance: 29.9295294650036 cm | Severity=75 | SourceName=Sensor | EventType=application
[2026-08-16 19:42:41.794 (UTC)] info/application	[Sensor] Updated distance: 28.8603167500628 cm | Severity=75 | SourceName=Sensor | EventType=application
[2026-08-16 19:42:42.794 (UTC)] info/application	[Sensor] Updated distance: 28.6001134468709 cm | Severity=75 | SourceName=Sensor | EventType=application
[2026-08-16 19:42:43.794 (UTC)] info/application	[Sensor] Updated distance: 28.3747324600698 cm | Severity=75 | SourceName=Sensor | EventType=application
[2026-08-16 19:42:44.793 (UTC)] info/application	[Sensor] Updated distance: 28.7765354864656 cm | Severity=75 | SourceName=Sensor | EventType=application
[2026-08-16 19:42:45.793 (UTC)] info/application	[Sensor] Updated distance: 30.0332677830165 cm | Severity=75 | SourceName=Sensor | EventType=application
[2026-08-16 19:42:46.793 (UTC)] info/application	[Sensor] Updated distance: 29.2224601617653 cm | Severity=75 | SourceName=Sensor | EventType=application
[2026-08-16 19:42:47.793 (UTC)] info/application	[Sensor] Updated distance: 28.4826500515838 cm | Severity=75 | SourceName=Sensor | EventType=application
[2026-08-16 19:42:48.793 (UTC)] info/application	[Sensor] Updated distance: 29.3115576705018 cm | Severity=75 | SourceName=Sensor | EventType=application
[2026-08-16 19:42:49.793 (UTC)] info/application	[Sensor] Updated distance: 29.9424163554527 cm | Severity=75 | SourceName=Sensor | EventType=application
[2026-08-16 19:42:50.793 (UTC)] info/application	[Sensor] Updated distance: 30.4630033089607 cm | Severity=75 | SourceName=Sensor | EventType=application
[2026-08-16 19:42:51.793 (UTC)] info/application	[Sensor] Updated distance: 30.0522157610637 cm | Severity=75 | SourceName=Sensor | EventType=application
[2026-08-16 19:42:52.793 (UTC)] info/application	[Sensor] Updated distance: 31.364117701009 cm | Severity=75 | SourceName=Sensor | EventType=application
[2026-08-16 19:42:53.793 (UTC)] info/application	[Sensor] Updated distance: 32.6240646404326 cm | Severity=75 | SourceName=Sensor | EventType=application
[2026-08-16 19:42:54.792 (UTC)] info/application	[Sensor] Updated distance: 31.6275769873185 cm | Severity=75 | SourceName=Sensor | EventType=application
[2026-08-16 19:42:55.792 (UTC)] info/application	[Sensor] Updated distance: 31.4430332614309 cm | Severity=75 | SourceName=Sensor | EventType=application
[2026-08-16 19:42:56.792 (UTC)] info/application	[Sensor] Updated distance: 30.7212967543031 cm | Severity=75 | SourceName=Sensor | EventType=application
[2026-08-16 19:42:57.792 (UTC)] info/application	[Sensor] Updated distance: 31.2057659766664 cm | Severity=75 | SourceName=Sensor | EventType=application
[2026-08-16 19:42:58.792 (UTC)] info/application	[Sensor] Updated distance: 31.5344286486667 cm | Severity=75 | SourceName=Sensor | EventType=application
[2026-08-16 19:42:59.792 (UTC)] info/application	[Sensor] Updated distance: 30.0534861949521 cm | Severity=75 | SourceName=Sensor | EventType=application
[2026-08-16 19:43:00.792 (UTC)] info/application	[Sensor] Updated distance: 29.0806654615238 cm | Severity=75 | SourceName=Sensor | EventType=application
[2026-08-16 19:43:01.791 (UTC)] info/application	[Sensor] Updated distance: 28.30099040377 cm | Severity=75 | SourceName=Sensor | EventType=application
[2026-08-16 19:43:02.791 (UTC)] info/application	[Sensor] Updated distance: 28.0054452137581 cm | Severity=75 | SourceName=Sensor | EventType=application
[2026-08-16 19:43:03.791 (UTC)] info/application	[Sensor] Updated distance: 27.069184961761 cm | Severity=75 | SourceName=Sensor | EventType=application
[2026-08-16 19:43:04.791 (UTC)] info/application	[Sensor] Updated distance: 25.9725033014419 cm | Severity=75 | SourceName=Sensor | EventType=application
[2026-08-16 19:43:05.791 (UTC)] info/application	[Sensor] Updated distance: 25.4388554750191 cm | Severity=75 | SourceName=Sensor | EventType=application
[2026-08-16 19:43:06.791 (UTC)] info/application	[Sensor] Updated distance: 25.7762185764854 cm | Severity=75 | SourceName=Sensor | EventType=application
[2026-08-16 19:43:07.791 (UTC)] info/application	[Sensor] Updated distance: 26.4412488026736 cm | Severity=75 | SourceName=Sensor | EventType=application
[2026-08-16 19:43:08.791 (UTC)] info/application	[Sensor] Updated distance: 25.0666865401746 cm | Severity=75 | SourceName=Sensor | EventType=application
[2026-08-16 19:43:09.791 (UTC)] info/application	[Sensor] Updated distance: 24.9070535455397 cm | Severity=75 | SourceName=Sensor | EventType=application
[2026-08-16 19:43:10.792 (UTC)] info/application	[Sensor] Updated distance: 25.1339801063919 cm | Severity=75 | SourceName=Sensor | EventType=application
[2026-08-16 19:43:11.792 (UTC)] info/application	[Sensor] Updated distance: 24.5689316590172 cm | Severity=75 | SourceName=Sensor | EventType=application
[2026-08-16 19:43:12.793 (UTC)] info/application	[Sensor] Updated distance: 24.8400859494414 cm | Severity=75 | SourceName=Sensor | EventType=application
[2026-08-16 19:43:13.794 (UTC)] info/application	[Sensor] Updated distance: 26.3068092084987 cm | Severity=75 | SourceName=Sensor | EventType=application
[2026-08-16 19:43:14.795 (UTC)] info/application	[Sensor] Updated distance: 27.0163797743229 cm | Severity=75 | SourceName=Sensor | EventType=application
[2026-08-16 19:43:15.795 (UTC)] info/application	[Sensor] Updated distance: 26.1893370897459 cm | Severity=75 | SourceName=Sensor | EventType=application
[2026-08-16 19:43:16.795 (UTC)] info/application	[Sensor] Updated distance: 27.4127926439572 cm | Severity=75 | SourceName=Sensor | EventType=application
[2026-08-16 19:43:17.796 (UTC)] info/application	[Sensor] Updated distance: 28.8115555899271 cm | Severity=75 | SourceName=Sensor | EventType=application
[2026-08-16 19:43:18.796 (UTC)] info/application	[Sensor] Updated distance: 28.7447027951687 cm | Severity=75 | SourceName=Sensor | EventType=application
[2026-08-16 19:43:19.796 (UTC)] info/application	[Sensor] Updated distance: 29.2970659669009 cm | Severity=75 | SourceName=Sensor | EventType=application
[2026-08-16 19:43:20.797 (UTC)] info/application	[Sensor] Updated distance: 29.8266875964248 cm | Severity=75 | SourceName=Sensor | EventType=application
[2026-08-16 19:43:21.797 (UTC)] info/application	[Sensor] Updated distance: 28.7804217551744 cm | Severity=75 | SourceName=Sensor | EventType=application
[2026-08-16 19:43:22.796 (UTC)] info/application	[Sensor] Updated distance: 27.4219973790096 cm | Severity=75 | SourceName=Sensor | EventType=application
[2026-08-16 19:43:23.796 (UTC)] info/application	[Sensor] Updated distance: 27.7635209470817 cm | Severity=75 | SourceName=Sensor | EventType=application
[2026-08-16 19:43:24.796 (UTC)] info/application	[Sensor] Updated distance: 26.477202043858 cm | Severity=75 | SourceName=Sensor | EventType=application
[2026-08-16 19:43:25.796 (UTC)] info/application	[Sensor] Updated distance: 25.6222900145791 cm | Severity=75 | SourceName=Sensor | EventType=application
[2026-08-16 19:43:26.796 (UTC)] info/application	[Sensor] Updated distance: 24.2792698553667 cm | Severity=75 | SourceName=Sensor | EventType=application
[2026-08-16 19:43:27.796 (UTC)] info/application	[Sensor] Updated distance: 23.771214445015 cm | Severity=75 | SourceName=Sensor | EventType=application
[2026-08-16 19:43:28.796 (UTC)] info/application	[Sensor] Updated distance: 24.9007716380995 cm | Severity=75 | SourceName=Sensor | EventType=application
[2026-08-16 19:43:29.797 (UTC)] info/application	[Sensor] Updated distance: 25.3864141508874 cm | Severity=75 | SourceName=Sensor | EventType=application
[2026-08-16 19:43:30.797 (UTC)] info/application	[Sensor] Updated distance: 24.8974162868212 cm | Severity=75 | SourceName=Sensor | EventType=application
[2026-08-16 19:43:31.797 (UTC)] info/application	[Sensor] Updated distance: 23.5541527450802 cm | Severity=75 | SourceName=Sensor | EventType=application
[2026-08-16 19:43:32.798 (UTC)] info/application	[Sensor] Updated distance: 24.7601202001144 cm | Severity=75 | SourceName=Sensor | EventType=application
[2026-08-16 19:43:33.799 (UTC)] info/application	[Sensor] Updated distance: 25.4755771460363 cm | Severity=75 | SourceName=Sensor | EventType=application
[2026-08-16 19:43:34.799 (UTC)] info/application	[Sensor] Updated distance: 24.6960533536952 cm | Severity=75 | SourceName=Sensor | EventType=application
[2026-08-16 19:43:35.799 (UTC)] info/application	[Sensor] Updated distance: 23.3053391484103 cm | Severity=75 | SourceName=Sensor | EventType=application
[2026-08-16 19:43:36.799 (UTC)] info/application	[Sensor] Updated distance: 21.9871482665125 cm | Severity=75 | SourceName=Sensor | EventType=application
[2026-08-16 19:43:37.799 (UTC)] info/application	[Sensor] Updated distance: 23.0449875756376 cm | Severity=75 | SourceName=Sensor | EventType=application
[2026-08-16 19:43:38.800 (UTC)] info/application	[Sensor] Updated distance: 23.819303596541 cm | Severity=75 | SourceName=Sensor | EventType=application
[2026-08-16 19:43:39.790 (UTC)] info/application	[Sensor] Updated distance: 22.6265504535411 cm | Severity=75 | SourceName=Sensor | EventType=application
[2026-08-16 19:43:40.791 (UTC)] info/application	[Sensor] Updated distance: 22.0247567666344 cm | Severity=75 | SourceName=Sensor | EventType=application
[2026-08-16 19:43:41.791 (UTC)] info/application	[Sensor] Updated distance: 21.5259993469929 cm | Severity=75 | SourceName=Sensor | EventType=application
[2026-08-16 19:43:42.791 (UTC)] info/application	[Sensor] Updated distance: 21.2681977566183 cm | Severity=75 | SourceName=Sensor | EventType=application
[2026-08-16 19:43:43.791 (UTC)] info/application	[Sensor] Updated distance: 22.4375583601359 cm | Severity=75 | SourceName=Sensor | EventType=application
[2026-08-16 19:43:44.791 (UTC)] info/application	[Sensor] Updated distance: 21.9055241981547 cm | Severity=75 | SourceName=Sensor | EventType=application
[2026-08-16 19:43:45.791 (UTC)] info/application	[Sensor] Updated distance: 20.8572931722073 cm | Severity=75 | SourceName=Sensor | EventType=application
[2026-08-16 19:43:46.792 (UTC)] info/application	[Sensor] Updated distance: 19.6996110911479 cm | Severity=75 | SourceName=Sensor | EventType=application
[2026-08-16 19:43:47.792 (UTC)] info/application	[Sensor] Updated distance: 18.891032483378 cm | Severity=75 | SourceName=Sensor | EventType=application
[2026-08-16 19:43:48.792 (UTC)] info/application	[Sensor] Updated distance: 17.7415644020036 cm | Severity=75 | SourceName=Sensor | EventType=application
[2026-08-16 19:43:49.792 (UTC)] info/application	[Sensor] Updated distance: 18.0170295261857 cm | Severity=75 | SourceName=Sensor | EventType=application
[2026-08-16 19:43:50.792 (UTC)] info/application	[Sensor] Updated distance: 19.260814090148 cm | Severity=75 | SourceName=Sensor | EventType=application
[2026-08-16 19:43:51.793 (UTC)] info/application	[Sensor] Updated distance: 20.1409676382974 cm | Severity=75 | SourceName=Sensor | EventType=application
[2026-08-16 19:43:52.793 (UTC)] info/application	[Sensor] Updated distance: 20.8701669212292 cm | Severity=75 | SourceName=Sensor | EventType=application
[2026-08-16 19:43:53.793 (UTC)] info/application	[Sensor] Updated distance: 22.2555271090267 cm | Severity=75 | SourceName=Sensor | EventType=application
[2026-08-16 19:43:54.793 (UTC)] info/application	[Sensor] Updated distance: 21.9772042238513 cm | Severity=75 | SourceName=Sensor | EventType=application
[2026-08-16 19:43:55.793 (UTC)] info/application	[Sensor] Updated distance: 22.9200846035592 cm | Severity=75 | SourceName=Sensor | EventType=application
[2026-08-16 19:43:56.794 (UTC)] info/application	[Sensor] Updated distance: 21.9505327606809 cm | Severity=75 | SourceName=Sensor | EventType=application
[2026-08-16 19:43:57.794 (UTC)] info/application	[Sensor] Updated distance: 21.8291897162931 cm | Severity=75 | SourceName=Sensor | EventType=application
[2026-08-16 19:43:58.793 (UTC)] info/application	[Sensor] Updated distance: 20.7640146856494 cm | Severity=75 | SourceName=Sensor | EventType=application
[2026-08-16 19:43:59.794 (UTC)] info/application	[Sensor] Updated distance: 19.4240200358555 cm | Severity=75 | SourceName=Sensor | EventType=application
[2026-08-16 19:44:00.795 (UTC)] info/application	[Sensor] Updated distance: 18.2883195042556 cm | Severity=75 | SourceName=Sensor | EventType=application
[2026-08-16 19:44:01.796 (UTC)] info/application	[Sensor] Updated distance: 18.2341466095457 cm | Severity=75 | SourceName=Sensor | EventType=application
[2026-08-16 19:44:02.796 (UTC)] info/application	[Sensor] Updated distance: 17.0508884180108 cm | Severity=75 | SourceName=Sensor | EventType=application
[2026-08-16 19:44:03.797 (UTC)] info/application	[Sensor] Updated distance: 15.6211553400481 cm | Severity=75 | SourceName=Sensor | EventType=application
[2026-08-16 19:44:04.798 (UTC)] info/application	[Sensor] Updated distance: 14.7824393912602 cm | Severity=75 | SourceName=Sensor | EventType=application
[2026-08-16 19:44:05.798 (UTC)] info/application	[Sensor] Updated distance: 14.3196574073842 cm | Severity=75 | SourceName=Sensor | EventType=application
[2026-08-16 19:44:06.799 (UTC)] info/application	[Sensor] Updated distance: 12.9992101241365 cm | Severity=75 | SourceName=Sensor | EventType=application
[2026-08-16 19:44:07.799 (UTC)] info/application	[Sensor] Updated distance: 12.3423032934509 cm | Severity=75 | SourceName=Sensor | EventType=application
[2026-08-16 19:44:08.799 (UTC)] info/application	[Sensor] Updated distance: 11.4373606187 cm | Severity=75 | SourceName=Sensor | EventType=application
[2026-08-16 19:44:09.799 (UTC)] info/application	[Sensor] Updated distance: 12.3912293563556 cm | Severity=75 | SourceName=Sensor | EventType=application
[2026-08-16 19:44:10.790 (UTC)] info/application	[Sensor] Updated distance: 12.0415693826701 cm | Severity=75 | SourceName=Sensor | EventType=application
[2026-08-16 19:44:11.790 (UTC)] info/application	[Sensor] Updated distance: 12.0348330210125 cm | Severity=75 | SourceName=Sensor | EventType=application
[2026-08-16 19:44:12.790 (UTC)] info/application	[Sensor] Updated distance: 10.9899443390267 cm | Severity=75 | SourceName=Sensor | EventType=application
[2026-08-16 19:44:13.790 (UTC)] info/application	[Sensor] Updated distance: 11.8824827749666 cm | Severity=75 | SourceName=Sensor | EventType=application
[2026-08-16 19:44:14.791 (UTC)] info/application	[Sensor] Updated distance: 11.5451070168265 cm | Severity=75 | SourceName=Sensor | EventType=application
[2026-08-16 19:44:15.791 (UTC)] info/application	[Sensor] Updated distance: 11.4681841728595 cm | Severity=75 | SourceName=Sensor | EventType=application
[2026-08-16 19:44:16.791 (UTC)] info/application	[Sensor] Updated distance: 12.8124915842491 cm | Severity=75 | SourceName=Sensor | EventType=application
[2026-08-16 19:44:17.791 (UTC)] info/application	[Sensor] Updated distance: 12.8174337450496 cm | Severity=75 | SourceName=Sensor | EventType=application
[2026-08-16 19:44:18.791 (UTC)] info/application	[Sensor] Updated distance: 13.4319322933126 cm | Severity=75 | SourceName=Sensor | EventType=application
[2026-08-16 19:44:19.792 (UTC)] info/application	[Sensor] Updated distance: 12.1267716219308 cm | Severity=75 | SourceName=Sensor | EventType=application
[2026-08-16 19:44:20.792 (UTC)] info/application	[Sensor] Updated distance: 10.9071789055165 cm | Severity=75 | SourceName=Sensor | EventType=application
[2026-08-16 19:44:21.793 (UTC)] info/application	[Sensor] Updated distance: 11.2654620177417 cm | Severity=75 | SourceName=Sensor | EventType=application
[2026-08-16 19:44:22.794 (UTC)] info/application	[Sensor] Updated distance: 12.3404548959063 cm | Severity=75 | SourceName=Sensor | EventType=application
[2026-08-16 19:44:23.794 (UTC)] info/application	[Sensor] Updated distance: 13.3500614638208 cm | Severity=75 | SourceName=Sensor | EventType=application
[2026-08-16 19:44:24.795 (UTC)] info/application	[Sensor] Updated distance: 13.5937047624465 cm | Severity=75 | SourceName=Sensor | EventType=application
[2026-08-16 19:44:25.795 (UTC)] info/application	[Sensor] Updated distance: 12.8903747540388 cm | Severity=75 | SourceName=Sensor | EventType=application
[2026-08-16 19:44:26.796 (UTC)] info/application	[Sensor] Updated distance: 13.3428617002642 cm | Severity=75 | SourceName=Sensor | EventType=application
[2026-08-16 19:44:27.796 (UTC)] info/application	[Sensor] Updated distance: 14.1169531574086 cm | Severity=75 | SourceName=Sensor | EventType=application
[2026-08-16 19:44:28.796 (UTC)] info/application	[Sensor] Updated distance: 14.79228010601 cm | Severity=75 | SourceName=Sensor | EventType=application
[2026-08-16 19:44:29.796 (UTC)] info/application	[Sensor] Updated distance: 15.6795920215918 cm | Severity=75 | SourceName=Sensor | EventType=application
[2026-08-16 19:44:30.796 (UTC)] info/application	[Sensor] Updated distance: 16.6136888289422 cm | Severity=75 | SourceName=Sensor | EventType=application
[2026-08-16 19:44:31.797 (UTC)] info/application	[Sensor] Updated distance: 17.6533152459437 cm | Severity=75 | SourceName=Sensor | EventType=application
[2026-08-16 19:44:32.797 (UTC)] info/application	[Sensor] Updated distance: 16.9864542668156 cm | Severity=75 | SourceName=Sensor | EventType=application
[2026-08-16 19:44:33.797 (UTC)] info/application	[Sensor] Updated distance: 18.2372928826312 cm | Severity=75 | SourceName=Sensor | EventType=application
[2026-08-16 19:44:34.797 (UTC)] info/application	[Sensor] Updated distance: 19.34718622167 cm | Severity=75 | SourceName=Sensor | EventType=application
[2026-08-16 19:44:35.798 (UTC)] info/application	[Sensor] Updated distance: 19.341609293754 cm | Severity=75 | SourceName=Sensor | EventType=application
[2026-08-16 19:44:36.798 (UTC)] info/application	[Sensor] Updated distance: 18.6296659256935 cm | Severity=75 | SourceName=Sensor | EventType=application
[2026-08-16 19:44:37.798 (UTC)] info/application	[Sensor] Updated distance: 19.9191119828816 cm | Severity=75 | SourceName=Sensor | EventType=application
[2026-08-16 19:44:38.798 (UTC)] info/application	[Sensor] Updated distance: 20.75662822428 cm | Severity=75 | SourceName=Sensor | EventType=application
[2026-08-16 19:44:39.799 (UTC)] info/application	[Sensor] Updated distance: 20.6397421814686 cm | Severity=75 | SourceName=Sensor | EventType=application
[2026-08-16 19:44:40.799 (UTC)] info/application	[Sensor] Updated distance: 21.3830569749153 cm | Severity=75 | SourceName=Sensor | EventType=application
[2026-08-16 19:44:41.790 (UTC)] info/application	[Sensor] Updated distance: 20.3709132426283 cm | Severity=75 | SourceName=Sensor | EventType=application
[2026-08-16 19:44:42.790 (UTC)] info/application	[Sensor] Updated distance: 21.7472908381593 cm | Severity=75 | SourceName=Sensor | EventType=application
[2026-08-16 19:44:43.791 (UTC)] info/application	[Sensor] Updated distance: 22.9457169496201 cm | Severity=75 | SourceName=Sensor | EventType=application
[2026-08-16 19:44:44.791 (UTC)] info/application	[Sensor] Updated distance: 24.326111653273 cm | Severity=75 | SourceName=Sensor | EventType=application
[2026-08-16 19:44:45.791 (UTC)] info/application	[Sensor] Updated distance: 23.865113489267 cm | Severity=75 | SourceName=Sensor | EventType=application
[2026-08-16 19:44:46.792 (UTC)] info/application	[Sensor] Updated distance: 23.4866167567608 cm | Severity=75 | SourceName=Sensor | EventType=application
[2026-08-16 19:44:47.792 (UTC)] info/application	[Sensor] Updated distance: 24.7113188704063 cm | Severity=75 | SourceName=Sensor | EventType=application
[2026-08-16 19:44:48.792 (UTC)] info/application	[Sensor] Updated distance: 25.7552628672008 cm | Severity=75 | SourceName=Sensor | EventType=application
[2026-08-16 19:44:49.792 (UTC)] info/application	[Sensor] Updated distance: 24.4912646815606 cm | Severity=75 | SourceName=Sensor | EventType=application
[2026-08-16 19:44:50.792 (UTC)] info/application	[Sensor] Updated distance: 25.9108061252212 cm | Severity=75 | SourceName=Sensor | EventType=application
[2026-08-16 19:44:51.792 (UTC)] info/application	[Sensor] Updated distance: 27.2351574069984 cm | Severity=75 | SourceName=Sensor | EventType=application
[2026-08-16 19:44:52.792 (UTC)] info/application	[Sensor] Updated distance: 27.8294423335834 cm | Severity=75 | SourceName=Sensor | EventType=application
[2026-08-16 19:44:53.792 (UTC)] info/application	[Sensor] Updated distance: 28.8239766540117 cm | Severity=75 | SourceName=Sensor | EventType=application
[2026-08-16 19:44:54.792 (UTC)] info/application	[Sensor] Updated distance: 29.6579345023063 cm | Severity=75 | SourceName=Sensor | EventType=application
[2026-08-16 19:44:55.792 (UTC)] info/application	[Sensor] Updated distance: 28.9958627275172 cm | Severity=75 | SourceName=Sensor | EventType=application
[2026-08-16 19:44:56.792 (UTC)] info/application	[Sensor] Updated distance: 27.7870670381407 cm | Severity=75 | SourceName=Sensor | EventType=application
[2026-08-16 19:44:57.792 (UTC)] info/application	[Sensor] Updated distance: 27.5735118312638 cm | Severity=75 | SourceName=Sensor | EventType=application
[2026-08-16 19:44:58.792 (UTC)] info/application	[Sensor] Updated distance: 26.185531512222 cm | Severity=75 | SourceName=Sensor | EventType=application
[2026-08-16 19:44:59.792 (UTC)] info/application	[Sensor] Updated distance: 27.152062771447 cm | Severity=75 | SourceName=Sensor | EventType=application
[2026-08-16 19:45:00.793 (UTC)] info/application	[Sensor] Updated distance: 26.3258194801518 cm | Severity=75 | SourceName=Sensor | EventType=application
[2026-08-16 19:45:01.793 (UTC)] info/application	[Sensor] Updated distance: 27.3719359684605 cm | Severity=75 | SourceName=Sensor | EventType=application
[2026-08-16 19:45:02.793 (UTC)] info/application	[Sensor] Updated distance: 27.87809364329 cm | Severity=75 | SourceName=Sensor | EventType=application
[2026-08-16 19:45:03.793 (UTC)] info/application	[Sensor] Updated distance: 27.8849893728667 cm | Severity=75 | SourceName=Sensor | EventType=application
[2026-08-16 19:45:04.793 (UTC)] info/application	[Sensor] Updated distance: 28.6819444755939 cm | Severity=75 | SourceName=Sensor | EventType=application
[2026-08-16 19:45:05.793 (UTC)] info/application	[Sensor] Updated distance: 28.7979954894623 cm | Severity=75 | SourceName=Sensor | EventType=application
[2026-08-16 19:45:06.793 (UTC)] info/application	[Sensor] Updated distance: 27.299314289726 cm | Severity=75 | SourceName=Sensor | EventType=application
[2026-08-16 19:45:07.793 (UTC)] info/application	[Sensor] Updated distance: 25.8843260229958 cm | Severity=75 | SourceName=Sensor | EventType=application
[2026-08-16 19:45:08.793 (UTC)] info/application	[Sensor] Updated distance: 25.7898230926552 cm | Severity=75 | SourceName=Sensor | EventType=application
[2026-08-16 19:45:09.793 (UTC)] info/application	[Sensor] Updated distance: 26.6286581343173 cm | Severity=75 | SourceName=Sensor | EventType=application
[2026-08-16 19:45:10.793 (UTC)] info/application	[Sensor] Updated distance: 26.5967838247757 cm | Severity=75 | SourceName=Sensor | EventType=application
[2026-08-16 19:45:11.792 (UTC)] info/application	[Sensor] Updated distance: 25.7455956864849 cm | Severity=75 | SourceName=Sensor | EventType=application
[2026-08-16 19:45:12.792 (UTC)] info/application	[Sensor] Updated distance: 27.0722869958599 cm | Severity=75 | SourceName=Sensor | EventType=application
[2026-08-16 19:45:13.792 (UTC)] info/application	[Sensor] Updated distance: 26.9167902818493 cm | Severity=75 | SourceName=Sensor | EventType=application
[2026-08-16 19:45:14.791 (UTC)] info/application	[Sensor] Updated distance: 25.7640282550193 cm | Severity=75 | SourceName=Sensor | EventType=application
[2026-08-16 19:45:15.791 (UTC)] info/application	[Sensor] Updated distance: 26.9711142680473 cm | Severity=75 | SourceName=Sensor | EventType=application
[2026-08-16 19:45:16.791 (UTC)] info/application	[Sensor] Updated distance: 27.8546193900307 cm | Severity=75 | SourceName=Sensor | EventType=application
[2026-08-16 19:45:17.792 (UTC)] info/application	[Sensor] Updated distance: 27.8233606306945 cm | Severity=75 | SourceName=Sensor | EventType=application
[2026-08-16 19:45:18.793 (UTC)] info/application	[Sensor] Updated distance: 28.7551487559709 cm | Severity=75 | SourceName=Sensor | EventType=application
[2026-08-16 19:45:19.792 (UTC)] info/application	[Sensor] Updated distance: 29.1825978747488 cm | Severity=75 | SourceName=Sensor | EventType=application
[2026-08-16 19:45:20.793 (UTC)] info/application	[Sensor] Updated distance: 29.3873409297724 cm | Severity=75 | SourceName=Sensor | EventType=application
[2026-08-16 19:45:21.793 (UTC)] info/application	[Sensor] Updated distance: 30.2386704973125 cm | Severity=75 | SourceName=Sensor | EventType=application
[2026-08-16 19:45:22.793 (UTC)] info/application	[Sensor] Updated distance: 30.4904708964706 cm | Severity=75 | SourceName=Sensor | EventType=application
[2026-08-16 19:45:23.793 (UTC)] info/application	[Sensor] Updated distance: 29.7894988780792 cm | Severity=75 | SourceName=Sensor | EventType=application
[2026-08-16 19:45:24.793 (UTC)] info/application	[Sensor] Updated distance: 30.1353627646506 cm | Severity=75 | SourceName=Sensor | EventType=application
[2026-08-16 19:45:25.793 (UTC)] info/application	[Sensor] Updated distance: 29.7211210107063 cm | Severity=75 | SourceName=Sensor | EventType=application
[2026-08-16 19:45:26.793 (UTC)] info/application	[Sensor] Updated distance: 29.8580772175258 cm | Severity=75 | SourceName=Sensor | EventType=application
[2026-08-16 19:45:27.793 (UTC)] info/application	[Sensor] Updated distance: 30.4951454161178 cm | Severity=75 | SourceName=Sensor | EventType=application
[2026-08-16 19:45:28.793 (UTC)] info/application	[Sensor] Updated distance: 31.3673484552965 cm | Severity=75 | SourceName=Sensor | EventType=application
[2026-08-16 19:45:29.794 (UTC)] info/application	[Sensor] Updated distance: 31.6163243430742 cm | Severity=75 | SourceName=Sensor | EventType=application
[2026-08-16 19:45:30.794 (UTC)] info/application	[Sensor] Updated distance: 31.7199237994942 cm | Severity=75 | SourceName=Sensor | EventType=application
[2026-08-16 19:45:31.795 (UTC)] info/application	[Sensor] Updated distance: 30.2658835459807 cm | Severity=75 | SourceName=Sensor | EventType=application
[2026-08-16 19:45:32.795 (UTC)] info/application	[Sensor] Updated distance: 30.0609759206702 cm | Severity=75 | SourceName=Sensor | EventType=application
[2026-08-16 19:45:33.795 (UTC)] info/application	[Sensor] Updated distance: 29.1707330519197 cm | Severity=75 | SourceName=Sensor | EventType=application
[2026-08-16 19:45:34.796 (UTC)] info/application	[Sensor] Updated distance: 29.2235885279828 cm | Severity=75 | SourceName=Sensor | EventType=application
[2026-08-16 19:45:35.796 (UTC)] info/application	[Sensor] Updated distance: 28.3156360040026 cm | Severity=75 | SourceName=Sensor | EventType=application
[2026-08-16 19:45:36.796 (UTC)] info/application	[Sensor] Updated distance: 29.0414441491204 cm | Severity=75 | SourceName=Sensor | EventType=application
[2026-08-16 19:45:37.797 (UTC)] info/application	[Sensor] Updated distance: 29.0956184254473 cm | Severity=75 | SourceName=Sensor | EventType=application
[2026-08-16 19:45:38.797 (UTC)] info/application	[Sensor] Updated distance: 28.2726776361338 cm | Severity=75 | SourceName=Sensor | EventType=application
[2026-08-16 19:45:39.797 (UTC)] info/application	[Sensor] Updated distance: 27.4039828495141 cm | Severity=75 | SourceName=Sensor | EventType=application
[2026-08-16 19:45:40.797 (UTC)] info/application	[Sensor] Updated distance: 26.7969921675031 cm | Severity=75 | SourceName=Sensor | EventType=application
[2026-08-16 19:45:41.797 (UTC)] info/application	[Sensor] Updated distance: 27.442177068648 cm | Severity=75 | SourceName=Sensor | EventType=application
[2026-08-16 19:45:42.797 (UTC)] info/application	[Sensor] Updated distance: 27.2222941437374 cm | Severity=75 | SourceName=Sensor | EventType=application
[2026-08-16 19:45:43.797 (UTC)] info/application	[Sensor] Updated distance: 26.4419947697045 cm | Severity=75 | SourceName=Sensor | EventType=application
[2026-08-16 19:45:44.797 (UTC)] info/application	[Sensor] Updated distance: 25.4316829554418 cm | Severity=75 | SourceName=Sensor | EventType=application
[2026-08-16 19:45:45.797 (UTC)] info/application	[Sensor] Updated distance: 25.5590380037013 cm | Severity=75 | SourceName=Sensor | EventType=application
[2026-08-16 19:45:46.797 (UTC)] info/application	[Sensor] Updated distance: 24.4858246412993 cm | Severity=75 | SourceName=Sensor | EventType=application
[2026-08-16 19:45:47.796 (UTC)] info/application	[Sensor] Updated distance: 25.859017950417 cm | Severity=75 | SourceName=Sensor | EventType=application
[2026-08-16 19:45:48.796 (UTC)] info/application	[Sensor] Updated distance: 24.4551142379432 cm | Severity=75 | SourceName=Sensor | EventType=application
[2026-08-16 19:45:49.796 (UTC)] info/application	[Sensor] Updated distance: 25.8136890022148 cm | Severity=75 | SourceName=Sensor | EventType=applic