[2026-08-17 02:25:27.560 (UTC+0800)] [33mwarn/server[0m	AccessControl: Unconfigured AccessControl. Users have all permissions.
[2026-08-17 02:25:27.561 (UTC+0800)] [32minfo/server[0m	AccessControl: Anonymous login is enabled
[2026-08-17 02:25:27.561 (UTC+0800)] [33mwarn/server[0m	x509 Certificate Authentication configured, but no encrypting SecurityPolicy. This can leak credentials on the network.
[2026-08-17 02:25:27.596 (UTC+0800)] [33mwarn/application[0m	ServerUrls already set. Overriding.
[2026-08-17 02:25:27.596 (UTC+0800)] [33mwarn/server[0m	AccessControl: Unconfigured AccessControl. Users have all permissions.
[2026-08-17 02:25:27.596 (UTC+0800)] [32minfo/server[0m	AccessControl: Anonymous login is enabled
[2026-08-17 02:25:27.596 (UTC+0800)] [33mwarn/server[0m	x509 Certificate Authentication configured, but no encrypting SecurityPolicy. This can leak credentials on the network.
[2026-08-17 02:25:27.596 (UTC+0800)] [33mwarn/server[0m	x509 Certificate Authentication configured, but no encrypting SecurityPolicy. This can leak credentials on the network.
[2026-08-16 18:25:27.596 (UTC)] info/application	Sensor Server online (Client/Server mode, id=2 port=4843) | Severity=75 | SourceName=Sensor2 | EventType=application
Entering background polling mode: attempting to connect to Aggregation Server...
Connected successfully. Log forwarding started.
[2026-08-16 18:25:28.603 (UTC)] info/application	[Sensor] Updated distance: 24.9466961107434 cm | Severity=75 | SourceName=Sensor2 | EventType=application
[2026-08-16 18:25:29.574 (UTC)] info/network	[System] TCP 16	| Connection opened from "127.0.0.1" via the server socket 8 | Severity=75 | SourceName=System | EventType=network
[2026-08-16 18:25:29.574 (UTC)] info/channel	[System] TCP 16	| SC 1	| SecureChannel created | Severity=75 | SourceName=System | EventType=channel
[2026-08-16 18:25:30.687 (UTC)] info/application	[Sensor] Updated distance: 24.8307143034556 cm | Severity=75 | SourceName=Sensor2 | EventType=application
[2026-08-16 18:25:30.707 (UTC)] info/channel	[System] TCP 16	| SC 1	| OpenSecureChannel: Channel opened with SecurityMode None for SecurityPolicy http://opcfoundation.org/UA/SecurityPolicy#None and a revised lifetime of 600.0s | Severity=75 | SourceName=System | EventType=channel
[2026-08-16 18:25:30.728 (UTC)] warn/client	[System] Removing a UserTokenPolicy that would allow the password to be transmitted without encryption (Can be enabled via config->allowNonePolicyPassword) | Severity=175 | SourceName=System | EventType=client
[2026-08-16 18:25:30.728 (UTC)] warn/client	[System] Removing a UserTokenPolicy that would allow the password to be transmitted without encryption (Can be enabled via config->allowNonePolicyPassword) | Severity=175 | SourceName=System | EventType=client
[2026-08-16 18:25:30.738 (UTC)] warn/client	[System] Removing a UserTokenPolicy that would allow the password to be transmitted without encryption (Can be enabled via config->allowNonePolicyPassword) | Severity=175 | SourceName=System | EventType=client
[2026-08-16 18:25:30.738 (UTC)] warn/client	[System] Removing a UserTokenPolicy that would allow the password to be transmitted without encryption (Can be enabled via config->allowNonePolicyPassword) | Severity=175 | SourceName=System | EventType=client
[2026-08-16 18:25:30.738 (UTC)] info/session	[System] TCP 16	| SC 1	| Session "ns=1;g=f55616fb-9c12-1262-da7d-37b39a59b5eb"	| Session created | Severity=75 | SourceName=System | EventType=session
[2026-08-16 18:25:30.749 (UTC)] info/session	[System] TCP 16	| SC 1	| Session "ns=1;g=f55616fb-9c12-1262-da7d-37b39a59b5eb"	| ActivateSession: Session activated with ClientUserId "" | Severity=75 | SourceName=System | EventType=session
[2026-08-16 18:25:31.134 (UTC)] info/session	[System] TCP 16	| SC 1	| Session "ns=1;g=f55616fb-9c12-1262-da7d-37b39a59b5eb"	| Subscription 1 | Subscription created (Publishing interval 500.0ms, max 1000 notifications per publish) | Severity=75 | SourceName=System | EventType=session
[2026-08-16 18:25:31.154 (UTC)] info/session	[System] TCP 16	| SC 1	| Session "ns=1;g=f55616fb-9c12-1262-da7d-37b39a59b5eb"	| Subscription 1 | MonitoredItem 1 | Created the MonitoredItem (Sampling Interval: 250.0ms, Queue Size: 1) | Severity=75 | SourceName=System | EventType=session
[2026-08-16 18:25:31.690 (UTC)] info/application	[Sensor] Updated distance: 24.5496761398621 cm | Severity=75 | SourceName=Sensor2 | EventType=application
[2026-08-16 18:25:32.570 (UTC)] info/network	[System] TCP 17	| Connection opened from "127.0.0.1" via the server socket 8 | Severity=75 | SourceName=System | EventType=network
[2026-08-16 18:25:32.570 (UTC)] info/channel	[System] TCP 17	| SC 2	| SecureChannel created | Severity=75 | SourceName=System | EventType=channel
[2026-08-16 18:25:32.591 (UTC)] info/channel	[System] TCP 17	| SC 2	| OpenSecureChannel: Channel opened with SecurityMode None for SecurityPolicy http://opcfoundation.org/UA/SecurityPolicy#None and a revised lifetime of 600.0s | Severity=75 | SourceName=System | EventType=channel
[2026-08-16 18:25:32.611 (UTC)] warn/client	[System] Removing a UserTokenPolicy that would allow the password to be transmitted without encryption (Can be enabled via config->allowNonePolicyPassword) | Severity=175 | SourceName=System | EventType=client
[2026-08-16 18:25:32.611 (UTC)] warn/client	[System] Removing a UserTokenPolicy that would allow the password to be transmitted without encryption (Can be enabled via config->allowNonePolicyPassword) | Severity=175 | SourceName=System | EventType=client
[2026-08-16 18:25:32.622 (UTC)] warn/client	[System] Removing a UserTokenPolicy that would allow the password to be transmitted without encryption (Can be enabled via config->allowNonePolicyPassword) | Severity=175 | SourceName=System | EventType=client
[2026-08-16 18:25:32.622 (UTC)] warn/client	[System] Removing a UserTokenPolicy that would allow the password to be transmitted without encryption (Can be enabled via config->allowNonePolicyPassword) | Severity=175 | SourceName=System | EventType=client
[2026-08-16 18:25:32.622 (UTC)] info/session	[System] TCP 17	| SC 2	| Session "ns=1;g=ba53c3ca-e7ec-59de-5865-9629ac7a67c6"	| Session created | Severity=75 | SourceName=System | EventType=session
[2026-08-16 18:25:32.633 (UTC)] info/session	[System] TCP 17	| SC 2	| Session "ns=1;g=ba53c3ca-e7ec-59de-5865-9629ac7a67c6"	| ActivateSession: Session activated with ClientUserId "" | Severity=75 | SourceName=System | EventType=session
[2026-08-16 18:25:32.694 (UTC)] info/application	[Sensor] Updated distance: 24.5611853555595 cm | Severity=75 | SourceName=Sensor2 | EventType=application
[2026-08-16 18:25:33.694 (UTC)] info/application	[Sensor] Updated distance: 25.2389399827174 cm | Severity=75 | SourceName=Sensor2 | EventType=application
[2026-08-16 18:25:34.694 (UTC)] info/application	[Sensor] Updated distance: 24.2640408935324 cm | Severity=75 | SourceName=Sensor2 | EventType=application
[2026-08-16 18:25:35.694 (UTC)] info/application	[Sensor] Updated distance: 25.2628444469361 cm | Severity=75 | SourceName=Sensor2 | EventType=application
[2026-08-16 18:25:36.694 (UTC)] info/application	[Sensor] Updated distance: 25.2938472047885 cm | Severity=75 | SourceName=Sensor2 | EventType=application
[2026-08-16 18:25:37.695 (UTC)] info/application	[Sensor] Updated distance: 25.1785146038414 cm | Severity=75 | SourceName=Sensor2 | EventType=application
[2026-08-16 18:25:38.695 (UTC)] info/application	[Sensor] Updated distance: 25.8141354251719 cm | Severity=75 | SourceName=Sensor2 | EventType=application
[2026-08-16 18:25:39.695 (UTC)] info/application	[Sensor] Updated distance: 26.809973904076 cm | Severity=75 | SourceName=Sensor2 | EventType=application
[2026-08-16 18:25:40.696 (UTC)] info/application	[Sensor] Updated distance: 28.1786685144429 cm | Severity=75 | SourceName=Sensor2 | EventType=application
[2026-08-16 18:25:41.696 (UTC)] info/application	[Sensor] Updated distance: 28.4841743823999 cm | Severity=75 | SourceName=Sensor2 | EventType=application
[2026-08-16 18:25:42.696 (UTC)] info/application	[Sensor] Updated distance: 27.0661989758099 cm | Severity=75 | SourceName=Sensor2 | EventType=application
[2026-08-16 18:25:43.697 (UTC)] info/application	[Sensor] Updated distance: 27.5735558062203 cm | Severity=75 | SourceName=Sensor2 | EventType=application
[2026-08-16 18:25:44.696 (UTC)] info/application	[Sensor] Updated distance: 27.2476338559052 cm | Severity=75 | SourceName=Sensor2 | EventType=application
[2026-08-16 18:25:45.696 (UTC)] info/application	[Sensor] Updated distance: 26.3906885543329 cm | Severity=75 | SourceName=Sensor2 | EventType=application
[2026-08-16 18:25:46.687 (UTC)] info/application	[Sensor] Updated distance: 25.7299102664599 cm | Severity=75 | SourceName=Sensor2 | EventType=application
[2026-08-16 18:25:47.687 (UTC)] info/application	[Sensor] Updated distance: 27.0999404241331 cm | Severity=75 | SourceName=Sensor2 | EventType=application
[2026-08-16 18:25:48.687 (UTC)] info/application	[Sensor] Updated distance: 26.8222576523303 cm | Severity=75 | SourceName=Sensor2 | EventType=application
[2026-08-16 18:25:49.688 (UTC)] info/application	[Sensor] Updated distance: 26.1716497673987 cm | Severity=75 | SourceName=Sensor2 | EventType=application
[2026-08-16 18:25:50.689 (UTC)] info/application	[Sensor] Updated distance: 26.0155238770021 cm | Severity=75 | SourceName=Sensor2 | EventType=application
[2026-08-16 18:25:51.689 (UTC)] info/application	[Sensor] Updated distance: 25.5244799079488 cm | Severity=75 | SourceName=Sensor2 | EventType=application
[2026-08-16 18:25:52.689 (UTC)] info/application	[Sensor] Updated distance: 26.3795495840626 cm | Severity=75 | SourceName=Sensor2 | EventType=application
[2026-08-16 18:25:53.689 (UTC)] info/application	[Sensor] Updated distance: 26.0277887282557 cm | Severity=75 | SourceName=Sensor2 | EventType=application
[2026-08-16 18:25:54.689 (UTC)] info/application	[Sensor] Updated distance: 25.6560021325275 cm | Severity=75 | SourceName=Sensor2 | EventType=application
[2026-08-16 18:25:55.689 (UTC)] info/application	[Sensor] Updated distance: 25.1905929346991 cm | Severity=75 | SourceName=Sensor2 | EventType=application
[2026-08-16 18:25:56.689 (UTC)] info/application	[Sensor] Updated distance: 24.8534595043647 cm | Severity=75 | SourceName=Sensor2 | EventType=application
[2026-08-16 18:25:57.690 (UTC)] info/application	[Sensor] Updated distance: 25.0581234775289 cm | Severity=75 | SourceName=Sensor2 | EventType=application
[2026-08-16 18:25:58.690 (UTC)] info/application	[Sensor] Updated distance: 24.5432095106427 cm | Severity=75 | SourceName=Sensor2 | EventType=application
[2026-08-16 18:25:59.690 (UTC)] info/application	[Sensor] Updated distance: 23.9007531844083 cm | Severity=75 | SourceName=Sensor2 | EventType=application
[2026-08-16 18:26:00.691 (UTC)] info/application	[Sensor] Updated distance: 24.5521132697128 cm | Severity=75 | SourceName=Sensor2 | EventType=application
[2026-08-16 18:26:01.691 (UTC)] info/application	[Sensor] Updated distance: 25.4212174955389 cm | Severity=75 | SourceName=Sensor2 | EventType=application
[2026-08-16 18:26:02.691 (UTC)] info/application	[Sensor] Updated distance: 25.997723005711 cm | Severity=75 | SourceName=Sensor2 | EventType=application
[2026-08-16 18:26:03.691 (UTC)] info/application	[Sensor] Updated distance: 25.1605923053159 cm | Severity=75 | SourceName=Sensor2 | EventType=application
[2026-08-16 18:26:04.692 (UTC)] info/application	[Sensor] Updated distance: 25.2074511569028 cm | Severity=75 | SourceName=Sensor2 | EventType=application
[2026-08-16 18:26:05.691 (UTC)] info/application	[Sensor] Updated distance: 26.3090575778899 cm | Severity=75 | SourceName=Sensor2 | EventType=application
[2026-08-16 18:26:06.691 (UTC)] info/application	[Sensor] Updated distance: 24.9707304295016 cm | Severity=75 | SourceName=Sensor2 | EventType=application
[2026-08-16 18:26:07.691 (UTC)] info/application	[Sensor] Updated distance: 23.5485920375439 cm | Severity=75 | SourceName=Sensor2 | EventType=application
[2026-08-16 18:26:08.691 (UTC)] info/application	[Sensor] Updated distance: 23.0348658561869 cm | Severity=75 | SourceName=Sensor2 | EventType=application
[2026-08-16 18:26:09.691 (UTC)] info/application	[Sensor] Updated distance: 23.8321595291291 cm | Severity=75 | SourceName=Sensor2 | EventType=application
[2026-08-16 18:26:10.691 (UTC)] info/application	[Sensor] Updated distance: 24.9058596160756 cm | Severity=75 | SourceName=Sensor2 | EventType=application
[2026-08-16 18:26:11.691 (UTC)] info/application	[Sensor] Updated distance: 24.2608280450855 cm | Severity=75 | SourceName=Sensor2 | EventType=application
[2026-08-16 18:26:12.691 (UTC)] info/application	[Sensor] Updated distance: 23.8636275859846 cm | Severity=75 | SourceName=Sensor2 | EventType=application
[2026-08-16 18:26:13.691 (UTC)] info/application	[Sensor] Updated distance: 25.0193522677381 cm | Severity=75 | SourceName=Sensor2 | EventType=application
[2026-08-16 18:26:14.692 (UTC)] info/application	[Sensor] Updated distance: 26.3816775271584 cm | Severity=75 | SourceName=Sensor2 | EventType=application
[2026-08-16 18:26:15.693 (UTC)] info/application	[Sensor] Updated distance: 27.1585551177424 cm | Severity=75 | SourceName=Sensor2 | EventType=application
[2026-08-16 18:26:16.693 (UTC)] info/application	[Sensor] Updated distance: 25.9573344965267 cm | Severity=75 | SourceName=Sensor2 | EventType=application
[2026-08-16 18:26:17.693 (UTC)] info/application	[Sensor] Updated distance: 25.1588814666769 cm | Severity=75 | SourceName=Sensor2 | EventType=application
[2026-08-16 18:26:18.693 (UTC)] info/application	[Sensor] Updated distance: 25.8057892135372 cm | Severity=75 | SourceName=Sensor2 | EventType=application
[2026-08-16 18:26:19.694 (UTC)] info/application	[Sensor] Updated distance: 25.8268858205187 cm | Severity=75 | SourceName=Sensor2 | EventType=application
[2026-08-16 18:26:20.694 (UTC)] info/application	[Sensor] Updated distance: 25.8778249057372 cm | Severity=75 | SourceName=Sensor2 | EventType=application
[2026-08-16 18:26:21.694 (UTC)] info/application	[Sensor] Updated distance: 24.8686067608039 cm | Severity=75 | SourceName=Sensor2 | EventType=application
[2026-08-16 18:26:22.695 (UTC)] info/application	[Sensor] Updated distance: 25.8986593987321 cm | Severity=75 | SourceName=Sensor2 | EventType=application
[2026-08-16 18:26:23.695 (UTC)] info/application	[Sensor] Updated distance: 25.3046681586675 cm | Severity=75 | SourceName=Sensor2 | EventType=application
[2026-08-16 18:26:24.695 (UTC)] info/application	[Sensor] Updated distance: 25.4436891579273 cm | Severity=75 | SourceName=Sensor2 | EventType=application
[2026-08-16 18:26:25.696 (UTC)] info/application	[Sensor] Updated distance: 24.6019551987303 cm | Severity=75 | SourceName=Sensor2 | EventType=application
[2026-08-16 18:26:26.091 (UTC)] info/session	[System] TCP 17	| SC 2	| Session "ns=1;g=ba53c3ca-e7ec-59de-5865-9629ac7a67c6"	| WriteRequest returned status code BadUserAccessDenied | Severity=75 | SourceName=System | EventType=session
[2026-08-16 18:26:26.687 (UTC)] info/application	[Sensor] Updated distance: 25.0425547622342 cm | Severity=75 | SourceName=Sensor2 | EventType=application
[2026-08-16 18:26:27.688 (UTC)] info/application	[Sensor] Updated distance: 26.3444423325567 cm | Severity=75 | SourceName=Sensor2 | EventType=application
[2026-08-16 18:26:28.688 (UTC)] info/application	[Sensor] Updated distance: 27.2073723465239 cm | Severity=75 | SourceName=Sensor2 | EventType=application
[2026-08-16 18:26:29.689 (UTC)] info/application	[Sensor] Updated distance: 28.6330579431416 cm | Severity=75 | SourceName=Sensor2 | EventType=application
[2026-08-16 18:26:30.689 (UTC)] info/application	[Sensor] Updated distance: 27.7924891858327 cm | Severity=75 | SourceName=Sensor2 | EventType=application
[2026-08-16 18:26:31.690 (UTC)] info/application	[Sensor] Updated distance: 27.8067792837074 cm | Severity=75 | SourceName=Sensor2 | EventType=application
[2026-08-16 18:26:32.691 (UTC)] info/application	[Sensor] Updated distance: 28.6015691061512 cm | Severity=75 | SourceName=Sensor2 | EventType=application
[2026-08-16 18:26:33.691 (UTC)] info/application	[Sensor] Updated distance: 29.8375058590144 cm | Severity=75 | SourceName=Sensor2 | EventType=application
[2026-08-16 18:26:34.692 (UTC)] info/application	[Sensor] Updated distance: 30.5146652564941 cm | Severity=75 | SourceName=Sensor2 | EventType=application
[2026-08-16 18:26:35.691 (UTC)] info/application	[Sensor] Updated distance: 29.8563139291277 cm | Severity=75 | SourceName=Sensor2 | EventType=application
[2026-08-16 18:26:36.692 (UTC)] info/application	[Sensor] Updated distance: 30.693857101581 cm | Severity=75 | SourceName=Sensor2 | EventType=application
[2026-08-16 18:26:37.692 (UTC)] info/application	[Sensor] Updated distance: 31.5326893520694 cm | Severity=75 | SourceName=Sensor2 | EventType=application
[2026-08-16 18:26:38.693 (UTC)] info/application	[Sensor] Updated distance: 30.9521996341423 cm | Severity=75 | SourceName=Sensor2 | EventType=application
[2026-08-16 18:26:39.693 (UTC)] info/application	[Sensor] Updated distance: 29.7760166252386 cm | Severity=75 | SourceName=Sensor2 | EventType=application
[2026-08-16 18:26:40.107 (UTC)] info/session	[System] TCP 17	| SC 2	| Session "ns=1;g=ba53c3ca-e7ec-59de-5865-9629ac7a67c6"	| WriteRequest returned status code BadUserAccessDenied | Severity=75 | SourceName=System | EventType=session
[2026-08-16 18:26:40.694 (UTC)] info/application	[Sensor] Updated distance: 29.9121425472722 cm | Severity=75 | SourceName=Sensor2 | EventType=application
[2026-08-16 18:26:41.694 (UTC)] info/application	[Sensor] Updated distance: 28.9053529148946 cm | Severity=75 | SourceName=Sensor2 | EventType=application
[2026-08-16 18:26:42.695 (UTC)] info/application	[Sensor] Updated distance: 28.5841383350008 cm | Severity=75 | SourceName=Sensor2 | EventType=application
[2026-08-16 18:26:43.696 (UTC)] info/application	[Sensor] Updated distance: 29.8230637979336 cm | Severity=75 | SourceName=Sensor2 | EventType=application
[2026-08-16 18:26:44.696 (UTC)] info/application	[Sensor] Updated distance: 28.4719988459125 cm | Severity=75 | SourceName=Sensor2 | EventType=application
[2026-08-16 18:26:45.697 (UTC)] info/application	[Sensor] Updated distance: 28.0131095240419 cm | Severity=75 | SourceName=Sensor2 | EventType=application
[2026-08-16 18:26:46.697 (UTC)] info/application	[Sensor] Updated distance: 28.5289125761618 cm | Severity=75 | SourceName=Sensor2 | EventType=application
[2026-08-16 18:26:47.687 (UTC)] info/application	[Sensor] Updated distance: 27.476627002925 cm | Severity=75 | SourceName=Sensor2 | EventType=application
[2026-08-16 18:26:48.687 (UTC)] info/application	[Sensor] Updated distance: 27.7192846512046 cm | Severity=75 | SourceName=Sensor2 | EventType=application
[2026-08-16 18:26:49.687 (UTC)] info/application	[Sensor] Updated distance: 27.3819954487877 cm | Severity=75 | SourceName=Sensor2 | EventType=application
[2026-08-16 18:26:50.687 (UTC)] info/application	[Sensor] Updated distance: 27.8508064825324 cm | Severity=75 | SourceName=Sensor2 | EventType=application
[2026-08-16 18:26:51.687 (UTC)] info/application	[Sensor] Updated distance: 26.6444032146337 cm | Severity=75 | SourceName=Sensor2 | EventType=application
[2026-08-16 18:26:52.688 (UTC)] info/application	[Sensor] Updated distance: 26.7978958686804 cm | Severity=75 | SourceName=Sensor2 | EventType=application
[2026-08-16 18:26:53.688 (UTC)] info/application	[Sensor] Updated distance: 26.7967595389564 cm | Severity=75 | SourceName=Sensor2 | EventType=application
[2026-08-16 18:26:54.688 (UTC)] info/application	[Sensor] Updated distance: 26.496365030993 cm | Severity=75 | SourceName=Sensor2 | EventType=application
[2026-08-16 18:26:55.689 (UTC)] info/application	[Sensor] Updated distance: 25.2888786829025 cm | Severity=75 | SourceName=Sensor2 | EventType=application
[2026-08-16 18:26:56.689 (UTC)] info/application	[Sensor] Updated distance: 25.9460083939815 cm | Severity=75 | SourceName=Sensor2 | EventType=application
[2026-08-16 18:26:57.690 (UTC)] info/application	[Sensor] Updated distance: 24.586213448125 cm | Severity=75 | SourceName=Sensor2 | EventType=application
[2026-08-16 18:26:58.690 (UTC)] info/application	[Sensor] Updated distance: 23.18061466896 cm | Severity=75 | SourceName=Sensor2 | EventType=application
[2026-08-16 18:26:59.691 (UTC)] info/application	[Sensor] Updated distance: 23.2006743940062 cm | Severity=75 | SourceName=Sensor2 | EventType=application
[2026-08-16 18:27:00.692 (UTC)] info/application	[Sensor] Updated distance: 21.7665650447675 cm | Severity=75 | SourceName=Sensor2 | EventType=application
[2026-08-16 18:27:01.693 (UTC)] info/application	[Sensor] Updated distance: 21.0203975082936 cm | Severity=75 | SourceName=Sensor2 | EventType=application
[2026-08-16 18:27:02.694 (UTC)] info/application	[Sensor] Updated distance: 19.5547473298175 cm | Severity=75 | SourceName=Sensor2 | EventType=application
[2026-08-16 18:27:03.693 (UTC)] info/application	[Sensor] Updated distance: 20.4154278030225 cm | Severity=75 | SourceName=Sensor2 | EventType=application
[2026-08-16 18:27:04.693 (UTC)] info/application	[Sensor] Updated distance: 19.4051970180148 cm | Severity=75 | SourceName=Sensor2 | EventType=application
[2026-08-16 18:27:05.693 (UTC)] info/application	[Sensor] Updated distance: 20.1167062384154 cm | Severity=75 | SourceName=Sensor2 | EventType=application
[2026-08-16 18:27:06.694 (UTC)] info/application	[Sensor] Updated distance: 18.8190353828571 cm | Severity=75 | SourceName=Sensor2 | EventType=application
[2026-08-16 18:27:07.694 (UTC)] info/application	[Sensor] Updated distance: 20.1463477716997 cm | Severity=75 | SourceName=Sensor2 | EventType=application
[2026-08-16 18:27:08.695 (UTC)] info/application	[Sensor] Updated distance: 20.1966892411917 cm | Severity=75 | SourceName=Sensor2 | EventType=application
[2026-08-16 18:27:09.696 (UTC)] info/application	[Sensor] Updated distance: 19.8185286677063 cm | Severity=75 | SourceName=Sensor2 | EventType=application
[2026-08-16 18:27:10.696 (UTC)] info/application	[Sensor] Updated distance: 18.4696580462482 cm | Severity=75 | SourceName=Sensor2 | EventType=application
[2026-08-16 18:27:11.696 (UTC)] info/application	[Sensor] Updated distance: 17.1561254363768 cm | Severity=75 | SourceName=Sensor2 | EventType=application
[2026-08-16 18:27:12.696 (UTC)] info/application	[Sensor] Updated distance: 17.2711752319109 cm | Severity=75 | SourceName=Sensor2 | EventType=application
[2026-08-16 18:27:13.696 (UTC)] info/application	[Sensor] Updated distance: 17.1010900305589 cm | Severity=75 | SourceName=Sensor2 | EventType=application
[2026-08-16 18:27:14.696 (UTC)] info/application	[Sensor] Updated distance: 18.5264828850173 cm | Severity=75 | SourceName=Sensor2 | EventType=application
[2026-08-16 18:27:15.687 (UTC)] info/application	[Sensor] Updated distance: 18.7904677285303 cm | Severity=75 | SourceName=Sensor2 | EventType=application
[2026-08-16 18:27:16.687 (UTC)] info/application	[Sensor] Updated distance: 19.6614932053078 cm | Severity=75 | SourceName=Sensor2 | EventType=application
[2026-08-16 18:27:17.687 (UTC)] info/application	[Sensor] Updated distance: 20.102689110489 cm | Severity=75 | SourceName=Sensor2 | EventType=application
[2026-08-16 18:27:18.687 (UTC)] info/application	[Sensor] Updated distance: 20.8143883821622 cm | Severity=75 | SourceName=Sensor2 | EventType=application
[2026-08-16 18:27:19.688 (UTC)] info/application	[Sensor] Updated distance: 20.4280715058223 cm | Severity=75 | SourceName=Sensor2 | EventType=application
[2026-08-16 18:27:20.687 (UTC)] info/application	[Sensor] Updated distance: 19.0319782085866 cm | Severity=75 | SourceName=Sensor2 | EventType=application
[2026-08-16 18:27:21.687 (UTC)] info/application	[Sensor] Updated distance: 18.7124885126075 cm | Severity=75 | SourceName=Sensor2 | EventType=application
[2026-08-16 18:27:22.688 (UTC)] info/application	[Sensor] Updated distance: 18.6197683683689 cm | Severity=75 | SourceName=Sensor2 | EventType=application
[2026-08-16 18:27:23.688 (UTC)] info/application	[Sensor] Updated distance: 18.8771677251799 cm | Severity=75 | SourceName=Sensor2 | EventType=application
[2026-08-16 18:27:24.687 (UTC)] info/application	[Sensor] Updated distance: 20.0565417008738 cm | Severity=75 | SourceName=Sensor2 | EventType=application
[2026-08-16 18:27:25.689 (UTC)] info/application	[Sensor] Updated distance: 21.1634270486717 cm | Severity=75 | SourceName=Sensor2 | EventType=application
[2026-08-16 18:27:26.689 (UTC)] info/application	[Sensor] Updated distance: 21.7133400573923 cm | Severity=75 | SourceName=Sensor2 | EventType=application
[2026-08-16 18:27:27.690 (UTC)] info/application	[Sensor] Updated distance: 22.0498437427682 cm | Severity=75 | SourceName=Sensor2 | EventType=application
[2026-08-16 18:27:28.691 (UTC)] info/application	[Sensor] Updated distance: 23.2969341461067 cm | Severity=75 | SourceName=Sensor2 | EventType=application
[2026-08-16 18:27:29.691 (UTC)] info/application	[Sensor] Updated distance: 23.9412483770592 cm | Severity=75 | SourceName=Sensor2 | EventType=application
[2026-08-16 18:27:30.692 (UTC)] info/application	[Sensor] Updated distance: 22.7978117860844 cm | Severity=75 | SourceName=Sensor2 | EventType=application
[2026-08-16 18:27:31.693 (UTC)] info/application	[Sensor] Updated distance: 24.1107928401841 cm | Severity=75 | SourceName=Sensor2 | EventType=application
[2026-08-16 18:27:32.693 (UTC)] info/application	[Sensor] Updated distance: 25.5089395346627 cm | Severity=75 | SourceName=Sensor2 | EventType=application
[2026-08-16 18:27:33.694 (UTC)] info/application	[Sensor] Updated distance: 24.3998527666088 cm | Severity=75 | SourceName=Sensor2 | EventType=application
[2026-08-16 18:27:34.694 (UTC)] info/application	[Sensor] Updated distance: 25.0735142925165 cm | Severity=75 | SourceName=Sensor2 | EventType=application
[2026-08-16 18:27:35.695 (UTC)] info/application	[Sensor] Updated distance: 23.9614302019875 cm | Severity=75 | SourceName=Sensor2 | EventType=application
[2026-08-16 18:27:36.695 (UTC)] info/application	[Sensor] Updated distance: 25.0638526543341 cm | Severity=75 | SourceName=Sensor2 | EventType=application
[2026-08-16 18:27:37.695 (UTC)] info/application	[Sensor] Updated distance: 25.9398433246835 cm | Severity=75 | SourceName=Sensor2 | EventType=application
[2026-08-16 18:27:38.695 (UTC)] info/application	[Sensor] Updated distance: 24.6550716216001 cm | Severity=75 | SourceName=Sensor2 | EventType=application
[2026-08-16 18:27:39.696 (UTC)] info/application	[Sensor] Updated distance: 24.3078355420417 cm | Severity=75 | SourceName=Sensor2 | EventType=application
[2026-08-16 18:27:40.696 (UTC)] info/application	[Sensor] Updated distance: 23.3056656389058 cm | Severity=75 | SourceName=Sensor2 | EventType=application
[2026-08-16 18:27:41.687 (UTC)] info/application	[Sensor] Updated distance: 22.1720233143643 cm | Severity=75 | SourceName=Sensor2 | EventType=application
[2026-08-16 18:27:42.688 (UTC)] info/application	[Sensor] Updated distance: 22.0112546249345 cm | Severity=75 | SourceName=Sensor2 | EventType=application
[2026-08-16 18:27:43.688 (UTC)] info/application	[Sensor] Updated distance: 22.6241345173326 cm | Severity=75 | SourceName=Sensor2 | EventType=application
[2026-08-16 18:27:44.689 (UTC)] info/application	[Sensor] Updated distance: 22.8204069914391 cm | Severity=75 | SourceName=Sensor2 | EventType=application
[2026-08-16 18:27:45.690 (UTC)] info/application	[Sensor] Updated distance: 22.5850311550708 cm | Severity=75 | SourceName=Sensor2 | EventType=application
[2026-08-16 18:27:46.690 (UTC)] info/application	[Sensor] Updated distance: 21.9618958895849 cm | Severity=75 | SourceName=Sensor2 | EventType=application
[2026-08-16 18:27:47.690 (UTC)] info/application	[Sensor] Updated distance: 21.5291938390719 cm | Severity=75 | SourceName=Sensor2 | EventType=application
[2026-08-16 18:27:48.690 (UTC)] info/application	[Sensor] Updated distance: 20.2350139078847 cm | Severity=75 | SourceName=Sensor2 | EventType=application
[2026-08-16 18:27:49.691 (UTC)] info/application	[Sensor] Updated distance: 18.823577912675 cm | Severity=75 | SourceName=Sensor2 | EventType=application
[2026-08-16 18:27:50.690 (UTC)] info/application	[Sensor] Updated distance: 19.5045589858222 cm | Severity=75 | SourceName=Sensor2 | EventType=application
[2026-08-16 18:27:51.691 (UTC)] info/application	[Sensor] Updated distance: 18.3142857573993 cm | Severity=75 | SourceName=Sensor2 | EventType=application
[2026-08-16 18:27:52.692 (UTC)] info/application	[Sensor] Updated distance: 18.0833600676076 cm | Severity=75 | SourceName=Sensor2 | EventType=application
[2026-08-16 18:27:53.692 (UTC)] info/application	[Sensor] Updated distance: 17.1716209951191 cm | Severity=75 | SourceName=Sensor2 | EventType=application
[2026-08-16 18:27:54.692 (UTC)] info/application	[Sensor] Updated distance: 17.7387471235072 cm | Severity=75 | SourceName=Sensor2 | EventType=application
[2026-08-16 18:27:55.692 (UTC)] info/application	[Sensor] Updated distance: 17.1871954080124 cm | Severity=75 | SourceName=Sensor2 | EventType=application
[2026-08-16 18:27:56.692 (UTC)] info/application	[Sensor] Updated distance: 15.8823416819248 cm | Severity=75 | SourceName=Sensor2 | EventType=application
[2026-08-16 18:27:57.692 (UTC)] info/application	[Sensor] Updated distance: 15.4993808176366 cm | Severity=75 | SourceName=Sensor2 | EventType=application
[2026-08-16 18:27:58.693 (UTC)] info/application	[Sensor] Updated distance: 16.7843327875176 cm | Severity=75 | SourceName=Sensor2 | EventType=application
[2026-08-16 18:27:59.693 (UTC)] info/application	[Sensor] Updated distance: 18.2265694647686 cm | Severity=75 | SourceName=Sensor2 | EventType=application
[2026-08-16 18:28:00.693 (UTC)] info/application	[Sensor] Updated distance: 16.9879228300359 cm | Severity=75 | SourceName=Sensor2 | EventType=application
[2026-08-16 18:28:01.693 (UTC)] info/application	[Sensor] Updated distance: 15.6294382089421 cm | Severity=75 | SourceName=Sensor2 | EventType=application
[2026-08-16 18:28:02.694 (UTC)] info/application	[Sensor] Updated distance: 16.8846559388957 cm | Severity=75 | SourceName=Sensor2 | EventType=application
[2026-08-16 18:28:03.694 (UTC)] info/application	[Sensor] Updated distance: 15.5441559986417 cm | Severity=75 | SourceName=Sensor2 | EventType=application
[2026-08-16 18:28:04.694 (UTC)] info/application	[Sensor] Updated distance: 14.5765846094939 cm | Severity=75 | SourceName=Sensor2 | EventType=application
[2026-08-16 18:28:05.695 (UTC)] info/application	[Sensor] Updated distance: 15.0054638639584 cm | Severity=75 | SourceName=Sensor2 | EventType=application
[2026-08-16 18:28:06.695 (UTC)] info/application	[Sensor] Updated distance: 14.0528798331753 cm | Severity=75 | SourceName=Sensor2 | EventType=application
[2026-08-16 18:28:07.695 (UTC)] info/application	[Sensor] Updated distance: 12.6877308949771 cm | Severity=75 | SourceName=Sensor2 | EventType=application
[2026-08-16 18:28:08.696 (UTC)] info/application	[Sensor] Updated distance: 12.492600819791 cm | Severity=75 | SourceName=Sensor2 | EventType=application
[2026-08-16 18:28:09.696 (UTC)] info/application	[Sensor] Updated distance: 11.7552450859245 cm | Severity=75 | SourceName=Sensor2 | EventType=application
[2026-08-16 18:28:10.696 (UTC)] info/application	[Sensor] Updated distance: 11.542860068168 cm | Severity=75 | SourceName=Sensor2 | EventType=application
[2026-08-16 18:28:11.687 (UTC)] info/application	[Sensor] Updated distance: 11.845560089846 cm | Severity=75 | SourceName=Sensor2 | EventType=application
[2026-08-16 18:28:12.688 (UTC)] info/application	[Sensor] Updated distance: 11.4745620314379 cm | Severity=75 | SourceName=Sensor2 | EventType=application
[2026-08-16 18:28:13.688 (UTC)] info/application	[Sensor] Updated distance: 12.6014083242516 cm | Severity=75 | SourceName=Sensor2 | EventType=application
[2026-08-16 18:28:14.687 (UTC)] info/application	[Sensor] Updated distance: 12.0169882369307 cm | Severity=75 | SourceName=Sensor2 | EventType=application
[2026-08-16 18:28:15.688 (UTC)] info/application	[Sensor] Updated distance: 13.3422626526292 cm | Severity=75 | SourceName=Sensor2 | EventType=application
[2026-08-16 18:28:16.688 (UTC)] info/application	[Sensor] Updated distance: 12.7337331090745 cm | Severity=75 | SourceName=Sensor2 | EventType=application
[2026-08-16 18:28:17.687 (UTC)] info/application	[Sensor] Updated distance: 13.0261777562677 cm | Severity=75 | SourceName=Sensor2 | EventType=application
[2026-08-16 18:28:18.687 (UTC)] info/application	[Sensor] Updated distance: 12.4187501200562 cm | Severity=75 | SourceName=Sensor2 | EventType=application
[2026-08-16 18:28:19.687 (UTC)] info/application	[Sensor] Updated distance: 12.0160406453144 cm | Severity=75 | SourceName=Sensor2 | EventType=application
[2026-08-16 18:28:20.688 (UTC)] info/application	[Sensor] Updated distance: 12.3970492986949 cm | Severity=75 | SourceName=Sensor2 | EventType=application
[2026-08-16 18:28:21.688 (UTC)] info/application	[Sensor] Updated distance: 10.9706027342335 cm | Severity=75 | SourceName=Sensor2 | EventType=application
[2026-08-16 18:28:22.689 (UTC)] info/application	[Sensor] Updated distance: 10.8776200310689 cm | Severity=75 | SourceName=Sensor2 | EventType=application
[2026-08-16 18:28:23.689 (UTC)] info/application	[Sensor] Updated distance: 9.52770299326057 cm | Severity=75 | SourceName=Sensor2 | EventType=application
[2026-08-16 18:28:24.689 (UTC)] info/application	[Sensor] Updated distance: 8.68951735631076 cm | Severity=75 | SourceName=Sensor2 | EventType=application
[2026-08-16 18:28:25.689 (UTC)] info/application	[Sensor] Updated distance: 7.66366078013726 cm | Severity=75 | SourceName=Sensor2 | EventType=application
[2026-08-16 18:28:26.689 (UTC)] info/application	[Sensor] Updated distance: 7.26219202683411 cm | Severity=75 | SourceName=Sensor2 | EventType=application
[2026-08-16 18:28:27.690 (UTC)] info/application	[Sensor] Updated distance: 6.61915266379676 cm | Severity=75 | SourceName=Sensor2 | EventType=application
[2026-08-16 18:28:28.691 (UTC)] info/application	[Sensor] Updated distance: 6.71033522333501 cm | Severity=75 | SourceName=Sensor2 | EventType=application
[2026-08-16 18:28:29.691 (UTC)] info/application	[Sensor] Updated distance: 6.09381843851593 cm | Severity=75 | SourceName=Sensor2 | EventType=application
[2026-08-16 18:28:30.692 (UTC)] info/application	[Sensor] Updated distance: 5.39301575272952 cm | Severity=75 | SourceName=Sensor2 | EventType=application
[2026-08-16 18:28:31.692 (UTC)] info/application	[Sensor] Updated distance: 5.74555167893208 cm | Severity=75 | SourceName=Sensor2 | EventType=application
[2026-08-16 18:28:32.692 (UTC)] info/application	[Sensor] Updated distance: 5.27055027301916 cm | Severity=75 | SourceName=Sensor2 | EventType=application
[2026-08-16 18:28:33.692 (UTC)] info/application	[Sensor] Updated distance: 4.32496531578945 cm | Severity=75 | SourceName=Sensor2 | EventType=application
[2026-08-16 18:28:34.691 (UTC)] info/application	[Sensor] Updated distance: 4.83700130173798 cm | Severity=75 | SourceName=Sensor2 | EventType=application
[2026-08-16 18:28:35.691 (UTC)] info/application	[Sensor] Updated distance: 4.89442850667725 cm | Severity=75 | SourceName=Sensor2 | EventType=application
[2026-08-16 18:28:36.693 (UTC)] info/application	[Sensor] Updated distance: 5.87772280530899 cm | Severity=75 | SourceName=Sensor2 | EventType=application
[2026-08-16 18:28:37.693 (UTC)] info/application	[Sensor] Updated distance: 6.93717476047445 cm | Severity=75 | SourceName=Sensor2 | EventType=application
[2026-08-16 18:28:38.693 (UTC)] info/application	[Sensor] Updated distance: 7.12945302721555 cm | Severity=75 | SourceName=Sensor2 | EventType=application
[2026-08-16 18:28:39.693 (UTC)] info/application	[Sensor] Updated distance: 6.41761724926422 cm | Severity=75 | SourceName=Sensor2 | EventType=application
[2026-08-16 18:28:40.693 (UTC)] info/application	[Sensor] Updated distance: 5.23971346916619 cm | Severity=75 | SourceName=Sensor2 | EventType=application
[2026-08-16 18:28:41.693 (UTC)] info/application	[Sensor] Updated distance: 6.71960671815073 cm | Severity=75 | SourceName=Sensor2 | EventType=application
[2026-08-16 18:28:42.693 (UTC)] info/application	[Sensor] Updated distance: 7.81047096187738 cm | Severity=75 | SourceName=Sensor2 | EventType=application
[2026-08-16 18:28:43.693 (UTC)] info/application	[Sensor] Updated distance: 7.76156912337132 cm | Severity=75 | SourceName=Sensor2 | EventType=application
[2026-08-16 18:28:44.693 (UTC)] info/application	[Sensor] Updated distance: 8.86830866516956 cm | Severity=75 | SourceName=Sensor2 | EventType=application
[2026-08-16 18:28:45.693 (UTC)] info/application	[Sensor] Updated distance: 7.8747528201783 cm | Severity=75 | SourceName=Sensor2 | EventType=application
[2026-08-16 18:28:46.693 (UTC)] info/application	[Sensor] Updated distance: 7.65112539597375 cm | Severity=75 | SourceName=Sensor2 | EventType=application
[2026-08-16 18:28:47.693 (UTC)] info/application	[Sensor] Updated distance: 6.64933539282035 cm | Severity=75 | SourceName=Sensor2 | EventType=application
[2026-08-16 18:28:48.693 (UTC)] info/application	[Sensor] Updated distance: 7.44822419502225 cm | Severity=75 | SourceName=Sensor2 | EventType=application
[2026-08-16 18:28:49.693 (UTC)] info/application	[Sensor] Updated distance: 8.11716913460623 cm | Severity=75 | SourceName=Sensor2 | EventType=application
[2026-08-16 18:28:50.693 (UTC)] info/application	[Sensor] Updated distance: 8.21266965671103 cm | Severity=75 | SourceName=Sensor2 | EventType=application
[2026-08-16 18:28:51.693 (UTC)] info/application	[Sensor] Updated distance: 7.89256711089639 cm | Severity=75 | SourceName=Sensor2 | EventType=application
[2026-08-16 18:28:52.694 (UTC)] info/application	[Sensor] Updated distance: 8.63506548601906 cm | Severity=75 | SourceName=Sensor2 | EventType=application
[2026-08-16 18:28:53.694 (UTC)] info/application	[Sensor] Updated distance: 7.13758330356218 cm | Severity=75 | SourceName=Sensor2 | EventType=application
[2026-08-16 18:28:54.694 (UTC)] info/application	[Sensor] Updated distance: 6.96756371993925 cm | Severity=75 | SourceName=Sensor2 | EventType=application
[2026-08-16 18:28:55.694 (UTC)] info/application	[Sensor] Updated distance: 8.37187645811211 cm | Severity=75 | SourceName=Sensor2 | EventType=application
[2026-08-16 18:28:56.694 (UTC)] info/application	[Sensor] Updated distance: 7.34853769948174 cm | Severity=75 | SourceName=Sensor2 | EventType=application
[2026-08-16 18:28:57.694 (UTC)] info/application	[Sensor] Updated distance: 8.27704936255565 cm | Severity=75 | SourceName=Sensor2 | EventType=application
[2026-08-16 18:28:58.694 (UTC)] info/application	[Sensor] Updated distance: 7.53832273629417 cm | Severity=75 | SourceName=Sensor2 | EventType=application
[2026-08-16 18:28:59.694 (UTC)] info/application	[Sensor] Updated distance: 8.10616653720206 cm | Severity=75 | SourceName=Sensor2 | EventType=application
[2026-08-16 18:29:00.695 (UTC)] info/application	[Sensor] Updated distance: 6.91816141545688 cm | Severity=75 | SourceName=Sensor2 | EventType=application
[2026-08-16 18:29:01.695 (UTC)] info/application	[Sensor] Updated distance: 6.978632103409 cm | Severity=75 | SourceName=Sensor2 | EventType=application
[2026-08-16 18:29:02.696 (UTC)] info/application	[Sensor] Updated distance: 6.39901182912245 cm | Severity=75 | SourceName=Sensor2 | EventType=application
[2026-08-16 18:29:03.696 (UTC)] info/application	[Sensor] Updated distance: 6.23600530146437 cm | Severity=75 | SourceName=Sensor2 | EventType=application
[2026-08-16 18:29:04.697 (UTC)] info/application	[Sensor] Updated distance: 6.85089103358375 cm | Severity=75 | SourceName=Sensor2 | EventType=application
[2026-08-16 18:29:05.687 (UTC)] info/application	[Sensor] Updated distance: 8.28330674524574 cm | Severity=75 | SourceName=Sensor2 | EventType=application
[2026-08-16 18:29:06.687 (UTC)] info/application	[Sensor] Updated distance: 9.67772742392391 cm | Severity=75 | SourceName=Sensor2 | EventType=application
[2026-08-16 18:29:07.688 (UTC)] info/application	[Sensor] Updated distance: 9.77590745327805 cm | Severity=75 | SourceName=Sensor2 | EventType=application
[2026-08-16 18:29:08.688 (UTC)] info/application	[Sensor] Updated distance: 10.7677751187085 cm | Severity=75 | SourceName=Sensor2 | EventType=application
[2026-08-16 18:29:09.689 (UTC)] info/application	[Sensor] Updated distance: 10.8544740627308 cm | Severity=75 | SourceName=Sensor2 | EventType=application
[2026-08-16 18:29:10.689 (UTC)] info/application	[Sensor] Updated distance: 11.7408183141336 cm | Severity=75 | SourceName=Sensor2 | EventType=application
[2026-08-16 18:29:11.690 (UTC)] info/application	[Sensor] Updated distance: 13.054782199466 cm | Severity=75 | SourceName=Sensor2 | EventType=application
[2026-08-16 18:29:12.690 (UTC)] info/application	[Sensor] Updated distance: 13.1213743924729 cm | Severity=75 | SourceName=Sensor2 | EventType=application
[2026-08-16 18:29:13.691 (UTC)] info/application	[Sensor] Updated distance: 13.5985828862053 cm | Severity=75 | SourceName=Sensor2 | EventType=application
[2026-08-16 18:29:14.691 (UTC)] info/application	[Sensor] Updated distance: 13.3636449316347 cm | Severity=75 | SourceName=Sensor2 | EventType=application
[2026-08-16 18:29:15.691 (UTC)] info/application	[Sensor] Updated distance: 13.0369766650428 cm | Severity=75 | SourceName=Sensor2 | EventType=application
[2026-08-16 18:29:16.691 (UTC)] info/application	[Sensor] Updated distance: 14.020629313784 cm | Severity=75 | SourceName=Sensor2 | EventType=application
[2026-08-16 18:29:17.692 (UTC)] info/application	[Sensor] Updated distance: 15.0620639350089 cm | Severity=75 | SourceName=Sensor2 | EventType=application
[2026-08-16 18:29:18.692 (UTC)] info/application	[Sensor] Updated distance: 15.2336056652636 cm | Severity=75 | SourceName=Sensor2 | EventType=application
[2026-08-16 18:29:19.693 (UTC)] info/application	[Sensor] Updated distance: 15.5161471148097 cm | Severity=75 | SourceName=Sensor2 | EventType=application
[2026-08-16 18:29:20.694 (UTC)] info/application	[Sensor] Updated distance: 15.7265266742215 cm | Severity=75 | SourceName=Sensor2 | EventType=application
[2026-08-16 18:29:21.694 (UTC)] info/application	[Sensor] Updated distance: 14.493568925184 cm | Severity=75 | SourceName=Sensor2 | EventType=application
[2026-08-16 18:29:22.694 (UTC)] info/application	[Sensor] Updated distance: 15.9560078303125 cm | Severity=75 | SourceName=Sensor2 | EventType=application
[2026-08-16 18:29:23.694 (UTC)] info/application	[Sensor] Updated distance: 15.40888576345 cm | Severity=75 | SourceName=Sensor2 | EventType=application
[2026-08-16 18:29:24.694 (UTC)] info/application	[Sensor] Updated distance: 14.1784458319556 cm | Severity=75 | SourceName=Sensor2 | EventType=application
[2026-08-16 18:29:25.694 (UTC)] info/application	[Sensor] Updated distance: 13.9708651520642 cm | Severity=75 | SourceName=Sensor2 | EventType=application
[2026-08-16 18:29:26.694 (UTC)] info/application	[Sensor] Updated distance: 13.3280558219776 cm | Severity=75 | SourceName=Sensor2 | EventType=application
[2026-08-16 18:29:27.695 (UTC)] info/application	[Sensor] Updated distance: 12.5742771318528 cm | Severity=75 | SourceName=Sensor2 | EventType=application
[2026-08-16 18:29:28.008 (UTC)] info/session	[System] TCP 17	| SC 2	| Session "ns=1;g=ba53c3ca-e7ec-59de-5865-9629ac7a67c6"	| WriteRequest returned status code BadUserAccessDenied | Severity=75 | SourceName=System | EventType=session
[2026-08-16 18:29:28.695 (UTC)] info/application	[Sensor] Updated distance: 11.7952081150353 cm | Severity=75 | SourceName=Sensor2 | EventType=application
[2026-08-16 18:29:29.696 (UTC)] info/application	[Sensor] Updated distance: 11.9136721600842 cm | Severity=75 | SourceName=Sensor2 | EventType=application
[2026-08-16 18:29:30.696 (UTC)] info/application	[Sensor] Updated distance: 13.2277372708673 cm | Severity=75 | SourceName=Sensor2 | EventType=application
[2026-08-16 18:29:31.696 (UTC)] info/application	[Sensor] Updated distance: 12.7606631323046 cm | Severity=75 | SourceName=Sensor2 | EventType=application
[2026-08-16 18:29:32.696 (UTC)] info/application	[Sensor] Updated distance: 11.4395978639087 cm | Severity=75 | SourceName=Sensor2 | EventType=application
[2026-08-16 18:29:33.696 (UTC)] info/application	[Sensor] Updated distance: 10.6740427004053 cm | Severity=75 | SourceName=Sensor2 | EventType=application
[2026-08-16 18:29:34.696 (UTC)] info/application	[Sensor] Updated distance: 11.5439620341845 cm | Severity=75 | SourceName=Sensor2 | EventType=application
[2026-08-16 18:29:35.687 (UTC)] info/application	[Sensor] Updated distance: 12.3377824979079 cm | Severity=75 | SourceName=Sensor2 | EventType=application
[2026-08-16 18:29:36.697 (UTC)] info/application	[Sensor] Updated distance: 11.5046430446695 cm | Severity=75 | SourceName=Sensor2 | EventType=application
[2026-08-16 18:29:37.687 (UTC)] info/application	[Sensor] Updated distance: 12.2689830557299 cm | Severity=75 | SourceName=Sensor2 | EventType=application
[2026-08-16 18:29:38.687 (UTC)] info/application	[Sensor] Updated distance: 11.6609835474105 cm | Severity=75 | SourceName=Sensor2 | EventType=application
[2026-08-16 18:29:39.688 (UTC)] info/application	[Sensor] Updated distance: 10.3197117596025 cm | Severity=75 | SourceName=Sensor2 | EventType=application
[2026-08-16 18:29:40.688 (UTC)] info/application	[Sensor] Updated distance: 9.6707507146852 cm | Severity=75 | SourceName=Sensor2 | EventType=application
[2026-08-16 18:29:41.688 (UTC)] info/application	[Sensor] Updated distance: 8.44909545637161 cm | Severity=75 | SourceName=Sensor2 | EventType=application
[2026-08-16 18:29:42.688 (UTC)] info/application	[Sensor] Updated distance: 9.92178755389611 cm | Severity=75 | SourceName=Sensor2 | EventType=application
[2026-08-16 18:29:43.688 (UTC)] info/application	[Sensor] Updated distance: 10.8394187019856 cm | Severity=75 | SourceName=Sensor2 | EventType=application
[2026-08-16 18:29:44.688 (UTC)] info/application	[Sensor] Updated distance: 11.5949719374045 cm | Severity=75 | SourceName=Sensor2 | EventType=application
[2026-08-16 18:29:45.688 (UTC)] info/application	[Sensor] Updated distance: 11.3327260803584 cm | Severity=75 | SourceName=Sensor2 | EventType=application
[2026-08-16 18:29:46.688 (UTC)] info/application	[Sensor] Updated distance: 10.423688960459 cm | Severity=75 | SourceName=Sensor2 | EventType=application
[2026-08-16 18:29:47.688 (UTC)] info/application	[Sensor] Updated distance: 10.6628948432221 cm | Severity=75 | SourceName=Sensor2 | EventType=application
[2026-08-16 18:29:48.688 (UTC)] info/application	[Sensor] Updated distance: 9.94208360600384 cm | Severity=75 | SourceName=Sensor2 | EventType=application
[2026-08-16 18:29:49.689 (UTC)] info/application	[Sensor] Updated distance: 10.7045882163591 cm | Severity=75 | SourceName=Sensor2 | EventType=application
[2026-08-16 18:29:50.689 (UTC)] info/application	[Sensor] Updated distance: 9.72633554866834 cm | Severity=75 | SourceName=Sensor2 | EventType=application
[2026-08-16 18:29:51.689 (UTC)] info/application	[Sensor] Updated distance: 10.7159038722589 cm | Severity=75 | SourceName=Sensor2 | EventType=application
[2026-08-16 18:29:52.689 (UTC)] info/application	[Sensor] Updated distance: 11.7454507335767 cm | Severity=75 | SourceName=Sensor2 | EventType=application
[2026-08-16 18:29:53.689 (UTC)] info/application	[Sensor] Updated distance: 10.7296369696174 cm | Severity=75 | SourceName=Sensor2 | EventType=application
[2026-08-16 18:29:54.689 (UTC)] info/application	[Sensor] Updated distance: 9.67208322494855 cm | Severity=75 | SourceName=Sensor2 | EventType=application
[2026-08-16 18:29:55.690 (UTC)] info/application	[Sensor] Updated distance: 10.9711901547719 cm | Severity=75 | SourceName=Sensor2 | EventType=application
[2026-08-16 18:29:56.689 (UTC)] info/application	[Sensor] Updated distance: 11.2477957109212 cm | Severity=75 | SourceName=Sensor2 | EventType=application
[2026-08-16 18:29:57.689 (UTC)] info/application	[Sensor] Updated distance: 11.0474326375627 cm | Severity=75 | SourceName=Sensor2 | EventType=application
[2026-08-16 18:29:58.689 (UTC)] info/application	[Sensor] Updated distance: 10.0927608758643 cm | Severity=75 | SourceName=Sensor2 | EventType=application
[2026-08-16 18:29:59.690 (UTC)] info/application	[Sensor] Updated distance: 11.0902974151961 cm | Severity=75 | SourceName=Sensor2 | EventType=application
[2026-08-16 18:30:00.691 (UTC)] info/application	[Sensor] Updated distance: 12.5083983868865 cm | Severity=75 | SourceName=Sensor2 | EventType=application
[2026-08-16 18:30:01.691 (UTC)] info/application	[Sensor] Updated distance: 11.3677917345743 cm | Severity=75 | SourceName=Sensor2 | EventType=application
[2026-08-16 18:30:02.691 (UTC)] info/application	[Sensor] Updated distance: 10.3982541339464 cm | Severity=75 | SourceName=Sensor2 | EventType=application
[2026-08-16 18:30:03.691 (UTC)] info/application	[Sensor] Updated distance: 8.99528983584388 cm | Severity=75 | SourceName=Sensor2 | EventType=application
[2026-08-16 18:30:04.691 (UTC)] info/application	[Sensor] Updated distance: 8.58912802002819 cm | Severity=75 | SourceName=Sensor2 | EventType=application
[2026-08-16 18:30:05.691 (UTC)] info/application	[Sensor] Updated distance: 9.98950975457651 cm | Severity=75 | SourceName=Sensor2 | EventType=application
[2026-08-16 18:30:06.691 (UTC)] info/application	[Sensor] Updated distance: 10.8803659215944 cm | Severity=75 | SourceName=Sensor2 | EventType=application
[2026-08-16 18:30:07.691 (UTC)] info/application	[Sensor] Updated distance: 11.1410646539373 cm | Severity=75 | SourceName=Sensor2 | EventType=application
[2026-08-16 18:30:08.692 (UTC)] info/application	[Sensor] Updated distance: 11.805786398149 cm | Severity=75 | SourceName=Sensor2 | EventType=application
[2026-08-16 18:30:09.692 (UTC)] info/application	[Sensor] Updated distance: 10.5886430554505 cm | Severity=75 | SourceName=Sensor2 | EventType=application
[2026-08-16 18:30:10.692 (UTC)] info/application	[Sensor] Updated distance: 11.0080699999854 cm | Severity=75 | SourceName=Sensor2 | EventType=application
[2026-08-16 18:30:11.692 (UTC)] info/application	[Sensor] Updated distance: 9.52383069788286 cm | Severity=75 | SourceName=Sensor2 | EventType=application
[2026-08-16 18:30:12.692 (UTC)] info/application	[Sensor] Updated distance: 8.58503209826773 cm | Severity=75 | SourceName=Sensor2 | EventType=application
[2026-08-16 18:30:13.692 (UTC)] info/application	[Sensor] Updated distance: 8.97715113893021 cm | Severity=75 | SourceName=Sensor2 | EventType=application
[2026-08-16 18:30:14.692 (UTC)] info/application	[Sensor] Updated distance: 9.9105429849171 cm | Severity=75 | SourceName=Sensor2 | EventType=application
[2026-08-16 18:30:15.691 (UTC)] info/application	[Sensor] Updated distance: 11.2272976207209 cm | Severity=75 | SourceName=Sensor2 | EventType=application
[2026-08-16 18:30:16.691 (UTC)] info/application	[Sensor] Updated distance: 9.85717080294025 cm | Severity=75 | SourceName=Sensor2 | EventType=application
[2026-08-16 18:30:17.691 (UTC)] info/application	[Sensor] Updated distance: 8.38152552763073 cm | Severity=75 | SourceName=Sensor2 | EventType=application
[2026-08-16 18:30:18.691 (UTC)] info/application	[Sensor] Updated distance: 8.43748604619761 cm | Severity=75 | SourceName=Sensor2 | EventType=application
[2026-08-16 18:30:19.691 (UTC)] info/application	[Sensor] Updated distance: 7.84654799259575 cm | Severity=75 | SourceName=Sensor2 | EventType=application
[2026-08-16 18:30:20.691 (UTC)] info/application	[Sensor] Updated distance: 8.63340732764148 cm | Severity=75 | SourceName=Sensor2 | EventType=application
[2026-08-16 18:30:21.691 (UTC)] info/application	[Sensor] Updated distance: 9.21111517851761 cm | Severity=75 | SourceName=Sensor2 | EventType=application
[2026-08-16 18:30:22.691 (UTC)] info/application	[Sensor] Updated distance: 8.10974544710935 cm | Severity=75 | SourceName=Sensor2 | EventType=application
[2026-08-16 18:30:23.691 (UTC)] info/application	[Sensor] Updated distance: 8.42615164207583 cm | Severity=75 | SourceName=Sensor2 | EventType=application
[2026-08-16 18:30:24.691 (UTC)] info/application	[Sensor] Updated distance: 9.48804572899271 cm | Severity=75 | SourceName=Sensor2 | EventType=application
[2026-08-16 18:30:25.691 (UTC)] info/application	[Sensor] Updated distance: 8.8291222529156 cm | Severity=75 | SourceName=Sensor2 | EventType=application
[2026-08-16 18:30:26.691 (UTC)] info/application	[Sensor] Updated distance: 8.94463537630843 cm | Severity=75 | SourceName=Sensor2 | EventType=application
[2026-08-16 18:30:27.690 (UTC)] info/application	[Sensor] Updated distance: 8.78313501797764 cm | Severity=75 | SourceName=Sensor2 | EventType=application
[2026-08-16 18:30:28.691 (UTC)] info/application	[Sensor] Updated distance: 9.42384846854205 cm | Severity=75 | SourceName=Sensor2 | EventType=application
[2026-08-16 18:30:29.691 (UTC)] info/application	[Sensor] Updated distance: 10.0846898302365 cm | Severity=75 | SourceName=Sensor2 | EventType=application
[2026-08-16 18:30:30.692 (UTC)] info/application	[Sensor] Updated distance: 9.42072601123749 cm | Severity=75 | SourceName=Sensor2 | EventType=application
[2026-08-16 18:30:31.693 (UTC)] info/application	[Sensor] Updated distance: 9.97954043209533 cm | Severity=75 | SourceName=Sensor2 | EventType=application
[2026-08-16 18:30:32.046 (UTC)] info/session	[System] TCP 17	| SC 2	| Session "ns=1;g=ba53c3ca-e7ec-59de-5865-9629ac7a67c6"	| Closing the Session | Severity=75 | SourceName=System | EventType=session
[2026-08-16 18:30:32.067 (UTC)] info/channel	[System] TCP 17	| SC 2	| SecureChannel closed | Severity=75 | SourceName=System | EventType=channel
[2026-08-16 18:30:32.067 (UTC)] info/network	[System] TCP 17	| Socket closed | Severity=75 | SourceName=System | EventType=network
[2026-08-16 18:30:32.694 (UTC)] info/application	[Sensor] Updated distance: 10.9997751428745 cm | Severity=75 | SourceName=Sensor2 | EventType=application
[2026-08-1