[2026-08-16 00:20:37.880 (UTC+0800)] [33mwarn/server[0m	AccessControl: Unconfigured AccessControl. Users have all permissions.
[2026-08-16 00:20:37.880 (UTC+0800)] [32minfo/server[0m	AccessControl: Anonymous login is enabled
[2026-08-16 00:20:37.880 (UTC+0800)] [33mwarn/server[0m	x509 Certificate Authentication configured, but no encrypting SecurityPolicy. This can leak credentials on the network.
[2026-08-16 00:20:37.925 (UTC+0800)] [33mwarn/application[0m	ServerUrls already set. Overriding.
[2026-08-16 00:20:37.925 (UTC+0800)] [33mwarn/server[0m	AccessControl: Unconfigured AccessControl. Users have all permissions.
[2026-08-16 00:20:37.925 (UTC+0800)] [32minfo/server[0m	AccessControl: Anonymous login is enabled
[2026-08-16 00:20:37.925 (UTC+0800)] [33mwarn/server[0m	x509 Certificate Authentication configured, but no encrypting SecurityPolicy. This can leak credentials on the network.
[2026-08-16 00:20:37.925 (UTC+0800)] [33mwarn/server[0m	x509 Certificate Authentication configured, but no encrypting SecurityPolicy. This can leak credentials on the network.
[2026-08-15 16:20:37.925 (UTC)] info/application	Sensor Server online (Client/Server mode, id=3 port=4844) | Severity=75 | SourceName=Sensor3 | EventType=application
Entering background polling mode: attempting to connect to Aggregation Server...
Connected successfully. Log forwarding started.
[2026-08-15 16:20:38.926 (UTC)] info/application	[Sensor] Updated distance: 20.571590931420953 cm | Severity=75 | SourceName=Sensor3 | EventType=application
[2026-08-15 16:20:39.890 (UTC)] info/network	[System] TCP 16	| Connection opened from "127.0.0.1" via the server socket 8 | Severity=75 | SourceName=System | EventType=network
[2026-08-15 16:20:39.890 (UTC)] info/channel	[System] TCP 16	| SC 1	| SecureChannel created | Severity=75 | SourceName=System | EventType=channel
[2026-08-15 16:20:41.020 (UTC)] info/application	[Sensor] Updated distance: 22.672206374198293 cm | Severity=75 | SourceName=Sensor3 | EventType=application
[2026-08-15 16:20:41.041 (UTC)] info/channel	[System] TCP 16	| SC 1	| OpenSecureChannel: Channel opened with SecurityMode None for SecurityPolicy http://opcfoundation.org/UA/SecurityPolicy#None and a revised lifetime of 600.0s | Severity=75 | SourceName=System | EventType=channel
[2026-08-15 16:20:41.061 (UTC)] warn/client	[System] Removing a UserTokenPolicy that would allow the password to be transmitted without encryption (Can be enabled via config->allowNonePolicyPassword) | Severity=175 | SourceName=System | EventType=client
[2026-08-15 16:20:41.061 (UTC)] warn/client	[System] Removing a UserTokenPolicy that would allow the password to be transmitted without encryption (Can be enabled via config->allowNonePolicyPassword) | Severity=175 | SourceName=System | EventType=client
[2026-08-15 16:20:41.072 (UTC)] warn/client	[System] Removing a UserTokenPolicy that would allow the password to be transmitted without encryption (Can be enabled via config->allowNonePolicyPassword) | Severity=175 | SourceName=System | EventType=client
[2026-08-15 16:20:41.072 (UTC)] warn/client	[System] Removing a UserTokenPolicy that would allow the password to be transmitted without encryption (Can be enabled via config->allowNonePolicyPassword) | Severity=175 | SourceName=System | EventType=client
[2026-08-15 16:20:41.072 (UTC)] info/session	[System] TCP 16	| SC 1	| Session "ns=1;g=6178d8f0-b3ee-d43c-2612-717743c4bc5b"	| Session created | Severity=75 | SourceName=System | EventType=session
[2026-08-15 16:20:41.083 (UTC)] info/session	[System] TCP 16	| SC 1	| Session "ns=1;g=6178d8f0-b3ee-d43c-2612-717743c4bc5b"	| ActivateSession: Session activated with ClientUserId "" | Severity=75 | SourceName=System | EventType=session
[2026-08-15 16:20:41.469 (UTC)] info/session	[System] TCP 16	| SC 1	| Session "ns=1;g=6178d8f0-b3ee-d43c-2612-717743c4bc5b"	| Subscription 1 | Subscription created (Publishing interval 500.0ms, max 1000 notifications per publish) | Severity=75 | SourceName=System | EventType=session
[2026-08-15 16:20:41.490 (UTC)] info/session	[System] TCP 16	| SC 1	| Session "ns=1;g=6178d8f0-b3ee-d43c-2612-717743c4bc5b"	| Subscription 1 | MonitoredItem 1 | Created the MonitoredItem (Sampling Interval: 250.0ms, Queue Size: 1) | Severity=75 | SourceName=System | EventType=session
[2026-08-15 16:20:42.027 (UTC)] info/application	[Sensor] Updated distance: 48.253741025111516 cm | Severity=75 | SourceName=Sensor3 | EventType=application
[2026-08-15 16:20:42.897 (UTC)] info/network	[System] TCP 17	| Connection opened from "127.0.0.1" via the server socket 8 | Severity=75 | SourceName=System | EventType=network
[2026-08-15 16:20:42.897 (UTC)] info/channel	[System] TCP 17	| SC 2	| SecureChannel created | Severity=75 | SourceName=System | EventType=channel
[2026-08-15 16:20:42.918 (UTC)] info/channel	[System] TCP 17	| SC 2	| OpenSecureChannel: Channel opened with SecurityMode None for SecurityPolicy http://opcfoundation.org/UA/SecurityPolicy#None and a revised lifetime of 600.0s | Severity=75 | SourceName=System | EventType=channel
[2026-08-15 16:20:42.938 (UTC)] warn/client	[System] Removing a UserTokenPolicy that would allow the password to be transmitted without encryption (Can be enabled via config->allowNonePolicyPassword) | Severity=175 | SourceName=System | EventType=client
[2026-08-15 16:20:42.938 (UTC)] warn/client	[System] Removing a UserTokenPolicy that would allow the password to be transmitted without encryption (Can be enabled via config->allowNonePolicyPassword) | Severity=175 | SourceName=System | EventType=client
[2026-08-15 16:20:42.949 (UTC)] warn/client	[System] Removing a UserTokenPolicy that would allow the password to be transmitted without encryption (Can be enabled via config->allowNonePolicyPassword) | Severity=175 | SourceName=System | EventType=client
[2026-08-15 16:20:42.949 (UTC)] warn/client	[System] Removing a UserTokenPolicy that would allow the password to be transmitted without encryption (Can be enabled via config->allowNonePolicyPassword) | Severity=175 | SourceName=System | EventType=client
[2026-08-15 16:20:42.950 (UTC)] info/session	[System] TCP 17	| SC 2	| Session "ns=1;g=5e8a32af-9c41-9468-e2fe-8fa83693f94f"	| Session created | Severity=75 | SourceName=System | EventType=session
[2026-08-15 16:20:42.960 (UTC)] info/session	[System] TCP 17	| SC 2	| Session "ns=1;g=5e8a32af-9c41-9468-e2fe-8fa83693f94f"	| ActivateSession: Session activated with ClientUserId "" | Severity=75 | SourceName=System | EventType=session
[2026-08-15 16:20:43.021 (UTC)] info/application	[Sensor] Updated distance: 49.37389883369854 cm | Severity=75 | SourceName=Sensor3 | EventType=application
[2026-08-15 16:20:44.022 (UTC)] info/application	[Sensor] Updated distance: 42.125522423594035 cm | Severity=75 | SourceName=Sensor3 | EventType=application
[2026-08-15 16:20:45.023 (UTC)] info/application	[Sensor] Updated distance: 9.728975448631203 cm | Severity=75 | SourceName=Sensor3 | EventType=application
[2026-08-15 16:20:46.025 (UTC)] info/application	[Sensor] Updated distance: 26.249075550701967 cm | Severity=75 | SourceName=Sensor3 | EventType=application
[2026-08-15 16:20:47.028 (UTC)] info/application	[Sensor] Updated distance: 24.548402617940866 cm | Severity=75 | SourceName=Sensor3 | EventType=application
[2026-08-15 16:20:48.030 (UTC)] info/application	[Sensor] Updated distance: 8.681727345418988 cm | Severity=75 | SourceName=Sensor3 | EventType=application
[2026-08-15 16:20:49.021 (UTC)] info/application	[Sensor] Updated distance: 10.13139788440028 cm | Severity=75 | SourceName=Sensor3 | EventType=application
[2026-08-15 16:20:50.024 (UTC)] info/application	[Sensor] Updated distance: 36.89698606119351 cm | Severity=75 | SourceName=Sensor3 | EventType=application
[2026-08-15 16:20:51.026 (UTC)] info/application	[Sensor] Updated distance: 3.4705090902142732 cm | Severity=75 | SourceName=Sensor3 | EventType=application
[2026-08-15 16:20:52.029 (UTC)] info/application	[Sensor] Updated distance: 48.82881616001428 cm | Severity=75 | SourceName=Sensor3 | EventType=application
[2026-08-15 16:20:53.021 (UTC)] info/application	[Sensor] Updated distance: 41.61309267189963 cm | Severity=75 | SourceName=Sensor3 | EventType=application
[2026-08-15 16:20:54.022 (UTC)] info/application	[Sensor] Updated distance: 18.129288345635537 cm | Severity=75 | SourceName=Sensor3 | EventType=application
[2026-08-15 16:20:55.024 (UTC)] info/application	[Sensor] Updated distance: 37.62989884783975 cm | Severity=75 | SourceName=Sensor3 | EventType=application
[2026-08-15 16:20:56.026 (UTC)] info/application	[Sensor] Updated distance: 25.42784211385429 cm | Severity=75 | SourceName=Sensor3 | EventType=application
[2026-08-15 16:20:57.030 (UTC)] info/application	[Sensor] Updated distance: 36.41405450665115 cm | Severity=75 | SourceName=Sensor3 | EventType=application
[2026-08-15 16:20:58.023 (UTC)] info/application	[Sensor] Updated distance: 10.485392902272471 cm | Severity=75 | SourceName=Sensor3 | EventType=application
[2026-08-15 16:20:59.026 (UTC)] info/application	[Sensor] Updated distance: 37.17989355473774 cm | Severity=75 | SourceName=Sensor3 | EventType=application
[2026-08-15 16:21:00.028 (UTC)] info/application	[Sensor] Updated distance: 21.537492619612017 cm | Severity=75 | SourceName=Sensor3 | EventType=application
[2026-08-15 16:21:01.030 (UTC)] info/application	[Sensor] Updated distance: 21.979218939309575 cm | Severity=75 | SourceName=Sensor3 | EventType=application
[2026-08-15 16:21:02.023 (UTC)] info/application	[Sensor] Updated distance: 45.00172524666494 cm | Severity=75 | SourceName=Sensor3 | EventType=application
[2026-08-15 16:21:03.026 (UTC)] info/application	[Sensor] Updated distance: 33.55592223981205 cm | Severity=75 | SourceName=Sensor3 | EventType=application
[2026-08-15 16:21:04.029 (UTC)] info/application	[Sensor] Updated distance: 2.928833783105404 cm | Severity=75 | SourceName=Sensor3 | EventType=application
[2026-08-15 16:21:05.022 (UTC)] info/application	[Sensor] Updated distance: 41.52539679758502 cm | Severity=75 | SourceName=Sensor3 | EventType=application
[2026-08-15 16:21:06.025 (UTC)] info/application	[Sensor] Updated distance: 25.245046663677805 cm | Severity=75 | SourceName=Sensor3 | EventType=application
[2026-08-15 16:21:07.028 (UTC)] info/application	[Sensor] Updated distance: 29.45354711797719 cm | Severity=75 | SourceName=Sensor3 | EventType=application
[2026-08-15 16:21:08.021 (UTC)] info/application	[Sensor] Updated distance: 4.7240273145605 cm | Severity=75 | SourceName=Sensor3 | EventType=application
[2026-08-15 16:21:09.024 (UTC)] info/application	[Sensor] Updated distance: 16.53484705022296 cm | Severity=75 | SourceName=Sensor3 | EventType=application
[2026-08-15 16:21:10.027 (UTC)] info/application	[Sensor] Updated distance: 36.67308461790582 cm | Severity=75 | SourceName=Sensor3 | EventType=application
[2026-08-15 16:21:11.030 (UTC)] info/application	[Sensor] Updated distance: 23.295618245981455 cm | Severity=75 | SourceName=Sensor3 | EventType=application
[2026-08-15 16:21:12.023 (UTC)] info/application	[Sensor] Updated distance: 37.207053424421254 cm | Severity=75 | SourceName=Sensor3 | EventType=application
[2026-08-15 16:21:13.025 (UTC)] info/application	[Sensor] Updated distance: 34.926825620665596 cm | Severity=75 | SourceName=Sensor3 | EventType=application
[2026-08-15 16:21:14.027 (UTC)] info/application	[Sensor] Updated distance: 22.66951705732826 cm | Severity=75 | SourceName=Sensor3 | EventType=application
[2026-08-15 16:21:15.030 (UTC)] info/application	[Sensor] Updated distance: 29.332575848015292 cm | Severity=75 | SourceName=Sensor3 | EventType=application
[2026-08-15 16:21:16.022 (UTC)] info/application	[Sensor] Updated distance: 42.6558010692968 cm | Severity=75 | SourceName=Sensor3 | EventType=application
[2026-08-15 16:21:17.024 (UTC)] info/application	[Sensor] Updated distance: 46.91859260803023 cm | Severity=75 | SourceName=Sensor3 | EventType=application
[2026-08-15 16:21:18.026 (UTC)] info/application	[Sensor] Updated distance: 3.880978443604418 cm | Severity=75 | SourceName=Sensor3 | EventType=application
[2026-08-15 16:21:19.028 (UTC)] info/application	[Sensor] Updated distance: 49.33752841471579 cm | Severity=75 | SourceName=Sensor3 | EventType=application
[2026-08-15 16:21:20.022 (UTC)] info/application	[Sensor] Updated distance: 7.049990470078769 cm | Severity=75 | SourceName=Sensor3 | EventType=application
[2026-08-15 16:21:21.024 (UTC)] info/application	[Sensor] Updated distance: 38.77796450479792 cm | Severity=75 | SourceName=Sensor3 | EventType=application
[2026-08-15 16:21:22.026 (UTC)] info/application	[Sensor] Updated distance: 2.8080375049300668 cm | Severity=75 | SourceName=Sensor3 | EventType=application
[2026-08-15 16:21:23.029 (UTC)] info/application	[Sensor] Updated distance: 5.878806607741307 cm | Severity=75 | SourceName=Sensor3 | EventType=application
[2026-08-15 16:21:24.021 (UTC)] info/application	[Sensor] Updated distance: 30.391057154345816 cm | Severity=75 | SourceName=Sensor3 | EventType=application
[2026-08-15 16:21:25.023 (UTC)] info/application	[Sensor] Updated distance: 18.937325850565603 cm | Severity=75 | SourceName=Sensor3 | EventType=application
[2026-08-15 16:21:26.025 (UTC)] info/application	[Sensor] Updated distance: 41.50870545558105 cm | Severity=75 | SourceName=Sensor3 | EventType=application
[2026-08-15 16:21:27.027 (UTC)] info/application	[Sensor] Updated distance: 5.818899268200108 cm | Severity=75 | SourceName=Sensor3 | EventType=application
[2026-08-15 16:21:28.030 (UTC)] info/application	[Sensor] Updated distance: 5.351380334865013 cm | Severity=75 | SourceName=Sensor3 | EventType=application
[2026-08-15 16:21:29.021 (UTC)] info/application	[Sensor] Updated distance: 49.994098380205266 cm | Severity=75 | SourceName=Sensor3 | EventType=application
[2026-08-15 16:21:30.024 (UTC)] info/application	[Sensor] Updated distance: 40.99879282293785 cm | Severity=75 | SourceName=Sensor3 | EventType=application
[2026-08-15 16:21:31.026 (UTC)] info/application	[Sensor] Updated distance: 24.88887295447703 cm | Severity=75 | SourceName=Sensor3 | EventType=application
[2026-08-15 16:21:32.027 (UTC)] info/application	[Sensor] Updated distance: 21.9733172971631 cm | Severity=75 | SourceName=Sensor3 | EventType=application
[2026-08-15 16:21:33.029 (UTC)] info/application	[Sensor] Updated distance: 36.00051806960279 cm | Severity=75 | SourceName=Sensor3 | EventType=application
[2026-08-15 16:21:34.022 (UTC)] info/application	[Sensor] Updated distance: 8.444795171937344 cm | Severity=75 | SourceName=Sensor3 | EventType=application
[2026-08-15 16:21:35.024 (UTC)] info/application	[Sensor] Updated distance: 22.902151102620245 cm | Severity=75 | SourceName=Sensor3 | EventType=application
[2026-08-15 16:21:36.026 (UTC)] info/application	[Sensor] Updated distance: 27.525914844836066 cm | Severity=75 | SourceName=Sensor3 | EventType=application
[2026-08-15 16:21:37.028 (UTC)] info/application	[Sensor] Updated distance: 31.68984185796689 cm | Severity=75 | SourceName=Sensor3 | EventType=application
[2026-08-15 16:21:38.030 (UTC)] info/application	[Sensor] Updated distance: 2.3556981982456975 cm | Severity=75 | SourceName=Sensor3 | EventType=application
[2026-08-15 16:21:39.021 (UTC)] info/application	[Sensor] Updated distance: 30.249942159396568 cm | Severity=75 | SourceName=Sensor3 | EventType=application
[2026-08-15 16:21:40.023 (UTC)] info/application	[Sensor] Updated distance: 46.224688908189854 cm | Severity=75 | SourceName=Sensor3 | EventType=application
[2026-08-15 16:21:41.026 (UTC)] info/application	[Sensor] Updated distance: 37.02878281615152 cm | Severity=75 | SourceName=Sensor3 | EventType=application
[2026-08-15 16:21:41.026 (UTC)] info/session	[System] TCP 17	| SC 2	| Session "ns=1;g=5e8a32af-9c41-9468-e2fe-8fa83693f94f"	| WriteRequest returned status code BadUserAccessDenied | Severity=75 | SourceName=System | EventType=session
[2026-08-15 16:21:42.027 (UTC)] info/application	[Sensor] Updated distance: 3.5455603830262836 cm | Severity=75 | SourceName=Sensor3 | EventType=application
[2026-08-15 16:21:43.029 (UTC)] info/application	[Sensor] Updated distance: 33.43174233261111 cm | Severity=75 | SourceName=Sensor3 | EventType=application
[2026-08-15 16:21:44.030 (UTC)] info/application	[Sensor] Updated distance: 21.955608414465377 cm | Severity=75 | SourceName=Sensor3 | EventType=application
[2026-08-15 16:21:45.022 (UTC)] info/application	[Sensor] Updated distance: 24.21507744035454 cm | Severity=75 | SourceName=Sensor3 | EventType=application
[2026-08-15 16:21:46.024 (UTC)] info/application	[Sensor] Updated distance: 12.764318158274664 cm | Severity=75 | SourceName=Sensor3 | EventType=application
[2026-08-15 16:21:47.026 (UTC)] info/application	[Sensor] Updated distance: 14.61140946141044 cm | Severity=75 | SourceName=Sensor3 | EventType=application
[2026-08-15 16:21:48.028 (UTC)] info/application	[Sensor] Updated distance: 21.13367002603303 cm | Severity=75 | SourceName=Sensor3 | EventType=application
[2026-08-15 16:21:49.030 (UTC)] info/application	[Sensor] Updated distance: 14.645296601879082 cm | Severity=75 | SourceName=Sensor3 | EventType=application
[2026-08-15 16:21:50.023 (UTC)] info/application	[Sensor] Updated distance: 13.948937876126234 cm | Severity=75 | SourceName=Sensor3 | EventType=application
[2026-08-15 16:21:51.025 (UTC)] info/application	[Sensor] Updated distance: 26.1836604961118 cm | Severity=75 | SourceName=Sensor3 | EventType=application
[2026-08-15 16:21:52.027 (UTC)] info/application	[Sensor] Updated distance: 3.4232610843252673 cm | Severity=75 | SourceName=Sensor3 | EventType=application
[2026-08-15 16:21:53.029 (UTC)] info/application	[Sensor] Updated distance: 14.7569753810563 cm | Severity=75 | SourceName=Sensor3 | EventType=application
[2026-08-15 16:21:54.022 (UTC)] info/application	[Sensor] Updated distance: 30.062467126204847 cm | Severity=75 | SourceName=Sensor3 | EventType=application
[2026-08-15 16:21:55.024 (UTC)] info/application	[Sensor] Updated distance: 31.814318261022827 cm | Severity=75 | SourceName=Sensor3 | EventType=application
[2026-08-15 16:21:56.026 (UTC)] info/application	[Sensor] Updated distance: 31.694301231621903 cm | Severity=75 | SourceName=Sensor3 | EventType=application
[2026-08-15 16:21:57.028 (UTC)] info/application	[Sensor] Updated distance: 21.57117255943416 cm | Severity=75 | SourceName=Sensor3 | EventType=application
[2026-08-15 16:21:58.021 (UTC)] info/application	[Sensor] Updated distance: 35.63321752922293 cm | Severity=75 | SourceName=Sensor3 | EventType=application
[2026-08-15 16:21:59.023 (UTC)] info/application	[Sensor] Updated distance: 35.04568156648692 cm | Severity=75 | SourceName=Sensor3 | EventType=application
[2026-08-15 16:22:00.026 (UTC)] info/application	[Sensor] Updated distance: 21.565270917287688 cm | Severity=75 | SourceName=Sensor3 | EventType=application
[2026-08-15 16:22:01.028 (UTC)] info/application	[Sensor] Updated distance: 26.63201032980904 cm | Severity=75 | SourceName=Sensor3 | EventType=application
[2026-08-15 16:22:02.030 (UTC)] info/application	[Sensor] Updated distance: 9.934554498612208 cm | Severity=75 | SourceName=Sensor3 | EventType=application
[2026-08-15 16:22:03.022 (UTC)] info/application	[Sensor] Updated distance: 41.53858823680253 cm | Severity=75 | SourceName=Sensor3 | EventType=application
[2026-08-15 16:22:04.024 (UTC)] info/application	[Sensor] Updated distance: 12.632528377060092 cm | Severity=75 | SourceName=Sensor3 | EventType=application
[2026-08-15 16:22:05.026 (UTC)] info/application	[Sensor] Updated distance: 16.37934967054955 cm | Severity=75 | SourceName=Sensor3 | EventType=application
[2026-08-15 16:22:06.029 (UTC)] info/application	[Sensor] Updated distance: 14.440739317071037 cm | Severity=75 | SourceName=Sensor3 | EventType=application
[2026-08-15 16:22:07.022 (UTC)] info/application	[Sensor] Updated distance: 38.1584432442479 cm | Severity=75 | SourceName=Sensor3 | EventType=application
[2026-08-15 16:22:08.024 (UTC)] info/application	[Sensor] Updated distance: 46.06919152851644 cm | Severity=75 | SourceName=Sensor3 | EventType=application
[2026-08-15 16:22:09.027 (UTC)] info/application	[Sensor] Updated distance: 14.796437515316734 cm | Severity=75 | SourceName=Sensor3 | EventType=application
[2026-08-15 16:22:10.028 (UTC)] info/application	[Sensor] Updated distance: 18.40838538129273 cm | Severity=75 | SourceName=Sensor3 | EventType=application
[2026-08-15 16:22:11.030 (UTC)] info/application	[Sensor] Updated distance: 42.293880436706296 cm | Severity=75 | SourceName=Sensor3 | EventType=application
[2026-08-15 16:22:12.022 (UTC)] info/application	[Sensor] Updated distance: 49.825220353819994 cm | Severity=75 | SourceName=Sensor3 | EventType=application
[2026-08-15 16:22:13.024 (UTC)] info/application	[Sensor] Updated distance: 19.953945786670754 cm | Severity=75 | SourceName=Sensor3 | EventType=application
[2026-08-15 16:22:14.026 (UTC)] info/application	[Sensor] Updated distance: 25.72562274696567 cm | Severity=75 | SourceName=Sensor3 | EventType=application
[2026-08-15 16:22:15.027 (UTC)] info/application	[Sensor] Updated distance: 21.780828745933633 cm | Severity=75 | SourceName=Sensor3 | EventType=application
[2026-08-15 16:22:16.030 (UTC)] info/application	[Sensor] Updated distance: 42.1690232270253 cm | Severity=75 | SourceName=Sensor3 | EventType=application
[2026-08-15 16:22:17.021 (UTC)] info/application	[Sensor] Updated distance: 36.48994090524033 cm | Severity=75 | SourceName=Sensor3 | EventType=application
[2026-08-15 16:22:18.024 (UTC)] info/application	[Sensor] Updated distance: 34.39223822969581 cm | Severity=75 | SourceName=Sensor3 | EventType=application
[2026-08-15 16:22:19.025 (UTC)] info/application	[Sensor] Updated distance: 13.302693253058331 cm | Severity=75 | SourceName=Sensor3 | EventType=application
[2026-08-15 16:22:20.027 (UTC)] info/application	[Sensor] Updated distance: 49.13523750711942 cm | Severity=75 | SourceName=Sensor3 | EventType=application
[2026-08-15 16:22:21.030 (UTC)] info/application	[Sensor] Updated distance: 46.34117610582205 cm | Severity=75 | SourceName=Sensor3 | EventType=application
[2026-08-15 16:22:22.022 (UTC)] info/application	[Sensor] Updated distance: 37.48635374917013 cm | Severity=75 | SourceName=Sensor3 | EventType=application
[2026-08-15 16:22:23.024 (UTC)] info/application	[Sensor] Updated distance: 2.5584985690929454 cm | Severity=75 | SourceName=Sensor3 | EventType=application
[2026-08-15 16:22:24.026 (UTC)] info/application	[Sensor] Updated distance: 11.098151464526612 cm | Severity=75 | SourceName=Sensor3 | EventType=application
[2026-08-15 16:22:25.028 (UTC)] info/application	[Sensor] Updated distance: 17.54882085302324 cm | Severity=75 | SourceName=Sensor3 | EventType=application
[2026-08-15 16:22:26.030 (UTC)] info/application	[Sensor] Updated distance: 32.37281683011577 cm | Severity=75 | SourceName=Sensor3 | EventType=application
[2026-08-15 16:22:27.022 (UTC)] info/application	[Sensor] Updated distance: 40.792452696148516 cm | Severity=75 | SourceName=Sensor3 | EventType=application
[2026-08-15 16:22:28.024 (UTC)] info/application	[Sensor] Updated distance: 37.119993434809146 cm | Severity=75 | SourceName=Sensor3 | EventType=application
[2026-08-15 16:22:29.027 (UTC)] info/application	[Sensor] Updated distance: 18.006034336986968 cm | Severity=75 | SourceName=Sensor3 | EventType=application
[2026-08-15 16:22:30.029 (UTC)] info/application	[Sensor] Updated distance: 25.838134240283694 cm | Severity=75 | SourceName=Sensor3 | EventType=application
[2026-08-15 16:22:31.021 (UTC)] info/application	[Sensor] Updated distance: 8.685264329745092 cm | Severity=75 | SourceName=Sensor3 | EventType=application
[2026-08-15 16:22:32.024 (UTC)] info/application	[Sensor] Updated distance: 42.638044689147755 cm | Severity=75 | SourceName=Sensor3 | EventType=application
[2026-08-15 16:22:33.026 (UTC)] info/application	[Sensor] Updated distance: 33.772688738895894 cm | Severity=75 | SourceName=Sensor3 | EventType=application
[2026-08-15 16:22:34.028 (UTC)] info/application	[Sensor] Updated distance: 48.22385256654762 cm | Severity=75 | SourceName=Sensor3 | EventType=application
[2026-08-15 16:22:35.030 (UTC)] info/application	[Sensor] Updated distance: 5.270573043856105 cm | Severity=75 | SourceName=Sensor3 | EventType=application
[2026-08-15 16:22:36.022 (UTC)] info/application	[Sensor] Updated distance: 48.15203840944545 cm | Severity=75 | SourceName=Sensor3 | EventType=application
[2026-08-15 16:22:37.024 (UTC)] info/application	[Sensor] Updated distance: 12.664591861266917 cm | Severity=75 | SourceName=Sensor3 | EventType=application
[2026-08-15 16:22:38.026 (UTC)] info/application	[Sensor] Updated distance: 41.42901628810401 cm | Severity=75 | SourceName=Sensor3 | EventType=application
[2026-08-15 16:22:39.029 (UTC)] info/application	[Sensor] Updated distance: 44.221229937961894 cm | Severity=75 | SourceName=Sensor3 | EventType=application
[2026-08-15 16:22:40.021 (UTC)] info/application	[Sensor] Updated distance: 25.461029398935395 cm | Severity=75 | SourceName=Sensor3 | EventType=application
[2026-08-15 16:22:41.024 (UTC)] info/application	[Sensor] Updated distance: 9.83740166939674 cm | Severity=75 | SourceName=Sensor3 | EventType=application
[2026-08-15 16:22:42.026 (UTC)] info/application	[Sensor] Updated distance: 36.515110352316455 cm | Severity=75 | SourceName=Sensor3 | EventType=application
[2026-08-15 16:22:43.027 (UTC)] info/application	[Sensor] Updated distance: 25.28624973040365 cm | Severity=75 | SourceName=Sensor3 | EventType=application
[2026-08-15 16:22:44.029 (UTC)] info/application	[Sensor] Updated distance: 27.791347456067495 cm | Severity=75 | SourceName=Sensor3 | EventType=application
[2026-08-15 16:22:45.021 (UTC)] info/application	[Sensor] Updated distance: 12.240733076930386 cm | Severity=75 | SourceName=Sensor3 | EventType=application
[2026-08-15 16:22:46.024 (UTC)] info/application	[Sensor] Updated distance: 45.06707847633729 cm | Severity=75 | SourceName=Sensor3 | EventType=application
[2026-08-15 16:22:47.026 (UTC)] info/application	[Sensor] Updated distance: 19.960370660741052 cm | Severity=75 | SourceName=Sensor3 | EventType=application
[2026-08-15 16:22:48.029 (UTC)] info/application	[Sensor] Updated distance: 46.73067398217072 cm | Severity=75 | SourceName=Sensor3 | EventType=application
[2026-08-15 16:22:49.022 (UTC)] info/application	[Sensor] Updated distance: 29.45931668368136 cm | Severity=75 | SourceName=Sensor3 | EventType=application
[2026-08-15 16:22:50.023 (UTC)] info/application	[Sensor] Updated distance: 31.263063913799385 cm | Severity=75 | SourceName=Sensor3 | EventType=application
[2026-08-15 16:22:51.027 (UTC)] info/application	[Sensor] Updated distance: 45.8659114669384 cm | Severity=75 | SourceName=Sensor3 | EventType=application
[2026-08-15 16:22:52.029 (UTC)] info/application	[Sensor] Updated distance: 25.800492767151674 cm | Severity=75 | SourceName=Sensor3 | EventType=application
[2026-08-15 16:22:53.021 (UTC)] info/application	[Sensor] Updated distance: 18.749417662969517 cm | Severity=75 | SourceName=Sensor3 | EventType=application
[2026-08-15 16:22:54.023 (UTC)] info/application	[Sensor] Updated distance: 46.42441003603135 cm | Severity=75 | SourceName=Sensor3 | EventType=application
[2026-08-15 16:22:55.025 (UTC)] info/application	[Sensor] Updated distance: 34.89864423167828 cm | Severity=75 | SourceName=Sensor3 | EventType=application
[2026-08-15 16:22:56.027 (UTC)] info/application	[Sensor] Updated distance: 34.29823851599276 cm | Severity=75 | SourceName=Sensor3 | EventType=application
[2026-08-15 16:22:57.030 (UTC)] info/application	[Sensor] Updated distance: 28.79722686614712 cm | Severity=75 | SourceName=Sensor3 | EventType=application
[2026-08-15 16:22:58.022 (UTC)] info/application	[Sensor] Updated distance: 25.69109690547506 cm | Severity=75 | SourceName=Sensor3 | EventType=application
[2026-08-15 16:22:59.024 (UTC)] info/application	[Sensor] Updated distance: 21.41823192845016 cm | Severity=75 | SourceName=Sensor3 | EventType=application
[2026-08-15 16:23:00.026 (UTC)] info/application	[Sensor] Updated distance: 44.803261203134085 cm | Severity=75 | SourceName=Sensor3 | EventType=application
[2026-08-15 16:23:01.029 (UTC)] info/application	[Sensor] Updated distance: 49.52923114575875 cm | Severity=75 | SourceName=Sensor3 | EventType=application
[2026-08-15 16:23:02.021 (UTC)] info/application	[Sensor] Updated distance: 28.103496280546995 cm | Severity=75 | SourceName=Sensor3 | EventType=application
[2026-08-15 16:23:03.023 (UTC)] info/application	[Sensor] Updated distance: 37.4413058699301 cm | Severity=75 | SourceName=Sensor3 | EventType=application
[2026-08-15 16:23:03.084 (UTC)] info/session	[System] TCP 17	| SC 2	| Session "ns=1;g=5e8a32af-9c41-9468-e2fe-8fa83693f94f"	| WriteRequest returned status code BadUserAccessDenied | Severity=75 | SourceName=System | EventType=session
[2026-08-15 16:23:04.026 (UTC)] info/application	[Sensor] Updated distance: 33.30191986230291 cm | Severity=75 | SourceName=Sensor3 | EventType=application
[2026-08-15 16:23:05.028 (UTC)] info/application	[Sensor] Updated distance: 26.327348824742877 cm | Severity=75 | SourceName=Sensor3 | EventType=application
[2026-08-15 16:23:06.030 (UTC)] info/application	[Sensor] Updated distance: 40.71187893613794 cm | Severity=75 | SourceName=Sensor3 | EventType=application
[2026-08-15 16:23:07.022 (UTC)] info/application	[Sensor] Updated distance: 31.453958271748366 cm | Severity=75 | SourceName=Sensor3 | EventType=application
[2026-08-15 16:23:08.024 (UTC)] info/application	[Sensor] Updated distance: 36.99194070836154 cm | Severity=75 | SourceName=Sensor3 | EventType=application
[2026-08-15 16:23:09.027 (UTC)] info/application	[Sensor] Updated distance: 32.14089520189022 cm | Severity=75 | SourceName=Sensor3 | EventType=application
[2026-08-15 16:23:10.029 (UTC)] info/application	[Sensor] Updated distance: 25.675188187358522 cm | Severity=75 | SourceName=Sensor3 | EventType=application
[2026-08-15 16:23:11.021 (UTC)] info/application	[Sensor] Updated distance: 12.452970084945191 cm | Severity=75 | SourceName=Sensor3 | EventType=application
[2026-08-15 16:23:12.024 (UTC)] info/application	[Sensor] Updated distance: 39.97829687128695 cm | Severity=75 | SourceName=Sensor3 | EventType=application
[2026-08-15 16:23:13.026 (UTC)] info/application	[Sensor] Updated distance: 12.190298517323237 cm | Severity=75 | SourceName=Sensor3 | EventType=application
[2026-08-15 16:23:14.028 (UTC)] info/application	[Sensor] Updated distance: 35.73921981534884 cm | Severity=75 | SourceName=Sensor3 | EventType=application
[2026-08-15 16:23:15.021 (UTC)] info/application	[Sensor] Updated distance: 17.769644305002707 cm | Severity=75 | SourceName=Sensor3 | EventType=application
[2026-08-15 16:23:16.023 (UTC)] info/application	[Sensor] Updated distance: 22.431031594253625 cm | Severity=75 | SourceName=Sensor3 | EventType=application
[2026-08-15 16:23:17.026 (UTC)] info/application	[Sensor] Updated distance: 30.806298269334388 cm | Severity=75 | SourceName=Sensor3 | EventType=application
[2026-08-15 16:23:18.028 (UTC)] info/application	[Sensor] Updated distance: 35.730014988095505 cm | Severity=75 | SourceName=Sensor3 | EventType=application
[2026-08-15 16:23:19.021 (UTC)] info/application	[Sensor] Updated distance: 19.161705554072608 cm | Severity=75 | SourceName=Sensor3 | EventType=application
[2026-08-15 16:23:20.024 (UTC)] info/application	[Sensor] Updated distance: 10.265614953015751 cm | Severity=75 | SourceName=Sensor3 | EventType=application
[2026-08-15 16:23:21.026 (UTC)] info/application	[Sensor] Updated distance: 16.993078879543148 cm | Severity=75 | SourceName=Sensor3 | EventType=application
[2026-08-15 16:23:22.028 (UTC)] info/application	[Sensor] Updated distance: 15.027616998659267 cm | Severity=75 | SourceName=Sensor3 | EventType=application
[2026-08-15 16:23:23.021 (UTC)] info/application	[Sensor] Updated distance: 34.06610772016742 cm | Severity=75 | SourceName=Sensor3 | EventType=application
[2026-08-15 16:23:24.023 (UTC)] info/application	[Sensor] Updated distance: 33.74249654251267 cm | Severity=75 | SourceName=Sensor3 | EventType=application
[2026-08-15 16:23:25.025 (UTC)] info/application	[Sensor] Updated distance: 11.452027012338874 cm | Severity=75 | SourceName=Sensor3 | EventType=application
[2026-08-15 16:23:26.027 (UTC)] info/application	[Sensor] Updated distance: 18.964751951845713 cm | Severity=75 | SourceName=Sensor3 | EventType=application
[2026-08-15 16:23:27.029 (UTC)] info/application	[Sensor] Updated distance: 18.04073505850543 cm | Severity=75 | SourceName=Sensor3 | EventType=application
[2026-08-15 16:23:28.021 (UTC)] info/application	[Sensor] Updated distance: 38.249253878485995 cm | Severity=75 | SourceName=Sensor3 | EventType=application
[2026-08-15 16:23:29.023 (UTC)] info/application	[Sensor] Updated distance: 42.65584885732077 cm | Severity=75 | SourceName=Sensor3 | EventType=application
[2026-08-15 16:23:30.025 (UTC)] info/application	[Sensor] Updated distance: 37.458966986955595 cm | Severity=75 | SourceName=Sensor3 | EventType=application
[2026-08-15 16:23:31.027 (UTC)] info/application	[Sensor] Updated distance: 33.052515081620086 cm | Severity=75 | SourceName=Sensor3 | EventType=application
[2026-08-15 16:23:32.030 (UTC)] info/application	[Sensor] Updated distance: 42.18508000307953 cm | Severity=75 | SourceName=Sensor3 | EventType=application
[2026-08-15 16:23:33.022 (UTC)] info/application	[Sensor] Updated distance: 15.562463245150848 cm | Severity=75 | SourceName=Sensor3 | EventType=application
[2026-08-15 16:23:34.024 (UTC)] info/application	[Sensor] Updated distance: 20.493820929198442 cm | Severity=75 | SourceName=Sensor3 | EventType=application
[2026-08-15 16:23:35.026 (UTC)] info/application	[Sensor] Updated distance: 25.486999843030702 cm | Severity=75 | SourceName=Sensor3 | EventType=application
[2026-08-15 16:23:36.028 (UTC)] info/application	[Sensor] Updated distance: 39.889812092245464 cm | Severity=75 | SourceName=Sensor3 | EventType=application
[2026-08-15 16:23:37.030 (UTC)] info/application	[Sensor] Updated distance: 11.205699842984648 cm | Severity=75 | SourceName=Sensor3 | EventType=application
[2026-08-15 16:23:38.022 (UTC)] info/application	[Sensor] Updated distance: 6.940958092427327 cm | Severity=75 | SourceName=Sensor3 | EventType=application
[2026-08-15 16:23:39.024 (UTC)] info/application	[Sensor] Updated distance: 26.881752778255265 cm | Severity=75 | SourceName=Sensor3 | EventType=application
[2026-08-15 16:23:40.027 (UTC)] info/application	[Sensor] Updated distance: 41.3465950672266 cm | Severity=75 | SourceName=Sensor3 | EventType=application
[2026-08-15 16:23:41.029 (UTC)] info/application	[Sensor] Updated distance: 30.61614627978585 cm | Severity=75 | SourceName=Sensor3 | EventType=application
[2026-08-15 16:23:42.022 (UTC)] info/application	[Sensor] Updated distance: 37.334722863200454 cm | Severity=75 | SourceName=Sensor3 | EventType=application
[2026-08-15 16:23:43.024 (UTC)] info/application	[Sensor] Updated distance: 31.324891916161818 cm | Severity=75 | SourceName=Sensor3 | EventType=application
[2026-08-15 16:23:44.026 (UTC)] info/application	[Sensor] Updated distance: 40.80644479710909 cm | Severity=75 | SourceName=Sensor3 | EventType=application
[2026-08-15 16:23:45.028 (UTC)] info/application	[Sensor] Updated distance: 23.073942656197556 cm | Severity=75 | SourceName=Sensor3 | EventType=application
[2026-08-15 16:23:46.021 (UTC)] info/application	[Sensor] Updated distance: 47.094536243516266 cm | Severity=75 | SourceName=Sensor3 | EventType=application
[2026-08-15 16:23:47.023 (UTC)] info/application	[Sensor] Updated distance: 13.237476369010972 cm | Severity=75 | SourceName=Sensor3 | EventType=application
[2026-08-15 16:23:48.025 (UTC)] info/application	[Sensor] Updated distance: 3.880240903180205 cm | Severity=75 | SourceName=Sensor3 | EventType=application
[2026-08-15 16:23:49.028 (UTC)] info/application	[Sensor] Updated distance: 32.824551209260036 cm | Severity=75 | SourceName=Sensor3 | EventType=application
[2026-08-15 16:23:50.029 (UTC)] info/application	[Sensor] Updated distance: 30.399181923083578 cm | Severity=75 | SourceName=Sensor3 | EventType=application
[2026-08-15 16:23:51.022 (UTC)] info/application	[Sensor] Updated distance: 12.145855856195956 cm | Severity=75 | SourceName=Sensor3 | EventType=application
[2026-08-15 16:23:52.025 (UTC)] info/application	[Sensor] Updated distance: 47.817630088803185 cm | Severity=75 | SourceName=Sensor3 | EventType=application
[2026-08-15 16:23:53.027 (UTC)] info/application	[Sensor] Updated distance: 43.426798921742844 cm | Severity=75 | SourceName=Sensor3 | EventType=application
[2026-08-15 16:23:54.030 (UTC)] info/application	[Sensor] Updated distance: 44.21196359871512 cm | Severity=75 | SourceName=Sensor3 | EventType=application
[2026-08-15 16:23:55.023 (UTC)] info/application	[Sensor] Updated distance: 31.560126631315853 cm | Severity=75 | SourceName=Sensor3 | EventType=application
[2026-08-15 16:23:56.026 (UTC)] info/application	[Sensor] Updated distance: 4.878825934081723 cm | Severity=75 | SourceName=Sensor3 | EventType=application
[2026-08-15 16:23:57.028 (UTC)] info/application	[Sensor] Updated distance: 13.176715528209096 cm | Severity=75 | SourceName=Sensor3 | EventType=application
[2026-08-15 16:23:58.030 (UTC)] info/application	[Sensor] Updated distance: 47.600861689821286 cm | Severity=75 | SourceName=Sensor3 | EventType=application
[2026-08-15 16:23:59.022 (UTC)] info/application	[Sensor] Updated distance: 41.12807981256772 cm | Severity=75 | SourceName=Sensor3 | EventType=application
[2026-08-15 16:24:00.024 (UTC)] info/application	[Sensor] Updated distance: 5.832564363178129 cm | Severity=75 | SourceName=Sensor3 | EventType=application
[2026-08-15 16:24:01.025 (UTC)] info/application	[Sensor] Updated distance: 35.05982865442514 cm | Severity=75 | SourceName=Sensor3 | EventType=application
[2026-08-15 16:24:02.028 (UTC)] info/application	[Sensor] Updated distance: 24.18059487183606 cm | Severity=75 | SourceName=Sensor3 | EventType=application
[2026-08-15 16:24:03.030 (UTC)] info/application	[Sensor] Updated distance: 46.017644366257656 cm | Severity=75 | SourceName=Sensor3 | EventType=application
[2026-08-15 16:24:04.022 (UTC)] info/application	[Sensor] Updated distance: 48.622291921927726 cm | Severity=75 | SourceName=Sensor3 | EventType=application
[2026-08-15 16:24:05.024 (UTC)] info/application	[Sensor] Updated distance: 42.67441582338624 cm | Severity=75 | SourceName=Sensor3 | EventType=application
[2026-08-15 16:24:06.026 (UTC)] info/application	[Sensor] Updated distance: 21.504644209288358 cm | Severity=75 | SourceName=Sensor3 | EventType=application
[2026-08-15 16:24:06.128 (UTC)] info/session	[System] TCP 17	| SC 2	| Session "ns=1;g=5e8a32af-9c41-9468-e2fe-8fa83693f94f"	| WriteRequest returned status code BadUserAccessDenied | Severity=75 | SourceName=System | EventType=session
[2026-08-15 16:24:07.029 (UTC)] info/application	[Sensor] Updated distance: 38.512103991821455 cm | Severity=75 | SourceName=Sensor3 | EventType=application
[2026-08-15 16:24:08.021 (UTC)] info/application	[Sensor] Updated distance: 3.880115644019151 cm | Severity=75 | SourceName=Sensor3 | EventType=application
[2026-08-15 16:24:09.023 (UTC)] info/application	[Sensor] Updated distance: 26.445602301715688 cm | Severity=75 | SourceName=Sensor3 | EventType=application
[2026-08-15 16:24:10.026 (UTC)] info/application	[Sensor] Updated distance: 15.39385674772498 cm | Severity=75 | SourceName=Sensor3 | EventType=application
[2026-08-15 16:24:11.029 (UTC)] info/application	[Sensor] Updated distance: 43.22671071124575 cm | Severity=75 | SourceName=Sensor3 | EventType=application
[2026-08-15 16:24:12.021 (UTC)] info/application	[Sensor] Updated distance: 7.061748581501538 cm | Severity=75 | SourceName=Sensor3 | EventType=application
[2026-08-15 16:24:13.023 (UTC)] info/application	[Sensor] Updated distance: 2.728579588573696 cm | Severity=75 | SourceName=Sensor3 | EventType=application
[2026-08-15 16:24:14.025 (UTC)] info/application	[Sensor] Updated distance: 24.551602627407572 cm | Severity=75 | SourceName=Sensor3 | EventType=application
[2026-08-15 16:24:15.028 (UTC)] info/application	[Sensor] Updated distance: 45.86819337861063 cm | Severity=75 | SourceName=Sensor3 | EventType=application
[2026-08-15 16:24:16.030 (UTC)] info/application	[Sensor] Updated distance: 23.802522244771254 cm | Severity=75 | SourceName=Sensor3 | EventType=application
[2026-08-15 16:24:17.022 (UTC)] info/application	[Sensor] Updated distance: 21.6461388485721 cm | Severity=75 | SourceName=Sensor3 | EventType=application
[2026-08-15 16:24:18.025 (UTC)] info/application	[Sensor] Updated distance: 9.105669747621597 cm | Severity=75 | SourceName=Sensor3 | EventType=application
[2026-08-15 16:24:19.027 (UTC)] info/application	[Sensor] Updated distance: 25.68276314795146 cm | Severity=75 | SourceName=Sensor3 | EventType=application
[2026-08-15 16:24:20.029 (UTC)] info/application	[Sensor] Updated distance: 4.470690035480396 cm | Severity=75 | SourceName=Sensor3 | EventType=application
[2026-08-15 16:24:21.021 (UTC)] info/application	[Sensor] Updated distance: 37.50485167070518 cm | Severity=75 | SourceName=Sensor3 | EventType=application
[2026-08-15 16:24:22.023 (UTC)] info/application	[Sensor] Updated distance: 35.828619026499155 cm | Severity=75 | SourceName=Sensor3 | EventType=application
[2026-08-15 16:24:23.025 (UTC)] info/application	[Sensor] Updated distance: 2.2883201019318404 cm | Severity=75 | SourceName=Sensor3 | EventType=application
[2026-08-15 16:24:24.027 (UTC)] info/application	[Sensor] Updated distance: 30.931650592448026 cm | Severity=75 | SourceName=Sensor3 | EventType=application
[2026-08-15 16:24:25.029 (UTC)] info/application	[Sensor] Updated distance: 30.04058260286254 cm | Severity=75 | SourceName=Sensor3 | EventType=application
[2026-08-15 16:24:26.021 (UTC)] info/application	[Sensor] Updated distance: 31.848446733247695 cm | Severity=75 | SourceName=Sensor3 | EventType=application
[2026-08-15 16:24:27.023 (UTC)] info/application	[Sensor] Updated distance: 33.81047652652975 cm | Severity=75 | SourceName=Sensor3 | EventType=application
[2026-08-15 16:24:28.025 (UTC)] info/application	[Sensor] Updated distance: 41.21729813107164 cm | Severity=75 | SourceName=Sensor3 | EventType=application
[2026-08-15 16:24:29.027 (UTC)] info/application	[Sensor] Updated distance: 29.44930840071724 cm | Severity=75 | SourceName=Sensor3 | EventType=application
[2026-08-15 16:24:30.030 (UTC)] info/application	[Sensor] Updated distance: 24.938556316745725 cm | Severity=75 | SourceName=Sensor3 | EventType=application
[2026-08-15 16:24:31.022 (UTC)] info/application	[Sensor] Updated distance: 45.04986249424976 cm | Severity=75 | SourceName=Sensor3 | EventType=application
[2026-08-15 16:24:32.025 (UTC)] info/application	[Sensor] Updated distance: 14.50913705514238 cm | Severity=75 | SourceName=Sensor3 | EventType=application
[2026-08-15 16:24:33.027 (UTC)] info/application	[Sensor] Updated distance: 47.11915121093352 cm | Severity=75 | SourceName=Sensor3 | EventType=application
[2026-08-15 16:24:34.029 (UTC)] info/application	[Sensor] Updated distance: 41.06750686050742 cm | Severity=75 | SourceName=Sensor3 | EventType=application
[2026-08-15 16:24:35.020 (UTC)] info/application	[Sensor] Updated distance: 13.131428954718368 cm | Severity=75 | SourceName=Sensor3 | EventType=application
[2026-08-15 16:24:36.022 (UTC)] info/application	[Sensor] Updated distance: 39.79356701196803 cm | Severity=75 | SourceName=Sensor3 | EventType=application
[2026-08-15 16:24:37.024 (UTC)] info/application	[Sensor] Updated distance: 12.572151047444041 cm | Severity=75 | SourceName=Sensor3 | EventType=application
[2026-08-15 16:24:38.026 (UTC)] info/application	[Sensor] Updated distance: 49.64353294653982 cm | Severity=75 | SourceName=Sensor3 | EventType=application
[2026-08-15 16:24:39.028 (UTC)] info/application	[Sensor] Updated distance: 41.67368265598718 cm | Severity=75 | SourceName=Sensor3 | EventType=application
[2026-08-15 16:24:40.020 (UTC)] info/application	[Sensor] Updated distance: 37.017753349159726 cm | Severity=75 | SourceName=Sensor3 | EventType=application
[2026-08-15 16:24:41.023 (UTC)] info/application	[Sensor] Updated distance: 15.037389671913063 cm | Severity=75 | SourceName=Sensor3 | EventType=application
[2026-08-15 16:24:42.025 (UTC)] info/application	[Sensor] Updated distance: 34.90039336723294 cm | Severity=75 | SourceName=Sensor3 | EventType=application
[2026-08-15 16:24:43.028 (UTC)] info/application	[Sensor] Updated distance: 42.079501930661266 cm | Severity=75 | SourceName=Sensor3 | EventType=application
[2026-08-15 16:24:44.030 (UTC)] info/application	[Sensor] Updated distance: 15.76596926048676 cm | Severity=75 | SourceName=Sensor3 | EventType=application
[2026-08-15 16:24:45.022 (UTC)] info/application	[Sensor] Updated distance: 9.45199597228877 cm | Severity=75 | SourceName=Sensor3 | EventType=application
[2026-08-15 16:24:46.023 (UTC)] info/application	[Sensor] Updated distance: 37.94769530927189 cm | Severity=75 | SourceName=Sensor3 | EventType=application
[2026-08-15 16:24:47.025 (UTC)] info/application	[Sensor] Updated distance: 37.56849150525801 cm | Severity=75 | SourceName=Sensor3 | EventType=application
[2026-08-15 16:24:48.027 (UTC)] info/application	[Sensor] Updated distance: 29.09813482086087 cm | Severity=75 | SourceName=Sensor3 | EventType=application
[2026-08-15 16:24:49.030 (UTC)] info/application	[Sensor] Updated distance: 45.05336505689349 cm | Severity=75 | SourceName=Sensor3 | EventType=application
[2026-08-15 16:24:50.023 (UTC)] info/application	[Sensor] Updated distance: 13.251254630857732 cm | Severity=75 | SourceName=Sensor3 | EventType=application
[2026-08-15 16:24:51.025 (UTC)] info/application	[Sensor] Updated distance: 31.56882485634127 cm | Severity=75 | SourceName=Sensor3 | EventType=application
[2026-08-15 16:24:52.028 (UTC)] info/application	[Sensor] Updated distance: 32.55821670524693 cm | Severity=75 | SourceName=Sensor3 | EventType=application
[2026-08-15 16:24:53.021 (UTC)] info/application	[Sensor] Updated distance: 47.079873657356885 cm | Severity=75 | SourceName=Sensor3 | EventType=application
[2026-08-15 16:24:54.024 (UTC)] info/application	[Sensor] Updated distance: 31.857144958273107 cm | Severity=75 | SourceName=Sensor3 | EventType=application
[2026-08-15 16:24:55.027 (UTC)] info/application	[Sensor] Updated distance: 13.489867275343213 cm | Severity=75 | SourceName=Sensor3 | EventType=application
[2026-08-15 16:24:56.029 (UTC)] info/application	[Sensor] Updated distance: 27.120456237867685 cm | Severity=75 | SourceName=Sensor3 | EventType=application
[2026-08-15 16:24:57.022 (UTC)] info/application	[Sensor] Updated distance: 13.705591691520805 cm | Severity=75 | SourceName=Sensor3 | EventType=application
[2026-08-15 16:24:58.024 (UTC)] info/application	[Sensor] Updated distance: 45.30034380187296 cm | Severity=75 | SourceName=Sensor3 | EventType=application
[2026-08-15 16:24:59.027 (UTC)] info/application	[Sensor] Updated distance: 18.33775434658758 cm | Severity=75 | SourceName=Sensor3 | EventType=application
[2026-08-15 16:25:00.030 (UTC)] info/application	[Sensor] Updated distance: 41.154900092238044 cm | Severity=75 | SourceName=Sensor3 | EventType=application
[2026-08-15 16:25:01.022 (UTC)] info/application	[Sensor] Updated distance: 20.23890011861869 cm | Severity=75 | SourceName=Sensor3 | EventType=application
[2026-08-15 16:25:02.025 (UTC)] info/application	[Sensor] Updated distance: 13.387616840837344 cm | Severity=75 | SourceName=Sensor3 | EventType=application
[2026-08-15 16:25:03.028 (UTC)] info/application	[Sensor] Updated distance: 5.6640371250286865 cm | Severity=75 | SourceName=Sensor3 | EventType=application
[2026-08-15 16:25:04.030 (UTC)] info/application	[Sensor] Updated distance: 17.358051307200476 cm | Severity=75 | SourceName=Sensor3 | EventType=application
[2026-08-15 16:25:05.023 (UTC)] info/application	[Sensor] Updated distance: 4.455123678993026 cm | Severity=75 | SourceName=Sensor3 | EventType=application
[2026-08-15 16:25:06.025 (UTC)] info/application	[Sensor] Updated distance: 16.795466079747055 cm | Severity=75 | SourceName=Sensor3 | EventType=application
[2026-08-15 16:25:07.028 (UTC)] info/application	[Sensor] Updated distance: 7.151618296816767 cm | Severity=75 | SourceName=Sensor3 | EventType=application
[2026-08-15 16:25:08.021 (UTC)] info/application	[Sensor] Updated distance: 15.027274726437065 cm | Severity=75 | SourceName=Sensor3 | EventType=application
[2026-08-15 16:25:09.024 (UTC)] info/application	[Sensor] Updated distance: 16.438999003935137 cm | Severity=75 | SourceName=Sensor3 | EventType=application
[2026-08-15 16:25:10.026 (UTC)] info/application	[Sensor] Updated distance: 46.82530095280395 cm | Severity=75 | SourceName=Sensor3 | EventType=application
[2026-08-15 16:25:11.028 (UTC)] info/application	[Sensor] Updated distance: 2.0450280532450544 cm | Severity=75 | SourceName=Sensor3 | EventType=application
[2026-08-15 16:25:12.021 (UTC)] info/application	[Sensor] Updated distance: 29.476388675848202 cm | Severity=75 | SourceName=Sensor3 | EventType=application
[2026-08-15 16:25:13.025 (UTC)] info/application	[Sensor] Updated distance: 31.725694297685145 cm | Severity=75 | SourceName=Sensor3 | EventType=application
[2026-08-15 16:25:14.027 (UTC)] info/application	[Sensor] Updated distance: 42.12453000625806 cm | Severity=75 | SourceName=Sensor3 | EventType=application
[2026-08-15 16:25:15.030 (UTC)] info/application	[Sensor] Updated distance: 43.24235793633496 cm | Severity=75 | SourceName=Sensor3 | EventType=application
[2026-08-15 16:25:16.022 (UTC)] info/application	[Sensor] Updated distance: 39.177690269973915 cm | Severity=75 | SourceName=Sensor3 | EventType=application
[2026-08-15 16:25:17.025 (UTC)] info/application	[Sensor] Updated distance: 30.072225293178214 cm | Severity=75 | SourceName=Sensor3 | EventType=application
[2026-08-15 16:25:18.028 (UTC)] info/application	[Sensor] Updated distance: 30.810849419241233 cm | Severity=75 | SourceName=Sensor3 | EventType=application
[2026-08-15 16:25:19.030 (UTC)] info/application	[Sensor] Updated distance: 18.275825068483048 cm | Severity=75 | SourceName=Sensor3 | EventType=application
[2026-08-15 16:25:20.022 (UTC)] info/application	[Sensor] Updated distance: 25.125590327719966 cm | Severity=75 | SourceName=Sensor3 | EventType=application
[2026-08-15 16:25:21.024 (UTC)] info/application	[Sensor] Updated distance: 42.06210407245071 cm | Severity=75 | SourceName=Sensor3 | EventType=application
[2026-08-15 16:25:22.026 (UTC)] info/application	[Sensor] Updated distance: 47.84464992482432 cm | Severity=75 | SourceName=Sensor3 | EventType=application
[2026-08-15 16:25:23.028 (UTC)] info/application	[Sensor] Updated distance: 7.683807010615154 cm | Severity=75 | SourceName=Sensor3 | EventType=application
[2026-08-15 16:25:24.021 (UTC)] info/application	[Sensor] Updated distance: 39.14197770745585 cm | Severity=75 | SourceName=Sensor3 | EventType=application
[2026-08-15 16:25:25.023 (UTC)] info/application	[Sensor] Updated distance: 29.701794883097424 cm | Severity=75 | SourceName=Sensor3 | EventType=application
[2026-08-15 16:25:26.026 (UTC)] info/application	[Sensor] Updated distance: 19.17367430831011 cm | Severity=75 | SourceName=Sensor3 | EventType=application
[2026-08-15 16:25:27.028 (UTC)] info/application	[Sensor] Updated distance: 16.262433945323544 cm | Severity=75 | SourceName=Sensor3 | EventType=application
[2026-08-15 16:25:28.020 (UTC)] info/application	[Sensor] Updated distance: 41.40738657461823 cm | Severity=75 | SourceName=Sensor3 | EventType=application
[2026-08-15 16:25:29.022 (UTC)] info/application	[Sensor] Updated distance: 14.474018087831334 cm | Severity=75 | SourceName=Sensor3 | EventType=application
[2026-08-15 16:25:30.025 (UTC)] info/application	[Sensor] Updated distance: 32.600188291911124 cm | Severity=75 | SourceName=Sensor3 | EventType=application
[2026-08-15 16:25:31.028 (UTC)] info/application	[Sensor] Updated distance: 32.56228664450454 cm | Severity=75 | SourceName=Sensor3 | EventType=application
[2026-08-15 16:25:32.030 (UTC)] info/application	[Sensor] Updated distance: 32.71291820645003 cm | Severity=75 | SourceName=Sensor3 | EventType=application
[2026-08-15 16:25:33.023 (UTC)] info/application	[Sensor] Updated distance: 43.98780513274846 cm | Severity=75 | SourceName=Sensor3 | EventType=application
[2026-08-15 16:25:34.025 (UTC)] info/application	[Sensor] Updated distance: 36.226323791884965 cm | Severity=75 | SourceName=Sensor3 | EventType=application
[2026-08-15 16:25:35.028 (UTC)] info/application	[Sensor] Updated distance: 48.0709695136505 cm | Severity=75 | SourceName=Sensor3 | EventType=application
[2026-08-15 16:25:36.030 (UTC)] info/application	[Sensor] Updated distance: 46.44292881174149 cm | Severity=75 | SourceName=Sensor3 | EventType=application
[2026-08-15 16:25:37.023 (UTC)] info/application	[Sensor] Updated distance: 3.0217898492802817 cm | Severity=75 | SourceName=Sensor3 | EventType=application
[2026-08-15 16:25:38.026 (UTC)] info/application	[Sensor] Updated distance: 5.222587788115529 cm | Severity=75 | SourceName=Sensor3 | EventType=application
[2026-08-15 16:25:39.028 (UTC)] info/application	[Sensor] Updated distance: 11.47020351582682 cm | Severity=75 | SourceName=Sensor3 | EventType=application
[2026-08-15 16:25:40.030 (UTC)] info/application	[Sensor] Updated distance: 17.46078887556716 cm | Severity=75 | SourceName=Sensor3 | EventType=application
[2026-08-15 16:25:41.022 (UTC)] info/application	[Sensor] Updated distance: 2.0478887409194786 cm | Severity=75 | SourceName=Sensor3 | EventType=application
[2026-08-15 16:25:42.024 (UTC)] info/application	[Sensor] Updated distance: 11.515231591423616 cm | Severity=75 | SourceName=Sensor3 | EventType=application
[2026-08-15 16:25:42.196 (UTC)] info/session	[System] TCP 17	| SC 2	| Session "ns=1;g=5e8a32af-9c41-9468-e2fe-8fa83693f94f"	| Closing the Session | Severity=75 | SourceName=System |