[SPOOF] Connecting to aggregation_server@4840 (anonymous, no auth)...
[2026-08-16 00:20:42.887 (UTC+0800)] [32minfo/network[0m	TCP 8	| Opening a connection to "127.0.0.1" on port 4840
[2026-08-16 00:20:42.890 (UTC+0800)] [32minfo/channel[0m	TCP 8	| SC 14	| SecureChannel opened with SecurityMode None for SecurityPolicy http://opcfoundation.org/UA/SecurityPolicy#None and a revised lifetime of 600.0s
[2026-08-16 00:20:42.890 (UTC+0800)] [32minfo/client[0m	Client Status: ChannelState: Open, SessionState: Closed, ConnectStatus: Good
[2026-08-16 00:20:42.891 (UTC+0800)] [32minfo/client[0m	The initially defined EndpointURL opc.tcp://127.0.0.1:4840 is valid for the server
[2026-08-16 00:20:42.891 (UTC+0800)] [33mwarn/client[0m	The server returned Endpoints with a different EndpointUrl opc.tcp://MSI:4840 than was used to initialize the connection: opc.tcp://127.0.0.1:4840. Some servers require a complete match of the EndpointUrl/DiscoveryUrl (including the path) to return all endpoints.
[2026-08-16 00:20:42.891 (UTC+0800)] [32minfo/client[0m	Endpoint 0: Best endpoint so far with UserTokenPolicy open62541-anonymous-policy-none#None
[2026-08-16 00:20:42.891 (UTC+0800)] [32minfo/client[0m	Endpoint 0 selected with SecurityMode None, SecurityPolicy http://opcfoundation.org/UA/SecurityPolicy#None and UserTokenPolicy open62541-anonymous-policy-none#None
[2026-08-16 00:20:42.891 (UTC+0800)] [32minfo/client[0m	CreateSession: Using UserTokenPolicy open62541-anonymous-policy-none#None
[2026-08-16 00:20:42.893 (UTC+0800)] [32minfo/client[0m	Client Status: ChannelState: Open, SessionState: Created, ConnectStatus: Good
[2026-08-16 00:20:42.893 (UTC+0800)] [32minfo/client[0m	ActivateSession: Using UserTokenPolicy open62541-anonymous-policy-none#None
[2026-08-16 00:20:42.893 (UTC+0800)] [32minfo/client[0m	Client Status: ChannelState: Open, SessionState: Activated, ConnectStatus: Good
[SPOOF] Connected. Lurking for 300 s, sparsely injecting 5 fake logs...
[SPOOF] t=83s injected (as Sensor2): [2026-08-15 16:22:05.144 (UTC)] info/application	[Sensor] Updated distance: 5.17162049709429 cm | Severity=75 | SourceName=Sensor2 | EventType=application
[SPOOF] t=159s injected (as Sensor2): [2026-08-15 16:23:21.192 (UTC)] info/application	[Sensor] Updated distance: 40.9189664157661 cm | Severity=75 | SourceName=Sensor2 | EventType=application
[SPOOF] t=200s injected (as Sensor2): [2026-08-15 16:24:02.018 (UTC)] info/application	[Sensor] Updated distance: 30.2552453336563 cm | Severity=75 | SourceName=Sensor2 | EventType=application
[SPOOF] t=242s injected (as Sensor2): [2026-08-15 16:24:44.043 (UTC)] info/application	[Sensor] Updated distance: 3.43159162319805 cm | Severity=75 | SourceName=Sensor2 | EventType=application
[SPOOF] t=285s injected (as Sensor2): [2026-08-15 16:25:27.070 (UTC)] info/application	[Sensor] Updated distance: 8.19850381007348 cm | Severity=75 | SourceName=Sensor2 | EventType=application
[SPOOF] Done (5/5 injected). Disconnecting.
[2026-08-16 00:25:42.081 (UTC+0800)] [32minfo/channel[0m	TCP 8	| SC 14	| SecureChannel closed
[2026-08-16 00:25:42.081 (UTC+0800)] [32minfo/client[0m	Client Status: ChannelState: Closed, SessionState: Closed, ConnectStatus: BadConnectionClosed
[2026-08-16 00:25:42.081 (UTC+0800)] [32minfo/network[0m	TCP 8	| Socket closed
