[2026-08-17 00:36:17.975 (UTC+0800)] [33mwarn/server[0m	AccessControl: Unconfigured AccessControl. Users have all permissions.
[2026-08-17 00:36:17.975 (UTC+0800)] [32minfo/server[0m	AccessControl: Anonymous login is enabled
[2026-08-17 00:36:17.975 (UTC+0800)] [33mwarn/server[0m	x509 Certificate Authentication configured, but no encrypting SecurityPolicy. This can leak credentials on the network.
[2026-08-17 00:36:18.012 (UTC+0800)] [33mwarn/application[0m	ServerUrls already set. Overriding.
[2026-08-17 00:36:18.012 (UTC+0800)] [33mwarn/server[0m	AccessControl: Unconfigured AccessControl. Users have all permissions.
[2026-08-17 00:36:18.012 (UTC+0800)] [32minfo/server[0m	AccessControl: Anonymous login is enabled
[2026-08-17 00:36:18.012 (UTC+0800)] [33mwarn/server[0m	x509 Certificate Authentication configured, but no encrypting SecurityPolicy. This can leak credentials on the network.
[2026-08-17 00:36:18.012 (UTC+0800)] [33mwarn/server[0m	x509 Certificate Authentication configured, but no encrypting SecurityPolicy. This can leak credentials on the network.
[2026-08-16 16:36:18.012 (UTC)] info/application	Sensor Server online (Client/Server mode, id=1 port=4842) | Severity=75 | SourceName=Sensor | EventType=application
Entering background polling mode: attempting to connect to Aggregation Server...
Connected successfully. Log forwarding started.
[2026-08-16 16:36:19.019 (UTC)] info/application	[Sensor] Updated distance: 25.2460798317315 cm | Severity=75 | SourceName=Sensor | EventType=application
[2026-08-16 16:36:19.982 (UTC)] info/network	[System] TCP 16	| Connection opened from "127.0.0.1" via the server socket 8 | Severity=75 | SourceName=System | EventType=network
[2026-08-16 16:36:19.982 (UTC)] info/channel	[System] TCP 16	| SC 1	| SecureChannel created | Severity=75 | SourceName=System | EventType=channel
[2026-08-16 16:36:20.003 (UTC)] info/channel	[System] TCP 16	| SC 1	| OpenSecureChannel: Channel opened with SecurityMode None for SecurityPolicy http://opcfoundation.org/UA/SecurityPolicy#None and a revised lifetime of 600.0s | Severity=75 | SourceName=System | EventType=channel
[2026-08-16 16:36:20.013 (UTC)] info/application	[Sensor] Updated distance: 24.2448175098956 cm | Severity=75 | SourceName=Sensor | EventType=application
[2026-08-16 16:36:20.024 (UTC)] warn/client	[System] Removing a UserTokenPolicy that would allow the password to be transmitted without encryption (Can be enabled via config->allowNonePolicyPassword) | Severity=175 | SourceName=System | EventType=client
[2026-08-16 16:36:20.024 (UTC)] warn/client	[System] Removing a UserTokenPolicy that would allow the password to be transmitted without encryption (Can be enabled via config->allowNonePolicyPassword) | Severity=175 | SourceName=System | EventType=client
[2026-08-16 16:36:20.034 (UTC)] warn/client	[System] Removing a UserTokenPolicy that would allow the password to be transmitted without encryption (Can be enabled via config->allowNonePolicyPassword) | Severity=175 | SourceName=System | EventType=client
[2026-08-16 16:36:20.034 (UTC)] warn/client	[System] Removing a UserTokenPolicy that would allow the password to be transmitted without encryption (Can be enabled via config->allowNonePolicyPassword) | Severity=175 | SourceName=System | EventType=client
[2026-08-16 16:36:20.035 (UTC)] info/session	[System] TCP 16	| SC 1	| Session "ns=1;g=43fb232b-c90e-9a94-2362-e6de0250b5db"	| Session created | Severity=75 | SourceName=System | EventType=session
[2026-08-16 16:36:20.045 (UTC)] info/session	[System] TCP 16	| SC 1	| Session "ns=1;g=43fb232b-c90e-9a94-2362-e6de0250b5db"	| ActivateSession: Session activated with ClientUserId "" | Severity=75 | SourceName=System | EventType=session
[2026-08-16 16:36:20.431 (UTC)] info/session	[System] TCP 16	| SC 1	| Session "ns=1;g=43fb232b-c90e-9a94-2362-e6de0250b5db"	| Subscription 1 | Subscription created (Publishing interval 500.0ms, max 1000 notifications per publish) | Severity=75 | SourceName=System | EventType=session
[2026-08-16 16:36:20.451 (UTC)] info/session	[System] TCP 16	| SC 1	| Session "ns=1;g=43fb232b-c90e-9a94-2362-e6de0250b5db"	| Subscription 1 | MonitoredItem 1 | Created the MonitoredItem (Sampling Interval: 250.0ms, Queue Size: 1) | Severity=75 | SourceName=System | EventType=session
[2026-08-16 16:36:21.018 (UTC)] info/application	[Sensor] Updated distance: 25.4173984881106 cm | Severity=75 | SourceName=Sensor | EventType=application
[2026-08-16 16:36:21.029 (UTC)] info/network	[System] TCP 17	| Connection opened from "127.0.0.1" via the server socket 8 | Severity=75 | SourceName=System | EventType=network
[2026-08-16 16:36:21.029 (UTC)] info/channel	[System] TCP 17	| SC 2	| SecureChannel created | Severity=75 | SourceName=System | EventType=channel
[2026-08-16 16:36:21.049 (UTC)] info/channel	[System] TCP 17	| SC 2	| OpenSecureChannel: Channel opened with SecurityMode None for SecurityPolicy http://opcfoundation.org/UA/SecurityPolicy#None and a revised lifetime of 600.0s | Severity=75 | SourceName=System | EventType=channel
[2026-08-16 16:36:21.483 (UTC)] warn/client	[System] Removing a UserTokenPolicy that would allow the password to be transmitted without encryption (Can be enabled via config->allowNonePolicyPassword) | Severity=175 | SourceName=System | EventType=client
[2026-08-16 16:36:21.483 (UTC)] warn/client	[System] Removing a UserTokenPolicy that would allow the password to be transmitted without encryption (Can be enabled via config->allowNonePolicyPassword) | Severity=175 | SourceName=System | EventType=client
[2026-08-16 16:36:21.494 (UTC)] warn/client	[System] Removing a UserTokenPolicy that would allow the password to be transmitted without encryption (Can be enabled via config->allowNonePolicyPassword) | Severity=175 | SourceName=System | EventType=client
[2026-08-16 16:36:21.494 (UTC)] warn/client	[System] Removing a UserTokenPolicy that would allow the password to be transmitted without encryption (Can be enabled via config->allowNonePolicyPassword) | Severity=175 | SourceName=System | EventType=client
[2026-08-16 16:36:21.494 (UTC)] info/session	[System] TCP 17	| SC 2	| Session "ns=1;g=a28ee246-ed3d-287d-d6cd-ecbe62169109"	| Session created | Severity=75 | SourceName=System | EventType=session
[2026-08-16 16:36:21.505 (UTC)] info/session	[System] TCP 17	| SC 2	| Session "ns=1;g=a28ee246-ed3d-287d-d6cd-ecbe62169109"	| ActivateSession: Session activated with ClientUserId "" | Severity=75 | SourceName=System | EventType=session
[2026-08-16 16:36:23.525 (UTC)] info/application	[Sensor] Updated distance: 26.4799603095651 cm | Severity=75 | SourceName=Sensor | EventType=application
[2026-08-16 16:36:23.526 (UTC)] info/session	[System] TCP 17	| SC 2	| Session "ns=1;g=a28ee246-ed3d-287d-d6cd-ecbe62169109"	| Subscription 2 | Subscription created (Publishing interval 500.0ms, max 1000 notifications per publish) | Severity=75 | SourceName=System | EventType=session
[2026-08-16 16:36:24.526 (UTC)] info/application	[Sensor] Updated distance: 25.7589268764755 cm | Severity=75 | SourceName=Sensor | EventType=application
[2026-08-16 16:36:25.526 (UTC)] info/application	[Sensor] Updated distance: 24.4391543112878 cm | Severity=75 | SourceName=Sensor | EventType=application
[2026-08-16 16:36:26.527 (UTC)] info/application	[Sensor] Updated distance: 25.0861401691037 cm | Severity=75 | SourceName=Sensor | EventType=application
[2026-08-16 16:36:27.528 (UTC)] info/application	[Sensor] Updated distance: 24.4807750733945 cm | Severity=75 | SourceName=Sensor | EventType=application
[2026-08-16 16:36:28.528 (UTC)] info/application	[Sensor] Updated distance: 23.6756811105533 cm | Severity=75 | SourceName=Sensor | EventType=application
[2026-08-16 16:36:29.529 (UTC)] info/application	[Sensor] Updated distance: 23.8290651197681 cm | Severity=75 | SourceName=Sensor | EventType=application
[2026-08-16 16:36:30.530 (UTC)] info/application	[Sensor] Updated distance: 23.2644578440881 cm | Severity=75 | SourceName=Sensor | EventType=application
[2026-08-16 16:36:31.530 (UTC)] info/application	[Sensor] Updated distance: 24.1621377981092 cm | Severity=75 | SourceName=Sensor | EventType=application
[2026-08-16 16:36:32.531 (UTC)] info/application	[Sensor] Updated distance: 23.9750992602087 cm | Severity=75 | SourceName=Sensor | EventType=application
[2026-08-16 16:36:33.532 (UTC)] info/application	[Sensor] Updated distance: 24.8596085216196 cm | Severity=75 | SourceName=Sensor | EventType=application
[2026-08-16 16:36:34.532 (UTC)] info/application	[Sensor] Updated distance: 24.4650746728131 cm | Severity=75 | SourceName=Sensor | EventType=application
[2026-08-16 16:36:35.533 (UTC)] info/application	[Sensor] Updated distance: 25.0433997027778 cm | Severity=75 | SourceName=Sensor | EventType=application
[2026-08-16 16:36:36.534 (UTC)] info/application	[Sensor] Updated distance: 24.241647831044 cm | Severity=75 | SourceName=Sensor | EventType=application
[2026-08-16 16:36:37.534 (UTC)] info/application	[Sensor] Updated distance: 24.8807575064156 cm | Severity=75 | SourceName=Sensor | EventType=application
[2026-08-16 16:36:38.527 (UTC)] info/application	[Sensor] Updated distance: 25.8588455982315 cm | Severity=75 | SourceName=Sensor | EventType=application
[2026-08-16 16:36:39.528 (UTC)] info/application	[Sensor] Updated distance: 26.2289992036433 cm | Severity=75 | SourceName=Sensor | EventType=application
[2026-08-16 16:36:40.529 (UTC)] info/application	[Sensor] Updated distance: 25.6031828523163 cm | Severity=75 | SourceName=Sensor | EventType=application
[2026-08-16 16:36:41.530 (UTC)] info/application	[Sensor] Updated distance: 25.3630691870875 cm | Severity=75 | SourceName=Sensor | EventType=application
[2026-08-16 16:36:42.530 (UTC)] info/application	[Sensor] Updated distance: 26.3483303188571 cm | Severity=75 | SourceName=Sensor | EventType=application
[2026-08-16 16:36:43.531 (UTC)] info/application	[Sensor] Updated distance: 27.667961686695 cm | Severity=75 | SourceName=Sensor | EventType=application
[2026-08-16 16:36:44.532 (UTC)] info/application	[Sensor] Updated distance: 28.0005198467991 cm | Severity=75 | SourceName=Sensor | EventType=application
[2026-08-16 16:36:45.533 (UTC)] info/application	[Sensor] Updated distance: 29.2374170721683 cm | Severity=75 | SourceName=Sensor | EventType=application
[2026-08-16 16:36:46.534 (UTC)] info/application	[Sensor] Updated distance: 29.3728614784185 cm | Severity=75 | SourceName=Sensor | EventType=application
[2026-08-16 16:36:47.535 (UTC)] info/application	[Sensor] Updated distance: 29.0927584306769 cm | Severity=75 | SourceName=Sensor | EventType=application
[2026-08-16 16:36:48.526 (UTC)] info/application	[Sensor] Updated distance: 29.1825290362735 cm | Severity=75 | SourceName=Sensor | EventType=application
[2026-08-16 16:36:49.527 (UTC)] info/application	[Sensor] Updated distance: 29.5603915213423 cm | Severity=75 | SourceName=Sensor | EventType=application
[2026-08-16 16:36:50.529 (UTC)] info/application	[Sensor] Updated distance: 29.0807248221621 cm | Severity=75 | SourceName=Sensor | EventType=application
[2026-08-16 16:36:51.530 (UTC)] info/application	[Sensor] Updated distance: 29.9165752594902 cm | Severity=75 | SourceName=Sensor | EventType=application
[2026-08-16 16:36:52.531 (UTC)] info/application	[Sensor] Updated distance: 30.793175422723 cm | Severity=75 | SourceName=Sensor | EventType=application
[2026-08-16 16:36:53.532 (UTC)] info/application	[Sensor] Updated distance: 29.9860897003608 cm | Severity=75 | SourceName=Sensor | EventType=application
[2026-08-16 16:36:54.532 (UTC)] info/application	[Sensor] Updated distance: 30.3845019577465 cm | Severity=75 | SourceName=Sensor | EventType=application
[2026-08-16 16:36:55.533 (UTC)] info/application	[Sensor] Updated distance: 29.0400686864928 cm | Severity=75 | SourceName=Sensor | EventType=application
[2026-08-16 16:36:56.534 (UTC)] info/application	[Sensor] Updated distance: 28.4132103989428 cm | Severity=75 | SourceName=Sensor | EventType=application
[2026-08-16 16:36:57.535 (UTC)] info/application	[Sensor] Updated distance: 27.9586085141444 cm | Severity=75 | SourceName=Sensor | EventType=application
[2026-08-16 16:36:58.526 (UTC)] info/application	[Sensor] Updated distance: 27.5088101471815 cm | Severity=75 | SourceName=Sensor | EventType=application
[2026-08-16 16:36:59.527 (UTC)] info/application	[Sensor] Updated distance: 27.5768578967903 cm | Severity=75 | SourceName=Sensor | EventType=application
[2026-08-16 16:37:00.528 (UTC)] info/application	[Sensor] Updated distance: 28.7756400212066 cm | Severity=75 | SourceName=Sensor | EventType=application
[2026-08-16 16:37:01.529 (UTC)] info/application	[Sensor] Updated distance: 29.2612343785638 cm | Severity=75 | SourceName=Sensor | EventType=application
[2026-08-16 16:37:02.530 (UTC)] info/application	[Sensor] Updated distance: 28.7269620821937 cm | Severity=75 | SourceName=Sensor | EventType=application
[2026-08-16 16:37:03.530 (UTC)] info/application	[Sensor] Updated distance: 28.2387056673126 cm | Severity=75 | SourceName=Sensor | EventType=application
[2026-08-16 16:37:04.531 (UTC)] info/application	[Sensor] Updated distance: 28.1088092846837 cm | Severity=75 | SourceName=Sensor | EventType=application
[2026-08-16 16:37:05.532 (UTC)] info/application	[Sensor] Updated distance: 28.680003139507 cm | Severity=75 | SourceName=Sensor | EventType=application
[2026-08-16 16:37:06.533 (UTC)] info/application	[Sensor] Updated distance: 27.2700717531937 cm | Severity=75 | SourceName=Sensor | EventType=application
[2026-08-16 16:37:07.534 (UTC)] info/application	[Sensor] Updated distance: 27.8384235002279 cm | Severity=75 | SourceName=Sensor | EventType=application
[2026-08-16 16:37:08.526 (UTC)] info/application	[Sensor] Updated distance: 27.5487270290259 cm | Severity=75 | SourceName=Sensor | EventType=application
[2026-08-16 16:37:09.528 (UTC)] info/application	[Sensor] Updated distance: 28.6168837345284 cm | Severity=75 | SourceName=Sensor | EventType=application
[2026-08-16 16:37:10.530 (UTC)] info/application	[Sensor] Updated distance: 28.0553890855775 cm | Severity=75 | SourceName=Sensor | EventType=application
[2026-08-16 16:37:11.532 (UTC)] info/application	[Sensor] Updated distance: 28.6398762644454 cm | Severity=75 | SourceName=Sensor | EventType=application
[2026-08-16 16:37:12.533 (UTC)] info/application	[Sensor] Updated distance: 27.9679193033222 cm | Severity=75 | SourceName=Sensor | EventType=application
[2026-08-16 16:37:13.533 (UTC)] info/application	[Sensor] Updated distance: 26.891685784744 cm | Severity=75 | SourceName=Sensor | EventType=application
[2026-08-16 16:37:14.535 (UTC)] info/application	[Sensor] Updated distance: 27.2958043300527 cm | Severity=75 | SourceName=Sensor | EventType=application
[2026-08-16 16:37:15.535 (UTC)] info/application	[Sensor] Updated distance: 28.4564055304306 cm | Severity=75 | SourceName=Sensor | EventType=application
[2026-08-16 16:37:16.526 (UTC)] info/application	[Sensor] Updated distance: 27.1170692372215 cm | Severity=75 | SourceName=Sensor | EventType=application
[2026-08-16 16:37:17.526 (UTC)] info/application	[Sensor] Updated distance: 26.1566321873836 cm | Severity=75 | SourceName=Sensor | EventType=application
[2026-08-16 16:37:18.527 (UTC)] info/application	[Sensor] Updated distance: 25.5371303386228 cm | Severity=75 | SourceName=Sensor | EventType=application
[2026-08-16 16:37:19.529 (UTC)] info/application	[Sensor] Updated distance: 25.7875646510104 cm | Severity=75 | SourceName=Sensor | EventType=application
[2026-08-16 16:37:20.530 (UTC)] info/application	[Sensor] Updated distance: 26.7049900862412 cm | Severity=75 | SourceName=Sensor | EventType=application
[2026-08-16 16:37:21.531 (UTC)] info/application	[Sensor] Updated distance: 27.1058215383002 cm | Severity=75 | SourceName=Sensor | EventType=application
[2026-08-16 16:37:22.532 (UTC)] info/application	[Sensor] Updated distance: 26.6921062866189 cm | Severity=75 | SourceName=Sensor | EventType=application
[2026-08-16 16:37:23.532 (UTC)] info/application	[Sensor] Updated distance: 26.9861318836855 cm | Severity=75 | SourceName=Sensor | EventType=application
[2026-08-16 16:37:24.534 (UTC)] info/application	[Sensor] Updated distance: 28.0798776133824 cm | Severity=75 | SourceName=Sensor | EventType=application
[2026-08-16 16:37:25.535 (UTC)] info/application	[Sensor] Updated distance: 29.5645746190867 cm | Severity=75 | SourceName=Sensor | EventType=application
[2026-08-16 16:37:26.526 (UTC)] info/application	[Sensor] Updated distance: 30.0141669448997 cm | Severity=75 | SourceName=Sensor | EventType=application
[2026-08-16 16:37:27.528 (UTC)] info/application	[Sensor] Updated distance: 28.9810543856495 cm | Severity=75 | SourceName=Sensor | EventType=application
[2026-08-16 16:37:28.529 (UTC)] info/application	[Sensor] Updated distance: 28.5111495051585 cm | Severity=75 | SourceName=Sensor | EventType=application
[2026-08-16 16:37:29.530 (UTC)] info/application	[Sensor] Updated distance: 30.0109434640086 cm | Severity=75 | SourceName=Sensor | EventType=application
[2026-08-16 16:37:30.531 (UTC)] info/application	[Sensor] Updated distance: 30.5458786557642 cm | Severity=75 | SourceName=Sensor | EventType=application
[2026-08-16 16:37:31.533 (UTC)] info/application	[Sensor] Updated distance: 29.7747558982925 cm | Severity=75 | SourceName=Sensor | EventType=application
[2026-08-16 16:37:32.534 (UTC)] info/application	[Sensor] Updated distance: 30.2601442131028 cm | Severity=75 | SourceName=Sensor | EventType=application
[2026-08-16 16:37:33.535 (UTC)] info/application	[Sensor] Updated distance: 28.7608071070913 cm | Severity=75 | SourceName=Sensor | EventType=application
[2026-08-16 16:37:34.526 (UTC)] info/application	[Sensor] Updated distance: 29.0014279347386 cm | Severity=75 | SourceName=Sensor | EventType=application
[2026-08-16 16:37:35.527 (UTC)] info/application	[Sensor] Updated distance: 27.85691986692 cm | Severity=75 | SourceName=Sensor | EventType=application
[2026-08-16 16:37:36.528 (UTC)] info/application	[Sensor] Updated distance: 28.4287766157318 cm | Severity=75 | SourceName=Sensor | EventType=application
[2026-08-16 16:37:37.529 (UTC)] info/application	[Sensor] Updated distance: 28.7594660570656 cm | Severity=75 | SourceName=Sensor | EventType=application
[2026-08-16 16:37:38.531 (UTC)] info/application	[Sensor] Updated distance: 29.6833097362813 cm | Severity=75 | SourceName=Sensor | EventType=application
[2026-08-16 16:37:39.533 (UTC)] info/application	[Sensor] Updated distance: 28.4654700124941 cm | Severity=75 | SourceName=Sensor | EventType=application
[2026-08-16 16:37:40.534 (UTC)] info/application	[Sensor] Updated distance: 28.3643161579335 cm | Severity=75 | SourceName=Sensor | EventType=application
[2026-08-16 16:37:41.535 (UTC)] info/application	[Sensor] Updated distance: 27.2266651868013 cm | Severity=75 | SourceName=Sensor | EventType=application
[2026-08-16 16:37:42.526 (UTC)] info/application	[Sensor] Updated distance: 28.093312641882 cm | Severity=75 | SourceName=Sensor | EventType=application
[2026-08-16 16:37:43.527 (UTC)] info/application	[Sensor] Updated distance: 28.8202018275951 cm | Severity=75 | SourceName=Sensor | EventType=application
[2026-08-16 16:37:44.528 (UTC)] info/application	[Sensor] Updated distance: 28.1063173392817 cm | Severity=75 | SourceName=Sensor | EventType=application
[2026-08-16 16:37:45.529 (UTC)] info/application	[Sensor] Updated distance: 27.8770833382742 cm | Severity=75 | SourceName=Sensor | EventType=application
[2026-08-16 16:37:46.530 (UTC)] info/application	[Sensor] Updated distance: 28.2645737229682 cm | Severity=75 | SourceName=Sensor | EventType=application
[2026-08-16 16:37:47.531 (UTC)] info/application	[Sensor] Updated distance: 27.7113529414457 cm | Severity=75 | SourceName=Sensor | EventType=application
[2026-08-16 16:37:48.532 (UTC)] info/application	[Sensor] Updated distance: 28.0216818919972 cm | Severity=75 | SourceName=Sensor | EventType=application
[2026-08-16 16:37:49.534 (UTC)] info/application	[Sensor] Updated distance: 29.2896704279304 cm | Severity=75 | SourceName=Sensor | EventType=application
[2026-08-16 16:37:50.535 (UTC)] info/application	[Sensor] Updated distance: 30.4868839587955 cm | Severity=75 | SourceName=Sensor | EventType=application
[2026-08-16 16:37:51.526 (UTC)] info/application	[Sensor] Updated distance: 30.2146383431808 cm | Severity=75 | SourceName=Sensor | EventType=application
[2026-08-16 16:37:52.528 (UTC)] info/application	[Sensor] Updated distance: 30.3834583297761 cm | Severity=75 | SourceName=Sensor | EventType=application
[2026-08-16 16:37:53.528 (UTC)] info/application	[Sensor] Updated distance: 29.6669566075629 cm | Severity=75 | SourceName=Sensor | EventType=application
[2026-08-16 16:37:54.529 (UTC)] info/application	[Sensor] Updated distance: 28.1887365890149 cm | Severity=75 | SourceName=Sensor | EventType=application
[2026-08-16 16:37:55.530 (UTC)] info/application	[Sensor] Updated distance: 27.9513023039099 cm | Severity=75 | SourceName=Sensor | EventType=application
[2026-08-16 16:37:56.530 (UTC)] info/application	[Sensor] Updated distance: 27.2194975860042 cm | Severity=75 | SourceName=Sensor | EventType=application
[2026-08-16 16:37:57.532 (UTC)] info/application	[Sensor] Updated distance: 27.6908698932691 cm | Severity=75 | SourceName=Sensor | EventType=application
[2026-08-16 16:37:58.532 (UTC)] info/application	[Sensor] Updated distance: 27.920323048914 cm | Severity=75 | SourceName=Sensor | EventType=application
[2026-08-16 16:37:59.533 (UTC)] info/application	[Sensor] Updated distance: 28.2186134519142 cm | Severity=75 | SourceName=Sensor | EventType=application
[2026-08-16 16:38:00.534 (UTC)] info/application	[Sensor] Updated distance: 28.6897797180292 cm | Severity=75 | SourceName=Sensor | EventType=application
[2026-08-16 16:38:01.535 (UTC)] info/application	[Sensor] Updated distance: 27.9541680640328 cm | Severity=75 | SourceName=Sensor | EventType=application
[2026-08-16 16:38:02.527 (UTC)] info/application	[Sensor] Updated distance: 28.9813357095613 cm | Severity=75 | SourceName=Sensor | EventType=application
[2026-08-16 16:38:03.528 (UTC)] info/application	[Sensor] Updated distance: 28.4378902890896 cm | Severity=75 | SourceName=Sensor | EventType=application
[2026-08-16 16:38:04.529 (UTC)] info/application	[Sensor] Updated distance: 27.7029415290817 cm | Severity=75 | SourceName=Sensor | EventType=application
[2026-08-16 16:38:05.530 (UTC)] info/application	[Sensor] Updated distance: 27.4707300022574 cm | Severity=75 | SourceName=Sensor | EventType=application
[2026-08-16 16:38:06.530 (UTC)] info/application	[Sensor] Updated distance: 27.2827765139671 cm | Severity=75 | SourceName=Sensor | EventType=application
[2026-08-16 16:38:07.532 (UTC)] info/application	[Sensor] Updated distance: 28.619684502771 cm | Severity=75 | SourceName=Sensor | EventType=application
[2026-08-16 16:38:08.533 (UTC)] info/application	[Sensor] Updated distance: 27.2181624158836 cm | Severity=75 | SourceName=Sensor | EventType=application
[2026-08-16 16:38:09.535 (UTC)] info/application	[Sensor] Updated distance: 26.454052605412 cm | Severity=75 | SourceName=Sensor | EventType=application
[2026-08-16 16:38:10.525 (UTC)] info/application	[Sensor] Updated distance: 25.0731208704287 cm | Severity=75 | SourceName=Sensor | EventType=application
[2026-08-16 16:38:11.527 (UTC)] info/application	[Sensor] Updated distance: 25.0704449303776 cm | Severity=75 | SourceName=Sensor | EventType=application
[2026-08-16 16:38:12.527 (UTC)] info/application	[Sensor] Updated distance: 24.6686841501709 cm | Severity=75 | SourceName=Sensor | EventType=application
[2026-08-16 16:38:13.529 (UTC)] info/application	[Sensor] Updated distance: 25.6543998702683 cm | Severity=75 | SourceName=Sensor | EventType=application
[2026-08-16 16:38:14.530 (UTC)] info/application	[Sensor] Updated distance: 24.8786131145333 cm | Severity=75 | SourceName=Sensor | EventType=application
[2026-08-16 16:38:15.531 (UTC)] info/application	[Sensor] Updated distance: 25.2629678460131 cm | Severity=75 | SourceName=Sensor | EventType=application
[2026-08-16 16:38:16.533 (UTC)] info/application	[Sensor] Updated distance: 24.519449565103 cm | Severity=75 | SourceName=Sensor | EventType=application
[2026-08-16 16:38:17.535 (UTC)] info/application	[Sensor] Updated distance: 25.631153194062 cm | Severity=75 | SourceName=Sensor | EventType=application
[2026-08-16 16:38:18.526 (UTC)] info/application	[Sensor] Updated distance: 26.9622871440194 cm | Severity=75 | SourceName=Sensor | EventType=application
[2026-08-16 16:38:19.526 (UTC)] info/application	[Sensor] Updated distance: 28.0290978136608 cm | Severity=75 | SourceName=Sensor | EventType=application
[2026-08-16 16:38:20.528 (UTC)] info/application	[Sensor] Updated distance: 28.908789977156 cm | Severity=75 | SourceName=Sensor | EventType=application
[2026-08-16 16:38:21.528 (UTC)] info/application	[Sensor] Updated distance: 29.9371374565815 cm | Severity=75 | SourceName=Sensor | EventType=application
[2026-08-16 16:38:22.529 (UTC)] info/application	[Sensor] Updated distance: 29.2317025092113 cm | Severity=75 | SourceName=Sensor | EventType=application
[2026-08-16 16:38:23.530 (UTC)] info/application	[Sensor] Updated distance: 28.7802146579047 cm | Severity=75 | SourceName=Sensor | EventType=application
[2026-08-16 16:38:24.532 (UTC)] info/application	[Sensor] Updated distance: 27.5920604137201 cm | Severity=75 | SourceName=Sensor | EventType=application
[2026-08-16 16:38:25.533 (UTC)] info/application	[Sensor] Updated distance: 26.9084054478018 cm | Severity=75 | SourceName=Sensor | EventType=application
[2026-08-16 16:38:26.535 (UTC)] info/application	[Sensor] Updated distance: 27.7194833113903 cm | Severity=75 | SourceName=Sensor | EventType=application
[2026-08-16 16:38:27.525 (UTC)] info/application	[Sensor] Updated distance: 27.2995243493 cm | Severity=75 | SourceName=Sensor | EventType=application
[2026-08-16 16:38:28.527 (UTC)] info/application	[Sensor] Updated distance: 28.5872416920435 cm | Severity=75 | SourceName=Sensor | EventType=application
[2026-08-16 16:38:29.528 (UTC)] info/application	[Sensor] Updated distance: 28.1277727098799 cm | Severity=75 | SourceName=Sensor | EventType=application
[2026-08-16 16:38:30.529 (UTC)] info/application	[Sensor] Updated distance: 29.5061041507899 cm | Severity=75 | SourceName=Sensor | EventType=application
[2026-08-16 16:38:31.529 (UTC)] info/application	[Sensor] Updated distance: 29.7649877582514 cm | Severity=75 | SourceName=Sensor | EventType=application
[2026-08-16 16:38:32.530 (UTC)] info/application	[Sensor] Updated distance: 30.0699071234884 cm | Severity=75 | SourceName=Sensor | EventType=application
[2026-08-16 16:38:33.531 (UTC)] info/application	[Sensor] Updated distance: 30.9754062099268 cm | Severity=75 | SourceName=Sensor | EventType=application
[2026-08-16 16:38:34.532 (UTC)] info/application	[Sensor] Updated distance: 32.1908443969166 cm | Severity=75 | SourceName=Sensor | EventType=application
[2026-08-16 16:38:35.532 (UTC)] info/application	[Sensor] Updated distance: 33.2608150021456 cm | Severity=75 | SourceName=Sensor | EventType=application
[2026-08-16 16:38:36.533 (UTC)] info/application	[Sensor] Updated distance: 32.4341025603629 cm | Severity=75 | SourceName=Sensor | EventType=application
[2026-08-16 16:38:37.534 (UTC)] info/application	[Sensor] Updated distance: 31.9615872590624 cm | Severity=75 | SourceName=Sensor | EventType=application
[2026-08-16 16:38:38.526 (UTC)] info/application	[Sensor] Updated distance: 32.8684658530953 cm | Severity=75 | SourceName=Sensor | EventType=application
[2026-08-16 16:38:39.527 (UTC)] info/application	[Sensor] Updated distance: 32.1402313244251 cm | Severity=75 | SourceName=Sensor | EventType=application
[2026-08-16 16:38:40.529 (UTC)] info/application	[Sensor] Updated distance: 32.4036062126531 cm | Severity=75 | SourceName=Sensor | EventType=application
[2026-08-16 16:38:41.530 (UTC)] info/application	[Sensor] Updated distance: 33.4295530717026 cm | Severity=75 | SourceName=Sensor | EventType=application
[2026-08-16 16:38:42.531 (UTC)] info/application	[Sensor] Updated distance: 34.1986426029814 cm | Severity=75 | SourceName=Sensor | EventType=application
[2026-08-16 16:38:43.531 (UTC)] info/application	[Sensor] Updated distance: 35.5602567110026 cm | Severity=75 | SourceName=Sensor | EventType=application
[2026-08-16 16:38:44.532 (UTC)] info/application	[Sensor] Updated distance: 36.0719192887526 cm | Severity=75 | SourceName=Sensor | EventType=application
[2026-08-16 16:38:45.532 (UTC)] info/application	[Sensor] Updated distance: 37.5652220642964 cm | Severity=75 | SourceName=Sensor | EventType=application
[2026-08-16 16:38:46.533 (UTC)] info/application	[Sensor] Updated distance: 37.8111909024004 cm | Severity=75 | SourceName=Sensor | EventType=application
[2026-08-16 16:38:47.533 (UTC)] info/application	[Sensor] Updated distance: 39.0793351992403 cm | Severity=75 | SourceName=Sensor | EventType=application
[2026-08-16 16:38:48.534 (UTC)] info/application	[Sensor] Updated distance: 40.1843416023461 cm | Severity=75 | SourceName=Sensor | EventType=application
[2026-08-16 16:38:49.535 (UTC)] info/application	[Sensor] Updated distance: 40.2614443890105 cm | Severity=75 | SourceName=Sensor | EventType=application
[2026-08-16 16:38:50.525 (UTC)] info/application	[Sensor] Updated distance: 41.0963993540948 cm | Severity=75 | SourceName=Sensor | EventType=application
[2026-08-16 16:38:51.526 (UTC)] info/application	[Sensor] Updated distance: 41.5810979192989 cm | Severity=75 | SourceName=Sensor | EventType=application
[2026-08-16 16:38:52.527 (UTC)] info/application	[Sensor] Updated distance: 41.1865481839919 cm | Severity=75 | SourceName=Sensor | EventType=application
[2026-08-16 16:38:53.527 (UTC)] info/application	[Sensor] Updated distance: 39.8160682017059 cm | Severity=75 | SourceName=Sensor | EventType=application
[2026-08-16 16:38:54.529 (UTC)] info/application	[Sensor] Updated distance: 38.3492789142064 cm | Severity=75 | SourceName=Sensor | EventType=application
[2026-08-16 16:38:55.529 (UTC)] info/application	[Sensor] Updated distance: 38.2665749347148 cm | Severity=75 | SourceName=Sensor | EventType=application
[2026-08-16 16:38:56.531 (UTC)] info/application	[Sensor] Updated distance: 37.7124399865104 cm | Severity=75 | SourceName=Sensor | EventType=application
[2026-08-16 16:38:57.532 (UTC)] info/application	[Sensor] Updated distance: 38.5567285625994 cm | Severity=75 | SourceName=Sensor | EventType=application
[2026-08-16 16:38:58.534 (UTC)] info/application	[Sensor] Updated distance: 39.5540656224145 cm | Severity=75 | SourceName=Sensor | EventType=application
[2026-08-16 16:38:59.535 (UTC)] info/application	[Sensor] Updated distance: 38.7876480155567 cm | Severity=75 | SourceName=Sensor | EventType=application
[2026-08-16 16:39:00.526 (UTC)] info/application	[Sensor] Updated distance: 37.6724676094821 cm | Severity=75 | SourceName=Sensor | EventType=application
[2026-08-16 16:39:01.527 (UTC)] info/application	[Sensor] Updated distance: 38.5481361088102 cm | Severity=75 | SourceName=Sensor | EventType=application
[2026-08-16 16:39:02.528 (UTC)] info/application	[Sensor] Updated distance: 39.5406021094139 cm | Severity=75 | SourceName=Sensor | EventType=application
[2026-08-16 16:39:03.529 (UTC)] info/application	[Sensor] Updated distance: 40.2303410685763 cm | Severity=75 | SourceName=Sensor | EventType=application
[2026-08-16 16:39:04.530 (UTC)] info/application	[Sensor] Updated distance: 40.5115086529458 cm | Severity=75 | SourceName=Sensor | EventType=application
[2026-08-16 16:39:05.531 (UTC)] info/application	[Sensor] Updated distance: 41.2194128405393 cm | Severity=75 | SourceName=Sensor | EventType=application
[2026-08-16 16:39:06.533 (UTC)] info/application	[Sensor] Updated distance: 41.4791224035337 cm | Severity=75 | SourceName=Sensor | EventType=application
[2026-08-16 16:39:07.534 (UTC)] info/application	[Sensor] Updated distance: 42.4335775461204 cm | Severity=75 | SourceName=Sensor | EventType=application
[2026-08-16 16:39:08.535 (UTC)] info/application	[Sensor] Updated distance: 41.1689664310166 cm | Severity=75 | SourceName=Sensor | EventType=application
[2026-08-16 16:39:09.527 (UTC)] info/application	[Sensor] Updated distance: 40.8355545866469 cm | Severity=75 | SourceName=Sensor | EventType=application
[2026-08-16 16:39:10.529 (UTC)] info/application	[Sensor] Updated distance: 39.5617752005634 cm | Severity=75 | SourceName=Sensor | EventType=application
[2026-08-16 16:39:11.530 (UTC)] info/application	[Sensor] Updated distance: 40.0605389736875 cm | Severity=75 | SourceName=Sensor | EventType=application
[2026-08-16 16:39:12.530 (UTC)] info/application	[Sensor] Updated distance: 39.2530739869704 cm | Severity=75 | SourceName=Sensor | EventType=application
[2026-08-16 16:39:13.532 (UTC)] info/application	[Sensor] Updated distance: 40.2483841321657 cm | Severity=75 | SourceName=Sensor | EventType=application
[2026-08-16 16:39:14.534 (UTC)] info/application	[Sensor] Updated distance: 40.608762013311 cm | Severity=75 | SourceName=Sensor | EventType=application
[2026-08-16 16:39:15.526 (UTC)] info/application	[Sensor] Updated distance: 41.8129596057409 cm | Severity=75 | SourceName=Sensor | EventType=application
[2026-08-16 16:39:16.528 (UTC)] info/application	[Sensor] Updated distance: 42.8015725264799 cm | Severity=75 | SourceName=Sensor | EventType=application
[2026-08-16 16:39:17.529 (UTC)] info/application	[Sensor] Updated distance: 41.9079192443322 cm | Severity=75 | SourceName=Sensor | EventType=application
[2026-08-16 16:39:18.531 (UTC)] info/application	[Sensor] Updated distance: 42.8802611322051 cm | Severity=75 | SourceName=Sensor | EventType=application
[2026-08-16 16:39:19.532 (UTC)] info/application	[Sensor] Updated distance: 43.4738804546529 cm | Severity=75 | SourceName=Sensor | EventType=application
[2026-08-16 16:39:20.533 (UTC)] info/application	[Sensor] Updated distance: 44.1573299605667 cm | Severity=75 | SourceName=Sensor | EventType=application
[2026-08-16 16:39:21.534 (UTC)] info/application	[Sensor] Updated distance: 44.4646268135238 cm | Severity=75 | SourceName=Sensor | EventType=application
[2026-08-16 16:39:22.535 (UTC)] info/application	[Sensor] Updated distance: 44.0429447011757 cm | Severity=75 | SourceName=Sensor | EventType=application
[2026-08-16 16:39:23.526 (UTC)] info/application	[Sensor] Updated distance: 42.8318444703854 cm | Severity=75 | SourceName=Sensor | EventType=application
[2026-08-16 16:39:24.527 (UTC)] info/application	[Sensor] Updated distance: 43.2686613410566 cm | Severity=75 | SourceName=Sensor | EventType=application
[2026-08-16 16:39:25.527 (UTC)] info/application	[Sensor] Updated distance: 42.8801899412089 cm | Severity=75 | SourceName=Sensor | EventType=application
[2026-08-16 16:39:26.529 (UTC)] info/application	[Sensor] Updated distance: 43.0863857323241 cm | Severity=75 | SourceName=Sensor | EventType=application
[2026-08-16 16:39:27.530 (UTC)] info/application	[Sensor] Updated distance: 44.4690676547909 cm | Severity=75 | SourceName=Sensor | EventType=application
[2026-08-16 16:39:28.531 (UTC)] info/application	[Sensor] Updated distance: 43.4248848310322 cm | Severity=75 | SourceName=Sensor | EventType=application
[2026-08-16 16:39:29.533 (UTC)] info/application	[Sensor] Updated distance: 43.1284176805655 cm | Severity=75 | SourceName=Sensor | EventType=application
[2026-08-16 16:39:30.534 (UTC)] info/application	[Sensor] Updated distance: 42.2446819961745 cm | Severity=75 | SourceName=Sensor | EventType=application
[2026-08-16 16:39:31.526 (UTC)] info/application	[Sensor] Updated distance: 41.5853187663412 cm | Severity=75 | SourceName=Sensor | EventType=application
[2026-08-16 16:39:32.527 (UTC)] info/application	[Sensor] Updated distance: 40.6645201138056 cm | Severity=75 | SourceName=Sensor | EventType=application
[2026-08-16 16:39:33.528 (UTC)] info/application	[Sensor] Updated distance: 39.2732504286213 cm | Severity=75 | SourceName=Sensor | EventType=application
[2026-08-16 16:39:34.529 (UTC)] info/application	[Sensor] Updated distance: 37.8036261565535 cm | Severity=75 | SourceName=Sensor | EventType=application
[2026-08-16 16:39:35.530 (UTC)] info/application	[Sensor] Updated distance: 38.6639950897843 cm | Severity=75 | SourceName=Sensor | EventType=application
[2026-08-16 16:39:36.531 (UTC)] info/application	[Sensor] Updated distance: 39.4806295921936 cm | Severity=75 | SourceName=Sensor | EventType=application
[2026-08-16 16:39:37.532 (UTC)] info/application	[Sensor] Updated distance: 39.7707148831202 cm | Severity=75 | SourceName=Sensor | EventType=application
[2026-08-16 16:39:38.533 (UTC)] info/application	[Sensor] Updated distance: 40.0855389575407 cm | Severity=75 | SourceName=Sensor | EventType=application
[2026-08-16 16:39:39.534 (UTC)] info/application	[Sensor] Updated distance: 41.1375623448461 cm | Severity=75 | SourceName=Sensor | EventType=application
[2026-08-16 16:39:40.526 (UTC)] info/application	[Sensor] Updated distance: 42.5942357928 cm | Severity=75 | SourceName=Sensor | EventType=application
[2026-08-16 16:39:41.526 (UTC)] info/application	[Sensor] Updated distance: 43.135280481137 cm | Severity=75 | SourceName=Sensor | EventType=application
[2026-08-16 16:39:42.527 (UTC)] info/application	[Sensor] Updated distance: 43.1860676415666 cm | Severity=75 | SourceName=Sensor | EventType=application
[2026-08-16 16:39:43.528 (UTC)] info/application	[Sensor] Updated distance: 42.3352761014064 cm | Severity=75 | SourceName=Sensor | EventType=application
[2026-08-16 16:39:44.530 (UTC)] info/application	[Sensor] Updated distance: 42.3716309349386 cm | Severity=75 | SourceName=Sensor | EventType=application
[2026-08-16 16:39:45.532 (UTC)] info/application	[Sensor] Updated distance: 41.2827959751165 cm | Severity=75 | SourceName=Sensor | EventType=application
[2026-08-16 16:39:46.534 (UTC)] info/application	[Sensor] Updated distance: 40.1362020259892 cm | Severity=75 | SourceName=Sensor | EventType=application
[2026-08-16 16:39:47.535 (UTC)] info/application	[Sensor] Updated distance: 39.6611697788635 cm | Severity=75 | SourceName=Sensor | EventType=application
[2026-08-16 16:39:48.526 (UTC)] info/application	[Sensor] Updated distance: 39.1786815368937 cm | Severity=75 | SourceName=Sensor | EventType=application
[2026-08-16 16:39:49.526 (UTC)] info/application	[Sensor] Updated distance: 40.5044294770362 cm | Severity=75 | SourceName=Sensor | EventType=application
[2026-08-16 16:39:50.526 (UTC)] info/application	[Sensor] Updated distance: 39.1230165509615 cm | Severity=75 | SourceName=Sensor | EventType=application
[2026-08-16 16:39:51.527 (UTC)] info/application	[Sensor] Updated distance: 37.8239778135084 cm | Severity=75 | SourceName=Sensor | EventType=application
[2026-08-16 16:39:52.527 (UTC)] info/application	[Sensor] Updated distance: 37.957022605211 cm | Severity=75 | SourceName=Sensor | EventType=application
[2026-08-16 16:39:53.528 (UTC)] info/application	[Sensor] Updated distance: 37.6539275667881 cm | Severity=75 | SourceName=Sensor | EventType=application
[2026-08-16 16:39:54.528 (UTC)] info/application	[Sensor] Updated distance: 36.6437885999418 cm | Severity=75 | SourceName=Sensor | EventType=application
[2026-08-16 16:39:55.528 (UTC)] info/application	[Sensor] Updated distance: 35.7136502609186 cm | Severity=75 | SourceName=Sensor | EventType=application
[2026-08-16 16:39:56.529 (UTC)] info/application	[Sensor] Updated distance: 36.5220838240451 cm | Severity=75 | SourceName=Sensor | EventType=application
[2026-08-16 16:39:57.530 (UTC)] info/application	[Sensor] Updated distance: 37.2181406483139 cm | Severity=75 | SourceName=Sensor | EventType=application
[2026-08-16 16:39:58.530 (UTC)] info/application	[Sensor] Updated distance: 36.1706842303605 cm | Severity=75 | SourceName=Sensor | EventType=application
[2026-08-16 16:39:59.532 (UTC)] info/application	[Sensor] Updated distance: 37.4349349697283 cm | Severity=75 | SourceName=Sensor | EventType=application
[2026-08-16 16:40:00.533 (UTC)] info/application	[Sensor] Updated distance: 36.3345246421334 cm | Severity=75 | SourceName=Sensor | EventType=application
[2026-08-16 16:40:01.533 (UTC)] info/application	[Sensor] Updated distance: 35.9033325397891 cm | Severity=75 | SourceName=Sensor | EventType=application
[2026-08-16 16:40:02.533 (UTC)] info/application	[Sensor] Updated distance: 35.0082200479266 cm | Severity=75 | SourceName=Sensor | EventType=application
[2026-08-16 16:40:03.534 (UTC)] info/application	[Sensor] Updated distance: 34.4870110677961 cm | Severity=75 | SourceName=Sensor | EventType=application
[2026-08-16 16:40:04.534 (UTC)] info/application	[Sensor] Updated distance: 34.1645492816645 cm | Severity=75 | SourceName=Sensor | EventType=application
[2026-08-16 16:40:05.535 (UTC)] info/application	[Sensor] Updated distance: 33.2998125177342 cm | Severity=75 | SourceName=Sensor | EventType=application
[2026-08-16 16:40:06.526 (UTC)] info/application	[Sensor] Updated distance: 32.1389724694374 cm | Severity=75 | SourceName=Sensor | EventType=application
[2026-08-16 16:40:07.527 (UTC)] info/application	[Sensor] Updated distance: 31.1331451843182 cm | Severity=75 | SourceName=Sensor | EventType=application
[2026-08-16 16:40:08.528 (UTC)] info/application	[Sensor] Updated distance: 32.0584937113144 cm | Severity=75 | SourceName=Sensor | EventType=application
[2026-08-16 16:40:09.529 (UTC)] info/application	[Sensor] Updated distance: 32.7124777388352 cm | Severity=75 | SourceName=Sensor | EventType=application
[2026-08-16 16:40:10.529 (UTC)] info/application	[Sensor] Updated distance: 31.2586738410214 cm | Severity=75 | SourceName=Sensor | EventType=application
[2026-08-16 16:40:11.529 (UTC)] info/application	[Sensor] Updated distance: 32.1406958145745 cm | Severity=75 | SourceName=Sensor | EventType=application
[2026-08-16 16:40:12.530 (UTC)] info/application	[Sensor] Updated distance: 31.8357245290353 cm | Severity=75 | SourceName=Sensor | EventType=application
[2026-08-16 16:40:13.531 (UTC)] info/application	[Sensor] Updated distance: 31.932707791651 cm | Severity=75 | SourceName=Sensor | EventType=application
[2026-08-16 16:40:14.532 (UTC)] info/application	[Sensor] Updated distance: 30.4639382250439 cm | Severity=75 | SourceName=Sensor | EventType=application
[2026-08-16 16:40:15.533 (UTC)] info/application	[Sensor] Updated distance: 31.695321773037 cm | Severity=75 | SourceName=Sensor | EventType=application
[2026-08-16 16:40:16.525 (UTC)] info/application	[Sensor] Updated distance: 32.2034700758306 cm | Severity=75 | SourceName=Sensor | EventType=application
[2026-08-16 16:40:17.527 (UTC)] info/application	[Sensor] Updated distance: 31.0881065600962 cm | Severity=75 | SourceName=Sensor | EventType=application
[2026-08-16 16:40:18.530 (UTC)] info/application	[Sensor] Updated distance: 30.3444578595667 cm | Severity=75 | SourceName=Sensor | EventType=application
[2026-08-16 16:40:19.531 (UTC)] info/application	[Sensor] Updated distance: 28.8701179189934 cm | Severity=75 | SourceName=Sensor | EventType=application
[2026-08-16 16:40:20.533 (UTC)] info/application	[Sensor] Updated distance: 27.5805023420046 cm | Severity=75 | SourceName=Sensor | EventType=application
[2026-08-16 16:40:21.525 (UTC)] info/application	[Sensor] Updated distance: 26.9554407167972 cm | Severity=75 | SourceName=Sensor | EventType=application
[2026-08-16 16:40:22.526 (UTC)] info/application	[Sensor] Updated distance: 25.6820620401679 cm | Severity=75 | SourceName=Sensor | EventType=application
[2026-08-16 16:40:23.527 (UTC)] info/application	[Sensor] Updated distance: 26.0254912548817 cm | Severity=75 | SourceName=Sensor | EventType=application
[2026-08-16 16:40:24.529 (UTC)] info/application	[Sensor] Updated distance: 26.5973345912515 cm | Severity=75 | SourceName=Sensor | EventType=application
[2026-08-16 16:40:25.530 (UTC)] info/application	[Sensor] Updated distance: 25.8138169477758 cm | Severity=75 | SourceName=Sensor | EventType=application
[2026-08-16 16:40:26.530 (UTC)] info/application	[Sensor] Updated distance: 26.7271078234665 cm | Severity=75 | SourceName=Sensor | EventType=application
[2026-08-16 16:40:27.533 (UTC)] info/application	[Sensor] Updated distance: 26.6073847215657 cm | Severity=75 | SourceName=Sensor | EventType=application
[2026-08-16 16:40:28.533 (UTC)] info/application	[Sensor] Updated distance: 28.0199239023589 cm | Severity=75 | SourceName=Sensor | EventType=application
[2026-08-16 16:40:29.534 (UTC)] info/application	[Sensor] Updated distance: 29.3857583614932 cm | Severity=75 | SourceName=Sensor | EventType=application
[2026-08-16 16:40:30.535 (UTC)] info/application	[Sensor] Updated distance: 29.0302859975632 cm | Severity=75 | SourceName=Sensor | EventType=application
[2026-08-16 16:40:31.527 (UTC)] info/application	[Sensor] Updated distance: 27.8424148493644 cm | Severity=75 | SourceName=Sensor | EventType=application
[2026-08-16 16:40:32.527 (UTC)] info/application	[Sensor] Updated distance: 27.2770572047574 cm | Severity=75 | SourceName=Sensor | EventType=application
[2026-08-16 16:40:33.528 (UTC)] info/application	[Sensor] Updated distance: 27.526472348965 cm | Severity=75 | SourceName=Sensor | EventType=application
[2026-08-16 16:40:34.528 (UTC)] info/application	[Sensor] Updated distance: 27.3173922206356 cm | Severity=75 | SourceName=Sensor | EventType=application
[2026-08-16 16:40:35.529 (UTC)] info/application	[Sensor] Updated distance: 27.929572789897 cm | Severity=75 | SourceName=Sensor | EventType=application
[2026-08-16 16:40:36.530 (UTC)] info/application	[Sensor] Updated distance: 28.8142511701744 cm | Severity=75 | SourceName=Sensor | EventType=application
[2026-08-16 16:40:37.532 (UTC)] info/application	[Sensor] Updated distance: 28.9443309949452 cm | Severity=75 | SourceName=Sensor | EventType=application
[2026-08-16 16:40:38.532 (UTC)] info/application	[Sensor] Updated distance: 30.0506842804843 cm | Severity=75 | SourceName=Sensor | EventType=application
[2026-08-16 16:40:39.533 (UTC)] info/application	[Sensor] Updated distance: 30.3607111877579 cm | Severity=75 | SourceName=Sensor | EventType=application
[2026-08-16 16:40:40.534 (UTC)] info/application	[Sensor] Updated distance: 29.6447750386525 cm | Severity=75 | SourceName=Sensor | EventType=application
[2026-08-16 16:40:41.526 (UTC)] info/application	[Sensor] Updated distance: 30.7973244263778 cm | Severity=75 | SourceName=Sensor | EventType=application
[2026-08-16 16:40:42.527 (UTC)] info/application	[Sensor] Updated distance: 30.4893733058076 cm | Severity=75 | SourceName=Sensor | EventType=application
[2026-08-16 16:40:43.527 (UTC)] info/application	[Sensor] Updated distance: 30.968465871163 cm | Severity=75 | SourceName=Sensor | EventType=application
[2026-08-16 16:40:44.528 (UTC)] info/application	[Sensor] Updated distance: 30.717998520107 cm | Severity=75 | SourceName=Sensor | EventType=application
[2026-08-16 16:40:45.530 (UTC)] info/application	[Sensor] Updated distance: 30.4412778329297 cm | Severity=75 | SourceName=Sensor | EventType=application
[2026-08-16 16:40:46.531 (UTC)] info/application	[Sensor] Updated distance: 30.6517539462782 cm | Severity=75 | SourceName=Sensor | EventType=application
[2026-08-16 16:40:47.533 (UTC)] info/application	[Sensor] Updated distance: 29.4094348966188 cm | Severity=75 | SourceName=Sensor | EventType=application
[2026-08-16 16:40:48.535 (UTC)] info/application	[Sensor] Updated distance: 29.5173506951041 cm | Severity=75 | SourceName=Sensor | EventType=application
[2026-08-16 16:40:49.526 (UTC)] info/application	[Sensor] Updated distance: 30.484178107923 cm | Severity=75 | SourceName=Sensor | EventType=application
[2026-08-16 16:40:50.527 (UTC)] info/application	[Sensor] Updated distance: 29.2675191176904 cm | Severity=75 | SourceName=Sensor | EventType=application
[2026-08-16 16:40:51.528 (UTC)] info/application	[Sensor] Updated distance: 29.5858193391868 cm | Severity=75 | SourceName=Sensor | EventType=application
[2026-08-16 16:40:52.530 (UTC)] info/application	[Sensor] Updated distance: 28.4275851254015 cm | Severity=75 | SourceName=Sensor | EventType=application
[2026-08-16 16:40:53.531 (UTC)] info/application	[Sensor] Updated distance: 27.4375474585395 cm | Severity=75 | SourceName=Sensor | EventType=application
[2026-08-16 16:40:54.533 (UTC)] info/application	[Sensor] Updated distance: 26.5992768947498 cm | Severity=75 | SourceName=Sensor | EventType=application
[2026-08-16 16:40:55.534 (UTC)] info/application	[Sensor] Updated distance: 27.5128860187311 cm | Severity=75 | SourceName=Sensor | EventType=application
[2026-08-16 16:40:56.535 (UTC)] info/application	[Sensor] Updated distance: 27.2393307083936 cm | Severity=75 | SourceName=Sensor | EventType=application
[2026-08-16 16:40:57.526 (UTC)] info/application	[Sensor] Updated distance: 25.8143510188975 cm | Severity=75 | SourceName=Sensor | EventType=application
[2026-08-16 16:40:58.527 (UTC)] info/application	[Sensor] Updated distance: 25.1082370395811 cm | Severity=75 | SourceName=Sensor | EventType=application
[2026-08-16 16:40:59.528 (UTC)] info/application	[Sensor] Updated distance: 24.7472209086396 cm | Severity=75 | SourceName=Sensor | EventType=application
[2026-08-16 16:41:00.529 (UTC)] info/application	[Sensor] Updated distance: 26.1880756782778 cm | Severity=75 | SourceName=Sensor | EventType=application
[2026-08-16 16:41:01.531 (UTC)] info/application	[Sensor] Updated distance: 26.6264893364285 cm | Severity=75 | SourceName=Sensor | EventType=application
[2026-08-16 16:41:02.532 (UTC)] info/application	[Sensor] Updated distance: 26.5776020572883 cm | Severity=75 | SourceName=Sensor | EventType=application
[2026-08-16 16:41:03.533 (UTC)] info/application	[Sensor] Updated distance: 25.9530991823194 cm | Severity=75 | SourceName=Sensor | EventType=application
[2026-08-16 16:41:04.534 (UTC)] info/application	[Sensor] Updated distance: 25.1409279832807 cm | Severity=75 | SourceName=Sensor | EventType=application
[2026-08-16 16:41:05.534 (UTC)] info/application	[Sensor] Updated distance: 26.3829605772081 cm | Severity=75 | SourceName=Sensor | EventType=application
[2026-08-16 16:41:06.525 (UTC)] info/application	[Sensor] Updated distance: 27.8706382715007 cm | Severity=75 | SourceName=Sensor | EventType=application
[2026-08-16 16:41:07.527 (UTC)] info/application	[Sensor] Updated distance: 26.4431454527393 cm | Severity=75 | SourceName=Sensor | EventType=application
[2026-08-16 16:41:08.528 (UTC)] info/application	[Sensor] Updated distance: 26.3152578700405 cm | Severity=75 | SourceName=Sensor | EventType=application
[2026-08-16 16:41:09.530 (UTC)] info/application	[Sensor] Updated distance: 27.4092888484753 cm | Severity=75 | SourceName=Sensor | EventType=application
[2026-08-16 16:41:10.531 (UTC)] info/application	[Sensor] Updated distance: 27.7918229369875 cm | Severity=75 | SourceName=Sensor | EventType=application
[2026-08-16 16:41:11.531 (UTC)] info/application	[Sensor] Updated distance: 28.4479992051833 cm | Severity=75 | SourceName=Sensor | EventType=application
[2026-08-16 16:41:12.531 (UTC)] info/application	[Sensor] Updated distance: 29.1945795699463 cm | Severity=75 | SourceName=Sensor | EventType=application
[2026-08-16 16:41:13.532 (UTC)] info/application	[Sensor] Updated distance: 27.7691625364913 cm | Severity=75 | SourceName=Sensor | EventType=application
[2026-08-16 16:41:14.534 (UTC)] info/application	[Sensor] Updated distance: 27.4044313686455 cm | Severity=75 | SourceName=Sensor | EventType=application
[2026-08-16 16:41:15.535 (UTC)] info/application	[Sensor] Updated distance: 26.4005443809557 cm | Severity=75 | SourceName=Sensor | EventType=application
[2026-08-16 16:41:16.526 (UTC)] info/application	[Sensor] Updated distance: 26.1984066617202 cm | Severity=75 | SourceName=Sensor | EventType=application
[2026-08-16 16:41:17.528 (UTC)] info/application	[Sensor] Updated distance: 27.544151607223 cm | Severity=75 | SourceName=Sensor | EventType=application
[2026-08-16 16:41:18.530 (UTC)] info/application	[Sensor] Updated distance: 26.7979455698738 cm | Severity=75 | SourceName=Sensor | EventType=application
[2026-08-16 16:41:19.530 (UTC)] info/application	[Sensor] Updated distance: 28.2037236491236 cm | Severity=75 | SourceName=Sensor | EventType=application
[2026-08-16 16:41:20.531 (UTC)] info/application	[Sensor] Updated distance: 29.0162960074452 cm | Severity=75 | SourceName=Sensor | EventType=application
[2026-08-16 16:41:21.532 (UTC)] info/application	[Sensor] Updated distance: 28.5534309812605 cm | Severity=75 | SourceName=Sensor | EventType=application
[2026-08-16 16:41:22.532 (UTC)] info/application	[Sensor] Updated distance: 28.7775092806097 cm | Severity=75 | SourceName=Sensor | EventType=application
[2026-08-16 16:41:23.533 (UTC)] info/application	[Sensor] Updated distance: 29.931847425146 cm | Severity=75 | SourceName=Sensor | EventType=application
[2026-08-16 16:41:24.534 (UTC)] info/application	[Sensor] Updated distance: 29.9789447320993 cm | Severity=75 | SourceName=Sensor | EventType=application
[2026-08-16 16:41:25.535 (UTC)] info/application	[Sensor] Updated distance: 30.8647524676587 cm | Severity=75 | SourceName=Sensor | EventType=application
[2026-08-16 16:41:26.534 (UTC)] info/application	[Sensor] Updated distance: 31.4326997347794 cm | Severity=75 | SourceName=Sensor | EventType=application
[2026-08-16 16:41:27.535 (UTC)] info/application	[Sensor] Updated distance: 32.7062417327921 cm | Severity=75 | SourceName=Sensor | EventType=application
[2026-08-16 16:41:28.525 (UTC)] info/application	[Sensor] Updated distance: 33.6670697802525 cm | Severity=75 | SourceName=Sensor | EventType=application
[2026-08-16 16:41:29.527 (UTC)] info/application	[Sensor] Updated distance: 35.0289030694538 cm | Severity=75 | SourceName=Sensor | EventType=application
[2026-08-16 16:41:30.527 (UTC)] info/application	[Sensor] Updated distance: 34.441428935128 cm | Severity=75 | SourceName=Sensor | EventType=application
[2026-08-16 16:41:31.528 (UTC)] info/application	[Sensor] Updated distance: 35.3431117508296 cm | Severity=75 | SourceName=Sensor | EventT