[SPOOF] Connecting to aggregation_server@4840 (anonymous, no auth)...
[2026-08-17 00:31:00.902 (UTC+0800)] [32minfo/network[0m	TCP 8	| Opening a connection to "127.0.0.1" on port 4840
[2026-08-17 00:31:00.904 (UTC+0800)] [32minfo/channel[0m	TCP 8	| SC 13	| SecureChannel opened with SecurityMode None for SecurityPolicy http://opcfoundation.org/UA/SecurityPolicy#None and a revised lifetime of 600.0s
[2026-08-17 00:31:00.904 (UTC+0800)] [32minfo/client[0m	Client Status: ChannelState: Open, SessionState: Closed, ConnectStatus: Good
[2026-08-17 00:31:00.904 (UTC+0800)] [32minfo/client[0m	The initially defined EndpointURL opc.tcp://127.0.0.1:4840 is valid for the server
[2026-08-17 00:31:00.905 (UTC+0800)] [33mwarn/client[0m	The server returned Endpoints with a different EndpointUrl opc.tcp://MSI:4840 than was used to initialize the connection: opc.tcp://127.0.0.1:4840. Some servers require a complete match of the EndpointUrl/DiscoveryUrl (including the path) to return all endpoints.
[2026-08-17 00:31:00.905 (UTC+0800)] [32minfo/client[0m	Endpoint 0: Best endpoint so far with UserTokenPolicy open62541-anonymous-policy-none#None
[2026-08-17 00:31:00.905 (UTC+0800)] [32minfo/client[0m	Endpoint 0 selected with SecurityMode None, SecurityPolicy http://opcfoundation.org/UA/SecurityPolicy#None and UserTokenPolicy open62541-anonymous-policy-none#None
[2026-08-17 00:31:00.905 (UTC+0800)] [32minfo/client[0m	CreateSession: Using UserTokenPolicy open62541-anonymous-policy-none#None
[2026-08-17 00:31:00.906 (UTC+0800)] [32minfo/client[0m	Client Status: ChannelState: Open, SessionState: Created, ConnectStatus: Good
[2026-08-17 00:31:00.906 (UTC+0800)] [32minfo/client[0m	ActivateSession: Using UserTokenPolicy open62541-anonymous-policy-none#None
[2026-08-17 00:31:00.907 (UTC+0800)] [32minfo/client[0m	Client Status: ChannelState: Open, SessionState: Activated, ConnectStatus: Good
[SPOOF] Connected. Lurking for 300 s, sparsely injecting 5 fake logs...
[SPOOF] t=67s injected (as Sensor2): [2026-08-16 16:32:07.144 (UTC)] info/application	[Sensor] Updated distance: 41.0843864712326 cm | Severity=75 | SourceName=Sensor2 | EventType=application
[SPOOF] t=97s injected (as Sensor2): [2026-08-16 16:32:37.161 (UTC)] info/application	[Sensor] Updated distance: 35.2550301930192 cm | Severity=75 | SourceName=Sensor2 | EventType=application
[SPOOF] t=115s injected (as Sensor2): [2026-08-16 16:32:55.172 (UTC)] info/application	[Sensor] Updated distance: 32.9732912997591 cm | Severity=75 | SourceName=Sensor2 | EventType=application
[SPOOF] t=188s injected (as Sensor2): [2026-08-16 16:34:08.015 (UTC)] info/application	[Sensor] Updated distance: 31.5614049944847 cm | Severity=75 | SourceName=Sensor2 | EventType=application
[SPOOF] t=198s injected (as Sensor2): [2026-08-16 16:34:18.020 (UTC)] info/application	[Sensor] Updated distance: 32.2178659728811 cm | Severity=75 | SourceName=Sensor2 | EventType=application
[SPOOF] Done (5/5 injected). Disconnecting.
[2026-08-17 00:36:00.082 (UTC+0800)] [32minfo/channel[0m	TCP 8	| SC 13	| SecureChannel closed
[2026-08-17 00:36:00.082 (UTC+0800)] [32minfo/client[0m	Client Status: ChannelState: Closed, SessionState: Closed, ConnectStatus: BadConnectionClosed
[2026-08-17 00:36:00.082 (UTC+0800)] [32minfo/network[0m	TCP 8	| Socket closed
