[SPOOF] Connecting to aggregation_server@4840 (anonymous, no auth)...
[2026-08-16 00:26:04.968 (UTC+0800)] [32minfo/network[0m	TCP 8	| Opening a connection to "127.0.0.1" on port 4840
[2026-08-16 00:26:05.548 (UTC+0800)] [32minfo/channel[0m	TCP 8	| SC 15	| SecureChannel opened with SecurityMode None for SecurityPolicy http://opcfoundation.org/UA/SecurityPolicy#None and a revised lifetime of 600.0s
[2026-08-16 00:26:05.548 (UTC+0800)] [32minfo/client[0m	Client Status: ChannelState: Open, SessionState: Closed, ConnectStatus: Good
[2026-08-16 00:26:05.549 (UTC+0800)] [32minfo/client[0m	The initially defined EndpointURL opc.tcp://127.0.0.1:4840 is valid for the server
[2026-08-16 00:26:05.551 (UTC+0800)] [33mwarn/client[0m	The server returned Endpoints with a different EndpointUrl opc.tcp://MSI:4840 than was used to initialize the connection: opc.tcp://127.0.0.1:4840. Some servers require a complete match of the EndpointUrl/DiscoveryUrl (including the path) to return all endpoints.
[2026-08-16 00:26:05.551 (UTC+0800)] [32minfo/client[0m	Endpoint 0: Best endpoint so far with UserTokenPolicy open62541-anonymous-policy-none#None
[2026-08-16 00:26:05.551 (UTC+0800)] [32minfo/client[0m	Endpoint 0 selected with SecurityMode None, SecurityPolicy http://opcfoundation.org/UA/SecurityPolicy#None and UserTokenPolicy open62541-anonymous-policy-none#None
[2026-08-16 00:26:05.551 (UTC+0800)] [32minfo/client[0m	CreateSession: Using UserTokenPolicy open62541-anonymous-policy-none#None
[2026-08-16 00:26:05.553 (UTC+0800)] [32minfo/client[0m	Client Status: ChannelState: Open, SessionState: Created, ConnectStatus: Good
[2026-08-16 00:26:05.553 (UTC+0800)] [32minfo/client[0m	ActivateSession: Using UserTokenPolicy open62541-anonymous-policy-none#None
[2026-08-16 00:26:05.554 (UTC+0800)] [32minfo/client[0m	Client Status: ChannelState: Open, SessionState: Activated, ConnectStatus: Good
[SPOOF] Connected. Lurking for 300 s, sparsely injecting 5 fake logs...
[SPOOF] t=21s injected (as Sensor2): [2026-08-15 16:26:26.167 (UTC)] info/application	[Sensor] Updated distance: 19.0886579831544 cm | Severity=75 | SourceName=Sensor2 | EventType=application
[SPOOF] t=54s injected (as Sensor2): [2026-08-15 16:26:59.185 (UTC)] info/application	[Sensor] Updated distance: 14.3478028533737 cm | Severity=75 | SourceName=Sensor2 | EventType=application
[SPOOF] t=58s injected (as Sensor2): [2026-08-15 16:27:03.187 (UTC)] info/application	[Sensor] Updated distance: 31.3795508432107 cm | Severity=75 | SourceName=Sensor2 | EventType=application
[SPOOF] t=80s injected (as Sensor2): [2026-08-15 16:27:25.201 (UTC)] info/application	[Sensor] Updated distance: 8.32145108576931 cm | Severity=75 | SourceName=Sensor2 | EventType=application
[SPOOF] t=196s injected (as Sensor2): [2026-08-15 16:29:21.071 (UTC)] info/application	[Sensor] Updated distance: 47.1753469543417 cm | Severity=75 | SourceName=Sensor2 | EventType=application
[SPOOF] Done (5/5 injected). Disconnecting.
[2026-08-16 00:31:05.136 (UTC+0800)] [32minfo/channel[0m	TCP 8	| SC 15	| SecureChannel closed
[2026-08-16 00:31:05.136 (UTC+0800)] [32minfo/client[0m	Client Status: ChannelState: Closed, SessionState: Closed, ConnectStatus: BadConnectionClosed
[2026-08-16 00:31:05.136 (UTC+0800)] [32minfo/network[0m	TCP 8	| Socket closed
