[2026-08-16 01:08:56.559 (UTC+0800)] [33mwarn/server[0m	AccessControl: Unconfigured AccessControl. Users have all permissions.
[2026-08-16 01:08:56.559 (UTC+0800)] [32minfo/server[0m	AccessControl: Anonymous login is enabled
[2026-08-16 01:08:56.559 (UTC+0800)] [33mwarn/server[0m	x509 Certificate Authentication configured, but no encrypting SecurityPolicy. This can leak credentials on the network.
[2026-08-16 01:08:56.593 (UTC+0800)] [33mwarn/application[0m	ServerUrls already set. Overriding.
[2026-08-16 01:08:56.593 (UTC+0800)] [33mwarn/server[0m	AccessControl: Unconfigured AccessControl. Users have all permissions.
[2026-08-16 01:08:56.593 (UTC+0800)] [32minfo/server[0m	AccessControl: Anonymous login is enabled
[2026-08-16 01:08:56.593 (UTC+0800)] [33mwarn/server[0m	x509 Certificate Authentication configured, but no encrypting SecurityPolicy. This can leak credentials on the network.
[2026-08-16 01:08:56.593 (UTC+0800)] [33mwarn/server[0m	x509 Certificate Authentication configured, but no encrypting SecurityPolicy. This can leak credentials on the network.
[2026-08-15 17:08:56.594 (UTC)] info/application	Sensor Server online (Client/Server mode, id=2 port=4843) | Severity=75 | SourceName=Sensor2 | EventType=application
Entering background polling mode: attempting to connect to Aggregation Server...
Connected successfully. Log forwarding started.
[2026-08-15 17:08:57.597 (UTC)] info/application	[Sensor] Updated distance: 41.10768496576123 cm | Severity=75 | SourceName=Sensor2 | EventType=application
[2026-08-15 17:08:58.568 (UTC)] info/network	[System] TCP 16	| Connection opened from "127.0.0.1" via the server socket 8 | Severity=75 | SourceName=System | EventType=network
[2026-08-15 17:08:58.568 (UTC)] info/channel	[System] TCP 16	| SC 1	| SecureChannel created | Severity=75 | SourceName=System | EventType=channel
[2026-08-15 17:08:59.681 (UTC)] info/application	[Sensor] Updated distance: 15.632350503295822 cm | Severity=75 | SourceName=Sensor2 | EventType=application
[2026-08-15 17:08:59.701 (UTC)] info/channel	[System] TCP 16	| SC 1	| OpenSecureChannel: Channel opened with SecurityMode None for SecurityPolicy http://opcfoundation.org/UA/SecurityPolicy#None and a revised lifetime of 600.0s | Severity=75 | SourceName=System | EventType=channel
[2026-08-15 17:08:59.722 (UTC)] warn/client	[System] Removing a UserTokenPolicy that would allow the password to be transmitted without encryption (Can be enabled via config->allowNonePolicyPassword) | Severity=175 | SourceName=System | EventType=client
[2026-08-15 17:08:59.722 (UTC)] warn/client	[System] Removing a UserTokenPolicy that would allow the password to be transmitted without encryption (Can be enabled via config->allowNonePolicyPassword) | Severity=175 | SourceName=System | EventType=client
[2026-08-15 17:08:59.732 (UTC)] warn/client	[System] Removing a UserTokenPolicy that would allow the password to be transmitted without encryption (Can be enabled via config->allowNonePolicyPassword) | Severity=175 | SourceName=System | EventType=client
[2026-08-15 17:08:59.732 (UTC)] warn/client	[System] Removing a UserTokenPolicy that would allow the password to be transmitted without encryption (Can be enabled via config->allowNonePolicyPassword) | Severity=175 | SourceName=System | EventType=client
[2026-08-15 17:08:59.733 (UTC)] info/session	[System] TCP 16	| SC 1	| Session "ns=1;g=57823122-901a-d809-f34f-440475473403"	| Session created | Severity=75 | SourceName=System | EventType=session
[2026-08-15 17:08:59.743 (UTC)] info/session	[System] TCP 16	| SC 1	| Session "ns=1;g=57823122-901a-d809-f34f-440475473403"	| ActivateSession: Session activated with ClientUserId "" | Severity=75 | SourceName=System | EventType=session
[2026-08-15 17:09:00.128 (UTC)] info/session	[System] TCP 16	| SC 1	| Session "ns=1;g=57823122-901a-d809-f34f-440475473403"	| Subscription 1 | Subscription created (Publishing interval 500.0ms, max 1000 notifications per publish) | Severity=75 | SourceName=System | EventType=session
[2026-08-15 17:09:00.149 (UTC)] info/session	[System] TCP 16	| SC 1	| Session "ns=1;g=57823122-901a-d809-f34f-440475473403"	| Subscription 1 | MonitoredItem 1 | Created the MonitoredItem (Sampling Interval: 250.0ms, Queue Size: 1) | Severity=75 | SourceName=System | EventType=session
[2026-08-15 17:09:00.685 (UTC)] info/application	[Sensor] Updated distance: 9.788956034830285 cm | Severity=75 | SourceName=Sensor2 | EventType=application
[2026-08-15 17:09:01.687 (UTC)] info/application	[Sensor] Updated distance: 27.763545823173384 cm | Severity=75 | SourceName=Sensor2 | EventType=application
[2026-08-15 17:09:02.689 (UTC)] info/application	[Sensor] Updated distance: 2.1718446836675724 cm | Severity=75 | SourceName=Sensor2 | EventType=application
[2026-08-15 17:09:03.682 (UTC)] info/application	[Sensor] Updated distance: 31.31946600848784 cm | Severity=75 | SourceName=Sensor2 | EventType=application
[2026-08-15 17:09:04.684 (UTC)] info/application	[Sensor] Updated distance: 10.221946355058787 cm | Severity=75 | SourceName=Sensor2 | EventType=application
[2026-08-15 17:09:05.686 (UTC)] info/application	[Sensor] Updated distance: 47.03696566682167 cm | Severity=75 | SourceName=Sensor2 | EventType=application
[2026-08-15 17:09:06.688 (UTC)] info/application	[Sensor] Updated distance: 3.6915606640705656 cm | Severity=75 | SourceName=Sensor2 | EventType=application
[2026-08-15 17:09:07.690 (UTC)] info/application	[Sensor] Updated distance: 6.4622929936564955 cm | Severity=75 | SourceName=Sensor2 | EventType=application
[2026-08-15 17:09:08.682 (UTC)] info/application	[Sensor] Updated distance: 34.6050051304535 cm | Severity=75 | SourceName=Sensor2 | EventType=application
[2026-08-15 17:09:09.684 (UTC)] info/application	[Sensor] Updated distance: 37.31438465570769 cm | Severity=75 | SourceName=Sensor2 | EventType=application
[2026-08-15 17:09:10.685 (UTC)] info/application	[Sensor] Updated distance: 42.83457734102131 cm | Severity=75 | SourceName=Sensor2 | EventType=application
[2026-08-15 17:09:11.688 (UTC)] info/application	[Sensor] Updated distance: 43.75225693441567 cm | Severity=75 | SourceName=Sensor2 | EventType=application
[2026-08-15 17:09:12.689 (UTC)] info/application	[Sensor] Updated distance: 43.776455734752325 cm | Severity=75 | SourceName=Sensor2 | EventType=application
[2026-08-15 17:09:13.690 (UTC)] info/application	[Sensor] Updated distance: 15.360183424018409 cm | Severity=75 | SourceName=Sensor2 | EventType=application
[2026-08-15 17:09:14.681 (UTC)] info/application	[Sensor] Updated distance: 35.670608953419425 cm | Severity=75 | SourceName=Sensor2 | EventType=application
[2026-08-15 17:09:15.684 (UTC)] info/application	[Sensor] Updated distance: 47.30042414986548 cm | Severity=75 | SourceName=Sensor2 | EventType=application
[2026-08-15 17:09:16.687 (UTC)] info/application	[Sensor] Updated distance: 19.925880827906486 cm | Severity=75 | SourceName=Sensor2 | EventType=application
[2026-08-15 17:09:17.690 (UTC)] info/application	[Sensor] Updated distance: 29.19781165346401 cm | Severity=75 | SourceName=Sensor2 | EventType=application
[2026-08-15 17:09:18.683 (UTC)] info/application	[Sensor] Updated distance: 48.058359040905884 cm | Severity=75 | SourceName=Sensor2 | EventType=application
[2026-08-15 17:09:19.684 (UTC)] info/application	[Sensor] Updated distance: 30.720595321022248 cm | Severity=75 | SourceName=Sensor2 | EventType=application
[2026-08-15 17:09:20.686 (UTC)] info/application	[Sensor] Updated distance: 45.625639876176436 cm | Severity=75 | SourceName=Sensor2 | EventType=application
[2026-08-15 17:09:21.689 (UTC)] info/application	[Sensor] Updated distance: 21.107585453944086 cm | Severity=75 | SourceName=Sensor2 | EventType=application
[2026-08-15 17:09:22.681 (UTC)] info/application	[Sensor] Updated distance: 32.883873670773525 cm | Severity=75 | SourceName=Sensor2 | EventType=application
[2026-08-15 17:09:23.683 (UTC)] info/application	[Sensor] Updated distance: 11.944087375860702 cm | Severity=75 | SourceName=Sensor2 | EventType=application
[2026-08-15 17:09:24.685 (UTC)] info/application	[Sensor] Updated distance: 11.025874872238317 cm | Severity=75 | SourceName=Sensor2 | EventType=application
[2026-08-15 17:09:25.688 (UTC)] info/application	[Sensor] Updated distance: 33.85827369236307 cm | Severity=75 | SourceName=Sensor2 | EventType=application
[2026-08-15 17:09:26.690 (UTC)] info/application	[Sensor] Updated distance: 22.905669155021045 cm | Severity=75 | SourceName=Sensor2 | EventType=application
[2026-08-15 17:09:27.682 (UTC)] info/application	[Sensor] Updated distance: 27.475750808359937 cm | Severity=75 | SourceName=Sensor2 | EventType=application
[2026-08-15 17:09:28.684 (UTC)] info/application	[Sensor] Updated distance: 32.58928256416194 cm | Severity=75 | SourceName=Sensor2 | EventType=application
[2026-08-15 17:09:29.687 (UTC)] info/application	[Sensor] Updated distance: 14.013354120782274 cm | Severity=75 | SourceName=Sensor2 | EventType=application
[2026-08-15 17:09:30.689 (UTC)] info/application	[Sensor] Updated distance: 41.1081013340075 cm | Severity=75 | SourceName=Sensor2 | EventType=application
[2026-08-15 17:09:31.691 (UTC)] info/application	[Sensor] Updated distance: 40.37823862134397 cm | Severity=75 | SourceName=Sensor2 | EventType=application
[2026-08-15 17:09:32.683 (UTC)] info/application	[Sensor] Updated distance: 39.77689994395566 cm | Severity=75 | SourceName=Sensor2 | EventType=application
[2026-08-15 17:09:33.685 (UTC)] info/application	[Sensor] Updated distance: 41.27994601767507 cm | Severity=75 | SourceName=Sensor2 | EventType=application
[2026-08-15 17:09:34.687 (UTC)] info/application	[Sensor] Updated distance: 21.697704607480066 cm | Severity=75 | SourceName=Sensor2 | EventType=application
[2026-08-15 17:09:35.689 (UTC)] info/application	[Sensor] Updated distance: 47.998846299014446 cm | Severity=75 | SourceName=Sensor2 | EventType=application
[2026-08-15 17:09:36.681 (UTC)] info/application	[Sensor] Updated distance: 38.31691168449675 cm | Severity=75 | SourceName=Sensor2 | EventType=application
[2026-08-15 17:09:37.683 (UTC)] info/application	[Sensor] Updated distance: 23.38926527155063 cm | Severity=75 | SourceName=Sensor2 | EventType=application
[2026-08-15 17:09:38.685 (UTC)] info/application	[Sensor] Updated distance: 4.461139270319203 cm | Severity=75 | SourceName=Sensor2 | EventType=application
[2026-08-15 17:09:39.687 (UTC)] info/application	[Sensor] Updated distance: 22.921916792598513 cm | Severity=75 | SourceName=Sensor2 | EventType=application
[2026-08-15 17:09:40.689 (UTC)] info/application	[Sensor] Updated distance: 10.703649904906586 cm | Severity=75 | SourceName=Sensor2 | EventType=application
[2026-08-15 17:09:41.681 (UTC)] info/application	[Sensor] Updated distance: 45.29571661134051 cm | Severity=75 | SourceName=Sensor2 | EventType=application
[2026-08-15 17:09:42.684 (UTC)] info/application	[Sensor] Updated distance: 16.67417370466244 cm | Severity=75 | SourceName=Sensor2 | EventType=application
[2026-08-15 17:09:43.686 (UTC)] info/application	[Sensor] Updated distance: 4.480105617307176 cm | Severity=75 | SourceName=Sensor2 | EventType=application
[2026-08-15 17:09:44.688 (UTC)] info/application	[Sensor] Updated distance: 10.655900013007177 cm | Severity=75 | SourceName=Sensor2 | EventType=application
[2026-08-15 17:09:45.681 (UTC)] info/application	[Sensor] Updated distance: 2.3447826357301245 cm | Severity=75 | SourceName=Sensor2 | EventType=application
[2026-08-15 17:09:46.683 (UTC)] info/application	[Sensor] Updated distance: 49.78052976717265 cm | Severity=75 | SourceName=Sensor2 | EventType=application
[2026-08-15 17:09:47.685 (UTC)] info/application	[Sensor] Updated distance: 28.581780840913662 cm | Severity=75 | SourceName=Sensor2 | EventType=application
[2026-08-15 17:09:48.688 (UTC)] info/application	[Sensor] Updated distance: 29.542594289194135 cm | Severity=75 | SourceName=Sensor2 | EventType=application
[2026-08-15 17:09:49.690 (UTC)] info/application	[Sensor] Updated distance: 47.8388887857268 cm | Severity=75 | SourceName=Sensor2 | EventType=application
[2026-08-15 17:09:50.682 (UTC)] info/application	[Sensor] Updated distance: 9.302376161935914 cm | Severity=75 | SourceName=Sensor2 | EventType=application
[2026-08-15 17:09:51.684 (UTC)] info/application	[Sensor] Updated distance: 25.16823414301883 cm | Severity=75 | SourceName=Sensor2 | EventType=application
[2026-08-15 17:09:52.685 (UTC)] info/application	[Sensor] Updated distance: 18.94647423967089 cm | Severity=75 | SourceName=Sensor2 | EventType=application
[2026-08-15 17:09:53.687 (UTC)] info/application	[Sensor] Updated distance: 40.186249832709436 cm | Severity=75 | SourceName=Sensor2 | EventType=application
[2026-08-15 17:09:54.689 (UTC)] info/application	[Sensor] Updated distance: 35.112321541231275 cm | Severity=75 | SourceName=Sensor2 | EventType=application
[2026-08-15 17:09:55.682 (UTC)] info/application	[Sensor] Updated distance: 27.972349111909207 cm | Severity=75 | SourceName=Sensor2 | EventType=application
[2026-08-15 17:09:56.684 (UTC)] info/application	[Sensor] Updated distance: 24.04452350272076 cm | Severity=75 | SourceName=Sensor2 | EventType=application
[2026-08-15 17:09:57.687 (UTC)] info/application	[Sensor] Updated distance: 8.017990673900577 cm | Severity=75 | SourceName=Sensor2 | EventType=application
[2026-08-15 17:09:58.690 (UTC)] info/application	[Sensor] Updated distance: 5.448099920269148 cm | Severity=75 | SourceName=Sensor2 | EventType=application
[2026-08-15 17:09:59.682 (UTC)] info/application	[Sensor] Updated distance: 6.633806066882706 cm | Severity=75 | SourceName=Sensor2 | EventType=application
[2026-08-15 17:10:00.684 (UTC)] info/application	[Sensor] Updated distance: 20.031344794682852 cm | Severity=75 | SourceName=Sensor2 | EventType=application
[2026-08-15 17:10:01.686 (UTC)] info/application	[Sensor] Updated distance: 44.55620125427665 cm | Severity=75 | SourceName=Sensor2 | EventType=application
[2026-08-15 17:10:02.688 (UTC)] info/application	[Sensor] Updated distance: 45.01204468822667 cm | Severity=75 | SourceName=Sensor2 | EventType=application
[2026-08-15 17:10:03.690 (UTC)] info/application	[Sensor] Updated distance: 9.808244738638514 cm | Severity=75 | SourceName=Sensor2 | EventType=application
[2026-08-15 17:10:04.683 (UTC)] info/application	[Sensor] Updated distance: 35.83614724959998 cm | Severity=75 | SourceName=Sensor2 | EventType=application
[2026-08-15 17:10:05.685 (UTC)] info/application	[Sensor] Updated distance: 16.709749273355 cm | Severity=75 | SourceName=Sensor2 | EventType=application
[2026-08-15 17:10:06.687 (UTC)] info/application	[Sensor] Updated distance: 7.807091015301221 cm | Severity=75 | SourceName=Sensor2 | EventType=application
[2026-08-15 17:10:07.690 (UTC)] info/application	[Sensor] Updated distance: 24.153058911744996 cm | Severity=75 | SourceName=Sensor2 | EventType=application
[2026-08-15 17:10:08.682 (UTC)] info/application	[Sensor] Updated distance: 38.099014544905636 cm | Severity=75 | SourceName=Sensor2 | EventType=application
[2026-08-15 17:10:09.684 (UTC)] info/application	[Sensor] Updated distance: 10.268230307972166 cm | Severity=75 | SourceName=Sensor2 | EventType=application
[2026-08-15 17:10:10.686 (UTC)] info/application	[Sensor] Updated distance: 45.07497570434351 cm | Severity=75 | SourceName=Sensor2 | EventType=application
[2026-08-15 17:10:11.688 (UTC)] info/application	[Sensor] Updated distance: 46.80266444981222 cm | Severity=75 | SourceName=Sensor2 | EventType=application
[2026-08-15 17:10:12.690 (UTC)] info/application	[Sensor] Updated distance: 5.563946896960934 cm | Severity=75 | SourceName=Sensor2 | EventType=application
[2026-08-15 17:10:13.683 (UTC)] info/application	[Sensor] Updated distance: 11.749149386654212 cm | Severity=75 | SourceName=Sensor2 | EventType=application
[2026-08-15 17:10:14.685 (UTC)] info/application	[Sensor] Updated distance: 49.282770067119394 cm | Severity=75 | SourceName=Sensor2 | EventType=application
[2026-08-15 17:10:15.687 (UTC)] info/application	[Sensor] Updated distance: 14.219846932319852 cm | Severity=75 | SourceName=Sensor2 | EventType=application
[2026-08-15 17:10:16.690 (UTC)] info/application	[Sensor] Updated distance: 12.093932044736077 cm | Severity=75 | SourceName=Sensor2 | EventType=application
[2026-08-15 17:10:17.682 (UTC)] info/application	[Sensor] Updated distance: 49.06329983429205 cm | Severity=75 | SourceName=Sensor2 | EventType=application
[2026-08-15 17:10:18.684 (UTC)] info/application	[Sensor] Updated distance: 40.80162777323351 cm | Severity=75 | SourceName=Sensor2 | EventType=application
[2026-08-15 17:10:19.686 (UTC)] info/application	[Sensor] Updated distance: 39.63652633393021 cm | Severity=75 | SourceName=Sensor2 | EventType=application
[2026-08-15 17:10:20.688 (UTC)] info/application	[Sensor] Updated distance: 46.90218859766711 cm | Severity=75 | SourceName=Sensor2 | EventType=application
[2026-08-15 17:10:21.691 (UTC)] info/application	[Sensor] Updated distance: 48.10400393516943 cm | Severity=75 | SourceName=Sensor2 | EventType=application
[2026-08-15 17:10:22.682 (UTC)] info/application	[Sensor] Updated distance: 14.804760476949047 cm | Severity=75 | SourceName=Sensor2 | EventType=application
[2026-08-15 17:10:23.684 (UTC)] info/application	[Sensor] Updated distance: 15.848662814986268 cm | Severity=75 | SourceName=Sensor2 | EventType=application
[2026-08-15 17:10:24.686 (UTC)] info/application	[Sensor] Updated distance: 38.290253767878866 cm | Severity=75 | SourceName=Sensor2 | EventType=application
[2026-08-15 17:10:25.689 (UTC)] info/application	[Sensor] Updated distance: 47.917082018180324 cm | Severity=75 | SourceName=Sensor2 | EventType=application
[2026-08-15 17:10:26.681 (UTC)] info/application	[Sensor] Updated distance: 41.82101194924722 cm | Severity=75 | SourceName=Sensor2 | EventType=application
[2026-08-15 17:10:27.683 (UTC)] info/application	[Sensor] Updated distance: 12.334777248247889 cm | Severity=75 | SourceName=Sensor2 | EventType=application
[2026-08-15 17:10:28.686 (UTC)] info/application	[Sensor] Updated distance: 5.935072669729158 cm | Severity=75 | SourceName=Sensor2 | EventType=application
[2026-08-15 17:10:29.688 (UTC)] info/application	[Sensor] Updated distance: 45.269111869516365 cm | Severity=75 | SourceName=Sensor2 | EventType=application
[2026-08-15 17:10:30.690 (UTC)] info/application	[Sensor] Updated distance: 16.968583315130594 cm | Severity=75 | SourceName=Sensor2 | EventType=application
[2026-08-15 17:10:31.683 (UTC)] info/application	[Sensor] Updated distance: 23.966417486763753 cm | Severity=75 | SourceName=Sensor2 | EventType=application
[2026-08-15 17:10:32.684 (UTC)] info/application	[Sensor] Updated distance: 39.825313101441274 cm | Severity=75 | SourceName=Sensor2 | EventType=application
[2026-08-15 17:10:33.687 (UTC)] info/application	[Sensor] Updated distance: 11.980627981005528 cm | Severity=75 | SourceName=Sensor2 | EventType=application
[2026-08-15 17:10:34.689 (UTC)] info/application	[Sensor] Updated distance: 31.774662225402267 cm | Severity=75 | SourceName=Sensor2 | EventType=application
[2026-08-15 17:10:35.681 (UTC)] info/application	[Sensor] Updated distance: 25.661460328689525 cm | Severity=75 | SourceName=Sensor2 | EventType=application
[2026-08-15 17:10:36.683 (UTC)] info/application	[Sensor] Updated distance: 26.69037725436053 cm | Severity=75 | SourceName=Sensor2 | EventType=application
[2026-08-15 17:10:37.685 (UTC)] info/application	[Sensor] Updated distance: 37.58175324070349 cm | Severity=75 | SourceName=Sensor2 | EventType=application
[2026-08-15 17:10:38.688 (UTC)] info/application	[Sensor] Updated distance: 47.81451926278626 cm | Severity=75 | SourceName=Sensor2 | EventType=application
[2026-08-15 17:10:39.690 (UTC)] info/application	[Sensor] Updated distance: 14.789391776914425 cm | Severity=75 | SourceName=Sensor2 | EventType=application
[2026-08-15 17:10:40.681 (UTC)] info/application	[Sensor] Updated distance: 45.84998354867565 cm | Severity=75 | SourceName=Sensor2 | EventType=application
[2026-08-15 17:10:41.683 (UTC)] info/application	[Sensor] Updated distance: 42.889494944778036 cm | Severity=75 | SourceName=Sensor2 | EventType=application
[2026-08-15 17:10:42.685 (UTC)] info/application	[Sensor] Updated distance: 11.592056204374906 cm | Severity=75 | SourceName=Sensor2 | EventType=application
[2026-08-15 17:10:43.687 (UTC)] info/application	[Sensor] Updated distance: 49.41393046798833 cm | Severity=75 | SourceName=Sensor2 | EventType=application
[2026-08-15 17:10:44.689 (UTC)] info/application	[Sensor] Updated distance: 4.638644331432248 cm | Severity=75 | SourceName=Sensor2 | EventType=application
[2026-08-15 17:10:45.691 (UTC)] info/application	[Sensor] Updated distance: 10.874826271494303 cm | Severity=75 | SourceName=Sensor2 | EventType=application
[2026-08-15 17:10:46.683 (UTC)] info/application	[Sensor] Updated distance: 13.633777377956443 cm | Severity=75 | SourceName=Sensor2 | EventType=application
[2026-08-15 17:10:47.685 (UTC)] info/application	[Sensor] Updated distance: 14.732576376168325 cm | Severity=75 | SourceName=Sensor2 | EventType=application
[2026-08-15 17:10:48.687 (UTC)] info/application	[Sensor] Updated distance: 9.938126083434618 cm | Severity=75 | SourceName=Sensor2 | EventType=application
[2026-08-15 17:10:49.689 (UTC)] info/application	[Sensor] Updated distance: 4.435405128838218 cm | Severity=75 | SourceName=Sensor2 | EventType=application
[2026-08-15 17:10:50.681 (UTC)] info/application	[Sensor] Updated distance: 4.3691026877468 cm | Severity=75 | SourceName=Sensor2 | EventType=application
[2026-08-15 17:10:51.683 (UTC)] info/application	[Sensor] Updated distance: 6.840314658749995 cm | Severity=75 | SourceName=Sensor2 | EventType=application
[2026-08-15 17:10:52.685 (UTC)] info/application	[Sensor] Updated distance: 2.5394090640076477 cm | Severity=75 | SourceName=Sensor2 | EventType=application
[2026-08-15 17:10:53.687 (UTC)] info/application	[Sensor] Updated distance: 17.173863164695845 cm | Severity=75 | SourceName=Sensor2 | EventType=application
[2026-08-15 17:10:54.688 (UTC)] info/application	[Sensor] Updated distance: 20.688977496088004 cm | Severity=75 | SourceName=Sensor2 | EventType=application
[2026-08-15 17:10:55.691 (UTC)] info/application	[Sensor] Updated distance: 38.82966283188651 cm | Severity=75 | SourceName=Sensor2 | EventType=application
[2026-08-15 17:10:56.683 (UTC)] info/application	[Sensor] Updated distance: 15.090945160524427 cm | Severity=75 | SourceName=Sensor2 | EventType=application
[2026-08-15 17:10:57.686 (UTC)] info/application	[Sensor] Updated distance: 12.509989422983484 cm | Severity=75 | SourceName=Sensor2 | EventType=application
[2026-08-15 17:10:58.688 (UTC)] info/application	[Sensor] Updated distance: 49.1644400801344 cm | Severity=75 | SourceName=Sensor2 | EventType=application
[2026-08-15 17:10:59.690 (UTC)] info/application	[Sensor] Updated distance: 19.026017852605328 cm | Severity=75 | SourceName=Sensor2 | EventType=application
[2026-08-15 17:11:00.682 (UTC)] info/application	[Sensor] Updated distance: 7.779101270148112 cm | Severity=75 | SourceName=Sensor2 | EventType=application
[2026-08-15 17:11:01.683 (UTC)] info/application	[Sensor] Updated distance: 16.133023395265 cm | Severity=75 | SourceName=Sensor2 | EventType=application
[2026-08-15 17:11:02.685 (UTC)] info/application	[Sensor] Updated distance: 40.99243533936908 cm | Severity=75 | SourceName=Sensor2 | EventType=application
[2026-08-15 17:11:03.687 (UTC)] info/application	[Sensor] Updated distance: 45.60441437158939 cm | Severity=75 | SourceName=Sensor2 | EventType=application
[2026-08-15 17:11:04.690 (UTC)] info/application	[Sensor] Updated distance: 26.113651376270525 cm | Severity=75 | SourceName=Sensor2 | EventType=application
[2026-08-15 17:11:05.682 (UTC)] info/application	[Sensor] Updated distance: 22.76709754241961 cm | Severity=75 | SourceName=Sensor2 | EventType=application
[2026-08-15 17:11:06.684 (UTC)] info/application	[Sensor] Updated distance: 21.265874677927172 cm | Severity=75 | SourceName=Sensor2 | EventType=application
[2026-08-15 17:11:07.687 (UTC)] info/application	[Sensor] Updated distance: 2.804028630631058 cm | Severity=75 | SourceName=Sensor2 | EventType=application
[2026-08-15 17:11:08.688 (UTC)] info/application	[Sensor] Updated distance: 10.348850760771358 cm | Severity=75 | SourceName=Sensor2 | EventType=application
[2026-08-15 17:11:09.690 (UTC)] info/application	[Sensor] Updated distance: 19.080393918361697 cm | Severity=75 | SourceName=Sensor2 | EventType=application
[2026-08-15 17:11:10.682 (UTC)] info/application	[Sensor] Updated distance: 15.593420407545482 cm | Severity=75 | SourceName=Sensor2 | EventType=application
[2026-08-15 17:11:11.684 (UTC)] info/application	[Sensor] Updated distance: 6.1988343094470135 cm | Severity=75 | SourceName=Sensor2 | EventType=application
[2026-08-15 17:11:12.687 (UTC)] info/application	[Sensor] Updated distance: 11.969888863139733 cm | Severity=75 | SourceName=Sensor2 | EventType=application
[2026-08-15 17:11:13.689 (UTC)] info/application	[Sensor] Updated distance: 25.185476634272128 cm | Severity=75 | SourceName=Sensor2 | EventType=application
[2026-08-15 17:11:14.681 (UTC)] info/application	[Sensor] Updated distance: 5.612764755083604 cm | Severity=75 | SourceName=Sensor2 | EventType=application
[2026-08-15 17:11:15.684 (UTC)] info/application	[Sensor] Updated distance: 14.608533194571981 cm | Severity=75 | SourceName=Sensor2 | EventType=application
[2026-08-15 17:11:16.686 (UTC)] info/application	[Sensor] Updated distance: 34.060302905766434 cm | Severity=75 | SourceName=Sensor2 | EventType=application
[2026-08-15 17:11:17.689 (UTC)] info/application	[Sensor] Updated distance: 17.246542133040045 cm | Severity=75 | SourceName=Sensor2 | EventType=application
[2026-08-15 17:11:18.681 (UTC)] info/application	[Sensor] Updated distance: 27.341109570740308 cm | Severity=75 | SourceName=Sensor2 | EventType=application
[2026-08-15 17:11:19.684 (UTC)] info/application	[Sensor] Updated distance: 41.99842898920105 cm | Severity=75 | SourceName=Sensor2 | EventType=application
[2026-08-15 17:11:20.687 (UTC)] info/application	[Sensor] Updated distance: 19.681947261878264 cm | Severity=75 | SourceName=Sensor2 | EventType=application
[2026-08-15 17:11:21.689 (UTC)] info/application	[Sensor] Updated distance: 29.710212258487108 cm | Severity=75 | SourceName=Sensor2 | EventType=application
[2026-08-15 17:11:22.691 (UTC)] info/application	[Sensor] Updated distance: 46.83874364795105 cm | Severity=75 | SourceName=Sensor2 | EventType=application
[2026-08-15 17:11:23.683 (UTC)] info/application	[Sensor] Updated distance: 20.22135632588591 cm | Severity=75 | SourceName=Sensor2 | EventType=application
[2026-08-15 17:11:24.685 (UTC)] info/application	[Sensor] Updated distance: 44.88407544553469 cm | Severity=75 | SourceName=Sensor2 | EventType=application
[2026-08-15 17:11:25.688 (UTC)] info/application	[Sensor] Updated distance: 17.52772112168731 cm | Severity=75 | SourceName=Sensor2 | EventType=application
[2026-08-15 17:11:26.681 (UTC)] info/application	[Sensor] Updated distance: 9.051019135420685 cm | Severity=75 | SourceName=Sensor2 | EventType=application
[2026-08-15 17:11:27.683 (UTC)] info/application	[Sensor] Updated distance: 9.975020583707384 cm | Severity=75 | SourceName=Sensor2 | EventType=application
[2026-08-15 17:11:28.686 (UTC)] info/application	[Sensor] Updated distance: 28.037710544670794 cm | Severity=75 | SourceName=Sensor2 | EventType=application
[2026-08-15 17:11:29.689 (UTC)] info/application	[Sensor] Updated distance: 8.215459215555088 cm | Severity=75 | SourceName=Sensor2 | EventType=application
[2026-08-15 17:11:30.681 (UTC)] info/application	[Sensor] Updated distance: 27.00103843631271 cm | Severity=75 | SourceName=Sensor2 | EventType=application
[2026-08-15 17:11:31.684 (UTC)] info/application	[Sensor] Updated distance: 33.816811814818905 cm | Severity=75 | SourceName=Sensor2 | EventType=application
[2026-08-15 17:11:32.686 (UTC)] info/application	[Sensor] Updated distance: 22.348482610820085 cm | Severity=75 | SourceName=Sensor2 | EventType=application
[2026-08-15 17:11:33.689 (UTC)] info/application	[Sensor] Updated distance: 17.99347375333005 cm | Severity=75 | SourceName=Sensor2 | EventType=application
[2026-08-15 17:11:34.681 (UTC)] info/application	[Sensor] Updated distance: 29.42122616405656 cm | Severity=75 | SourceName=Sensor2 | EventType=application
[2026-08-15 17:11:35.683 (UTC)] info/application	[Sensor] Updated distance: 46.46213398709061 cm | Severity=75 | SourceName=Sensor2 | EventType=application
[2026-08-15 17:11:36.686 (UTC)] info/application	[Sensor] Updated distance: 38.76057129574966 cm | Severity=75 | SourceName=Sensor2 | EventType=application
[2026-08-15 17:11:37.688 (UTC)] info/application	[Sensor] Updated distance: 48.68710086433547 cm | Severity=75 | SourceName=Sensor2 | EventType=application
[2026-08-15 17:11:38.690 (UTC)] info/application	[Sensor] Updated distance: 47.26616261772167 cm | Severity=75 | SourceName=Sensor2 | EventType=application
[2026-08-15 17:11:39.681 (UTC)] info/application	[Sensor] Updated distance: 47.10942207887276 cm | Severity=75 | SourceName=Sensor2 | EventType=application
[2026-08-15 17:11:40.683 (UTC)] info/application	[Sensor] Updated distance: 17.767494760345432 cm | Severity=75 | SourceName=Sensor2 | EventType=application
[2026-08-15 17:11:41.685 (UTC)] info/application	[Sensor] Updated distance: 12.859583025267153 cm | Severity=75 | SourceName=Sensor2 | EventType=application
[2026-08-15 17:11:42.687 (UTC)] info/application	[Sensor] Updated distance: 3.3082563659680337 cm | Severity=75 | SourceName=Sensor2 | EventType=application
[2026-08-15 17:11:43.689 (UTC)] info/application	[Sensor] Updated distance: 27.737383623485165 cm | Severity=75 | SourceName=Sensor2 | EventType=application
[2026-08-15 17:11:44.690 (UTC)] info/application	[Sensor] Updated distance: 36.045059659539284 cm | Severity=75 | SourceName=Sensor2 | EventType=application
[2026-08-15 17:11:45.682 (UTC)] info/application	[Sensor] Updated distance: 6.921021121051638 cm | Severity=75 | SourceName=Sensor2 | EventType=application
[2026-08-15 17:11:46.684 (UTC)] info/application	[Sensor] Updated distance: 40.34591681805715 cm | Severity=75 | SourceName=Sensor2 | EventType=application
[2026-08-15 17:11:47.687 (UTC)] info/application	[Sensor] Updated distance: 20.105362542953976 cm | Severity=75 | SourceName=Sensor2 | EventType=application
[2026-08-15 17:11:48.688 (UTC)] info/application	[Sensor] Updated distance: 22.167563254091686 cm | Severity=75 | SourceName=Sensor2 | EventType=application
[2026-08-15 17:11:49.690 (UTC)] info/application	[Sensor] Updated distance: 17.687026366445714 cm | Severity=75 | SourceName=Sensor2 | EventType=application
[2026-08-15 17:11:50.682 (UTC)] info/application	[Sensor] Updated distance: 12.103791509803287 cm | Severity=75 | SourceName=Sensor2 | EventType=application
[2026-08-15 17:11:51.684 (UTC)] info/application	[Sensor] Updated distance: 39.849510515969946 cm | Severity=75 | SourceName=Sensor2 | EventType=application
[2026-08-15 17:11:52.686 (UTC)] info/application	[Sensor] Updated distance: 45.39723864728456 cm | Severity=75 | SourceName=Sensor2 | EventType=application
[2026-08-15 17:11:53.689 (UTC)] info/application	[Sensor] Updated distance: 8.942535135402593 cm | Severity=75 | SourceName=Sensor2 | EventType=application
[2026-08-15 17:11:54.681 (UTC)] info/application	[Sensor] Updated distance: 10.070866841855862 cm | Severity=75 | SourceName=Sensor2 | EventType=application
[2026-08-15 17:11:55.684 (UTC)] info/application	[Sensor] Updated distance: 40.281314070467516 cm | Severity=75 | SourceName=Sensor2 | EventType=application
[2026-08-15 17:11:56.687 (UTC)] info/application	[Sensor] Updated distance: 24.470256279441646 cm | Severity=75 | SourceName=Sensor2 | EventType=application
[2026-08-15 17:11:57.690 (UTC)] info/application	[Sensor] Updated distance: 17.12188597727655 cm | Severity=75 | SourceName=Sensor2 | EventType=application
[2026-08-15 17:11:58.682 (UTC)] info/application	[Sensor] Updated distance: 48.2563346541749 cm | Severity=75 | SourceName=Sensor2 | EventType=application
[2026-08-15 17:11:59.685 (UTC)] info/application	[Sensor] Updated distance: 2.507966801760703 cm | Severity=75 | SourceName=Sensor2 | EventType=application
[2026-08-15 17:12:00.687 (UTC)] info/application	[Sensor] Updated distance: 23.337345192831634 cm | Severity=75 | SourceName=Sensor2 | EventType=application
[2026-08-15 17:12:01.688 (UTC)] info/application	[Sensor] Updated distance: 25.25737309048761 cm | Severity=75 | SourceName=Sensor2 | EventType=application
[2026-08-15 17:12:02.690 (UTC)] info/application	[Sensor] Updated distance: 34.32477863893135 cm | Severity=75 | SourceName=Sensor2 | EventType=application
[2026-08-15 17:12:03.681 (UTC)] info/application	[Sensor] Updated distance: 43.68582780365172 cm | Severity=75 | SourceName=Sensor2 | EventType=application
[2026-08-15 17:12:04.683 (UTC)] info/application	[Sensor] Updated distance: 41.25084684381766 cm | Severity=75 | SourceName=Sensor2 | EventType=application
[2026-08-15 17:12:05.684 (UTC)] info/application	[Sensor] Updated distance: 13.74600478063617 cm | Severity=75 | SourceName=Sensor2 | EventType=application
[2026-08-15 17:12:06.687 (UTC)] info/application	[Sensor] Updated distance: 40.147961790742336 cm | Severity=75 | SourceName=Sensor2 | EventType=application
[2026-08-15 17:12:07.689 (UTC)] info/application	[Sensor] Updated distance: 30.011418139567326 cm | Severity=75 | SourceName=Sensor2 | EventType=application
[2026-08-15 17:12:08.691 (UTC)] info/application	[Sensor] Updated distance: 12.433105622619905 cm | Severity=75 | SourceName=Sensor2 | EventType=application
[2026-08-15 17:12:09.682 (UTC)] info/application	[Sensor] Updated distance: 37.41412438611226 cm | Severity=75 | SourceName=Sensor2 | EventType=application
[2026-08-15 17:12:10.684 (UTC)] info/application	[Sensor] Updated distance: 27.120840196088345 cm | Severity=75 | SourceName=Sensor2 | EventType=application
[2026-08-15 17:12:11.686 (UTC)] info/application	[Sensor] Updated distance: 28.20060040531708 cm | Severity=75 | SourceName=Sensor2 | EventType=application
[2026-08-15 17:12:12.688 (UTC)] info/application	[Sensor] Updated distance: 48.27370741137941 cm | Severity=75 | SourceName=Sensor2 | EventType=application
[2026-08-15 17:12:13.690 (UTC)] info/application	[Sensor] Updated distance: 28.42909656205638 cm | Severity=75 | SourceName=Sensor2 | EventType=application
[2026-08-15 17:12:14.682 (UTC)] info/application	[Sensor] Updated distance: 5.937984006450504 cm | Severity=75 | SourceName=Sensor2 | EventType=application
[2026-08-15 17:12:15.684 (UTC)] info/application	[Sensor] Updated distance: 34.318767048566954 cm | Severity=75 | SourceName=Sensor2 | EventType=application
[2026-08-15 17:12:16.685 (UTC)] info/application	[Sensor] Updated distance: 33.35011768310802 cm | Severity=75 | SourceName=Sensor2 | EventType=application
[2026-08-15 17:12:17.687 (UTC)] info/application	[Sensor] Updated distance: 44.28390084685939 cm | Severity=75 | SourceName=Sensor2 | EventType=application
[2026-08-15 17:12:18.689 (UTC)] info/application	[Sensor] Updated distance: 4.424129569169194 cm | Severity=75 | SourceName=Sensor2 | EventType=application
[2026-08-15 17:12:19.681 (UTC)] info/application	[Sensor] Updated distance: 5.517680914847963 cm | Severity=75 | SourceName=Sensor2 | EventType=application
[2026-08-15 17:12:20.683 (UTC)] info/application	[Sensor] Updated distance: 11.970927190953365 cm | Severity=75 | SourceName=Sensor2 | EventType=application
[2026-08-15 17:12:21.685 (UTC)] info/application	[Sensor] Updated distance: 14.527921078972481 cm | Severity=75 | SourceName=Sensor2 | EventType=application
[2026-08-15 17:12:22.687 (UTC)] info/application	[Sensor] Updated distance: 43.36719143081791 cm | Severity=75 | SourceName=Sensor2 | EventType=application
[2026-08-15 17:12:23.689 (UTC)] info/application	[Sensor] Updated distance: 7.368165815886187 cm | Severity=75 | SourceName=Sensor2 | EventType=application
[2026-08-15 17:12:24.681 (UTC)] info/application	[Sensor] Updated distance: 21.470456236726815 cm | Severity=75 | SourceName=Sensor2 | EventType=application
[2026-08-15 17:12:25.683 (UTC)] info/application	[Sensor] Updated distance: 3.4380582503220336 cm | Severity=75 | SourceName=Sensor2 | EventType=application
[2026-08-15 17:12:26.686 (UTC)] info/application	[Sensor] Updated distance: 45.6494798863537 cm | Severity=75 | SourceName=Sensor2 | EventType=application
[2026-08-15 17:12:27.688 (UTC)] info/application	[Sensor] Updated distance: 43.94071251616846 cm | Severity=75 | SourceName=Sensor2 | EventType=application
[2026-08-15 17:12:28.690 (UTC)] info/application	[Sensor] Updated distance: 18.559944249950323 cm | Severity=75 | SourceName=Sensor2 | EventType=application
[2026-08-15 17:12:29.683 (UTC)] info/application	[Sensor] Updated distance: 43.9058145405286 cm | Severity=75 | SourceName=Sensor2 | EventType=application
[2026-08-15 17:12:30.685 (UTC)] info/application	[Sensor] Updated distance: 44.44867931792916 cm | Severity=75 | SourceName=Sensor2 | EventType=application
[2026-08-15 17:12:31.687 (UTC)] info/application	[Sensor] Updated distance: 39.897289442781954 cm | Severity=75 | SourceName=Sensor2 | EventType=application
[2026-08-15 17:12:32.688 (UTC)] info/application	[Sensor] Updated distance: 19.163187608664476 cm | Severity=75 | SourceName=Sensor2 | EventType=application
[2026-08-15 17:12:33.690 (UTC)] info/application	[Sensor] Updated distance: 28.773457934508777 cm | Severity=75 | SourceName=Sensor2 | EventType=application
[2026-08-15 17:12:34.681 (UTC)] info/application	[Sensor] Updated distance: 33.58311724643368 cm | Severity=75 | SourceName=Sensor2 | EventType=application
[2026-08-15 17:12:35.683 (UTC)] info/application	[Sensor] Updated distance: 10.4140344301304 cm | Severity=75 | SourceName=Sensor2 | EventType=application
[2026-08-15 17:12:36.685 (UTC)] info/application	[Sensor] Updated distance: 40.51946273749669 cm | Severity=75 | SourceName=Sensor2 | EventType=application
[2026-08-15 17:12:37.687 (UTC)] info/application	[Sensor] Updated distance: 23.731079014824275 cm | Severity=75 | SourceName=Sensor2 | EventType=application
[2026-08-15 17:12:38.689 (UTC)] info/application	[Sensor] Updated distance: 38.425452569697725 cm | Severity=75 | SourceName=Sensor2 | EventType=application
[2026-08-15 17:12:39.691 (UTC)] info/application	[Sensor] Updated distance: 2.9525683377648555 cm | Severity=75 | SourceName=Sensor2 | EventType=application
[2026-08-15 17:12:40.682 (UTC)] info/application	[Sensor] Updated distance: 11.145203378584796 cm | Severity=75 | SourceName=Sensor2 | EventType=application
[2026-08-15 17:12:41.685 (UTC)] info/application	[Sensor] Updated distance: 15.546292743434334 cm | Severity=75 | SourceName=Sensor2 | EventType=application
[2026-08-15 17:12:42.687 (UTC)] info/application	[Sensor] Updated distance: 29.153168743081935 cm | Severity=75 | SourceName=Sensor2 | EventType=application
[2026-08-15 17:12:43.689 (UTC)] info/application	[Sensor] Updated distance: 9.418910789964212 cm | Severity=75 | SourceName=Sensor2 | EventType=application
[2026-08-15 17:12:44.691 (UTC)] info/application	[Sensor] Updated distance: 41.975389305490715 cm | Severity=75 | SourceName=Sensor2 | EventType=application
[2026-08-15 17:12:45.683 (UTC)] info/application	[Sensor] Updated distance: 33.09115277188418 cm | Severity=75 | SourceName=Sensor2 | EventType=application
[2026-08-15 17:12:46.684 (UTC)] info/application	[Sensor] Updated distance: 41.73767783853117 cm | Severity=75 | SourceName=Sensor2 | EventType=application
[2026-08-15 17:12:47.687 (UTC)] info/application	[Sensor] Updated distance: 25.32550696624699 cm | Severity=75 | SourceName=Sensor2 | EventType=application
[2026-08-15 17:12:48.689 (UTC)] info/application	[Sensor] Updated distance: 27.375053596391833 cm | Severity=75 | SourceName=Sensor2 | EventType=application
[2026-08-15 17:12:49.681 (UTC)] info/application	[Sensor] Updated distance: 44.16180743005211 cm | Severity=75 | SourceName=Sensor2 | EventType=application
[2026-08-15 17:12:50.684 (UTC)] info/application	[Sensor] Updated distance: 28.843187881094956 cm | Severity=75 | SourceName=Sensor2 | EventType=application
[2026-08-15 17:12:51.686 (UTC)] info/application	[Sensor] Updated distance: 37.3459807873452 cm | Severity=75 | SourceName=Sensor2 | EventType=application
[2026-08-15 17:12:52.688 (UTC)] info/application	[Sensor] Updated distance: 8.689728486672848 cm | Severity=75 | SourceName=Sensor2 | EventType=application
[2026-08-15 17:12:53.689 (UTC)] info/application	[Sensor] Updated distance: 22.21037931191287 cm | Severity=75 | SourceName=Sensor2 | EventType=application
[2026-08-15 17:12:54.682 (UTC)] info/application	[Sensor] Updated distance: 42.714146625583126 cm | Severity=75 | SourceName=Sensor2 | EventType=application
[2026-08-15 17:12:55.684 (UTC)] info/application	[Sensor] Updated distance: 28.160184723399663 cm | Severity=75 | SourceName=Sensor2 | EventType=application
[2026-08-15 17:12:56.687 (UTC)] info/application	[Sensor] Updated distance: 23.648437562234903 cm | Severity=75 | SourceName=Sensor2 | EventType=application
[2026-08-15 17:12:57.689 (UTC)] info/application	[Sensor] Updated distance: 38.36362648958509 cm | Severity=75 | SourceName=Sensor2 | EventType=application
[2026-08-15 17:12:58.690 (UTC)] info/application	[Sensor] Updated distance: 22.100897217216385 cm | Severity=75 | SourceName=Sensor2 | EventType=application
[2026-08-15 17:12:59.682 (UTC)] info/application	[Sensor] Updated distance: 40.20838181218522 cm | Severity=75 | SourceName=Sensor2 | EventType=application
[2026-08-15 17:13:00.684 (UTC)] info/application	[Sensor] Updated distance: 32.269441007761955 cm | Severity=75 | SourceName=Sensor2 | EventType=application
[2026-08-15 17:13:01.686 (UTC)] info/application	[Sensor] Updated distance: 16.549576535145555 cm | Severity=75 | SourceName=Sensor2 | EventType=application
[2026-08-15 17:13:02.689 (UTC)] info/application	[Sensor] Updated distance: 30.105671254967184 cm | Severity=75 | SourceName=Sensor2 | EventType=application
[2026-08-15 17:13:03.691 (UTC)] info/application	[Sensor] Updated distance: 49.43262861642643 cm | Severity=75 | SourceName=Sensor2 | EventType=application
[2026-08-15 17:13:04.682 (UTC)] info/application	[Sensor] Updated distance: 43.32303446965433 cm | Severity=75 | SourceName=Sensor2 | EventType=application
[2026-08-15 17:13:05.685 (UTC)] info/application	[Sensor] Updated distance: 13.688788479049125 cm | Severity=75 | SourceName=Sensor2 | EventType=application
[2026-08-15 17:13:06.687 (UTC)] info/application	[Sensor] Updated distance: 9.846663046556834 cm | Severity=75 | SourceName=Sensor2 | EventType=application
[2026-08-15 17:13:07.690 (UTC)] info/application	[Sensor] Updated distance: 33.842497184799285 cm | Severity=75 | SourceName=Sensor2 | EventType=application
[2026-08-15 17:13:08.683 (UTC)] info/application	[Sensor] Updated distance: 35.4198674938734 cm | Severity=75 | SourceName=Sensor2 | EventType=application
[2026-08-15 17:13:09.685 (UTC)] info/application	[Sensor] Updated distance: 46.27211561625456 cm | Severity=75 | SourceName=Sensor2 | EventType=application
[2026-08-15 17:13:10.687 (UTC)] info/application	[Sensor] Updated distance: 34.79506554491588 cm | Severity=75 | SourceName=Sensor2 | EventType=application
[2026-08-15 17:13:11.690 (UTC)] info/application	[Sensor] Updated distance: 44.56507087245819 cm | Severity=75 | SourceName=Sensor2 | EventType=application
[2026-08-15 17:13:12.682 (UTC)] info/application	[Sensor] Updated distance: 11.818408359688897 cm | Severity=75 | SourceName=Sensor2 | EventType=application
[2026-08-15 17:13:13.684 (UTC)] info/application	[Sensor] Updated distance: 13.948234265646075 cm | Severity=75 | SourceName=Sensor2 | EventType=application
[2026-08-15 17:13:14.687 (UTC)] info/application	[Sensor] Updated distance: 3.9839816400706685 cm | Severity=75 | SourceName=Sensor2 | EventType=application
[2026-08-15 17:13:15.689 (UTC)] info/application	[Sensor] Updated distance: 3.793797642827871 cm | Severity=75 | SourceName=Sensor2 | EventType=application
[2026-08-15 17:13:16.682 (UTC)] info/application	[Sensor] Updated distance: 45.039387037530254 cm | Severity=75 | SourceName=Sensor2 | EventType=application
[2026-08-15 17:13:17.684 (UTC)] info/application	[Sensor] Updated distance: 43.72165950095358 cm | Severity=75 | SourceName=Sensor2 | EventType=application
[2026-08-15 17:13:18.686 (UTC)] info/application	[Sensor] Updated distance: 27.119304631426605 cm | Severity=75 | SourceName=Sensor2 | EventType=application
[2026-08-15 17:13:19.688 (UTC)] info/application	[Sensor] Updated distance: 22.414440611570345 cm | Severity=75 | SourceName=Sensor2 | EventType=application
[2026-08-15 17:13:20.691 (UTC)] info/application	[Sensor] Updated distance: 37.88346690865395 cm | Severity=75 | SourceName=Sensor2 | EventType=application
[2026-08-15 17:13:21.683 (UTC)] info/application	[Sensor] Updated distance: 5.962492490169821 cm | Severity=75 | SourceName=Sensor2 | EventType=application
[2026-08-15 17:13:22.685 (UTC)] info/application	[Sensor] Updated distance: 9.760421398915547 cm | Severity=75 | SourceName=Sensor2 | EventType=application
[2026-08-15 17:13:23.688 (UTC)] info/application	[Sensor] Updated distance: 44.5731953953268 cm | Severity=75 | SourceName=Sensor2 | EventType=application
[2026-08-15 17:13:24.689 (UTC)] info/application	[Sensor] Updated distance: 26.17287180208269 cm | Severity=75 | SourceName=Sensor2 | EventType=application
[2026-08-15 17:13:25.682 (UTC)] info/application	[Sensor] Updated distance: 2.474568002146933 cm | Severity=75 | SourceName=Sensor2 | EventType=application
[2026-08-15 17:13:26.684 (UTC)] info/application	[Sensor] Updated distance: 22.733380118726462 cm | Severity=75 | SourceName=Sensor2 | EventType=application
[2026-08-15 17:13:27.686 (UTC)] info/application	[Sensor] Updated distance: 47.821309386669334 cm | Severity=75 | SourceName=Sensor2 | EventType=application
[2026-08-15 17:13:28.688 (UTC)] info/application	[Sensor] Updated distance: 38.838194491732025 cm | Severity=75 | SourceName=Sensor2 | EventType=application
[2026-08-15 17:13:29.690 (UTC)] info/application	[Sensor] Updated distance: 42.83427733594285 cm | Severity=75 | SourceName=Sensor2 | EventType=application
[2026-08-15 17:13:30.682 (UTC)] info/application	[Sensor] Updated distance: 38.02969117650282 cm | Severity=75 | SourceName=Sensor2 | EventType=application
[2026-08-15 17:13:31.684 (UTC)] info/application	[Sensor] Updated distance: 21.10763549949398 cm | Severity=75 | SourceName=Sensor2 | EventType=application
[2026-08-15 17:13:32.686 (UTC)] info/application	[Sensor] Updated distance: 9.383853848736665 cm | Severity=75 | SourceName=Sensor2 | EventType=application
[2026-08-15 17:13:33.688 (UTC)] info/application	[Sensor] Updated distance: 18.135362409118265 cm | Severity=75 | SourceName=Sensor2 | EventType=application
[2026-08-15 17:13:34.690 (UTC)] info/application	[Sensor] Updated distance: 20.54026409356867 cm | Severity=75 | SourceName=Sensor2 | EventType=application
[2026-08-15 17:13:35.683 (UTC)] info/application	[Sensor] Updated distance: 2.706888318390999 cm | Severity=75 | SourceName=Sensor2 | EventType=application
[2026-08-15 17:13:36.686 (UTC)] info/application	[Sensor] Updated distance: 29.82415088816739 cm | Severity=75 | SourceName=Sensor2 | EventType=application
[2026-08-15 17:13:37.688 (UTC)] info/application	[Sensor] Updated distance: 28.386927140125504 cm | Severity=75 | SourceName=Sensor2 | EventType=application
[2026-08-15 17:13:38.690 (UTC)] info/application	[Sensor] Updated distance: 34.54938550319028 cm | Severity=75 | SourceName=Sensor2 | EventType=application
[2026-08-15 17:13:39.682 (UTC)] info/application	[Sensor] Updated distance: 15.24401835968905 cm | Severity=75 | SourceName=Sensor2 | EventType=application
[2026-08-15 17:13:40.684 (UTC)] info/application	[Sensor] Updated distance: 24.659042756380067 cm | Severity=75 | SourceName=Sensor2 | EventType=application
[2026-08-15 17:13:41.687 (UTC)] info/application	[Sensor] Updated distance: 19.344451025754424 cm | Severity=75 | SourceName=Sensor2 | EventType=application
[2026-08-15 17:13:42.689 (UTC)] info/application	[Sensor] Updated distance: 9.809089232147247 cm | Severity=75 | SourceName=Sensor2 | EventType=application
[2026-08-15 17:13:43.681 (UTC)] info/application	[Sensor] Updated distance: 34.47745111606896 cm | Severity=75 | SourceName=Sensor2 | EventType=application
[2026-08-15 17:13:44.684 (UTC)] info/application	[Sensor] Updated distance: 31.292685313752237 cm | Severity=75 | SourceName=Sensor2 | EventType=application
[2026-08-15 17:13:45.686 (UTC)] info/application	[Sensor] Updated distance: 11.793070872217914 cm | Severity=75 | SourceName=Sensor2 | EventType=application
[2026-08-15 17:13:46.688 (UTC)] info/application	[Sensor] Updated distance: 36.27124875889683 cm | Severity=75 | SourceName=Sensor2 | EventType=application
[2026-08-15 17:13:47.690 (UTC)] info/application	[Sensor] Updated distance: 26.332072328930753 cm | Severity=75 | SourceName=Sensor2 | EventType=application
[2026-08-15 17:13:48.682 (UTC)] info/application	[Sensor] Updated distance: 5.514730350819756 cm | Severity=75 | SourceName=Sensor2 | EventType=application
[2026-08-15 17:13:49.684 (UTC)] info/application	[Sensor] Updated distance: 13.3905533679717 cm | Severity=75 | SourceName=Sensor2 | EventType=application
[2026-08-15 17:13:50.686 (UTC)] info/application	[Sensor] Updated distance: 46.74651296285284 cm | Severity=75 | SourceName=Sensor2 | EventType=application
[2026-08-15 17:13:51.689 (UTC)] info/application	[Sensor] Updated distance: 41.398197259473704 cm | Severity=75 | SourceName=Sensor2 | EventType=application
[2026-08-15 17:13:52.681 (UTC)] info/application	[Sensor] Updated distance: 17.353045880493262 cm | Severity=75 | SourceName=Sensor2 | EventType=application
[2026-08-15 17:13:53.684 (UTC)] info/application	[Sensor] Updated distance: 6.50693433941664