[2026-08-15 22:22:09.122 (UTC+0800)] [33mwarn/server[0m	AccessControl: Unconfigured AccessControl. Users have all permissions.
[2026-08-15 22:22:09.122 (UTC+0800)] [32minfo/server[0m	AccessControl: Anonymous login is enabled
[2026-08-15 22:22:09.122 (UTC+0800)] [33mwarn/server[0m	x509 Certificate Authentication configured, but no encrypting SecurityPolicy. This can leak credentials on the network.
[2026-08-15 22:22:09.157 (UTC+0800)] [33mwarn/application[0m	ServerUrls already set. Overriding.
[2026-08-15 22:22:09.157 (UTC+0800)] [33mwarn/server[0m	AccessControl: Unconfigured AccessControl. Users have all permissions.
[2026-08-15 22:22:09.157 (UTC+0800)] [32minfo/server[0m	AccessControl: Anonymous login is enabled
[2026-08-15 22:22:09.157 (UTC+0800)] [33mwarn/server[0m	x509 Certificate Authentication configured, but no encrypting SecurityPolicy. This can leak credentials on the network.
[2026-08-15 22:22:09.157 (UTC+0800)] [33mwarn/server[0m	x509 Certificate Authentication configured, but no encrypting SecurityPolicy. This can leak credentials on the network.
[2026-08-15 14:22:09.157 (UTC)] info/application	Sensor Server online (Client/Server mode, id=1 port=4842) | Severity=75 | SourceName=Sensor | EventType=application
Entering background polling mode: attempting to connect to Aggregation Server...
Connected successfully. Log forwarding started.
[2026-08-15 14:22:10.157 (UTC)] info/application	[Sensor] Updated distance: 2.3366020099896017 cm | Severity=75 | SourceName=Sensor | EventType=application
[2026-08-15 14:22:11.129 (UTC)] info/network	[System] TCP 16	| Connection opened from "127.0.0.1" via the server socket 8 | Severity=75 | SourceName=System | EventType=network
[2026-08-15 14:22:11.129 (UTC)] info/channel	[System] TCP 16	| SC 1	| SecureChannel created | Severity=75 | SourceName=System | EventType=channel
[2026-08-15 14:22:11.150 (UTC)] info/channel	[System] TCP 16	| SC 1	| OpenSecureChannel: Channel opened with SecurityMode None for SecurityPolicy http://opcfoundation.org/UA/SecurityPolicy#None and a revised lifetime of 600.0s | Severity=75 | SourceName=System | EventType=channel
[2026-08-15 14:22:11.160 (UTC)] info/application	[Sensor] Updated distance: 25.884155269658265 cm | Severity=75 | SourceName=Sensor | EventType=application
[2026-08-15 14:22:11.170 (UTC)] warn/client	[System] Removing a UserTokenPolicy that would allow the password to be transmitted without encryption (Can be enabled via config->allowNonePolicyPassword) | Severity=175 | SourceName=System | EventType=client
[2026-08-15 14:22:11.170 (UTC)] warn/client	[System] Removing a UserTokenPolicy that would allow the password to be transmitted without encryption (Can be enabled via config->allowNonePolicyPassword) | Severity=175 | SourceName=System | EventType=client
[2026-08-15 14:22:11.181 (UTC)] warn/client	[System] Removing a UserTokenPolicy that would allow the password to be transmitted without encryption (Can be enabled via config->allowNonePolicyPassword) | Severity=175 | SourceName=System | EventType=client
[2026-08-15 14:22:11.181 (UTC)] warn/client	[System] Removing a UserTokenPolicy that would allow the password to be transmitted without encryption (Can be enabled via config->allowNonePolicyPassword) | Severity=175 | SourceName=System | EventType=client
[2026-08-15 14:22:11.181 (UTC)] info/session	[System] TCP 16	| SC 1	| Session "ns=1;g=9f82a5f8-9c07-4e2c-d3ad-8aa8cecc5c15"	| Session created | Severity=75 | SourceName=System | EventType=session
[2026-08-15 14:22:11.192 (UTC)] info/session	[System] TCP 16	| SC 1	| Session "ns=1;g=9f82a5f8-9c07-4e2c-d3ad-8aa8cecc5c15"	| ActivateSession: Session activated with ClientUserId "" | Severity=75 | SourceName=System | EventType=session
[2026-08-15 14:22:11.577 (UTC)] info/session	[System] TCP 16	| SC 1	| Session "ns=1;g=9f82a5f8-9c07-4e2c-d3ad-8aa8cecc5c15"	| Subscription 1 | Subscription created (Publishing interval 500.0ms, max 1000 notifications per publish) | Severity=75 | SourceName=System | EventType=session
[2026-08-15 14:22:11.587 (UTC)] info/session	[System] TCP 16	| SC 1	| Session "ns=1;g=9f82a5f8-9c07-4e2c-d3ad-8aa8cecc5c15"	| Subscription 1 | MonitoredItem 1 | Created the MonitoredItem (Sampling Interval: 250.0ms, Queue Size: 1) | Severity=75 | SourceName=System | EventType=session
[2026-08-15 14:22:12.133 (UTC)] info/network	[System] TCP 17	| Connection opened from "127.0.0.1" via the server socket 8 | Severity=75 | SourceName=System | EventType=network
[2026-08-15 14:22:12.133 (UTC)] info/channel	[System] TCP 17	| SC 2	| SecureChannel created | Severity=75 | SourceName=System | EventType=channel
[2026-08-15 14:22:12.154 (UTC)] info/channel	[System] TCP 17	| SC 2	| OpenSecureChannel: Channel opened with SecurityMode None for SecurityPolicy http://opcfoundation.org/UA/SecurityPolicy#None and a revised lifetime of 600.0s | Severity=75 | SourceName=System | EventType=channel
[2026-08-15 14:22:12.164 (UTC)] info/application	[Sensor] Updated distance: 45.48133034793722 cm | Severity=75 | SourceName=Sensor | EventType=application
[2026-08-15 14:22:12.174 (UTC)] warn/client	[System] Removing a UserTokenPolicy that would allow the password to be transmitted without encryption (Can be enabled via config->allowNonePolicyPassword) | Severity=175 | SourceName=System | EventType=client
[2026-08-15 14:22:12.174 (UTC)] warn/client	[System] Removing a UserTokenPolicy that would allow the password to be transmitted without encryption (Can be enabled via config->allowNonePolicyPassword) | Severity=175 | SourceName=System | EventType=client
[2026-08-15 14:22:12.184 (UTC)] warn/client	[System] Removing a UserTokenPolicy that would allow the password to be transmitted without encryption (Can be enabled via config->allowNonePolicyPassword) | Severity=175 | SourceName=System | EventType=client
[2026-08-15 14:22:12.185 (UTC)] warn/client	[System] Removing a UserTokenPolicy that would allow the password to be transmitted without encryption (Can be enabled via config->allowNonePolicyPassword) | Severity=175 | SourceName=System | EventType=client
[2026-08-15 14:22:12.185 (UTC)] info/session	[System] TCP 17	| SC 2	| Session "ns=1;g=b980c7ba-5f99-7123-cd4c-542584288208"	| Session created | Severity=75 | SourceName=System | EventType=session
[2026-08-15 14:22:12.195 (UTC)] info/session	[System] TCP 17	| SC 2	| Session "ns=1;g=b980c7ba-5f99-7123-cd4c-542584288208"	| ActivateSession: Session activated with ClientUserId "" | Severity=75 | SourceName=System | EventType=session
[2026-08-15 14:22:14.216 (UTC)] info/application	[Sensor] Updated distance: 39.75681055605263 cm | Severity=75 | SourceName=Sensor | EventType=application
[2026-08-15 14:22:14.217 (UTC)] info/session	[System] TCP 17	| SC 2	| Session "ns=1;g=b980c7ba-5f99-7123-cd4c-542584288208"	| Subscription 2 | Subscription created (Publishing interval 500.0ms, max 1000 notifications per publish) | Severity=75 | SourceName=System | EventType=session
[2026-08-15 14:22:15.218 (UTC)] info/application	[Sensor] Updated distance: 31.43721766650547 cm | Severity=75 | SourceName=Sensor | EventType=application
[2026-08-15 14:22:16.220 (UTC)] info/application	[Sensor] Updated distance: 7.779016713508878 cm | Severity=75 | SourceName=Sensor | EventType=application
[2026-08-15 14:22:17.221 (UTC)] info/application	[Sensor] Updated distance: 2.9969048281185815 cm | Severity=75 | SourceName=Sensor | EventType=application
[2026-08-15 14:22:18.224 (UTC)] info/application	[Sensor] Updated distance: 18.463722124911715 cm | Severity=75 | SourceName=Sensor | EventType=application
[2026-08-15 14:22:19.218 (UTC)] info/application	[Sensor] Updated distance: 12.692186941715043 cm | Severity=75 | SourceName=Sensor | EventType=application
[2026-08-15 14:22:20.219 (UTC)] info/application	[Sensor] Updated distance: 37.13610204455261 cm | Severity=75 | SourceName=Sensor | EventType=application
[2026-08-15 14:22:21.220 (UTC)] info/application	[Sensor] Updated distance: 23.224531682778395 cm | Severity=75 | SourceName=Sensor | EventType=application
[2026-08-15 14:22:22.220 (UTC)] info/application	[Sensor] Updated distance: 44.38299950695736 cm | Severity=75 | SourceName=Sensor | EventType=application
[2026-08-15 14:22:23.221 (UTC)] info/application	[Sensor] Updated distance: 19.113166109245814 cm | Severity=75 | SourceName=Sensor | EventType=application
[2026-08-15 14:22:24.223 (UTC)] info/application	[Sensor] Updated distance: 33.28852479871759 cm | Severity=75 | SourceName=Sensor | EventType=application
[2026-08-15 14:22:25.225 (UTC)] info/application	[Sensor] Updated distance: 4.596900464313524 cm | Severity=75 | SourceName=Sensor | EventType=application
[2026-08-15 14:22:26.226 (UTC)] info/application	[Sensor] Updated distance: 30.511714807018503 cm | Severity=75 | SourceName=Sensor | EventType=application
[2026-08-15 14:22:27.217 (UTC)] info/application	[Sensor] Updated distance: 19.273781411942924 cm | Severity=75 | SourceName=Sensor | EventType=application
[2026-08-15 14:22:28.220 (UTC)] info/application	[Sensor] Updated distance: 37.777328500420474 cm | Severity=75 | SourceName=Sensor | EventType=application
[2026-08-15 14:22:29.222 (UTC)] info/application	[Sensor] Updated distance: 6.532526234412811 cm | Severity=75 | SourceName=Sensor | EventType=application
[2026-08-15 14:22:30.223 (UTC)] info/application	[Sensor] Updated distance: 35.05198281307331 cm | Severity=75 | SourceName=Sensor | EventType=application
[2026-08-15 14:22:31.225 (UTC)] info/application	[Sensor] Updated distance: 37.23919777722992 cm | Severity=75 | SourceName=Sensor | EventType=application
[2026-08-15 14:22:32.217 (UTC)] info/application	[Sensor] Updated distance: 2.071756914291418 cm | Severity=75 | SourceName=Sensor | EventType=application
[2026-08-15 14:22:33.219 (UTC)] info/application	[Sensor] Updated distance: 5.755391107758223 cm | Severity=75 | SourceName=Sensor | EventType=application
[2026-08-15 14:22:34.220 (UTC)] info/application	[Sensor] Updated distance: 49.537436090194355 cm | Severity=75 | SourceName=Sensor | EventType=application
[2026-08-15 14:22:35.222 (UTC)] info/application	[Sensor] Updated distance: 10.236975219211063 cm | Severity=75 | SourceName=Sensor | EventType=application
[2026-08-15 14:22:36.223 (UTC)] info/application	[Sensor] Updated distance: 26.11147228261059 cm | Severity=75 | SourceName=Sensor | EventType=application
[2026-08-15 14:22:37.225 (UTC)] info/application	[Sensor] Updated distance: 7.498395333764327 cm | Severity=75 | SourceName=Sensor | EventType=application
[2026-08-15 14:22:38.217 (UTC)] info/application	[Sensor] Updated distance: 13.150475186831539 cm | Severity=75 | SourceName=Sensor | EventType=application
[2026-08-15 14:22:39.219 (UTC)] info/application	[Sensor] Updated distance: 34.18494489052563 cm | Severity=75 | SourceName=Sensor | EventType=application
[2026-08-15 14:22:40.220 (UTC)] info/application	[Sensor] Updated distance: 38.83793290929772 cm | Severity=75 | SourceName=Sensor | EventType=application
[2026-08-15 14:22:41.221 (UTC)] info/application	[Sensor] Updated distance: 21.42989506732202 cm | Severity=75 | SourceName=Sensor | EventType=application
[2026-08-15 14:22:42.223 (UTC)] info/application	[Sensor] Updated distance: 34.52154690051523 cm | Severity=75 | SourceName=Sensor | EventType=application
[2026-08-15 14:22:43.224 (UTC)] info/application	[Sensor] Updated distance: 14.72208817895599 cm | Severity=75 | SourceName=Sensor | EventType=application
[2026-08-15 14:22:44.216 (UTC)] info/application	[Sensor] Updated distance: 16.911225392907497 cm | Severity=75 | SourceName=Sensor | EventType=application
[2026-08-15 14:22:45.219 (UTC)] info/application	[Sensor] Updated distance: 24.278357434216122 cm | Severity=75 | SourceName=Sensor | EventType=application
[2026-08-15 14:22:46.220 (UTC)] info/application	[Sensor] Updated distance: 44.15930584546146 cm | Severity=75 | SourceName=Sensor | EventType=application
[2026-08-15 14:22:47.222 (UTC)] info/application	[Sensor] Updated distance: 22.690242106416374 cm | Severity=75 | SourceName=Sensor | EventType=application
[2026-08-15 14:22:48.224 (UTC)] info/application	[Sensor] Updated distance: 25.275262284686445 cm | Severity=75 | SourceName=Sensor | EventType=application
[2026-08-15 14:22:49.225 (UTC)] info/application	[Sensor] Updated distance: 12.623027970373178 cm | Severity=75 | SourceName=Sensor | EventType=application
[2026-08-15 14:22:50.217 (UTC)] info/application	[Sensor] Updated distance: 33.382429070483155 cm | Severity=75 | SourceName=Sensor | EventType=application
[2026-08-15 14:22:51.219 (UTC)] info/application	[Sensor] Updated distance: 12.411364306887315 cm | Severity=75 | SourceName=Sensor | EventType=application
[2026-08-15 14:22:52.221 (UTC)] info/application	[Sensor] Updated distance: 33.84755965315158 cm | Severity=75 | SourceName=Sensor | EventType=application
[2026-08-15 14:22:53.223 (UTC)] info/application	[Sensor] Updated distance: 27.765428555088782 cm | Severity=75 | SourceName=Sensor | EventType=application
[2026-08-15 14:22:54.224 (UTC)] info/application	[Sensor] Updated distance: 29.52453043848487 cm | Severity=75 | SourceName=Sensor | EventType=application
[2026-08-15 14:22:55.217 (UTC)] info/application	[Sensor] Updated distance: 17.136084429517425 cm | Severity=75 | SourceName=Sensor | EventType=application
[2026-08-15 14:22:56.219 (UTC)] info/application	[Sensor] Updated distance: 30.362329041754048 cm | Severity=75 | SourceName=Sensor | EventType=application
[2026-08-15 14:22:57.220 (UTC)] info/application	[Sensor] Updated distance: 10.036245223151633 cm | Severity=75 | SourceName=Sensor | EventType=application
[2026-08-15 14:22:58.221 (UTC)] info/application	[Sensor] Updated distance: 34.40986584146035 cm | Severity=75 | SourceName=Sensor | EventType=application
[2026-08-15 14:22:59.222 (UTC)] info/application	[Sensor] Updated distance: 18.13965751982278 cm | Severity=75 | SourceName=Sensor | EventType=application
[2026-08-15 14:23:00.224 (UTC)] info/application	[Sensor] Updated distance: 14.568771457564445 cm | Severity=75 | SourceName=Sensor | EventType=application
[2026-08-15 14:23:01.225 (UTC)] info/application	[Sensor] Updated distance: 19.461848632181923 cm | Severity=75 | SourceName=Sensor | EventType=application
[2026-08-15 14:23:02.218 (UTC)] info/application	[Sensor] Updated distance: 5.3788552970526995 cm | Severity=75 | SourceName=Sensor | EventType=application
[2026-08-15 14:23:03.219 (UTC)] info/application	[Sensor] Updated distance: 14.640528394207603 cm | Severity=75 | SourceName=Sensor | EventType=application
[2026-08-15 14:23:04.221 (UTC)] info/application	[Sensor] Updated distance: 23.217239739940148 cm | Severity=75 | SourceName=Sensor | EventType=application
[2026-08-15 14:23:05.223 (UTC)] info/application	[Sensor] Updated distance: 4.916291364895315 cm | Severity=75 | SourceName=Sensor | EventType=application
[2026-08-15 14:23:06.224 (UTC)] info/application	[Sensor] Updated distance: 22.877503613418668 cm | Severity=75 | SourceName=Sensor | EventType=application
[2026-08-15 14:23:07.226 (UTC)] info/application	[Sensor] Updated distance: 47.328712044902474 cm | Severity=75 | SourceName=Sensor | EventType=application
[2026-08-15 14:23:08.217 (UTC)] info/application	[Sensor] Updated distance: 10.414686721011384 cm | Severity=75 | SourceName=Sensor | EventType=application
[2026-08-15 14:23:09.219 (UTC)] info/application	[Sensor] Updated distance: 34.027978822601945 cm | Severity=75 | SourceName=Sensor | EventType=application
[2026-08-15 14:23:10.220 (UTC)] info/application	[Sensor] Updated distance: 31.513656913076368 cm | Severity=75 | SourceName=Sensor | EventType=application
[2026-08-15 14:23:11.222 (UTC)] info/application	[Sensor] Updated distance: 47.252619630309106 cm | Severity=75 | SourceName=Sensor | EventType=application
[2026-08-15 14:23:12.223 (UTC)] info/application	[Sensor] Updated distance: 5.457873867572227 cm | Severity=75 | SourceName=Sensor | EventType=application
[2026-08-15 14:23:13.224 (UTC)] info/application	[Sensor] Updated distance: 16.0352038135916 cm | Severity=75 | SourceName=Sensor | EventType=application
[2026-08-15 14:23:14.225 (UTC)] info/application	[Sensor] Updated distance: 11.974707786913358 cm | Severity=75 | SourceName=Sensor | EventType=application
[2026-08-15 14:23:15.217 (UTC)] info/application	[Sensor] Updated distance: 20.36909926047972 cm | Severity=75 | SourceName=Sensor | EventType=application
[2026-08-15 14:23:16.218 (UTC)] info/application	[Sensor] Updated distance: 38.31356124780772 cm | Severity=75 | SourceName=Sensor | EventType=application
[2026-08-15 14:23:17.219 (UTC)] info/application	[Sensor] Updated distance: 6.134013632374821 cm | Severity=75 | SourceName=Sensor | EventType=application
[2026-08-15 14:23:18.220 (UTC)] info/application	[Sensor] Updated distance: 41.05934138924784 cm | Severity=75 | SourceName=Sensor | EventType=application
[2026-08-15 14:23:19.221 (UTC)] info/application	[Sensor] Updated distance: 13.588823510142426 cm | Severity=75 | SourceName=Sensor | EventType=application
[2026-08-15 14:23:20.222 (UTC)] info/application	[Sensor] Updated distance: 16.757041602747996 cm | Severity=75 | SourceName=Sensor | EventType=application
[2026-08-15 14:23:21.224 (UTC)] info/application	[Sensor] Updated distance: 24.441770437379258 cm | Severity=75 | SourceName=Sensor | EventType=application
[2026-08-15 14:23:22.225 (UTC)] info/application	[Sensor] Updated distance: 24.000187839381482 cm | Severity=75 | SourceName=Sensor | EventType=application
[2026-08-15 14:23:23.226 (UTC)] info/application	[Sensor] Updated distance: 48.604601255899574 cm | Severity=75 | SourceName=Sensor | EventType=application
[2026-08-15 14:23:24.217 (UTC)] info/application	[Sensor] Updated distance: 2.207198970116302 cm | Severity=75 | SourceName=Sensor | EventType=application
[2026-08-15 14:23:25.218 (UTC)] info/application	[Sensor] Updated distance: 3.5247182555146135 cm | Severity=75 | SourceName=Sensor | EventType=application
[2026-08-15 14:23:26.219 (UTC)] info/application	[Sensor] Updated distance: 15.740685685417002 cm | Severity=75 | SourceName=Sensor | EventType=application
[2026-08-15 14:23:27.220 (UTC)] info/application	[Sensor] Updated distance: 30.56952801187035 cm | Severity=75 | SourceName=Sensor | EventType=application
[2026-08-15 14:23:28.223 (UTC)] info/application	[Sensor] Updated distance: 11.560963478666247 cm | Severity=75 | SourceName=Sensor | EventType=application
[2026-08-15 14:23:29.225 (UTC)] info/application	[Sensor] Updated distance: 48.15055152687735 cm | Severity=75 | SourceName=Sensor | EventType=application
[2026-08-15 14:23:30.216 (UTC)] info/application	[Sensor] Updated distance: 46.70918555404487 cm | Severity=75 | SourceName=Sensor | EventType=application
[2026-08-15 14:23:31.218 (UTC)] info/application	[Sensor] Updated distance: 24.12973493623069 cm | Severity=75 | SourceName=Sensor | EventType=application
[2026-08-15 14:23:32.220 (UTC)] info/application	[Sensor] Updated distance: 17.612400159059277 cm | Severity=75 | SourceName=Sensor | EventType=application
[2026-08-15 14:23:33.222 (UTC)] info/application	[Sensor] Updated distance: 2.0880408287458314 cm | Severity=75 | SourceName=Sensor | EventType=application
[2026-08-15 14:23:34.223 (UTC)] info/application	[Sensor] Updated distance: 36.7702633304383 cm | Severity=75 | SourceName=Sensor | EventType=application
[2026-08-15 14:23:35.225 (UTC)] info/application	[Sensor] Updated distance: 38.829639898999424 cm | Severity=75 | SourceName=Sensor | EventType=application
[2026-08-15 14:23:36.217 (UTC)] info/application	[Sensor] Updated distance: 5.0043321936411465 cm | Severity=75 | SourceName=Sensor | EventType=application
[2026-08-15 14:23:37.219 (UTC)] info/application	[Sensor] Updated distance: 9.647766943856965 cm | Severity=75 | SourceName=Sensor | EventType=application
[2026-08-15 14:23:38.222 (UTC)] info/application	[Sensor] Updated distance: 36.15835192155016 cm | Severity=75 | SourceName=Sensor | EventType=application
[2026-08-15 14:23:39.225 (UTC)] info/application	[Sensor] Updated distance: 13.419018914652531 cm | Severity=75 | SourceName=Sensor | EventType=application
[2026-08-15 14:23:40.216 (UTC)] info/application	[Sensor] Updated distance: 41.67574576645891 cm | Severity=75 | SourceName=Sensor | EventType=application
[2026-08-15 14:23:41.218 (UTC)] info/application	[Sensor] Updated distance: 17.67200883462653 cm | Severity=75 | SourceName=Sensor | EventType=application
[2026-08-15 14:23:42.220 (UTC)] info/application	[Sensor] Updated distance: 10.671638544961642 cm | Severity=75 | SourceName=Sensor | EventType=application
[2026-08-15 14:23:43.221 (UTC)] info/application	[Sensor] Updated distance: 45.13361963403114 cm | Severity=75 | SourceName=Sensor | EventType=application
[2026-08-15 14:23:44.222 (UTC)] info/application	[Sensor] Updated distance: 31.70721264821813 cm | Severity=75 | SourceName=Sensor | EventType=application
[2026-08-15 14:23:45.223 (UTC)] info/application	[Sensor] Updated distance: 20.646346331875 cm | Severity=75 | SourceName=Sensor | EventType=application
[2026-08-15 14:23:46.224 (UTC)] info/application	[Sensor] Updated distance: 15.502718872159122 cm | Severity=75 | SourceName=Sensor | EventType=application
[2026-08-15 14:23:47.225 (UTC)] info/application	[Sensor] Updated distance: 20.020773873674113 cm | Severity=75 | SourceName=Sensor | EventType=application
[2026-08-15 14:23:48.225 (UTC)] info/application	[Sensor] Updated distance: 24.780359964249822 cm | Severity=75 | SourceName=Sensor | EventType=application
[2026-08-15 14:23:49.216 (UTC)] info/application	[Sensor] Updated distance: 6.562060239055222 cm | Severity=75 | SourceName=Sensor | EventType=application
[2026-08-15 14:23:50.218 (UTC)] info/application	[Sensor] Updated distance: 31.60959740616828 cm | Severity=75 | SourceName=Sensor | EventType=application
[2026-08-15 14:23:51.219 (UTC)] info/application	[Sensor] Updated distance: 39.53740156699782 cm | Severity=75 | SourceName=Sensor | EventType=application
[2026-08-15 14:23:52.220 (UTC)] info/application	[Sensor] Updated distance: 29.003830676434482 cm | Severity=75 | SourceName=Sensor | EventType=application
[2026-08-15 14:23:53.221 (UTC)] info/application	[Sensor] Updated distance: 5.609785223198023 cm | Severity=75 | SourceName=Sensor | EventType=application
[2026-08-15 14:23:54.224 (UTC)] info/application	[Sensor] Updated distance: 38.142002822897396 cm | Severity=75 | SourceName=Sensor | EventType=application
[2026-08-15 14:23:55.225 (UTC)] info/application	[Sensor] Updated distance: 29.211029668902526 cm | Severity=75 | SourceName=Sensor | EventType=application
[2026-08-15 14:23:56.218 (UTC)] info/application	[Sensor] Updated distance: 7.134503478712636 cm | Severity=75 | SourceName=Sensor | EventType=application
[2026-08-15 14:23:57.221 (UTC)] info/application	[Sensor] Updated distance: 3.8826884859626594 cm | Severity=75 | SourceName=Sensor | EventType=application
[2026-08-15 14:23:58.223 (UTC)] info/application	[Sensor] Updated distance: 9.780557658421134 cm | Severity=75 | SourceName=Sensor | EventType=application
[2026-08-15 14:23:59.226 (UTC)] info/application	[Sensor] Updated distance: 16.695466957378883 cm | Severity=75 | SourceName=Sensor | EventType=application
[2026-08-15 14:24:00.217 (UTC)] info/application	[Sensor] Updated distance: 2.0332399904882723 cm | Severity=75 | SourceName=Sensor | EventType=application
[2026-08-15 14:24:01.219 (UTC)] info/application	[Sensor] Updated distance: 6.489743190114266 cm | Severity=75 | SourceName=Sensor | EventType=application
[2026-08-15 14:24:02.221 (UTC)] info/application	[Sensor] Updated distance: 38.825201893609574 cm | Severity=75 | SourceName=Sensor | EventType=application
[2026-08-15 14:24:03.222 (UTC)] info/application	[Sensor] Updated distance: 17.64564014954755 cm | Severity=75 | SourceName=Sensor | EventType=application
[2026-08-15 14:24:04.224 (UTC)] info/application	[Sensor] Updated distance: 6.577784018860098 cm | Severity=75 | SourceName=Sensor | EventType=application
[2026-08-15 14:24:05.226 (UTC)] info/application	[Sensor] Updated distance: 25.59546522404787 cm | Severity=75 | SourceName=Sensor | EventType=application
[2026-08-15 14:24:06.217 (UTC)] info/application	[Sensor] Updated distance: 6.475280048546977 cm | Severity=75 | SourceName=Sensor | EventType=application
[2026-08-15 14:24:07.219 (UTC)] info/application	[Sensor] Updated distance: 9.582116234852986 cm | Severity=75 | SourceName=Sensor | EventType=application
[2026-08-15 14:24:08.220 (UTC)] info/application	[Sensor] Updated distance: 33.243232167904836 cm | Severity=75 | SourceName=Sensor | EventType=application
[2026-08-15 14:24:09.225 (UTC)] info/application	[Sensor] Updated distance: 40.633631970097134 cm | Severity=75 | SourceName=Sensor | EventType=application
[2026-08-15 14:24:10.219 (UTC)] info/application	[Sensor] Updated distance: 21.001135149505515 cm | Severity=75 | SourceName=Sensor | EventType=application
[2026-08-15 14:24:11.221 (UTC)] info/application	[Sensor] Updated distance: 24.91897791201201 cm | Severity=75 | SourceName=Sensor | EventType=application
[2026-08-15 14:24:12.223 (UTC)] info/application	[Sensor] Updated distance: 8.305640782371928 cm | Severity=75 | SourceName=Sensor | EventType=application
[2026-08-15 14:24:13.226 (UTC)] info/application	[Sensor] Updated distance: 29.672773694467157 cm | Severity=75 | SourceName=Sensor | EventType=application
[2026-08-15 14:24:14.218 (UTC)] info/application	[Sensor] Updated distance: 20.05259752369141 cm | Severity=75 | SourceName=Sensor | EventType=application
[2026-08-15 14:24:15.221 (UTC)] info/application	[Sensor] Updated distance: 38.012853430590056 cm | Severity=75 | SourceName=Sensor | EventType=application
[2026-08-15 14:24:16.224 (UTC)] info/application	[Sensor] Updated distance: 48.3191200486939 cm | Severity=75 | SourceName=Sensor | EventType=application
[2026-08-15 14:24:17.219 (UTC)] info/application	[Sensor] Updated distance: 33.55531639585053 cm | Severity=75 | SourceName=Sensor | EventType=application
[2026-08-15 14:24:18.222 (UTC)] info/application	[Sensor] Updated distance: 8.03362730426417 cm | Severity=75 | SourceName=Sensor | EventType=application
[2026-08-15 14:24:19.224 (UTC)] info/application	[Sensor] Updated distance: 23.099479990591984 cm | Severity=75 | SourceName=Sensor | EventType=application
[2026-08-15 14:24:20.217 (UTC)] info/application	[Sensor] Updated distance: 38.117376657257495 cm | Severity=75 | SourceName=Sensor | EventType=application
[2026-08-15 14:24:21.220 (UTC)] info/application	[Sensor] Updated distance: 37.64322471043245 cm | Severity=75 | SourceName=Sensor | EventType=application
[2026-08-15 14:24:22.223 (UTC)] info/application	[Sensor] Updated distance: 12.636881557589806 cm | Severity=75 | SourceName=Sensor | EventType=application
[2026-08-15 14:24:23.226 (UTC)] info/application	[Sensor] Updated distance: 17.121207311340235 cm | Severity=75 | SourceName=Sensor | EventType=application
[2026-08-15 14:24:24.219 (UTC)] info/application	[Sensor] Updated distance: 41.25300993363047 cm | Severity=75 | SourceName=Sensor | EventType=application
[2026-08-15 14:24:25.222 (UTC)] info/application	[Sensor] Updated distance: 48.778884380487206 cm | Severity=75 | SourceName=Sensor | EventType=application
[2026-08-15 14:24:26.224 (UTC)] info/application	[Sensor] Updated distance: 44.33223698024276 cm | Severity=75 | SourceName=Sensor | EventType=application
[2026-08-15 14:24:27.218 (UTC)] info/application	[Sensor] Updated distance: 46.38751341234311 cm | Severity=75 | SourceName=Sensor | EventType=application
[2026-08-15 14:24:28.220 (UTC)] info/application	[Sensor] Updated distance: 2.661572844098123 cm | Severity=75 | SourceName=Sensor | EventType=application
[2026-08-15 14:24:29.223 (UTC)] info/application	[Sensor] Updated distance: 4.1127946386639 cm | Severity=75 | SourceName=Sensor | EventType=application
[2026-08-15 14:24:30.225 (UTC)] info/application	[Sensor] Updated distance: 13.082980347370253 cm | Severity=75 | SourceName=Sensor | EventType=application
[2026-08-15 14:24:31.217 (UTC)] info/application	[Sensor] Updated distance: 2.6948128345863953 cm | Severity=75 | SourceName=Sensor | EventType=application
[2026-08-15 14:24:32.220 (UTC)] info/application	[Sensor] Updated distance: 8.602537828778168 cm | Severity=75 | SourceName=Sensor | EventType=application
[2026-08-15 14:24:33.223 (UTC)] info/application	[Sensor] Updated distance: 49.908182240979826 cm | Severity=75 | SourceName=Sensor | EventType=application
[2026-08-15 14:24:34.225 (UTC)] info/application	[Sensor] Updated distance: 18.34045300648569 cm | Severity=75 | SourceName=Sensor | EventType=application
[2026-08-15 14:24:35.217 (UTC)] info/application	[Sensor] Updated distance: 13.180321869990006 cm | Severity=75 | SourceName=Sensor | EventType=application
[2026-08-15 14:24:36.219 (UTC)] info/application	[Sensor] Updated distance: 25.503647442675963 cm | Severity=75 | SourceName=Sensor | EventType=application
[2026-08-15 14:24:37.220 (UTC)] info/application	[Sensor] Updated distance: 22.815733055032663 cm | Severity=75 | SourceName=Sensor | EventType=application
[2026-08-15 14:24:38.223 (UTC)] info/application	[Sensor] Updated distance: 20.762438104842992 cm | Severity=75 | SourceName=Sensor | EventType=application
[2026-08-15 14:24:39.226 (UTC)] info/application	[Sensor] Updated distance: 8.74687958822906 cm | Severity=75 | SourceName=Sensor | EventType=application
[2026-08-15 14:24:40.221 (UTC)] info/application	[Sensor] Updated distance: 13.449365002778062 cm | Severity=75 | SourceName=Sensor | EventType=application
[2026-08-15 14:24:41.225 (UTC)] info/application	[Sensor] Updated distance: 39.76357325434851 cm | Severity=75 | SourceName=Sensor | EventType=application
[2026-08-15 14:24:42.218 (UTC)] info/application	[Sensor] Updated distance: 31.66585750024107 cm | Severity=75 | SourceName=Sensor | EventType=application
[2026-08-15 14:24:43.220 (UTC)] info/application	[Sensor] Updated distance: 19.755005807501732 cm | Severity=75 | SourceName=Sensor | EventType=application
[2026-08-15 14:24:44.223 (UTC)] info/application	[Sensor] Updated distance: 19.43634694881567 cm | Severity=75 | SourceName=Sensor | EventType=application
[2026-08-15 14:24:45.225 (UTC)] info/application	[Sensor] Updated distance: 49.71845502393248 cm | Severity=75 | SourceName=Sensor | EventType=application
[2026-08-15 14:24:46.216 (UTC)] info/application	[Sensor] Updated distance: 7.767859215740049 cm | Severity=75 | SourceName=Sensor | EventType=application
[2026-08-15 14:24:47.219 (UTC)] info/application	[Sensor] Updated distance: 17.75546697515783 cm | Severity=75 | SourceName=Sensor | EventType=application
[2026-08-15 14:24:48.221 (UTC)] info/application	[Sensor] Updated distance: 33.27377141978302 cm | Severity=75 | SourceName=Sensor | EventType=application
[2026-08-15 14:24:49.224 (UTC)] info/application	[Sensor] Updated distance: 13.80148652000422 cm | Severity=75 | SourceName=Sensor | EventType=application
[2026-08-15 14:24:50.226 (UTC)] info/application	[Sensor] Updated distance: 38.85494696574982 cm | Severity=75 | SourceName=Sensor | EventType=application
[2026-08-15 14:24:51.218 (UTC)] info/application	[Sensor] Updated distance: 21.39114805468877 cm | Severity=75 | SourceName=Sensor | EventType=application
[2026-08-15 14:24:52.220 (UTC)] info/application	[Sensor] Updated distance: 49.44471123043667 cm | Severity=75 | SourceName=Sensor | EventType=application
[2026-08-15 14:24:53.222 (UTC)] info/application	[Sensor] Updated distance: 49.49182852333962 cm | Severity=75 | SourceName=Sensor | EventType=application
[2026-08-15 14:24:54.225 (UTC)] info/application	[Sensor] Updated distance: 36.512355366029006 cm | Severity=75 | SourceName=Sensor | EventType=application
[2026-08-15 14:24:55.217 (UTC)] info/application	[Sensor] Updated distance: 40.697721141715405 cm | Severity=75 | SourceName=Sensor | EventType=application
[2026-08-15 14:24:56.219 (UTC)] info/application	[Sensor] Updated distance: 48.270712881475085 cm | Severity=75 | SourceName=Sensor | EventType=application
[2026-08-15 14:24:57.221 (UTC)] info/application	[Sensor] Updated distance: 30.844592346271774 cm | Severity=75 | SourceName=Sensor | EventType=application
[2026-08-15 14:24:58.224 (UTC)] info/application	[Sensor] Updated distance: 37.085234531706774 cm | Severity=75 | SourceName=Sensor | EventType=application
[2026-08-15 14:24:59.216 (UTC)] info/application	[Sensor] Updated distance: 48.93228572557321 cm | Severity=75 | SourceName=Sensor | EventType=application
[2026-08-15 14:25:00.219 (UTC)] info/application	[Sensor] Updated distance: 32.957386984935674 cm | Severity=75 | SourceName=Sensor | EventType=application
[2026-08-15 14:25:01.221 (UTC)] info/application	[Sensor] Updated distance: 48.16821487907703 cm | Severity=75 | SourceName=Sensor | EventType=application
[2026-08-15 14:25:02.223 (UTC)] info/application	[Sensor] Updated distance: 49.627098582511344 cm | Severity=75 | SourceName=Sensor | EventType=application
[2026-08-15 14:25:03.226 (UTC)] info/application	[Sensor] Updated distance: 39.55992481371384 cm | Severity=75 | SourceName=Sensor | EventType=application
[2026-08-15 14:25:04.217 (UTC)] info/application	[Sensor] Updated distance: 48.07639712005685 cm | Severity=75 | SourceName=Sensor | EventType=application
[2026-08-15 14:25:05.219 (UTC)] info/application	[Sensor] Updated distance: 17.96755156664529 cm | Severity=75 | SourceName=Sensor | EventType=application
[2026-08-15 14:25:06.222 (UTC)] info/application	[Sensor] Updated distance: 2.7402466613521086 cm | Severity=75 | SourceName=Sensor | EventType=application
[2026-08-15 14:25:07.223 (UTC)] info/application	[Sensor] Updated distance: 23.580044540381078 cm | Severity=75 | SourceName=Sensor | EventType=application
[2026-08-15 14:25:08.226 (UTC)] info/application	[Sensor] Updated distance: 38.78328462167796 cm | Severity=75 | SourceName=Sensor | EventType=application
[2026-08-15 14:25:09.218 (UTC)] info/application	[Sensor] Updated distance: 21.502684766195102 cm | Severity=75 | SourceName=Sensor | EventType=application
[2026-08-15 14:25:10.220 (UTC)] info/application	[Sensor] Updated distance: 30.32692415096188 cm | Severity=75 | SourceName=Sensor | EventType=application
[2026-08-15 14:25:11.222 (UTC)] info/application	[Sensor] Updated distance: 2.232649602104281 cm | Severity=75 | SourceName=Sensor | EventType=application
[2026-08-15 14:25:12.223 (UTC)] info/application	[Sensor] Updated distance: 11.266258020543614 cm | Severity=75 | SourceName=Sensor | EventType=application
[2026-08-15 14:25:13.226 (UTC)] info/application	[Sensor] Updated distance: 11.99278162885121 cm | Severity=75 | SourceName=Sensor | EventType=application
[2026-08-15 14:25:14.218 (UTC)] info/application	[Sensor] Updated distance: 19.987655409606013 cm | Severity=75 | SourceName=Sensor | EventType=application
[2026-08-15 14:25:15.221 (UTC)] info/application	[Sensor] Updated distance: 28.70260496935928 cm | Severity=75 | SourceName=Sensor | EventType=application
[2026-08-15 14:25:16.222 (UTC)] info/application	[Sensor] Updated distance: 11.711236652783693 cm | Severity=75 | SourceName=Sensor | EventType=application
[2026-08-15 14:25:17.223 (UTC)] info/application	[Sensor] Updated distance: 25.7555146476978 cm | Severity=75 | SourceName=Sensor | EventType=application
[2026-08-15 14:25:18.225 (UTC)] info/application	[Sensor] Updated distance: 44.458071944517116 cm | Severity=75 | SourceName=Sensor | EventType=application
[2026-08-15 14:25:19.217 (UTC)] info/application	[Sensor] Updated distance: 42.98500807256671 cm | Severity=75 | SourceName=Sensor | EventType=application
[2026-08-15 14:25:20.219 (UTC)] info/application	[Sensor] Updated distance: 37.55700116770202 cm | Severity=75 | SourceName=Sensor | EventType=application
[2026-08-15 14:25:21.221 (UTC)] info/application	[Sensor] Updated distance: 33.31301888791519 cm | Severity=75 | SourceName=Sensor | EventType=application
[2026-08-15 14:25:22.223 (UTC)] info/application	[Sensor] Updated distance: 14.37615610490374 cm | Severity=75 | SourceName=Sensor | EventType=application
[2026-08-15 14:25:23.225 (UTC)] info/application	[Sensor] Updated distance: 37.00171239813869 cm | Severity=75 | SourceName=Sensor | EventType=application
[2026-08-15 14:25:24.216 (UTC)] info/application	[Sensor] Updated distance: 32.80484741125481 cm | Severity=75 | SourceName=Sensor | EventType=application
[2026-08-15 14:25:25.218 (UTC)] info/application	[Sensor] Updated distance: 48.88851147093275 cm | Severity=75 | SourceName=Sensor | EventType=application
[2026-08-15 14:25:26.219 (UTC)] info/application	[Sensor] Updated distance: 27.699433517502356 cm | Severity=75 | SourceName=Sensor | EventType=application
[2026-08-15 14:25:27.221 (UTC)] info/application	[Sensor] Updated distance: 31.07556027037816 cm | Severity=75 | SourceName=Sensor | EventType=application
[2026-08-15 14:25:28.223 (UTC)] info/application	[Sensor] Updated distance: 29.733103794852784 cm | Severity=75 | SourceName=Sensor | EventType=application
[2026-08-15 14:25:29.225 (UTC)] info/application	[Sensor] Updated distance: 14.784668049209131 cm | Severity=75 | SourceName=Sensor | EventType=application
[2026-08-15 14:25:30.217 (UTC)] info/application	[Sensor] Updated distance: 30.00784599595137 cm | Severity=75 | SourceName=Sensor | EventType=application
[2026-08-15 14:25:31.218 (UTC)] info/application	[Sensor] Updated distance: 12.69049075743672 cm | Severity=75 | SourceName=Sensor | EventType=application
[2026-08-15 14:25:32.220 (UTC)] info/application	[Sensor] Updated distance: 12.952882905934416 cm | Severity=75 | SourceName=Sensor | EventType=application
[2026-08-15 14:25:33.223 (UTC)] info/application	[Sensor] Updated distance: 29.634944556110977 cm | Severity=75 | SourceName=Sensor | EventType=application
[2026-08-15 14:25:34.224 (UTC)] info/application	[Sensor] Updated distance: 2.2504155711505636 cm | Severity=75 | SourceName=Sensor | EventType=application
[2026-08-15 14:25:35.226 (UTC)] info/application	[Sensor] Updated distance: 11.029280003639533 cm | Severity=75 | SourceName=Sensor | EventType=application
[2026-08-15 14:25:36.218 (UTC)] info/application	[Sensor] Updated distance: 45.60249612275627 cm | Severity=75 | SourceName=Sensor | EventType=application
[2026-08-15 14:25:37.220 (UTC)] info/application	[Sensor] Updated distance: 2.9906622325026717 cm | Severity=75 | SourceName=Sensor | EventType=application
[2026-08-15 14:25:38.221 (UTC)] info/application	[Sensor] Updated distance: 32.60932456637235 cm | Severity=75 | SourceName=Sensor | EventType=application
[2026-08-15 14:25:39.223 (UTC)] info/application	[Sensor] Updated distance: 34.38578072208249 cm | Severity=75 | SourceName=Sensor | EventType=application
[2026-08-15 14:25:40.224 (UTC)] info/application	[Sensor] Updated distance: 22.493347021049516 cm | Severity=75 | SourceName=Sensor | EventType=application
[2026-08-15 14:25:41.217 (UTC)] info/application	[Sensor] Updated distance: 12.936248694982496 cm | Severity=75 | SourceName=Sensor | EventType=application
[2026-08-15 14:25:42.219 (UTC)] info/application	[Sensor] Updated distance: 34.61843032418677 cm | Severity=75 | SourceName=Sensor | EventType=application
[2026-08-15 14:25:43.220 (UTC)] info/application	[Sensor] Updated distance: 31.759605041593126 cm | Severity=75 | SourceName=Sensor | EventType=application
[2026-08-15 14:25:44.222 (UTC)] info/application	[Sensor] Updated distance: 22.929030323833707 cm | Severity=75 | SourceName=Sensor | EventType=application
[2026-08-15 14:25:45.224 (UTC)] info/application	[Sensor] Updated distance: 4.606085733792785 cm | Severity=75 | SourceName=Sensor | EventType=application
[2026-08-15 14:25:46.225 (UTC)] info/application	[Sensor] Updated distance: 10.462209988600671 cm | Severity=75 | SourceName=Sensor | EventType=application
[2026-08-15 14:25:47.217 (UTC)] info/application	[Sensor] Updated distance: 32.6402669766174 cm | Severity=75 | SourceName=Sensor | EventType=application
[2026-08-15 14:25:48.218 (UTC)] info/application	[Sensor] Updated distance: 28.361600381490586 cm | Severity=75 | SourceName=Sensor | EventType=application
[2026-08-15 14:25:49.220 (UTC)] info/application	[Sensor] Updated distance: 4.920281910766047 cm | Severity=75 | SourceName=Sensor | EventType=application
[2026-08-15 14:25:50.222 (UTC)] info/application	[Sensor] Updated distance: 25.62527502683237 cm | Severity=75 | SourceName=Sensor | EventType=application
[2026-08-15 14:25:51.223 (UTC)] info/application	[Sensor] Updated distance: 15.918601526840868 cm | Severity=75 | SourceName=Sensor | EventType=application
[2026-08-15 14:25:52.225 (UTC)] info/application	[Sensor] Updated distance: 36.233300798681235 cm | Severity=75 | SourceName=Sensor | EventType=application
[2026-08-15 14:25:53.226 (UTC)] info/application	[Sensor] Updated distance: 38.00143113173611 cm | Severity=75 | SourceName=Sensor | EventType=application
[2026-08-15 14:25:54.217 (UTC)] info/application	[Sensor] Updated distance: 2.920313902627823 cm | Severity=75 | SourceName=Sensor | EventType=application
[2026-08-15 14:25:55.219 (UTC)] info/application	[Sensor] Updated distance: 19.038148187584312 cm | Severity=75 | SourceName=Sensor | EventType=application
[2026-08-15 14:25:56.221 (UTC)] info/application	[Sensor] Updated distance: 36.88994260266886 cm | Severity=75 | SourceName=Sensor | EventType=application
[2026-08-15 14:25:57.223 (UTC)] info/application	[Sensor] Updated distance: 28.61974744248192 cm | Severity=75 | SourceName=Sensor | EventType=application
[2026-08-15 14:25:58.225 (UTC)] info/application	[Sensor] Updated distance: 48.113708480314216 cm | Severity=75 | SourceName=Sensor | EventType=application
[2026-08-15 14:25:59.217 (UTC)] info/application	[Sensor] Updated distance: 16.623046375169906 cm | Severity=75 | SourceName=Sensor | EventType=application
[2026-08-15 14:26:00.219 (UTC)] info/application	[Sensor] Updated distance: 41.40441549169105 cm | Severity=75 | SourceName=Sensor | EventType=application
[2026-08-15 14:26:01.221 (UTC)] info/application	[Sensor] Updated distance: 28.121554453913845 cm | Severity=75 | SourceName=Sensor | EventType=application
[2026-08-15 14:26:02.223 (UTC)] info/application	[Sensor] Updated distance: 27.313537154958368 cm | Severity=75 | SourceName=Sensor | EventType=application
[2026-08-15 14:26:03.225 (UTC)] info/application	[Sensor] Updated distance: 4.357298375273728 cm | Severity=75 | SourceName=Sensor | EventType=application
[2026-08-15 14:26:04.217 (UTC)] info/application	[Sensor] Updated distance: 7.7564989876730825 cm | Severity=75 | SourceName=Sensor | EventType=application
[2026-08-15 14:26:05.219 (UTC)] info/application	[Sensor] Updated distance: 27.56395272610893 cm | Severity=75 | SourceName=Sensor | EventType=application
[2026-08-15 14:26:06.221 (UTC)] info/application	[Sensor] Updated distance: 13.386578401265004 cm | Severity=75 | SourceName=Sensor | EventType=application
[2026-08-15 14:26:07.222 (UTC)] info/application	[Sensor] Updated distance: 3.358995088077614 cm | Severity=75 | SourceName=Sensor | EventType=application
[2026-08-15 14:26:08.224 (UTC)] info/application	[Sensor] Updated distance: 28.5546149586116 cm | Severity=75 | SourceName=Sensor | EventType=application
[2026-08-15 14:26:09.216 (UTC)] info/application	[Sensor] Updated distance: 43.995902967637356 cm | Severity=75 | SourceName=Sensor | EventType=application
[2026-08-15 14:26:10.218 (UTC)] info/application	[Sensor] Updated distance: 35.7447758101601 cm | Severity=75 | SourceName=Sensor | EventType=application
[2026-08-15 14:26:11.220 (UTC)] info/application	[Sensor] Updated distance: 49.04796197966112 cm | Severity=75 | SourceName=Sensor | EventType=application
[2026-08-15 14:26:12.221 (UTC)] info/application	[Sensor] Updated distance: 6.932151640268113 cm | Severity=75 | SourceName=Sensor | EventType=application
[2026-08-15 14:26:13.223 (UTC)] info/application	[Sensor] Updated distance: 20.363206111995133 cm | Severity=75 | SourceName=Sensor | EventType=application
[2026-08-15 14:26:14.225 (UTC)] info/application	[Sensor] Updated distance: 30.807566998902505 cm | Severity=75 | SourceName=Sensor | EventType=application
[2026-08-15 14:26:15.217 (UTC)] info/application	[Sensor] Updated distance: 27.861181964101817 cm | Severity=75 | SourceName=Sensor | EventType=application
[2026-08-15 14:26:16.219 (UTC)] info/application	[Sensor] Updated distance: 22.969291845787918 cm | Severity=75 | SourceName=Sensor | EventType=application
[2026-08-15 14:26:17.220 (UTC)] info/application	[Sensor] Updated distance: 39.26977698750318 cm | Severity=75 | SourceName=Sensor | EventType=application
[2026-08-15 14:26:18.222 (UTC)] info/application	[Sensor] Updated distance: 10.501448940719222 cm | Severity=75 | SourceName=Sensor | EventType=application
[2026-08-15 14:26:19.223 (UTC)] info/application	[Sensor] Updated distance: 49.330892227278504 cm | Severity=75 | SourceName=Sensor | EventType=application
[2026-08-15 14:26:20.225 (UTC)] info/application	[Sensor] Updated distance: 42.19005889826922 cm | Severity=75 | SourceName=Sensor | EventType=application
[2026-08-15 14:26:21.226 (UTC)] info/application	[Sensor] Updated distance: 34.12672396755159 cm | Severity=75 | SourceName=Sensor | EventType=application
[2026-08-15 14:26:22.218 (UTC)] info/application	[Sensor] Updated distance: 15.249493754119376 cm | Severity=75 | SourceName=Sensor | EventType=application
[2026-08-15 14:26:23.221 (UTC)] info/application	[Sensor] Updated distance: 28.423359696950463 cm | Severity=75 | SourceName=Sensor | EventType=application
[2026-08-15 14:26:24.222 (UTC)] info/application	[Sensor] Updated distance: 22.1281550992877 cm | Severity=75 | SourceName=Sensor | EventType=application
[2026-08-15 14:26:25.223 (UTC)] info/application	[Sensor] Updated distance: 16.1698076567472 cm | Severity=75 | SourceName=Sensor | EventType=application
[2026-08-15 14:26:26.225 (UTC)] info/application	[Sensor] Updated distance: 45.461507884534775 cm | Severity=75 | SourceName=Sensor | EventType=application
[2026-08-15 14:2