[2026-08-17 00:20:11.742 (UTC+0800)] [33mwarn/server[0m	AccessControl: Unconfigured AccessControl. Users have all permissions.
[2026-08-17 00:20:11.742 (UTC+0800)] [32minfo/server[0m	AccessControl: Anonymous login is enabled
[2026-08-17 00:20:11.742 (UTC+0800)] [33mwarn/server[0m	x509 Certificate Authentication configured, but no encrypting SecurityPolicy. This can leak credentials on the network.
[2026-08-17 00:20:11.778 (UTC+0800)] [33mwarn/application[0m	ServerUrls already set. Overriding.
[2026-08-17 00:20:11.778 (UTC+0800)] [33mwarn/server[0m	AccessControl: Unconfigured AccessControl. Users have all permissions.
[2026-08-17 00:20:11.778 (UTC+0800)] [32minfo/server[0m	AccessControl: Anonymous login is enabled
[2026-08-17 00:20:11.778 (UTC+0800)] [33mwarn/server[0m	x509 Certificate Authentication configured, but no encrypting SecurityPolicy. This can leak credentials on the network.
[2026-08-17 00:20:11.778 (UTC+0800)] [33mwarn/server[0m	x509 Certificate Authentication configured, but no encrypting SecurityPolicy. This can leak credentials on the network.
[2026-08-16 16:20:11.778 (UTC)] info/application	Sensor Server online (Client/Server mode, id=3 port=4844) | Severity=75 | SourceName=Sensor3 | EventType=application
Entering background polling mode: attempting to connect to Aggregation Server...
Connected successfully. Log forwarding started.
[2026-08-16 16:20:12.784 (UTC)] info/application	[Sensor] Updated distance: 26.2343995444171 cm | Severity=75 | SourceName=Sensor3 | EventType=application
[2026-08-16 16:20:13.754 (UTC)] info/network	[System] TCP 16	| Connection opened from "127.0.0.1" via the server socket 8 | Severity=75 | SourceName=System | EventType=network
[2026-08-16 16:20:13.754 (UTC)] info/channel	[System] TCP 16	| SC 1	| SecureChannel created | Severity=75 | SourceName=System | EventType=channel
[2026-08-16 16:20:14.867 (UTC)] info/application	[Sensor] Updated distance: 26.0399103984423 cm | Severity=75 | SourceName=Sensor3 | EventType=application
[2026-08-16 16:20:14.888 (UTC)] info/channel	[System] TCP 16	| SC 1	| OpenSecureChannel: Channel opened with SecurityMode None for SecurityPolicy http://opcfoundation.org/UA/SecurityPolicy#None and a revised lifetime of 600.0s | Severity=75 | SourceName=System | EventType=channel
[2026-08-16 16:20:14.908 (UTC)] warn/client	[System] Removing a UserTokenPolicy that would allow the password to be transmitted without encryption (Can be enabled via config->allowNonePolicyPassword) | Severity=175 | SourceName=System | EventType=client
[2026-08-16 16:20:14.908 (UTC)] warn/client	[System] Removing a UserTokenPolicy that would allow the password to be transmitted without encryption (Can be enabled via config->allowNonePolicyPassword) | Severity=175 | SourceName=System | EventType=client
[2026-08-16 16:20:14.919 (UTC)] warn/client	[System] Removing a UserTokenPolicy that would allow the password to be transmitted without encryption (Can be enabled via config->allowNonePolicyPassword) | Severity=175 | SourceName=System | EventType=client
[2026-08-16 16:20:14.919 (UTC)] warn/client	[System] Removing a UserTokenPolicy that would allow the password to be transmitted without encryption (Can be enabled via config->allowNonePolicyPassword) | Severity=175 | SourceName=System | EventType=client
[2026-08-16 16:20:14.919 (UTC)] info/session	[System] TCP 16	| SC 1	| Session "ns=1;g=b0867f9b-aba9-d4d3-b7fb-af2a64c66cd6"	| Session created | Severity=75 | SourceName=System | EventType=session
[2026-08-16 16:20:14.930 (UTC)] info/session	[System] TCP 16	| SC 1	| Session "ns=1;g=b0867f9b-aba9-d4d3-b7fb-af2a64c66cd6"	| ActivateSession: Session activated with ClientUserId "" | Severity=75 | SourceName=System | EventType=session
[2026-08-16 16:20:15.316 (UTC)] info/session	[System] TCP 16	| SC 1	| Session "ns=1;g=b0867f9b-aba9-d4d3-b7fb-af2a64c66cd6"	| Subscription 1 | Subscription created (Publishing interval 500.0ms, max 1000 notifications per publish) | Severity=75 | SourceName=System | EventType=session
[2026-08-16 16:20:15.336 (UTC)] info/session	[System] TCP 16	| SC 1	| Session "ns=1;g=b0867f9b-aba9-d4d3-b7fb-af2a64c66cd6"	| Subscription 1 | MonitoredItem 1 | Created the MonitoredItem (Sampling Interval: 250.0ms, Queue Size: 1) | Severity=75 | SourceName=System | EventType=session
[2026-08-16 16:20:15.872 (UTC)] info/application	[Sensor] Updated distance: 25.670493085948 cm | Severity=75 | SourceName=Sensor3 | EventType=application
[2026-08-16 16:20:16.873 (UTC)] info/application	[Sensor] Updated distance: 25.700412485609 cm | Severity=75 | SourceName=Sensor3 | EventType=application
[2026-08-16 16:20:17.873 (UTC)] info/application	[Sensor] Updated distance: 26.134129460265 cm | Severity=75 | SourceName=Sensor3 | EventType=application
[2026-08-16 16:20:18.875 (UTC)] info/application	[Sensor] Updated distance: 26.6490960096238 cm | Severity=75 | SourceName=Sensor3 | EventType=application
[2026-08-16 16:20:19.876 (UTC)] info/application	[Sensor] Updated distance: 26.1311136305477 cm | Severity=75 | SourceName=Sensor3 | EventType=application
[2026-08-16 16:20:20.877 (UTC)] info/application	[Sensor] Updated distance: 25.8641836530828 cm | Severity=75 | SourceName=Sensor3 | EventType=application
[2026-08-16 16:20:21.867 (UTC)] info/application	[Sensor] Updated distance: 24.6099274587398 cm | Severity=75 | SourceName=Sensor3 | EventType=application
[2026-08-16 16:20:22.868 (UTC)] info/application	[Sensor] Updated distance: 24.1274331049656 cm | Severity=75 | SourceName=Sensor3 | EventType=application
[2026-08-16 16:20:23.868 (UTC)] info/application	[Sensor] Updated distance: 24.5923025180084 cm | Severity=75 | SourceName=Sensor3 | EventType=application
[2026-08-16 16:20:24.868 (UTC)] info/application	[Sensor] Updated distance: 23.7281233811416 cm | Severity=75 | SourceName=Sensor3 | EventType=application
[2026-08-16 16:20:25.868 (UTC)] info/application	[Sensor] Updated distance: 24.7384607155055 cm | Severity=75 | SourceName=Sensor3 | EventType=application
[2026-08-16 16:20:26.868 (UTC)] info/application	[Sensor] Updated distance: 25.9477400826047 cm | Severity=75 | SourceName=Sensor3 | EventType=application
[2026-08-16 16:20:27.868 (UTC)] info/application	[Sensor] Updated distance: 25.3520092427973 cm | Severity=75 | SourceName=Sensor3 | EventType=application
[2026-08-16 16:20:28.870 (UTC)] info/application	[Sensor] Updated distance: 24.2591234768085 cm | Severity=75 | SourceName=Sensor3 | EventType=application
[2026-08-16 16:20:29.871 (UTC)] info/application	[Sensor] Updated distance: 25.5172428093 cm | Severity=75 | SourceName=Sensor3 | EventType=application
[2026-08-16 16:20:30.872 (UTC)] info/application	[Sensor] Updated distance: 24.9172298647078 cm | Severity=75 | SourceName=Sensor3 | EventType=application
[2026-08-16 16:20:31.872 (UTC)] info/application	[Sensor] Updated distance: 25.9853537927779 cm | Severity=75 | SourceName=Sensor3 | EventType=application
[2026-08-16 16:20:32.873 (UTC)] info/application	[Sensor] Updated distance: 24.9542355984236 cm | Severity=75 | SourceName=Sensor3 | EventType=application
[2026-08-16 16:20:33.873 (UTC)] info/application	[Sensor] Updated distance: 26.3660527900169 cm | Severity=75 | SourceName=Sensor3 | EventType=application
[2026-08-16 16:20:34.874 (UTC)] info/application	[Sensor] Updated distance: 25.1809921568171 cm | Severity=75 | SourceName=Sensor3 | EventType=application
[2026-08-16 16:20:35.876 (UTC)] info/application	[Sensor] Updated distance: 25.5093615837439 cm | Severity=75 | SourceName=Sensor3 | EventType=application
[2026-08-16 16:20:36.877 (UTC)] info/application	[Sensor] Updated distance: 26.6434498213434 cm | Severity=75 | SourceName=Sensor3 | EventType=application
[2026-08-16 16:20:37.868 (UTC)] info/application	[Sensor] Updated distance: 28.0873107465856 cm | Severity=75 | SourceName=Sensor3 | EventType=application
[2026-08-16 16:20:38.869 (UTC)] info/application	[Sensor] Updated distance: 28.3514496550669 cm | Severity=75 | SourceName=Sensor3 | EventType=application
[2026-08-16 16:20:39.870 (UTC)] info/application	[Sensor] Updated distance: 29.6044709031025 cm | Severity=75 | SourceName=Sensor3 | EventType=application
[2026-08-16 16:20:40.872 (UTC)] info/application	[Sensor] Updated distance: 30.3926839616116 cm | Severity=75 | SourceName=Sensor3 | EventType=application
[2026-08-16 16:20:41.872 (UTC)] info/application	[Sensor] Updated distance: 31.6546970275951 cm | Severity=75 | SourceName=Sensor3 | EventType=application
[2026-08-16 16:20:42.873 (UTC)] info/application	[Sensor] Updated distance: 31.1992364838716 cm | Severity=75 | SourceName=Sensor3 | EventType=application
[2026-08-16 16:20:43.874 (UTC)] info/application	[Sensor] Updated distance: 31.63730753173 cm | Severity=75 | SourceName=Sensor3 | EventType=application
[2026-08-16 16:20:44.876 (UTC)] info/application	[Sensor] Updated distance: 31.6337201421306 cm | Severity=75 | SourceName=Sensor3 | EventType=application
[2026-08-16 16:20:45.877 (UTC)] info/application	[Sensor] Updated distance: 32.4837704524322 cm | Severity=75 | SourceName=Sensor3 | EventType=application
[2026-08-16 16:20:46.868 (UTC)] info/application	[Sensor] Updated distance: 31.0524241877964 cm | Severity=75 | SourceName=Sensor3 | EventType=application
[2026-08-16 16:20:47.868 (UTC)] info/application	[Sensor] Updated distance: 29.578756196461 cm | Severity=75 | SourceName=Sensor3 | EventType=application
[2026-08-16 16:20:48.870 (UTC)] info/application	[Sensor] Updated distance: 29.3625234814186 cm | Severity=75 | SourceName=Sensor3 | EventType=application
[2026-08-16 16:20:49.871 (UTC)] info/application	[Sensor] Updated distance: 29.9461437661416 cm | Severity=75 | SourceName=Sensor3 | EventType=application
[2026-08-16 16:20:50.872 (UTC)] info/application	[Sensor] Updated distance: 29.4544933957302 cm | Severity=75 | SourceName=Sensor3 | EventType=application
[2026-08-16 16:20:51.873 (UTC)] info/application	[Sensor] Updated distance: 30.4713307032228 cm | Severity=75 | SourceName=Sensor3 | EventType=application
[2026-08-16 16:20:52.874 (UTC)] info/application	[Sensor] Updated distance: 31.3006947936028 cm | Severity=75 | SourceName=Sensor3 | EventType=application
[2026-08-16 16:20:53.875 (UTC)] info/application	[Sensor] Updated distance: 31.8265500708141 cm | Severity=75 | SourceName=Sensor3 | EventType=application
[2026-08-16 16:20:54.876 (UTC)] info/application	[Sensor] Updated distance: 31.8082567913496 cm | Severity=75 | SourceName=Sensor3 | EventType=application
[2026-08-16 16:20:55.876 (UTC)] info/application	[Sensor] Updated distance: 33.2734417448628 cm | Severity=75 | SourceName=Sensor3 | EventType=application
[2026-08-16 16:20:56.867 (UTC)] info/application	[Sensor] Updated distance: 33.309634355041 cm | Severity=75 | SourceName=Sensor3 | EventType=application
[2026-08-16 16:20:57.868 (UTC)] info/application	[Sensor] Updated distance: 33.0006204412787 cm | Severity=75 | SourceName=Sensor3 | EventType=application
[2026-08-16 16:20:58.869 (UTC)] info/application	[Sensor] Updated distance: 32.3700745549845 cm | Severity=75 | SourceName=Sensor3 | EventType=application
[2026-08-16 16:20:59.869 (UTC)] info/application	[Sensor] Updated distance: 32.8133813991739 cm | Severity=75 | SourceName=Sensor3 | EventType=application
[2026-08-16 16:21:00.871 (UTC)] info/application	[Sensor] Updated distance: 32.2624868165061 cm | Severity=75 | SourceName=Sensor3 | EventType=application
[2026-08-16 16:21:01.872 (UTC)] info/application	[Sensor] Updated distance: 32.5319279856197 cm | Severity=75 | SourceName=Sensor3 | EventType=application
[2026-08-16 16:21:02.873 (UTC)] info/application	[Sensor] Updated distance: 32.5433587578793 cm | Severity=75 | SourceName=Sensor3 | EventType=application
[2026-08-16 16:21:03.874 (UTC)] info/application	[Sensor] Updated distance: 32.4613459822542 cm | Severity=75 | SourceName=Sensor3 | EventType=application
[2026-08-16 16:21:04.875 (UTC)] info/application	[Sensor] Updated distance: 32.642604342961 cm | Severity=75 | SourceName=Sensor3 | EventType=application
[2026-08-16 16:21:05.876 (UTC)] info/application	[Sensor] Updated distance: 32.9689744820208 cm | Severity=75 | SourceName=Sensor3 | EventType=application
[2026-08-16 16:21:06.877 (UTC)] info/application	[Sensor] Updated distance: 31.7153311319255 cm | Severity=75 | SourceName=Sensor3 | EventType=application
[2026-08-16 16:21:07.868 (UTC)] info/application	[Sensor] Updated distance: 31.5306777288349 cm | Severity=75 | SourceName=Sensor3 | EventType=application
[2026-08-16 16:21:08.869 (UTC)] info/application	[Sensor] Updated distance: 31.8009087917399 cm | Severity=75 | SourceName=Sensor3 | EventType=application
[2026-08-16 16:21:09.870 (UTC)] info/application	[Sensor] Updated distance: 32.3114043515229 cm | Severity=75 | SourceName=Sensor3 | EventType=application
[2026-08-16 16:21:10.872 (UTC)] info/application	[Sensor] Updated distance: 31.8797721950709 cm | Severity=75 | SourceName=Sensor3 | EventType=application
[2026-08-16 16:21:11.873 (UTC)] info/application	[Sensor] Updated distance: 31.438216315088 cm | Severity=75 | SourceName=Sensor3 | EventType=application
[2026-08-16 16:21:12.874 (UTC)] info/application	[Sensor] Updated distance: 31.7107249394575 cm | Severity=75 | SourceName=Sensor3 | EventType=application
[2026-08-16 16:21:13.875 (UTC)] info/application	[Sensor] Updated distance: 32.3236322406789 cm | Severity=75 | SourceName=Sensor3 | EventType=application
[2026-08-16 16:21:14.876 (UTC)] info/application	[Sensor] Updated distance: 33.8201474085544 cm | Severity=75 | SourceName=Sensor3 | EventType=application
[2026-08-16 16:21:15.877 (UTC)] info/application	[Sensor] Updated distance: 32.5890686419276 cm | Severity=75 | SourceName=Sensor3 | EventType=application
[2026-08-16 16:21:16.867 (UTC)] info/application	[Sensor] Updated distance: 32.5520262520537 cm | Severity=75 | SourceName=Sensor3 | EventType=application
[2026-08-16 16:21:17.869 (UTC)] info/application	[Sensor] Updated distance: 31.1171951538963 cm | Severity=75 | SourceName=Sensor3 | EventType=application
[2026-08-16 16:21:18.870 (UTC)] info/application	[Sensor] Updated distance: 29.9124483973311 cm | Severity=75 | SourceName=Sensor3 | EventType=application
[2026-08-16 16:21:19.871 (UTC)] info/application	[Sensor] Updated distance: 31.1591732924148 cm | Severity=75 | SourceName=Sensor3 | EventType=application
[2026-08-16 16:21:20.872 (UTC)] info/application	[Sensor] Updated distance: 31.8079624789804 cm | Severity=75 | SourceName=Sensor3 | EventType=application
[2026-08-16 16:21:21.873 (UTC)] info/application	[Sensor] Updated distance: 31.6115653520038 cm | Severity=75 | SourceName=Sensor3 | EventType=application
[2026-08-16 16:21:22.873 (UTC)] info/application	[Sensor] Updated distance: 32.3751275545802 cm | Severity=75 | SourceName=Sensor3 | EventType=application
[2026-08-16 16:21:23.873 (UTC)] info/application	[Sensor] Updated distance: 32.3532808315257 cm | Severity=75 | SourceName=Sensor3 | EventType=application
[2026-08-16 16:21:24.875 (UTC)] info/application	[Sensor] Updated distance: 31.1827389803635 cm | Severity=75 | SourceName=Sensor3 | EventType=application
[2026-08-16 16:21:25.876 (UTC)] info/application	[Sensor] Updated distance: 30.4280079020783 cm | Severity=75 | SourceName=Sensor3 | EventType=application
[2026-08-16 16:21:26.876 (UTC)] info/application	[Sensor] Updated distance: 30.3713461311401 cm | Severity=75 | SourceName=Sensor3 | EventType=application
[2026-08-16 16:21:27.868 (UTC)] info/application	[Sensor] Updated distance: 30.7369968901561 cm | Severity=75 | SourceName=Sensor3 | EventType=application
[2026-08-16 16:21:28.869 (UTC)] info/application	[Sensor] Updated distance: 31.1732518981086 cm | Severity=75 | SourceName=Sensor3 | EventType=application
[2026-08-16 16:21:29.870 (UTC)] info/application	[Sensor] Updated distance: 31.9860442408761 cm | Severity=75 | SourceName=Sensor3 | EventType=application
[2026-08-16 16:21:30.871 (UTC)] info/application	[Sensor] Updated distance: 31.2950018440816 cm | Severity=75 | SourceName=Sensor3 | EventType=application
[2026-08-16 16:21:31.872 (UTC)] info/application	[Sensor] Updated distance: 32.6803622707633 cm | Severity=75 | SourceName=Sensor3 | EventType=application
[2026-08-16 16:21:32.873 (UTC)] info/application	[Sensor] Updated distance: 32.2625957826444 cm | Severity=75 | SourceName=Sensor3 | EventType=application
[2026-08-16 16:21:33.874 (UTC)] info/application	[Sensor] Updated distance: 33.0829841581094 cm | Severity=75 | SourceName=Sensor3 | EventType=application
[2026-08-16 16:21:34.875 (UTC)] info/application	[Sensor] Updated distance: 32.8863318077691 cm | Severity=75 | SourceName=Sensor3 | EventType=application
[2026-08-16 16:21:35.876 (UTC)] info/application	[Sensor] Updated distance: 34.149823680357 cm | Severity=75 | SourceName=Sensor3 | EventType=application
[2026-08-16 16:21:36.877 (UTC)] info/application	[Sensor] Updated distance: 33.7965821934848 cm | Severity=75 | SourceName=Sensor3 | EventType=application
[2026-08-16 16:21:37.867 (UTC)] info/application	[Sensor] Updated distance: 33.8462864930491 cm | Severity=75 | SourceName=Sensor3 | EventType=application
[2026-08-16 16:21:38.868 (UTC)] info/application	[Sensor] Updated distance: 33.4251249611495 cm | Severity=75 | SourceName=Sensor3 | EventType=application
[2026-08-16 16:21:39.869 (UTC)] info/application	[Sensor] Updated distance: 34.8421145371823 cm | Severity=75 | SourceName=Sensor3 | EventType=application
[2026-08-16 16:21:40.870 (UTC)] info/application	[Sensor] Updated distance: 33.9023143951326 cm | Severity=75 | SourceName=Sensor3 | EventType=application
[2026-08-16 16:21:41.871 (UTC)] info/application	[Sensor] Updated distance: 34.549520706781 cm | Severity=75 | SourceName=Sensor3 | EventType=application
[2026-08-16 16:21:42.872 (UTC)] info/application	[Sensor] Updated distance: 34.0249544014339 cm | Severity=75 | SourceName=Sensor3 | EventType=application
[2026-08-16 16:21:43.873 (UTC)] info/application	[Sensor] Updated distance: 34.8576628851507 cm | Severity=75 | SourceName=Sensor3 | EventType=application
[2026-08-16 16:21:44.874 (UTC)] info/application	[Sensor] Updated distance: 34.6177764966235 cm | Severity=75 | SourceName=Sensor3 | EventType=application
[2026-08-16 16:21:45.875 (UTC)] info/application	[Sensor] Updated distance: 34.089725357755 cm | Severity=75 | SourceName=Sensor3 | EventType=application
[2026-08-16 16:21:46.875 (UTC)] info/application	[Sensor] Updated distance: 35.1913550748449 cm | Severity=75 | SourceName=Sensor3 | EventType=application
[2026-08-16 16:21:47.876 (UTC)] info/application	[Sensor] Updated distance: 36.4144262978408 cm | Severity=75 | SourceName=Sensor3 | EventType=application
[2026-08-16 16:21:48.867 (UTC)] info/application	[Sensor] Updated distance: 35.9515440622119 cm | Severity=75 | SourceName=Sensor3 | EventType=application
[2026-08-16 16:21:49.868 (UTC)] info/application	[Sensor] Updated distance: 37.3484270227367 cm | Severity=75 | SourceName=Sensor3 | EventType=application
[2026-08-16 16:21:50.870 (UTC)] info/application	[Sensor] Updated distance: 38.3182231394193 cm | Severity=75 | SourceName=Sensor3 | EventType=application
[2026-08-16 16:21:51.870 (UTC)] info/application	[Sensor] Updated distance: 37.0041300889589 cm | Severity=75 | SourceName=Sensor3 | EventType=application
[2026-08-16 16:21:52.871 (UTC)] info/application	[Sensor] Updated distance: 36.7046159225072 cm | Severity=75 | SourceName=Sensor3 | EventType=application
[2026-08-16 16:21:53.872 (UTC)] info/application	[Sensor] Updated distance: 36.9379742403691 cm | Severity=75 | SourceName=Sensor3 | EventType=application
[2026-08-16 16:21:54.873 (UTC)] info/application	[Sensor] Updated distance: 37.1020344668543 cm | Severity=75 | SourceName=Sensor3 | EventType=application
[2026-08-16 16:21:55.875 (UTC)] info/application	[Sensor] Updated distance: 37.1319784492403 cm | Severity=75 | SourceName=Sensor3 | EventType=application
[2026-08-16 16:21:56.876 (UTC)] info/application	[Sensor] Updated distance: 38.1106056888171 cm | Severity=75 | SourceName=Sensor3 | EventType=application
[2026-08-16 16:21:57.877 (UTC)] info/application	[Sensor] Updated distance: 36.718004144364 cm | Severity=75 | SourceName=Sensor3 | EventType=application
[2026-08-16 16:21:58.867 (UTC)] info/application	[Sensor] Updated distance: 35.613598885766 cm | Severity=75 | SourceName=Sensor3 | EventType=application
[2026-08-16 16:21:59.868 (UTC)] info/application	[Sensor] Updated distance: 35.5284811332954 cm | Severity=75 | SourceName=Sensor3 | EventType=application
[2026-08-16 16:22:00.870 (UTC)] info/application	[Sensor] Updated distance: 36.4486719316098 cm | Severity=75 | SourceName=Sensor3 | EventType=application
[2026-08-16 16:22:01.871 (UTC)] info/application	[Sensor] Updated distance: 36.1532242762173 cm | Severity=75 | SourceName=Sensor3 | EventType=application
[2026-08-16 16:22:02.872 (UTC)] info/application	[Sensor] Updated distance: 35.9534669490314 cm | Severity=75 | SourceName=Sensor3 | EventType=application
[2026-08-16 16:22:03.874 (UTC)] info/application	[Sensor] Updated distance: 34.9558912578299 cm | Severity=75 | SourceName=Sensor3 | EventType=application
[2026-08-16 16:22:04.875 (UTC)] info/application	[Sensor] Updated distance: 33.9808319765054 cm | Severity=75 | SourceName=Sensor3 | EventType=application
[2026-08-16 16:22:05.877 (UTC)] info/application	[Sensor] Updated distance: 35.0844222989792 cm | Severity=75 | SourceName=Sensor3 | EventType=application
[2026-08-16 16:22:06.868 (UTC)] info/application	[Sensor] Updated distance: 33.8503384789686 cm | Severity=75 | SourceName=Sensor3 | EventType=application
[2026-08-16 16:22:07.870 (UTC)] info/application	[Sensor] Updated distance: 34.0220377107719 cm | Severity=75 | SourceName=Sensor3 | EventType=application
[2026-08-16 16:22:08.872 (UTC)] info/application	[Sensor] Updated distance: 33.6753323314131 cm | Severity=75 | SourceName=Sensor3 | EventType=application
[2026-08-16 16:22:09.873 (UTC)] info/application	[Sensor] Updated distance: 33.5200869795028 cm | Severity=75 | SourceName=Sensor3 | EventType=application
[2026-08-16 16:22:10.875 (UTC)] info/application	[Sensor] Updated distance: 33.608775785942 cm | Severity=75 | SourceName=Sensor3 | EventType=application
[2026-08-16 16:22:11.877 (UTC)] info/application	[Sensor] Updated distance: 33.8222702659305 cm | Severity=75 | SourceName=Sensor3 | EventType=application
[2026-08-16 16:22:12.868 (UTC)] info/application	[Sensor] Updated distance: 32.8142312256686 cm | Severity=75 | SourceName=Sensor3 | EventType=application
[2026-08-16 16:22:13.869 (UTC)] info/application	[Sensor] Updated distance: 33.8783537267606 cm | Severity=75 | SourceName=Sensor3 | EventType=application
[2026-08-16 16:22:14.871 (UTC)] info/application	[Sensor] Updated distance: 33.4245566890689 cm | Severity=75 | SourceName=Sensor3 | EventType=application
[2026-08-16 16:22:15.871 (UTC)] info/application	[Sensor] Updated distance: 33.6766312602799 cm | Severity=75 | SourceName=Sensor3 | EventType=application
[2026-08-16 16:22:16.872 (UTC)] info/application	[Sensor] Updated distance: 32.7127026211064 cm | Severity=75 | SourceName=Sensor3 | EventType=application
[2026-08-16 16:22:17.873 (UTC)] info/application	[Sensor] Updated distance: 31.8605352991077 cm | Severity=75 | SourceName=Sensor3 | EventType=application
[2026-08-16 16:22:18.875 (UTC)] info/application	[Sensor] Updated distance: 31.8356810919175 cm | Severity=75 | SourceName=Sensor3 | EventType=application
[2026-08-16 16:22:19.877 (UTC)] info/application	[Sensor] Updated distance: 31.9088702171151 cm | Severity=75 | SourceName=Sensor3 | EventType=application
[2026-08-16 16:22:20.869 (UTC)] info/application	[Sensor] Updated distance: 30.9535858556412 cm | Severity=75 | SourceName=Sensor3 | EventType=application
[2026-08-16 16:22:21.870 (UTC)] info/application	[Sensor] Updated distance: 30.3985277651337 cm | Severity=75 | SourceName=Sensor3 | EventType=application
[2026-08-16 16:22:22.871 (UTC)] info/application	[Sensor] Updated distance: 30.6576238412678 cm | Severity=75 | SourceName=Sensor3 | EventType=application
[2026-08-16 16:22:23.872 (UTC)] info/application	[Sensor] Updated distance: 30.9028253133422 cm | Severity=75 | SourceName=Sensor3 | EventType=application
[2026-08-16 16:22:24.873 (UTC)] info/application	[Sensor] Updated distance: 32.0811255406966 cm | Severity=75 | SourceName=Sensor3 | EventType=application
[2026-08-16 16:22:25.875 (UTC)] info/application	[Sensor] Updated distance: 31.004281841919 cm | Severity=75 | SourceName=Sensor3 | EventType=application
[2026-08-16 16:22:26.876 (UTC)] info/application	[Sensor] Updated distance: 29.7794272949823 cm | Severity=75 | SourceName=Sensor3 | EventType=application
[2026-08-16 16:22:27.877 (UTC)] info/application	[Sensor] Updated distance: 30.4363547619136 cm | Severity=75 | SourceName=Sensor3 | EventType=application
[2026-08-16 16:22:28.868 (UTC)] info/application	[Sensor] Updated distance: 29.4669095186828 cm | Severity=75 | SourceName=Sensor3 | EventType=application
[2026-08-16 16:22:29.869 (UTC)] info/application	[Sensor] Updated distance: 28.6376497131482 cm | Severity=75 | SourceName=Sensor3 | EventType=application
[2026-08-16 16:22:30.870 (UTC)] info/application	[Sensor] Updated distance: 27.7094594262119 cm | Severity=75 | SourceName=Sensor3 | EventType=application
[2026-08-16 16:22:31.871 (UTC)] info/application	[Sensor] Updated distance: 29.1602049826925 cm | Severity=75 | SourceName=Sensor3 | EventType=application
[2026-08-16 16:22:32.871 (UTC)] info/application	[Sensor] Updated distance: 29.5354975217653 cm | Severity=75 | SourceName=Sensor3 | EventType=application
[2026-08-16 16:22:33.873 (UTC)] info/application	[Sensor] Updated distance: 29.9075499076431 cm | Severity=75 | SourceName=Sensor3 | EventType=application
[2026-08-16 16:22:34.874 (UTC)] info/application	[Sensor] Updated distance: 28.8607197715252 cm | Severity=75 | SourceName=Sensor3 | EventType=application
[2026-08-16 16:22:35.875 (UTC)] info/application	[Sensor] Updated distance: 29.7609530292735 cm | Severity=75 | SourceName=Sensor3 | EventType=application
[2026-08-16 16:22:36.875 (UTC)] info/application	[Sensor] Updated distance: 29.7365957362282 cm | Severity=75 | SourceName=Sensor3 | EventType=application
[2026-08-16 16:22:37.876 (UTC)] info/application	[Sensor] Updated distance: 28.9556817814967 cm | Severity=75 | SourceName=Sensor3 | EventType=application
[2026-08-16 16:22:38.877 (UTC)] info/application	[Sensor] Updated distance: 28.5276142696513 cm | Severity=75 | SourceName=Sensor3 | EventType=application
[2026-08-16 16:22:39.868 (UTC)] info/application	[Sensor] Updated distance: 29.6565515972471 cm | Severity=75 | SourceName=Sensor3 | EventType=application
[2026-08-16 16:22:40.869 (UTC)] info/application	[Sensor] Updated distance: 30.2203922906054 cm | Severity=75 | SourceName=Sensor3 | EventType=application
[2026-08-16 16:22:41.870 (UTC)] info/application	[Sensor] Updated distance: 31.3810135851991 cm | Severity=75 | SourceName=Sensor3 | EventType=application
[2026-08-16 16:22:42.870 (UTC)] info/application	[Sensor] Updated distance: 31.2234453913865 cm | Severity=75 | SourceName=Sensor3 | EventType=application
[2026-08-16 16:22:43.871 (UTC)] info/application	[Sensor] Updated distance: 32.2792470444828 cm | Severity=75 | SourceName=Sensor3 | EventType=application
[2026-08-16 16:22:44.872 (UTC)] info/application	[Sensor] Updated distance: 33.0039908387717 cm | Severity=75 | SourceName=Sensor3 | EventType=application
[2026-08-16 16:22:45.874 (UTC)] info/application	[Sensor] Updated distance: 33.8926256072673 cm | Severity=75 | SourceName=Sensor3 | EventType=application
[2026-08-16 16:22:46.875 (UTC)] info/application	[Sensor] Updated distance: 33.7005018315746 cm | Severity=75 | SourceName=Sensor3 | EventType=application
[2026-08-16 16:22:47.876 (UTC)] info/application	[Sensor] Updated distance: 34.9613169880869 cm | Severity=75 | SourceName=Sensor3 | EventType=application
[2026-08-16 16:22:48.877 (UTC)] info/application	[Sensor] Updated distance: 33.4977844345839 cm | Severity=75 | SourceName=Sensor3 | EventType=application
[2026-08-16 16:22:49.868 (UTC)] info/application	[Sensor] Updated distance: 34.780806451701 cm | Severity=75 | SourceName=Sensor3 | EventType=application
[2026-08-16 16:22:50.868 (UTC)] info/application	[Sensor] Updated distance: 34.6148107320139 cm | Severity=75 | SourceName=Sensor3 | EventType=application
[2026-08-16 16:22:51.869 (UTC)] info/application	[Sensor] Updated distance: 33.695993817037 cm | Severity=75 | SourceName=Sensor3 | EventType=application
[2026-08-16 16:22:52.870 (UTC)] info/application	[Sensor] Updated distance: 32.9239577422496 cm | Severity=75 | SourceName=Sensor3 | EventType=application
[2026-08-16 16:22:53.871 (UTC)] info/application	[Sensor] Updated distance: 31.5170580972997 cm | Severity=75 | SourceName=Sensor3 | EventType=application
[2026-08-16 16:22:54.873 (UTC)] info/application	[Sensor] Updated distance: 32.3434426543971 cm | Severity=75 | SourceName=Sensor3 | EventType=application
[2026-08-16 16:22:55.874 (UTC)] info/application	[Sensor] Updated distance: 31.2497068069641 cm | Severity=75 | SourceName=Sensor3 | EventType=application
[2026-08-16 16:22:56.875 (UTC)] info/application	[Sensor] Updated distance: 30.2659634646335 cm | Severity=75 | SourceName=Sensor3 | EventType=application
[2026-08-16 16:22:57.876 (UTC)] info/application	[Sensor] Updated distance: 31.3674934747943 cm | Severity=75 | SourceName=Sensor3 | EventType=application
[2026-08-16 16:22:58.867 (UTC)] info/application	[Sensor] Updated distance: 32.4306850942926 cm | Severity=75 | SourceName=Sensor3 | EventType=application
[2026-08-16 16:22:59.868 (UTC)] info/application	[Sensor] Updated distance: 31.9774965087313 cm | Severity=75 | SourceName=Sensor3 | EventType=application
[2026-08-16 16:23:00.869 (UTC)] info/application	[Sensor] Updated distance: 30.7497667133574 cm | Severity=75 | SourceName=Sensor3 | EventType=application
[2026-08-16 16:23:01.870 (UTC)] info/application	[Sensor] Updated distance: 29.3847680445224 cm | Severity=75 | SourceName=Sensor3 | EventType=application
[2026-08-16 16:23:02.871 (UTC)] info/application	[Sensor] Updated distance: 28.8823250140447 cm | Severity=75 | SourceName=Sensor3 | EventType=application
[2026-08-16 16:23:03.872 (UTC)] info/application	[Sensor] Updated distance: 29.5298877577437 cm | Severity=75 | SourceName=Sensor3 | EventType=application
[2026-08-16 16:23:04.873 (UTC)] info/application	[Sensor] Updated distance: 30.0369414747865 cm | Severity=75 | SourceName=Sensor3 | EventType=application
[2026-08-16 16:23:05.874 (UTC)] info/application	[Sensor] Updated distance: 29.9876683095878 cm | Severity=75 | SourceName=Sensor3 | EventType=application
[2026-08-16 16:23:06.875 (UTC)] info/application	[Sensor] Updated distance: 30.0354643110351 cm | Severity=75 | SourceName=Sensor3 | EventType=application
[2026-08-16 16:23:07.876 (UTC)] info/application	[Sensor] Updated distance: 29.0181607336356 cm | Severity=75 | SourceName=Sensor3 | EventType=application
[2026-08-16 16:23:08.868 (UTC)] info/application	[Sensor] Updated distance: 29.6879736137055 cm | Severity=75 | SourceName=Sensor3 | EventType=application
[2026-08-16 16:23:09.869 (UTC)] info/application	[Sensor] Updated distance: 30.8077021033073 cm | Severity=75 | SourceName=Sensor3 | EventType=application
[2026-08-16 16:23:10.870 (UTC)] info/application	[Sensor] Updated distance: 29.4193358521067 cm | Severity=75 | SourceName=Sensor3 | EventType=application
[2026-08-16 16:23:11.872 (UTC)] info/application	[Sensor] Updated distance: 29.1529894241379 cm | Severity=75 | SourceName=Sensor3 | EventType=application
[2026-08-16 16:23:12.873 (UTC)] info/application	[Sensor] Updated distance: 29.9333392083334 cm | Severity=75 | SourceName=Sensor3 | EventType=application
[2026-08-16 16:23:13.875 (UTC)] info/application	[Sensor] Updated distance: 29.8874047647172 cm | Severity=75 | SourceName=Sensor3 | EventType=application
[2026-08-16 16:23:14.876 (UTC)] info/application	[Sensor] Updated distance: 29.1768599898447 cm | Severity=75 | SourceName=Sensor3 | EventType=application
[2026-08-16 16:23:15.867 (UTC)] info/application	[Sensor] Updated distance: 29.1819535669321 cm | Severity=75 | SourceName=Sensor3 | EventType=application
[2026-08-16 16:23:16.868 (UTC)] info/application	[Sensor] Updated distance: 28.5246538904145 cm | Severity=75 | SourceName=Sensor3 | EventType=application
[2026-08-16 16:23:17.869 (UTC)] info/application	[Sensor] Updated distance: 29.1219853398492 cm | Severity=75 | SourceName=Sensor3 | EventType=application
[2026-08-16 16:23:18.871 (UTC)] info/application	[Sensor] Updated distance: 28.887894072052 cm | Severity=75 | SourceName=Sensor3 | EventType=application
[2026-08-16 16:23:19.871 (UTC)] info/application	[Sensor] Updated distance: 28.2670618420313 cm | Severity=75 | SourceName=Sensor3 | EventType=application
[2026-08-16 16:23:20.872 (UTC)] info/application	[Sensor] Updated distance: 28.6474153071863 cm | Severity=75 | SourceName=Sensor3 | EventType=application
[2026-08-16 16:23:21.873 (UTC)] info/application	[Sensor] Updated distance: 29.747328321099 cm | Severity=75 | SourceName=Sensor3 | EventType=application
[2026-08-16 16:23:22.873 (UTC)] info/application	[Sensor] Updated distance: 29.7076791761013 cm | Severity=75 | SourceName=Sensor3 | EventType=application
[2026-08-16 16:23:23.874 (UTC)] info/application	[Sensor] Updated distance: 30.8159965678658 cm | Severity=75 | SourceName=Sensor3 | EventType=application
[2026-08-16 16:23:24.875 (UTC)] info/application	[Sensor] Updated distance: 32.0090099368286 cm | Severity=75 | SourceName=Sensor3 | EventType=application
[2026-08-16 16:23:25.876 (UTC)] info/application	[Sensor] Updated distance: 31.2957453475314 cm | Severity=75 | SourceName=Sensor3 | EventType=application
[2026-08-16 16:23:26.867 (UTC)] info/application	[Sensor] Updated distance: 29.810326890466 cm | Severity=75 | SourceName=Sensor3 | EventType=application
[2026-08-16 16:23:27.868 (UTC)] info/application	[Sensor] Updated distance: 28.5195969157012 cm | Severity=75 | SourceName=Sensor3 | EventType=application
[2026-08-16 16:23:28.870 (UTC)] info/application	[Sensor] Updated distance: 27.4078623365647 cm | Severity=75 | SourceName=Sensor3 | EventType=application
[2026-08-16 16:23:29.871 (UTC)] info/application	[Sensor] Updated distance: 28.4856354989976 cm | Severity=75 | SourceName=Sensor3 | EventType=application
[2026-08-16 16:23:30.872 (UTC)] info/application	[Sensor] Updated distance: 28.2417169400685 cm | Severity=75 | SourceName=Sensor3 | EventType=application
[2026-08-16 16:23:31.873 (UTC)] info/application	[Sensor] Updated distance: 27.4022525655582 cm | Severity=75 | SourceName=Sensor3 | EventType=application
[2026-08-16 16:23:32.874 (UTC)] info/application	[Sensor] Updated distance: 28.615027059156 cm | Severity=75 | SourceName=Sensor3 | EventType=application
[2026-08-16 16:23:33.875 (UTC)] info/application	[Sensor] Updated distance: 29.3686654697492 cm | Severity=75 | SourceName=Sensor3 | EventType=application
[2026-08-16 16:23:34.875 (UTC)] info/application	[Sensor] Updated distance: 30.6767638389379 cm | Severity=75 | SourceName=Sensor3 | EventType=application
[2026-08-16 16:23:35.876 (UTC)] info/application	[Sensor] Updated distance: 30.8965920481815 cm | Severity=75 | SourceName=Sensor3 | EventType=application
[2026-08-16 16:23:36.876 (UTC)] info/application	[Sensor] Updated distance: 30.1009572921791 cm | Severity=75 | SourceName=Sensor3 | EventType=application
[2026-08-16 16:23:37.867 (UTC)] info/application	[Sensor] Updated distance: 29.956851661418 cm | Severity=75 | SourceName=Sensor3 | EventType=application
[2026-08-16 16:23:38.868 (UTC)] info/application	[Sensor] Updated distance: 30.6593762932622 cm | Severity=75 | SourceName=Sensor3 | EventType=application
[2026-08-16 16:23:39.869 (UTC)] info/application	[Sensor] Updated distance: 32.0335544173296 cm | Severity=75 | SourceName=Sensor3 | EventType=application
[2026-08-16 16:23:40.870 (UTC)] info/application	[Sensor] Updated distance: 31.5091772761704 cm | Severity=75 | SourceName=Sensor3 | EventType=application
[2026-08-16 16:23:41.871 (UTC)] info/application	[Sensor] Updated distance: 32.323335656814 cm | Severity=75 | SourceName=Sensor3 | EventType=application
[2026-08-16 16:23:42.872 (UTC)] info/application	[Sensor] Updated distance: 31.9311673529126 cm | Severity=75 | SourceName=Sensor3 | EventType=application
[2026-08-16 16:23:43.874 (UTC)] info/application	[Sensor] Updated distance: 30.687139994552 cm | Severity=75 | SourceName=Sensor3 | EventType=application
[2026-08-16 16:23:44.875 (UTC)] info/application	[Sensor] Updated distance: 29.9553639301822 cm | Severity=75 | SourceName=Sensor3 | EventType=application
[2026-08-16 16:23:45.876 (UTC)] info/application	[Sensor] Updated distance: 30.3526508514083 cm | Severity=75 | SourceName=Sensor3 | EventType=application
[2026-08-16 16:23:46.877 (UTC)] info/application	[Sensor] Updated distance: 30.6137170701352 cm | Severity=75 | SourceName=Sensor3 | EventType=application
[2026-08-16 16:23:47.868 (UTC)] info/application	[Sensor] Updated distance: 30.7246413306448 cm | Severity=75 | SourceName=Sensor3 | EventType=application
[2026-08-16 16:23:48.869 (UTC)] info/application	[Sensor] Updated distance: 30.2192596999087 cm | Severity=75 | SourceName=Sensor3 | EventType=application
[2026-08-16 16:23:49.870 (UTC)] info/application	[Sensor] Updated distance: 28.7462346508383 cm | Severity=75 | SourceName=Sensor3 | EventType=application
[2026-08-16 16:23:50.871 (UTC)] info/application	[Sensor] Updated distance: 29.7363266813272 cm | Severity=75 | SourceName=Sensor3 | EventType=application
[2026-08-16 16:23:51.872 (UTC)] info/application	[Sensor] Updated distance: 31.111298515746 cm | Severity=75 | SourceName=Sensor3 | EventType=application
[2026-08-16 16:23:52.873 (UTC)] info/application	[Sensor] Updated distance: 32.2381864805884 cm | Severity=75 | SourceName=Sensor3 | EventType=application
[2026-08-16 16:23:53.874 (UTC)] info/application	[Sensor] Updated distance: 31.6886293660796 cm | Severity=75 | SourceName=Sensor3 | EventType=application
[2026-08-16 16:23:54.876 (UTC)] info/application	[Sensor] Updated distance: 32.671918590866 cm | Severity=75 | SourceName=Sensor3 | EventType=application
[2026-08-16 16:23:55.877 (UTC)] info/application	[Sensor] Updated distance: 33.4918199232741 cm | Severity=75 | SourceName=Sensor3 | EventType=application
[2026-08-16 16:23:56.868 (UTC)] info/application	[Sensor] Updated distance: 33.7289982194682 cm | Severity=75 | SourceName=Sensor3 | EventType=application
[2026-08-16 16:23:57.870 (UTC)] info/application	[Sensor] Updated distance: 34.7268689871891 cm | Severity=75 | SourceName=Sensor3 | EventType=application
[2026-08-16 16:23:58.871 (UTC)] info/application	[Sensor] Updated distance: 35.7560403462295 cm | Severity=75 | SourceName=Sensor3 | EventType=application
[2026-08-16 16:23:59.872 (UTC)] info/application	[Sensor] Updated distance: 36.381484063287 cm | Severity=75 | SourceName=Sensor3 | EventType=application
[2026-08-16 16:24:00.873 (UTC)] info/application	[Sensor] Updated distance: 36.9571279920438 cm | Severity=75 | SourceName=Sensor3 | EventType=application
[2026-08-16 16:24:01.874 (UTC)] info/application	[Sensor] Updated distance: 36.2423807907581 cm | Severity=75 | SourceName=Sensor3 | EventType=application
[2026-08-16 16:24:02.875 (UTC)] info/application	[Sensor] Updated distance: 37.5283601333054 cm | Severity=75 | SourceName=Sensor3 | EventType=application
[2026-08-16 16:24:03.876 (UTC)] info/application	[Sensor] Updated distance: 37.816778554263 cm | Severity=75 | SourceName=Sensor3 | EventType=application
[2026-08-16 16:24:04.867 (UTC)] info/application	[Sensor] Updated distance: 36.3556697621735 cm | Severity=75 | SourceName=Sensor3 | EventType=application
[2026-08-16 16:24:05.868 (UTC)] info/application	[Sensor] Updated distance: 37.4497474739094 cm | Severity=75 | SourceName=Sensor3 | EventType=application
[2026-08-16 16:24:06.869 (UTC)] info/application	[Sensor] Updated distance: 36.4579941027136 cm | Severity=75 | SourceName=Sensor3 | EventType=application
[2026-08-16 16:24:07.869 (UTC)] info/application	[Sensor] Updated distance: 35.7012505560188 cm | Severity=75 | SourceName=Sensor3 | EventType=application
[2026-08-16 16:24:08.870 (UTC)] info/application	[Sensor] Updated distance: 35.1512226355966 cm | Severity=75 | SourceName=Sensor3 | EventType=application
[2026-08-16 16:24:09.871 (UTC)] info/application	[Sensor] Updated distance: 36.361993896245 cm | Severity=75 | SourceName=Sensor3 | EventType=application
[2026-08-16 16:24:10.873 (UTC)] info/application	[Sensor] Updated distance: 35.4794284722206 cm | Severity=75 | SourceName=Sensor3 | EventType=application
[2026-08-16 16:24:11.873 (UTC)] info/application	[Sensor] Updated distance: 35.9050234106393 cm | Severity=75 | SourceName=Sensor3 | EventType=application
[2026-08-16 16:24:12.875 (UTC)] info/application	[Sensor] Updated distance: 36.4299530519312 cm | Severity=75 | SourceName=Sensor3 | EventType=application
[2026-08-16 16:24:13.876 (UTC)] info/application	[Sensor] Updated distance: 36.6552193240054 cm | Severity=75 | SourceName=Sensor3 | EventType=application
[2026-08-16 16:24:14.867 (UTC)] info/application	[Sensor] Updated distance: 37.3367869040634 cm | Severity=75 | SourceName=Sensor3 | EventType=application
[2026-08-16 16:24:15.869 (UTC)] info/application	[Sensor] Updated distance: 38.6299404809856 cm | Severity=75 | SourceName=Sensor3 | EventType=application
[2026-08-16 16:24:16.870 (UTC)] info/application	[Sensor] Updated distance: 37.7524936728889 cm | Severity=75 | SourceName=Sensor3 | EventType=application
[2026-08-16 16:24:17.871 (UTC)] info/application	[Sensor] Updated distance: 37.1951274716738 cm | Severity=75 | SourceName=Sensor3 | EventType=application
[2026-08-16 16:24:18.872 (UTC)] info/application	[Sensor] Updated distance: 37.0992053077087 cm | Severity=75 | SourceName=Sensor3 | EventType=application
[2026-08-16 16:24:19.873 (UTC)] info/application	[Sensor] Updated distance: 37.2163768688759 cm | Severity=75 | SourceName=Sensor3 | EventType=application
[2026-08-16 16:24:20.874 (UTC)] info/application	[Sensor] Updated distance: 36.6859856185904 cm | Severity=75 | SourceName=Sensor3 | EventType=application
[2026-08-16 16:24:21.875 (UTC)] info/application	[Sensor] Updated distance: 36.0801554851141 cm | Severity=75 | SourceName=Sensor3 | EventType=application
[2026-08-16 16:24:22.876 (UTC)] info/application	[Sensor] Updated distance: 36.0722988807001 cm | Severity=75 | SourceName=Sensor3 | EventType=application
[2026-08-16 16:24:23.867 (UTC)] info/application	[Sensor] Updated distance: 35.16879559386 cm | Severity=75 | SourceName=Sensor3 | EventType=application
[2026-08-16 16:24:24.868 (UTC)] info/application	[Sensor] Updated distance: 35.513408345875 cm | Severity=75 | SourceName=Sensor3 | EventType=application
[2026-08-16 16:24:25.869 (UTC)] info/application	[Sensor] Updated distance: 34.9888409648504 cm | Severity=75 | SourceName=Sensor3 | EventType=application
[2026-08-16 16:24:26.871 (UTC)] info/application	[Sensor] Updated distance: 36.4052390104184 cm | Severity=75 | SourceName=Sensor3 | EventType=application
[2026-08-16 16:24:27.872 (UTC)] info/application	[Sensor] Updated distance: 35.4870300572305 cm | Severity=75 | SourceName=Sensor3 | EventType=application
[2026-08-16 16:24:28.873 (UTC)] info/application	[Sensor] Updated distance: 34.4603334439268 cm | Severity=75 | SourceName=Sensor3 | EventType=application
[2026-08-16 16:24:29.874 (UTC)] info/application	[Sensor] Updated distance: 35.4059028471382 cm | Severity=75 | SourceName=Sensor3 | EventType=application
[2026-08-16 16:24:30.875 (UTC)] info/application	[Sensor] Updated distance: 36.6131376124048 cm | Severity=75 | SourceName=Sensor3 | EventType=application
[2026-08-16 16:24:31.876 (UTC)] info/application	[Sensor] Updated distance: 37.6620849278579 cm | Severity=75 | SourceName=Sensor3 | EventType=application
[2026-08-16 16:24:32.867 (UTC)] info/application	[Sensor] Updated distance: 36.3929071283866 cm | Severity=75 | SourceName=Sensor3 | EventType=application
[2026-08-16 16:24:33.868 (UTC)] info/application	[Sensor] Updated distance: 37.3861212348035 cm | Severity=75 | SourceName=Sensor3 | EventType=application
[2026-08-16 16:24:34.870 (UTC)] info/application	[Sensor] Updated distance: 37.2234869712142 cm | Severity=75 | SourceName=Sensor3 | EventType=application
[2026-08-16 16:24:35.871 (UTC)] info/application	[Sensor] Updated distance: 35.9932003810504 cm | Severity=75 | SourceName=Sensor3 | EventType=application
[2026-08-16 16:24:36.872 (UTC)] info/application	[Sensor] Updated distance: 36.5804921978062 cm | Severity=75 | SourceName=Sensor3 | EventType=application
[2026-08-16 16:24:37.873 (UTC)] info/application	[Sensor] Updated distance: 36.9261045630211 cm | Severity=75 | SourceName=Sensor3 | EventType=application
[2026-08-16 16:24:38.875 (UTC)] info/application	[Sensor] Updated distance: 36.4390744261625 cm | Severity=75 | SourceName=Sensor3 | EventType=application
[2026-08-16 16:24:39.875 (UTC)] info/application	[Sensor] Updated distance: 34.9763383224962 cm | Severity=75 | SourceName=Sensor3 | EventType=application
[2026-08-16 16:24:40.876 (UTC)] info/application	[Sensor] Updated distance: 35.0327219483595 cm | Severity=75 | SourceName=Sensor3 | EventType=application
[2026-08-16 16:24:41.868 (UTC)] info/application	[Sensor] Updated distance: 35.1631263874765 cm | Severity=75 | SourceName=Sensor3 | EventType=application
[2026-08-16 16:24:42.869 (UTC)] info/application	[Sensor] Updated distance: 35.6259852222288 cm | Severity=75 | SourceName=Sensor3 | EventType=application
[2026-08-16 16:24:43.869 (UTC)] info/application	[Sensor] Updated distance: 34.707298487987 cm | Severity=75 | SourceName=Sensor3 | EventType=application
[2026-08-16 16:24:44.870 (UTC)] info/application	[Sensor] Updated distance: 33.5629691991782 cm | Severity=75 | SourceName=Sensor3 | EventType=application
[2026-08-16 16:24:45.871 (UTC)] info/application	[Sensor] Updated distance: 33.2073956139886 cm | Severity=75 | SourceName=Sensor3 | EventType=application
[2026-08-16 16:24:46.873 (UTC)] info/application	[Sensor] Updated distance: 32.081862455272 cm | Severity=75 | SourceName=Sensor3 | EventType=application
[2026-08-16 16:24:47.874 (UTC)] info/application	[Sensor] Updated distance: 31.5600863583666 cm | Severity=75 | SourceName=Sensor3 | EventType=application
[2026-08-16 16:24:48.874 (UTC)] info/application	[Sensor] Updated distance: 32.1471465719617 cm | Severity=75 | SourceName=Sensor3 | EventType=application
[2026-08-16 16:24:49.875 (UTC)] info/application	[Sensor] Updated distance: 32.4256912506771 cm | Severity=75 | SourceName=Sensor3 | EventType=application
[2026-08-16 16:24:50.876 (UTC)] info/application	[Sensor] Updated distance: 33.5210867163358 cm | Severity=75 | SourceName=Sensor3 | EventType=application
[2026-08-16 16:24:51.867 (UTC)] info/application	[Sensor] Updated distance: 32.0777556782485 cm | Severity=75 | SourceName=Sensor3 | EventType=application
[2026-08-16 16:24:52.868 (UTC)] info/application	[Sensor] Updated distance: 33.2504702234876 cm | Severity=75 | SourceName=Sensor3 | EventType=application
[2026-08-16 16:24:53.869 (UTC)] info/application	[Sensor] Updated distance: 32.8380090833353 cm | Severity=75 | SourceName=Sensor3 | EventType=application
[2026-08-16 16:24:54.870 (UTC)] info/application	[Sensor] Updated distance: 31.9911747584078 cm | Severity=75 | SourceName=Sensor3 | EventType=application
[2026-08-16 16:24:55.871 (UTC)] info/application	[Sensor] Updated distance: 32.008502054265 cm | Severity=75 | SourceName=Sensor3 | EventType=application
[2026-08-16 16:24:56.873 (UTC)] info/application	[Sensor] Updated distance: 32.5714735330881 cm | Severity=75 | SourceName=Sensor3 | EventType=application
[2026-08-16 16:24:57.874 (UTC)] info/application	[Sensor] Updated distance: 31.6410372523316 cm | Severity=75 | SourceName=Sensor3 | EventType=application
[2026-08-16 16:24:58.874 (UTC)] info/application	[Sensor] Updated distance: 32.2401555950009 cm | Severity=75 | SourceName=Sensor3 | EventType=application
[2026-08-16 16:24:59.875 (UTC)] info/application	[Sensor] Updated distance: 33.2764304605203 cm | Severity=75 | SourceName=Sensor3 | EventType=application
[2026-08-16 16:25:00.876 (UTC)] info/application	[Sensor] Updated distance: 31.7915635829752 cm | Severity=75 | SourceName=Sensor3 | EventType=application
[2026-08-16 16:25:01.876 (UTC)] info/application	[Sensor] Updated distance: 32.0979166895141 cm | Severity=75 | SourceName=Sensor3 | EventType=application
[2026-08-16 16:25:02.867 (UTC)] info/application	[Sensor] Updated distance: 32.6831388704866 cm | Severity=75 | SourceName=Sensor3 | EventType=application
[2026-08-16 16:25:03.869 (UTC)] info/application	[Sensor] Updated distance: 31.4290941934702 cm | Severity=75 | SourceName=Sensor3 | EventType=application
[2026-08-16 16:25:04.870 (UTC)] info/application	[Sensor] Updated distance: 31.2286614064261 cm | Severity=75 | SourceName=Sensor3 | EventType=application
[2026-08-16 16:25:05.871 (UTC)] info/application	[Sensor] Updated distance: 30.1512493224122 cm | Severity=75 | SourceName=Sensor3 | EventType=application
[2026-08-16 16:25:06.872 (UTC)] info/application	[Sensor] Updated distance: 29.1669180552321 cm | Severity=75 | SourceName=Sensor3 | EventType=application
[2026-08-16 16:25:07.874 (UTC)] info/application	[Sensor] Updated distance: 28.0537770835467 cm | Severity=75 | SourceName=Sensor3 | EventType=application
[2026-08-16 16:25:08.875 (UTC)] info/application	[Sensor] Updated distance: 28.8219773647478 cm | Severity=75 | SourceName=Sensor3 | EventType=application
[2026-08-16 16:25:09.875 (UTC)] info/application	[Sensor] Updated distance: 28.8506159607091 cm | Severity=75 | SourceName=Sensor3 | EventType=application
[2026-08-16 16:25:10.876 (UTC)] info/application	[Sensor] Updated distance: 27.7747388853574 cm | Severity=75 | SourceName=Sensor3 | EventType=application
[2026-08-16 16:25:11.868 (UTC)] info/application	[Sensor] Updated distance: 27.0993227