[2026-08-17 00:20:11.740 (UTC+0800)] [33mwarn/server[0m	AccessControl: Unconfigured AccessControl. Users have all permissions.
[2026-08-17 00:20:11.740 (UTC+0800)] [32minfo/server[0m	AccessControl: Anonymous login is enabled
[2026-08-17 00:20:11.740 (UTC+0800)] [33mwarn/server[0m	x509 Certificate Authentication configured, but no encrypting SecurityPolicy. This can leak credentials on the network.
[2026-08-17 00:20:11.777 (UTC+0800)] [33mwarn/application[0m	ServerUrls already set. Overriding.
[2026-08-17 00:20:11.777 (UTC+0800)] [33mwarn/server[0m	AccessControl: Unconfigured AccessControl. Users have all permissions.
[2026-08-17 00:20:11.777 (UTC+0800)] [32minfo/server[0m	AccessControl: Anonymous login is enabled
[2026-08-17 00:20:11.777 (UTC+0800)] [33mwarn/server[0m	x509 Certificate Authentication configured, but no encrypting SecurityPolicy. This can leak credentials on the network.
[2026-08-17 00:20:11.777 (UTC+0800)] [33mwarn/server[0m	x509 Certificate Authentication configured, but no encrypting SecurityPolicy. This can leak credentials on the network.
[2026-08-16 16:20:11.777 (UTC)] info/application	Sensor Server online (Client/Server mode, id=1 port=4842) | Severity=75 | SourceName=Sensor | EventType=application
Entering background polling mode: attempting to connect to Aggregation Server...
Connected successfully. Log forwarding started.
[2026-08-16 16:20:12.783 (UTC)] info/application	[Sensor] Updated distance: 26.1672368322812 cm | Severity=75 | SourceName=Sensor | EventType=application
[2026-08-16 16:20:12.783 (UTC)] info/network	[System] TCP 16	| Connection opened from "127.0.0.1" via the server socket 8 | Severity=75 | SourceName=System | EventType=network
[2026-08-16 16:20:12.783 (UTC)] info/channel	[System] TCP 16	| SC 1	| SecureChannel created | Severity=75 | SourceName=System | EventType=channel
[2026-08-16 16:20:12.803 (UTC)] info/channel	[System] TCP 16	| SC 1	| OpenSecureChannel: Channel opened with SecurityMode None for SecurityPolicy http://opcfoundation.org/UA/SecurityPolicy#None and a revised lifetime of 600.0s | Severity=75 | SourceName=System | EventType=channel
[2026-08-16 16:20:12.824 (UTC)] warn/client	[System] Removing a UserTokenPolicy that would allow the password to be transmitted without encryption (Can be enabled via config->allowNonePolicyPassword) | Severity=175 | SourceName=System | EventType=client
[2026-08-16 16:20:12.824 (UTC)] warn/client	[System] Removing a UserTokenPolicy that would allow the password to be transmitted without encryption (Can be enabled via config->allowNonePolicyPassword) | Severity=175 | SourceName=System | EventType=client
[2026-08-16 16:20:12.834 (UTC)] warn/client	[System] Removing a UserTokenPolicy that would allow the password to be transmitted without encryption (Can be enabled via config->allowNonePolicyPassword) | Severity=175 | SourceName=System | EventType=client
[2026-08-16 16:20:12.834 (UTC)] warn/client	[System] Removing a UserTokenPolicy that would allow the password to be transmitted without encryption (Can be enabled via config->allowNonePolicyPassword) | Severity=175 | SourceName=System | EventType=client
[2026-08-16 16:20:12.835 (UTC)] info/session	[System] TCP 16	| SC 1	| Session "ns=1;g=8c170d6d-e2c6-6e54-7157-553596d99d99"	| Session created | Severity=75 | SourceName=System | EventType=session
[2026-08-16 16:20:12.846 (UTC)] info/session	[System] TCP 16	| SC 1	| Session "ns=1;g=8c170d6d-e2c6-6e54-7157-553596d99d99"	| ActivateSession: Session activated with ClientUserId "" | Severity=75 | SourceName=System | EventType=session
[2026-08-16 16:20:14.867 (UTC)] info/application	[Sensor] Updated distance: 25.0773296929325 cm | Severity=75 | SourceName=Sensor | EventType=application
[2026-08-16 16:20:14.867 (UTC)] info/session	[System] TCP 16	| SC 1	| Session "ns=1;g=8c170d6d-e2c6-6e54-7157-553596d99d99"	| Subscription 1 | Subscription created (Publishing interval 500.0ms, max 1000 notifications per publish) | Severity=75 | SourceName=System | EventType=session
[2026-08-16 16:20:14.867 (UTC)] info/network	[System] TCP 17	| Connection opened from "127.0.0.1" via the server socket 8 | Severity=75 | SourceName=System | EventType=network
[2026-08-16 16:20:14.867 (UTC)] info/channel	[System] TCP 17	| SC 2	| SecureChannel created | Severity=75 | SourceName=System | EventType=channel
[2026-08-16 16:20:14.888 (UTC)] info/channel	[System] TCP 17	| SC 2	| OpenSecureChannel: Channel opened with SecurityMode None for SecurityPolicy http://opcfoundation.org/UA/SecurityPolicy#None and a revised lifetime of 600.0s | Severity=75 | SourceName=System | EventType=channel
[2026-08-16 16:20:14.908 (UTC)] warn/client	[System] Removing a UserTokenPolicy that would allow the password to be transmitted without encryption (Can be enabled via config->allowNonePolicyPassword) | Severity=175 | SourceName=System | EventType=client
[2026-08-16 16:20:14.908 (UTC)] warn/client	[System] Removing a UserTokenPolicy that would allow the password to be transmitted without encryption (Can be enabled via config->allowNonePolicyPassword) | Severity=175 | SourceName=System | EventType=client
[2026-08-16 16:20:14.919 (UTC)] warn/client	[System] Removing a UserTokenPolicy that would allow the password to be transmitted without encryption (Can be enabled via config->allowNonePolicyPassword) | Severity=175 | SourceName=System | EventType=client
[2026-08-16 16:20:14.919 (UTC)] warn/client	[System] Removing a UserTokenPolicy that would allow the password to be transmitted without encryption (Can be enabled via config->allowNonePolicyPassword) | Severity=175 | SourceName=System | EventType=client
[2026-08-16 16:20:14.920 (UTC)] info/session	[System] TCP 17	| SC 2	| Session "ns=1;g=b940da3c-2331-2b6f-56c5-2c4229d21db1"	| Session created | Severity=75 | SourceName=System | EventType=session
[2026-08-16 16:20:14.930 (UTC)] info/session	[System] TCP 17	| SC 2	| Session "ns=1;g=b940da3c-2331-2b6f-56c5-2c4229d21db1"	| ActivateSession: Session activated with ClientUserId "" | Severity=75 | SourceName=System | EventType=session
[2026-08-16 16:20:15.316 (UTC)] info/session	[System] TCP 17	| SC 2	| Session "ns=1;g=b940da3c-2331-2b6f-56c5-2c4229d21db1"	| Subscription 2 | Subscription created (Publishing interval 500.0ms, max 1000 notifications per publish) | Severity=75 | SourceName=System | EventType=session
[2026-08-16 16:20:15.336 (UTC)] info/session	[System] TCP 17	| SC 2	| Session "ns=1;g=b940da3c-2331-2b6f-56c5-2c4229d21db1"	| Subscription 2 | MonitoredItem 1 | Created the MonitoredItem (Sampling Interval: 250.0ms, Queue Size: 1) | Severity=75 | SourceName=System | EventType=session
[2026-08-16 16:20:15.872 (UTC)] info/application	[Sensor] Updated distance: 23.6832783977423 cm | Severity=75 | SourceName=Sensor | EventType=application
[2026-08-16 16:20:16.873 (UTC)] info/application	[Sensor] Updated distance: 22.5792442604803 cm | Severity=75 | SourceName=Sensor | EventType=application
[2026-08-16 16:20:17.873 (UTC)] info/application	[Sensor] Updated distance: 22.5483433078268 cm | Severity=75 | SourceName=Sensor | EventType=application
[2026-08-16 16:20:18.875 (UTC)] info/application	[Sensor] Updated distance: 23.2869857672076 cm | Severity=75 | SourceName=Sensor | EventType=application
[2026-08-16 16:20:19.876 (UTC)] info/application	[Sensor] Updated distance: 24.7036914942803 cm | Severity=75 | SourceName=Sensor | EventType=application
[2026-08-16 16:20:20.867 (UTC)] info/application	[Sensor] Updated distance: 24.1243477725072 cm | Severity=75 | SourceName=Sensor | EventType=application
[2026-08-16 16:20:21.867 (UTC)] info/application	[Sensor] Updated distance: 24.5005501140843 cm | Severity=75 | SourceName=Sensor | EventType=application
[2026-08-16 16:20:22.868 (UTC)] info/application	[Sensor] Updated distance: 25.2776166816603 cm | Severity=75 | SourceName=Sensor | EventType=application
[2026-08-16 16:20:23.868 (UTC)] info/application	[Sensor] Updated distance: 25.7782813027866 cm | Severity=75 | SourceName=Sensor | EventType=application
[2026-08-16 16:20:24.869 (UTC)] info/application	[Sensor] Updated distance: 25.4766447825714 cm | Severity=75 | SourceName=Sensor | EventType=application
[2026-08-16 16:20:25.869 (UTC)] info/application	[Sensor] Updated distance: 26.2850889893179 cm | Severity=75 | SourceName=Sensor | EventType=application
[2026-08-16 16:20:26.869 (UTC)] info/application	[Sensor] Updated distance: 27.1165643679521 cm | Severity=75 | SourceName=Sensor | EventType=application
[2026-08-16 16:20:27.869 (UTC)] info/application	[Sensor] Updated distance: 27.01120326459 cm | Severity=75 | SourceName=Sensor | EventType=application
[2026-08-16 16:20:28.870 (UTC)] info/application	[Sensor] Updated distance: 27.5359642354473 cm | Severity=75 | SourceName=Sensor | EventType=application
[2026-08-16 16:20:29.871 (UTC)] info/application	[Sensor] Updated distance: 26.8883114435656 cm | Severity=75 | SourceName=Sensor | EventType=application
[2026-08-16 16:20:30.872 (UTC)] info/application	[Sensor] Updated distance: 28.1205123961533 cm | Severity=75 | SourceName=Sensor | EventType=application
[2026-08-16 16:20:31.872 (UTC)] info/application	[Sensor] Updated distance: 26.9807278003919 cm | Severity=75 | SourceName=Sensor | EventType=application
[2026-08-16 16:20:32.872 (UTC)] info/application	[Sensor] Updated distance: 27.7302590197559 cm | Severity=75 | SourceName=Sensor | EventType=application
[2026-08-16 16:20:33.873 (UTC)] info/application	[Sensor] Updated distance: 28.8212421943067 cm | Severity=75 | SourceName=Sensor | EventType=application
[2026-08-16 16:20:34.874 (UTC)] info/application	[Sensor] Updated distance: 30.1213158718875 cm | Severity=75 | SourceName=Sensor | EventType=application
[2026-08-16 16:20:35.876 (UTC)] info/application	[Sensor] Updated distance: 31.1724738444539 cm | Severity=75 | SourceName=Sensor | EventType=application
[2026-08-16 16:20:36.877 (UTC)] info/application	[Sensor] Updated distance: 30.8866158490472 cm | Severity=75 | SourceName=Sensor | EventType=application
[2026-08-16 16:20:37.868 (UTC)] info/application	[Sensor] Updated distance: 31.4285482102672 cm | Severity=75 | SourceName=Sensor | EventType=application
[2026-08-16 16:20:38.869 (UTC)] info/application	[Sensor] Updated distance: 30.8830635887026 cm | Severity=75 | SourceName=Sensor | EventType=application
[2026-08-16 16:20:39.870 (UTC)] info/application	[Sensor] Updated distance: 30.5035447934659 cm | Severity=75 | SourceName=Sensor | EventType=application
[2026-08-16 16:20:40.872 (UTC)] info/application	[Sensor] Updated distance: 31.6395528668722 cm | Severity=75 | SourceName=Sensor | EventType=application
[2026-08-16 16:20:41.872 (UTC)] info/application	[Sensor] Updated distance: 31.761633296619 cm | Severity=75 | SourceName=Sensor | EventType=application
[2026-08-16 16:20:42.873 (UTC)] info/application	[Sensor] Updated distance: 31.5113287626353 cm | Severity=75 | SourceName=Sensor | EventType=application
[2026-08-16 16:20:43.874 (UTC)] info/application	[Sensor] Updated distance: 31.6949758623703 cm | Severity=75 | SourceName=Sensor | EventType=application
[2026-08-16 16:20:44.876 (UTC)] info/application	[Sensor] Updated distance: 30.4842931243983 cm | Severity=75 | SourceName=Sensor | EventType=application
[2026-08-16 16:20:45.867 (UTC)] info/application	[Sensor] Updated distance: 30.6440814510659 cm | Severity=75 | SourceName=Sensor | EventType=application
[2026-08-16 16:20:46.867 (UTC)] info/application	[Sensor] Updated distance: 30.9336772570078 cm | Severity=75 | SourceName=Sensor | EventType=application
[2026-08-16 16:20:47.869 (UTC)] info/application	[Sensor] Updated distance: 30.1189603817737 cm | Severity=75 | SourceName=Sensor | EventType=application
[2026-08-16 16:20:48.870 (UTC)] info/application	[Sensor] Updated distance: 28.7478477543908 cm | Severity=75 | SourceName=Sensor | EventType=application
[2026-08-16 16:20:49.871 (UTC)] info/application	[Sensor] Updated distance: 28.2760860183165 cm | Severity=75 | SourceName=Sensor | EventType=application
[2026-08-16 16:20:50.872 (UTC)] info/application	[Sensor] Updated distance: 27.3780748687582 cm | Severity=75 | SourceName=Sensor | EventType=application
[2026-08-16 16:20:51.873 (UTC)] info/application	[Sensor] Updated distance: 26.9276185196022 cm | Severity=75 | SourceName=Sensor | EventType=application
[2026-08-16 16:20:52.874 (UTC)] info/application	[Sensor] Updated distance: 28.3320591265019 cm | Severity=75 | SourceName=Sensor | EventType=application
[2026-08-16 16:20:53.875 (UTC)] info/application	[Sensor] Updated distance: 29.7111145445197 cm | Severity=75 | SourceName=Sensor | EventType=application
[2026-08-16 16:20:54.876 (UTC)] info/application	[Sensor] Updated distance: 28.2613228164899 cm | Severity=75 | SourceName=Sensor | EventType=application
[2026-08-16 16:20:55.876 (UTC)] info/application	[Sensor] Updated distance: 27.8641269017775 cm | Severity=75 | SourceName=Sensor | EventType=application
[2026-08-16 16:20:56.867 (UTC)] info/application	[Sensor] Updated distance: 28.5516265251448 cm | Severity=75 | SourceName=Sensor | EventType=application
[2026-08-16 16:20:57.868 (UTC)] info/application	[Sensor] Updated distance: 29.4333101757491 cm | Severity=75 | SourceName=Sensor | EventType=application
[2026-08-16 16:20:58.869 (UTC)] info/application	[Sensor] Updated distance: 30.4307531576747 cm | Severity=75 | SourceName=Sensor | EventType=application
[2026-08-16 16:20:59.869 (UTC)] info/application	[Sensor] Updated distance: 30.1430137505024 cm | Severity=75 | SourceName=Sensor | EventType=application
[2026-08-16 16:21:00.871 (UTC)] info/application	[Sensor] Updated distance: 28.8770446078279 cm | Severity=75 | SourceName=Sensor | EventType=application
[2026-08-16 16:21:01.872 (UTC)] info/application	[Sensor] Updated distance: 29.6066885409442 cm | Severity=75 | SourceName=Sensor | EventType=application
[2026-08-16 16:21:02.873 (UTC)] info/application	[Sensor] Updated distance: 29.6791645380106 cm | Severity=75 | SourceName=Sensor | EventType=application
[2026-08-16 16:21:03.874 (UTC)] info/application	[Sensor] Updated distance: 30.6627266147 cm | Severity=75 | SourceName=Sensor | EventType=application
[2026-08-16 16:21:04.875 (UTC)] info/application	[Sensor] Updated distance: 30.9833537209701 cm | Severity=75 | SourceName=Sensor | EventType=application
[2026-08-16 16:21:05.876 (UTC)] info/application	[Sensor] Updated distance: 30.8559033942203 cm | Severity=75 | SourceName=Sensor | EventType=application
[2026-08-16 16:21:06.867 (UTC)] info/application	[Sensor] Updated distance: 31.3906234420792 cm | Severity=75 | SourceName=Sensor | EventType=application
[2026-08-16 16:21:07.868 (UTC)] info/application	[Sensor] Updated distance: 29.9253925515457 cm | Severity=75 | SourceName=Sensor | EventType=application
[2026-08-16 16:21:08.869 (UTC)] info/application	[Sensor] Updated distance: 28.8398745860159 cm | Severity=75 | SourceName=Sensor | EventType=application
[2026-08-16 16:21:09.871 (UTC)] info/application	[Sensor] Updated distance: 30.3291100123101 cm | Severity=75 | SourceName=Sensor | EventType=application
[2026-08-16 16:21:10.872 (UTC)] info/application	[Sensor] Updated distance: 29.9843603265399 cm | Severity=75 | SourceName=Sensor | EventType=application
[2026-08-16 16:21:11.873 (UTC)] info/application	[Sensor] Updated distance: 28.5348504330194 cm | Severity=75 | SourceName=Sensor | EventType=application
[2026-08-16 16:21:12.874 (UTC)] info/application	[Sensor] Updated distance: 28.6461662890604 cm | Severity=75 | SourceName=Sensor | EventType=application
[2026-08-16 16:21:13.875 (UTC)] info/application	[Sensor] Updated distance: 29.5511120693065 cm | Severity=75 | SourceName=Sensor | EventType=application
[2026-08-16 16:21:14.876 (UTC)] info/application	[Sensor] Updated distance: 29.785249276918 cm | Severity=75 | SourceName=Sensor | EventType=application
[2026-08-16 16:21:15.867 (UTC)] info/application	[Sensor] Updated distance: 30.1858823949871 cm | Severity=75 | SourceName=Sensor | EventType=application
[2026-08-16 16:21:16.867 (UTC)] info/application	[Sensor] Updated distance: 29.7506165005037 cm | Severity=75 | SourceName=Sensor | EventType=application
[2026-08-16 16:21:17.869 (UTC)] info/application	[Sensor] Updated distance: 28.7743495126601 cm | Severity=75 | SourceName=Sensor | EventType=application
[2026-08-16 16:21:18.870 (UTC)] info/application	[Sensor] Updated distance: 29.8602657554952 cm | Severity=75 | SourceName=Sensor | EventType=application
[2026-08-16 16:21:19.871 (UTC)] info/application	[Sensor] Updated distance: 29.5538872350258 cm | Severity=75 | SourceName=Sensor | EventType=application
[2026-08-16 16:21:20.872 (UTC)] info/application	[Sensor] Updated distance: 29.6058585111079 cm | Severity=75 | SourceName=Sensor | EventType=application
[2026-08-16 16:21:21.873 (UTC)] info/application	[Sensor] Updated distance: 28.2937636029877 cm | Severity=75 | SourceName=Sensor | EventType=application
[2026-08-16 16:21:22.873 (UTC)] info/application	[Sensor] Updated distance: 29.0369287333623 cm | Severity=75 | SourceName=Sensor | EventType=application
[2026-08-16 16:21:23.873 (UTC)] info/application	[Sensor] Updated distance: 28.9933406149472 cm | Severity=75 | SourceName=Sensor | EventType=application
[2026-08-16 16:21:24.875 (UTC)] info/application	[Sensor] Updated distance: 27.5603011248448 cm | Severity=75 | SourceName=Sensor | EventType=application
[2026-08-16 16:21:25.876 (UTC)] info/application	[Sensor] Updated distance: 28.3536745271895 cm | Severity=75 | SourceName=Sensor | EventType=application
[2026-08-16 16:21:26.876 (UTC)] info/application	[Sensor] Updated distance: 29.412890495459 cm | Severity=75 | SourceName=Sensor | EventType=application
[2026-08-16 16:21:27.868 (UTC)] info/application	[Sensor] Updated distance: 30.167350628724 cm | Severity=75 | SourceName=Sensor | EventType=application
[2026-08-16 16:21:28.869 (UTC)] info/application	[Sensor] Updated distance: 30.342407681673 cm | Severity=75 | SourceName=Sensor | EventType=application
[2026-08-16 16:21:29.870 (UTC)] info/application	[Sensor] Updated distance: 30.8990666304711 cm | Severity=75 | SourceName=Sensor | EventType=application
[2026-08-16 16:21:30.871 (UTC)] info/application	[Sensor] Updated distance: 29.8657873565637 cm | Severity=75 | SourceName=Sensor | EventType=application
[2026-08-16 16:21:31.872 (UTC)] info/application	[Sensor] Updated distance: 30.2748752668383 cm | Severity=75 | SourceName=Sensor | EventType=application
[2026-08-16 16:21:32.874 (UTC)] info/application	[Sensor] Updated distance: 30.0611781487526 cm | Severity=75 | SourceName=Sensor | EventType=application
[2026-08-16 16:21:33.874 (UTC)] info/application	[Sensor] Updated distance: 30.6003748719117 cm | Severity=75 | SourceName=Sensor | EventType=application
[2026-08-16 16:21:34.875 (UTC)] info/application	[Sensor] Updated distance: 30.4930248588757 cm | Severity=75 | SourceName=Sensor | EventType=application
[2026-08-16 16:21:35.876 (UTC)] info/application	[Sensor] Updated distance: 29.0999548456631 cm | Severity=75 | SourceName=Sensor | EventType=application
[2026-08-16 16:21:36.867 (UTC)] info/application	[Sensor] Updated distance: 28.0117012420724 cm | Severity=75 | SourceName=Sensor | EventType=application
[2026-08-16 16:21:37.867 (UTC)] info/application	[Sensor] Updated distance: 26.9390712754983 cm | Severity=75 | SourceName=Sensor | EventType=application
[2026-08-16 16:21:38.868 (UTC)] info/application	[Sensor] Updated distance: 25.5807703731492 cm | Severity=75 | SourceName=Sensor | EventType=application
[2026-08-16 16:21:39.869 (UTC)] info/application	[Sensor] Updated distance: 24.9069988040286 cm | Severity=75 | SourceName=Sensor | EventType=application
[2026-08-16 16:21:40.870 (UTC)] info/application	[Sensor] Updated distance: 23.8236042637488 cm | Severity=75 | SourceName=Sensor | EventType=application
[2026-08-16 16:21:41.871 (UTC)] info/application	[Sensor] Updated distance: 23.6205536756294 cm | Severity=75 | SourceName=Sensor | EventType=application
[2026-08-16 16:21:42.872 (UTC)] info/application	[Sensor] Updated distance: 22.9972722129883 cm | Severity=75 | SourceName=Sensor | EventType=application
[2026-08-16 16:21:43.873 (UTC)] info/application	[Sensor] Updated distance: 23.5251935287496 cm | Severity=75 | SourceName=Sensor | EventType=application
[2026-08-16 16:21:44.875 (UTC)] info/application	[Sensor] Updated distance: 22.7270887208763 cm | Severity=75 | SourceName=Sensor | EventType=application
[2026-08-16 16:21:45.875 (UTC)] info/application	[Sensor] Updated distance: 23.8379444658467 cm | Severity=75 | SourceName=Sensor | EventType=application
[2026-08-16 16:21:46.875 (UTC)] info/application	[Sensor] Updated distance: 23.2664988982801 cm | Severity=75 | SourceName=Sensor | EventType=application
[2026-08-16 16:21:47.876 (UTC)] info/application	[Sensor] Updated distance: 23.5331281959233 cm | Severity=75 | SourceName=Sensor | EventType=application
[2026-08-16 16:21:48.867 (UTC)] info/application	[Sensor] Updated distance: 22.1677169516532 cm | Severity=75 | SourceName=Sensor | EventType=application
[2026-08-16 16:21:49.868 (UTC)] info/application	[Sensor] Updated distance: 21.1821876255247 cm | Severity=75 | SourceName=Sensor | EventType=application
[2026-08-16 16:21:50.870 (UTC)] info/application	[Sensor] Updated distance: 22.6424384026986 cm | Severity=75 | SourceName=Sensor | EventType=application
[2026-08-16 16:21:51.870 (UTC)] info/application	[Sensor] Updated distance: 22.8289984359075 cm | Severity=75 | SourceName=Sensor | EventType=application
[2026-08-16 16:21:52.871 (UTC)] info/application	[Sensor] Updated distance: 22.0313742016588 cm | Severity=75 | SourceName=Sensor | EventType=application
[2026-08-16 16:21:53.872 (UTC)] info/application	[Sensor] Updated distance: 22.7347901092073 cm | Severity=75 | SourceName=Sensor | EventType=application
[2026-08-16 16:21:54.873 (UTC)] info/application	[Sensor] Updated distance: 21.3777620226041 cm | Severity=75 | SourceName=Sensor | EventType=application
[2026-08-16 16:21:55.875 (UTC)] info/application	[Sensor] Updated distance: 20.6470982982531 cm | Severity=75 | SourceName=Sensor | EventType=application
[2026-08-16 16:21:56.876 (UTC)] info/application	[Sensor] Updated distance: 20.6438876067493 cm | Severity=75 | SourceName=Sensor | EventType=application
[2026-08-16 16:21:57.867 (UTC)] info/application	[Sensor] Updated distance: 21.8460754884156 cm | Severity=75 | SourceName=Sensor | EventType=application
[2026-08-16 16:21:58.867 (UTC)] info/application	[Sensor] Updated distance: 20.3698718973295 cm | Severity=75 | SourceName=Sensor | EventType=application
[2026-08-16 16:21:59.868 (UTC)] info/application	[Sensor] Updated distance: 19.0417182573777 cm | Severity=75 | SourceName=Sensor | EventType=application
[2026-08-16 16:22:00.870 (UTC)] info/application	[Sensor] Updated distance: 19.3005650878421 cm | Severity=75 | SourceName=Sensor | EventType=application
[2026-08-16 16:22:01.871 (UTC)] info/application	[Sensor] Updated distance: 18.2910822228487 cm | Severity=75 | SourceName=Sensor | EventType=application
[2026-08-16 16:22:02.872 (UTC)] info/application	[Sensor] Updated distance: 18.8720164945684 cm | Severity=75 | SourceName=Sensor | EventType=application
[2026-08-16 16:22:03.874 (UTC)] info/application	[Sensor] Updated distance: 17.4171662055501 cm | Severity=75 | SourceName=Sensor | EventType=application
[2026-08-16 16:22:04.875 (UTC)] info/application	[Sensor] Updated distance: 18.4468800637158 cm | Severity=75 | SourceName=Sensor | EventType=application
[2026-08-16 16:22:05.876 (UTC)] info/application	[Sensor] Updated distance: 17.4204643210026 cm | Severity=75 | SourceName=Sensor | EventType=application
[2026-08-16 16:22:06.868 (UTC)] info/application	[Sensor] Updated distance: 16.0725440187717 cm | Severity=75 | SourceName=Sensor | EventType=application
[2026-08-16 16:22:07.870 (UTC)] info/application	[Sensor] Updated distance: 17.5140042733466 cm | Severity=75 | SourceName=Sensor | EventType=application
[2026-08-16 16:22:08.872 (UTC)] info/application	[Sensor] Updated distance: 16.9149585640593 cm | Severity=75 | SourceName=Sensor | EventType=application
[2026-08-16 16:22:09.873 (UTC)] info/application	[Sensor] Updated distance: 15.7087373594794 cm | Severity=75 | SourceName=Sensor | EventType=application
[2026-08-16 16:22:10.875 (UTC)] info/application	[Sensor] Updated distance: 14.9764260435367 cm | Severity=75 | SourceName=Sensor | EventType=application
[2026-08-16 16:22:11.867 (UTC)] info/application	[Sensor] Updated distance: 14.7939857939696 cm | Severity=75 | SourceName=Sensor | EventType=application
[2026-08-16 16:22:12.868 (UTC)] info/application	[Sensor] Updated distance: 14.8847140026673 cm | Severity=75 | SourceName=Sensor | EventType=application
[2026-08-16 16:22:13.869 (UTC)] info/application	[Sensor] Updated distance: 15.0291212254805 cm | Severity=75 | SourceName=Sensor | EventType=application
[2026-08-16 16:22:14.871 (UTC)] info/application	[Sensor] Updated distance: 13.8746022902776 cm | Severity=75 | SourceName=Sensor | EventType=application
[2026-08-16 16:22:15.871 (UTC)] info/application	[Sensor] Updated distance: 14.6672256911021 cm | Severity=75 | SourceName=Sensor | EventType=application
[2026-08-16 16:22:16.872 (UTC)] info/application	[Sensor] Updated distance: 14.4224886574887 cm | Severity=75 | SourceName=Sensor | EventType=application
[2026-08-16 16:22:17.873 (UTC)] info/application	[Sensor] Updated distance: 14.1965241547192 cm | Severity=75 | SourceName=Sensor | EventType=application
[2026-08-16 16:22:18.875 (UTC)] info/application	[Sensor] Updated distance: 13.7557768517899 cm | Severity=75 | SourceName=Sensor | EventType=application
[2026-08-16 16:22:19.867 (UTC)] info/application	[Sensor] Updated distance: 13.6456285753034 cm | Severity=75 | SourceName=Sensor | EventType=application
[2026-08-16 16:22:20.869 (UTC)] info/application	[Sensor] Updated distance: 13.9341347464054 cm | Severity=75 | SourceName=Sensor | EventType=application
[2026-08-16 16:22:21.870 (UTC)] info/application	[Sensor] Updated distance: 13.45363822065 cm | Severity=75 | SourceName=Sensor | EventType=application
[2026-08-16 16:22:22.871 (UTC)] info/application	[Sensor] Updated distance: 12.0300499759754 cm | Severity=75 | SourceName=Sensor | EventType=application
[2026-08-16 16:22:23.872 (UTC)] info/application	[Sensor] Updated distance: 13.0209319142257 cm | Severity=75 | SourceName=Sensor | EventType=application
[2026-08-16 16:22:24.873 (UTC)] info/application	[Sensor] Updated distance: 11.7438512946218 cm | Severity=75 | SourceName=Sensor | EventType=application
[2026-08-16 16:22:25.875 (UTC)] info/application	[Sensor] Updated distance: 10.463234963344 cm | Severity=75 | SourceName=Sensor | EventType=application
[2026-08-16 16:22:26.876 (UTC)] info/application	[Sensor] Updated distance: 9.22345317584623 cm | Severity=75 | SourceName=Sensor | EventType=application
[2026-08-16 16:22:27.877 (UTC)] info/application	[Sensor] Updated distance: 9.44316186473852 cm | Severity=75 | SourceName=Sensor | EventType=application
[2026-08-16 16:22:28.868 (UTC)] info/application	[Sensor] Updated distance: 10.8647334165241 cm | Severity=75 | SourceName=Sensor | EventType=application
[2026-08-16 16:22:29.869 (UTC)] info/application	[Sensor] Updated distance: 9.64874803794024 cm | Severity=75 | SourceName=Sensor | EventType=application
[2026-08-16 16:22:30.870 (UTC)] info/application	[Sensor] Updated distance: 10.0403030882777 cm | Severity=75 | SourceName=Sensor | EventType=application
[2026-08-16 16:22:31.871 (UTC)] info/application	[Sensor] Updated distance: 10.2207214691307 cm | Severity=75 | SourceName=Sensor | EventType=application
[2026-08-16 16:22:32.871 (UTC)] info/application	[Sensor] Updated distance: 9.49525322555343 cm | Severity=75 | SourceName=Sensor | EventType=application
[2026-08-16 16:22:33.873 (UTC)] info/application	[Sensor] Updated distance: 8.96774254621367 cm | Severity=75 | SourceName=Sensor | EventType=application
[2026-08-16 16:22:34.874 (UTC)] info/application	[Sensor] Updated distance: 9.19331063804836 cm | Severity=75 | SourceName=Sensor | EventType=application
[2026-08-16 16:22:35.875 (UTC)] info/application	[Sensor] Updated distance: 7.99755625263674 cm | Severity=75 | SourceName=Sensor | EventType=application
[2026-08-16 16:22:36.875 (UTC)] info/application	[Sensor] Updated distance: 7.94362983058375 cm | Severity=75 | SourceName=Sensor | EventType=application
[2026-08-16 16:22:37.876 (UTC)] info/application	[Sensor] Updated distance: 8.32127762018762 cm | Severity=75 | SourceName=Sensor | EventType=application
[2026-08-16 16:22:38.867 (UTC)] info/application	[Sensor] Updated distance: 7.06698348795389 cm | Severity=75 | SourceName=Sensor | EventType=application
[2026-08-16 16:22:39.868 (UTC)] info/application	[Sensor] Updated distance: 7.9140113566136 cm | Severity=75 | SourceName=Sensor | EventType=application
[2026-08-16 16:22:40.869 (UTC)] info/application	[Sensor] Updated distance: 8.58543794303454 cm | Severity=75 | SourceName=Sensor | EventType=application
[2026-08-16 16:22:41.870 (UTC)] info/application	[Sensor] Updated distance: 8.09883249625509 cm | Severity=75 | SourceName=Sensor | EventType=application
[2026-08-16 16:22:42.870 (UTC)] info/application	[Sensor] Updated distance: 7.26342011534768 cm | Severity=75 | SourceName=Sensor | EventType=application
[2026-08-16 16:22:43.871 (UTC)] info/application	[Sensor] Updated distance: 6.52557490906937 cm | Severity=75 | SourceName=Sensor | EventType=application
[2026-08-16 16:22:44.872 (UTC)] info/application	[Sensor] Updated distance: 7.68337668510311 cm | Severity=75 | SourceName=Sensor | EventType=application
[2026-08-16 16:22:45.874 (UTC)] info/application	[Sensor] Updated distance: 7.19344536899283 cm | Severity=75 | SourceName=Sensor | EventType=application
[2026-08-16 16:22:46.875 (UTC)] info/application	[Sensor] Updated distance: 5.74822356214198 cm | Severity=75 | SourceName=Sensor | EventType=application
[2026-08-16 16:22:47.875 (UTC)] info/application	[Sensor] Updated distance: 5.16128830316536 cm | Severity=75 | SourceName=Sensor | EventType=application
[2026-08-16 16:22:48.867 (UTC)] info/application	[Sensor] Updated distance: 5.94539248568257 cm | Severity=75 | SourceName=Sensor | EventType=application
[2026-08-16 16:22:49.867 (UTC)] info/application	[Sensor] Updated distance: 5.55942337590242 cm | Severity=75 | SourceName=Sensor | EventType=application
[2026-08-16 16:22:50.868 (UTC)] info/application	[Sensor] Updated distance: 6.3623398404393 cm | Severity=75 | SourceName=Sensor | EventType=application
[2026-08-16 16:22:51.869 (UTC)] info/application	[Sensor] Updated distance: 5.93495019266146 cm | Severity=75 | SourceName=Sensor | EventType=application
[2026-08-16 16:22:52.870 (UTC)] info/application	[Sensor] Updated distance: 6.56848455712594 cm | Severity=75 | SourceName=Sensor | EventType=application
[2026-08-16 16:22:53.871 (UTC)] info/application	[Sensor] Updated distance: 7.44781277698828 cm | Severity=75 | SourceName=Sensor | EventType=application
[2026-08-16 16:22:54.873 (UTC)] info/application	[Sensor] Updated distance: 6.51130506606367 cm | Severity=75 | SourceName=Sensor | EventType=application
[2026-08-16 16:22:55.874 (UTC)] info/application	[Sensor] Updated distance: 7.36775881092425 cm | Severity=75 | SourceName=Sensor | EventType=application
[2026-08-16 16:22:56.875 (UTC)] info/application	[Sensor] Updated distance: 8.46647070090587 cm | Severity=75 | SourceName=Sensor | EventType=application
[2026-08-16 16:22:57.876 (UTC)] info/application	[Sensor] Updated distance: 7.79018120388043 cm | Severity=75 | SourceName=Sensor | EventType=application
[2026-08-16 16:22:58.867 (UTC)] info/application	[Sensor] Updated distance: 7.36634363763329 cm | Severity=75 | SourceName=Sensor | EventType=application
[2026-08-16 16:22:59.868 (UTC)] info/application	[Sensor] Updated distance: 8.38662707800354 cm | Severity=75 | SourceName=Sensor | EventType=application
[2026-08-16 16:23:00.869 (UTC)] info/application	[Sensor] Updated distance: 7.99435220239421 cm | Severity=75 | SourceName=Sensor | EventType=application
[2026-08-16 16:23:01.870 (UTC)] info/application	[Sensor] Updated distance: 9.46206968648455 cm | Severity=75 | SourceName=Sensor | EventType=application
[2026-08-16 16:23:02.872 (UTC)] info/application	[Sensor] Updated distance: 9.1627715063108 cm | Severity=75 | SourceName=Sensor | EventType=application
[2026-08-16 16:23:03.873 (UTC)] info/application	[Sensor] Updated distance: 9.54502838852118 cm | Severity=75 | SourceName=Sensor | EventType=application
[2026-08-16 16:23:04.873 (UTC)] info/application	[Sensor] Updated distance: 8.98523519187478 cm | Severity=75 | SourceName=Sensor | EventType=application
[2026-08-16 16:23:05.874 (UTC)] info/application	[Sensor] Updated distance: 10.4115051035357 cm | Severity=75 | SourceName=Sensor | EventType=application
[2026-08-16 16:23:06.875 (UTC)] info/application	[Sensor] Updated distance: 11.0980076003345 cm | Severity=75 | SourceName=Sensor | EventType=application
[2026-08-16 16:23:07.876 (UTC)] info/application	[Sensor] Updated distance: 11.9842879816351 cm | Severity=75 | SourceName=Sensor | EventType=application
[2026-08-16 16:23:08.868 (UTC)] info/application	[Sensor] Updated distance: 12.2882056815029 cm | Severity=75 | SourceName=Sensor | EventType=application
[2026-08-16 16:23:09.870 (UTC)] info/application	[Sensor] Updated distance: 13.2204140460679 cm | Severity=75 | SourceName=Sensor | EventType=application
[2026-08-16 16:23:10.870 (UTC)] info/application	[Sensor] Updated distance: 13.4537222946313 cm | Severity=75 | SourceName=Sensor | EventType=application
[2026-08-16 16:23:11.872 (UTC)] info/application	[Sensor] Updated distance: 12.9290665795231 cm | Severity=75 | SourceName=Sensor | EventType=application
[2026-08-16 16:23:12.873 (UTC)] info/application	[Sensor] Updated distance: 11.8746694959116 cm | Severity=75 | SourceName=Sensor | EventType=application
[2026-08-16 16:23:13.875 (UTC)] info/application	[Sensor] Updated distance: 12.7725653635676 cm | Severity=75 | SourceName=Sensor | EventType=application
[2026-08-16 16:23:14.876 (UTC)] info/application	[Sensor] Updated distance: 13.0100644421811 cm | Severity=75 | SourceName=Sensor | EventType=application
[2026-08-16 16:23:15.867 (UTC)] info/application	[Sensor] Updated distance: 11.6134691332064 cm | Severity=75 | SourceName=Sensor | EventType=application
[2026-08-16 16:23:16.868 (UTC)] info/application	[Sensor] Updated distance: 10.5214336847521 cm | Severity=75 | SourceName=Sensor | EventType=application
[2026-08-16 16:23:17.869 (UTC)] info/application	[Sensor] Updated distance: 10.8137109565147 cm | Severity=75 | SourceName=Sensor | EventType=application
[2026-08-16 16:23:18.870 (UTC)] info/application	[Sensor] Updated distance: 10.3301803899604 cm | Severity=75 | SourceName=Sensor | EventType=application
[2026-08-16 16:23:19.871 (UTC)] info/application	[Sensor] Updated distance: 11.5222491240232 cm | Severity=75 | SourceName=Sensor | EventType=application
[2026-08-16 16:23:20.872 (UTC)] info/application	[Sensor] Updated distance: 12.9285572874027 cm | Severity=75 | SourceName=Sensor | EventType=application
[2026-08-16 16:23:21.872 (UTC)] info/application	[Sensor] Updated distance: 11.7479431839883 cm | Severity=75 | SourceName=Sensor | EventType=application
[2026-08-16 16:23:22.873 (UTC)] info/application	[Sensor] Updated distance: 11.0126222688763 cm | Severity=75 | SourceName=Sensor | EventType=application
[2026-08-16 16:23:23.874 (UTC)] info/application	[Sensor] Updated distance: 11.5524647953233 cm | Severity=75 | SourceName=Sensor | EventType=application
[2026-08-16 16:23:24.875 (UTC)] info/application	[Sensor] Updated distance: 12.7511789131682 cm | Severity=75 | SourceName=Sensor | EventType=application
[2026-08-16 16:23:25.876 (UTC)] info/application	[Sensor] Updated distance: 12.5793502885286 cm | Severity=75 | SourceName=Sensor | EventType=application
[2026-08-16 16:23:26.867 (UTC)] info/application	[Sensor] Updated distance: 12.4756465598362 cm | Severity=75 | SourceName=Sensor | EventType=application
[2026-08-16 16:23:27.868 (UTC)] info/application	[Sensor] Updated distance: 13.2730725662657 cm | Severity=75 | SourceName=Sensor | EventType=application
[2026-08-16 16:23:28.870 (UTC)] info/application	[Sensor] Updated distance: 13.9249544446007 cm | Severity=75 | SourceName=Sensor | EventType=application
[2026-08-16 16:23:29.871 (UTC)] info/application	[Sensor] Updated distance: 14.8974131496611 cm | Severity=75 | SourceName=Sensor | EventType=application
[2026-08-16 16:23:30.872 (UTC)] info/application	[Sensor] Updated distance: 15.2151225950639 cm | Severity=75 | SourceName=Sensor | EventType=application
[2026-08-16 16:23:31.873 (UTC)] info/application	[Sensor] Updated distance: 13.9747295963926 cm | Severity=75 | SourceName=Sensor | EventType=application
[2026-08-16 16:23:32.874 (UTC)] info/application	[Sensor] Updated distance: 14.9149057841463 cm | Severity=75 | SourceName=Sensor | EventType=application
[2026-08-16 16:23:33.875 (UTC)] info/application	[Sensor] Updated distance: 13.4333170479784 cm | Severity=75 | SourceName=Sensor | EventType=application
[2026-08-16 16:23:34.875 (UTC)] info/application	[Sensor] Updated distance: 14.0751809315175 cm | Severity=75 | SourceName=Sensor | EventType=application
[2026-08-16 16:23:35.876 (UTC)] info/application	[Sensor] Updated distance: 12.9555639212278 cm | Severity=75 | SourceName=Sensor | EventType=application
[2026-08-16 16:23:36.876 (UTC)] info/application	[Sensor] Updated distance: 14.4002450967209 cm | Severity=75 | SourceName=Sensor | EventType=application
[2026-08-16 16:23:37.867 (UTC)] info/application	[Sensor] Updated distance: 14.2286114756617 cm | Severity=75 | SourceName=Sensor | EventType=application
[2026-08-16 16:23:38.868 (UTC)] info/application	[Sensor] Updated distance: 15.4952748466727 cm | Severity=75 | SourceName=Sensor | EventType=application
[2026-08-16 16:23:39.869 (UTC)] info/application	[Sensor] Updated distance: 15.7438737206365 cm | Severity=75 | SourceName=Sensor | EventType=application
[2026-08-16 16:23:40.870 (UTC)] info/application	[Sensor] Updated distance: 15.0044484641424 cm | Severity=75 | SourceName=Sensor | EventType=application
[2026-08-16 16:23:41.871 (UTC)] info/application	[Sensor] Updated distance: 15.0044200823197 cm | Severity=75 | SourceName=Sensor | EventType=application
[2026-08-16 16:23:42.872 (UTC)] info/application	[Sensor] Updated distance: 16.2283632425723 cm | Severity=75 | SourceName=Sensor | EventType=application
[2026-08-16 16:23:43.874 (UTC)] info/application	[Sensor] Updated distance: 15.9345409024668 cm | Severity=75 | SourceName=Sensor | EventType=application
[2026-08-16 16:23:44.875 (UTC)] info/application	[Sensor] Updated distance: 15.3324083883001 cm | Severity=75 | SourceName=Sensor | EventType=application
[2026-08-16 16:23:45.876 (UTC)] info/application	[Sensor] Updated distance: 15.2938506257692 cm | Severity=75 | SourceName=Sensor | EventType=application
[2026-08-16 16:23:46.867 (UTC)] info/application	[Sensor] Updated distance: 15.1034329780859 cm | Severity=75 | SourceName=Sensor | EventType=application
[2026-08-16 16:23:47.868 (UTC)] info/application	[Sensor] Updated distance: 14.9092650154649 cm | Severity=75 | SourceName=Sensor | EventType=application
[2026-08-16 16:23:48.869 (UTC)] info/application	[Sensor] Updated distance: 13.6629845246966 cm | Severity=75 | SourceName=Sensor | EventType=application
[2026-08-16 16:23:49.870 (UTC)] info/application	[Sensor] Updated distance: 14.489036310459 cm | Severity=75 | SourceName=Sensor | EventType=application
[2026-08-16 16:23:50.871 (UTC)] info/application	[Sensor] Updated distance: 13.9869370805039 cm | Severity=75 | SourceName=Sensor | EventType=application
[2026-08-16 16:23:51.872 (UTC)] info/application	[Sensor] Updated distance: 12.6469647517181 cm | Severity=75 | SourceName=Sensor | EventType=application
[2026-08-16 16:23:52.873 (UTC)] info/application	[Sensor] Updated distance: 13.7924024340661 cm | Severity=75 | SourceName=Sensor | EventType=application
[2026-08-16 16:23:53.874 (UTC)] info/application	[Sensor] Updated distance: 14.054982288999 cm | Severity=75 | SourceName=Sensor | EventType=application
[2026-08-16 16:23:54.876 (UTC)] info/application	[Sensor] Updated distance: 14.7548524866602 cm | Severity=75 | SourceName=Sensor | EventType=application
[2026-08-16 16:23:55.867 (UTC)] info/application	[Sensor] Updated distance: 15.5990042854561 cm | Severity=75 | SourceName=Sensor | EventType=application
[2026-08-16 16:23:56.868 (UTC)] info/application	[Sensor] Updated distance: 14.1897555143525 cm | Severity=75 | SourceName=Sensor | EventType=application
[2026-08-16 16:23:57.870 (UTC)] info/application	[Sensor] Updated distance: 13.2859219819242 cm | Severity=75 | SourceName=Sensor | EventType=application
[2026-08-16 16:23:58.871 (UTC)] info/application	[Sensor] Updated distance: 13.4274997857527 cm | Severity=75 | SourceName=Sensor | EventType=application
[2026-08-16 16:23:59.872 (UTC)] info/application	[Sensor] Updated distance: 14.170132892984 cm | Severity=75 | SourceName=Sensor | EventType=application
[2026-08-16 16:24:00.873 (UTC)] info/application	[Sensor] Updated distance: 12.7387580642191 cm | Severity=75 | SourceName=Sensor | EventType=application
[2026-08-16 16:24:01.874 (UTC)] info/application	[Sensor] Updated distance: 11.6980453120535 cm | Severity=75 | SourceName=Sensor | EventType=application
[2026-08-16 16:24:02.875 (UTC)] info/application	[Sensor] Updated distance: 12.7002854220105 cm | Severity=75 | SourceName=Sensor | EventType=application
[2026-08-16 16:24:03.876 (UTC)] info/application	[Sensor] Updated distance: 13.7090867809994 cm | Severity=75 | SourceName=Sensor | EventType=application
[2026-08-16 16:24:04.867 (UTC)] info/application	[Sensor] Updated distance: 12.6867852926658 cm | Severity=75 | SourceName=Sensor | EventType=application
[2026-08-16 16:24:05.868 (UTC)] info/application	[Sensor] Updated distance: 12.8308892847648 cm | Severity=75 | SourceName=Sensor | EventType=application
[2026-08-16 16:24:06.869 (UTC)] info/application	[Sensor] Updated distance: 14.2200736334641 cm | Severity=75 | SourceName=Sensor | EventType=application
[2026-08-16 16:24:07.869 (UTC)] info/application	[Sensor] Updated distance: 13.1424533192266 cm | Severity=75 | SourceName=Sensor | EventType=application
[2026-08-16 16:24:08.870 (UTC)] info/application	[Sensor] Updated distance: 14.6149236916634 cm | Severity=75 | SourceName=Sensor | EventType=application
[2026-08-16 16:24:09.871 (UTC)] info/application	[Sensor] Updated distance: 15.7707714099766 cm | Severity=75 | SourceName=Sensor | EventType=application
[2026-08-16 16:24:10.873 (UTC)] info/application	[Sensor] Updated distance: 16.4417499711 cm | Severity=75 | SourceName=Sensor | EventType=application
[2026-08-16 16:24:11.873 (UTC)] info/application	[Sensor] Updated distance: 15.6747950856456 cm | Severity=75 | SourceName=Sensor | EventType=application
[2026-08-16 16:24:12.875 (UTC)] info/application	[Sensor] Updated distance: 15.3306144221363 cm | Severity=75 | SourceName=Sensor | EventType=application
[2026-08-16 16:24:13.876 (UTC)] info/application	[Sensor] Updated distance: 15.7255361421153 cm | Severity=75 | SourceName=Sensor | EventType=application
[2026-08-16 16:24:14.867 (UTC)] info/application	[Sensor] Updated distance: 16.1647589165553 cm | Severity=75 | SourceName=Sensor | EventType=application
[2026-08-16 16:24:15.869 (UTC)] info/application	[Sensor] Updated distance: 16.7184457388792 cm | Severity=75 | SourceName=Sensor | EventType=application
[2026-08-16 16:24:16.870 (UTC)] info/application	[Sensor] Updated distance: 15.5748096949303 cm | Severity=75 | SourceName=Sensor | EventType=application
[2026-08-16 16:24:17.871 (UTC)] info/application	[Sensor] Updated distance: 14.3236148202902 cm | Severity=75 | SourceName=Sensor | EventType=application
[2026-08-16 16:24:18.872 (UTC)] info/application	[Sensor] Updated distance: 13.1831336785961 cm | Severity=75 | SourceName=Sensor | EventType=application
[2026-08-16 16:24:19.873 (UTC)] info/application	[Sensor] Updated distance: 12.2932171438789 cm | Severity=75 | SourceName=Sensor | EventType=application
[2026-08-16 16:24:20.874 (UTC)] info/application	[Sensor] Updated distance: 13.3680740550012 cm | Severity=75 | SourceName=Sensor | EventType=application
[2026-08-16 16:24:21.875 (UTC)] info/application	[Sensor] Updated distance: 13.2254936833519 cm | Severity=75 | SourceName=Sensor | EventType=application
[2026-08-16 16:24:22.876 (UTC)] info/application	[Sensor] Updated distance: 12.4956048198489 cm | Severity=75 | SourceName=Sensor | EventType=application
[2026-08-16 16:24:23.867 (UTC)] info/application	[Sensor] Updated distance: 13.2158994133192 cm | Severity=75 | SourceName=Sensor | EventType=application
[2026-08-16 16:24:24.868 (UTC)] info/application	[Sensor] Updated distance: 11.8358988952059 cm | Severity=75 | SourceName=Sensor | EventType=application
[2026-08-16 16:24:25.869 (UTC)] info/application	[Sensor] Updated distance: 13.3058802307611 cm | Severity=75 | SourceName=Sensor | EventType=application
[2026-08-16 16:24:26.871 (UTC)] info/application	[Sensor] Updated distance: 13.3703266216304 cm | Severity=75 | SourceName=Sensor | EventType=application
[2026-08-16 16:24:27.872 (UTC)] info/application	[Sensor] Updated distance: 12.0810773338103 cm | Severity=75 | SourceName=Sensor | EventType=application
[2026-08-16 16:24:28.873 (UTC)] info/application	[Sensor] Updated distance: 11.1472251355402 cm | Severity=75 | SourceName=Sensor | EventType=application
[2026-08-16 16:24:29.874 (UTC)] info/application	[Sensor] Updated distance: 9.85324933023808 cm | Severity=75 | SourceName=Sensor | EventType=application
[2026-08-16 16:24:30.875 (UTC)] info/application	[Sensor] Updated distance: 10.8066331496493 cm | Severity=75 | SourceName=Sensor | EventType=application
[2026-08-16 16:24:31.876 (UTC)] info/application	[Sensor] Updated distance: 9.94140612401133 cm | Severity=75 | SourceName=Sensor | EventType=application
[2026-08-16 16:24:32.867 (UTC)] info/application	[Sensor] Updated distance: 9.10671756654358 cm | Severity=75 | SourceName=Sensor | EventType=application
[2026-08-16 16:24:33.868 (UTC)] info/application	[Sensor] Updated distance: 9.56234149451475 cm | Severity=75 | SourceName=Sensor | EventType=application
[2026-08-16 16:24:34.870 (UTC)] info/application	[Sensor] Updated distance: 8.20591582646868 cm | Severity=75 | SourceName=Sensor | EventType=application
[2026-08-16 16:24:35.871 (UTC)] info/application	[Sensor] Updated distance: 7.84892578206439 cm | Severity=75 | SourceName=Sensor | EventType=application
[2026-08-16 16:24:36.872 (UTC)] info/application	[Sensor] Updated distance: 6.94865370213456 cm | Severity=75 | SourceName=Sensor | EventType=application
[2026-08-16 16:24:37.873 (UTC)] info/application	[Sensor] Updated distance: 5.48141238278774 cm | Severity=75 | SourceName=Sensor | EventType=application
[2026-08-16 16:24:38.875 (UTC)] info/application	[Sensor] Updated distance: 5.54680202414597 cm | Severity=75 | SourceName=Sensor | EventType=application
[2026-08-16 16:24:39.875 (UTC)] info/application	[Sensor] Updated distance: 4.61900031525594 cm | Severity=75 | SourceName=Sensor | EventType=application
[2026-08-16 16:24:40.877 (UTC)] info/application	[Sensor] Updated distance: 5.80760671422239 cm | Severity=75 | SourceName=Sensor | EventType=application
[2026-08-16 16:24:41.868 (UTC)] info/application	[Sensor] Updated distance: 5.04397491530699 cm | Severity=75 | SourceName=Sensor | EventType=application
[2026-08-16 16:24:42.869 (UTC)] info/application	[Sensor] Updated distance: 4.8492183209626 cm | Severity=75 | SourceName=Sensor | EventType=application
[2026-08-16 16:24:43.869 (UTC)] info/application	[Sensor] Updated distance: 4.19364405502268 cm | Severity=75 | SourceName=Sensor | EventType=application
[2026-08-16 16:24:44.870 (UTC)] info/application	[Sensor] Updated distance: 5.32493397608628 cm | Severity=75 | SourceName=Sensor | EventType=application
[2026-08-16 16:24:45.871 (UTC)] info/application	[Sensor] Updated distance: 4.06940015478496 cm | Severity=75 | SourceName=Sensor | EventType=application
[2026-08-16 16:24:46.873 (UTC)] info/application	[Sensor] Updated distance: 5.46751271116896 cm | Severity=75 | SourceName=Sensor | EventType=application
[2026-08-16 16:24:47.873 (UTC)] info/application	[Sensor] Updated distance: 6.95516658968066 cm | Severity=75 | SourceName=Sensor | EventType=application
[2026-08-16 16:24:48.874 (UTC)] info/application	[Sensor] Updated distance: 5.94843789513615 cm | Severity=75 | SourceName=Sensor | EventType=application
[2026-08-16 16:24:49.875 (UTC)] info/application	[Sensor] Updated distance: 4.70606930842905 cm | Severity=75 | SourceName=Sensor | EventType=application
[2026-08-16 16:24:50.876 (UTC)] info/application	[Sensor] Updated distance: 3.80380665082661 cm | Severity=75 | SourceName=Sensor | EventType=application
[2026-08-16 16:24:51.867 (UTC)] info/application	[Sensor] Updated distance: 2.37193486600737 cm | Severity=75 | SourceName=Sensor | EventType=application
[2026-08-16 16:24:52.868 (UTC)] info/application	[Sensor] Updated distance: 2.486985907651 cm | Severity=75 | SourceName=Sensor | EventType=application
[2026-08-16 16:24:53.869 (UTC)] info/application	[Sensor] Updated distance: 2.35483438794259 cm | Severity=75 | SourceName=Sensor | EventType=application
[2026-08-16 16:24:54.870 (UTC)] info/application	[Sensor] Updated distance: 3.14325719659367 cm | Severity=75 | SourceName=Sensor | EventType=application
[2026-08-16 16:24:55.871 (UTC)] info/application	[Sensor] Updated distance: 3.3783077215209 cm | Severity=75 | SourceName=Sensor | EventType=application
[2026-08-16 16:24:56.873 (UTC)] info/application	[Sensor] Updated distance: 3.21613753597071 cm | Severity=75 | SourceName=Sensor | EventType=application
[2026-08-16 16:24:57.874 (UTC)] info/application	[Sensor] Updated distance: 2.56900673549109 cm | Severity=75 | SourceName=Sensor | EventType=application
[2026-08-16 16:24:58.874 (UTC)] info/application	[Sensor] Updated distance: 3.01480797259825 cm | Severity=75 | SourceName=Sensor | EventType=application
[2026-08-16 16:24:59.875 (UTC)] info/application	[Sensor] Updated distance: 3.41878558877798 cm | Severity=75 | SourceName=Sensor | EventType=application
[2026-08-16 16:25:00.875 (UTC)] info/application	[Sensor] Updated distance: 2.97767898299622 cm | Severity=75 | SourceName=Sensor | EventType=application
[2026-08-16 16:25:01.876 (UTC)] info/application	[Sensor] Updated distance: 2.87686403811762 cm | Severity=75 | SourceName=Sensor | EventType=application
[2026-08-16 16:25:02.867 (UTC)] info/application	[Sensor] Updated distance: 3.91561462865937 cm | Severity=75 | SourceName=Sensor | EventType=application
[2026-08-16 16:25:03.869 (UTC)] info/application	[Sensor] Updated distance: 4.13981946540987 cm | Severity=75 | SourceName=Sensor | EventType=application
[2026-08-16 16:25:04.870 (UTC)] info/application	[Sensor] Updated distance: 2.99462844850244 cm | Severity=75 | SourceName=Sensor | EventType=application
[2026-08-16 16:25:05.871 (UTC)] info/application	[Sensor] Updated distance: 4.1769533723951 cm | Severity=75 | SourceName=Sensor | EventType=application
[2026-08-16 16:25:06.872 (UTC)] info/application	[Sensor] Updated distance: 5.54416816474131 cm | Severity=75 | SourceName=Sensor | EventType=application
[2026-08-16 16:25:07.874 (UTC)] info/application	[Sensor] Updated distance: 4.99870506790405 cm | Severity=75 | SourceName=Sensor | EventType=application
[2026-08-16 16:25:08.875 (UTC)] info/application	[Sensor] Updated distance: 6.21378867244989 cm | Severity=75 | SourceName=Sensor | EventType=application
[2026-08-16 16:25:09.875 (UTC)] info/application	[Sensor] Updated distance: 6.14639310615434 cm | Severity=75 | SourceName=Sensor | EventType=application
[2026-08-16 16:25:10.876 (UTC)] info/application	[Sensor] Updated distance: 6.17312830042704 cm | Severity=75 | SourceName=Sensor | EventType=application
[2026-08-16 16:25:11.868 (UTC)] info/application	[Sensor] Updated distance: 7.07681830254234 cm | Severity=75 | SourceName=Sensor | EventType=application
[2026-08-16 16:25:12.868 (UTC)] info/application	[Sensor] Updated distance: 7.74579093733139 cm | Severity=75 | SourceName=Sensor | EventType=application
[2026-08-16 16:25:13.869 (UTC)] info/application	[Sensor] Updated distance: 9.0777695372597 cm | Severity=75 | SourceName=Sensor | EventType=application
[2026-08-16 16:25:14.870 (UTC)] info/application	[Sensor] Updated distance: 7.82588527343509 cm | Severity=75 | SourceName=Sensor | EventType=application
[2026-08-16 16:25:15.870 (UTC)] info/application	[Sensor] Updated distance: 8.12614782928774 cm | Severity=75 | SourceName=Sensor | EventType=application
[2026-08-16 16:25:16.871 (UTC)] info/application	[Sensor] Updated distance: 6.70259260651775 cm | Severity=75 | SourceName=Sensor | EventType=application
[2026-08-16 16:25:17.872 (UTC)] info/application	[Sensor] Updated distance: 5.34882089768014 cm | Severity=75 | SourceName=Sensor | EventType=application
[2026-08-16 16:25:18.873 (UTC)] info/application	[Sensor] Updated distance: 5.63673733064751 cm | Severity=75 | SourceName=Sensor | EventType=application
[2026-08-16 16:25:19.874 (UTC)] info/application	[Sensor] Updated distance: 4.70645341333301 cm | Severity=75 | SourceName=Sensor | EventType=application
[2026-08-16 16:25:20.875 (UTC)] info/application	[Sensor] Updated distance: 3.61031311918529 cm | Severity=75 | SourceName=Sensor | EventType=application
[2026-08-16 16:25:21.867 (UTC)] info/application	[Sensor] Updated distance: 4.49596689455022 cm | Severity=75 | SourceName=Sensor | EventType=application
[2026-08-16 16:25:22.867 (UTC)] info/application	[Sensor] Updated distance: 3.63381119381347 cm | Severity=75 | SourceName=Sensor | EventType=application
[2026-08-16 16:25:23.869 (UTC)] info/application	[Sensor] Updated distance: 4.15272194130937 cm | Severity=75 | SourceName=Sensor | EventType=application
[2026-08-16 16:25:24.870 (UTC)] info/application	[Sensor] Updated distance: 3.40622419556891 cm | Severity=75 | SourceName=Sensor | E