[agg] 授權來源：SensorSource1..3 + MotorSource1..3
[2026-08-16 00:04:28.592 (UTC+0800)] [33mwarn/server[0m	AccessControl: Unconfigured AccessControl. Users have all permissions.
[2026-08-16 00:04:28.592 (UTC+0800)] [32minfo/server[0m	AccessControl: Anonymous login is enabled
[2026-08-16 00:04:28.592 (UTC+0800)] [33mwarn/server[0m	x509 Certificate Authentication configured, but no encrypting SecurityPolicy. This can leak credentials on the network.
[2026-08-16 00:04:28.636 (UTC+0800)] [33mwarn/application[0m	ServerUrls already set. Overriding.
[2026-08-16 00:04:28.636 (UTC+0800)] [33mwarn/server[0m	AccessControl: Unconfigured AccessControl. Users have all permissions.
[2026-08-16 00:04:28.636 (UTC+0800)] [32minfo/server[0m	AccessControl: Anonymous login is enabled
[2026-08-16 00:04:28.636 (UTC+0800)] [33mwarn/server[0m	x509 Certificate Authentication configured, but no encrypting SecurityPolicy. This can leak credentials on the network.
[2026-08-16 00:04:28.636 (UTC+0800)] [33mwarn/server[0m	x509 Certificate Authentication configured, but no encrypting SecurityPolicy. This can leak credentials on the network.
[2026-08-16 00:04:28.636 (UTC+0800)] [32minfo/network[0m	TCP	| Listening on all interfaces
[2026-08-16 00:04:28.654 (UTC+0800)] [32minfo/network[0m	TCP 8	| Creating listen socket for "0.0.0.0" (with local hostname "MSI") on port 4840
[2026-08-16 00:04:28.654 (UTC+0800)] [32minfo/server[0m	New DiscoveryUrl added: opc.tcp://MSI:4840
[2026-08-16 00:04:28.654 (UTC+0800)] [32minfo/network[0m	TCP 9	| Creating listen socket for "::" (with local hostname "MSI") on port 4840
[2026-08-16 00:04:28.654 (UTC+0800)] [32minfo/application[0m	Aggregation Server started (port 4840)
[2026-08-16 00:04:29.154 (UTC+0800)] [32minfo/network[0m	TCP 15	| Opening a connection to "127.0.0.1" on port 4842
[2026-08-16 00:04:29.636 (UTC+0800)] [32minfo/network[0m	TCP 15	| The connection closes with error 111
[2026-08-16 00:04:30.136 (UTC+0800)] [32minfo/channel[0m	TCP 15	| SC 0	| SecureChannel closed
[2026-08-16 00:04:30.136 (UTC+0800)] [31merror/client[0m	Could not open a TCP connection to the Endpoint at opc.tcp://127.0.0.1:4842
[2026-08-16 00:04:30.136 (UTC+0800)] [32minfo/client[0m	Client Status: ChannelState: Closed, SessionState: Closed, ConnectStatus: BadConnectionRejected
[2026-08-16 00:04:30.136 (UTC+0800)] [32minfo/network[0m	TCP 15	| Socket closed
[2026-08-16 00:04:31.648 (UTC+0800)] [32minfo/network[0m	TCP 15	| Connection opened from "127.0.0.1" via the server socket 8
[2026-08-16 00:04:31.648 (UTC+0800)] [32minfo/channel[0m	TCP 15	| SC 1	| SecureChannel created
[2026-08-16 00:04:31.649 (UTC+0800)] [32minfo/channel[0m	TCP 15	| SC 1	| OpenSecureChannel: Channel opened with SecurityMode None for SecurityPolicy http://opcfoundation.org/UA/SecurityPolicy#None and a revised lifetime of 600.0s
[2026-08-16 00:04:31.649 (UTC+0800)] [33mwarn/client[0m	Removing a UserTokenPolicy that would allow the password to be transmitted without encryption (Can be enabled via config->allowNonePolicyPassword)
[2026-08-16 00:04:31.649 (UTC+0800)] [33mwarn/client[0m	Removing a UserTokenPolicy that would allow the password to be transmitted without encryption (Can be enabled via config->allowNonePolicyPassword)
[2026-08-16 00:04:31.649 (UTC+0800)] [33mwarn/client[0m	Removing a UserTokenPolicy that would allow the password to be transmitted without encryption (Can be enabled via config->allowNonePolicyPassword)
[2026-08-16 00:04:31.650 (UTC+0800)] [33mwarn/client[0m	Removing a UserTokenPolicy that would allow the password to be transmitted without encryption (Can be enabled via config->allowNonePolicyPassword)
[2026-08-16 00:04:31.651 (UTC+0800)] [32minfo/session[0m	TCP 15	| SC 1	| Session "SensorSource"	| Session created
[2026-08-16 00:04:31.651 (UTC+0800)] [32minfo/network[0m	TCP 16	| Connection opened from "127.0.0.1" via the server socket 8
[2026-08-16 00:04:31.651 (UTC+0800)] [32minfo/channel[0m	TCP 16	| SC 2	| SecureChannel created
[2026-08-16 00:04:31.651 (UTC+0800)] [32minfo/network[0m	TCP 17	| Connection opened from "127.0.0.1" via the server socket 8
[2026-08-16 00:04:31.651 (UTC+0800)] [32minfo/channel[0m	TCP 17	| SC 3	| SecureChannel created
[2026-08-16 00:04:31.651 (UTC+0800)] [32minfo/session[0m	TCP 15	| SC 1	| Session "SensorSource"	| ActivateSession: Session activated with ClientUserId ""
[2026-08-16 00:04:31.652 (UTC+0800)] [32minfo/channel[0m	TCP 16	| SC 2	| OpenSecureChannel: Channel opened with SecurityMode None for SecurityPolicy http://opcfoundation.org/UA/SecurityPolicy#None and a revised lifetime of 600.0s
[2026-08-16 00:04:31.652 (UTC+0800)] [32minfo/channel[0m	TCP 17	| SC 3	| OpenSecureChannel: Channel opened with SecurityMode None for SecurityPolicy http://opcfoundation.org/UA/SecurityPolicy#None and a revised lifetime of 600.0s
[2026-08-16 00:04:31.652 (UTC+0800)] [33mwarn/client[0m	Removing a UserTokenPolicy that would allow the password to be transmitted without encryption (Can be enabled via config->allowNonePolicyPassword)
[2026-08-16 00:04:31.652 (UTC+0800)] [33mwarn/client[0m	Removing a UserTokenPolicy that would allow the password to be transmitted without encryption (Can be enabled via config->allowNonePolicyPassword)
[2026-08-16 00:04:31.652 (UTC+0800)] [33mwarn/client[0m	Removing a UserTokenPolicy that would allow the password to be transmitted without encryption (Can be enabled via config->allowNonePolicyPassword)
[2026-08-16 00:04:31.652 (UTC+0800)] [33mwarn/client[0m	Removing a UserTokenPolicy that would allow the password to be transmitted without encryption (Can be enabled via config->allowNonePolicyPassword)
[2026-08-16 00:04:31.652 (UTC+0800)] [32minfo/session[0m	TCP 16	| SC 2	| Session "SensorSource2"	| Session created
[2026-08-16 00:04:31.652 (UTC+0800)] [33mwarn/client[0m	Removing a UserTokenPolicy that would allow the password to be transmitted without encryption (Can be enabled via config->allowNonePolicyPassword)
[2026-08-16 00:04:31.653 (UTC+0800)] [33mwarn/client[0m	Removing a UserTokenPolicy that would allow the password to be transmitted without encryption (Can be enabled via config->allowNonePolicyPassword)
[2026-08-16 00:04:31.653 (UTC+0800)] [32minfo/session[0m	TCP 16	| SC 2	| Session "SensorSource2"	| ActivateSession: Session activated with ClientUserId ""
[2026-08-16 00:04:31.653 (UTC+0800)] [33mwarn/client[0m	Removing a UserTokenPolicy that would allow the password to be transmitted without encryption (Can be enabled via config->allowNonePolicyPassword)
[2026-08-16 00:04:31.653 (UTC+0800)] [33mwarn/client[0m	Removing a UserTokenPolicy that would allow the password to be transmitted without encryption (Can be enabled via config->allowNonePolicyPassword)
[2026-08-16 00:04:31.653 (UTC+0800)] [32minfo/session[0m	TCP 17	| SC 3	| Session "SensorSource3"	| Session created
[2026-08-16 00:04:31.653 (UTC+0800)] [32minfo/session[0m	TCP 17	| SC 3	| Session "SensorSource3"	| ActivateSession: Session activated with ClientUserId ""
[2026-08-16 00:04:32.636 (UTC+0800)] [32minfo/network[0m	TCP 18	| Opening a connection to "127.0.0.1" on port 4842
[2026-08-16 00:04:32.667 (UTC+0800)] [32minfo/channel[0m	TCP 18	| SC 1	| SecureChannel opened with SecurityMode None for SecurityPolicy http://opcfoundation.org/UA/SecurityPolicy#None and a revised lifetime of 600.0s
[2026-08-16 00:04:32.667 (UTC+0800)] [32minfo/client[0m	Client Status: ChannelState: Open, SessionState: Closed, ConnectStatus: Good
[2026-08-16 00:04:33.166 (UTC+0800)] [32minfo/client[0m	The initially defined EndpointURL opc.tcp://127.0.0.1:4842 is valid for the server
[2026-08-16 00:04:33.174 (UTC+0800)] [33mwarn/client[0m	The server returned Endpoints with a different EndpointUrl opc.tcp://MSI:4842 than was used to initialize the connection: opc.tcp://127.0.0.1:4842. Some servers require a complete match of the EndpointUrl/DiscoveryUrl (including the path) to return all endpoints.
[2026-08-16 00:04:33.174 (UTC+0800)] [32minfo/client[0m	Endpoint 0: Best endpoint so far with UserTokenPolicy open62541-anonymous-policy-none#None
[2026-08-16 00:04:33.174 (UTC+0800)] [32minfo/client[0m	Endpoint 0 selected with SecurityMode None, SecurityPolicy http://opcfoundation.org/UA/SecurityPolicy#None and UserTokenPolicy open62541-anonymous-policy-none#None
[2026-08-16 00:04:33.174 (UTC+0800)] [32minfo/client[0m	CreateSession: Using UserTokenPolicy open62541-anonymous-policy-none#None
[2026-08-16 00:04:33.185 (UTC+0800)] [32minfo/client[0m	Client Status: ChannelState: Open, SessionState: Created, ConnectStatus: Good
[2026-08-16 00:04:33.185 (UTC+0800)] [32minfo/client[0m	ActivateSession: Using UserTokenPolicy open62541-anonymous-policy-none#None
[2026-08-16 00:04:33.195 (UTC+0800)] [32minfo/client[0m	Client Status: ChannelState: Open, SessionState: Activated, ConnectStatus: Good
[2026-08-16 00:04:33.195 (UTC+0800)] [32minfo/application[0m	Connected to sensor backend; starting data aggregation
[2026-08-16 00:04:33.195 (UTC+0800)] [32minfo/client[0m	Re-establish the connection for the synchronous service call
[2026-08-16 00:04:33.196 (UTC+0800)] [33mwarn/client[0m	Client connection already initiated
[2026-08-16 00:04:35.206 (UTC+0800)] [32minfo/network[0m	TCP 19	| Connection opened from "127.0.0.1" via the server socket 8
[2026-08-16 00:04:35.206 (UTC+0800)] [32minfo/channel[0m	TCP 19	| SC 4	| SecureChannel created
[2026-08-16 00:04:35.206 (UTC+0800)] [32minfo/network[0m	TCP 20	| Connection opened from "127.0.0.1" via the server socket 8
[2026-08-16 00:04:35.206 (UTC+0800)] [32minfo/channel[0m	TCP 20	| SC 5	| SecureChannel created
[2026-08-16 00:04:35.206 (UTC+0800)] [32minfo/network[0m	TCP 21	| Connection opened from "127.0.0.1" via the server socket 8
[2026-08-16 00:04:35.206 (UTC+0800)] [32minfo/channel[0m	TCP 21	| SC 6	| SecureChannel created
[2026-08-16 00:04:35.206 (UTC+0800)] [32minfo/network[0m	TCP 22	| Connection opened from "127.0.0.1" via the server socket 8
[2026-08-16 00:04:35.206 (UTC+0800)] [32minfo/channel[0m	TCP 22	| SC 7	| SecureChannel created
[2026-08-16 00:04:35.207 (UTC+0800)] [32minfo/channel[0m	TCP 21	| SC 6	| OpenSecureChannel: Channel opened with SecurityMode None for SecurityPolicy http://opcfoundation.org/UA/SecurityPolicy#None and a revised lifetime of 600.0s
[2026-08-16 00:04:35.207 (UTC+0800)] [32minfo/channel[0m	TCP 20	| SC 5	| OpenSecureChannel: Channel opened with SecurityMode None for SecurityPolicy http://opcfoundation.org/UA/SecurityPolicy#None and a revised lifetime of 600.0s
[2026-08-16 00:04:35.207 (UTC+0800)] [32minfo/channel[0m	TCP 22	| SC 7	| OpenSecureChannel: Channel opened with SecurityMode None for SecurityPolicy http://opcfoundation.org/UA/SecurityPolicy#None and a revised lifetime of 600.0s
[2026-08-16 00:04:35.207 (UTC+0800)] [33mwarn/client[0m	Removing a UserTokenPolicy that would allow the password to be transmitted without encryption (Can be enabled via config->allowNonePolicyPassword)
[2026-08-16 00:04:35.207 (UTC+0800)] [33mwarn/client[0m	Removing a UserTokenPolicy that would allow the password to be transmitted without encryption (Can be enabled via config->allowNonePolicyPassword)
[2026-08-16 00:04:35.207 (UTC+0800)] [32minfo/channel[0m	TCP 19	| SC 4	| OpenSecureChannel: Channel opened with SecurityMode None for SecurityPolicy http://opcfoundation.org/UA/SecurityPolicy#None and a revised lifetime of 600.0s
[2026-08-16 00:04:35.207 (UTC+0800)] [33mwarn/client[0m	Removing a UserTokenPolicy that would allow the password to be transmitted without encryption (Can be enabled via config->allowNonePolicyPassword)
[2026-08-16 00:04:35.207 (UTC+0800)] [33mwarn/client[0m	Removing a UserTokenPolicy that would allow the password to be transmitted without encryption (Can be enabled via config->allowNonePolicyPassword)
[2026-08-16 00:04:35.208 (UTC+0800)] [32minfo/session[0m	TCP 21	| SC 6	| Session "MotorSource2"	| Session created
[2026-08-16 00:04:35.208 (UTC+0800)] [33mwarn/client[0m	Removing a UserTokenPolicy that would allow the password to be transmitted without encryption (Can be enabled via config->allowNonePolicyPassword)
[2026-08-16 00:04:35.208 (UTC+0800)] [33mwarn/client[0m	Removing a UserTokenPolicy that would allow the password to be transmitted without encryption (Can be enabled via config->allowNonePolicyPassword)
[2026-08-16 00:04:35.208 (UTC+0800)] [32minfo/session[0m	TCP 21	| SC 6	| Session "MotorSource2"	| ActivateSession: Session activated with ClientUserId ""
[2026-08-16 00:04:35.208 (UTC+0800)] [33mwarn/client[0m	Removing a UserTokenPolicy that would allow the password to be transmitted without encryption (Can be enabled via config->allowNonePolicyPassword)
[2026-08-16 00:04:35.208 (UTC+0800)] [33mwarn/client[0m	Removing a UserTokenPolicy that would allow the password to be transmitted without encryption (Can be enabled via config->allowNonePolicyPassword)
[2026-08-16 00:04:35.208 (UTC+0800)] [33mwarn/client[0m	Removing a UserTokenPolicy that would allow the password to be transmitted without encryption (Can be enabled via config->allowNonePolicyPassword)
[2026-08-16 00:04:35.208 (UTC+0800)] [33mwarn/client[0m	Removing a UserTokenPolicy that would allow the password to be transmitted without encryption (Can be enabled via config->allowNonePolicyPassword)
[2026-08-16 00:04:35.209 (UTC+0800)] [32minfo/session[0m	TCP 20	| SC 5	| Session "ns=1;g=49541634-6b41-eca8-77b7-ab9ade7d47b4"	| Session created
[2026-08-16 00:04:35.209 (UTC+0800)] [33mwarn/client[0m	Removing a UserTokenPolicy that would allow the password to be transmitted without encryption (Can be enabled via config->allowNonePolicyPassword)
[2026-08-16 00:04:35.209 (UTC+0800)] [33mwarn/client[0m	Removing a UserTokenPolicy that would allow the password to be transmitted without encryption (Can be enabled via config->allowNonePolicyPassword)
[2026-08-16 00:04:35.209 (UTC+0800)] [33mwarn/client[0m	Removing a UserTokenPolicy that would allow the password to be transmitted without encryption (Can be enabled via config->allowNonePolicyPassword)
[2026-08-16 00:04:35.209 (UTC+0800)] [33mwarn/client[0m	Removing a UserTokenPolicy that would allow the password to be transmitted without encryption (Can be enabled via config->allowNonePolicyPassword)
[2026-08-16 00:04:35.209 (UTC+0800)] [32minfo/session[0m	TCP 22	| SC 7	| Session "MotorSource3"	| Session created
[2026-08-16 00:04:35.209 (UTC+0800)] [33mwarn/client[0m	Removing a UserTokenPolicy that would allow the password to be transmitted without encryption (Can be enabled via config->allowNonePolicyPassword)
[2026-08-16 00:04:35.209 (UTC+0800)] [33mwarn/client[0m	Removing a UserTokenPolicy that would allow the password to be transmitted without encryption (Can be enabled via config->allowNonePolicyPassword)
[2026-08-16 00:04:35.210 (UTC+0800)] [32minfo/session[0m	TCP 19	| SC 4	| Session "MotorSource"	| Session created
[2026-08-16 00:04:35.210 (UTC+0800)] [32minfo/session[0m	TCP 20	| SC 5	| Session "ns=1;g=49541634-6b41-eca8-77b7-ab9ade7d47b4"	| ActivateSession: Session activated with ClientUserId ""
[2026-08-16 00:04:35.210 (UTC+0800)] [32minfo/session[0m	TCP 22	| SC 7	| Session "MotorSource3"	| ActivateSession: Session activated with ClientUserId ""
[2026-08-16 00:04:35.210 (UTC+0800)] [32minfo/session[0m	TCP 19	| SC 4	| Session "MotorSource"	| ActivateSession: Session activated with ClientUserId ""
[2026-08-16 00:04:35.211 (UTC+0800)] [32minfo/session[0m	TCP 20	| SC 5	| Session "ns=1;g=49541634-6b41-eca8-77b7-ab9ade7d47b4"	| Subscription 1 | Subscription created (Publishing interval 500.0ms, max 1000 notifications per publish)
[2026-08-16 00:04:35.211 (UTC+0800)] [32minfo/session[0m	TCP 20	| SC 5	| Session "ns=1;g=49541634-6b41-eca8-77b7-ab9ade7d47b4"	| Subscription 1 | MonitoredItem 1 | Created the MonitoredItem (Sampling Interval: 0.0ms, Queue Size: 100)
[2026-08-16 00:04:35.217 (UTC+0800)] [33mwarn/client[0m	Request with unknown RequestId 7
[2026-08-16 00:04:36.602 (UTC+0800)] [32minfo/network[0m	TCP 23	| Connection opened from "127.0.0.1" via the server socket 8
[2026-08-16 00:04:36.602 (UTC+0800)] [32minfo/channel[0m	TCP 23	| SC 8	| SecureChannel created
[2026-08-16 00:04:36.602 (UTC+0800)] [32minfo/network[0m	TCP 24	| Connection opened from "127.0.0.1" via the server socket 8
[2026-08-16 00:04:36.602 (UTC+0800)] [32minfo/channel[0m	TCP 24	| SC 9	| SecureChannel created
[2026-08-16 00:04:36.602 (UTC+0800)] [32minfo/network[0m	TCP 25	| Connection opened from "127.0.0.1" via the server socket 8
[2026-08-16 00:04:36.602 (UTC+0800)] [32minfo/channel[0m	TCP 25	| SC 10	| SecureChannel created
[2026-08-16 00:04:36.602 (UTC+0800)] [32minfo/channel[0m	TCP 23	| SC 8	| OpenSecureChannel: Channel opened with SecurityMode None for SecurityPolicy http://opcfoundation.org/UA/SecurityPolicy#None and a revised lifetime of 600.0s
[2026-08-16 00:04:36.602 (UTC+0800)] [32minfo/channel[0m	TCP 24	| SC 9	| OpenSecureChannel: Channel opened with SecurityMode None for SecurityPolicy http://opcfoundation.org/UA/SecurityPolicy#None and a revised lifetime of 600.0s
[2026-08-16 00:04:36.602 (UTC+0800)] [33mwarn/client[0m	Removing a UserTokenPolicy that would allow the password to be transmitted without encryption (Can be enabled via config->allowNonePolicyPassword)
[2026-08-16 00:04:36.602 (UTC+0800)] [33mwarn/client[0m	Removing a UserTokenPolicy that would allow the password to be transmitted without encryption (Can be enabled via config->allowNonePolicyPassword)
[2026-08-16 00:04:36.602 (UTC+0800)] [32minfo/channel[0m	TCP 25	| SC 10	| OpenSecureChannel: Channel opened with SecurityMode None for SecurityPolicy http://opcfoundation.org/UA/SecurityPolicy#None and a revised lifetime of 600.0s
[2026-08-16 00:04:36.603 (UTC+0800)] [32minfo/network[0m	TCP 26	| Connection opened from "127.0.0.1" via the server socket 8
[2026-08-16 00:04:36.603 (UTC+0800)] [32minfo/channel[0m	TCP 26	| SC 11	| SecureChannel created
[2026-08-16 00:04:36.603 (UTC+0800)] [32minfo/network[0m	TCP 27	| Connection opened from "127.0.0.1" via the server socket 8
[2026-08-16 00:04:36.603 (UTC+0800)] [32minfo/channel[0m	TCP 27	| SC 12	| SecureChannel created
[2026-08-16 00:04:36.603 (UTC+0800)] [33mwarn/client[0m	Removing a UserTokenPolicy that would allow the password to be transmitted without encryption (Can be enabled via config->allowNonePolicyPassword)
[2026-08-16 00:04:36.603 (UTC+0800)] [33mwarn/client[0m	Removing a UserTokenPolicy that would allow the password to be transmitted without encryption (Can be enabled via config->allowNonePolicyPassword)
[2026-08-16 00:04:36.603 (UTC+0800)] [33mwarn/client[0m	Removing a UserTokenPolicy that would allow the password to be transmitted without encryption (Can be enabled via config->allowNonePolicyPassword)
[2026-08-16 00:04:36.603 (UTC+0800)] [33mwarn/client[0m	Removing a UserTokenPolicy that would allow the password to be transmitted without encryption (Can be enabled via config->allowNonePolicyPassword)
[2026-08-16 00:04:36.604 (UTC+0800)] [32minfo/session[0m	TCP 23	| SC 8	| Session "ns=1;g=461fc565-b4cb-aeb0-9629-8278e9de6da6"	| Session created
[2026-08-16 00:04:36.604 (UTC+0800)] [32minfo/network[0m	TCP 28	| Connection opened from "127.0.0.1" via the server socket 8
[2026-08-16 00:04:36.604 (UTC+0800)] [32minfo/channel[0m	TCP 28	| SC 13	| SecureChannel created
[2026-08-16 00:04:36.604 (UTC+0800)] [33mwarn/client[0m	Removing a UserTokenPolicy that would allow the password to be transmitted without encryption (Can be enabled via config->allowNonePolicyPassword)
[2026-08-16 00:04:36.604 (UTC+0800)] [33mwarn/client[0m	Removing a UserTokenPolicy that would allow the password to be transmitted without encryption (Can be enabled via config->allowNonePolicyPassword)
[2026-08-16 00:04:36.605 (UTC+0800)] [32minfo/session[0m	TCP 24	| SC 9	| Session "ns=1;g=6180a89a-bfdc-9aa4-90b9-ebce1ba1eaee"	| Session created
[2026-08-16 00:04:36.605 (UTC+0800)] [32minfo/network[0m	TCP 29	| Connection opened from "127.0.0.1" via the server socket 8
[2026-08-16 00:04:36.605 (UTC+0800)] [32minfo/channel[0m	TCP 29	| SC 14	| SecureChannel created
[2026-08-16 00:04:36.605 (UTC+0800)] [32minfo/channel[0m	TCP 26	| SC 11	| OpenSecureChannel: Channel opened with SecurityMode None for SecurityPolicy http://opcfoundation.org/UA/SecurityPolicy#None and a revised lifetime of 600.0s
[2026-08-16 00:04:36.605 (UTC+0800)] [32minfo/session[0m	TCP 23	| SC 8	| Session "ns=1;g=461fc565-b4cb-aeb0-9629-8278e9de6da6"	| ActivateSession: Session activated with ClientUserId ""
[2026-08-16 00:04:36.605 (UTC+0800)] [32minfo/network[0m	TCP 30	| Connection opened from "127.0.0.1" via the server socket 8
[2026-08-16 00:04:36.605 (UTC+0800)] [32minfo/channel[0m	TCP 30	| SC 15	| SecureChannel created
[2026-08-16 00:04:36.605 (UTC+0800)] [32minfo/channel[0m	TCP 28	| SC 13	| OpenSecureChannel: Channel opened with SecurityMode None for SecurityPolicy http://opcfoundation.org/UA/SecurityPolicy#None and a revised lifetime of 600.0s
[2026-08-16 00:04:36.605 (UTC+0800)] [33mwarn/client[0m	Removing a UserTokenPolicy that would allow the password to be transmitted without encryption (Can be enabled via config->allowNonePolicyPassword)
[2026-08-16 00:04:36.605 (UTC+0800)] [33mwarn/client[0m	Removing a UserTokenPolicy that would allow the password to be transmitted without encryption (Can be enabled via config->allowNonePolicyPassword)
[2026-08-16 00:04:36.605 (UTC+0800)] [32minfo/session[0m	TCP 24	| SC 9	| Session "ns=1;g=6180a89a-bfdc-9aa4-90b9-ebce1ba1eaee"	| ActivateSession: Session activated with ClientUserId ""
[2026-08-16 00:04:36.606 (UTC+0800)] [32minfo/channel[0m	TCP 27	| SC 12	| OpenSecureChannel: Channel opened with SecurityMode None for SecurityPolicy http://opcfoundation.org/UA/SecurityPolicy#None and a revised lifetime of 600.0s
[2026-08-16 00:04:36.606 (UTC+0800)] [32minfo/network[0m	TCP 31	| Connection opened from "127.0.0.1" via the server socket 8
[2026-08-16 00:04:36.606 (UTC+0800)] [32minfo/channel[0m	TCP 31	| SC 16	| SecureChannel created
[2026-08-16 00:04:36.606 (UTC+0800)] [33mwarn/client[0m	Removing a UserTokenPolicy that would allow the password to be transmitted without encryption (Can be enabled via config->allowNonePolicyPassword)
[2026-08-16 00:04:36.606 (UTC+0800)] [33mwarn/client[0m	Removing a UserTokenPolicy that would allow the password to be transmitted without encryption (Can be enabled via config->allowNonePolicyPassword)
[2026-08-16 00:04:36.606 (UTC+0800)] [33mwarn/client[0m	Removing a UserTokenPolicy that would allow the password to be transmitted without encryption (Can be enabled via config->allowNonePolicyPassword)
[2026-08-16 00:04:36.606 (UTC+0800)] [33mwarn/client[0m	Removing a UserTokenPolicy that would allow the password to be transmitted without encryption (Can be enabled via config->allowNonePolicyPassword)
[2026-08-16 00:04:36.606 (UTC+0800)] [32minfo/session[0m	TCP 25	| SC 10	| Session "ns=1;g=4eda5a96-8158-5f49-1101-30e3e13e23a2"	| Session created
[2026-08-16 00:04:36.606 (UTC+0800)] [32minfo/channel[0m	TCP 29	| SC 14	| OpenSecureChannel: Channel opened with SecurityMode None for SecurityPolicy http://opcfoundation.org/UA/SecurityPolicy#None and a revised lifetime of 600.0s
[2026-08-16 00:04:36.606 (UTC+0800)] [33mwarn/client[0m	Removing a UserTokenPolicy that would allow the password to be transmitted without encryption (Can be enabled via config->allowNonePolicyPassword)
[2026-08-16 00:04:36.606 (UTC+0800)] [33mwarn/client[0m	Removing a UserTokenPolicy that would allow the password to be transmitted without encryption (Can be enabled via config->allowNonePolicyPassword)
[2026-08-16 00:04:36.607 (UTC+0800)] [32minfo/session[0m	TCP 26	| SC 11	| Session "ns=1;g=df558808-b7be-708f-b68b-78071f514524"	| Session created
[2026-08-16 00:04:36.607 (UTC+0800)] [33mwarn/client[0m	Removing a UserTokenPolicy that would allow the password to be transmitted without encryption (Can be enabled via config->allowNonePolicyPassword)
[2026-08-16 00:04:36.607 (UTC+0800)] [33mwarn/client[0m	Removing a UserTokenPolicy that would allow the password to be transmitted without encryption (Can be enabled via config->allowNonePolicyPassword)
[2026-08-16 00:04:36.607 (UTC+0800)] [32minfo/session[0m	TCP 25	| SC 10	| Session "ns=1;g=4eda5a96-8158-5f49-1101-30e3e13e23a2"	| ActivateSession: Session activated with ClientUserId ""
[2026-08-16 00:04:36.607 (UTC+0800)] [32minfo/session[0m	TCP 26	| SC 11	| Session "ns=1;g=df558808-b7be-708f-b68b-78071f514524"	| ActivateSession: Session activated with ClientUserId ""
[2026-08-16 00:04:36.607 (UTC+0800)] [33mwarn/client[0m	Removing a UserTokenPolicy that would allow the password to be transmitted without encryption (Can be enabled via config->allowNonePolicyPassword)
[2026-08-16 00:04:36.607 (UTC+0800)] [33mwarn/client[0m	Removing a UserTokenPolicy that would allow the password to be transmitted without encryption (Can be enabled via config->allowNonePolicyPassword)
[2026-08-16 00:04:36.608 (UTC+0800)] [32minfo/session[0m	TCP 28	| SC 13	| Session "ns=1;g=cab0fbe6-c4c2-c4d0-1321-923935a31a11"	| Session created
[2026-08-16 00:04:36.608 (UTC+0800)] [32minfo/channel[0m	TCP 30	| SC 15	| OpenSecureChannel: Channel opened with SecurityMode None for SecurityPolicy http://opcfoundation.org/UA/SecurityPolicy#None and a revised lifetime of 600.0s
[2026-08-16 00:04:36.608 (UTC+0800)] [33mwarn/client[0m	Removing a UserTokenPolicy that would allow the password to be transmitted without encryption (Can be enabled via config->allowNonePolicyPassword)
[2026-08-16 00:04:36.608 (UTC+0800)] [33mwarn/client[0m	Removing a UserTokenPolicy that would allow the password to be transmitted without encryption (Can be enabled via config->allowNonePolicyPassword)
[2026-08-16 00:04:36.608 (UTC+0800)] [32minfo/channel[0m	TCP 31	| SC 16	| OpenSecureChannel: Channel opened with SecurityMode None for SecurityPolicy http://opcfoundation.org/UA/SecurityPolicy#None and a revised lifetime of 600.0s
[2026-08-16 00:04:36.608 (UTC+0800)] [32minfo/session[0m	TCP 28	| SC 13	| Session "ns=1;g=cab0fbe6-c4c2-c4d0-1321-923935a31a11"	| ActivateSession: Session activated with ClientUserId ""
[2026-08-16 00:04:36.608 (UTC+0800)] [33mwarn/client[0m	Removing a UserTokenPolicy that would allow the password to be transmitted without encryption (Can be enabled via config->allowNonePolicyPassword)
[2026-08-16 00:04:36.608 (UTC+0800)] [33mwarn/client[0m	Removing a UserTokenPolicy that would allow the password to be transmitted without encryption (Can be enabled via config->allowNonePolicyPassword)
[2026-08-16 00:04:36.608 (UTC+0800)] [33mwarn/client[0m	Removing a UserTokenPolicy that would allow the password to be transmitted without encryption (Can be enabled via config->allowNonePolicyPassword)
[2026-08-16 00:04:36.608 (UTC+0800)] [33mwarn/client[0m	Removing a UserTokenPolicy that would allow the password to be transmitted without encryption (Can be enabled via config->allowNonePolicyPassword)
[2026-08-16 00:04:36.609 (UTC+0800)] [32minfo/session[0m	TCP 27	| SC 12	| Session "ns=1;g=acbe2ccd-b950-5e38-d3cd-ac1a95f9af3a"	| Session created
[2026-08-16 00:04:36.609 (UTC+0800)] [33mwarn/client[0m	Removing a UserTokenPolicy that would allow the password to be transmitted without encryption (Can be enabled via config->allowNonePolicyPassword)
[2026-08-16 00:04:36.609 (UTC+0800)] [33mwarn/client[0m	Removing a UserTokenPolicy that would allow the password to be transmitted without encryption (Can be enabled via config->allowNonePolicyPassword)
[2026-08-16 00:04:36.609 (UTC+0800)] [32minfo/session[0m	TCP 29	| SC 14	| Session "ns=1;g=af8c01bf-4761-bdc4-87c8-8c687b177197"	| Session created
[2026-08-16 00:04:36.610 (UTC+0800)] [32minfo/session[0m	TCP 29	| SC 14	| Session "ns=1;g=af8c01bf-4761-bdc4-87c8-8c687b177197"	| ActivateSession: Session activated with ClientUserId ""
[2026-08-16 00:04:36.610 (UTC+0800)] [33mwarn/client[0m	Removing a UserTokenPolicy that would allow the password to be transmitted without encryption (Can be enabled via config->allowNonePolicyPassword)
[2026-08-16 00:04:36.610 (UTC+0800)] [33mwarn/client[0m	Removing a UserTokenPolicy that would allow the password to be transmitted without encryption (Can be enabled via config->allowNonePolicyPassword)
[2026-08-16 00:04:36.610 (UTC+0800)] [32minfo/session[0m	TCP 27	| SC 12	| Session "ns=1;g=acbe2ccd-b950-5e38-d3cd-ac1a95f9af3a"	| ActivateSession: Session activated with ClientUserId ""
[2026-08-16 00:04:36.610 (UTC+0800)] [33mwarn/client[0m	Removing a UserTokenPolicy that would allow the password to be transmitted without encryption (Can be enabled via config->allowNonePolicyPassword)
[2026-08-16 00:04:36.610 (UTC+0800)] [33mwarn/client[0m	Removing a UserTokenPolicy that would allow the password to be transmitted without encryption (Can be enabled via config->allowNonePolicyPassword)
[2026-08-16 00:04:36.610 (UTC+0800)] [33mwarn/client[0m	Removing a UserTokenPolicy that would allow the password to be transmitted without encryption (Can be enabled via config->allowNonePolicyPassword)
[2026-08-16 00:04:36.610 (UTC+0800)] [33mwarn/client[0m	Removing a UserTokenPolicy that would allow the password to be transmitted without encryption (Can be enabled via config->allowNonePolicyPassword)
[2026-08-16 00:04:36.610 (UTC+0800)] [32minfo/session[0m	TCP 30	| SC 15	| Session "ns=1;g=d4d2d6ba-b304-9880-9889-d82d1e01b0db"	| Session created
[2026-08-16 00:04:36.610 (UTC+0800)] [33mwarn/client[0m	Removing a UserTokenPolicy that would allow the password to be transmitted without encryption (Can be enabled via config->allowNonePolicyPassword)
[2026-08-16 00:04:36.610 (UTC+0800)] [33mwarn/client[0m	Removing a UserTokenPolicy that would allow the password to be transmitted without encryption (Can be enabled via config->allowNonePolicyPassword)
[2026-08-16 00:04:36.611 (UTC+0800)] [32minfo/session[0m	TCP 31	| SC 16	| Session "ns=1;g=83a7348b-f9d3-2374-c3bc-abca1621e29e"	| Session created
[2026-08-16 00:04:36.611 (UTC+0800)] [32minfo/session[0m	TCP 30	| SC 15	| Session "ns=1;g=d4d2d6ba-b304-9880-9889-d82d1e01b0db"	| ActivateSession: Session activated with ClientUserId ""
[2026-08-16 00:04:36.611 (UTC+0800)] [32minfo/session[0m	TCP 31	| SC 16	| Session "ns=1;g=83a7348b-f9d3-2374-c3bc-abca1621e29e"	| ActivateSession: Session activated with ClientUserId ""
[2026-08-16 00:09:36.205 (UTC+0800)] [32minfo/session[0m	TCP 26	| SC 11	| Session "ns=1;g=df558808-b7be-708f-b68b-78071f514524"	| Closing the Session
[2026-08-16 00:09:36.205 (UTC+0800)] [32minfo/session[0m	TCP 28	| SC 13	| Session "ns=1;g=cab0fbe6-c4c2-c4d0-1321-923935a31a11"	| Closing the Session
[2026-08-16 00:09:36.205 (UTC+0800)] [32minfo/session[0m	TCP 31	| SC 16	| Session "ns=1;g=83a7348b-f9d3-2374-c3bc-abca1621e29e"	| Closing the Session
[2026-08-16 00:09:36.205 (UTC+0800)] [32minfo/session[0m	TCP 25	| SC 10	| Session "ns=1;g=4eda5a96-8158-5f49-1101-30e3e13e23a2"	| Closing the Session
[2026-08-16 00:09:36.205 (UTC+0800)] [32minfo/session[0m	TCP 29	| SC 14	| Session "ns=1;g=af8c01bf-4761-bdc4-87c8-8c687b177197"	| Closing the Session
[2026-08-16 00:09:36.205 (UTC+0800)] [32minfo/session[0m	TCP 30	| SC 15	| Session "ns=1;g=d4d2d6ba-b304-9880-9889-d82d1e01b0db"	| Closing the Session
[2026-08-16 00:09:36.205 (UTC+0800)] [32minfo/session[0m	TCP 27	| SC 12	| Session "ns=1;g=acbe2ccd-b950-5e38-d3cd-ac1a95f9af3a"	| Closing the Session
[2026-08-16 00:09:36.207 (UTC+0800)] [32minfo/session[0m	TCP 24	| SC 9	| Session "ns=1;g=6180a89a-bfdc-9aa4-90b9-ebce1ba1eaee"	| Closing the Session
[2026-08-16 00:09:36.208 (UTC+0800)] [32minfo/session[0m	TCP 23	| SC 8	| Session "ns=1;g=461fc565-b4cb-aeb0-9629-8278e9de6da6"	| Closing the Session
[2026-08-16 00:09:36.208 (UTC+0800)] [32minfo/channel[0m	TCP 26	| SC 11	| SecureChannel closed
[2026-08-16 00:09:36.208 (UTC+0800)] [32minfo/network[0m	TCP 26	| Socket closed
[2026-08-16 00:09:36.208 (UTC+0800)] [32minfo/channel[0m	TCP 28	| SC 13	| SecureChannel closed
[2026-08-16 00:09:36.208 (UTC+0800)] [32minfo/network[0m	TCP 28	| Socket closed
[2026-08-16 00:09:36.208 (UTC+0800)] [32minfo/channel[0m	TCP 31	| SC 16	| SecureChannel closed
[2026-08-16 00:09:36.208 (UTC+0800)] [32minfo/network[0m	TCP 31	| Socket closed
[2026-08-16 00:09:36.208 (UTC+0800)] [32minfo/channel[0m	TCP 25	| SC 10	| SecureChannel closed
[2026-08-16 00:09:36.208 (UTC+0800)] [32minfo/network[0m	TCP 25	| Socket closed
[2026-08-16 00:09:36.208 (UTC+0800)] [32minfo/channel[0m	TCP 29	| SC 14	| SecureChannel closed
[2026-08-16 00:09:36.208 (UTC+0800)] [32minfo/network[0m	TCP 29	| Socket closed
[2026-08-16 00:09:36.208 (UTC+0800)] [32minfo/channel[0m	TCP 30	| SC 15	| SecureChannel closed
[2026-08-16 00:09:36.208 (UTC+0800)] [32minfo/network[0m	TCP 30	| Socket closed
[2026-08-16 00:09:36.208 (UTC+0800)] [32minfo/channel[0m	TCP 27	| SC 12	| SecureChannel closed
[2026-08-16 00:09:36.208 (UTC+0800)] [32minfo/network[0m	TCP 27	| Socket closed
[2026-08-16 00:09:36.208 (UTC+0800)] [32minfo/channel[0m	TCP 24	| SC 9	| SecureChannel closed
[2026-08-16 00:09:36.208 (UTC+0800)] [32minfo/network[0m	TCP 24	| Socket closed
[2026-08-16 00:09:36.208 (UTC+0800)] [32minfo/channel[0m	TCP 23	| SC 8	| SecureChannel closed
[2026-08-16 00:09:36.208 (UTC+0800)] [32minfo/network[0m	TCP 23	| Socket closed
