[2026-08-17 04:34:17.445 (UTC+0800)] [33mwarn/server[0m	AccessControl: Unconfigured AccessControl. Users have all permissions.
[2026-08-17 04:34:17.445 (UTC+0800)] [32minfo/server[0m	AccessControl: Anonymous login is enabled
[2026-08-17 04:34:17.445 (UTC+0800)] [33mwarn/server[0m	x509 Certificate Authentication configured, but no encrypting SecurityPolicy. This can leak credentials on the network.
[2026-08-17 04:34:17.479 (UTC+0800)] [33mwarn/application[0m	ServerUrls already set. Overriding.
[2026-08-17 04:34:17.479 (UTC+0800)] [33mwarn/server[0m	AccessControl: Unconfigured AccessControl. Users have all permissions.
[2026-08-17 04:34:17.479 (UTC+0800)] [32minfo/server[0m	AccessControl: Anonymous login is enabled
[2026-08-17 04:34:17.479 (UTC+0800)] [33mwarn/server[0m	x509 Certificate Authentication configured, but no encrypting SecurityPolicy. This can leak credentials on the network.
[2026-08-17 04:34:17.479 (UTC+0800)] [33mwarn/server[0m	x509 Certificate Authentication configured, but no encrypting SecurityPolicy. This can leak credentials on the network.
[2026-08-16 20:34:17.479 (UTC)] info/application	Sensor Server online (Client/Server mode, id=1 port=4842) | Severity=75 | SourceName=Sensor | EventType=application
Entering background polling mode: attempting to connect to Aggregation Server...
Connected successfully. Log forwarding started.
[2026-08-16 20:34:18.482 (UTC)] info/application	[Sensor] Updated distance: 27.2469502746812 cm | Severity=75 | SourceName=Sensor | EventType=application
[2026-08-16 20:34:19.453 (UTC)] info/network	[System] TCP 16	| Connection opened from "127.0.0.1" via the server socket 8 | Severity=75 | SourceName=System | EventType=network
[2026-08-16 20:34:19.453 (UTC)] info/channel	[System] TCP 16	| SC 1	| SecureChannel created | Severity=75 | SourceName=System | EventType=channel
[2026-08-16 20:34:19.473 (UTC)] info/channel	[System] TCP 16	| SC 1	| OpenSecureChannel: Channel opened with SecurityMode None for SecurityPolicy http://opcfoundation.org/UA/SecurityPolicy#None and a revised lifetime of 600.0s | Severity=75 | SourceName=System | EventType=channel
[2026-08-16 20:34:19.483 (UTC)] info/application	[Sensor] Updated distance: 26.9295528023176 cm | Severity=75 | SourceName=Sensor | EventType=application
[2026-08-16 20:34:19.494 (UTC)] warn/client	[System] Removing a UserTokenPolicy that would allow the password to be transmitted without encryption (Can be enabled via config->allowNonePolicyPassword) | Severity=175 | SourceName=System | EventType=client
[2026-08-16 20:34:19.494 (UTC)] warn/client	[System] Removing a UserTokenPolicy that would allow the password to be transmitted without encryption (Can be enabled via config->allowNonePolicyPassword) | Severity=175 | SourceName=System | EventType=client
[2026-08-16 20:34:19.504 (UTC)] warn/client	[System] Removing a UserTokenPolicy that would allow the password to be transmitted without encryption (Can be enabled via config->allowNonePolicyPassword) | Severity=175 | SourceName=System | EventType=client
[2026-08-16 20:34:19.504 (UTC)] warn/client	[System] Removing a UserTokenPolicy that would allow the password to be transmitted without encryption (Can be enabled via config->allowNonePolicyPassword) | Severity=175 | SourceName=System | EventType=client
[2026-08-16 20:34:19.505 (UTC)] info/session	[System] TCP 16	| SC 1	| Session "ns=1;g=806cba7d-3a77-da7c-0c20-d27da22aa20a"	| Session created | Severity=75 | SourceName=System | EventType=session
[2026-08-16 20:34:19.515 (UTC)] info/session	[System] TCP 16	| SC 1	| Session "ns=1;g=806cba7d-3a77-da7c-0c20-d27da22aa20a"	| ActivateSession: Session activated with ClientUserId "" | Severity=75 | SourceName=System | EventType=session
[2026-08-16 20:34:19.900 (UTC)] info/session	[System] TCP 16	| SC 1	| Session "ns=1;g=806cba7d-3a77-da7c-0c20-d27da22aa20a"	| Subscription 1 | Subscription created (Publishing interval 500.0ms, max 1000 notifications per publish) | Severity=75 | SourceName=System | EventType=session
[2026-08-16 20:34:19.911 (UTC)] info/session	[System] TCP 16	| SC 1	| Session "ns=1;g=806cba7d-3a77-da7c-0c20-d27da22aa20a"	| Subscription 1 | MonitoredItem 1 | Created the MonitoredItem (Sampling Interval: 250.0ms, Queue Size: 1) | Severity=75 | SourceName=System | EventType=session
[2026-08-16 20:34:20.456 (UTC)] info/network	[System] TCP 17	| Connection opened from "127.0.0.1" via the server socket 8 | Severity=75 | SourceName=System | EventType=network
[2026-08-16 20:34:20.456 (UTC)] info/channel	[System] TCP 17	| SC 2	| SecureChannel created | Severity=75 | SourceName=System | EventType=channel
[2026-08-16 20:34:20.477 (UTC)] info/channel	[System] TCP 17	| SC 2	| OpenSecureChannel: Channel opened with SecurityMode None for SecurityPolicy http://opcfoundation.org/UA/SecurityPolicy#None and a revised lifetime of 600.0s | Severity=75 | SourceName=System | EventType=channel
[2026-08-16 20:34:20.487 (UTC)] info/application	[Sensor] Updated distance: 26.0518688212856 cm | Severity=75 | SourceName=Sensor | EventType=application
[2026-08-16 20:34:20.498 (UTC)] warn/client	[System] Removing a UserTokenPolicy that would allow the password to be transmitted without encryption (Can be enabled via config->allowNonePolicyPassword) | Severity=175 | SourceName=System | EventType=client
[2026-08-16 20:34:20.498 (UTC)] warn/client	[System] Removing a UserTokenPolicy that would allow the password to be transmitted without encryption (Can be enabled via config->allowNonePolicyPassword) | Severity=175 | SourceName=System | EventType=client
[2026-08-16 20:34:20.508 (UTC)] warn/client	[System] Removing a UserTokenPolicy that would allow the password to be transmitted without encryption (Can be enabled via config->allowNonePolicyPassword) | Severity=175 | SourceName=System | EventType=client
[2026-08-16 20:34:20.508 (UTC)] warn/client	[System] Removing a UserTokenPolicy that would allow the password to be transmitted without encryption (Can be enabled via config->allowNonePolicyPassword) | Severity=175 | SourceName=System | EventType=client
[2026-08-16 20:34:20.509 (UTC)] info/session	[System] TCP 17	| SC 2	| Session "ns=1;g=9bc9facc-207c-186e-0d70-b78bd8fd6f36"	| Session created | Severity=75 | SourceName=System | EventType=session
[2026-08-16 20:34:20.520 (UTC)] info/session	[System] TCP 17	| SC 2	| Session "ns=1;g=9bc9facc-207c-186e-0d70-b78bd8fd6f36"	| ActivateSession: Session activated with ClientUserId "" | Severity=75 | SourceName=System | EventType=session
[2026-08-16 20:34:22.541 (UTC)] info/application	[Sensor] Updated distance: 24.5632760704324 cm | Severity=75 | SourceName=Sensor | EventType=application
[2026-08-16 20:34:22.541 (UTC)] info/session	[System] TCP 17	| SC 2	| Session "ns=1;g=9bc9facc-207c-186e-0d70-b78bd8fd6f36"	| Subscription 2 | Subscription created (Publishing interval 500.0ms, max 1000 notifications per publish) | Severity=75 | SourceName=System | EventType=session
[2026-08-16 20:34:22.541 (UTC)] info/network	[System] TCP 18	| Connection opened from "127.0.0.1" via the server socket 8 | Severity=75 | SourceName=System | EventType=network
[2026-08-16 20:34:22.541 (UTC)] info/channel	[System] TCP 18	| SC 3	| SecureChannel created | Severity=75 | SourceName=System | EventType=channel
[2026-08-16 20:34:22.561 (UTC)] info/channel	[System] TCP 18	| SC 3	| OpenSecureChannel: Channel opened with SecurityMode None for SecurityPolicy http://opcfoundation.org/UA/SecurityPolicy#None and a revised lifetime of 600.0s | Severity=75 | SourceName=System | EventType=channel
[2026-08-16 20:34:22.582 (UTC)] warn/client	[System] Removing a UserTokenPolicy that would allow the password to be transmitted without encryption (Can be enabled via config->allowNonePolicyPassword) | Severity=175 | SourceName=System | EventType=client
[2026-08-16 20:34:22.582 (UTC)] warn/client	[System] Removing a UserTokenPolicy that would allow the password to be transmitted without encryption (Can be enabled via config->allowNonePolicyPassword) | Severity=175 | SourceName=System | EventType=client
[2026-08-16 20:34:22.592 (UTC)] warn/client	[System] Removing a UserTokenPolicy that would allow the password to be transmitted without encryption (Can be enabled via config->allowNonePolicyPassword) | Severity=175 | SourceName=System | EventType=client
[2026-08-16 20:34:22.592 (UTC)] warn/client	[System] Removing a UserTokenPolicy that would allow the password to be transmitted without encryption (Can be enabled via config->allowNonePolicyPassword) | Severity=175 | SourceName=System | EventType=client
[2026-08-16 20:34:22.594 (UTC)] info/session	[System] TCP 18	| SC 3	| Session "ns=1;g=1358b1dc-9bfa-027e-5185-e87eec5e7507"	| Session created | Severity=75 | SourceName=System | EventType=session
[2026-08-16 20:34:22.604 (UTC)] info/session	[System] TCP 18	| SC 3	| Session "ns=1;g=1358b1dc-9bfa-027e-5185-e87eec5e7507"	| ActivateSession: Session activated with ClientUserId "" | Severity=75 | SourceName=System | EventType=session
[2026-08-16 20:34:23.544 (UTC)] info/application	[Sensor] Updated distance: 23.6611551773553 cm | Severity=75 | SourceName=Sensor | EventType=application
[2026-08-16 20:34:24.545 (UTC)] info/application	[Sensor] Updated distance: 24.9854672304287 cm | Severity=75 | SourceName=Sensor | EventType=application
[2026-08-16 20:34:25.545 (UTC)] info/application	[Sensor] Updated distance: 23.786267363134 cm | Severity=75 | SourceName=Sensor | EventType=application
[2026-08-16 20:34:26.545 (UTC)] info/application	[Sensor] Updated distance: 23.0549899018626 cm | Severity=75 | SourceName=Sensor | EventType=application
[2026-08-16 20:34:27.545 (UTC)] info/application	[Sensor] Updated distance: 23.7326829779114 cm | Severity=75 | SourceName=Sensor | EventType=application
[2026-08-16 20:34:28.544 (UTC)] info/application	[Sensor] Updated distance: 22.8584080621872 cm | Severity=75 | SourceName=Sensor | EventType=application
[2026-08-16 20:34:29.545 (UTC)] info/application	[Sensor] Updated distance: 21.5037608761358 cm | Severity=75 | SourceName=Sensor | EventType=application
[2026-08-16 20:34:30.545 (UTC)] info/application	[Sensor] Updated distance: 21.0831915717959 cm | Severity=75 | SourceName=Sensor | EventType=application
[2026-08-16 20:34:31.545 (UTC)] info/application	[Sensor] Updated distance: 20.3421323205541 cm | Severity=75 | SourceName=Sensor | EventType=application
[2026-08-16 20:34:32.545 (UTC)] info/application	[Sensor] Updated distance: 19.5850912805577 cm | Severity=75 | SourceName=Sensor | EventType=application
[2026-08-16 20:34:33.545 (UTC)] info/application	[Sensor] Updated distance: 20.3591171199731 cm | Severity=75 | SourceName=Sensor | EventType=application
[2026-08-16 20:34:34.544 (UTC)] info/application	[Sensor] Updated distance: 18.9111621016223 cm | Severity=75 | SourceName=Sensor | EventType=application
[2026-08-16 20:34:35.544 (UTC)] info/application	[Sensor] Updated distance: 20.0945505814601 cm | Severity=75 | SourceName=Sensor | EventType=application
[2026-08-16 20:34:36.545 (UTC)] info/application	[Sensor] Updated distance: 19.6016207470566 cm | Severity=75 | SourceName=Sensor | EventType=application
[2026-08-16 20:34:37.544 (UTC)] info/application	[Sensor] Updated distance: 20.8800202549342 cm | Severity=75 | SourceName=Sensor | EventType=application
[2026-08-16 20:34:38.544 (UTC)] info/application	[Sensor] Updated distance: 20.3407269037984 cm | Severity=75 | SourceName=Sensor | EventType=application
[2026-08-16 20:34:39.544 (UTC)] info/application	[Sensor] Updated distance: 20.6706067943809 cm | Severity=75 | SourceName=Sensor | EventType=application
[2026-08-16 20:34:40.544 (UTC)] info/application	[Sensor] Updated distance: 21.9535760222718 cm | Severity=75 | SourceName=Sensor | EventType=application
[2026-08-16 20:34:41.545 (UTC)] info/application	[Sensor] Updated distance: 21.9564182047995 cm | Severity=75 | SourceName=Sensor | EventType=application
[2026-08-16 20:34:42.544 (UTC)] info/application	[Sensor] Updated distance: 22.3990047305818 cm | Severity=75 | SourceName=Sensor | EventType=application
[2026-08-16 20:34:43.544 (UTC)] info/application	[Sensor] Updated distance: 23.7805841911028 cm | Severity=75 | SourceName=Sensor | EventType=application
[2026-08-16 20:34:44.544 (UTC)] info/application	[Sensor] Updated distance: 24.6184791338716 cm | Severity=75 | SourceName=Sensor | EventType=application
[2026-08-16 20:34:45.544 (UTC)] info/application	[Sensor] Updated distance: 25.2340985661066 cm | Severity=75 | SourceName=Sensor | EventType=application
[2026-08-16 20:34:46.544 (UTC)] info/application	[Sensor] Updated distance: 24.9434714172704 cm | Severity=75 | SourceName=Sensor | EventType=application
[2026-08-16 20:34:47.544 (UTC)] info/application	[Sensor] Updated distance: 23.6485934593475 cm | Severity=75 | SourceName=Sensor | EventType=application
[2026-08-16 20:34:48.545 (UTC)] info/application	[Sensor] Updated distance: 22.2133535310688 cm | Severity=75 | SourceName=Sensor | EventType=application
[2026-08-16 20:34:49.544 (UTC)] info/application	[Sensor] Updated distance: 21.6677471623606 cm | Severity=75 | SourceName=Sensor | EventType=application
[2026-08-16 20:34:50.545 (UTC)] info/application	[Sensor] Updated distance: 23.1198194791189 cm | Severity=75 | SourceName=Sensor | EventType=application
[2026-08-16 20:34:51.545 (UTC)] info/application	[Sensor] Updated distance: 22.8671820784766 cm | Severity=75 | SourceName=Sensor | EventType=application
[2026-08-16 20:34:52.545 (UTC)] info/application	[Sensor] Updated distance: 22.9438917287364 cm | Severity=75 | SourceName=Sensor | EventType=application
[2026-08-16 20:34:53.545 (UTC)] info/application	[Sensor] Updated distance: 24.4073712960386 cm | Severity=75 | SourceName=Sensor | EventType=application
[2026-08-16 20:34:54.545 (UTC)] info/application	[Sensor] Updated distance: 24.7526130023192 cm | Severity=75 | SourceName=Sensor | EventType=application
[2026-08-16 20:34:55.545 (UTC)] info/application	[Sensor] Updated distance: 24.6536347042553 cm | Severity=75 | SourceName=Sensor | EventType=application
[2026-08-16 20:34:56.545 (UTC)] info/application	[Sensor] Updated distance: 23.4179144028658 cm | Severity=75 | SourceName=Sensor | EventType=application
[2026-08-16 20:34:57.545 (UTC)] info/application	[Sensor] Updated distance: 24.531878647875 cm | Severity=75 | SourceName=Sensor | EventType=application
[2026-08-16 20:34:58.545 (UTC)] info/application	[Sensor] Updated distance: 23.610593424463 cm | Severity=75 | SourceName=Sensor | EventType=application
[2026-08-16 20:34:59.546 (UTC)] info/application	[Sensor] Updated distance: 23.0005982087462 cm | Severity=75 | SourceName=Sensor | EventType=application
[2026-08-16 20:35:00.546 (UTC)] info/application	[Sensor] Updated distance: 24.259915269101 cm | Severity=75 | SourceName=Sensor | EventType=application
[2026-08-16 20:35:01.547 (UTC)] info/application	[Sensor] Updated distance: 24.4180607413491 cm | Severity=75 | SourceName=Sensor | EventType=application
[2026-08-16 20:35:02.547 (UTC)] info/application	[Sensor] Updated distance: 24.5670062743905 cm | Severity=75 | SourceName=Sensor | EventType=application
[2026-08-16 20:35:03.547 (UTC)] info/application	[Sensor] Updated distance: 23.569282293352 cm | Severity=75 | SourceName=Sensor | EventType=application
[2026-08-16 20:35:04.548 (UTC)] info/application	[Sensor] Updated distance: 23.0014536036185 cm | Severity=75 | SourceName=Sensor | EventType=application
[2026-08-16 20:35:05.548 (UTC)] info/application	[Sensor] Updated distance: 23.202444118309 cm | Severity=75 | SourceName=Sensor | EventType=application
[2026-08-16 20:35:06.548 (UTC)] info/application	[Sensor] Updated distance: 21.8881086171084 cm | Severity=75 | SourceName=Sensor | EventType=application
[2026-08-16 20:35:07.548 (UTC)] info/application	[Sensor] Updated distance: 22.3273500929714 cm | Severity=75 | SourceName=Sensor | EventType=application
[2026-08-16 20:35:08.549 (UTC)] info/application	[Sensor] Updated distance: 22.3067401141425 cm | Severity=75 | SourceName=Sensor | EventType=application
[2026-08-16 20:35:09.549 (UTC)] info/application	[Sensor] Updated distance: 21.953111261806 cm | Severity=75 | SourceName=Sensor | EventType=application
[2026-08-16 20:35:10.549 (UTC)] info/application	[Sensor] Updated distance: 21.2222326268545 cm | Severity=75 | SourceName=Sensor | EventType=application
[2026-08-16 20:35:11.549 (UTC)] info/application	[Sensor] Updated distance: 20.9845918745196 cm | Severity=75 | SourceName=Sensor | EventType=application
[2026-08-16 20:35:12.549 (UTC)] info/application	[Sensor] Updated distance: 22.1338052061078 cm | Severity=75 | SourceName=Sensor | EventType=application
[2026-08-16 20:35:13.549 (UTC)] info/application	[Sensor] Updated distance: 23.3455130983356 cm | Severity=75 | SourceName=Sensor | EventType=application
[2026-08-16 20:35:14.549 (UTC)] info/application	[Sensor] Updated distance: 22.9894518051247 cm | Severity=75 | SourceName=Sensor | EventType=application
[2026-08-16 20:35:15.550 (UTC)] info/application	[Sensor] Updated distance: 23.4765600780847 cm | Severity=75 | SourceName=Sensor | EventType=application
[2026-08-16 20:35:16.550 (UTC)] info/application	[Sensor] Updated distance: 23.8038874011505 cm | Severity=75 | SourceName=Sensor | EventType=application
[2026-08-16 20:35:17.550 (UTC)] info/application	[Sensor] Updated distance: 24.6571989605004 cm | Severity=75 | SourceName=Sensor | EventType=application
[2026-08-16 20:35:18.550 (UTC)] info/application	[Sensor] Updated distance: 25.3494292769346 cm | Severity=75 | SourceName=Sensor | EventType=application
[2026-08-16 20:35:19.550 (UTC)] info/application	[Sensor] Updated distance: 25.7415166717216 cm | Severity=75 | SourceName=Sensor | EventType=application
[2026-08-16 20:35:20.549 (UTC)] info/application	[Sensor] Updated distance: 24.5492218609663 cm | Severity=75 | SourceName=Sensor | EventType=application
[2026-08-16 20:35:21.549 (UTC)] info/application	[Sensor] Updated distance: 25.1935244927618 cm | Severity=75 | SourceName=Sensor | EventType=application
[2026-08-16 20:35:22.549 (UTC)] info/application	[Sensor] Updated distance: 23.8329744869065 cm | Severity=75 | SourceName=Sensor | EventType=application
[2026-08-16 20:35:23.549 (UTC)] info/application	[Sensor] Updated distance: 24.217389326411 cm | Severity=75 | SourceName=Sensor | EventType=application
[2026-08-16 20:35:24.550 (UTC)] info/application	[Sensor] Updated distance: 24.8251715241117 cm | Severity=75 | SourceName=Sensor | EventType=application
[2026-08-16 20:35:25.550 (UTC)] info/application	[Sensor] Updated distance: 25.309863224537 cm | Severity=75 | SourceName=Sensor | EventType=application
[2026-08-16 20:35:26.550 (UTC)] info/application	[Sensor] Updated distance: 24.0952997659777 cm | Severity=75 | SourceName=Sensor | EventType=application
[2026-08-16 20:35:27.550 (UTC)] info/application	[Sensor] Updated distance: 24.9673616636858 cm | Severity=75 | SourceName=Sensor | EventType=application
[2026-08-16 20:35:28.550 (UTC)] info/application	[Sensor] Updated distance: 25.0660176091203 cm | Severity=75 | SourceName=Sensor | EventType=application
[2026-08-16 20:35:29.550 (UTC)] info/application	[Sensor] Updated distance: 24.430168927149 cm | Severity=75 | SourceName=Sensor | EventType=application
[2026-08-16 20:35:30.541 (UTC)] info/application	[Sensor] Updated distance: 23.1922356077434 cm | Severity=75 | SourceName=Sensor | EventType=application
[2026-08-16 20:35:31.541 (UTC)] info/application	[Sensor] Updated distance: 23.0502086121357 cm | Severity=75 | SourceName=Sensor | EventType=application
[2026-08-16 20:35:32.541 (UTC)] info/application	[Sensor] Updated distance: 24.0725054038095 cm | Severity=75 | SourceName=Sensor | EventType=application
[2026-08-16 20:35:33.541 (UTC)] info/application	[Sensor] Updated distance: 24.4835176174452 cm | Severity=75 | SourceName=Sensor | EventType=application
[2026-08-16 20:35:34.541 (UTC)] info/application	[Sensor] Updated distance: 24.843766640799 cm | Severity=75 | SourceName=Sensor | EventType=application
[2026-08-16 20:35:35.542 (UTC)] info/application	[Sensor] Updated distance: 23.7982347413424 cm | Severity=75 | SourceName=Sensor | EventType=application
[2026-08-16 20:35:36.542 (UTC)] info/application	[Sensor] Updated distance: 22.9102374682716 cm | Severity=75 | SourceName=Sensor | EventType=application
[2026-08-16 20:35:37.542 (UTC)] info/application	[Sensor] Updated distance: 23.4561509904247 cm | Severity=75 | SourceName=Sensor | EventType=application
[2026-08-16 20:35:38.542 (UTC)] info/application	[Sensor] Updated distance: 24.3498605682281 cm | Severity=75 | SourceName=Sensor | EventType=application
[2026-08-16 20:35:39.543 (UTC)] info/application	[Sensor] Updated distance: 24.9412533177255 cm | Severity=75 | SourceName=Sensor | EventType=application
[2026-08-16 20:35:40.543 (UTC)] info/application	[Sensor] Updated distance: 23.6335379875421 cm | Severity=75 | SourceName=Sensor | EventType=application
[2026-08-16 20:35:41.544 (UTC)] info/application	[Sensor] Updated distance: 22.296368928997 cm | Severity=75 | SourceName=Sensor | EventType=application
[2026-08-16 20:35:42.544 (UTC)] info/application	[Sensor] Updated distance: 21.1501209247625 cm | Severity=75 | SourceName=Sensor | EventType=application
[2026-08-16 20:35:43.544 (UTC)] info/application	[Sensor] Updated distance: 22.4916189261673 cm | Severity=75 | SourceName=Sensor | EventType=application
[2026-08-16 20:35:44.544 (UTC)] info/application	[Sensor] Updated distance: 23.86615775985 cm | Severity=75 | SourceName=Sensor | EventType=application
[2026-08-16 20:35:45.544 (UTC)] info/application	[Sensor] Updated distance: 23.8638484638016 cm | Severity=75 | SourceName=Sensor | EventType=application
[2026-08-16 20:35:46.544 (UTC)] info/application	[Sensor] Updated distance: 24.1924547367694 cm | Severity=75 | SourceName=Sensor | EventType=application
[2026-08-16 20:35:47.544 (UTC)] info/application	[Sensor] Updated distance: 24.3943208935178 cm | Severity=75 | SourceName=Sensor | EventType=application
[2026-08-16 20:35:48.544 (UTC)] info/application	[Sensor] Updated distance: 23.7453231554224 cm | Severity=75 | SourceName=Sensor | EventType=application
[2026-08-16 20:35:49.544 (UTC)] info/application	[Sensor] Updated distance: 23.2661597434274 cm | Severity=75 | SourceName=Sensor | EventType=application
[2026-08-16 20:35:50.545 (UTC)] info/application	[Sensor] Updated distance: 22.3601132935659 cm | Severity=75 | SourceName=Sensor | EventType=application
[2026-08-16 20:35:51.545 (UTC)] info/application	[Sensor] Updated distance: 22.0188207447151 cm | Severity=75 | SourceName=Sensor | EventType=application
[2026-08-16 20:35:52.545 (UTC)] info/application	[Sensor] Updated distance: 20.6839599645156 cm | Severity=75 | SourceName=Sensor | EventType=application
[2026-08-16 20:35:53.545 (UTC)] info/application	[Sensor] Updated distance: 19.9173635087988 cm | Severity=75 | SourceName=Sensor | EventType=application
[2026-08-16 20:35:54.545 (UTC)] info/application	[Sensor] Updated distance: 18.4604857980555 cm | Severity=75 | SourceName=Sensor | EventType=application
[2026-08-16 20:35:55.545 (UTC)] info/application	[Sensor] Updated distance: 19.2334072155568 cm | Severity=75 | SourceName=Sensor | EventType=application
[2026-08-16 20:35:56.545 (UTC)] info/application	[Sensor] Updated distance: 20.4515024616623 cm | Severity=75 | SourceName=Sensor | EventType=application
[2026-08-16 20:35:57.545 (UTC)] info/application	[Sensor] Updated distance: 19.2800612923596 cm | Severity=75 | SourceName=Sensor | EventType=application
[2026-08-16 20:35:58.545 (UTC)] info/application	[Sensor] Updated distance: 19.425044606172 cm | Severity=75 | SourceName=Sensor | EventType=application
[2026-08-16 20:35:59.546 (UTC)] info/application	[Sensor] Updated distance: 19.2417957963151 cm | Severity=75 | SourceName=Sensor | EventType=application
[2026-08-16 20:36:00.546 (UTC)] info/application	[Sensor] Updated distance: 18.9345059464381 cm | Severity=75 | SourceName=Sensor | EventType=application
[2026-08-16 20:36:01.547 (UTC)] info/application	[Sensor] Updated distance: 19.3415559408448 cm | Severity=75 | SourceName=Sensor | EventType=application
[2026-08-16 20:36:02.548 (UTC)] info/application	[Sensor] Updated distance: 20.5162801353802 cm | Severity=75 | SourceName=Sensor | EventType=application
[2026-08-16 20:36:03.548 (UTC)] info/application	[Sensor] Updated distance: 19.73128707578 cm | Severity=75 | SourceName=Sensor | EventType=application
[2026-08-16 20:36:04.548 (UTC)] info/application	[Sensor] Updated distance: 19.0493492824255 cm | Severity=75 | SourceName=Sensor | EventType=application
[2026-08-16 20:36:05.548 (UTC)] info/application	[Sensor] Updated distance: 19.0843224989177 cm | Severity=75 | SourceName=Sensor | EventType=application
[2026-08-16 20:36:06.548 (UTC)] info/application	[Sensor] Updated distance: 18.7537975398608 cm | Severity=75 | SourceName=Sensor | EventType=application
[2026-08-16 20:36:07.548 (UTC)] info/application	[Sensor] Updated distance: 18.6838624748326 cm | Severity=75 | SourceName=Sensor | EventType=application
[2026-08-16 20:36:08.548 (UTC)] info/application	[Sensor] Updated distance: 17.7647492134779 cm | Severity=75 | SourceName=Sensor | EventType=application
[2026-08-16 20:36:09.548 (UTC)] info/application	[Sensor] Updated distance: 16.8279338308274 cm | Severity=75 | SourceName=Sensor | EventType=application
[2026-08-16 20:36:10.548 (UTC)] info/application	[Sensor] Updated distance: 15.8493915138996 cm | Severity=75 | SourceName=Sensor | EventType=application
[2026-08-16 20:36:11.547 (UTC)] info/application	[Sensor] Updated distance: 15.1225629223616 cm | Severity=75 | SourceName=Sensor | EventType=application
[2026-08-16 20:36:12.548 (UTC)] info/application	[Sensor] Updated distance: 14.3485784825629 cm | Severity=75 | SourceName=Sensor | EventType=application
[2026-08-16 20:36:13.547 (UTC)] info/application	[Sensor] Updated distance: 13.7237881614006 cm | Severity=75 | SourceName=Sensor | EventType=application
[2026-08-16 20:36:14.547 (UTC)] info/application	[Sensor] Updated distance: 12.8384575698704 cm | Severity=75 | SourceName=Sensor | EventType=application
[2026-08-16 20:36:15.547 (UTC)] info/application	[Sensor] Updated distance: 11.9390119623574 cm | Severity=75 | SourceName=Sensor | EventType=application
[2026-08-16 20:36:16.548 (UTC)] info/application	[Sensor] Updated distance: 12.8119123451467 cm | Severity=75 | SourceName=Sensor | EventType=application
[2026-08-16 20:36:17.547 (UTC)] info/application	[Sensor] Updated distance: 13.7551880265843 cm | Severity=75 | SourceName=Sensor | EventType=application
[2026-08-16 20:36:18.547 (UTC)] info/application	[Sensor] Updated distance: 14.5576085758198 cm | Severity=75 | SourceName=Sensor | EventType=application
[2026-08-16 20:36:19.547 (UTC)] info/application	[Sensor] Updated distance: 13.2815112191166 cm | Severity=75 | SourceName=Sensor | EventType=application
[2026-08-16 20:36:20.547 (UTC)] info/application	[Sensor] Updated distance: 12.2456234885592 cm | Severity=75 | SourceName=Sensor | EventType=application
[2026-08-16 20:36:21.547 (UTC)] info/application	[Sensor] Updated distance: 13.6419975893302 cm | Severity=75 | SourceName=Sensor | EventType=application
[2026-08-16 20:36:22.547 (UTC)] info/application	[Sensor] Updated distance: 13.5246076837762 cm | Severity=75 | SourceName=Sensor | EventType=application
[2026-08-16 20:36:23.547 (UTC)] info/application	[Sensor] Updated distance: 12.6538591730193 cm | Severity=75 | SourceName=Sensor | EventType=application
[2026-08-16 20:36:24.547 (UTC)] info/application	[Sensor] Updated distance: 11.7836368166765 cm | Severity=75 | SourceName=Sensor | EventType=application
[2026-08-16 20:36:25.548 (UTC)] info/application	[Sensor] Updated distance: 11.7093692017763 cm | Severity=75 | SourceName=Sensor | EventType=application
[2026-08-16 20:36:26.548 (UTC)] info/application	[Sensor] Updated distance: 13.1115421085206 cm | Severity=75 | SourceName=Sensor | EventType=application
[2026-08-16 20:36:27.548 (UTC)] info/application	[Sensor] Updated distance: 11.9594149968863 cm | Severity=75 | SourceName=Sensor | EventType=application
[2026-08-16 20:36:28.548 (UTC)] info/application	[Sensor] Updated distance: 12.2137062126834 cm | Severity=75 | SourceName=Sensor | EventType=application
[2026-08-16 20:36:29.548 (UTC)] info/application	[Sensor] Updated distance: 12.2608624332402 cm | Severity=75 | SourceName=Sensor | EventType=application
[2026-08-16 20:36:30.547 (UTC)] info/application	[Sensor] Updated distance: 12.425486511749 cm | Severity=75 | SourceName=Sensor | EventType=application
[2026-08-16 20:36:31.548 (UTC)] info/application	[Sensor] Updated distance: 13.872487877669 cm | Severity=75 | SourceName=Sensor | EventType=application
[2026-08-16 20:36:32.547 (UTC)] info/application	[Sensor] Updated distance: 12.8266940912356 cm | Severity=75 | SourceName=Sensor | EventType=application
[2026-08-16 20:36:33.547 (UTC)] info/application	[Sensor] Updated distance: 12.6660423628828 cm | Severity=75 | SourceName=Sensor | EventType=application
[2026-08-16 20:36:34.547 (UTC)] info/application	[Sensor] Updated distance: 11.8280506678056 cm | Severity=75 | SourceName=Sensor | EventType=application
[2026-08-16 20:36:35.547 (UTC)] info/application	[Sensor] Updated distance: 11.6003190894147 cm | Severity=75 | SourceName=Sensor | EventType=application
[2026-08-16 20:36:36.547 (UTC)] info/application	[Sensor] Updated distance: 12.974640578951 cm | Severity=75 | SourceName=Sensor | EventType=application
[2026-08-16 20:36:37.546 (UTC)] info/application	[Sensor] Updated distance: 13.306123926214 cm | Severity=75 | SourceName=Sensor | EventType=application
[2026-08-16 20:36:38.546 (UTC)] info/application	[Sensor] Updated distance: 14.5084572827948 cm | Severity=75 | SourceName=Sensor | EventType=application
[2026-08-16 20:36:39.546 (UTC)] info/application	[Sensor] Updated distance: 13.4636655095795 cm | Severity=75 | SourceName=Sensor | EventType=application
[2026-08-16 20:36:40.546 (UTC)] info/application	[Sensor] Updated distance: 14.358333474192 cm | Severity=75 | SourceName=Sensor | EventType=application
[2026-08-16 20:36:41.545 (UTC)] info/application	[Sensor] Updated distance: 13.082124512448 cm | Severity=75 | SourceName=Sensor | EventType=application
[2026-08-16 20:36:42.545 (UTC)] info/application	[Sensor] Updated distance: 12.8105041476947 cm | Severity=75 | SourceName=Sensor | EventType=application
[2026-08-16 20:36:43.545 (UTC)] info/application	[Sensor] Updated distance: 11.4311876711115 cm | Severity=75 | SourceName=Sensor | EventType=application
[2026-08-16 20:36:44.545 (UTC)] info/application	[Sensor] Updated distance: 11.0301883882052 cm | Severity=75 | SourceName=Sensor | EventType=application
[2026-08-16 20:36:45.545 (UTC)] info/application	[Sensor] Updated distance: 11.3732374319216 cm | Severity=75 | SourceName=Sensor | EventType=application
[2026-08-16 20:36:46.544 (UTC)] info/application	[Sensor] Updated distance: 10.5944753492225 cm | Severity=75 | SourceName=Sensor | EventType=application
[2026-08-16 20:36:47.545 (UTC)] info/application	[Sensor] Updated distance: 9.56637644910549 cm | Severity=75 | SourceName=Sensor | EventType=application
[2026-08-16 20:36:48.545 (UTC)] info/application	[Sensor] Updated distance: 9.35270117286251 cm | Severity=75 | SourceName=Sensor | EventType=application
[2026-08-16 20:36:49.544 (UTC)] info/application	[Sensor] Updated distance: 7.87635963800192 cm | Severity=75 | SourceName=Sensor | EventType=application
[2026-08-16 20:36:50.544 (UTC)] info/application	[Sensor] Updated distance: 7.07216338118172 cm | Severity=75 | SourceName=Sensor | EventType=application
[2026-08-16 20:36:51.544 (UTC)] info/application	[Sensor] Updated distance: 7.32260037438132 cm | Severity=75 | SourceName=Sensor | EventType=application
[2026-08-16 20:36:52.544 (UTC)] info/application	[Sensor] Updated distance: 8.74263294029171 cm | Severity=75 | SourceName=Sensor | EventType=application
[2026-08-16 20:36:53.544 (UTC)] info/application	[Sensor] Updated distance: 9.32104677931453 cm | Severity=75 | SourceName=Sensor | EventType=application
[2026-08-16 20:36:54.544 (UTC)] info/application	[Sensor] Updated distance: 10.2007352617573 cm | Severity=75 | SourceName=Sensor | EventType=application
[2026-08-16 20:36:55.544 (UTC)] info/application	[Sensor] Updated distance: 9.25054547132482 cm | Severity=75 | SourceName=Sensor | EventType=application
[2026-08-16 20:36:56.544 (UTC)] info/application	[Sensor] Updated distance: 8.2546916940504 cm | Severity=75 | SourceName=Sensor | EventType=application
[2026-08-16 20:36:57.545 (UTC)] info/application	[Sensor] Updated distance: 9.0365530832375 cm | Severity=75 | SourceName=Sensor | EventType=application
[2026-08-16 20:36:58.544 (UTC)] info/application	[Sensor] Updated distance: 8.43423618117077 cm | Severity=75 | SourceName=Sensor | EventType=application
[2026-08-16 20:36:59.545 (UTC)] info/application	[Sensor] Updated distance: 9.19267361969344 cm | Severity=75 | SourceName=Sensor | EventType=application
[2026-08-16 20:37:00.545 (UTC)] info/application	[Sensor] Updated distance: 8.52169122804033 cm | Severity=75 | SourceName=Sensor | EventType=application
[2026-08-16 20:37:01.545 (UTC)] info/application	[Sensor] Updated distance: 9.58399840587935 cm | Severity=75 | SourceName=Sensor | EventType=application
[2026-08-16 20:37:02.546 (UTC)] info/application	[Sensor] Updated distance: 10.2894372103221 cm | Severity=75 | SourceName=Sensor | EventType=application
[2026-08-16 20:37:03.546 (UTC)] info/application	[Sensor] Updated distance: 10.0726610322355 cm | Severity=75 | SourceName=Sensor | EventType=application
[2026-08-16 20:37:04.546 (UTC)] info/application	[Sensor] Updated distance: 9.47431648032473 cm | Severity=75 | SourceName=Sensor | EventType=application
[2026-08-16 20:37:05.547 (UTC)] info/application	[Sensor] Updated distance: 10.8417635896903 cm | Severity=75 | SourceName=Sensor | EventType=application
[2026-08-16 20:37:06.548 (UTC)] info/application	[Sensor] Updated distance: 11.8972558332129 cm | Severity=75 | SourceName=Sensor | EventType=application
[2026-08-16 20:37:07.548 (UTC)] info/application	[Sensor] Updated distance: 11.1732327694414 cm | Severity=75 | SourceName=Sensor | EventType=application
[2026-08-16 20:37:08.549 (UTC)] info/application	[Sensor] Updated distance: 11.372163224673 cm | Severity=75 | SourceName=Sensor | EventType=application
[2026-08-16 20:37:09.549 (UTC)] info/application	[Sensor] Updated distance: 12.1299888233794 cm | Severity=75 | SourceName=Sensor | EventType=application
[2026-08-16 20:37:10.549 (UTC)] info/application	[Sensor] Updated distance: 11.8611739863926 cm | Severity=75 | SourceName=Sensor | EventType=application
[2026-08-16 20:37:11.549 (UTC)] info/application	[Sensor] Updated distance: 11.4547724062366 cm | Severity=75 | SourceName=Sensor | EventType=application
[2026-08-16 20:37:12.549 (UTC)] info/application	[Sensor] Updated distance: 12.4363890431991 cm | Severity=75 | SourceName=Sensor | EventType=application
[2026-08-16 20:37:13.550 (UTC)] info/application	[Sensor] Updated distance: 13.395953841459 cm | Severity=75 | SourceName=Sensor | EventType=application
[2026-08-16 20:37:14.550 (UTC)] info/application	[Sensor] Updated distance: 13.1102357847198 cm | Severity=75 | SourceName=Sensor | EventType=application
[2026-08-16 20:37:15.550 (UTC)] info/application	[Sensor] Updated distance: 12.1908531387759 cm | Severity=75 | SourceName=Sensor | EventType=application
[2026-08-16 20:37:16.550 (UTC)] info/application	[Sensor] Updated distance: 11.9934669793553 cm | Severity=75 | SourceName=Sensor | EventType=application
[2026-08-16 20:37:17.550 (UTC)] info/application	[Sensor] Updated distance: 12.428986839917 cm | Severity=75 | SourceName=Sensor | EventType=application
[2026-08-16 20:37:18.551 (UTC)] info/application	[Sensor] Updated distance: 11.9815052938561 cm | Severity=75 | SourceName=Sensor | EventType=application
[2026-08-16 20:37:19.541 (UTC)] info/application	[Sensor] Updated distance: 13.0704438595895 cm | Severity=75 | SourceName=Sensor | EventType=application
[2026-08-16 20:37:20.541 (UTC)] info/application	[Sensor] Updated distance: 13.5296221866876 cm | Severity=75 | SourceName=Sensor | EventType=application
[2026-08-16 20:37:21.541 (UTC)] info/application	[Sensor] Updated distance: 13.7779443838065 cm | Severity=75 | SourceName=Sensor | EventType=application
[2026-08-16 20:37:22.541 (UTC)] info/application	[Sensor] Updated distance: 13.6173199413425 cm | Severity=75 | SourceName=Sensor | EventType=application
[2026-08-16 20:37:23.541 (UTC)] info/application	[Sensor] Updated distance: 13.996530832954 cm | Severity=75 | SourceName=Sensor | EventType=application
[2026-08-16 20:37:24.542 (UTC)] info/application	[Sensor] Updated distance: 13.3232668676987 cm | Severity=75 | SourceName=Sensor | EventType=application
[2026-08-16 20:37:25.542 (UTC)] info/application	[Sensor] Updated distance: 12.5423309076774 cm | Severity=75 | SourceName=Sensor | EventType=application
[2026-08-16 20:37:26.542 (UTC)] info/application	[Sensor] Updated distance: 13.4713520088565 cm | Severity=75 | SourceName=Sensor | EventType=application
[2026-08-16 20:37:27.543 (UTC)] info/application	[Sensor] Updated distance: 13.3022342663269 cm | Severity=75 | SourceName=Sensor | EventType=application
[2026-08-16 20:37:28.542 (UTC)] info/application	[Sensor] Updated distance: 11.8031596940957 cm | Severity=75 | SourceName=Sensor | EventType=application
[2026-08-16 20:37:29.542 (UTC)] info/application	[Sensor] Updated distance: 10.629863893208 cm | Severity=75 | SourceName=Sensor | EventType=application
[2026-08-16 20:37:30.543 (UTC)] info/application	[Sensor] Updated distance: 9.71918358920102 cm | Severity=75 | SourceName=Sensor | EventType=application
[2026-08-16 20:37:31.543 (UTC)] info/application	[Sensor] Updated distance: 9.04912662531672 cm | Severity=75 | SourceName=Sensor | EventType=application
[2026-08-16 20:37:32.543 (UTC)] info/application	[Sensor] Updated distance: 10.4381380022681 cm | Severity=75 | SourceName=Sensor | EventType=application
[2026-08-16 20:37:33.543 (UTC)] info/application	[Sensor] Updated distance: 11.7328965027038 cm | Severity=75 | SourceName=Sensor | EventType=application
[2026-08-16 20:37:34.543 (UTC)] info/application	[Sensor] Updated distance: 12.346063360733 cm | Severity=75 | SourceName=Sensor | EventType=application
[2026-08-16 20:37:35.543 (UTC)] info/application	[Sensor] Updated distance: 11.6367301843766 cm | Severity=75 | SourceName=Sensor | EventType=application
[2026-08-16 20:37:36.543 (UTC)] info/application	[Sensor] Updated distance: 12.7989357927809 cm | Severity=75 | SourceName=Sensor | EventType=application
[2026-08-16 20:37:37.543 (UTC)] info/application	[Sensor] Updated distance: 12.9675948943326 cm | Severity=75 | SourceName=Sensor | EventType=application
[2026-08-16 20:37:38.543 (UTC)] info/application	[Sensor] Updated distance: 13.0342386556017 cm | Severity=75 | SourceName=Sensor | EventType=application
[2026-08-16 20:37:39.543 (UTC)] info/application	[Sensor] Updated distance: 12.8953747192376 cm | Severity=75 | SourceName=Sensor | EventType=application
[2026-08-16 20:37:40.543 (UTC)] info/application	[Sensor] Updated distance: 12.3218594180987 cm | Severity=75 | SourceName=Sensor | EventType=application
[2026-08-16 20:37:41.543 (UTC)] info/application	[Sensor] Updated distance: 13.6196883423811 cm | Severity=75 | SourceName=Sensor | EventType=application
[2026-08-16 20:37:42.543 (UTC)] info/application	[Sensor] Updated distance: 14.574422825861 cm | Severity=75 | SourceName=Sensor | EventType=application
[2026-08-16 20:37:43.544 (UTC)] info/application	[Sensor] Updated distance: 13.4825241616846 cm | Severity=75 | SourceName=Sensor | EventType=application
[2026-08-16 20:37:44.544 (UTC)] info/application	[Sensor] Updated distance: 14.2399178842268 cm | Severity=75 | SourceName=Sensor | EventType=application
[2026-08-16 20:37:45.544 (UTC)] info/application	[Sensor] Updated distance: 13.4089343095705 cm | Severity=75 | SourceName=Sensor | EventType=application
[2026-08-16 20:37:46.544 (UTC)] info/application	[Sensor] Updated distance: 12.8976529994503 cm | Severity=75 | SourceName=Sensor | EventType=application
[2026-08-16 20:37:47.544 (UTC)] info/application	[Sensor] Updated distance: 11.9576605611749 cm | Severity=75 | SourceName=Sensor | EventType=application
[2026-08-16 20:37:48.543 (UTC)] info/application	[Sensor] Updated distance: 13.0621968484773 cm | Severity=75 | SourceName=Sensor | EventType=application
[2026-08-16 20:37:49.544 (UTC)] info/application	[Sensor] Updated distance: 13.6034339922962 cm | Severity=75 | SourceName=Sensor | EventType=application
[2026-08-16 20:37:50.543 (UTC)] info/application	[Sensor] Updated distance: 12.2523801183572 cm | Severity=75 | SourceName=Sensor | EventType=application
[2026-08-16 20:37:51.544 (UTC)] info/application	[Sensor] Updated distance: 12.3160947313607 cm | Severity=75 | SourceName=Sensor | EventType=application
[2026-08-16 20:37:52.544 (UTC)] info/application	[Sensor] Updated distance: 11.6056540709015 cm | Severity=75 | SourceName=Sensor | EventType=application
[2026-08-16 20:37:53.545 (UTC)] info/application	[Sensor] Updated distance: 11.5939757558955 cm | Severity=75 | SourceName=Sensor | EventType=application
[2026-08-16 20:37:54.545 (UTC)] info/application	[Sensor] Updated distance: 10.5369012591135 cm | Severity=75 | SourceName=Sensor | EventType=application
[2026-08-16 20:37:55.545 (UTC)] info/application	[Sensor] Updated distance: 10.6531966347961 cm | Severity=75 | SourceName=Sensor | EventType=application
[2026-08-16 20:37:56.546 (UTC)] info/application	[Sensor] Updated distance: 11.3605823597687 cm | Severity=75 | SourceName=Sensor | EventType=application
[2026-08-16 20:37:57.546 (UTC)] info/application	[Sensor] Updated distance: 12.7325289655628 cm | Severity=75 | SourceName=Sensor | EventType=application
[2026-08-16 20:37:58.546 (UTC)] info/application	[Sensor] Updated distance: 14.1797065987157 cm | Severity=75 | SourceName=Sensor | EventType=application
[2026-08-16 20:37:59.546 (UTC)] info/application	[Sensor] Updated distance: 14.8880177514572 cm | Severity=75 | SourceName=Sensor | EventType=application
[2026-08-16 20:38:00.546 (UTC)] info/application	[Sensor] Updated distance: 13.5866685549666 cm | Severity=75 | SourceName=Sensor | EventType=application
[2026-08-16 20:38:01.547 (UTC)] info/application	[Sensor] Updated distance: 12.6231658827156 cm | Severity=75 | SourceName=Sensor | EventType=application
[2026-08-16 20:38:02.547 (UTC)] info/application	[Sensor] Updated distance: 11.1614200701757 cm | Severity=75 | SourceName=Sensor | EventType=application
[2026-08-16 20:38:03.547 (UTC)] info/application	[Sensor] Updated distance: 9.74908224923957 cm | Severity=75 | SourceName=Sensor | EventType=application
[2026-08-16 20:38:04.547 (UTC)] info/application	[Sensor] Updated distance: 8.58033807602725 cm | Severity=75 | SourceName=Sensor | EventType=application
[2026-08-16 20:38:05.547 (UTC)] info/application	[Sensor] Updated distance: 9.23175912151659 cm | Severity=75 | SourceName=Sensor | EventType=application
[2026-08-16 20:38:06.547 (UTC)] info/application	[Sensor] Updated distance: 8.61008812422401 cm | Severity=75 | SourceName=Sensor | EventType=application
[2026-08-16 20:38:07.548 (UTC)] info/application	[Sensor] Updated distance: 10.103549560813 cm | Severity=75 | SourceName=Sensor | EventType=application
[2026-08-16 20:38:08.548 (UTC)] info/application	[Sensor] Updated distance: 9.42362970645707 cm | Severity=75 | SourceName=Sensor | EventType=application
[2026-08-16 20:38:09.548 (UTC)] info/application	[Sensor] Updated distance: 10.3686024704336 cm | Severity=75 | SourceName=Sensor | EventType=application
[2026-08-16 20:38:10.548 (UTC)] info/application	[Sensor] Updated distance: 10.2231999692615 cm | Severity=75 | SourceName=Sensor | EventType=application
[2026-08-16 20:38:11.548 (UTC)] info/application	[Sensor] Updated distance: 10.4697648151637 cm | Severity=75 | SourceName=Sensor | EventType=application
[2026-08-16 20:38:12.548 (UTC)] info/application	[Sensor] Updated distance: 11.2125665034226 cm | Severity=75 | SourceName=Sensor | EventType=application
[2026-08-16 20:38:13.548 (UTC)] info/application	[Sensor] Updated distance: 10.5218984843334 cm | Severity=75 | SourceName=Sensor | EventType=application
[2026-08-16 20:38:14.548 (UTC)] info/application	[Sensor] Updated distance: 11.1765646660591 cm | Severity=75 | SourceName=Sensor | EventType=application
[2026-08-16 20:38:15.548 (UTC)] info/application	[Sensor] Updated distance: 11.1767600754633 cm | Severity=75 | SourceName=Sensor | EventType=application
[2026-08-16 20:38:16.547 (UTC)] info/application	[Sensor] Updated distance: 11.1551084817178 cm | Severity=75 | SourceName=Sensor | EventType=application
[2026-08-16 20:38:17.548 (UTC)] info/application	[Sensor] Updated distance: 9.79849335192631 cm | Severity=75 | SourceName=Sensor | EventType=application
[2026-08-16 20:38:18.548 (UTC)] info/application	[Sensor] Updated distance: 10.3586963230552 cm | Severity=75 | SourceName=Sensor | EventType=application
[2026-08-16 20:38:19.548 (UTC)] info/application	[Sensor] Updated distance: 9.94158101521505 cm | Severity=75 | SourceName=Sensor | EventType=application
[2026-08-16 20:38:20.548 (UTC)] info/application	[Sensor] Updated distance: 10.6262030292424 cm | Severity=75 | SourceName=Sensor | EventType=application
[2026-08-16 20:38:21.548 (UTC)] info/application	[Sensor] Updated distance: 11.3353521278293 cm | Severity=75 | SourceName=Sensor | EventType=application
[2026-08-16 20:38:22.548 (UTC)] info/application	[Sensor] Updated distance: 12.4819514329927 cm | Severity=75 | SourceName=Sensor | EventType=application
[2026-08-16 20:38:23.548 (UTC)] info/application	[Sensor] Updated distance: 13.9561327865609 cm | Severity=75 | SourceName=Sensor | EventType=application
[2026-08-16 20:38:24.548 (UTC)] info/application	[Sensor] Updated distance: 13.1536035687446 cm | Severity=75 | SourceName=Sensor | EventType=application
[2026-08-16 20:38:25.549 (UTC)] info/application	[Sensor] Updated distance: 11.7431283771261 cm | Severity=75 | SourceName=Sensor | EventType=application
[2026-08-16 20:38:26.549 (UTC)] info/application	[Sensor] Updated distance: 11.8336051049799 cm | Severity=75 | SourceName=Sensor | EventType=application
[2026-08-16 20:38:27.549 (UTC)] info/application	[Sensor] Updated distance: 13.2384616121363 cm | Severity=75 | SourceName=Sensor | EventType=application
[2026-08-16 20:38:28.550 (UTC)] info/application	[Sensor] Updated distance: 14.6999330263119 cm | Severity=75 | SourceName=Sensor | EventType=application
[2026-08-16 20:38:29.550 (UTC)] info/application	[Sensor] Updated distance: 14.7375873873185 cm | Severity=75 | SourceName=Sensor | EventType=application
[2026-08-16 20:38:30.550 (UTC)] info/application	[Sensor] Updated distance: 15.3507550458194 cm | Severity=75 | SourceName=Sensor | EventType=application
[2026-08-16 20:38:31.550 (UTC)] info/application	[Sensor] Updated distance: 14.0108772621075 cm | Severity=75 | SourceName=Sensor | EventType=application
[2026-08-16 20:38:32.550 (UTC)] info/application	[Sensor] Updated distance: 14.5850289508631 cm | Severity=75 | SourceName=Sensor | EventType=application
[2026-08-16 20:38:33.550 (UTC)] info/application	[Sensor] Updated distance: 15.2364507968241 cm | Severity=75 | SourceName=Sensor | EventType=application
[2026-08-16 20:38:34.541 (UTC)] info/application	[Sensor] Updated distance: 13.9842351921761 cm | Severity=75 | SourceName=Sensor | EventType=application
[2026-08-16 20:38:35.551 (UTC)] info/application	[Sensor] Updated distance: 14.8896427091163 cm | Severity=75 | SourceName=Sensor | EventType=application
[2026-08-16 20:38:36.551 (UTC)] info/application	[Sensor] Updated distance: 14.6924855991697 cm | Severity=75 | SourceName=Sensor | EventType=application
[2026-08-16 20:38:37.541 (UTC)] info/application	[Sensor] Updated distance: 14.318598997229 cm | Severity=75 | SourceName=Sensor | EventType=application
[2026-08-16 20:38:38.541 (UTC)] info/application	[Sensor] Updated distance: 15.2174679493613 cm | Severity=75 | SourceName=Sensor | EventType=application
[2026-08-16 20:38:39.541 (UTC)] info/application	[Sensor] Updated distance: 15.8403909864558 cm | Severity=75 | SourceName=Sensor | EventType=application
[2026-08-16 20:38:40.542 (UTC)] info/application	[Sensor] Updated distance: 14.9114771484916 cm | Severity=75 | SourceName=Sensor | EventType=application
[2026-08-16 20:38:41.542 (UTC)] info/application	[Sensor] Updated distance: 14.1649435980548 cm | Severity=75 | SourceName=Sensor | EventType=application
[2026-08-16 20:38:42.542 (UTC)] info/application	[Sensor] Updated distance: 13.5344314796545 cm | Severity=75 | SourceName=Sensor | EventType=application
[2026-08-16 20:38:43.542 (UTC)] info/application	[Sensor] Updated distance: 14.8483193299492 cm | Severity=75 | SourceName=Sensor | EventType=application
[2026-08-16 20:38:44.543 (UTC)] info/application	[Sensor] Updated distance: 14.9111177604231 cm | Severity=75 | SourceName=Sensor | EventType=application
[2026-08-16 20:38:45.543 (UTC)] info/application	[Sensor] Updated distance: 13.4352718223516 cm | Severity=75 | SourceName=Sensor | EventType=application
[2026-08-16 20:38:46.543 (UTC)] info/application	[Sensor] Updated distance: 13.2493550806536 cm | Severity=75 | SourceName=Sensor | EventType=application
[2026-08-16 20:38:47.543 (UTC)] info/application	[Sensor] Updated distance: 11.790501915985 cm | Severity=75 | SourceName=Sensor | EventType=application
[2026-08-16 20:38:48.543 (UTC)] info/application	[Sensor] Updated distance: 10.458040848122 cm | Severity=75 | SourceName=Sensor | EventType=application
[2026-08-16 20:38:49.543 (UTC)] info/application	[Sensor] Updated distance: 9.33232707615583 cm | Severity=75 | SourceName=Sensor | EventType=application
[2026-08-16 20:38:50.543 (UTC)] info/application	[Sensor] Updated distance: 8.95635860504412 cm | Severity=75 | SourceName=Sensor | EventType=application
[2026-08-16 20:38:51.543 (UTC)] info/application	[Sensor] Updated distance: 9.80851955120847 cm | Severity=75 | SourceName=Sensor | EventType=application
[2026-08-16 20:38:52.544 (UTC)] info/application	[Sensor] Updated distance: 10.8919548778291 cm | Severity=75 | SourceName=Sensor | EventType=application
[2026-08-16 20:38:53.544 (UTC)] info/application	[Sensor] Updated distance: 10.1625857104839 cm | Severity=75 | SourceName=Sensor | EventType=application
[2026-08-16 20:38:54.544 (UTC)] info/application	[Sensor] Updated distance: 10.9889280088194 cm | Severity=75 | SourceName=Sensor | EventType=application
[2026-08-16 20:38:55.544 (UTC)] info/application	[Sensor] Updated distance: 9.7698341162269 cm | Severity=75 | SourceName=Sensor | EventType=application
[2026-08-16 20:38:56.544 (UTC)] info/application	[Sensor] Updated distance: 9.12998975726308 cm | Severity=75 | SourceName=Sensor | EventType=application
[2026-08-16 20:38:57.544 (UTC)] info/application	[Sensor] Updated distance: 8.54680878345239 cm | Severity=75 | SourceName=Sensor | EventType=application
[2026-08-16 20:38:58.544 (UTC)] info/application	[Sensor] Updated distance: 7.23257139661934 cm | Severity=75 | SourceName=Sensor | EventType=application
[2026-08-16 20:38:59.544 (UTC)] info/application	[Sensor] Updated distance: 6.5541984504341 cm | Severity=75 | SourceName=Sensor | EventType=application
[2026-08-16 20:39:00.545 (UTC)] info/application	[Sensor] Updated distance: 7.50867183763005 cm | Severity=75 | SourceName=Sensor | EventType=application
[2026-08-16 20:39:01.545 (UTC)] info/application	[Sensor] Updated distance: 8.30760210929791 cm | Severity=75 | SourceName=Sensor | EventType=application
[2026-08-16 20:39:02.545 (UTC)] info/application	[Sensor] Updated distance: 7.78935137940074 cm | Severity=75 | SourceName=Sensor | EventType=application
[2026-08-16 20:39:03.545 (UTC)] info/application	[Sensor] Updated distance: 7.81797645395526 cm | Severity=75 | SourceName=Sensor | EventType=application
[2026-08-16 20:39:04.545 (UTC)] info/application	[Sensor] Updated distance: 7.76832857018723 cm | Severity=75 | SourceName=Sensor | EventType=application
[2026-08-16 20:39:05.545 (UTC)] info/application	[Sensor] Updated distance: 7.49786223564196 cm | Severity=75 | SourceName=Sensor | EventType=application
[2026-08-16 20:39:06.545 (UTC)] info/application	[Sensor] Updated distance: 6.93189482573972 cm | Severity=75 | SourceName=Sensor | EventType=application
[2026-08-16 20:39:07.546 (UTC)] info/application	[Sensor] Updated distance: 8.18508983342213 cm | Severity=75 | SourceName=Sensor | EventType=application
[2026-08-16 20:39:08.545 (UTC)] info/application	[Sensor] Updated distance: 9.04073689833317 cm | Severity=75 | SourceName=Sensor | EventType=application
[2026-08-16 20:39:09.546 (UTC)] info/application	[Sensor] Updated distance: 7.87363843916618 cm | Severity=75 | SourceName=Sensor | EventType=application
[2026-08-16 20:39:10.547 (UTC)] info/application	[Sensor] Updated distance: 8.24975648254609 cm | Severity=75 | SourceName=Sensor | EventType=application
[2026-08-16 20:39:11.547 (UTC)] info/application	[Sensor] Updated distance: 9.67648970949299 cm | Severity=75 | SourceName=Sensor | EventType=application
[2026-08-16 20:39:12.547 (UTC)] info/application	[Sensor] Updated distance: 9.26285769988915 cm | Severity=75 | SourceName=Sensor | EventType=application
[2026-08-16 20:39:13.548 (UTC)] info/application	[Sensor] Updated distance: 10.5084636248687 cm | Severity=75 | SourceName=Sensor | EventType=application
[2026-08-16 20:39:14.548 (UTC)] info/application	[Sensor] Updated distance: 11.7490847007134 cm | Severity=75 | SourceName=Sensor | EventType=application
[2026-08-16 20:39:15.548 (UTC)] info/application	[Sensor] Updated distance: 12.8982511215835 cm | Severity=75 | SourceName=Sensor | EventType=application
[2026-08-16 20:39:16.547 (UTC)] info/application	[Sensor] Updated distance: 14.1680111084916 cm | Severity=75 | SourceName=Sensor | EventType=application
[2026-08-16 20:39:17.548 (UTC)] info/application	[Sensor] Updated distance: 13.7227154412412 c