[2026-08-17 04:02:04.985 (UTC+0800)] [33mwarn/server[0m	AccessControl: Unconfigured AccessControl. Users have all permissions.
[2026-08-17 04:02:04.985 (UTC+0800)] [32minfo/server[0m	AccessControl: Anonymous login is enabled
[2026-08-17 04:02:04.985 (UTC+0800)] [33mwarn/server[0m	x509 Certificate Authentication configured, but no encrypting SecurityPolicy. This can leak credentials on the network.
[2026-08-17 04:02:05.024 (UTC+0800)] [33mwarn/application[0m	ServerUrls already set. Overriding.
[2026-08-17 04:02:05.024 (UTC+0800)] [33mwarn/server[0m	AccessControl: Unconfigured AccessControl. Users have all permissions.
[2026-08-17 04:02:05.024 (UTC+0800)] [32minfo/server[0m	AccessControl: Anonymous login is enabled
[2026-08-17 04:02:05.024 (UTC+0800)] [33mwarn/server[0m	x509 Certificate Authentication configured, but no encrypting SecurityPolicy. This can leak credentials on the network.
[2026-08-17 04:02:05.024 (UTC+0800)] [33mwarn/server[0m	x509 Certificate Authentication configured, but no encrypting SecurityPolicy. This can leak credentials on the network.
[2026-08-16 20:02:05.024 (UTC)] info/application	Sensor Server online (Client/Server mode, id=2 port=4843) | Severity=75 | SourceName=Sensor2 | EventType=application
Entering background polling mode: attempting to connect to Aggregation Server...
Connected successfully. Log forwarding started.
[2026-08-16 20:02:06.026 (UTC)] info/application	[Sensor] Updated distance: 26.5343107008535 cm | Severity=75 | SourceName=Sensor2 | EventType=application
[2026-08-16 20:02:06.996 (UTC)] info/network	[System] TCP 16	| Connection opened from "127.0.0.1" via the server socket 8 | Severity=75 | SourceName=System | EventType=network
[2026-08-16 20:02:06.996 (UTC)] info/channel	[System] TCP 16	| SC 1	| SecureChannel created | Severity=75 | SourceName=System | EventType=channel
[2026-08-16 20:02:07.017 (UTC)] info/channel	[System] TCP 16	| SC 1	| OpenSecureChannel: Channel opened with SecurityMode None for SecurityPolicy http://opcfoundation.org/UA/SecurityPolicy#None and a revised lifetime of 600.0s | Severity=75 | SourceName=System | EventType=channel
[2026-08-16 20:02:07.027 (UTC)] info/application	[Sensor] Updated distance: 26.7287183356139 cm | Severity=75 | SourceName=Sensor2 | EventType=application
[2026-08-16 20:02:07.037 (UTC)] warn/client	[System] Removing a UserTokenPolicy that would allow the password to be transmitted without encryption (Can be enabled via config->allowNonePolicyPassword) | Severity=175 | SourceName=System | EventType=client
[2026-08-16 20:02:07.037 (UTC)] warn/client	[System] Removing a UserTokenPolicy that would allow the password to be transmitted without encryption (Can be enabled via config->allowNonePolicyPassword) | Severity=175 | SourceName=System | EventType=client
[2026-08-16 20:02:07.047 (UTC)] warn/client	[System] Removing a UserTokenPolicy that would allow the password to be transmitted without encryption (Can be enabled via config->allowNonePolicyPassword) | Severity=175 | SourceName=System | EventType=client
[2026-08-16 20:02:07.047 (UTC)] warn/client	[System] Removing a UserTokenPolicy that would allow the password to be transmitted without encryption (Can be enabled via config->allowNonePolicyPassword) | Severity=175 | SourceName=System | EventType=client
[2026-08-16 20:02:07.048 (UTC)] info/session	[System] TCP 16	| SC 1	| Session "ns=1;g=4eeca4ab-fa3d-b519-e96e-9659d33d13c1"	| Session created | Severity=75 | SourceName=System | EventType=session
[2026-08-16 20:02:07.059 (UTC)] info/session	[System] TCP 16	| SC 1	| Session "ns=1;g=4eeca4ab-fa3d-b519-e96e-9659d33d13c1"	| ActivateSession: Session activated with ClientUserId "" | Severity=75 | SourceName=System | EventType=session
[2026-08-16 20:02:07.444 (UTC)] info/session	[System] TCP 16	| SC 1	| Session "ns=1;g=4eeca4ab-fa3d-b519-e96e-9659d33d13c1"	| Subscription 1 | Subscription created (Publishing interval 500.0ms, max 1000 notifications per publish) | Severity=75 | SourceName=System | EventType=session
[2026-08-16 20:02:07.454 (UTC)] info/session	[System] TCP 16	| SC 1	| Session "ns=1;g=4eeca4ab-fa3d-b519-e96e-9659d33d13c1"	| Subscription 1 | MonitoredItem 1 | Created the MonitoredItem (Sampling Interval: 250.0ms, Queue Size: 1) | Severity=75 | SourceName=System | EventType=session
[2026-08-16 20:02:08.030 (UTC)] info/application	[Sensor] Updated distance: 26.3101126234094 cm | Severity=75 | SourceName=Sensor2 | EventType=application
[2026-08-16 20:02:09.030 (UTC)] info/application	[Sensor] Updated distance: 26.8296993993361 cm | Severity=75 | SourceName=Sensor2 | EventType=application
[2026-08-16 20:02:10.104 (UTC)] info/application	[Sensor] Updated distance: 27.7148533576237 cm | Severity=75 | SourceName=Sensor2 | EventType=application
[2026-08-16 20:02:11.033 (UTC)] info/application	[Sensor] Updated distance: 28.616636099581 cm | Severity=75 | SourceName=Sensor2 | EventType=application
[2026-08-16 20:02:12.034 (UTC)] info/application	[Sensor] Updated distance: 27.6390172085441 cm | Severity=75 | SourceName=Sensor2 | EventType=application
[2026-08-16 20:02:13.033 (UTC)] info/application	[Sensor] Updated distance: 26.953252389074 cm | Severity=75 | SourceName=Sensor2 | EventType=application
[2026-08-16 20:02:14.034 (UTC)] info/application	[Sensor] Updated distance: 28.2429785499084 cm | Severity=75 | SourceName=Sensor2 | EventType=application
[2026-08-16 20:02:15.025 (UTC)] info/application	[Sensor] Updated distance: 28.4622891514852 cm | Severity=75 | SourceName=Sensor2 | EventType=application
[2026-08-16 20:02:16.025 (UTC)] info/application	[Sensor] Updated distance: 29.1590569399572 cm | Severity=75 | SourceName=Sensor2 | EventType=application
[2026-08-16 20:02:17.025 (UTC)] info/application	[Sensor] Updated distance: 27.7992724211883 cm | Severity=75 | SourceName=Sensor2 | EventType=application
[2026-08-16 20:02:18.025 (UTC)] info/application	[Sensor] Updated distance: 26.4232332338222 cm | Severity=75 | SourceName=Sensor2 | EventType=application
[2026-08-16 20:02:19.034 (UTC)] info/application	[Sensor] Updated distance: 27.054902285363 cm | Severity=75 | SourceName=Sensor2 | EventType=application
[2026-08-16 20:02:20.034 (UTC)] info/application	[Sensor] Updated distance: 27.4077339530493 cm | Severity=75 | SourceName=Sensor2 | EventType=application
[2026-08-16 20:02:21.034 (UTC)] info/application	[Sensor] Updated distance: 27.3884120603969 cm | Severity=75 | SourceName=Sensor2 | EventType=application
[2026-08-16 20:02:22.034 (UTC)] info/application	[Sensor] Updated distance: 26.2423648292862 cm | Severity=75 | SourceName=Sensor2 | EventType=application
[2026-08-16 20:02:23.033 (UTC)] info/application	[Sensor] Updated distance: 25.9398514097276 cm | Severity=75 | SourceName=Sensor2 | EventType=application
[2026-08-16 20:02:24.033 (UTC)] info/application	[Sensor] Updated distance: 27.2259169322094 cm | Severity=75 | SourceName=Sensor2 | EventType=application
[2026-08-16 20:02:25.033 (UTC)] info/application	[Sensor] Updated distance: 26.7659020981593 cm | Severity=75 | SourceName=Sensor2 | EventType=application
[2026-08-16 20:02:26.033 (UTC)] info/application	[Sensor] Updated distance: 28.176867594792 cm | Severity=75 | SourceName=Sensor2 | EventType=application
[2026-08-16 20:02:27.033 (UTC)] info/application	[Sensor] Updated distance: 27.3487948693097 cm | Severity=75 | SourceName=Sensor2 | EventType=application
[2026-08-16 20:02:28.033 (UTC)] info/application	[Sensor] Updated distance: 28.7008773801852 cm | Severity=75 | SourceName=Sensor2 | EventType=application
[2026-08-16 20:02:29.033 (UTC)] info/application	[Sensor] Updated distance: 29.9722684086171 cm | Severity=75 | SourceName=Sensor2 | EventType=application
[2026-08-16 20:02:30.032 (UTC)] info/application	[Sensor] Updated distance: 30.7421961371983 cm | Severity=75 | SourceName=Sensor2 | EventType=application
[2026-08-16 20:02:31.032 (UTC)] info/application	[Sensor] Updated distance: 30.659129678113 cm | Severity=75 | SourceName=Sensor2 | EventType=application
[2026-08-16 20:02:32.032 (UTC)] info/application	[Sensor] Updated distance: 31.1116230811978 cm | Severity=75 | SourceName=Sensor2 | EventType=application
[2026-08-16 20:02:33.032 (UTC)] info/application	[Sensor] Updated distance: 32.0923684626316 cm | Severity=75 | SourceName=Sensor2 | EventType=application
[2026-08-16 20:02:34.031 (UTC)] info/application	[Sensor] Updated distance: 31.0695798516132 cm | Severity=75 | SourceName=Sensor2 | EventType=application
[2026-08-16 20:02:35.031 (UTC)] info/application	[Sensor] Updated distance: 32.4976117580652 cm | Severity=75 | SourceName=Sensor2 | EventType=application
[2026-08-16 20:02:36.031 (UTC)] info/application	[Sensor] Updated distance: 32.9975942808658 cm | Severity=75 | SourceName=Sensor2 | EventType=application
[2026-08-16 20:02:37.031 (UTC)] info/application	[Sensor] Updated distance: 34.0091163707008 cm | Severity=75 | SourceName=Sensor2 | EventType=application
[2026-08-16 20:02:38.030 (UTC)] info/application	[Sensor] Updated distance: 34.1315559105163 cm | Severity=75 | SourceName=Sensor2 | EventType=application
[2026-08-16 20:02:39.030 (UTC)] info/application	[Sensor] Updated distance: 32.7129327197154 cm | Severity=75 | SourceName=Sensor2 | EventType=application
[2026-08-16 20:02:40.029 (UTC)] info/application	[Sensor] Updated distance: 32.7440415840801 cm | Severity=75 | SourceName=Sensor2 | EventType=application
[2026-08-16 20:02:41.029 (UTC)] info/application	[Sensor] Updated distance: 32.2516350807863 cm | Severity=75 | SourceName=Sensor2 | EventType=application
[2026-08-16 20:02:42.030 (UTC)] info/application	[Sensor] Updated distance: 33.2347946319425 cm | Severity=75 | SourceName=Sensor2 | EventType=application
[2026-08-16 20:02:43.030 (UTC)] info/application	[Sensor] Updated distance: 33.7882846066674 cm | Severity=75 | SourceName=Sensor2 | EventType=application
[2026-08-16 20:02:44.030 (UTC)] info/application	[Sensor] Updated distance: 34.1101132839034 cm | Severity=75 | SourceName=Sensor2 | EventType=application
[2026-08-16 20:02:45.030 (UTC)] info/application	[Sensor] Updated distance: 34.8829989958941 cm | Severity=75 | SourceName=Sensor2 | EventType=application
[2026-08-16 20:02:46.029 (UTC)] info/application	[Sensor] Updated distance: 34.1557995707988 cm | Severity=75 | SourceName=Sensor2 | EventType=application
[2026-08-16 20:02:47.029 (UTC)] info/application	[Sensor] Updated distance: 33.6743960365068 cm | Severity=75 | SourceName=Sensor2 | EventType=application
[2026-08-16 20:02:48.028 (UTC)] info/application	[Sensor] Updated distance: 34.5874972297286 cm | Severity=75 | SourceName=Sensor2 | EventType=application
[2026-08-16 20:02:49.028 (UTC)] info/application	[Sensor] Updated distance: 33.9842586172671 cm | Severity=75 | SourceName=Sensor2 | EventType=application
[2026-08-16 20:02:50.028 (UTC)] info/application	[Sensor] Updated distance: 32.634524133119 cm | Severity=75 | SourceName=Sensor2 | EventType=application
[2026-08-16 20:02:51.028 (UTC)] info/application	[Sensor] Updated distance: 32.4004569926301 cm | Severity=75 | SourceName=Sensor2 | EventType=application
[2026-08-16 20:02:52.029 (UTC)] info/application	[Sensor] Updated distance: 33.2778964889133 cm | Severity=75 | SourceName=Sensor2 | EventType=application
[2026-08-16 20:02:53.028 (UTC)] info/application	[Sensor] Updated distance: 32.2821147736544 cm | Severity=75 | SourceName=Sensor2 | EventType=application
[2026-08-16 20:02:54.028 (UTC)] info/application	[Sensor] Updated distance: 33.245534213607 cm | Severity=75 | SourceName=Sensor2 | EventType=application
[2026-08-16 20:02:55.028 (UTC)] info/application	[Sensor] Updated distance: 33.9090392309749 cm | Severity=75 | SourceName=Sensor2 | EventType=application
[2026-08-16 20:02:56.028 (UTC)] info/application	[Sensor] Updated distance: 33.9532426830629 cm | Severity=75 | SourceName=Sensor2 | EventType=application
[2026-08-16 20:02:57.028 (UTC)] info/application	[Sensor] Updated distance: 34.8276276182512 cm | Severity=75 | SourceName=Sensor2 | EventType=application
[2026-08-16 20:02:58.028 (UTC)] info/application	[Sensor] Updated distance: 36.1630599101368 cm | Severity=75 | SourceName=Sensor2 | EventType=application
[2026-08-16 20:02:59.027 (UTC)] info/application	[Sensor] Updated distance: 36.0593458717034 cm | Severity=75 | SourceName=Sensor2 | EventType=application
[2026-08-16 20:03:00.027 (UTC)] info/application	[Sensor] Updated distance: 36.7051218339266 cm | Severity=75 | SourceName=Sensor2 | EventType=application
[2026-08-16 20:03:01.027 (UTC)] info/application	[Sensor] Updated distance: 37.3104818543934 cm | Severity=75 | SourceName=Sensor2 | EventType=application
[2026-08-16 20:03:02.027 (UTC)] info/application	[Sensor] Updated distance: 38.6237013582716 cm | Severity=75 | SourceName=Sensor2 | EventType=application
[2026-08-16 20:03:03.026 (UTC)] info/application	[Sensor] Updated distance: 38.2219707235796 cm | Severity=75 | SourceName=Sensor2 | EventType=application
[2026-08-16 20:03:04.026 (UTC)] info/application	[Sensor] Updated distance: 38.3080761240833 cm | Severity=75 | SourceName=Sensor2 | EventType=application
[2026-08-16 20:03:05.026 (UTC)] info/application	[Sensor] Updated distance: 37.0985070155461 cm | Severity=75 | SourceName=Sensor2 | EventType=application
[2026-08-16 20:03:06.025 (UTC)] info/application	[Sensor] Updated distance: 36.6248082859092 cm | Severity=75 | SourceName=Sensor2 | EventType=application
[2026-08-16 20:03:07.025 (UTC)] info/application	[Sensor] Updated distance: 35.7108962092134 cm | Severity=75 | SourceName=Sensor2 | EventType=application
[2026-08-16 20:03:08.025 (UTC)] info/application	[Sensor] Updated distance: 37.0128491905112 cm | Severity=75 | SourceName=Sensor2 | EventType=application
[2026-08-16 20:03:09.024 (UTC)] info/application	[Sensor] Updated distance: 38.1615900006898 cm | Severity=75 | SourceName=Sensor2 | EventType=application
[2026-08-16 20:03:10.034 (UTC)] info/application	[Sensor] Updated distance: 37.329054733193 cm | Severity=75 | SourceName=Sensor2 | EventType=application
[2026-08-16 20:03:11.024 (UTC)] info/application	[Sensor] Updated distance: 37.1621165788556 cm | Severity=75 | SourceName=Sensor2 | EventType=application
[2026-08-16 20:03:12.034 (UTC)] info/application	[Sensor] Updated distance: 36.3184508843433 cm | Severity=75 | SourceName=Sensor2 | EventType=application
[2026-08-16 20:03:13.034 (UTC)] info/application	[Sensor] Updated distance: 34.9690751680029 cm | Severity=75 | SourceName=Sensor2 | EventType=application
[2026-08-16 20:03:14.034 (UTC)] info/application	[Sensor] Updated distance: 33.8556269869933 cm | Severity=75 | SourceName=Sensor2 | EventType=application
[2026-08-16 20:03:15.033 (UTC)] info/application	[Sensor] Updated distance: 34.8337899711141 cm | Severity=75 | SourceName=Sensor2 | EventType=application
[2026-08-16 20:03:16.033 (UTC)] info/application	[Sensor] Updated distance: 35.7572999667643 cm | Severity=75 | SourceName=Sensor2 | EventType=application
[2026-08-16 20:03:17.033 (UTC)] info/application	[Sensor] Updated distance: 35.4166523606594 cm | Severity=75 | SourceName=Sensor2 | EventType=application
[2026-08-16 20:03:18.033 (UTC)] info/application	[Sensor] Updated distance: 34.4134118090912 cm | Severity=75 | SourceName=Sensor2 | EventType=application
[2026-08-16 20:03:19.033 (UTC)] info/application	[Sensor] Updated distance: 34.7500229965663 cm | Severity=75 | SourceName=Sensor2 | EventType=application
[2026-08-16 20:03:20.033 (UTC)] info/application	[Sensor] Updated distance: 35.3061367779999 cm | Severity=75 | SourceName=Sensor2 | EventType=application
[2026-08-16 20:03:21.033 (UTC)] info/application	[Sensor] Updated distance: 34.4531617422836 cm | Severity=75 | SourceName=Sensor2 | EventType=application
[2026-08-16 20:03:22.032 (UTC)] info/application	[Sensor] Updated distance: 33.0557057892697 cm | Severity=75 | SourceName=Sensor2 | EventType=application
[2026-08-16 20:03:23.032 (UTC)] info/application	[Sensor] Updated distance: 32.9892590655895 cm | Severity=75 | SourceName=Sensor2 | EventType=application
[2026-08-16 20:03:24.032 (UTC)] info/application	[Sensor] Updated distance: 32.6405023146144 cm | Severity=75 | SourceName=Sensor2 | EventType=application
[2026-08-16 20:03:25.032 (UTC)] info/application	[Sensor] Updated distance: 33.7064658015531 cm | Severity=75 | SourceName=Sensor2 | EventType=application
[2026-08-16 20:03:26.032 (UTC)] info/application	[Sensor] Updated distance: 32.8035240938438 cm | Severity=75 | SourceName=Sensor2 | EventType=application
[2026-08-16 20:03:27.031 (UTC)] info/application	[Sensor] Updated distance: 33.9989707949567 cm | Severity=75 | SourceName=Sensor2 | EventType=application
[2026-08-16 20:03:28.032 (UTC)] info/application	[Sensor] Updated distance: 34.4393192170837 cm | Severity=75 | SourceName=Sensor2 | EventType=application
[2026-08-16 20:03:29.031 (UTC)] info/application	[Sensor] Updated distance: 33.3718098012599 cm | Severity=75 | SourceName=Sensor2 | EventType=application
[2026-08-16 20:03:30.031 (UTC)] info/application	[Sensor] Updated distance: 32.9635424639394 cm | Severity=75 | SourceName=Sensor2 | EventType=application
[2026-08-16 20:03:31.031 (UTC)] info/application	[Sensor] Updated distance: 32.5496668468926 cm | Severity=75 | SourceName=Sensor2 | EventType=application
[2026-08-16 20:03:32.030 (UTC)] info/application	[Sensor] Updated distance: 33.5875174515357 cm | Severity=75 | SourceName=Sensor2 | EventType=application
[2026-08-16 20:03:33.030 (UTC)] info/application	[Sensor] Updated distance: 32.9924696166965 cm | Severity=75 | SourceName=Sensor2 | EventType=application
[2026-08-16 20:03:34.029 (UTC)] info/application	[Sensor] Updated distance: 33.6768633649577 cm | Severity=75 | SourceName=Sensor2 | EventType=application
[2026-08-16 20:03:35.029 (UTC)] info/application	[Sensor] Updated distance: 33.3008193687074 cm | Severity=75 | SourceName=Sensor2 | EventType=application
[2026-08-16 20:03:36.029 (UTC)] info/application	[Sensor] Updated distance: 32.996202425331 cm | Severity=75 | SourceName=Sensor2 | EventType=application
[2026-08-16 20:03:37.028 (UTC)] info/application	[Sensor] Updated distance: 31.7068974425583 cm | Severity=75 | SourceName=Sensor2 | EventType=application
[2026-08-16 20:03:38.028 (UTC)] info/application	[Sensor] Updated distance: 31.9169413696122 cm | Severity=75 | SourceName=Sensor2 | EventType=application
[2026-08-16 20:03:39.027 (UTC)] info/application	[Sensor] Updated distance: 31.4142774061366 cm | Severity=75 | SourceName=Sensor2 | EventType=application
[2026-08-16 20:03:40.027 (UTC)] info/application	[Sensor] Updated distance: 32.7737132335425 cm | Severity=75 | SourceName=Sensor2 | EventType=application
[2026-08-16 20:03:41.027 (UTC)] info/application	[Sensor] Updated distance: 33.6512218944967 cm | Severity=75 | SourceName=Sensor2 | EventType=application
[2026-08-16 20:03:42.026 (UTC)] info/application	[Sensor] Updated distance: 34.4816197766837 cm | Severity=75 | SourceName=Sensor2 | EventType=application
[2026-08-16 20:03:43.026 (UTC)] info/application	[Sensor] Updated distance: 33.4973899095773 cm | Severity=75 | SourceName=Sensor2 | EventType=application
[2026-08-16 20:03:44.026 (UTC)] info/application	[Sensor] Updated distance: 34.525522854191 cm | Severity=75 | SourceName=Sensor2 | EventType=application
[2026-08-16 20:03:45.026 (UTC)] info/application	[Sensor] Updated distance: 35.7424725553684 cm | Severity=75 | SourceName=Sensor2 | EventType=application
[2026-08-16 20:03:46.026 (UTC)] info/application	[Sensor] Updated distance: 37.2364056723828 cm | Severity=75 | SourceName=Sensor2 | EventType=application
[2026-08-16 20:03:47.026 (UTC)] info/application	[Sensor] Updated distance: 37.6880486112498 cm | Severity=75 | SourceName=Sensor2 | EventType=application
[2026-08-16 20:03:48.026 (UTC)] info/application	[Sensor] Updated distance: 37.0643507049253 cm | Severity=75 | SourceName=Sensor2 | EventType=application
[2026-08-16 20:03:49.025 (UTC)] info/application	[Sensor] Updated distance: 36.0550432689744 cm | Severity=75 | SourceName=Sensor2 | EventType=application
[2026-08-16 20:03:50.025 (UTC)] info/application	[Sensor] Updated distance: 35.3432973939196 cm | Severity=75 | SourceName=Sensor2 | EventType=application
[2026-08-16 20:03:51.025 (UTC)] info/application	[Sensor] Updated distance: 36.7757132704257 cm | Severity=75 | SourceName=Sensor2 | EventType=application
[2026-08-16 20:03:52.025 (UTC)] info/application	[Sensor] Updated distance: 36.4134307987585 cm | Severity=75 | SourceName=Sensor2 | EventType=application
[2026-08-16 20:03:53.025 (UTC)] info/application	[Sensor] Updated distance: 35.8042289706898 cm | Severity=75 | SourceName=Sensor2 | EventType=application
[2026-08-16 20:03:54.034 (UTC)] info/application	[Sensor] Updated distance: 35.6701981221187 cm | Severity=75 | SourceName=Sensor2 | EventType=application
[2026-08-16 20:03:55.034 (UTC)] info/application	[Sensor] Updated distance: 36.4591588994764 cm | Severity=75 | SourceName=Sensor2 | EventType=application
[2026-08-16 20:03:56.034 (UTC)] info/application	[Sensor] Updated distance: 35.4159205583464 cm | Severity=75 | SourceName=Sensor2 | EventType=application
[2026-08-16 20:03:57.033 (UTC)] info/application	[Sensor] Updated distance: 35.878948003463 cm | Severity=75 | SourceName=Sensor2 | EventType=application
[2026-08-16 20:03:58.033 (UTC)] info/application	[Sensor] Updated distance: 36.3633554819335 cm | Severity=75 | SourceName=Sensor2 | EventType=application
[2026-08-16 20:03:59.032 (UTC)] info/application	[Sensor] Updated distance: 37.2604655629305 cm | Severity=75 | SourceName=Sensor2 | EventType=application
[2026-08-16 20:04:00.031 (UTC)] info/application	[Sensor] Updated distance: 38.1559835922234 cm | Severity=75 | SourceName=Sensor2 | EventType=application
[2026-08-16 20:04:01.031 (UTC)] info/application	[Sensor] Updated distance: 36.7321237319764 cm | Severity=75 | SourceName=Sensor2 | EventType=application
[2026-08-16 20:04:02.031 (UTC)] info/application	[Sensor] Updated distance: 35.7153581945297 cm | Severity=75 | SourceName=Sensor2 | EventType=application
[2026-08-16 20:04:03.032 (UTC)] info/application	[Sensor] Updated distance: 36.1487268270686 cm | Severity=75 | SourceName=Sensor2 | EventType=application
[2026-08-16 20:04:04.032 (UTC)] info/application	[Sensor] Updated distance: 35.6298191319824 cm | Severity=75 | SourceName=Sensor2 | EventType=application
[2026-08-16 20:04:05.031 (UTC)] info/application	[Sensor] Updated distance: 36.7974473441939 cm | Severity=75 | SourceName=Sensor2 | EventType=application
[2026-08-16 20:04:06.031 (UTC)] info/application	[Sensor] Updated distance: 35.3547719790855 cm | Severity=75 | SourceName=Sensor2 | EventType=application
[2026-08-16 20:04:07.030 (UTC)] info/application	[Sensor] Updated distance: 36.0312473406229 cm | Severity=75 | SourceName=Sensor2 | EventType=application
[2026-08-16 20:04:08.030 (UTC)] info/application	[Sensor] Updated distance: 37.4095705700617 cm | Severity=75 | SourceName=Sensor2 | EventType=application
[2026-08-16 20:04:09.030 (UTC)] info/application	[Sensor] Updated distance: 37.6769391334043 cm | Severity=75 | SourceName=Sensor2 | EventType=application
[2026-08-16 20:04:10.030 (UTC)] info/application	[Sensor] Updated distance: 36.3507505300691 cm | Severity=75 | SourceName=Sensor2 | EventType=application
[2026-08-16 20:04:11.030 (UTC)] info/application	[Sensor] Updated distance: 37.5885095869138 cm | Severity=75 | SourceName=Sensor2 | EventType=application
[2026-08-16 20:04:12.030 (UTC)] info/application	[Sensor] Updated distance: 37.2333868098135 cm | Severity=75 | SourceName=Sensor2 | EventType=application
[2026-08-16 20:04:13.030 (UTC)] info/application	[Sensor] Updated distance: 38.2375960900623 cm | Severity=75 | SourceName=Sensor2 | EventType=application
[2026-08-16 20:04:14.029 (UTC)] info/application	[Sensor] Updated distance: 36.9911252784036 cm | Severity=75 | SourceName=Sensor2 | EventType=application
[2026-08-16 20:04:15.029 (UTC)] info/application	[Sensor] Updated distance: 36.1641354445201 cm | Severity=75 | SourceName=Sensor2 | EventType=application
[2026-08-16 20:04:16.030 (UTC)] info/application	[Sensor] Updated distance: 36.8852944245494 cm | Severity=75 | SourceName=Sensor2 | EventType=application
[2026-08-16 20:04:17.030 (UTC)] info/application	[Sensor] Updated distance: 35.6327567285079 cm | Severity=75 | SourceName=Sensor2 | EventType=application
[2026-08-16 20:04:18.030 (UTC)] info/application	[Sensor] Updated distance: 36.7574098334915 cm | Severity=75 | SourceName=Sensor2 | EventType=application
[2026-08-16 20:04:19.031 (UTC)] info/application	[Sensor] Updated distance: 35.3548709071963 cm | Severity=75 | SourceName=Sensor2 | EventType=application
[2026-08-16 20:04:20.031 (UTC)] info/application	[Sensor] Updated distance: 34.593025775204 cm | Severity=75 | SourceName=Sensor2 | EventType=application
[2026-08-16 20:04:21.031 (UTC)] info/application	[Sensor] Updated distance: 33.5059330037357 cm | Severity=75 | SourceName=Sensor2 | EventType=application
[2026-08-16 20:04:22.030 (UTC)] info/application	[Sensor] Updated distance: 32.0358099525495 cm | Severity=75 | SourceName=Sensor2 | EventType=application
[2026-08-16 20:04:23.030 (UTC)] info/application	[Sensor] Updated distance: 32.4116823488901 cm | Severity=75 | SourceName=Sensor2 | EventType=application
[2026-08-16 20:04:24.030 (UTC)] info/application	[Sensor] Updated distance: 32.2153877507501 cm | Severity=75 | SourceName=Sensor2 | EventType=application
[2026-08-16 20:04:25.031 (UTC)] info/application	[Sensor] Updated distance: 32.1112338509929 cm | Severity=75 | SourceName=Sensor2 | EventType=application
[2026-08-16 20:04:26.030 (UTC)] info/application	[Sensor] Updated distance: 31.7760670232941 cm | Severity=75 | SourceName=Sensor2 | EventType=application
[2026-08-16 20:04:27.030 (UTC)] info/application	[Sensor] Updated distance: 32.0365340840242 cm | Severity=75 | SourceName=Sensor2 | EventType=application
[2026-08-16 20:04:28.030 (UTC)] info/application	[Sensor] Updated distance: 30.8954076279865 cm | Severity=75 | SourceName=Sensor2 | EventType=application
[2026-08-16 20:04:29.031 (UTC)] info/application	[Sensor] Updated distance: 29.5446482773612 cm | Severity=75 | SourceName=Sensor2 | EventType=application
[2026-08-16 20:04:30.031 (UTC)] info/application	[Sensor] Updated distance: 29.2022254176914 cm | Severity=75 | SourceName=Sensor2 | EventType=application
[2026-08-16 20:04:31.031 (UTC)] info/application	[Sensor] Updated distance: 30.4566169909465 cm | Severity=75 | SourceName=Sensor2 | EventType=application
[2026-08-16 20:04:32.031 (UTC)] info/application	[Sensor] Updated distance: 29.1819977800744 cm | Severity=75 | SourceName=Sensor2 | EventType=application
[2026-08-16 20:04:33.031 (UTC)] info/application	[Sensor] Updated distance: 29.3228093829578 cm | Severity=75 | SourceName=Sensor2 | EventType=application
[2026-08-16 20:04:34.031 (UTC)] info/application	[Sensor] Updated distance: 29.5105695873548 cm | Severity=75 | SourceName=Sensor2 | EventType=application
[2026-08-16 20:04:35.031 (UTC)] info/application	[Sensor] Updated distance: 29.2170426813965 cm | Severity=75 | SourceName=Sensor2 | EventType=application
[2026-08-16 20:04:36.032 (UTC)] info/application	[Sensor] Updated distance: 29.0254824950944 cm | Severity=75 | SourceName=Sensor2 | EventType=application
[2026-08-16 20:04:37.032 (UTC)] info/application	[Sensor] Updated distance: 29.27056733578 cm | Severity=75 | SourceName=Sensor2 | EventType=application
[2026-08-16 20:04:38.032 (UTC)] info/application	[Sensor] Updated distance: 28.1535157899621 cm | Severity=75 | SourceName=Sensor2 | EventType=application
[2026-08-16 20:04:39.032 (UTC)] info/application	[Sensor] Updated distance: 27.8402788330988 cm | Severity=75 | SourceName=Sensor2 | EventType=application
[2026-08-16 20:04:40.032 (UTC)] info/application	[Sensor] Updated distance: 26.85273223573 cm | Severity=75 | SourceName=Sensor2 | EventType=application
[2026-08-16 20:04:41.032 (UTC)] info/application	[Sensor] Updated distance: 25.909492087974 cm | Severity=75 | SourceName=Sensor2 | EventType=application
[2026-08-16 20:04:42.032 (UTC)] info/application	[Sensor] Updated distance: 25.3340141865583 cm | Severity=75 | SourceName=Sensor2 | EventType=application
[2026-08-16 20:04:43.033 (UTC)] info/application	[Sensor] Updated distance: 25.4913448120893 cm | Severity=75 | SourceName=Sensor2 | EventType=application
[2026-08-16 20:04:44.033 (UTC)] info/application	[Sensor] Updated distance: 24.0523139431851 cm | Severity=75 | SourceName=Sensor2 | EventType=application
[2026-08-16 20:04:45.032 (UTC)] info/application	[Sensor] Updated distance: 23.7303652301106 cm | Severity=75 | SourceName=Sensor2 | EventType=application
[2026-08-16 20:04:46.032 (UTC)] info/application	[Sensor] Updated distance: 24.5607060217581 cm | Severity=75 | SourceName=Sensor2 | EventType=application
[2026-08-16 20:04:47.032 (UTC)] info/application	[Sensor] Updated distance: 25.3428341328832 cm | Severity=75 | SourceName=Sensor2 | EventType=application
[2026-08-16 20:04:48.032 (UTC)] info/application	[Sensor] Updated distance: 25.2683477237673 cm | Severity=75 | SourceName=Sensor2 | EventType=application
[2026-08-16 20:04:49.033 (UTC)] info/application	[Sensor] Updated distance: 25.7233416190014 cm | Severity=75 | SourceName=Sensor2 | EventType=application
[2026-08-16 20:04:50.033 (UTC)] info/application	[Sensor] Updated distance: 26.6029308038312 cm | Severity=75 | SourceName=Sensor2 | EventType=application
[2026-08-16 20:04:51.032 (UTC)] info/application	[Sensor] Updated distance: 27.266599262723 cm | Severity=75 | SourceName=Sensor2 | EventType=application
[2026-08-16 20:04:52.032 (UTC)] info/application	[Sensor] Updated distance: 28.1345003864889 cm | Severity=75 | SourceName=Sensor2 | EventType=application
[2026-08-16 20:04:53.032 (UTC)] info/application	[Sensor] Updated distance: 29.0439665201325 cm | Severity=75 | SourceName=Sensor2 | EventType=application
[2026-08-16 20:04:54.032 (UTC)] info/application	[Sensor] Updated distance: 28.5835073739679 cm | Severity=75 | SourceName=Sensor2 | EventType=application
[2026-08-16 20:04:55.031 (UTC)] info/application	[Sensor] Updated distance: 27.7551138981968 cm | Severity=75 | SourceName=Sensor2 | EventType=application
[2026-08-16 20:04:56.031 (UTC)] info/application	[Sensor] Updated distance: 27.0604261320831 cm | Severity=75 | SourceName=Sensor2 | EventType=application
[2026-08-16 20:04:57.031 (UTC)] info/application	[Sensor] Updated distance: 27.7648001582198 cm | Severity=75 | SourceName=Sensor2 | EventType=application
[2026-08-16 20:04:58.032 (UTC)] info/application	[Sensor] Updated distance: 28.6968737431787 cm | Severity=75 | SourceName=Sensor2 | EventType=application
[2026-08-16 20:04:59.031 (UTC)] info/application	[Sensor] Updated distance: 28.3610595210274 cm | Severity=75 | SourceName=Sensor2 | EventType=application
[2026-08-16 20:05:00.031 (UTC)] info/application	[Sensor] Updated distance: 29.2146741979358 cm | Severity=75 | SourceName=Sensor2 | EventType=application
[2026-08-16 20:05:01.032 (UTC)] info/application	[Sensor] Updated distance: 28.3043249218279 cm | Severity=75 | SourceName=Sensor2 | EventType=application
[2026-08-16 20:05:02.032 (UTC)] info/application	[Sensor] Updated distance: 27.7229022729317 cm | Severity=75 | SourceName=Sensor2 | EventType=application
[2026-08-16 20:05:03.032 (UTC)] info/application	[Sensor] Updated distance: 28.801897738968 cm | Severity=75 | SourceName=Sensor2 | EventType=application
[2026-08-16 20:05:04.033 (UTC)] info/application	[Sensor] Updated distance: 29.5323600671405 cm | Severity=75 | SourceName=Sensor2 | EventType=application
[2026-08-16 20:05:05.033 (UTC)] info/application	[Sensor] Updated distance: 30.6386976226413 cm | Severity=75 | SourceName=Sensor2 | EventType=application
[2026-08-16 20:05:06.033 (UTC)] info/application	[Sensor] Updated distance: 29.9241661827193 cm | Severity=75 | SourceName=Sensor2 | EventType=application
[2026-08-16 20:05:07.033 (UTC)] info/application	[Sensor] Updated distance: 28.9630683231927 cm | Severity=75 | SourceName=Sensor2 | EventType=application
[2026-08-16 20:05:08.033 (UTC)] info/application	[Sensor] Updated distance: 28.8144907179822 cm | Severity=75 | SourceName=Sensor2 | EventType=application
[2026-08-16 20:05:09.033 (UTC)] info/application	[Sensor] Updated distance: 28.4829077322422 cm | Severity=75 | SourceName=Sensor2 | EventType=application
[2026-08-16 20:05:10.033 (UTC)] info/application	[Sensor] Updated distance: 28.7085729158523 cm | Severity=75 | SourceName=Sensor2 | EventType=application
[2026-08-16 20:05:11.034 (UTC)] info/application	[Sensor] Updated distance: 29.072448713273 cm | Severity=75 | SourceName=Sensor2 | EventType=application
[2026-08-16 20:05:12.034 (UTC)] info/application	[Sensor] Updated distance: 29.297625579777 cm | Severity=75 | SourceName=Sensor2 | EventType=application
[2026-08-16 20:05:13.034 (UTC)] info/application	[Sensor] Updated distance: 30.4478128619715 cm | Severity=75 | SourceName=Sensor2 | EventType=application
[2026-08-16 20:05:14.025 (UTC)] info/application	[Sensor] Updated distance: 29.4690192835261 cm | Severity=75 | SourceName=Sensor2 | EventType=application
[2026-08-16 20:05:15.025 (UTC)] info/application	[Sensor] Updated distance: 29.7551652811259 cm | Severity=75 | SourceName=Sensor2 | EventType=application
[2026-08-16 20:05:16.025 (UTC)] info/application	[Sensor] Updated distance: 29.083403848849 cm | Severity=75 | SourceName=Sensor2 | EventType=application
[2026-08-16 20:05:17.025 (UTC)] info/application	[Sensor] Updated distance: 30.4349510620511 cm | Severity=75 | SourceName=Sensor2 | EventType=application
[2026-08-16 20:05:18.025 (UTC)] info/application	[Sensor] Updated distance: 30.0032251707759 cm | Severity=75 | SourceName=Sensor2 | EventType=application
[2026-08-16 20:05:19.026 (UTC)] info/application	[Sensor] Updated distance: 30.7569773293831 cm | Severity=75 | SourceName=Sensor2 | EventType=application
[2026-08-16 20:05:20.026 (UTC)] info/application	[Sensor] Updated distance: 31.0635184364224 cm | Severity=75 | SourceName=Sensor2 | EventType=application
[2026-08-16 20:05:21.026 (UTC)] info/application	[Sensor] Updated distance: 30.0113817285799 cm | Severity=75 | SourceName=Sensor2 | EventType=application
[2026-08-16 20:05:22.026 (UTC)] info/application	[Sensor] Updated distance: 29.9288023446821 cm | Severity=75 | SourceName=Sensor2 | EventType=application
[2026-08-16 20:05:23.026 (UTC)] info/application	[Sensor] Updated distance: 29.6032445754871 cm | Severity=75 | SourceName=Sensor2 | EventType=application
[2026-08-16 20:05:24.027 (UTC)] info/application	[Sensor] Updated distance: 30.9605740026853 cm | Severity=75 | SourceName=Sensor2 | EventType=application
[2026-08-16 20:05:25.027 (UTC)] info/application	[Sensor] Updated distance: 31.9175354726229 cm | Severity=75 | SourceName=Sensor2 | EventType=application
[2026-08-16 20:05:26.027 (UTC)] info/application	[Sensor] Updated distance: 32.2635842276568 cm | Severity=75 | SourceName=Sensor2 | EventType=application
[2026-08-16 20:05:27.027 (UTC)] info/application	[Sensor] Updated distance: 31.4262258873443 cm | Severity=75 | SourceName=Sensor2 | EventType=application
[2026-08-16 20:05:28.027 (UTC)] info/application	[Sensor] Updated distance: 31.5875613834185 cm | Severity=75 | SourceName=Sensor2 | EventType=application
[2026-08-16 20:05:29.026 (UTC)] info/application	[Sensor] Updated distance: 31.3656837234114 cm | Severity=75 | SourceName=Sensor2 | EventType=application
[2026-08-16 20:05:30.026 (UTC)] info/application	[Sensor] Updated distance: 31.6925111609476 cm | Severity=75 | SourceName=Sensor2 | EventType=application
[2026-08-16 20:05:31.026 (UTC)] info/application	[Sensor] Updated distance: 31.2074613325333 cm | Severity=75 | SourceName=Sensor2 | EventType=application
[2026-08-16 20:05:32.026 (UTC)] info/application	[Sensor] Updated distance: 31.5752343964182 cm | Severity=75 | SourceName=Sensor2 | EventType=application
[2026-08-16 20:05:33.027 (UTC)] info/application	[Sensor] Updated distance: 32.8206391850583 cm | Severity=75 | SourceName=Sensor2 | EventType=application
[2026-08-16 20:05:34.027 (UTC)] info/application	[Sensor] Updated distance: 31.9145848212832 cm | Severity=75 | SourceName=Sensor2 | EventType=application
[2026-08-16 20:05:35.027 (UTC)] info/application	[Sensor] Updated distance: 31.5128202119436 cm | Severity=75 | SourceName=Sensor2 | EventType=application
[2026-08-16 20:05:36.027 (UTC)] info/application	[Sensor] Updated distance: 32.3645625560845 cm | Severity=75 | SourceName=Sensor2 | EventType=application
[2026-08-16 20:05:37.028 (UTC)] info/application	[Sensor] Updated distance: 32.2439767523874 cm | Severity=75 | SourceName=Sensor2 | EventType=application
[2026-08-16 20:05:38.028 (UTC)] info/application	[Sensor] Updated distance: 32.3811142849182 cm | Severity=75 | SourceName=Sensor2 | EventType=application
[2026-08-16 20:05:39.028 (UTC)] info/application	[Sensor] Updated distance: 31.5842790224516 cm | Severity=75 | SourceName=Sensor2 | EventType=application
[2026-08-16 20:05:40.028 (UTC)] info/application	[Sensor] Updated distance: 32.6321102344115 cm | Severity=75 | SourceName=Sensor2 | EventType=application
[2026-08-16 20:05:41.028 (UTC)] info/application	[Sensor] Updated distance: 31.4949129491555 cm | Severity=75 | SourceName=Sensor2 | EventType=application
[2026-08-16 20:05:42.029 (UTC)] info/application	[Sensor] Updated distance: 32.5619534855066 cm | Severity=75 | SourceName=Sensor2 | EventType=application
[2026-08-16 20:05:43.029 (UTC)] info/application	[Sensor] Updated distance: 32.3349615625734 cm | Severity=75 | SourceName=Sensor2 | EventType=application
[2026-08-16 20:05:44.029 (UTC)] info/application	[Sensor] Updated distance: 30.8479515595119 cm | Severity=75 | SourceName=Sensor2 | EventType=application
[2026-08-16 20:05:45.029 (UTC)] info/application	[Sensor] Updated distance: 29.4361985160207 cm | Severity=75 | SourceName=Sensor2 | EventType=application
[2026-08-16 20:05:46.029 (UTC)] info/application	[Sensor] Updated distance: 27.9953525906873 cm | Severity=75 | SourceName=Sensor2 | EventType=application
[2026-08-16 20:05:47.029 (UTC)] info/application	[Sensor] Updated distance: 27.3365811553488 cm | Severity=75 | SourceName=Sensor2 | EventType=application
[2026-08-16 20:05:48.029 (UTC)] info/application	[Sensor] Updated distance: 28.7763753264567 cm | Severity=75 | SourceName=Sensor2 | EventType=application
[2026-08-16 20:05:49.029 (UTC)] info/application	[Sensor] Updated distance: 28.4038035098481 cm | Severity=75 | SourceName=Sensor2 | EventType=application
[2026-08-16 20:05:50.029 (UTC)] info/application	[Sensor] Updated distance: 26.9987842331169 cm | Severity=75 | SourceName=Sensor2 | EventType=application
[2026-08-16 20:05:51.029 (UTC)] info/application	[Sensor] Updated distance: 27.245119509867 cm | Severity=75 | SourceName=Sensor2 | EventType=application
[2026-08-16 20:05:52.029 (UTC)] info/application	[Sensor] Updated distance: 27.320410985416 cm | Severity=75 | SourceName=Sensor2 | EventType=application
[2026-08-16 20:05:53.029 (UTC)] info/application	[Sensor] Updated distance: 27.3328123247869 cm | Severity=75 | SourceName=Sensor2 | EventType=application
[2026-08-16 20:05:54.030 (UTC)] info/application	[Sensor] Updated distance: 28.753589832342 cm | Severity=75 | SourceName=Sensor2 | EventType=application
[2026-08-16 20:05:55.030 (UTC)] info/application	[Sensor] Updated distance: 28.6862107336923 cm | Severity=75 | SourceName=Sensor2 | EventType=application
[2026-08-16 20:05:56.030 (UTC)] info/application	[Sensor] Updated distance: 28.1555735430008 cm | Severity=75 | SourceName=Sensor2 | EventType=application
[2026-08-16 20:05:57.030 (UTC)] info/application	[Sensor] Updated distance: 28.4223998055898 cm | Severity=75 | SourceName=Sensor2 | EventType=application
[2026-08-16 20:05:58.030 (UTC)] info/application	[Sensor] Updated distance: 29.0176623666276 cm | Severity=75 | SourceName=Sensor2 | EventType=application
[2026-08-16 20:05:59.030 (UTC)] info/application	[Sensor] Updated distance: 30.1483606720103 cm | Severity=75 | SourceName=Sensor2 | EventType=application
[2026-08-16 20:06:00.030 (UTC)] info/application	[Sensor] Updated distance: 28.6933092731951 cm | Severity=75 | SourceName=Sensor2 | EventType=application
[2026-08-16 20:06:01.031 (UTC)] info/application	[Sensor] Updated distance: 28.1153992717692 cm | Severity=75 | SourceName=Sensor2 | EventType=application
[2026-08-16 20:06:02.030 (UTC)] info/application	[Sensor] Updated distance: 27.2610477473405 cm | Severity=75 | SourceName=Sensor2 | EventType=application
[2026-08-16 20:06:03.030 (UTC)] info/application	[Sensor] Updated distance: 27.6737694124103 cm | Severity=75 | SourceName=Sensor2 | EventType=application
[2026-08-16 20:06:04.030 (UTC)] info/application	[Sensor] Updated distance: 26.8412641982274 cm | Severity=75 | SourceName=Sensor2 | EventType=application
[2026-08-16 20:06:05.030 (UTC)] info/application	[Sensor] Updated distance: 26.5808583100237 cm | Severity=75 | SourceName=Sensor2 | EventType=application
[2026-08-16 20:06:06.031 (UTC)] info/application	[Sensor] Updated distance: 25.091815365754 cm | Severity=75 | SourceName=Sensor2 | EventType=application
[2026-08-16 20:06:07.031 (UTC)] info/application	[Sensor] Updated distance: 23.611052494315 cm | Severity=75 | SourceName=Sensor2 | EventType=application
[2026-08-16 20:06:08.032 (UTC)] info/application	[Sensor] Updated distance: 24.7300608038111 cm | Severity=75 | SourceName=Sensor2 | EventType=application
[2026-08-16 20:06:09.032 (UTC)] info/application	[Sensor] Updated distance: 24.8781553920722 cm | Severity=75 | SourceName=Sensor2 | EventType=application
[2026-08-16 20:06:10.033 (UTC)] info/application	[Sensor] Updated distance: 24.1005572595636 cm | Severity=75 | SourceName=Sensor2 | EventType=application
[2026-08-16 20:06:11.033 (UTC)] info/application	[Sensor] Updated distance: 24.7673967796226 cm | Severity=75 | SourceName=Sensor2 | EventType=application
[2026-08-16 20:06:12.033 (UTC)] info/application	[Sensor] Updated distance: 25.2782940826278 cm | Severity=75 | SourceName=Sensor2 | EventType=application
[2026-08-16 20:06:13.032 (UTC)] info/application	[Sensor] Updated distance: 24.0677364850732 cm | Severity=75 | SourceName=Sensor2 | EventType=application
[2026-08-16 20:06:14.031 (UTC)] info/application	[Sensor] Updated distance: 23.0075840808021 cm | Severity=75 | SourceName=Sensor2 | EventType=application
[2026-08-16 20:06:15.031 (UTC)] info/application	[Sensor] Updated distance: 23.5314713807457 cm | Severity=75 | SourceName=Sensor2 | EventType=application
[2026-08-16 20:06:16.031 (UTC)] info/application	[Sensor] Updated distance: 22.4091607396999 cm | Severity=75 | SourceName=Sensor2 | EventType=application
[2026-08-16 20:06:17.031 (UTC)] info/application	[Sensor] Updated distance: 21.4081624100954 cm | Severity=75 | SourceName=Sensor2 | EventType=application
[2026-08-16 20:06:18.031 (UTC)] info/application	[Sensor] Updated distance: 22.7732782760976 cm | Severity=75 | SourceName=Sensor2 | EventType=application
[2026-08-16 20:06:19.031 (UTC)] info/application	[Sensor] Updated distance: 21.5907618047626 cm | Severity=75 | SourceName=Sensor2 | EventType=application
[2026-08-16 20:06:20.031 (UTC)] info/application	[Sensor] Updated distance: 21.7171916585496 cm | Severity=75 | SourceName=Sensor2 | EventType=application
[2026-08-16 20:06:21.031 (UTC)] info/application	[Sensor] Updated distance: 23.1772882478206 cm | Severity=75 | SourceName=Sensor2 | EventType=application
[2026-08-16 20:06:22.031 (UTC)] info/application	[Sensor] Updated distance: 23.7411070546327 cm | Severity=75 | SourceName=Sensor2 | EventType=application
[2026-08-16 20:06:23.031 (UTC)] info/application	[Sensor] Updated distance: 22.4428283839686 cm | Severity=75 | SourceName=Sensor2 | EventType=application
[2026-08-16 20:06:24.031 (UTC)] info/application	[Sensor] Updated distance: 22.4153263112136 cm | Severity=75 | SourceName=Sensor2 | EventType=application
[2026-08-16 20:06:25.031 (UTC)] info/application	[Sensor] Updated distance: 22.8999226241838 cm | Severity=75 | SourceName=Sensor2 | EventType=application
[2026-08-16 20:06:26.031 (UTC)] info/application	[Sensor] Updated distance: 23.0342648548699 cm | Severity=75 | SourceName=Sensor2 | EventType=application
[2026-08-16 20:06:27.031 (UTC)] info/application	[Sensor] Updated distance: 23.9761255914234 cm | Severity=75 | SourceName=Sensor2 | EventType=application
[2026-08-16 20:06:28.031 (UTC)] info/application	[Sensor] Updated distance: 23.2275481655856 cm | Severity=75 | SourceName=Sensor2 | EventType=application
[2026-08-16 20:06:29.031 (UTC)] info/application	[Sensor] Updated distance: 22.4571529573096 cm | Severity=75 | SourceName=Sensor2 | EventType=application
[2026-08-16 20:06:30.032 (UTC)] info/application	[Sensor] Updated distance: 23.0297119978488 cm | Severity=75 | SourceName=Sensor2 | EventType=application
[2026-08-16 20:06:31.032 (UTC)] info/application	[Sensor] Updated distance: 22.3260831731959 cm | Severity=75 | SourceName=Sensor2 | EventType=application
[2026-08-16 20:06:32.032 (UTC)] info/application	[Sensor] Updated distance: 22.4777779634938 cm | Severity=75 | SourceName=Sensor2 | EventType=application
[2026-08-16 20:06:33.032 (UTC)] info/application	[Sensor] Updated distance: 23.6959854796044 cm | Severity=75 | SourceName=Sensor2 | EventType=application
[2026-08-16 20:06:34.033 (UTC)] info/application	[Sensor] Updated distance: 24.9050783214183 cm | Severity=75 | SourceName=Sensor2 | EventType=application
[2026-08-16 20:06:35.033 (UTC)] info/application	[Sensor] Updated distance: 25.7242678975334 cm | Severity=75 | SourceName=Sensor2 | EventType=application
[2026-08-16 20:06:36.033 (UTC)] info/application	[Sensor] Updated distance: 25.1820695254403 cm | Severity=75 | SourceName=Sensor2 | EventType=application
[2026-08-16 20:06:37.034 (UTC)] info/application	[Sensor] Updated distance: 26.4021194229844 cm | Severity=75 | SourceName=Sensor2 | EventType=application
[2026-08-16 20:06:38.034 (UTC)] info/application	[Sensor] Updated distance: 27.2405461290574 cm | Severity=75 | SourceName=Sensor2 | EventType=application
[2026-08-16 20:06:39.034 (UTC)] info/application	[Sensor] Updated distance: 26.3173560650634 cm | Severity=75 | SourceName=Sensor2 | EventType=application
[2026-08-16 20:06:40.025 (UTC)] info/application	[Sensor] Updated distance: 26.1855005494717 cm | Severity=75 | SourceName=Sensor2 | EventType=application
[2026-08-16 20:06:41.025 (UTC)] info/application	[Sensor] Updated distance: 24.7463291216392 cm | Severity=75 | SourceName=Sensor2 | EventType=application
[2026-08-16 20:06:42.025 (UTC)] info/application	[Sensor] Updated distance: 25.9899785777042 cm | Severity=75 | SourceName=Sensor2 | EventType=application
[2026-08-16 20:06:43.025 (UTC)] info/application	[Sensor] Updated distance: 24.8690203637206 cm | Severity=75 | SourceName=Sensor2 | EventType=application
[2026-08-16 20:06:44.026 (UTC)] info/application	[Sensor] Updated distance: 23.7192913383335 cm | Severity=75 | SourceName=Sensor2 | EventType=application
[2026-08-16 20:06:45.026 (UTC)] info/application	[Sensor] Updated distance: 22.4027883887304 cm | Severity=75 | SourceName=Sensor2 | EventType=application
[2026-08-16 20:06:46.026 (UTC)] info/application	[Sensor] Updated distance: 23.3057174760875 cm | Severity=75 | SourceName=Sensor2 | EventType=application
[2026-08-16 20:06:47.026 (UTC)] info/application	[Sensor] Updated distance: 22.5336778096546 cm | Severity=75 | SourceName=Sensor2 | EventType=application
[2026-08-16 20:06:48.026 (UTC)] info/application	[Sensor] Updated distance: 21.7161765318439 cm | Severity=75 | SourceName=Sensor2 | EventType=application
[2026-08-16 20:06:49.027 (UTC)] info/application	[Sensor] Updated distance: 22.4842214838062 cm | Severity=75 | SourceName=Sensor2 | EventType=application
[2026-08-16 20:06:50.027 (UTC)] info/application	[Sensor] Updated distance: 22.0296653474354 cm | Severity=75 | SourceName=Sensor2 | EventType=application
[2026-08-16 20:06:51.027 (UTC)] info/application	[Sensor] Updated distance: 22.8385939234116 cm | Severity=75 | SourceName=Sensor2 | EventType=application
[2026-08-16 20:06:52.027 (UTC)] info/application	[Sensor] Updated distance: 23.566735463248 cm | Severity=75 | SourceName=Sensor2 | EventType=application
[2026-08-16 20:06:53.028 (UTC)] info/application	[Sensor] Updated distance: 22.1759981322922 cm | Severity=75 | SourceName=Sensor2 | EventType=application
[2026-08-16 20:06:54.028 (UTC)] info/application	[Sensor] Updated distance: 23.1866480376044 cm | Severity=75 | SourceName=Sensor2 | EventType=application
[2026-08-16 20:06:55.029 (UTC)] info/application	[Sensor] Updated distance: 22.3872875032887 cm | Severity=75 | SourceName=Sensor2 | EventType=application
[2026-08-16 20:06:56.028 (UTC)] info/application	[Sensor] Updated distance: 22.9811464853031 cm | Severity=75 | SourceName=Sensor2 | EventType=application
[2026-08-16 20:06:57.028 (UTC)] info/application	[Sensor] Updated distance: 22.6261386213014 cm | Severity=75 | SourceName=Sensor2 | EventType=application
[2026-08-16 20:06:58.027 (UTC)] info/application	[Sensor] Updated distance: 21.2686388235393 cm | Severity=75 | SourceName=Sensor2 | EventType=application
[2026-08-16 20:06:59.026 (UTC)] info/application	[Sensor] Updated distance: 22.6139203811129 cm | Severity=75 | SourceName=Sensor2 | EventType=application
[2026-08-16 20:07:00.026 (UTC)] info/application	[Sensor] Updated distance: 22.9885173088352 cm | Severity=75 | SourceName=Sensor2 | EventType=application
[2026-08-16 20:07:01.027 (UTC)] info/application	[Sensor] Updated distance: 23.7035765516123 cm | Severity=75 | SourceName=Sensor2 | EventType=application
[2026-08-16 20:07:02.027 (UTC)] info/application	[Sensor] Updated distance: 22.845229283136 cm | Severity=75 | SourceName=Sensor2 | EventType=application
[2026-08-16 20:07:03.027 (UTC)] info/application	[Sensor] Updated distance: 21.8715209997592 cm | Severity=75 | SourceName=Sensor2 | EventType=application
[2026-08-16 20:07:04.027 (UTC)] info/application	[Sensor] Updated distance: 