[SPOOF] Connecting to aggregation_server@4840 (anonymous, no auth)...
[2026-08-17 04:02:09.993 (UTC+0800)] [32minfo/network[0m	TCP 8	| Opening a connection to "127.0.0.1" on port 4840
[2026-08-17 04:02:10.095 (UTC+0800)] [32minfo/channel[0m	TCP 8	| SC 8	| SecureChannel opened with SecurityMode None for SecurityPolicy http://opcfoundation.org/UA/SecurityPolicy#None and a revised lifetime of 600.0s
[2026-08-17 04:02:10.095 (UTC+0800)] [32minfo/client[0m	Client Status: ChannelState: Open, SessionState: Closed, ConnectStatus: Good
[2026-08-17 04:02:10.095 (UTC+0800)] [32minfo/client[0m	The initially defined EndpointURL opc.tcp://127.0.0.1:4840 is valid for the server
[2026-08-17 04:02:10.095 (UTC+0800)] [33mwarn/client[0m	The server returned Endpoints with a different EndpointUrl opc.tcp://MSI:4840 than was used to initialize the connection: opc.tcp://127.0.0.1:4840. Some servers require a complete match of the EndpointUrl/DiscoveryUrl (including the path) to return all endpoints.
[2026-08-17 04:02:10.095 (UTC+0800)] [32minfo/client[0m	Endpoint 0: Best endpoint so far with UserTokenPolicy open62541-anonymous-policy-none#None
[2026-08-17 04:02:10.095 (UTC+0800)] [32minfo/client[0m	Endpoint 0 selected with SecurityMode None, SecurityPolicy http://opcfoundation.org/UA/SecurityPolicy#None and UserTokenPolicy open62541-anonymous-policy-none#None
[2026-08-17 04:02:10.095 (UTC+0800)] [32minfo/client[0m	CreateSession: Using UserTokenPolicy open62541-anonymous-policy-none#None
[2026-08-17 04:02:10.096 (UTC+0800)] [32minfo/client[0m	Client Status: ChannelState: Open, SessionState: Created, ConnectStatus: Good
[2026-08-17 04:02:10.096 (UTC+0800)] [32minfo/client[0m	ActivateSession: Using UserTokenPolicy open62541-anonymous-policy-none#None
[2026-08-17 04:02:10.097 (UTC+0800)] [32minfo/client[0m	Client Status: ChannelState: Open, SessionState: Activated, ConnectStatus: Good
[SPOOF] Connected. Lurking for 300 s, sparsely injecting 5 fake logs...
[SPOOF] t=0s injected (as Sensor2): [2026-08-16 20:02:10.098 (UTC)] info/application	[Sensor] Updated distance: 17.7362362294161 cm | Severity=75 | SourceName=Sensor2 | EventType=application
[SPOOF] t=53s injected (as Sensor2): [2026-08-16 20:03:03.126 (UTC)] info/application	[Sensor] Updated distance: 21.5718275995794 cm | Severity=75 | SourceName=Sensor2 | EventType=application
[SPOOF] t=56s injected (as Sensor2): [2026-08-16 20:03:06.128 (UTC)] info/application	[Sensor] Updated distance: 21.978466713791 cm | Severity=75 | SourceName=Sensor2 | EventType=application
[SPOOF] t=144s injected (as Sensor2): [2026-08-16 20:04:34.177 (UTC)] info/application	[Sensor] Updated distance: 48.1627292251972 cm | Severity=75 | SourceName=Sensor2 | EventType=application
[SPOOF] t=190s injected (as Sensor2): [2026-08-16 20:05:20.002 (UTC)] info/application	[Sensor] Updated distance: 5.20785465985902 cm | Severity=75 | SourceName=Sensor2 | EventType=application
[SPOOF] Done (5/5 injected). Disconnecting.
[2026-08-17 04:07:10.066 (UTC+0800)] [32minfo/channel[0m	TCP 8	| SC 8	| SecureChannel closed
[2026-08-17 04:07:10.066 (UTC+0800)] [32minfo/client[0m	Client Status: ChannelState: Closed, SessionState: Closed, ConnectStatus: BadConnectionClosed
[2026-08-17 04:07:10.066 (UTC+0800)] [32minfo/network[0m	TCP 8	| Socket closed
