[2026-08-17 02:57:40.043 (UTC+0800)] [33mwarn/server[0m	AccessControl: Unconfigured AccessControl. Users have all permissions.
[2026-08-17 02:57:40.043 (UTC+0800)] [32minfo/server[0m	AccessControl: Anonymous login is enabled
[2026-08-17 02:57:40.043 (UTC+0800)] [33mwarn/server[0m	x509 Certificate Authentication configured, but no encrypting SecurityPolicy. This can leak credentials on the network.
[2026-08-17 02:57:40.078 (UTC+0800)] [33mwarn/application[0m	ServerUrls already set. Overriding.
[2026-08-17 02:57:40.078 (UTC+0800)] [33mwarn/server[0m	AccessControl: Unconfigured AccessControl. Users have all permissions.
[2026-08-17 02:57:40.078 (UTC+0800)] [32minfo/server[0m	AccessControl: Anonymous login is enabled
[2026-08-17 02:57:40.078 (UTC+0800)] [33mwarn/server[0m	x509 Certificate Authentication configured, but no encrypting SecurityPolicy. This can leak credentials on the network.
[2026-08-17 02:57:40.078 (UTC+0800)] [33mwarn/server[0m	x509 Certificate Authentication configured, but no encrypting SecurityPolicy. This can leak credentials on the network.
[2026-08-16 18:57:40.078 (UTC)] info/application	Sensor Server online (Client/Server mode, id=3 port=4844) | Severity=75 | SourceName=Sensor3 | EventType=application
Entering background polling mode: attempting to connect to Aggregation Server...
Connected successfully. Log forwarding started.
[2026-08-16 18:57:41.084 (UTC)] info/application	[Sensor] Updated distance: 25.7205545754268 cm | Severity=75 | SourceName=Sensor3 | EventType=application
[2026-08-16 18:57:42.053 (UTC)] info/network	[System] TCP 16	| Connection opened from "127.0.0.1" via the server socket 8 | Severity=75 | SourceName=System | EventType=network
[2026-08-16 18:57:42.053 (UTC)] info/channel	[System] TCP 16	| SC 1	| SecureChannel created | Severity=75 | SourceName=System | EventType=channel
[2026-08-16 18:57:42.074 (UTC)] info/channel	[System] TCP 16	| SC 1	| OpenSecureChannel: Channel opened with SecurityMode None for SecurityPolicy http://opcfoundation.org/UA/SecurityPolicy#None and a revised lifetime of 600.0s | Severity=75 | SourceName=System | EventType=channel
[2026-08-16 18:57:42.084 (UTC)] info/application	[Sensor] Updated distance: 24.4785185002156 cm | Severity=75 | SourceName=Sensor3 | EventType=application
[2026-08-16 18:57:42.094 (UTC)] warn/client	[System] Removing a UserTokenPolicy that would allow the password to be transmitted without encryption (Can be enabled via config->allowNonePolicyPassword) | Severity=175 | SourceName=System | EventType=client
[2026-08-16 18:57:42.094 (UTC)] warn/client	[System] Removing a UserTokenPolicy that would allow the password to be transmitted without encryption (Can be enabled via config->allowNonePolicyPassword) | Severity=175 | SourceName=System | EventType=client
[2026-08-16 18:57:42.105 (UTC)] warn/client	[System] Removing a UserTokenPolicy that would allow the password to be transmitted without encryption (Can be enabled via config->allowNonePolicyPassword) | Severity=175 | SourceName=System | EventType=client
[2026-08-16 18:57:42.105 (UTC)] warn/client	[System] Removing a UserTokenPolicy that would allow the password to be transmitted without encryption (Can be enabled via config->allowNonePolicyPassword) | Severity=175 | SourceName=System | EventType=client
[2026-08-16 18:57:42.106 (UTC)] info/session	[System] TCP 16	| SC 1	| Session "ns=1;g=75e37fde-1164-fe60-a12a-42a457a5fadf"	| Session created | Severity=75 | SourceName=System | EventType=session
[2026-08-16 18:57:42.116 (UTC)] info/session	[System] TCP 16	| SC 1	| Session "ns=1;g=75e37fde-1164-fe60-a12a-42a457a5fadf"	| ActivateSession: Session activated with ClientUserId "" | Severity=75 | SourceName=System | EventType=session
[2026-08-16 18:57:42.501 (UTC)] info/session	[System] TCP 16	| SC 1	| Session "ns=1;g=75e37fde-1164-fe60-a12a-42a457a5fadf"	| Subscription 1 | Subscription created (Publishing interval 500.0ms, max 1000 notifications per publish) | Severity=75 | SourceName=System | EventType=session
[2026-08-16 18:57:42.512 (UTC)] info/session	[System] TCP 16	| SC 1	| Session "ns=1;g=75e37fde-1164-fe60-a12a-42a457a5fadf"	| Subscription 1 | MonitoredItem 1 | Created the MonitoredItem (Sampling Interval: 250.0ms, Queue Size: 1) | Severity=75 | SourceName=System | EventType=session
[2026-08-16 18:57:43.088 (UTC)] info/application	[Sensor] Updated distance: 23.2649342882284 cm | Severity=75 | SourceName=Sensor3 | EventType=application
[2026-08-16 18:57:44.088 (UTC)] info/application	[Sensor] Updated distance: 22.3961840902437 cm | Severity=75 | SourceName=Sensor3 | EventType=application
[2026-08-16 18:57:45.142 (UTC)] info/application	[Sensor] Updated distance: 21.7391914526183 cm | Severity=75 | SourceName=Sensor3 | EventType=application
[2026-08-16 18:57:45.142 (UTC)] info/network	[System] TCP 17	| Connection opened from "127.0.0.1" via the server socket 8 | Severity=75 | SourceName=System | EventType=network
[2026-08-16 18:57:45.142 (UTC)] info/channel	[System] TCP 17	| SC 2	| SecureChannel created | Severity=75 | SourceName=System | EventType=channel
[2026-08-16 18:57:45.162 (UTC)] info/channel	[System] TCP 17	| SC 2	| OpenSecureChannel: Channel opened with SecurityMode None for SecurityPolicy http://opcfoundation.org/UA/SecurityPolicy#None and a revised lifetime of 600.0s | Severity=75 | SourceName=System | EventType=channel
[2026-08-16 18:57:45.183 (UTC)] warn/client	[System] Removing a UserTokenPolicy that would allow the password to be transmitted without encryption (Can be enabled via config->allowNonePolicyPassword) | Severity=175 | SourceName=System | EventType=client
[2026-08-16 18:57:45.183 (UTC)] warn/client	[System] Removing a UserTokenPolicy that would allow the password to be transmitted without encryption (Can be enabled via config->allowNonePolicyPassword) | Severity=175 | SourceName=System | EventType=client
[2026-08-16 18:57:45.194 (UTC)] warn/client	[System] Removing a UserTokenPolicy that would allow the password to be transmitted without encryption (Can be enabled via config->allowNonePolicyPassword) | Severity=175 | SourceName=System | EventType=client
[2026-08-16 18:57:45.194 (UTC)] warn/client	[System] Removing a UserTokenPolicy that would allow the password to be transmitted without encryption (Can be enabled via config->allowNonePolicyPassword) | Severity=175 | SourceName=System | EventType=client
[2026-08-16 18:57:45.194 (UTC)] info/session	[System] TCP 17	| SC 2	| Session "ns=1;g=0b5d9c4e-bde4-0228-d52d-2202f93f33d3"	| Session created | Severity=75 | SourceName=System | EventType=session
[2026-08-16 18:57:45.205 (UTC)] info/session	[System] TCP 17	| SC 2	| Session "ns=1;g=0b5d9c4e-bde4-0228-d52d-2202f93f33d3"	| ActivateSession: Session activated with ClientUserId "" | Severity=75 | SourceName=System | EventType=session
[2026-08-16 18:57:46.085 (UTC)] info/application	[Sensor] Updated distance: 22.4647730334964 cm | Severity=75 | SourceName=Sensor3 | EventType=application
[2026-08-16 18:57:47.085 (UTC)] info/application	[Sensor] Updated distance: 22.8013498733292 cm | Severity=75 | SourceName=Sensor3 | EventType=application
[2026-08-16 18:57:48.086 (UTC)] info/application	[Sensor] Updated distance: 21.584342416648 cm | Severity=75 | SourceName=Sensor3 | EventType=application
[2026-08-16 18:57:49.086 (UTC)] info/application	[Sensor] Updated distance: 20.7275512736419 cm | Severity=75 | SourceName=Sensor3 | EventType=application
[2026-08-16 18:57:50.086 (UTC)] info/application	[Sensor] Updated distance: 20.5043450526448 cm | Severity=75 | SourceName=Sensor3 | EventType=application
[2026-08-16 18:57:51.086 (UTC)] info/application	[Sensor] Updated distance: 19.3948164479317 cm | Severity=75 | SourceName=Sensor3 | EventType=application
[2026-08-16 18:57:52.087 (UTC)] info/application	[Sensor] Updated distance: 19.6401846612059 cm | Severity=75 | SourceName=Sensor3 | EventType=application
[2026-08-16 18:57:53.087 (UTC)] info/application	[Sensor] Updated distance: 20.7773953044216 cm | Severity=75 | SourceName=Sensor3 | EventType=application
[2026-08-16 18:57:54.087 (UTC)] info/application	[Sensor] Updated distance: 19.8266671094236 cm | Severity=75 | SourceName=Sensor3 | EventType=application
[2026-08-16 18:57:55.087 (UTC)] info/application	[Sensor] Updated distance: 18.7632404390086 cm | Severity=75 | SourceName=Sensor3 | EventType=application
[2026-08-16 18:57:56.087 (UTC)] info/application	[Sensor] Updated distance: 19.8866467792013 cm | Severity=75 | SourceName=Sensor3 | EventType=application
[2026-08-16 18:57:57.088 (UTC)] info/application	[Sensor] Updated distance: 20.2389191993228 cm | Severity=75 | SourceName=Sensor3 | EventType=application
[2026-08-16 18:57:58.088 (UTC)] info/application	[Sensor] Updated distance: 19.0515507781187 cm | Severity=75 | SourceName=Sensor3 | EventType=application
[2026-08-16 18:57:59.088 (UTC)] info/application	[Sensor] Updated distance: 19.6184911327988 cm | Severity=75 | SourceName=Sensor3 | EventType=application
[2026-08-16 18:58:00.088 (UTC)] info/application	[Sensor] Updated distance: 18.9502973486438 cm | Severity=75 | SourceName=Sensor3 | EventType=application
[2026-08-16 18:58:01.088 (UTC)] info/application	[Sensor] Updated distance: 19.032187452322 cm | Severity=75 | SourceName=Sensor3 | EventType=application
[2026-08-16 18:58:02.088 (UTC)] info/application	[Sensor] Updated distance: 19.9999826466665 cm | Severity=75 | SourceName=Sensor3 | EventType=application
[2026-08-16 18:58:03.087 (UTC)] info/application	[Sensor] Updated distance: 18.9013055876835 cm | Severity=75 | SourceName=Sensor3 | EventType=application
[2026-08-16 18:58:04.087 (UTC)] info/application	[Sensor] Updated distance: 18.8358094612303 cm | Severity=75 | SourceName=Sensor3 | EventType=application
[2026-08-16 18:58:05.087 (UTC)] info/application	[Sensor] Updated distance: 18.4972539460274 cm | Severity=75 | SourceName=Sensor3 | EventType=application
[2026-08-16 18:58:06.087 (UTC)] info/application	[Sensor] Updated distance: 18.3150414593122 cm | Severity=75 | SourceName=Sensor3 | EventType=application
[2026-08-16 18:58:07.087 (UTC)] info/application	[Sensor] Updated distance: 18.1277055063414 cm | Severity=75 | SourceName=Sensor3 | EventType=application
[2026-08-16 18:58:08.087 (UTC)] info/application	[Sensor] Updated distance: 17.6728537639942 cm | Severity=75 | SourceName=Sensor3 | EventType=application
[2026-08-16 18:58:09.087 (UTC)] info/application	[Sensor] Updated distance: 18.6986262473271 cm | Severity=75 | SourceName=Sensor3 | EventType=application
[2026-08-16 18:58:10.087 (UTC)] info/application	[Sensor] Updated distance: 19.5900813949248 cm | Severity=75 | SourceName=Sensor3 | EventType=application
[2026-08-16 18:58:11.087 (UTC)] info/application	[Sensor] Updated distance: 18.1598484621662 cm | Severity=75 | SourceName=Sensor3 | EventType=application
[2026-08-16 18:58:12.088 (UTC)] info/application	[Sensor] Updated distance: 17.4061755195289 cm | Severity=75 | SourceName=Sensor3 | EventType=application
[2026-08-16 18:58:13.048 (UTC)] info/session	[System] TCP 17	| SC 2	| Session "ns=1;g=0b5d9c4e-bde4-0228-d52d-2202f93f33d3"	| WriteRequest returned status code BadUserAccessDenied | Severity=75 | SourceName=System | EventType=session
[2026-08-16 18:58:13.078 (UTC)] info/application	[Sensor] Updated distance: 18.5555945919154 cm | Severity=75 | SourceName=Sensor3 | EventType=application
[2026-08-16 18:58:14.088 (UTC)] info/application	[Sensor] Updated distance: 17.4117774471696 cm | Severity=75 | SourceName=Sensor3 | EventType=application
[2026-08-16 18:58:15.088 (UTC)] info/application	[Sensor] Updated distance: 17.2893543065476 cm | Severity=75 | SourceName=Sensor3 | EventType=application
[2026-08-16 18:58:16.079 (UTC)] info/application	[Sensor] Updated distance: 16.2817807413087 cm | Severity=75 | SourceName=Sensor3 | EventType=application
[2026-08-16 18:58:17.079 (UTC)] info/application	[Sensor] Updated distance: 17.3635451788379 cm | Severity=75 | SourceName=Sensor3 | EventType=application
[2026-08-16 18:58:18.079 (UTC)] info/application	[Sensor] Updated distance: 16.0776988766518 cm | Severity=75 | SourceName=Sensor3 | EventType=application
[2026-08-16 18:58:19.080 (UTC)] info/application	[Sensor] Updated distance: 15.3531178547317 cm | Severity=75 | SourceName=Sensor3 | EventType=application
[2026-08-16 18:58:20.080 (UTC)] info/application	[Sensor] Updated distance: 14.0780911478578 cm | Severity=75 | SourceName=Sensor3 | EventType=application
[2026-08-16 18:58:21.080 (UTC)] info/application	[Sensor] Updated distance: 14.0690386260716 cm | Severity=75 | SourceName=Sensor3 | EventType=application
[2026-08-16 18:58:22.081 (UTC)] info/application	[Sensor] Updated distance: 13.7349289994384 cm | Severity=75 | SourceName=Sensor3 | EventType=application
[2026-08-16 18:58:23.081 (UTC)] info/application	[Sensor] Updated distance: 14.2052705058387 cm | Severity=75 | SourceName=Sensor3 | EventType=application
[2026-08-16 18:58:24.081 (UTC)] info/application	[Sensor] Updated distance: 13.8334286258712 cm | Severity=75 | SourceName=Sensor3 | EventType=application
[2026-08-16 18:58:25.081 (UTC)] info/application	[Sensor] Updated distance: 14.04859080424 cm | Severity=75 | SourceName=Sensor3 | EventType=application
[2026-08-16 18:58:26.081 (UTC)] info/application	[Sensor] Updated distance: 14.9555056402253 cm | Severity=75 | SourceName=Sensor3 | EventType=application
[2026-08-16 18:58:27.080 (UTC)] info/application	[Sensor] Updated distance: 14.2070700990535 cm | Severity=75 | SourceName=Sensor3 | EventType=application
[2026-08-16 18:58:28.080 (UTC)] info/application	[Sensor] Updated distance: 13.2745046961468 cm | Severity=75 | SourceName=Sensor3 | EventType=application
[2026-08-16 18:58:29.080 (UTC)] info/application	[Sensor] Updated distance: 14.494051110928 cm | Severity=75 | SourceName=Sensor3 | EventType=application
[2026-08-16 18:58:30.080 (UTC)] info/application	[Sensor] Updated distance: 15.8125559244364 cm | Severity=75 | SourceName=Sensor3 | EventType=application
[2026-08-16 18:58:31.081 (UTC)] info/application	[Sensor] Updated distance: 15.7117967373747 cm | Severity=75 | SourceName=Sensor3 | EventType=application
[2026-08-16 18:58:32.081 (UTC)] info/application	[Sensor] Updated distance: 15.513233254437 cm | Severity=75 | SourceName=Sensor3 | EventType=application
[2026-08-16 18:58:33.081 (UTC)] info/application	[Sensor] Updated distance: 16.2995332622899 cm | Severity=75 | SourceName=Sensor3 | EventType=application
[2026-08-16 18:58:34.081 (UTC)] info/application	[Sensor] Updated distance: 16.6000970162452 cm | Severity=75 | SourceName=Sensor3 | EventType=application
[2026-08-16 18:58:35.081 (UTC)] info/application	[Sensor] Updated distance: 17.8360374068544 cm | Severity=75 | SourceName=Sensor3 | EventType=application
[2026-08-16 18:58:36.082 (UTC)] info/application	[Sensor] Updated distance: 16.7837818981073 cm | Severity=75 | SourceName=Sensor3 | EventType=application
[2026-08-16 18:58:37.082 (UTC)] info/application	[Sensor] Updated distance: 15.4021331639505 cm | Severity=75 | SourceName=Sensor3 | EventType=application
[2026-08-16 18:58:38.082 (UTC)] info/application	[Sensor] Updated distance: 14.9507376015888 cm | Severity=75 | SourceName=Sensor3 | EventType=application
[2026-08-16 18:58:39.082 (UTC)] info/application	[Sensor] Updated distance: 14.9436303518916 cm | Severity=75 | SourceName=Sensor3 | EventType=application
[2026-08-16 18:58:40.082 (UTC)] info/application	[Sensor] Updated distance: 16.0877541010677 cm | Severity=75 | SourceName=Sensor3 | EventType=application
[2026-08-16 18:58:41.081 (UTC)] info/application	[Sensor] Updated distance: 15.0278136849067 cm | Severity=75 | SourceName=Sensor3 | EventType=application
[2026-08-16 18:58:42.082 (UTC)] info/application	[Sensor] Updated distance: 15.0904735024509 cm | Severity=75 | SourceName=Sensor3 | EventType=application
[2026-08-16 18:58:43.082 (UTC)] info/application	[Sensor] Updated distance: 13.9809243075927 cm | Severity=75 | SourceName=Sensor3 | EventType=application
[2026-08-16 18:58:44.082 (UTC)] info/application	[Sensor] Updated distance: 12.5704029638183 cm | Severity=75 | SourceName=Sensor3 | EventType=application
[2026-08-16 18:58:45.083 (UTC)] info/application	[Sensor] Updated distance: 12.9892456380135 cm | Severity=75 | SourceName=Sensor3 | EventType=application
[2026-08-16 18:58:46.083 (UTC)] info/application	[Sensor] Updated distance: 13.2572733025333 cm | Severity=75 | SourceName=Sensor3 | EventType=application
[2026-08-16 18:58:47.083 (UTC)] info/application	[Sensor] Updated distance: 12.33917839352 cm | Severity=75 | SourceName=Sensor3 | EventType=application
[2026-08-16 18:58:48.083 (UTC)] info/application	[Sensor] Updated distance: 12.3397855038474 cm | Severity=75 | SourceName=Sensor3 | EventType=application
[2026-08-16 18:58:49.083 (UTC)] info/application	[Sensor] Updated distance: 12.8219668675782 cm | Severity=75 | SourceName=Sensor3 | EventType=application
[2026-08-16 18:58:50.083 (UTC)] info/application	[Sensor] Updated distance: 12.6792909366448 cm | Severity=75 | SourceName=Sensor3 | EventType=application
[2026-08-16 18:58:51.084 (UTC)] info/application	[Sensor] Updated distance: 12.9048713400983 cm | Severity=75 | SourceName=Sensor3 | EventType=application
[2026-08-16 18:58:52.084 (UTC)] info/application	[Sensor] Updated distance: 11.8780001806459 cm | Severity=75 | SourceName=Sensor3 | EventType=application
[2026-08-16 18:58:53.084 (UTC)] info/application	[Sensor] Updated distance: 12.9012146230793 cm | Severity=75 | SourceName=Sensor3 | EventType=application
[2026-08-16 18:58:54.085 (UTC)] info/application	[Sensor] Updated distance: 12.0971365315361 cm | Severity=75 | SourceName=Sensor3 | EventType=application
[2026-08-16 18:58:55.085 (UTC)] info/application	[Sensor] Updated distance: 12.1984234921161 cm | Severity=75 | SourceName=Sensor3 | EventType=application
[2026-08-16 18:58:56.086 (UTC)] info/application	[Sensor] Updated distance: 11.9368001115214 cm | Severity=75 | SourceName=Sensor3 | EventType=application
[2026-08-16 18:58:57.086 (UTC)] info/application	[Sensor] Updated distance: 10.5396368545665 cm | Severity=75 | SourceName=Sensor3 | EventType=application
[2026-08-16 18:58:58.087 (UTC)] info/application	[Sensor] Updated distance: 11.3924882739748 cm | Severity=75 | SourceName=Sensor3 | EventType=application
[2026-08-16 18:58:59.087 (UTC)] info/application	[Sensor] Updated distance: 11.6982994918704 cm | Severity=75 | SourceName=Sensor3 | EventType=application
[2026-08-16 18:59:00.079 (UTC)] info/application	[Sensor] Updated distance: 13.0206826496966 cm | Severity=75 | SourceName=Sensor3 | EventType=application
[2026-08-16 18:59:01.079 (UTC)] info/application	[Sensor] Updated distance: 13.6920388812162 cm | Severity=75 | SourceName=Sensor3 | EventType=application
[2026-08-16 18:59:02.079 (UTC)] info/application	[Sensor] Updated distance: 12.3970909106532 cm | Severity=75 | SourceName=Sensor3 | EventType=application
[2026-08-16 18:59:03.080 (UTC)] info/application	[Sensor] Updated distance: 12.0209105841447 cm | Severity=75 | SourceName=Sensor3 | EventType=application
[2026-08-16 18:59:04.081 (UTC)] info/application	[Sensor] Updated distance: 11.9785668221203 cm | Severity=75 | SourceName=Sensor3 | EventType=application
[2026-08-16 18:59:05.082 (UTC)] info/application	[Sensor] Updated distance: 12.4841826069095 cm | Severity=75 | SourceName=Sensor3 | EventType=application
[2026-08-16 18:59:06.082 (UTC)] info/application	[Sensor] Updated distance: 11.8439426696133 cm | Severity=75 | SourceName=Sensor3 | EventType=application
[2026-08-16 18:59:07.083 (UTC)] info/application	[Sensor] Updated distance: 12.2493434002387 cm | Severity=75 | SourceName=Sensor3 | EventType=application
[2026-08-16 18:59:08.084 (UTC)] info/application	[Sensor] Updated distance: 12.8733104508712 cm | Severity=75 | SourceName=Sensor3 | EventType=application
[2026-08-16 18:59:09.084 (UTC)] info/application	[Sensor] Updated distance: 13.2816749512133 cm | Severity=75 | SourceName=Sensor3 | EventType=application
[2026-08-16 18:59:10.084 (UTC)] info/application	[Sensor] Updated distance: 12.1799684307445 cm | Severity=75 | SourceName=Sensor3 | EventType=application
[2026-08-16 18:59:11.085 (UTC)] info/application	[Sensor] Updated distance: 12.448059230553 cm | Severity=75 | SourceName=Sensor3 | EventType=application
[2026-08-16 18:59:12.085 (UTC)] info/application	[Sensor] Updated distance: 13.2964833161312 cm | Severity=75 | SourceName=Sensor3 | EventType=application
[2026-08-16 18:59:13.085 (UTC)] info/application	[Sensor] Updated distance: 13.7574366132065 cm | Severity=75 | SourceName=Sensor3 | EventType=application
[2026-08-16 18:59:14.085 (UTC)] info/application	[Sensor] Updated distance: 14.4159782181569 cm | Severity=75 | SourceName=Sensor3 | EventType=application
[2026-08-16 18:59:15.086 (UTC)] info/application	[Sensor] Updated distance: 15.3538809599606 cm | Severity=75 | SourceName=Sensor3 | EventType=application
[2026-08-16 18:59:16.086 (UTC)] info/application	[Sensor] Updated distance: 14.7336769298342 cm | Severity=75 | SourceName=Sensor3 | EventType=application
[2026-08-16 18:59:17.087 (UTC)] info/application	[Sensor] Updated distance: 14.1602461993044 cm | Severity=75 | SourceName=Sensor3 | EventType=application
[2026-08-16 18:59:18.087 (UTC)] info/application	[Sensor] Updated distance: 12.6800540306978 cm | Severity=75 | SourceName=Sensor3 | EventType=application
[2026-08-16 18:59:19.087 (UTC)] info/application	[Sensor] Updated distance: 13.5604571108988 cm | Severity=75 | SourceName=Sensor3 | EventType=application
[2026-08-16 18:59:20.088 (UTC)] info/application	[Sensor] Updated distance: 14.9692077440998 cm | Severity=75 | SourceName=Sensor3 | EventType=application
[2026-08-16 18:59:21.079 (UTC)] info/application	[Sensor] Updated distance: 14.8463396445598 cm | Severity=75 | SourceName=Sensor3 | EventType=application
[2026-08-16 18:59:22.079 (UTC)] info/application	[Sensor] Updated distance: 14.4523231268173 cm | Severity=75 | SourceName=Sensor3 | EventType=application
[2026-08-16 18:59:23.079 (UTC)] info/application	[Sensor] Updated distance: 13.3342025991689 cm | Severity=75 | SourceName=Sensor3 | EventType=application
[2026-08-16 18:59:24.079 (UTC)] info/application	[Sensor] Updated distance: 12.7345489406654 cm | Severity=75 | SourceName=Sensor3 | EventType=application
[2026-08-16 18:59:25.079 (UTC)] info/application	[Sensor] Updated distance: 13.0364543313796 cm | Severity=75 | SourceName=Sensor3 | EventType=application
[2026-08-16 18:59:26.080 (UTC)] info/application	[Sensor] Updated distance: 13.5196207643112 cm | Severity=75 | SourceName=Sensor3 | EventType=application
[2026-08-16 18:59:27.080 (UTC)] info/application	[Sensor] Updated distance: 14.158343725213 cm | Severity=75 | SourceName=Sensor3 | EventType=application
[2026-08-16 18:59:28.080 (UTC)] info/application	[Sensor] Updated distance: 14.5630858589723 cm | Severity=75 | SourceName=Sensor3 | EventType=application
[2026-08-16 18:59:29.081 (UTC)] info/application	[Sensor] Updated distance: 14.3991037099153 cm | Severity=75 | SourceName=Sensor3 | EventType=application
[2026-08-16 18:59:30.082 (UTC)] info/application	[Sensor] Updated distance: 13.8436378873157 cm | Severity=75 | SourceName=Sensor3 | EventType=application
[2026-08-16 18:59:31.082 (UTC)] info/application	[Sensor] Updated distance: 14.0707631775042 cm | Severity=75 | SourceName=Sensor3 | EventType=application
[2026-08-16 18:59:32.083 (UTC)] info/application	[Sensor] Updated distance: 13.0781372585698 cm | Severity=75 | SourceName=Sensor3 | EventType=application
[2026-08-16 18:59:33.083 (UTC)] info/application	[Sensor] Updated distance: 12.7277234668041 cm | Severity=75 | SourceName=Sensor3 | EventType=application
[2026-08-16 18:59:34.083 (UTC)] info/application	[Sensor] Updated distance: 14.0786684304842 cm | Severity=75 | SourceName=Sensor3 | EventType=application
[2026-08-16 18:59:35.083 (UTC)] info/application	[Sensor] Updated distance: 14.5436987509223 cm | Severity=75 | SourceName=Sensor3 | EventType=application
[2026-08-16 18:59:36.083 (UTC)] info/application	[Sensor] Updated distance: 13.198900742549 cm | Severity=75 | SourceName=Sensor3 | EventType=application
[2026-08-16 18:59:37.084 (UTC)] info/application	[Sensor] Updated distance: 12.4096057689328 cm | Severity=75 | SourceName=Sensor3 | EventType=application
[2026-08-16 18:59:38.084 (UTC)] info/application	[Sensor] Updated distance: 11.7800368185994 cm | Severity=75 | SourceName=Sensor3 | EventType=application
[2026-08-16 18:59:39.085 (UTC)] info/application	[Sensor] Updated distance: 12.5592058608584 cm | Severity=75 | SourceName=Sensor3 | EventType=application
[2026-08-16 18:59:40.085 (UTC)] info/application	[Sensor] Updated distance: 13.6782753875844 cm | Severity=75 | SourceName=Sensor3 | EventType=application
[2026-08-16 18:59:41.085 (UTC)] info/application	[Sensor] Updated distance: 13.4469999167822 cm | Severity=75 | SourceName=Sensor3 | EventType=application
[2026-08-16 18:59:42.086 (UTC)] info/application	[Sensor] Updated distance: 12.9942597574528 cm | Severity=75 | SourceName=Sensor3 | EventType=application
[2026-08-16 18:59:43.086 (UTC)] info/application	[Sensor] Updated distance: 13.4617533683599 cm | Severity=75 | SourceName=Sensor3 | EventType=application
[2026-08-16 18:59:44.086 (UTC)] info/application	[Sensor] Updated distance: 12.191431193236 cm | Severity=75 | SourceName=Sensor3 | EventType=application
[2026-08-16 18:59:45.087 (UTC)] info/application	[Sensor] Updated distance: 10.897232638857 cm | Severity=75 | SourceName=Sensor3 | EventType=application
[2026-08-16 18:59:46.087 (UTC)] info/application	[Sensor] Updated distance: 10.8026289901709 cm | Severity=75 | SourceName=Sensor3 | EventType=application
[2026-08-16 18:59:47.087 (UTC)] info/application	[Sensor] Updated distance: 10.4121027863175 cm | Severity=75 | SourceName=Sensor3 | EventType=application
[2026-08-16 18:59:48.088 (UTC)] info/application	[Sensor] Updated distance: 10.0444735014087 cm | Severity=75 | SourceName=Sensor3 | EventType=application
[2026-08-16 18:59:49.087 (UTC)] info/application	[Sensor] Updated distance: 9.96967768411604 cm | Severity=75 | SourceName=Sensor3 | EventType=application
[2026-08-16 18:59:50.088 (UTC)] info/application	[Sensor] Updated distance: 8.9595545590667 cm | Severity=75 | SourceName=Sensor3 | EventType=application
[2026-08-16 18:59:51.088 (UTC)] info/application	[Sensor] Updated distance: 8.50067590596188 cm | Severity=75 | SourceName=Sensor3 | EventType=application
[2026-08-16 18:59:52.088 (UTC)] info/application	[Sensor] Updated distance: 9.80301198912927 cm | Severity=75 | SourceName=Sensor3 | EventType=application
[2026-08-16 18:59:53.088 (UTC)] info/application	[Sensor] Updated distance: 9.89887234773436 cm | Severity=75 | SourceName=Sensor3 | EventType=application
[2026-08-16 18:59:54.079 (UTC)] info/application	[Sensor] Updated distance: 9.82187316698111 cm | Severity=75 | SourceName=Sensor3 | EventType=application
[2026-08-16 18:59:55.078 (UTC)] info/application	[Sensor] Updated distance: 9.02455559024801 cm | Severity=75 | SourceName=Sensor3 | EventType=application
[2026-08-16 18:59:56.079 (UTC)] info/application	[Sensor] Updated distance: 7.92232133817038 cm | Severity=75 | SourceName=Sensor3 | EventType=application
[2026-08-16 18:59:57.079 (UTC)] info/application	[Sensor] Updated distance: 6.82848858895177 cm | Severity=75 | SourceName=Sensor3 | EventType=application
[2026-08-16 18:59:58.080 (UTC)] info/application	[Sensor] Updated distance: 8.16989397451744 cm | Severity=75 | SourceName=Sensor3 | EventType=application
[2026-08-16 18:59:59.081 (UTC)] info/application	[Sensor] Updated distance: 8.9724018575961 cm | Severity=75 | SourceName=Sensor3 | EventType=application
[2026-08-16 19:00:00.081 (UTC)] info/application	[Sensor] Updated distance: 9.21458695932041 cm | Severity=75 | SourceName=Sensor3 | EventType=application
[2026-08-16 19:00:01.082 (UTC)] info/application	[Sensor] Updated distance: 8.50052652088951 cm | Severity=75 | SourceName=Sensor3 | EventType=application
[2026-08-16 19:00:02.082 (UTC)] info/application	[Sensor] Updated distance: 8.03015969275972 cm | Severity=75 | SourceName=Sensor3 | EventType=application
[2026-08-16 19:00:03.081 (UTC)] info/application	[Sensor] Updated distance: 8.77971887554962 cm | Severity=75 | SourceName=Sensor3 | EventType=application
[2026-08-16 19:00:04.082 (UTC)] info/application	[Sensor] Updated distance: 9.21524464535307 cm | Severity=75 | SourceName=Sensor3 | EventType=application
[2026-08-16 19:00:05.082 (UTC)] info/application	[Sensor] Updated distance: 8.59582278090336 cm | Severity=75 | SourceName=Sensor3 | EventType=application
[2026-08-16 19:00:06.084 (UTC)] info/application	[Sensor] Updated distance: 8.31041228273438 cm | Severity=75 | SourceName=Sensor3 | EventType=application
[2026-08-16 19:00:07.084 (UTC)] info/application	[Sensor] Updated distance: 8.90114004416446 cm | Severity=75 | SourceName=Sensor3 | EventType=application
[2026-08-16 19:00:08.085 (UTC)] info/application	[Sensor] Updated distance: 8.99242320609859 cm | Severity=75 | SourceName=Sensor3 | EventType=application
[2026-08-16 19:00:09.085 (UTC)] info/application	[Sensor] Updated distance: 9.57744375759618 cm | Severity=75 | SourceName=Sensor3 | EventType=application
[2026-08-16 19:00:10.086 (UTC)] info/application	[Sensor] Updated distance: 9.44734056128532 cm | Severity=75 | SourceName=Sensor3 | EventType=application
[2026-08-16 19:00:11.086 (UTC)] info/application	[Sensor] Updated distance: 9.15769324854842 cm | Severity=75 | SourceName=Sensor3 | EventType=application
[2026-08-16 19:00:12.087 (UTC)] info/application	[Sensor] Updated distance: 8.0114383278468 cm | Severity=75 | SourceName=Sensor3 | EventType=application
[2026-08-16 19:00:13.087 (UTC)] info/application	[Sensor] Updated distance: 8.92859497220657 cm | Severity=75 | SourceName=Sensor3 | EventType=application
[2026-08-16 19:00:14.087 (UTC)] info/application	[Sensor] Updated distance: 7.60644127037678 cm | Severity=75 | SourceName=Sensor3 | EventType=application
[2026-08-16 19:00:15.088 (UTC)] info/application	[Sensor] Updated distance: 6.68986417594827 cm | Severity=75 | SourceName=Sensor3 | EventType=application
[2026-08-16 19:00:16.088 (UTC)] info/application	[Sensor] Updated distance: 7.81282226592901 cm | Severity=75 | SourceName=Sensor3 | EventType=application
[2026-08-16 19:00:17.088 (UTC)] info/application	[Sensor] Updated distance: 7.89606491541308 cm | Severity=75 | SourceName=Sensor3 | EventType=application
[2026-08-16 19:00:18.078 (UTC)] info/application	[Sensor] Updated distance: 8.08896161713125 cm | Severity=75 | SourceName=Sensor3 | EventType=application
[2026-08-16 19:00:19.079 (UTC)] info/application	[Sensor] Updated distance: 7.34429042080619 cm | Severity=75 | SourceName=Sensor3 | EventType=application
[2026-08-16 19:00:20.079 (UTC)] info/application	[Sensor] Updated distance: 5.85273725299759 cm | Severity=75 | SourceName=Sensor3 | EventType=application
[2026-08-16 19:00:21.080 (UTC)] info/application	[Sensor] Updated distance: 6.53551082966642 cm | Severity=75 | SourceName=Sensor3 | EventType=application
[2026-08-16 19:00:22.080 (UTC)] info/application	[Sensor] Updated distance: 6.83196098023653 cm | Severity=75 | SourceName=Sensor3 | EventType=application
[2026-08-16 19:00:23.080 (UTC)] info/application	[Sensor] Updated distance: 8.14274389559532 cm | Severity=75 | SourceName=Sensor3 | EventType=application
[2026-08-16 19:00:24.081 (UTC)] info/application	[Sensor] Updated distance: 7.42137782947226 cm | Severity=75 | SourceName=Sensor3 | EventType=application
[2026-08-16 19:00:25.082 (UTC)] info/application	[Sensor] Updated distance: 6.14082879789214 cm | Severity=75 | SourceName=Sensor3 | EventType=application
[2026-08-16 19:00:26.082 (UTC)] info/application	[Sensor] Updated distance: 5.15429413651783 cm | Severity=75 | SourceName=Sensor3 | EventType=application
[2026-08-16 19:00:27.082 (UTC)] info/application	[Sensor] Updated distance: 4.83069381971412 cm | Severity=75 | SourceName=Sensor3 | EventType=application
[2026-08-16 19:00:28.082 (UTC)] info/application	[Sensor] Updated distance: 3.95631203891539 cm | Severity=75 | SourceName=Sensor3 | EventType=application
[2026-08-16 19:00:29.082 (UTC)] info/application	[Sensor] Updated distance: 2.81118276170977 cm | Severity=75 | SourceName=Sensor3 | EventType=application
[2026-08-16 19:00:30.083 (UTC)] info/application	[Sensor] Updated distance: 2.20990967341227 cm | Severity=75 | SourceName=Sensor3 | EventType=application
[2026-08-16 19:00:31.084 (UTC)] info/application	[Sensor] Updated distance: 3.07771299433787 cm | Severity=75 | SourceName=Sensor3 | EventType=application
[2026-08-16 19:00:32.085 (UTC)] info/application	[Sensor] Updated distance: 2.71852327870135 cm | Severity=75 | SourceName=Sensor3 | EventType=application
[2026-08-16 19:00:33.085 (UTC)] info/application	[Sensor] Updated distance: 2.72706401544951 cm | Severity=75 | SourceName=Sensor3 | EventType=application
[2026-08-16 19:00:34.085 (UTC)] info/application	[Sensor] Updated distance: 2.844426519165 cm | Severity=75 | SourceName=Sensor3 | EventType=application
[2026-08-16 19:00:35.085 (UTC)] info/application	[Sensor] Updated distance: 2.57923742666806 cm | Severity=75 | SourceName=Sensor3 | EventType=application
[2026-08-16 19:00:36.085 (UTC)] info/application	[Sensor] Updated distance: 3.46835629896651 cm | Severity=75 | SourceName=Sensor3 | EventType=application
[2026-08-16 19:00:37.084 (UTC)] info/application	[Sensor] Updated distance: 4.80030830451303 cm | Severity=75 | SourceName=Sensor3 | EventType=application
[2026-08-16 19:00:38.085 (UTC)] info/application	[Sensor] Updated distance: 5.46737212011004 cm | Severity=75 | SourceName=Sensor3 | EventType=application
[2026-08-16 19:00:39.085 (UTC)] info/application	[Sensor] Updated distance: 4.94777415294563 cm | Severity=75 | SourceName=Sensor3 | EventType=application
[2026-08-16 19:00:40.086 (UTC)] info/application	[Sensor] Updated distance: 5.36474670998974 cm | Severity=75 | SourceName=Sensor3 | EventType=application
[2026-08-16 19:00:41.086 (UTC)] info/application	[Sensor] Updated distance: 4.40170732787891 cm | Severity=75 | SourceName=Sensor3 | EventType=application
[2026-08-16 19:00:42.086 (UTC)] info/application	[Sensor] Updated distance: 5.09246204937458 cm | Severity=75 | SourceName=Sensor3 | EventType=application
[2026-08-16 19:00:43.086 (UTC)] info/application	[Sensor] Updated distance: 5.86317968571708 cm | Severity=75 | SourceName=Sensor3 | EventType=application
[2026-08-16 19:00:44.087 (UTC)] info/application	[Sensor] Updated distance: 7.317296949363 cm | Severity=75 | SourceName=Sensor3 | EventType=application
[2026-08-16 19:00:45.088 (UTC)] info/application	[Sensor] Updated distance: 8.18589796902888 cm | Severity=75 | SourceName=Sensor3 | EventType=application
[2026-08-16 19:00:46.079 (UTC)] info/application	[Sensor] Updated distance: 9.54003851094286 cm | Severity=75 | SourceName=Sensor3 | EventType=application
[2026-08-16 19:00:47.079 (UTC)] info/application	[Sensor] Updated distance: 10.6171138631725 cm | Severity=75 | SourceName=Sensor3 | EventType=application
[2026-08-16 19:00:48.079 (UTC)] info/application	[Sensor] Updated distance: 10.0689575309255 cm | Severity=75 | SourceName=Sensor3 | EventType=application
[2026-08-16 19:00:49.079 (UTC)] info/application	[Sensor] Updated distance: 10.1159947731607 cm | Severity=75 | SourceName=Sensor3 | EventType=application
[2026-08-16 19:00:50.079 (UTC)] info/application	[Sensor] Updated distance: 8.94839892906529 cm | Severity=75 | SourceName=Sensor3 | EventType=application
[2026-08-16 19:00:51.079 (UTC)] info/application	[Sensor] Updated distance: 8.40868942900967 cm | Severity=75 | SourceName=Sensor3 | EventType=application
[2026-08-16 19:00:52.079 (UTC)] info/application	[Sensor] Updated distance: 7.63850024791366 cm | Severity=75 | SourceName=Sensor3 | EventType=application
[2026-08-16 19:00:53.088 (UTC)] info/application	[Sensor] Updated distance: 8.26735455438839 cm | Severity=75 | SourceName=Sensor3 | EventType=application
[2026-08-16 19:00:54.088 (UTC)] info/application	[Sensor] Updated distance: 7.53842796969156 cm | Severity=75 | SourceName=Sensor3 | EventType=application
[2026-08-16 19:00:55.088 (UTC)] info/application	[Sensor] Updated distance: 7.54687272247248 cm | Severity=75 | SourceName=Sensor3 | EventType=application
[2026-08-16 19:00:55.139 (UTC)] info/session	[System] TCP 17	| SC 2	| Session "ns=1;g=0b5d9c4e-bde4-0228-d52d-2202f93f33d3"	| WriteRequest returned status code BadUserAccessDenied | Severity=75 | SourceName=System | EventType=session
[2026-08-16 19:00:56.078 (UTC)] info/application	[Sensor] Updated distance: 8.39517799876407 cm | Severity=75 | SourceName=Sensor3 | EventType=application
[2026-08-16 19:00:57.079 (UTC)] info/application	[Sensor] Updated distance: 8.17971675269294 cm | Severity=75 | SourceName=Sensor3 | EventType=application
[2026-08-16 19:00:58.079 (UTC)] info/application	[Sensor] Updated distance: 9.36456118867015 cm | Severity=75 | SourceName=Sensor3 | EventType=application
[2026-08-16 19:00:59.079 (UTC)] info/application	[Sensor] Updated distance: 10.838484684163 cm | Severity=75 | SourceName=Sensor3 | EventType=application
[2026-08-16 19:01:00.079 (UTC)] info/application	[Sensor] Updated distance: 10.9778941608863 cm | Severity=75 | SourceName=Sensor3 | EventType=application
[2026-08-16 19:01:01.079 (UTC)] info/application	[Sensor] Updated distance: 9.64164616034444 cm | Severity=75 | SourceName=Sensor3 | EventType=application
[2026-08-16 19:01:01.150 (UTC)] info/session	[System] TCP 17	| SC 2	| Session "ns=1;g=0b5d9c4e-bde4-0228-d52d-2202f93f33d3"	| WriteRequest returned status code BadUserAccessDenied | Severity=75 | SourceName=System | EventType=session
[2026-08-16 19:01:02.080 (UTC)] info/application	[Sensor] Updated distance: 10.4833729767629 cm | Severity=75 | SourceName=Sensor3 | EventType=application
[2026-08-16 19:01:03.080 (UTC)] info/application	[Sensor] Updated distance: 11.7635927378496 cm | Severity=75 | SourceName=Sensor3 | EventType=application
[2026-08-16 19:01:04.080 (UTC)] info/application	[Sensor] Updated distance: 11.935885475453 cm | Severity=75 | SourceName=Sensor3 | EventType=application
[2026-08-16 19:01:05.081 (UTC)] info/application	[Sensor] Updated distance: 11.3949747941899 cm | Severity=75 | SourceName=Sensor3 | EventType=application
[2026-08-16 19:01:06.081 (UTC)] info/application	[Sensor] Updated distance: 12.7515306094436 cm | Severity=75 | SourceName=Sensor3 | EventType=application
[2026-08-16 19:01:07.081 (UTC)] info/application	[Sensor] Updated distance: 12.3129422179484 cm | Severity=75 | SourceName=Sensor3 | EventType=application
[2026-08-16 19:01:08.081 (UTC)] info/application	[Sensor] Updated distance: 11.6039835408349 cm | Severity=75 | SourceName=Sensor3 | EventType=application
[2026-08-16 19:01:09.081 (UTC)] info/application	[Sensor] Updated distance: 12.1276031716855 cm | Severity=75 | SourceName=Sensor3 | EventType=application
[2026-08-16 19:01:10.081 (UTC)] info/application	[Sensor] Updated distance: 12.6694168144229 cm | Severity=75 | SourceName=Sensor3 | EventType=application
[2026-08-16 19:01:11.081 (UTC)] info/application	[Sensor] Updated distance: 13.8774306943535 cm | Severity=75 | SourceName=Sensor3 | EventType=application
[2026-08-16 19:01:12.081 (UTC)] info/application	[Sensor] Updated distance: 14.9380109430934 cm | Severity=75 | SourceName=Sensor3 | EventType=application
[2026-08-16 19:01:13.081 (UTC)] info/application	[Sensor] Updated distance: 14.6705793059294 cm | Severity=75 | SourceName=Sensor3 | EventType=application
[2026-08-16 19:01:14.081 (UTC)] info/application	[Sensor] Updated distance: 15.1493108222025 cm | Severity=75 | SourceName=Sensor3 | EventType=application
[2026-08-16 19:01:15.081 (UTC)] info/application	[Sensor] Updated distance: 16.1640083331913 cm | Severity=75 | SourceName=Sensor3 | EventType=application
[2026-08-16 19:01:16.082 (UTC)] info/application	[Sensor] Updated distance: 15.2651777142963 cm | Severity=75 | SourceName=Sensor3 | EventType=application
[2026-08-16 19:01:17.082 (UTC)] info/application	[Sensor] Updated distance: 15.5980497710864 cm | Severity=75 | SourceName=Sensor3 | EventType=application
[2026-08-16 19:01:18.083 (UTC)] info/application	[Sensor] Updated distance: 16.1898226343048 cm | Severity=75 | SourceName=Sensor3 | EventType=application
[2026-08-16 19:01:19.083 (UTC)] info/application	[Sensor] Updated distance: 16.2428356831627 cm | Severity=75 | SourceName=Sensor3 | EventType=application
[2026-08-16 19:01:20.084 (UTC)] info/application	[Sensor] Updated distance: 15.122744982188 cm | Severity=75 | SourceName=Sensor3 | EventType=application
[2026-08-16 19:01:21.083 (UTC)] info/application	[Sensor] Updated distance: 16.0469220013111 cm | Severity=75 | SourceName=Sensor3 | EventType=application
[2026-08-16 19:01:22.084 (UTC)] info/application	[Sensor] Updated distance: 17.0602255515104 cm | Severity=75 | SourceName=Sensor3 | EventType=application
[2026-08-16 19:01:23.085 (UTC)] info/application	[Sensor] Updated distance: 16.6699456694396 cm | Severity=75 | SourceName=Sensor3 | EventType=application
[2026-08-16 19:01:24.085 (UTC)] info/application	[Sensor] Updated distance: 16.7229769936404 cm | Severity=75 | SourceName=Sensor3 | EventType=application
[2026-08-16 19:01:25.086 (UTC)] info/application	[Sensor] Updated distance: 15.5073539577459 cm | Severity=75 | SourceName=Sensor3 | EventType=application
[2026-08-16 19:01:26.087 (UTC)] info/application	[Sensor] Updated distance: 16.6255188284561 cm | Severity=75 | SourceName=Sensor3 | EventType=application
[2026-08-16 19:01:27.087 (UTC)] info/application	[Sensor] Updated distance: 16.0268554275515 cm | Severity=75 | SourceName=Sensor3 | EventType=application
[2026-08-16 19:01:28.088 (UTC)] info/application	[Sensor] Updated distance: 16.0957711455858 cm | Severity=75 | SourceName=Sensor3 | EventType=application
[2026-08-16 19:01:29.088 (UTC)] info/application	[Sensor] Updated distance: 16.8987804522732 cm | Severity=75 | SourceName=Sensor3 | EventType=application
[2026-08-16 19:01:30.088 (UTC)] info/application	[Sensor] Updated distance: 16.2740405468615 cm | Severity=75 | SourceName=Sensor3 | EventType=application
[2026-08-16 19:01:31.088 (UTC)] info/application	[Sensor] Updated distance: 14.9823657402221 cm | Severity=75 | SourceName=Sensor3 | EventType=application
[2026-08-16 19:01:32.088 (UTC)] info/application	[Sensor] Updated distance: 15.9491270463677 cm | Severity=75 | SourceName=Sensor3 | EventType=application
[2026-08-16 19:01:33.088 (UTC)] info/application	[Sensor] Updated distance: 14.6661139559774 cm | Severity=75 | SourceName=Sensor3 | EventType=application
[2026-08-16 19:01:34.079 (UTC)] info/application	[Sensor] Updated distance: 16.1546589104248 cm | Severity=75 | SourceName=Sensor3 | EventType=application
[2026-08-16 19:01:35.079 (UTC)] info/application	[Sensor] Updated distance: 15.7937129527767 cm | Severity=75 | SourceName=Sensor3 | EventType=application
[2026-08-16 19:01:36.079 (UTC)] info/application	[Sensor] Updated distance: 15.4697891811234 cm | Severity=75 | SourceName=Sensor3 | EventType=application
[2026-08-16 19:01:37.079 (UTC)] info/application	[Sensor] Updated distance: 16.8148899508244 cm | Severity=75 | SourceName=Sensor3 | EventType=application
[2026-08-16 19:01:38.080 (UTC)] info/application	[Sensor] Updated distance: 17.5153556030781 cm | Severity=75 | SourceName=Sensor3 | EventType=application
[2026-08-16 19:01:39.080 (UTC)] info/application	[Sensor] Updated distance: 17.9824731543113 cm | Severity=75 | SourceName=Sensor3 | EventType=application
[2026-08-16 19:01:40.081 (UTC)] info/application	[Sensor] Updated distance: 18.351193553466 cm | Severity=75 | SourceName=Sensor3 | EventType=application
[2026-08-16 19:01:41.081 (UTC)] info/application	[Sensor] Updated distance: 18.0934728470601 cm | Severity=75 | SourceName=Sensor3 | EventType=application
[2026-08-16 19:01:42.082 (UTC)] info/application	[Sensor] Updated distance: 18.2686042782239 cm | Severity=75 | SourceName=Sensor3 | EventType=application
[2026-08-16 19:01:43.083 (UTC)] info/application	[Sensor] Updated distance: 18.1979049247214 cm | Severity=75 | SourceName=Sensor3 | EventType=application
[2026-08-16 19:01:44.083 (UTC)] info/application	[Sensor] Updated distance: 19.1727525811516 cm | Severity=75 | SourceName=Sensor3 | EventType=application
[2026-08-16 19:01:45.083 (UTC)] info/application	[Sensor] Updated distance: 18.3266155271915 cm | Severity=75 | SourceName=Sensor3 | EventType=application
[2026-08-16 19:01:46.084 (UTC)] info/application	[Sensor] Updated distance: 17.7706136846778 cm | Severity=75 | SourceName=Sensor3 | EventType=application
[2026-08-16 19:01:47.084 (UTC)] info/application	[Sensor] Updated distance: 16.3466307208159 cm | Severity=75 | SourceName=Sensor3 | EventType=application
[2026-08-16 19:01:48.085 (UTC)] info/application	[Sensor] Updated distance: 17.333365723646 cm | Severity=75 | SourceName=Sensor3 | EventType=application
[2026-08-16 19:01:49.085 (UTC)] info/application	[Sensor] Updated distance: 15.8691367429538 cm | Severity=75 | SourceName=Sensor3 | EventType=application
[2026-08-16 19:01:50.085 (UTC)] info/application	[Sensor] Updated distance: 15.9981668279498 cm | Severity=75 | SourceName=Sensor3 | EventType=application
[2026-08-16 19:01:51.086 (UTC)] info/application	[Sensor] Updated distance: 17.3648111298051 cm | Severity=75 | SourceName=Sensor3 | EventType=application
[2026-08-16 19:01:52.086 (UTC)] info/application	[Sensor] Updated distance: 18.3247591682359 cm | Severity=75 | SourceName=Sensor3 | EventType=application
[2026-08-16 19:01:53.086 (UTC)] info/application	[Sensor] Updated distance: 17.9670928020343 cm | Severity=75 | SourceName=Sensor3 | EventType=application
[2026-08-16 19:01:54.086 (UTC)] info/application	[Sensor] Updated distance: 17.4434572204219 cm | Severity=75 | SourceName=Sensor3 | EventType=application
[2026-08-16 19:01:55.087 (UTC)] info/application	[Sensor] Updated distance: 16.9564365816566 cm | Severity=75 | SourceName=Sensor3 | EventType=application
[2026-08-16 19:01:56.078 (UTC)] info/application	[Sensor] Updated distance: 16.8831471795603 cm | Severity=75 | SourceName=Sensor3 | EventType=application
[2026-08-16 19:01:57.080 (UTC)] info/application	[Sensor] Updated distance: 15.9776764686581 cm | Severity=75 | SourceName=Sensor3 | EventType=application
[2026-08-16 19:01:58.081 (UTC)] info/application	[Sensor] Updated distance: 16.3919924303852 cm | Severity=75 | SourceName=Sensor3 | EventType=application
[2026-08-16 19:01:59.082 (UTC)] info/application	[Sensor] Updated distance: 17.8876187463233 cm | Severity=75 | SourceName=Sensor3 | EventType=application
[2026-08-16 19:02:00.082 (UTC)] info/application	[Sensor] Updated distance: 19.2851573421085 cm | Severity=75 | SourceName=Sensor3 | EventType=application
[2026-08-16 19:02:01.082 (UTC)] info/application	[Sensor] Updated distance: 20.5747333984239 cm | Severity=75 | SourceName=Sensor3 | EventType=application
[2026-08-16 19:02:02.083 (UTC)] info/application	[Sensor] Updated distance: 19.2786849063256 cm | Severity=75 | SourceName=Sensor3 | EventType=application
[2026-08-16 19:02:03.083 (UTC)] info/application	[Sensor] Updated distance: 20.1429848068594 cm | Severity=75 | SourceName=Sensor3 | EventType=application
[2026-08-16 19:02:04.083 (UTC)] info/application	[Sensor] Updated distance: 18.6495477713875 cm | Severity=75 | SourceName=Sensor3 | EventType=application
[2026-08-16 19:02:05.083 (UTC)] info/application	[Sensor] Updated distance: 17.3420442337366 cm | Severity=75 | SourceName=Sensor3 | EventType=application
[2026-08-16 19:02:06.083 (UTC)] info/application	[Sensor] Updated distance: 16.3453981766223 cm | Severity=75 | SourceName=Sensor3 | EventType=application
[2026-08-16 19:02:07.084 (UTC)] info/application	[Sensor] Updated distance: 16.0280373694971 cm | Severity=75 | SourceName=Sensor3 | EventType=application
[2026-08-16 19:02:08.084 (UTC)] info/application	[Sensor] Updated distance: 14.5656346001502 cm | Severity=75 | SourceName=Sensor3 | EventType=application
[2026-08-16 19:02:09.084 (UTC)] info/application	[Sensor] Updated distance: 15.7694541952896 cm | Severity=75 | SourceName=Sensor3 | EventType=application
[2026-08-16 19:02:10.085 (UTC)] info/application	[Sensor] Updated distance: 14.4192109380007 cm | Severity=75 | SourceName=Sensor3 | EventType=application
[2026-08-16 19:02:11.086 (UTC)] info/application	[Sensor] Updated distance: 14.8255285678085 cm | Severity=75 | SourceName=Sensor3 | EventType=application
[2026-08-16 19:02:12.086 (UTC)] info/application	[Sensor] Updated distance: 14.271627455145 cm | Severity=75 | SourceName=Sensor3 | EventType=application
[2026-08-16 19:02:13.086 (UTC)] info/application	[Sensor] Updated distance: 14.5965156290198 cm | Severity=75 | SourceName=Sensor3 | EventType=application
[2026-08-16 19:02:14.086 (UTC)] info/application	[Sensor] Updated distance: 13.4321339039282 cm | Severity=75 | SourceName=Sensor3 | EventType=application
[2026-08-16 19:02:15.086 (UTC)] info/application	[Sensor] Updated distance: 12.3530804462978 cm | Severity=75 | SourceName=Sensor3 | EventType=application
[2026-08-16 19:02:16.086 (UTC)] info/application	[Sensor] Updated distance: 13.3318315662126 cm | Severity=75 | SourceName=Sensor3 | EventType=application
[2026-08-16 19:02:17.086 (UTC)] info/application	[Sensor] Updated distance: 13.1114479986073 cm | Severity=75 | SourceName=Sensor3 | EventType=application
[2026-08-16 19:02:18.086 (UTC)] info/application	[Sensor] Updated distance: 12.108411577115 cm | Severity=75 | SourceName=Sensor3 | EventType=application
[2026-08-16 19:02:19.086 (UTC)] info/application	[Sensor] Updated distance: 12.5738976998599 cm | Severity=75 | SourceName=Sensor3 | EventType=application
[2026-08-16 19:02:20.086 (UTC)] info/application	[Sensor] Updated distance: 12.3892851515623 cm | Severity=75 | SourceName=Sensor3 | EventType=application
[2026-08-16 19:02:21.086 (UTC)] info/application	[Sensor] Updated distance: 13.0152788150661 cm | Severity=75 | SourceName=Sensor3 | EventType=application
[2026-08-16 19:02:22.087 (UTC)] info/application	[Sensor] Updated distance: 13.3474092382693 cm | Severity=75 | SourceName=Sensor3 | EventType=application
[2026-08-16 19:02:23.087 (UTC)] info/application	[Sensor] Updated distance: 12.6227447270056 cm | Severity=75 | SourceName=Sensor3 | EventType=application
[2026-08-16 19:02:24.086 (UTC)] info/application	[Sensor] Updated distance: 11.3910720243077 cm | Severity=75 | SourceName=Sensor3 | EventType=application
[2026-08-16 19:02:25.086 (UTC)] info/application	[Sensor] Updated distance: 12.6995668672955 cm | Severity=75 | SourceName=Sensor3 | EventType=application
[2026-08-16 19:02:26.086 (UTC)] info/application	[Sensor] Updated distance: 12.9878817186635 cm | Severity=75 | SourceName=Sensor3 | EventType=application
[2026-08-16 19:02:27.086 (UTC)] info/application	[Sensor] Updated distance: 13.1829196138694 cm | Severity=75 | SourceName=Sensor3 | EventType=application
[2026-08-16 19:02:28.087 (UTC)] info/application	[Sensor] Updated distance: 12.0859437445579 cm | Severity=75 | SourceName=Sensor3 | EventType=application
[2026-08-16 19:02:29.087 (UTC)] info/application	[Sensor] Updated distance: 11.288574556256 cm | Severity=75 | SourceName=Sensor3 | EventType=application
[2026-08-16 19:02:30.087 (UTC)] info/application	[Sensor] Updated distance: 11.4792387674 cm | Severity=75 | SourceName=Sensor3 | EventType=application
[2026-08-16 19:02:31.087 (UTC)] info/application	[Sensor] Updated distance: 10.2798014924768 cm | Severity=75 | SourceName=Sensor3 | EventType=application
[2026-08-16 19:02:32.087 (UTC)] info/application	[Sensor] Updated distance: 9.27200835909323 cm | Severity=75 | SourceName=Sensor3 | EventType=application
[2026-08-16 19:02:33.087 (UTC)] info/application	[Sensor] Updated distance: 9.66662407813903 cm | Severity=75 | SourceName=Sensor3 | EventType=application
[2026-08-16 19:02:34.087 (UTC)] info/application	[Sensor] Updated distance: 10.8314867037495 cm | Severity=75 | SourceName=Sensor3 | EventType=application
[2026-08-16 19:02:35.087 (UTC)] info/application	[Sensor] Updated distance: 9.83025653489413 cm | Severity=75 | SourceName=Sensor3 | EventType=application
[2026-08-16 19:02:36.087 (UTC)] info/application	[Sensor] Updated distance: 10.417368716289 cm | Severity=75 | SourceName=Sensor3 | EventType=application
[2026-08-16 19:02:37.088 (UTC)] info/application	[Sensor] Updated distance: 9.0855852833882 cm | Severity=75 | SourceName=Sensor3 | EventType=application
[2026-08-16 19:02:38.088 (UTC)] info/application	[Sensor] Updated distance: 9.26699430740765 cm | Severity=75 | SourceName=Sensor3 | EventType=application
[2026-08-16 19:02:39.088 (UTC)] info/application	[Sensor] Updated distance: 9.89170371945562 cm | Severity=75 | SourceName=Sensor3 | EventType=application
[2026-08-16 19:02:40.088 (UTC)] info/application	[Sensor] Updated distance: 11.2637398816942 cm | Severity=75 | SourceName=Sensor3 | EventType=application
[2026-08-16 19:02:41.087 (UTC)] info/application	[Sensor] Updated distance: 11.5949056484247 cm | Severity=75 | SourceName=Sensor3 | EventType=application
[2026-08-16 19:02:42.087 (UTC)] info/application	[Sensor] Updated distance: 11.1259326888835 cm | Severity=75 | SourceName=Sensor3 | EventType=application
[2026-08-16 19:02:43.086 (UTC)] info/application	[Sensor] Updated distance: 10.4440677370616 cm | Severity=75 | SourceName=Sensor3 | EventType=application
[2026-08-16 19:02:44.086 (UTC)] info/application	[Sensor] Updated distance: 9.60012167766697 cm | Severity=75 | SourceName=Sensor3 | EventType=application
[2026-08-16 19:02:45.015 (UTC)] info/session	[System] TCP 17	| SC 2	| Session "ns=1;g=0b5d9c4e-bde4-0228-d52d-2202f93f33d3"	| Closing the Session | Severity=75 | SourceName=System | EventType=session
[2026-08-16 19:02:45.036 (UTC)] info/channel	[System] TCP 17	| SC 2	| SecureChannel closed | Severity=75 | SourceName=System | EventType=channel
[2026-08-16 19:02:45.036 (UTC)] info/network	[System] TCP 17	| Socket closed | Severity=75 | SourceName=System | EventType=network
[2026-08-16 19:02