[2026-08-17 02:52:17.958 (UTC+0800)] [33mwarn/server[0m	AccessControl: Unconfigured AccessControl. Users have all permissions.
[2026-08-17 02:52:17.958 (UTC+0800)] [32minfo/server[0m	AccessControl: Anonymous login is enabled
[2026-08-17 02:52:17.958 (UTC+0800)] [33mwarn/server[0m	x509 Certificate Authentication configured, but no encrypting SecurityPolicy. This can leak credentials on the network.
[2026-08-17 02:52:17.992 (UTC+0800)] [33mwarn/application[0m	ServerUrls already set. Overriding.
[2026-08-17 02:52:17.992 (UTC+0800)] [33mwarn/server[0m	AccessControl: Unconfigured AccessControl. Users have all permissions.
[2026-08-17 02:52:17.992 (UTC+0800)] [32minfo/server[0m	AccessControl: Anonymous login is enabled
[2026-08-17 02:52:17.992 (UTC+0800)] [33mwarn/server[0m	x509 Certificate Authentication configured, but no encrypting SecurityPolicy. This can leak credentials on the network.
[2026-08-17 02:52:17.992 (UTC+0800)] [33mwarn/server[0m	x509 Certificate Authentication configured, but no encrypting SecurityPolicy. This can leak credentials on the network.
[2026-08-16 18:52:17.992 (UTC)] info/application	Sensor Server online (Client/Server mode, id=2 port=4843) | Severity=75 | SourceName=Sensor2 | EventType=application
Entering background polling mode: attempting to connect to Aggregation Server...
Connected successfully. Log forwarding started.
[2026-08-16 18:52:18.996 (UTC)] info/application	[Sensor] Updated distance: 24.9150878896076 cm | Severity=75 | SourceName=Sensor2 | EventType=application
[2026-08-16 18:52:19.966 (UTC)] info/network	[System] TCP 16	| Connection opened from "127.0.0.1" via the server socket 8 | Severity=75 | SourceName=System | EventType=network
[2026-08-16 18:52:19.966 (UTC)] info/channel	[System] TCP 16	| SC 1	| SecureChannel created | Severity=75 | SourceName=System | EventType=channel
[2026-08-16 18:52:21.042 (UTC)] info/application	[Sensor] Updated distance: 23.4565580079595 cm | Severity=75 | SourceName=Sensor2 | EventType=application
[2026-08-16 18:52:21.063 (UTC)] info/channel	[System] TCP 16	| SC 1	| OpenSecureChannel: Channel opened with SecurityMode None for SecurityPolicy http://opcfoundation.org/UA/SecurityPolicy#None and a revised lifetime of 600.0s | Severity=75 | SourceName=System | EventType=channel
[2026-08-16 18:52:21.083 (UTC)] warn/client	[System] Removing a UserTokenPolicy that would allow the password to be transmitted without encryption (Can be enabled via config->allowNonePolicyPassword) | Severity=175 | SourceName=System | EventType=client
[2026-08-16 18:52:21.083 (UTC)] warn/client	[System] Removing a UserTokenPolicy that would allow the password to be transmitted without encryption (Can be enabled via config->allowNonePolicyPassword) | Severity=175 | SourceName=System | EventType=client
[2026-08-16 18:52:21.094 (UTC)] warn/client	[System] Removing a UserTokenPolicy that would allow the password to be transmitted without encryption (Can be enabled via config->allowNonePolicyPassword) | Severity=175 | SourceName=System | EventType=client
[2026-08-16 18:52:21.094 (UTC)] warn/client	[System] Removing a UserTokenPolicy that would allow the password to be transmitted without encryption (Can be enabled via config->allowNonePolicyPassword) | Severity=175 | SourceName=System | EventType=client
[2026-08-16 18:52:21.095 (UTC)] info/session	[System] TCP 16	| SC 1	| Session "ns=1;g=110f73ad-3970-884b-0a20-d29dbdbbbb3b"	| Session created | Severity=75 | SourceName=System | EventType=session
[2026-08-16 18:52:21.105 (UTC)] info/session	[System] TCP 16	| SC 1	| Session "ns=1;g=110f73ad-3970-884b-0a20-d29dbdbbbb3b"	| ActivateSession: Session activated with ClientUserId "" | Severity=75 | SourceName=System | EventType=session
[2026-08-16 18:52:21.490 (UTC)] info/session	[System] TCP 16	| SC 1	| Session "ns=1;g=110f73ad-3970-884b-0a20-d29dbdbbbb3b"	| Subscription 1 | Subscription created (Publishing interval 500.0ms, max 1000 notifications per publish) | Severity=75 | SourceName=System | EventType=session
[2026-08-16 18:52:21.511 (UTC)] info/session	[System] TCP 16	| SC 1	| Session "ns=1;g=110f73ad-3970-884b-0a20-d29dbdbbbb3b"	| Subscription 1 | MonitoredItem 1 | Created the MonitoredItem (Sampling Interval: 250.0ms, Queue Size: 1) | Severity=75 | SourceName=System | EventType=session
[2026-08-16 18:52:22.047 (UTC)] info/application	[Sensor] Updated distance: 23.9638592202514 cm | Severity=75 | SourceName=Sensor2 | EventType=application
[2026-08-16 18:52:22.977 (UTC)] info/network	[System] TCP 17	| Connection opened from "127.0.0.1" via the server socket 8 | Severity=75 | SourceName=System | EventType=network
[2026-08-16 18:52:22.977 (UTC)] info/channel	[System] TCP 17	| SC 2	| SecureChannel created | Severity=75 | SourceName=System | EventType=channel
[2026-08-16 18:52:22.997 (UTC)] info/channel	[System] TCP 17	| SC 2	| OpenSecureChannel: Channel opened with SecurityMode None for SecurityPolicy http://opcfoundation.org/UA/SecurityPolicy#None and a revised lifetime of 600.0s | Severity=75 | SourceName=System | EventType=channel
[2026-08-16 18:52:23.017 (UTC)] warn/client	[System] Removing a UserTokenPolicy that would allow the password to be transmitted without encryption (Can be enabled via config->allowNonePolicyPassword) | Severity=175 | SourceName=System | EventType=client
[2026-08-16 18:52:23.017 (UTC)] warn/client	[System] Removing a UserTokenPolicy that would allow the password to be transmitted without encryption (Can be enabled via config->allowNonePolicyPassword) | Severity=175 | SourceName=System | EventType=client
[2026-08-16 18:52:23.028 (UTC)] warn/client	[System] Removing a UserTokenPolicy that would allow the password to be transmitted without encryption (Can be enabled via config->allowNonePolicyPassword) | Severity=175 | SourceName=System | EventType=client
[2026-08-16 18:52:23.028 (UTC)] warn/client	[System] Removing a UserTokenPolicy that would allow the password to be transmitted without encryption (Can be enabled via config->allowNonePolicyPassword) | Severity=175 | SourceName=System | EventType=client
[2026-08-16 18:52:23.029 (UTC)] info/session	[System] TCP 17	| SC 2	| Session "ns=1;g=f25e8e97-3fe8-a0e4-c73c-a3fa9d09f03f"	| Session created | Severity=75 | SourceName=System | EventType=session
[2026-08-16 18:52:23.039 (UTC)] info/session	[System] TCP 17	| SC 2	| Session "ns=1;g=f25e8e97-3fe8-a0e4-c73c-a3fa9d09f03f"	| ActivateSession: Session activated with ClientUserId "" | Severity=75 | SourceName=System | EventType=session
[2026-08-16 18:52:23.049 (UTC)] info/application	[Sensor] Updated distance: 25.0908285608007 cm | Severity=75 | SourceName=Sensor2 | EventType=application
[2026-08-16 18:52:24.050 (UTC)] info/application	[Sensor] Updated distance: 23.6293162345557 cm | Severity=75 | SourceName=Sensor2 | EventType=application
[2026-08-16 18:52:25.050 (UTC)] info/application	[Sensor] Updated distance: 22.7368810790297 cm | Severity=75 | SourceName=Sensor2 | EventType=application
[2026-08-16 18:52:26.050 (UTC)] info/application	[Sensor] Updated distance: 22.9583706261862 cm | Severity=75 | SourceName=Sensor2 | EventType=application
[2026-08-16 18:52:27.050 (UTC)] info/application	[Sensor] Updated distance: 22.958310349825 cm | Severity=75 | SourceName=Sensor2 | EventType=application
[2026-08-16 18:52:28.051 (UTC)] info/application	[Sensor] Updated distance: 23.8903305881612 cm | Severity=75 | SourceName=Sensor2 | EventType=application
[2026-08-16 18:52:29.051 (UTC)] info/application	[Sensor] Updated distance: 22.4934747305203 cm | Severity=75 | SourceName=Sensor2 | EventType=application
[2026-08-16 18:52:30.051 (UTC)] info/application	[Sensor] Updated distance: 22.7276388510259 cm | Severity=75 | SourceName=Sensor2 | EventType=application
[2026-08-16 18:52:31.051 (UTC)] info/application	[Sensor] Updated distance: 23.1149539114511 cm | Severity=75 | SourceName=Sensor2 | EventType=application
[2026-08-16 18:52:32.052 (UTC)] info/application	[Sensor] Updated distance: 23.7702186658374 cm | Severity=75 | SourceName=Sensor2 | EventType=application
[2026-08-16 18:52:33.042 (UTC)] info/application	[Sensor] Updated distance: 24.9560236986522 cm | Severity=75 | SourceName=Sensor2 | EventType=application
[2026-08-16 18:52:34.043 (UTC)] info/application	[Sensor] Updated distance: 24.0053928007863 cm | Severity=75 | SourceName=Sensor2 | EventType=application
[2026-08-16 18:52:35.043 (UTC)] info/application	[Sensor] Updated distance: 25.2801329164208 cm | Severity=75 | SourceName=Sensor2 | EventType=application
[2026-08-16 18:52:36.043 (UTC)] info/application	[Sensor] Updated distance: 25.6835242939105 cm | Severity=75 | SourceName=Sensor2 | EventType=application
[2026-08-16 18:52:37.043 (UTC)] info/application	[Sensor] Updated distance: 26.5631386873141 cm | Severity=75 | SourceName=Sensor2 | EventType=application
[2026-08-16 18:52:38.043 (UTC)] info/application	[Sensor] Updated distance: 25.4775830604963 cm | Severity=75 | SourceName=Sensor2 | EventType=application
[2026-08-16 18:52:39.043 (UTC)] info/application	[Sensor] Updated distance: 25.586756305111 cm | Severity=75 | SourceName=Sensor2 | EventType=application
[2026-08-16 18:52:40.043 (UTC)] info/application	[Sensor] Updated distance: 25.1093899102925 cm | Severity=75 | SourceName=Sensor2 | EventType=application
[2026-08-16 18:52:41.043 (UTC)] info/application	[Sensor] Updated distance: 26.4050842613937 cm | Severity=75 | SourceName=Sensor2 | EventType=application
[2026-08-16 18:52:42.044 (UTC)] info/application	[Sensor] Updated distance: 26.3256106687829 cm | Severity=75 | SourceName=Sensor2 | EventType=application
[2026-08-16 18:52:43.044 (UTC)] info/application	[Sensor] Updated distance: 27.3976345594961 cm | Severity=75 | SourceName=Sensor2 | EventType=application
[2026-08-16 18:52:44.045 (UTC)] info/application	[Sensor] Updated distance: 28.2210496388008 cm | Severity=75 | SourceName=Sensor2 | EventType=application
[2026-08-16 18:52:45.045 (UTC)] info/application	[Sensor] Updated distance: 27.3438878140151 cm | Severity=75 | SourceName=Sensor2 | EventType=application
[2026-08-16 18:52:46.046 (UTC)] info/application	[Sensor] Updated distance: 26.2854100120186 cm | Severity=75 | SourceName=Sensor2 | EventType=application
[2026-08-16 18:52:47.046 (UTC)] info/application	[Sensor] Updated distance: 26.1189872357617 cm | Severity=75 | SourceName=Sensor2 | EventType=application
[2026-08-16 18:52:48.048 (UTC)] info/application	[Sensor] Updated distance: 26.7968351856325 cm | Severity=75 | SourceName=Sensor2 | EventType=application
[2026-08-16 18:52:49.049 (UTC)] info/application	[Sensor] Updated distance: 25.8860936993203 cm | Severity=75 | SourceName=Sensor2 | EventType=application
[2026-08-16 18:52:50.049 (UTC)] info/application	[Sensor] Updated distance: 27.1775174246531 cm | Severity=75 | SourceName=Sensor2 | EventType=application
[2026-08-16 18:52:51.049 (UTC)] info/application	[Sensor] Updated distance: 28.2704532655284 cm | Severity=75 | SourceName=Sensor2 | EventType=application
[2026-08-16 18:52:52.049 (UTC)] info/application	[Sensor] Updated distance: 27.4011818975681 cm | Severity=75 | SourceName=Sensor2 | EventType=application
[2026-08-16 18:52:53.050 (UTC)] info/application	[Sensor] Updated distance: 27.6999068337958 cm | Severity=75 | SourceName=Sensor2 | EventType=application
[2026-08-16 18:52:54.050 (UTC)] info/application	[Sensor] Updated distance: 28.4198120138234 cm | Severity=75 | SourceName=Sensor2 | EventType=application
[2026-08-16 18:52:55.051 (UTC)] info/application	[Sensor] Updated distance: 27.5890283210152 cm | Severity=75 | SourceName=Sensor2 | EventType=application
[2026-08-16 18:52:56.051 (UTC)] info/application	[Sensor] Updated distance: 28.4953181017168 cm | Severity=75 | SourceName=Sensor2 | EventType=application
[2026-08-16 18:52:57.052 (UTC)] info/application	[Sensor] Updated distance: 27.936712827504 cm | Severity=75 | SourceName=Sensor2 | EventType=application
[2026-08-16 18:52:58.052 (UTC)] info/application	[Sensor] Updated distance: 28.6058688583345 cm | Severity=75 | SourceName=Sensor2 | EventType=application
[2026-08-16 18:52:59.052 (UTC)] info/application	[Sensor] Updated distance: 28.9441788773724 cm | Severity=75 | SourceName=Sensor2 | EventType=application
[2026-08-16 18:53:00.042 (UTC)] info/application	[Sensor] Updated distance: 28.4887177455186 cm | Severity=75 | SourceName=Sensor2 | EventType=application
[2026-08-16 18:53:01.043 (UTC)] info/application	[Sensor] Updated distance: 27.8920378954578 cm | Severity=75 | SourceName=Sensor2 | EventType=application
[2026-08-16 18:53:02.044 (UTC)] info/application	[Sensor] Updated distance: 27.1176629735239 cm | Severity=75 | SourceName=Sensor2 | EventType=application
[2026-08-16 18:53:03.044 (UTC)] info/application	[Sensor] Updated distance: 25.8174665946595 cm | Severity=75 | SourceName=Sensor2 | EventType=application
[2026-08-16 18:53:04.044 (UTC)] info/application	[Sensor] Updated distance: 24.9065917760164 cm | Severity=75 | SourceName=Sensor2 | EventType=application
[2026-08-16 18:53:05.044 (UTC)] info/application	[Sensor] Updated distance: 24.6815859562166 cm | Severity=75 | SourceName=Sensor2 | EventType=application
[2026-08-16 18:53:06.045 (UTC)] info/application	[Sensor] Updated distance: 26.1561296943836 cm | Severity=75 | SourceName=Sensor2 | EventType=application
[2026-08-16 18:53:07.045 (UTC)] info/application	[Sensor] Updated distance: 27.1486462532303 cm | Severity=75 | SourceName=Sensor2 | EventType=application
[2026-08-16 18:53:08.045 (UTC)] info/application	[Sensor] Updated distance: 26.3032548254371 cm | Severity=75 | SourceName=Sensor2 | EventType=application
[2026-08-16 18:53:09.045 (UTC)] info/application	[Sensor] Updated distance: 25.1922429353894 cm | Severity=75 | SourceName=Sensor2 | EventType=application
[2026-08-16 18:53:10.046 (UTC)] info/application	[Sensor] Updated distance: 24.7939327388508 cm | Severity=75 | SourceName=Sensor2 | EventType=application
[2026-08-16 18:53:11.046 (UTC)] info/application	[Sensor] Updated distance: 24.9711749176361 cm | Severity=75 | SourceName=Sensor2 | EventType=application
[2026-08-16 18:53:12.047 (UTC)] info/application	[Sensor] Updated distance: 23.6558573772925 cm | Severity=75 | SourceName=Sensor2 | EventType=application
[2026-08-16 18:53:13.047 (UTC)] info/application	[Sensor] Updated distance: 24.6780735881431 cm | Severity=75 | SourceName=Sensor2 | EventType=application
[2026-08-16 18:53:14.048 (UTC)] info/application	[Sensor] Updated distance: 24.4273396562447 cm | Severity=75 | SourceName=Sensor2 | EventType=application
[2026-08-16 18:53:15.048 (UTC)] info/application	[Sensor] Updated distance: 25.4354371952058 cm | Severity=75 | SourceName=Sensor2 | EventType=application
[2026-08-16 18:53:16.048 (UTC)] info/application	[Sensor] Updated distance: 24.0804915798737 cm | Severity=75 | SourceName=Sensor2 | EventType=application
[2026-08-16 18:53:17.049 (UTC)] info/application	[Sensor] Updated distance: 24.2712798459787 cm | Severity=75 | SourceName=Sensor2 | EventType=application
[2026-08-16 18:53:18.049 (UTC)] info/application	[Sensor] Updated distance: 23.612954608683 cm | Severity=75 | SourceName=Sensor2 | EventType=application
[2026-08-16 18:53:19.049 (UTC)] info/application	[Sensor] Updated distance: 24.4358569446187 cm | Severity=75 | SourceName=Sensor2 | EventType=application
[2026-08-16 18:53:20.049 (UTC)] info/application	[Sensor] Updated distance: 25.2159037244115 cm | Severity=75 | SourceName=Sensor2 | EventType=application
[2026-08-16 18:53:21.050 (UTC)] info/application	[Sensor] Updated distance: 24.3490022110515 cm | Severity=75 | SourceName=Sensor2 | EventType=application
[2026-08-16 18:53:22.050 (UTC)] info/application	[Sensor] Updated distance: 24.7648403864656 cm | Severity=75 | SourceName=Sensor2 | EventType=application
[2026-08-16 18:53:23.051 (UTC)] info/application	[Sensor] Updated distance: 26.1756157996951 cm | Severity=75 | SourceName=Sensor2 | EventType=application
[2026-08-16 18:53:24.051 (UTC)] info/application	[Sensor] Updated distance: 27.1074392239598 cm | Severity=75 | SourceName=Sensor2 | EventType=application
[2026-08-16 18:53:25.052 (UTC)] info/application	[Sensor] Updated distance: 26.7431825780045 cm | Severity=75 | SourceName=Sensor2 | EventType=application
[2026-08-16 18:53:26.043 (UTC)] info/application	[Sensor] Updated distance: 25.8231742970288 cm | Severity=75 | SourceName=Sensor2 | EventType=application
[2026-08-16 18:53:27.044 (UTC)] info/application	[Sensor] Updated distance: 26.1612875005981 cm | Severity=75 | SourceName=Sensor2 | EventType=application
[2026-08-16 18:53:28.044 (UTC)] info/application	[Sensor] Updated distance: 26.73842558043 cm | Severity=75 | SourceName=Sensor2 | EventType=application
[2026-08-16 18:53:29.045 (UTC)] info/application	[Sensor] Updated distance: 27.9875733302848 cm | Severity=75 | SourceName=Sensor2 | EventType=application
[2026-08-16 18:53:30.046 (UTC)] info/application	[Sensor] Updated distance: 27.163996551495 cm | Severity=75 | SourceName=Sensor2 | EventType=application
[2026-08-16 18:53:31.046 (UTC)] info/application	[Sensor] Updated distance: 25.7856734980762 cm | Severity=75 | SourceName=Sensor2 | EventType=application
[2026-08-16 18:53:32.046 (UTC)] info/application	[Sensor] Updated distance: 24.9381413964732 cm | Severity=75 | SourceName=Sensor2 | EventType=application
[2026-08-16 18:53:33.046 (UTC)] info/application	[Sensor] Updated distance: 24.8401896971465 cm | Severity=75 | SourceName=Sensor2 | EventType=application
[2026-08-16 18:53:34.048 (UTC)] info/application	[Sensor] Updated distance: 23.6616702648633 cm | Severity=75 | SourceName=Sensor2 | EventType=application
[2026-08-16 18:53:35.048 (UTC)] info/application	[Sensor] Updated distance: 23.4032633460142 cm | Severity=75 | SourceName=Sensor2 | EventType=application
[2026-08-16 18:53:36.048 (UTC)] info/application	[Sensor] Updated distance: 24.5803058268876 cm | Severity=75 | SourceName=Sensor2 | EventType=application
[2026-08-16 18:53:37.048 (UTC)] info/application	[Sensor] Updated distance: 23.3763301313744 cm | Severity=75 | SourceName=Sensor2 | EventType=application
[2026-08-16 18:53:38.050 (UTC)] info/application	[Sensor] Updated distance: 22.6104397699751 cm | Severity=75 | SourceName=Sensor2 | EventType=application
[2026-08-16 18:53:39.050 (UTC)] info/application	[Sensor] Updated distance: 21.4420908230553 cm | Severity=75 | SourceName=Sensor2 | EventType=application
[2026-08-16 18:53:40.051 (UTC)] info/application	[Sensor] Updated distance: 20.6271032374944 cm | Severity=75 | SourceName=Sensor2 | EventType=application
[2026-08-16 18:53:41.050 (UTC)] info/application	[Sensor] Updated distance: 20.9629026795565 cm | Severity=75 | SourceName=Sensor2 | EventType=application
[2026-08-16 18:53:42.051 (UTC)] info/application	[Sensor] Updated distance: 21.4717959114219 cm | Severity=75 | SourceName=Sensor2 | EventType=application
[2026-08-16 18:53:43.051 (UTC)] info/application	[Sensor] Updated distance: 20.8414907855175 cm | Severity=75 | SourceName=Sensor2 | EventType=application
[2026-08-16 18:53:44.051 (UTC)] info/application	[Sensor] Updated distance: 20.6995064384302 cm | Severity=75 | SourceName=Sensor2 | EventType=application
[2026-08-16 18:53:45.052 (UTC)] info/application	[Sensor] Updated distance: 19.4576657370001 cm | Severity=75 | SourceName=Sensor2 | EventType=application
[2026-08-16 18:53:46.052 (UTC)] info/application	[Sensor] Updated distance: 18.3354581500569 cm | Severity=75 | SourceName=Sensor2 | EventType=application
[2026-08-16 18:53:47.052 (UTC)] info/application	[Sensor] Updated distance: 18.3385281876375 cm | Severity=75 | SourceName=Sensor2 | EventType=application
[2026-08-16 18:53:48.052 (UTC)] info/application	[Sensor] Updated distance: 18.7874757523124 cm | Severity=75 | SourceName=Sensor2 | EventType=application
[2026-08-16 18:53:49.052 (UTC)] info/application	[Sensor] Updated distance: 18.5069429280734 cm | Severity=75 | SourceName=Sensor2 | EventType=application
[2026-08-16 18:53:50.052 (UTC)] info/application	[Sensor] Updated distance: 17.8329153001927 cm | Severity=75 | SourceName=Sensor2 | EventType=application
[2026-08-16 18:53:51.052 (UTC)] info/application	[Sensor] Updated distance: 17.5619096446605 cm | Severity=75 | SourceName=Sensor2 | EventType=application
[2026-08-16 18:53:52.052 (UTC)] info/application	[Sensor] Updated distance: 17.9144753070616 cm | Severity=75 | SourceName=Sensor2 | EventType=application
[2026-08-16 18:53:53.052 (UTC)] info/application	[Sensor] Updated distance: 19.1562858545949 cm | Severity=75 | SourceName=Sensor2 | EventType=application
[2026-08-16 18:53:54.052 (UTC)] info/application	[Sensor] Updated distance: 18.7960556108952 cm | Severity=75 | SourceName=Sensor2 | EventType=application
[2026-08-16 18:53:55.052 (UTC)] info/application	[Sensor] Updated distance: 18.580444696164 cm | Severity=75 | SourceName=Sensor2 | EventType=application
[2026-08-16 18:53:56.052 (UTC)] info/application	[Sensor] Updated distance: 17.9579985963451 cm | Severity=75 | SourceName=Sensor2 | EventType=application
[2026-08-16 18:53:57.052 (UTC)] info/application	[Sensor] Updated distance: 18.1777600716696 cm | Severity=75 | SourceName=Sensor2 | EventType=application
[2026-08-16 18:53:58.052 (UTC)] info/application	[Sensor] Updated distance: 16.8002623605077 cm | Severity=75 | SourceName=Sensor2 | EventType=application
[2026-08-16 18:53:59.052 (UTC)] info/application	[Sensor] Updated distance: 18.2549543405208 cm | Severity=75 | SourceName=Sensor2 | EventType=application
[2026-08-16 18:54:00.042 (UTC)] info/application	[Sensor] Updated distance: 18.2238635643031 cm | Severity=75 | SourceName=Sensor2 | EventType=application
[2026-08-16 18:54:01.043 (UTC)] info/application	[Sensor] Updated distance: 17.5227890743514 cm | Severity=75 | SourceName=Sensor2 | EventType=application
[2026-08-16 18:54:02.043 (UTC)] info/application	[Sensor] Updated distance: 16.0991579995487 cm | Severity=75 | SourceName=Sensor2 | EventType=application
[2026-08-16 18:54:03.043 (UTC)] info/application	[Sensor] Updated distance: 16.720535121728 cm | Severity=75 | SourceName=Sensor2 | EventType=application
[2026-08-16 18:54:04.043 (UTC)] info/application	[Sensor] Updated distance: 17.4215089324496 cm | Severity=75 | SourceName=Sensor2 | EventType=application
[2026-08-16 18:54:05.044 (UTC)] info/application	[Sensor] Updated distance: 16.3193584267606 cm | Severity=75 | SourceName=Sensor2 | EventType=application
[2026-08-16 18:54:06.044 (UTC)] info/application	[Sensor] Updated distance: 15.1823286286939 cm | Severity=75 | SourceName=Sensor2 | EventType=application
[2026-08-16 18:54:07.044 (UTC)] info/application	[Sensor] Updated distance: 15.5603449202889 cm | Severity=75 | SourceName=Sensor2 | EventType=application
[2026-08-16 18:54:08.044 (UTC)] info/application	[Sensor] Updated distance: 14.7542187190867 cm | Severity=75 | SourceName=Sensor2 | EventType=application
[2026-08-16 18:54:09.043 (UTC)] info/application	[Sensor] Updated distance: 14.3512985610176 cm | Severity=75 | SourceName=Sensor2 | EventType=application
[2026-08-16 18:54:10.043 (UTC)] info/application	[Sensor] Updated distance: 15.0609659056929 cm | Severity=75 | SourceName=Sensor2 | EventType=application
[2026-08-16 18:54:11.044 (UTC)] info/application	[Sensor] Updated distance: 14.9398521203268 cm | Severity=75 | SourceName=Sensor2 | EventType=application
[2026-08-16 18:54:12.044 (UTC)] info/application	[Sensor] Updated distance: 16.3727314043197 cm | Severity=75 | SourceName=Sensor2 | EventType=application
[2026-08-16 18:54:13.044 (UTC)] info/application	[Sensor] Updated distance: 16.0912919794634 cm | Severity=75 | SourceName=Sensor2 | EventType=application
[2026-08-16 18:54:14.044 (UTC)] info/application	[Sensor] Updated distance: 16.8398730681929 cm | Severity=75 | SourceName=Sensor2 | EventType=application
[2026-08-16 18:54:15.044 (UTC)] info/application	[Sensor] Updated distance: 16.6307680037016 cm | Severity=75 | SourceName=Sensor2 | EventType=application
[2026-08-16 18:54:16.044 (UTC)] info/application	[Sensor] Updated distance: 16.6074878774153 cm | Severity=75 | SourceName=Sensor2 | EventType=application
[2026-08-16 18:54:17.044 (UTC)] info/application	[Sensor] Updated distance: 17.7338613792015 cm | Severity=75 | SourceName=Sensor2 | EventType=application
[2026-08-16 18:54:18.045 (UTC)] info/application	[Sensor] Updated distance: 19.0278263536877 cm | Severity=75 | SourceName=Sensor2 | EventType=application
[2026-08-16 18:54:19.045 (UTC)] info/application	[Sensor] Updated distance: 17.9534937906794 cm | Severity=75 | SourceName=Sensor2 | EventType=application
[2026-08-16 18:54:20.045 (UTC)] info/application	[Sensor] Updated distance: 17.2993344668296 cm | Severity=75 | SourceName=Sensor2 | EventType=application
[2026-08-16 18:54:21.045 (UTC)] info/application	[Sensor] Updated distance: 16.4192718120382 cm | Severity=75 | SourceName=Sensor2 | EventType=application
[2026-08-16 18:54:22.046 (UTC)] info/application	[Sensor] Updated distance: 16.5739335934976 cm | Severity=75 | SourceName=Sensor2 | EventType=application
[2026-08-16 18:54:23.046 (UTC)] info/application	[Sensor] Updated distance: 17.7723399334458 cm | Severity=75 | SourceName=Sensor2 | EventType=application
[2026-08-16 18:54:24.046 (UTC)] info/application	[Sensor] Updated distance: 16.6340878261878 cm | Severity=75 | SourceName=Sensor2 | EventType=application
[2026-08-16 18:54:25.046 (UTC)] info/application	[Sensor] Updated distance: 17.9285193639475 cm | Severity=75 | SourceName=Sensor2 | EventType=application
[2026-08-16 18:54:26.047 (UTC)] info/application	[Sensor] Updated distance: 17.4113147877675 cm | Severity=75 | SourceName=Sensor2 | EventType=application
[2026-08-16 18:54:27.046 (UTC)] info/application	[Sensor] Updated distance: 17.1506165806905 cm | Severity=75 | SourceName=Sensor2 | EventType=application
[2026-08-16 18:54:28.046 (UTC)] info/application	[Sensor] Updated distance: 17.1648095923778 cm | Severity=75 | SourceName=Sensor2 | EventType=application
[2026-08-16 18:54:29.046 (UTC)] info/application	[Sensor] Updated distance: 16.770107305036 cm | Severity=75 | SourceName=Sensor2 | EventType=application
[2026-08-16 18:54:30.046 (UTC)] info/application	[Sensor] Updated distance: 16.464101077972 cm | Severity=75 | SourceName=Sensor2 | EventType=application
[2026-08-16 18:54:30.137 (UTC)] info/session	[System] TCP 17	| SC 2	| Session "ns=1;g=f25e8e97-3fe8-a0e4-c73c-a3fa9d09f03f"	| WriteRequest returned status code BadUserAccessDenied | Severity=75 | SourceName=System | EventType=session
[2026-08-16 18:54:31.047 (UTC)] info/application	[Sensor] Updated distance: 17.9472033134416 cm | Severity=75 | SourceName=Sensor2 | EventType=application
[2026-08-16 18:54:32.047 (UTC)] info/application	[Sensor] Updated distance: 18.3514265375451 cm | Severity=75 | SourceName=Sensor2 | EventType=application
[2026-08-16 18:54:33.046 (UTC)] info/application	[Sensor] Updated distance: 18.1217892356784 cm | Severity=75 | SourceName=Sensor2 | EventType=application
[2026-08-16 18:54:34.046 (UTC)] info/application	[Sensor] Updated distance: 18.7262685933273 cm | Severity=75 | SourceName=Sensor2 | EventType=application
[2026-08-16 18:54:35.046 (UTC)] info/application	[Sensor] Updated distance: 18.3314656267555 cm | Severity=75 | SourceName=Sensor2 | EventType=application
[2026-08-16 18:54:36.046 (UTC)] info/application	[Sensor] Updated distance: 18.4996778191997 cm | Severity=75 | SourceName=Sensor2 | EventType=application
[2026-08-16 18:54:37.047 (UTC)] info/application	[Sensor] Updated distance: 19.4671273787819 cm | Severity=75 | SourceName=Sensor2 | EventType=application
[2026-08-16 18:54:38.047 (UTC)] info/application	[Sensor] Updated distance: 20.9503407038051 cm | Severity=75 | SourceName=Sensor2 | EventType=application
[2026-08-16 18:54:39.047 (UTC)] info/application	[Sensor] Updated distance: 21.8124266964441 cm | Severity=75 | SourceName=Sensor2 | EventType=application
[2026-08-16 18:54:40.048 (UTC)] info/application	[Sensor] Updated distance: 20.8769560965602 cm | Severity=75 | SourceName=Sensor2 | EventType=application
[2026-08-16 18:54:41.048 (UTC)] info/application	[Sensor] Updated distance: 21.5698367648618 cm | Severity=75 | SourceName=Sensor2 | EventType=application
[2026-08-16 18:54:42.047 (UTC)] info/application	[Sensor] Updated distance: 20.8108089707377 cm | Severity=75 | SourceName=Sensor2 | EventType=application
[2026-08-16 18:54:43.048 (UTC)] info/application	[Sensor] Updated distance: 19.8082176548467 cm | Severity=75 | SourceName=Sensor2 | EventType=application
[2026-08-16 18:54:44.048 (UTC)] info/application	[Sensor] Updated distance: 18.719658896895 cm | Severity=75 | SourceName=Sensor2 | EventType=application
[2026-08-16 18:54:45.049 (UTC)] info/application	[Sensor] Updated distance: 20.2092121915003 cm | Severity=75 | SourceName=Sensor2 | EventType=application
[2026-08-16 18:54:46.049 (UTC)] info/application	[Sensor] Updated distance: 20.4975158111181 cm | Severity=75 | SourceName=Sensor2 | EventType=application
[2026-08-16 18:54:47.050 (UTC)] info/application	[Sensor] Updated distance: 20.88567692688 cm | Severity=75 | SourceName=Sensor2 | EventType=application
[2026-08-16 18:54:48.050 (UTC)] info/application	[Sensor] Updated distance: 22.0016037232716 cm | Severity=75 | SourceName=Sensor2 | EventType=application
[2026-08-16 18:54:49.051 (UTC)] info/application	[Sensor] Updated distance: 22.0838723159786 cm | Severity=75 | SourceName=Sensor2 | EventType=application
[2026-08-16 18:54:50.052 (UTC)] info/application	[Sensor] Updated distance: 22.8977008701291 cm | Severity=75 | SourceName=Sensor2 | EventType=application
[2026-08-16 18:54:51.052 (UTC)] info/application	[Sensor] Updated distance: 21.8594683412739 cm | Severity=75 | SourceName=Sensor2 | EventType=application
[2026-08-16 18:54:52.052 (UTC)] info/application	[Sensor] Updated distance: 22.5616742805865 cm | Severity=75 | SourceName=Sensor2 | EventType=application
[2026-08-16 18:54:53.052 (UTC)] info/application	[Sensor] Updated distance: 22.0301646147995 cm | Severity=75 | SourceName=Sensor2 | EventType=application
[2026-08-16 18:54:54.052 (UTC)] info/application	[Sensor] Updated distance: 20.6903384244956 cm | Severity=75 | SourceName=Sensor2 | EventType=application
[2026-08-16 18:54:55.042 (UTC)] info/application	[Sensor] Updated distance: 21.7542922565501 cm | Severity=75 | SourceName=Sensor2 | EventType=application
[2026-08-16 18:54:56.043 (UTC)] info/application	[Sensor] Updated distance: 21.0172141285228 cm | Severity=75 | SourceName=Sensor2 | EventType=application
[2026-08-16 18:54:57.043 (UTC)] info/application	[Sensor] Updated distance: 20.6601833634359 cm | Severity=75 | SourceName=Sensor2 | EventType=application
[2026-08-16 18:54:58.043 (UTC)] info/application	[Sensor] Updated distance: 19.9634389870164 cm | Severity=75 | SourceName=Sensor2 | EventType=application
[2026-08-16 18:54:59.043 (UTC)] info/application	[Sensor] Updated distance: 20.7405538706763 cm | Severity=75 | SourceName=Sensor2 | EventType=application
[2026-08-16 18:55:00.044 (UTC)] info/application	[Sensor] Updated distance: 21.4888208182477 cm | Severity=75 | SourceName=Sensor2 | EventType=application
[2026-08-16 18:55:01.045 (UTC)] info/application	[Sensor] Updated distance: 21.9860702147643 cm | Severity=75 | SourceName=Sensor2 | EventType=application
[2026-08-16 18:55:02.046 (UTC)] info/application	[Sensor] Updated distance: 22.7462873338937 cm | Severity=75 | SourceName=Sensor2 | EventType=application
[2026-08-16 18:55:03.045 (UTC)] info/application	[Sensor] Updated distance: 22.3987775041716 cm | Severity=75 | SourceName=Sensor2 | EventType=application
[2026-08-16 18:55:04.045 (UTC)] info/application	[Sensor] Updated distance: 21.1663895988215 cm | Severity=75 | SourceName=Sensor2 | EventType=application
[2026-08-16 18:55:05.046 (UTC)] info/application	[Sensor] Updated distance: 21.0310860742028 cm | Severity=75 | SourceName=Sensor2 | EventType=application
[2026-08-16 18:55:06.046 (UTC)] info/application	[Sensor] Updated distance: 21.7887732793059 cm | Severity=75 | SourceName=Sensor2 | EventType=application
[2026-08-16 18:55:07.047 (UTC)] info/application	[Sensor] Updated distance: 22.2245975664 cm | Severity=75 | SourceName=Sensor2 | EventType=application
[2026-08-16 18:55:08.047 (UTC)] info/application	[Sensor] Updated distance: 21.5567435999665 cm | Severity=75 | SourceName=Sensor2 | EventType=application
[2026-08-16 18:55:09.048 (UTC)] info/application	[Sensor] Updated distance: 22.2976441286959 cm | Severity=75 | SourceName=Sensor2 | EventType=application
[2026-08-16 18:55:10.048 (UTC)] info/application	[Sensor] Updated distance: 22.095554407032 cm | Severity=75 | SourceName=Sensor2 | EventType=application
[2026-08-16 18:55:11.048 (UTC)] info/application	[Sensor] Updated distance: 21.9922298421116 cm | Severity=75 | SourceName=Sensor2 | EventType=application
[2026-08-16 18:55:12.048 (UTC)] info/application	[Sensor] Updated distance: 21.9260110391425 cm | Severity=75 | SourceName=Sensor2 | EventType=application
[2026-08-16 18:55:13.049 (UTC)] info/application	[Sensor] Updated distance: 22.4648935233545 cm | Severity=75 | SourceName=Sensor2 | EventType=application
[2026-08-16 18:55:14.049 (UTC)] info/application	[Sensor] Updated distance: 22.8589776425431 cm | Severity=75 | SourceName=Sensor2 | EventType=application
[2026-08-16 18:55:15.049 (UTC)] info/application	[Sensor] Updated distance: 23.2042000816223 cm | Severity=75 | SourceName=Sensor2 | EventType=application
[2026-08-16 18:55:16.051 (UTC)] info/application	[Sensor] Updated distance: 23.7326358604397 cm | Severity=75 | SourceName=Sensor2 | EventType=application
[2026-08-16 18:55:17.051 (UTC)] info/application	[Sensor] Updated distance: 22.9150235978491 cm | Severity=75 | SourceName=Sensor2 | EventType=application
[2026-08-16 18:55:18.051 (UTC)] info/application	[Sensor] Updated distance: 22.1484071526902 cm | Severity=75 | SourceName=Sensor2 | EventType=application
[2026-08-16 18:55:19.051 (UTC)] info/application	[Sensor] Updated distance: 22.2927697265021 cm | Severity=75 | SourceName=Sensor2 | EventType=application
[2026-08-16 18:55:20.052 (UTC)] info/application	[Sensor] Updated distance: 23.0574260580155 cm | Severity=75 | SourceName=Sensor2 | EventType=application
[2026-08-16 18:55:21.051 (UTC)] info/application	[Sensor] Updated distance: 21.6046381656102 cm | Severity=75 | SourceName=Sensor2 | EventType=application
[2026-08-16 18:55:22.051 (UTC)] info/application	[Sensor] Updated distance: 22.210768210567 cm | Severity=75 | SourceName=Sensor2 | EventType=application
[2026-08-16 18:55:23.051 (UTC)] info/application	[Sensor] Updated distance: 22.1776304799959 cm | Severity=75 | SourceName=Sensor2 | EventType=application
[2026-08-16 18:55:24.052 (UTC)] info/application	[Sensor] Updated distance: 21.6933329218036 cm | Severity=75 | SourceName=Sensor2 | EventType=application
[2026-08-16 18:55:25.052 (UTC)] info/application	[Sensor] Updated distance: 22.4596367778534 cm | Severity=75 | SourceName=Sensor2 | EventType=application
[2026-08-16 18:55:26.052 (UTC)] info/application	[Sensor] Updated distance: 21.9904528779399 cm | Severity=75 | SourceName=Sensor2 | EventType=application
[2026-08-16 18:55:27.052 (UTC)] info/application	[Sensor] Updated distance: 22.2690771917203 cm | Severity=75 | SourceName=Sensor2 | EventType=application
[2026-08-16 18:55:28.043 (UTC)] info/application	[Sensor] Updated distance: 21.1783502812862 cm | Severity=75 | SourceName=Sensor2 | EventType=application
[2026-08-16 18:55:29.042 (UTC)] info/application	[Sensor] Updated distance: 21.5124220049532 cm | Severity=75 | SourceName=Sensor2 | EventType=application
[2026-08-16 18:55:30.042 (UTC)] info/application	[Sensor] Updated distance: 21.0681612023936 cm | Severity=75 | SourceName=Sensor2 | EventType=application
[2026-08-16 18:55:31.042 (UTC)] info/application	[Sensor] Updated distance: 22.2257012395308 cm | Severity=75 | SourceName=Sensor2 | EventType=application
[2026-08-16 18:55:32.042 (UTC)] info/application	[Sensor] Updated distance: 21.5570223597144 cm | Severity=75 | SourceName=Sensor2 | EventType=application
[2026-08-16 18:55:33.043 (UTC)] info/application	[Sensor] Updated distance: 20.3729786748872 cm | Severity=75 | SourceName=Sensor2 | EventType=application
[2026-08-16 18:55:34.043 (UTC)] info/application	[Sensor] Updated distance: 19.6830088823023 cm | Severity=75 | SourceName=Sensor2 | EventType=application
[2026-08-16 18:55:35.043 (UTC)] info/application	[Sensor] Updated distance: 19.2819420971358 cm | Severity=75 | SourceName=Sensor2 | EventType=application
[2026-08-16 18:55:36.043 (UTC)] info/application	[Sensor] Updated distance: 19.46259488769 cm | Severity=75 | SourceName=Sensor2 | EventType=application
[2026-08-16 18:55:37.044 (UTC)] info/application	[Sensor] Updated distance: 18.0303122988112 cm | Severity=75 | SourceName=Sensor2 | EventType=application
[2026-08-16 18:55:38.044 (UTC)] info/application	[Sensor] Updated distance: 16.5650697993418 cm | Severity=75 | SourceName=Sensor2 | EventType=application
[2026-08-16 18:55:39.044 (UTC)] info/application	[Sensor] Updated distance: 17.5778686234625 cm | Severity=75 | SourceName=Sensor2 | EventType=application
[2026-08-16 18:55:40.044 (UTC)] info/application	[Sensor] Updated distance: 18.3864865633131 cm | Severity=75 | SourceName=Sensor2 | EventType=application
[2026-08-16 18:55:41.044 (UTC)] info/application	[Sensor] Updated distance: 18.2191543435767 cm | Severity=75 | SourceName=Sensor2 | EventType=application
[2026-08-16 18:55:42.044 (UTC)] info/application	[Sensor] Updated distance: 17.62862860138 cm | Severity=75 | SourceName=Sensor2 | EventType=application
[2026-08-16 18:55:43.044 (UTC)] info/application	[Sensor] Updated distance: 16.8710277368645 cm | Severity=75 | SourceName=Sensor2 | EventType=application
[2026-08-16 18:55:44.044 (UTC)] info/application	[Sensor] Updated distance: 15.7425779999432 cm | Severity=75 | SourceName=Sensor2 | EventType=application
[2026-08-16 18:55:45.044 (UTC)] info/application	[Sensor] Updated distance: 17.0461363769351 cm | Severity=75 | SourceName=Sensor2 | EventType=application
[2026-08-16 18:55:46.044 (UTC)] info/application	[Sensor] Updated distance: 18.1337579528958 cm | Severity=75 | SourceName=Sensor2 | EventType=application
[2026-08-16 18:55:47.044 (UTC)] info/application	[Sensor] Updated distance: 19.0337439947919 cm | Severity=75 | SourceName=Sensor2 | EventType=application
[2026-08-16 18:55:47.185 (UTC)] info/session	[System] TCP 17	| SC 2	| Session "ns=1;g=f25e8e97-3fe8-a0e4-c73c-a3fa9d09f03f"	| WriteRequest returned status code BadUserAccessDenied | Severity=75 | SourceName=System | EventType=session
[2026-08-16 18:55:48.044 (UTC)] info/application	[Sensor] Updated distance: 18.0196901091932 cm | Severity=75 | SourceName=Sensor2 | EventType=application
[2026-08-16 18:55:49.044 (UTC)] info/application	[Sensor] Updated distance: 16.840695238598 cm | Severity=75 | SourceName=Sensor2 | EventType=application
[2026-08-16 18:55:50.044 (UTC)] info/application	[Sensor] Updated distance: 16.385043852909 cm | Severity=75 | SourceName=Sensor2 | EventType=application
[2026-08-16 18:55:51.044 (UTC)] info/application	[Sensor] Updated distance: 17.6356462988237 cm | Severity=75 | SourceName=Sensor2 | EventType=application
[2026-08-16 18:55:52.043 (UTC)] info/application	[Sensor] Updated distance: 16.5038635358232 cm | Severity=75 | SourceName=Sensor2 | EventType=application
[2026-08-16 18:55:53.044 (UTC)] info/application	[Sensor] Updated distance: 15.154342195091 cm | Severity=75 | SourceName=Sensor2 | EventType=application
[2026-08-16 18:55:54.044 (UTC)] info/application	[Sensor] Updated distance: 14.8718069090377 cm | Severity=75 | SourceName=Sensor2 | EventType=application
[2026-08-16 18:55:55.044 (UTC)] info/application	[Sensor] Updated distance: 14.7557265878449 cm | Severity=75 | SourceName=Sensor2 | EventType=application
[2026-08-16 18:55:56.045 (UTC)] info/application	[Sensor] Updated distance: 15.6725091031625 cm | Severity=75 | SourceName=Sensor2 | EventType=application
[2026-08-16 18:55:57.046 (UTC)] info/application	[Sensor] Updated distance: 16.4207899171956 cm | Severity=75 | SourceName=Sensor2 | EventType=application
[2026-08-16 18:55:58.046 (UTC)] info/application	[Sensor] Updated distance: 15.0833339097832 cm | Severity=75 | SourceName=Sensor2 | EventType=application
[2026-08-16 18:55:59.046 (UTC)] info/application	[Sensor] Updated distance: 16.4093895146667 cm | Severity=75 | SourceName=Sensor2 | EventType=application
[2026-08-16 18:56:00.047 (UTC)] info/application	[Sensor] Updated distance: 15.9917420509699 cm | Severity=75 | SourceName=Sensor2 | EventType=application
[2026-08-16 18:56:00.198 (UTC)] info/session	[System] TCP 17	| SC 2	| Session "ns=1;g=f25e8e97-3fe8-a0e4-c73c-a3fa9d09f03f"	| WriteRequest returned status code BadUserAccessDenied | Severity=75 | SourceName=System | EventType=session
[2026-08-16 18:56:01.047 (UTC)] info/application	[Sensor] Updated distance: 15.7100252409978 cm | Severity=75 | SourceName=Sensor2 | EventType=application
[2026-08-16 18:56:02.048 (UTC)] info/application	[Sensor] Updated distance: 16.6936208816216 cm | Severity=75 | SourceName=Sensor2 | EventType=application
[2026-08-16 18:56:03.048 (UTC)] info/application	[Sensor] Updated distance: 17.1072945381083 cm | Severity=75 | SourceName=Sensor2 | EventType=application
[2026-08-16 18:56:04.049 (UTC)] info/application	[Sensor] Updated distance: 17.1415340433091 cm | Severity=75 | SourceName=Sensor2 | EventType=application
[2026-08-16 18:56:05.049 (UTC)] info/application	[Sensor] Updated distance: 15.935159889951 cm | Severity=75 | SourceName=Sensor2 | EventType=application
[2026-08-16 18:56:06.050 (UTC)] info/application	[Sensor] Updated distance: 14.4477667598742 cm | Severity=75 | SourceName=Sensor2 | EventType=application
[2026-08-16 18:56:07.050 (UTC)] info/application	[Sensor] Updated distance: 13.1626590542321 cm | Severity=75 | SourceName=Sensor2 | EventType=application
[2026-08-16 18:56:08.051 (UTC)] info/application	[Sensor] Updated distance: 12.0240023119953 cm | Severity=75 | SourceName=Sensor2 | EventType=application
[2026-08-16 18:56:09.051 (UTC)] info/application	[Sensor] Updated distance: 10.5713666838461 cm | Severity=75 | SourceName=Sensor2 | EventType=application
[2026-08-16 18:56:10.051 (UTC)] info/application	[Sensor] Updated distance: 11.7990578023247 cm | Severity=75 | SourceName=Sensor2 | EventType=application
[2026-08-16 18:56:11.051 (UTC)] info/application	[Sensor] Updated distance: 12.9690190013354 cm | Severity=75 | SourceName=Sensor2 | EventType=application
[2026-08-16 18:56:12.052 (UTC)] info/application	[Sensor] Updated distance: 12.8490511534498 cm | Severity=75 | SourceName=Sensor2 | EventType=application
[2026-08-16 18:56:13.052 (UTC)] info/application	[Sensor] Updated distance: 11.9862165297317 cm | Severity=75 | SourceName=Sensor2 | EventType=application
[2026-08-16 18:56:14.042 (UTC)] info/application	[Sensor] Updated distance: 10.89857686283 cm | Severity=75 | SourceName=Sensor2 | EventType=application
[2026-08-16 18:56:15.043 (UTC)] info/application	[Sensor] Updated distance: 11.1501592780231 cm | Severity=75 | SourceName=Sensor2 | EventType=application
[2026-08-16 18:56:16.043 (UTC)] info/application	[Sensor] Updated distance: 10.0908830299 cm | Severity=75 | SourceName=Sensor2 | EventType=application
[2026-08-16 18:56:17.044 (UTC)] info/application	[Sensor] Updated distance: 11.590864938959 cm | Severity=75 | SourceName=Sensor2 | EventType=application
[2026-08-16 18:56:18.044 (UTC)] info/application	[Sensor] Updated distance: 11.2424333960481 cm | Severity=75 | SourceName=Sensor2 | EventType=application
[2026-08-16 18:56:19.045 (UTC)] info/application	[Sensor] Updated distance: 10.6691032623263 cm | Severity=75 | SourceName=Sensor2 | EventType=application
[2026-08-16 18:56:20.045 (UTC)] info/application	[Sensor] Updated distance: 9.4900902993931 cm | Severity=75 | SourceName=Sensor2 | EventType=application
[2026-08-16 18:56:21.045 (UTC)] info/application	[Sensor] Updated distance: 10.1860073707933 cm | Severity=75 | SourceName=Sensor2 | EventType=application
[2026-08-16 18:56:22.045 (UTC)] info/application	[Sensor] Updated distance: 9.36327968158913 cm | Severity=75 | SourceName=Sensor2 | EventType=application
[2026-08-16 18:56:23.045 (UTC)] info/application	[Sensor] Updated distance: 8.55248395565548 cm | Severity=75 | SourceName=Sensor2 | EventType=application
[2026-08-16 18:56:24.045 (UTC)] info/application	[Sensor] Updated distance: 9.39887968632342 cm | Severity=75 | SourceName=Sensor2 | EventType=application
[2026-08-16 18:56:25.044 (UTC)] info/application	[Sensor] Updated distance: 9.79361671106594 cm | Severity=75 | SourceName=Sensor2 | EventType=application
[2026-08-16 18:56:26.045 (UTC)] info/application	[Sensor] Updated distance: 10.3667406653365 cm | Severity=75 | SourceName=Sensor2 | EventType=application
[2026-08-16 18:56:27.046 (UTC)] info/application	[Sensor] Updated distance: 10.629918909925 cm | Severity=75 | SourceName=Sensor2 | EventType=application
[2026-08-16 18:56:28.046 (UTC)] info/application	[Sensor] Updated distance: 10.2729367473037 cm | Severity=75 | SourceName=Sensor2 | EventType=application
[2026-08-16 18:56:29.047 (UTC)] info/application	[Sensor] Updated distance: 11.0086046941619 cm | Severity=75 | SourceName=Sensor2 | EventType=application
[2026-08-16 18:56:30.048 (UTC)] info/application	[Sensor] Updated distance: 11.0978385422369 cm | Severity=75 | SourceName=Sensor2 | EventType=application
[2026-08-16 18:56:31.048 (UTC)] info/application	[Sensor] Updated distance: 11.8232089173157 cm | Severity=75 | SourceName=Sensor2 | EventType=application
[2026-08-16 18:56:32.049 (UTC)] info/application	[Sensor] Updated distance: 10.7771600528048 cm | Severity=75 | SourceName=Sensor2 | EventType=application
[2026-08-16 18:56:33.049 (UTC)] info/application	[Sensor] Updated distance: 10.3499895415036 cm | Severity=75 | SourceName=Sensor2 | EventType=application
[2026-08-16 18:56:34.050 (UTC)] info/application	[Sensor] Updated distance: 9.98903357167219 cm | Severity=75 | SourceName=Sensor2 | EventType=application
[2026-08-16 18:56:35.051 (UTC)] info/application	[Sensor] Updated distance: 10.4772242123621 cm | Severity=75 | SourceName=Sensor2 | EventType=application
[2026-08-16 18:56:36.051 (UTC)] info/application	[Sensor] Updated distance: 10.3436795477028 cm | Severity=75 | SourceName=Sensor2 | EventType=application
[2026-08-16 18:56:37.051 (UTC)] info/application	[Sensor] Updated distance: 9.99533044919155 cm | Severity=75 | SourceName=Sensor2 | EventType=application
[2026-08-16 18:56:38.052 (UTC)] info/application	[Sensor] Updated distance: 10.6984133842394 cm | Severity=75 | SourceName=Sensor2 | EventType=application
[2026-08-16 18:56:39.042 (UTC)] info/application	[Sensor] Updated distance: 10.9262119787402 cm | Severity=75 | SourceName=Sensor2 | EventType=application
[2026-08-16 18:56:40.042 (UTC)] info/application	[Sensor] Updated distance: 10.6252272520798 cm | Severity=75 | SourceName=Sensor2 | EventType=application
[2026-08-16 18:56:41.043 (UTC)] info/application	[Sensor] Updated distance: 11.0560013042092 cm | Severity=75 | SourceName=Sensor2 | EventType=application
[2026-08-16 18:56:42.043 (UTC)] info/application	[Sensor] Updated distance: 10.9537610963237 cm | Severity=75 | SourceName=Sensor2 | EventType=application
[2026-08-16 18:56:43.044 (UTC)] info/application	[Sensor] Updated distance: 12.0328085217778 cm | Severity=75 | SourceName=Sensor2 | EventType=application
[2026-08-16 18:56:44.044 (UTC)] info/application	[Sensor] Updated distance: 13.1007479501892 cm | Severity=75 | SourceName=Sensor2 | EventType=application
[2026-08-16 18:56:45.044 (UTC)] info/application	[Sensor] Updated distance: 13.4108680754019 cm | Severity=75 | SourceName=Sensor2 | EventType=application
[2026-08-16 18:56:46.044 (UTC)] info/application	[Sensor] Updated distance: 13.2414979146521 cm | Severity=75 | SourceName=Sensor2 | EventType=application
[2026-08-16 18:56:47.044 (UTC)] info/application	[Sensor] Updated distance: 11.7501610949404 cm | Severity=75 | SourceName=Sensor2 | EventType=application
[2026-08-16 18:56:48.045 (UTC)] info/application	[Sensor] Updated distance: 12.0602631292121 cm | Severity=75 | SourceName=Sensor2 | EventType=application
[2026-08-16 18:56:49.045 (UTC)] info/application	[Sensor] Updated distance: 13.0424614255514 cm | Severity=75 | SourceName=Sensor2 | EventType=application
[2026-08-16 18:56:50.045 (UTC)] info/application	[Sensor] Updated distance: 12.4777944721178 cm | Severity=75 | SourceName=Sensor2 | EventType=application
[2026-08-16 18:56:51.045 (UTC)] info/application	[Sensor] Updated distance: 13.1088835434564 cm | Severity=75 | SourceName=Sensor2 | EventType=application
[2026-08-16 18:56:52.046 (UTC)] info/application	[Sensor] Updated distance: 13.2869989111959 cm | Severity=75 | SourceName=Sensor2 | EventType=application
[2026-08-16 18:56:53.046 (UTC)] info/application	[Sensor] Updated distance: 13.3996042699551 cm | Severity=75 | SourceName=Sensor2 | EventType=application
[2026-08-16 18:56:54.047 (UTC)] info/application	[Sensor] Updated distance: 14.719897616757 cm | Severity=75 | SourceName=Sensor2 | EventType=application
[2026-08-16 18:56:55.047 (UTC)] info/application	[Sensor] Updated distance: 14.2444087137675 cm | Severity=75 | SourceName=Sensor2 | EventType=application
[2026-08-16 18:56:56.047 (UTC)] info/application	[Sensor] Updated distance: 13.2517510958723 cm | Severity=75 | SourceName=Sensor2 | EventType=application
[2026-08-16 18:56:57.048 (UTC)] info/application	[Sensor] Updated distance: 13.6451683955478 cm | Severity=75 | SourceName=Sensor2 | EventType=application
[2026-08-16 18:56:58.048 (UTC)] info/application	[Sensor] Updated distance: 14.9328577385437 cm | Severity=75 | SourceName=Sensor2 | EventType=application
[2026-08-16 18:56:59.048 (UTC)] info/application	[Sensor] Updated distance: 15.0832179594241 cm | Severity=75 | SourceName=Sensor2 | EventType=application
[2026-08-16 18:57:00.049 (UTC)] info/application	[Sensor] Updated distance: 14.7123032045608 cm | Severity=75 | SourceName=Sensor2 | EventType=application
[2026-08-16 18:57:01.049 (UTC)] info/application	[Sensor] Updated distance: 14.5892263942348 cm | Severity=75 | SourceName=Sensor2 | EventType=application
[2026-08-16 18:57:02.050 (UTC)] info/application	[Sensor] Updated distance: 13.964956988797 cm | Severity=75 | SourceName=Sensor2 | EventType=application
[2026-08-16 18:57:03.051 (UTC)] info/application	[Sensor] Updated distance: 14.0479933694229 cm | Severity=75 | SourceName=Sensor2 | EventType=application
[2026-08-16 18:57:04.051 (UTC)] info/application	[Sensor] Updated distance: 14.9977460477956 cm | Severity=75 | SourceName=Sensor2 | EventType=application
[2026-08-16 18:57:05.051 (UTC)] info/application	[Sensor] Updated distance: 15.5125206725265 cm | Severity=75 | SourceName=Sensor2 | EventType=application
[2026-08-16 18:57:06.051 (UTC)] info/application	[Sensor] Updated distance: 14.5837476924452 cm | Severity=75 | SourceName=Sensor2 | EventType=application
[2026-08-16 18:57:07.051 (UTC)] info/application	[Sensor] Updated distance: 13.8999557061586 cm | Severity=75 | SourceName=Sensor2 | EventType=application
[2026-08-16 18:57:08.051 (UTC)] info/application	[Sensor] Updated distance: 12.5663812309813 cm | Severity=75 | SourceName=Sensor2 | EventType=application
[2026-08-16 18:57:09.051 (UTC)] info/application	[Sensor] Updated distance: 13.8406911859478 cm | Severity=75 | SourceName=Sensor2 | EventType=application
[2026-08-16 18:57:10.052 (UTC)] info/application	[Sensor] Updated distance: 14.8846977941621 cm | Severity=75 | SourceName=Sensor2 | EventType=application
[2026-08-16 18:57:11.052 (UTC)] info/application	[Sensor] Updated distance: 14.7501385923243 cm | Severity=75 | SourceName=Sensor2 | EventType=application
[2026-08-16 18:57:12.052 (UTC)] info/application	[Sensor] Updated distance: 14.9552225980234 cm | Severity=75 | SourceName=Sensor2 | EventType=application
[2026-08-16 18:57:13.052 (UTC)] info/application	[Sensor] Updated distance: 14.3969889969551 cm | Severity=75 | SourceName=Sensor2 | EventType=application
[2026-08-16 18:57:14.052 (UTC)] info/application	[Sensor] Updated distance: 13.8414772191744 cm | Severity=75 | SourceName=Sensor2 | EventType=application
[2026-08-16 18:57:15.042 (UTC)] info/application	[Sensor] Updated distance: 13.6145006532848 cm | Severity=75 | SourceName=Sensor2 | EventType=application
[2026-08-16 18:57:16.043 (UTC)] info/application	[Sensor] Updated distance: 14.8663871774294 cm | Severity=75 | SourceName=Sensor2 | EventType=application
[2026-08-16 18:57:17.043 (UTC)] info/application	[Sensor] Updated distance: 15.6415052402958 cm | Severity=75 | SourceName=Sensor2 | EventType=application
[2026-08-16 18:57:18.043 (UTC)] info/application	[Sensor] Updated distance: 15.4231918546945 cm | Severity=75 | SourceName=Sensor2 | EventType=application
[2026-08-16 18:57:19.043 (UTC)] info/application	[Sensor] Updated distance: 15.4851804117138 cm | Severity=75 | SourceName=Sensor2 | EventType=application
[2026-08-16 18:57:20.044 (UTC)] info/application	[Sensor] Updated distance: 15.7424967695226 cm | Severity=75 | SourceName=Sensor2 | EventType=application
[2026-08-16 18:57:21.044 (UTC)] info/application	[Sensor] Updated distance: 16.4595164304876 cm | Severity=75 | SourceName=Sensor2 | EventType=application
[2026-08-16 18:57:22.045 (UTC)] info/application	[Sensor] Updated distance: 15.6525940588455 cm | Severity=75 | SourceName=Sensor2 | EventType=application
[2026-08-16 18:57:23.045 (UTC)] info/application	[Sensor] Updated distance: 14.5880257829968 cm | Severity=75 | SourceName=Sensor2 | EventType=application
[2026-08-16 18:57:23.045 (UTC)] info/session	[System] TCP 17	| SC 2	| Session "ns=1;g=f25e8e97-3fe8-a0e4-c73c-a3fa9d09f03f"	| Closing the Session | Severity=75 | SourceName=System | EventType=session
[2026-08-16 18:57:23.066 (UTC)] info/channel	[System] TCP 17	| SC 2	| SecureChannel closed | Severity=75 | SourceName=System | EventType=channel
[2026-08-16 18:57:23.066 (UTC)] info/network	[System] TCP 17	| Socket closed | Severity=75 | SourceName=System | EventType=network
[2026-08-16 18:57:24.