[SPOOF] Connecting to aggregation_server@4840 (anonymous, no auth)...
[2026-08-17 02:52:22.964 (UTC+0800)] [32minfo/network[0m	TCP 8	| Opening a connection to "127.0.0.1" on port 4840
[2026-08-17 02:52:22.965 (UTC+0800)] [32minfo/channel[0m	TCP 8	| SC 8	| SecureChannel opened with SecurityMode None for SecurityPolicy http://opcfoundation.org/UA/SecurityPolicy#None and a revised lifetime of 600.0s
[2026-08-17 02:52:22.965 (UTC+0800)] [32minfo/client[0m	Client Status: ChannelState: Open, SessionState: Closed, ConnectStatus: Good
[2026-08-17 02:52:22.965 (UTC+0800)] [32minfo/client[0m	The initially defined EndpointURL opc.tcp://127.0.0.1:4840 is valid for the server
[2026-08-17 02:52:22.966 (UTC+0800)] [33mwarn/client[0m	The server returned Endpoints with a different EndpointUrl opc.tcp://MSI:4840 than was used to initialize the connection: opc.tcp://127.0.0.1:4840. Some servers require a complete match of the EndpointUrl/DiscoveryUrl (including the path) to return all endpoints.
[2026-08-17 02:52:22.966 (UTC+0800)] [32minfo/client[0m	Endpoint 0: Best endpoint so far with UserTokenPolicy open62541-anonymous-policy-none#None
[2026-08-17 02:52:22.966 (UTC+0800)] [32minfo/client[0m	Endpoint 0 selected with SecurityMode None, SecurityPolicy http://opcfoundation.org/UA/SecurityPolicy#None and UserTokenPolicy open62541-anonymous-policy-none#None
[2026-08-17 02:52:22.966 (UTC+0800)] [32minfo/client[0m	CreateSession: Using UserTokenPolicy open62541-anonymous-policy-none#None
[2026-08-17 02:52:22.968 (UTC+0800)] [32minfo/client[0m	Client Status: ChannelState: Open, SessionState: Created, ConnectStatus: Good
[2026-08-17 02:52:22.968 (UTC+0800)] [32minfo/client[0m	ActivateSession: Using UserTokenPolicy open62541-anonymous-policy-none#None
[2026-08-17 02:52:22.969 (UTC+0800)] [32minfo/client[0m	Client Status: ChannelState: Open, SessionState: Activated, ConnectStatus: Good
[SPOOF] Connected. Lurking for 300 s, sparsely injecting 5 fake logs...
[SPOOF] t=35s injected (as Sensor): [2026-08-16 18:52:57.189 (UTC)] info/application	[Sensor] Updated distance: 29.727404838301 cm | Severity=75 | SourceName=Sensor | EventType=application
[SPOOF] t=53s injected (as Sensor): [2026-08-16 18:53:15.200 (UTC)] info/application	[Sensor] Updated distance: 26.996068459468 cm | Severity=75 | SourceName=Sensor | EventType=application
[SPOOF] t=82s injected (as Sensor): [2026-08-16 18:53:44.016 (UTC)] info/application	[Sensor] Updated distance: 22.3032684793245 cm | Severity=75 | SourceName=Sensor | EventType=application
[SPOOF] t=200s injected (as Sensor): [2026-08-16 18:55:42.083 (UTC)] info/application	[Sensor] Updated distance: 48.2750402680948 cm | Severity=75 | SourceName=Sensor | EventType=application
[SPOOF] t=218s injected (as Sensor): [2026-08-16 18:56:00.094 (UTC)] info/application	[Sensor] Updated distance: 17.8478622137792 cm | Severity=75 | SourceName=Sensor | EventType=application
[SPOOF] Done (5/5 injected). Disconnecting.
[2026-08-17 02:57:22.141 (UTC+0800)] [32minfo/channel[0m	TCP 8	| SC 8	| SecureChannel closed
[2026-08-17 02:57:22.141 (UTC+0800)] [32minfo/client[0m	Client Status: ChannelState: Closed, SessionState: Closed, ConnectStatus: BadConnectionClosed
[2026-08-17 02:57:22.141 (UTC+0800)] [32minfo/network[0m	TCP 8	| Socket closed
