[SPOOF] Connecting to aggregation_server@4840 (anonymous, no auth)...
[2026-08-17 03:03:07.135 (UTC+0800)] [32minfo/network[0m	TCP 8	| Opening a connection to "127.0.0.1" on port 4840
[2026-08-17 03:03:07.218 (UTC+0800)] [32minfo/channel[0m	TCP 8	| SC 16	| SecureChannel opened with SecurityMode None for SecurityPolicy http://opcfoundation.org/UA/SecurityPolicy#None and a revised lifetime of 600.0s
[2026-08-17 03:03:07.218 (UTC+0800)] [32minfo/client[0m	Client Status: ChannelState: Open, SessionState: Closed, ConnectStatus: Good
[2026-08-17 03:03:07.219 (UTC+0800)] [32minfo/client[0m	The initially defined EndpointURL opc.tcp://127.0.0.1:4840 is valid for the server
[2026-08-17 03:03:07.220 (UTC+0800)] [33mwarn/client[0m	The server returned Endpoints with a different EndpointUrl opc.tcp://MSI:4840 than was used to initialize the connection: opc.tcp://127.0.0.1:4840. Some servers require a complete match of the EndpointUrl/DiscoveryUrl (including the path) to return all endpoints.
[2026-08-17 03:03:07.220 (UTC+0800)] [32minfo/client[0m	Endpoint 0: Best endpoint so far with UserTokenPolicy open62541-anonymous-policy-none#None
[2026-08-17 03:03:07.220 (UTC+0800)] [32minfo/client[0m	Endpoint 0 selected with SecurityMode None, SecurityPolicy http://opcfoundation.org/UA/SecurityPolicy#None and UserTokenPolicy open62541-anonymous-policy-none#None
[2026-08-17 03:03:07.220 (UTC+0800)] [32minfo/client[0m	CreateSession: Using UserTokenPolicy open62541-anonymous-policy-none#None
[2026-08-17 03:03:07.221 (UTC+0800)] [32minfo/client[0m	Client Status: ChannelState: Open, SessionState: Created, ConnectStatus: Good
[2026-08-17 03:03:07.221 (UTC+0800)] [32minfo/client[0m	ActivateSession: Using UserTokenPolicy open62541-anonymous-policy-none#None
[2026-08-17 03:03:07.221 (UTC+0800)] [32minfo/client[0m	Client Status: ChannelState: Open, SessionState: Activated, ConnectStatus: Good
[SPOOF] Connected. Lurking for 300 s, sparsely injecting 5 fake logs...
[SPOOF] t=35s injected (as Sensor3): [2026-08-16 19:03:42.039 (UTC)] info/application	[Sensor] Updated distance: 12.0376523705375 cm | Severity=75 | SourceName=Sensor3 | EventType=application
[SPOOF] t=66s injected (as Sensor3): [2026-08-16 19:04:13.057 (UTC)] info/application	[Sensor] Updated distance: 26.3112182432372 cm | Severity=75 | SourceName=Sensor3 | EventType=application
[SPOOF] t=85s injected (as Sensor3): [2026-08-16 19:04:32.068 (UTC)] info/application	[Sensor] Updated distance: 10.9626539763821 cm | Severity=75 | SourceName=Sensor3 | EventType=application
[SPOOF] t=215s injected (as Sensor3): [2026-08-16 19:06:42.139 (UTC)] info/application	[Sensor] Updated distance: 18.0539116338146 cm | Severity=75 | SourceName=Sensor3 | EventType=application
[SPOOF] t=257s injected (as Sensor3): [2026-08-16 19:07:24.162 (UTC)] info/application	[Sensor] Updated distance: 29.3702047818202 cm | Severity=75 | SourceName=Sensor3 | EventType=application
[SPOOF] Done (5/5 injected). Disconnecting.
[2026-08-17 03:08:07.187 (UTC+0800)] [32minfo/channel[0m	TCP 8	| SC 16	| SecureChannel closed
[2026-08-17 03:08:07.187 (UTC+0800)] [32minfo/client[0m	Client Status: ChannelState: Closed, SessionState: Closed, ConnectStatus: BadConnectionClosed
[2026-08-17 03:08:07.187 (UTC+0800)] [32minfo/network[0m	TCP 8	| Socket closed
