[2026-08-16 00:47:28.260 (UTC+0800)] [33mwarn/server[0m	AccessControl: Unconfigured AccessControl. Users have all permissions.
[2026-08-16 00:47:28.260 (UTC+0800)] [32minfo/server[0m	AccessControl: Anonymous login is enabled
[2026-08-16 00:47:28.260 (UTC+0800)] [33mwarn/server[0m	x509 Certificate Authentication configured, but no encrypting SecurityPolicy. This can leak credentials on the network.
[2026-08-16 00:47:28.297 (UTC+0800)] [33mwarn/application[0m	ServerUrls already set. Overriding.
[2026-08-16 00:47:28.297 (UTC+0800)] [33mwarn/server[0m	AccessControl: Unconfigured AccessControl. Users have all permissions.
[2026-08-16 00:47:28.297 (UTC+0800)] [32minfo/server[0m	AccessControl: Anonymous login is enabled
[2026-08-16 00:47:28.297 (UTC+0800)] [33mwarn/server[0m	x509 Certificate Authentication configured, but no encrypting SecurityPolicy. This can leak credentials on the network.
[2026-08-16 00:47:28.297 (UTC+0800)] [33mwarn/server[0m	x509 Certificate Authentication configured, but no encrypting SecurityPolicy. This can leak credentials on the network.
[2026-08-15 16:47:28.297 (UTC)] info/application	Sensor Server online (Client/Server mode, id=3 port=4844) | Severity=75 | SourceName=Sensor3 | EventType=application
Entering background polling mode: attempting to connect to Aggregation Server...
Connected successfully. Log forwarding started.
[2026-08-15 16:47:29.304 (UTC)] info/application	[Sensor] Updated distance: 13.532530201381318 cm | Severity=75 | SourceName=Sensor3 | EventType=application
[2026-08-15 16:47:30.267 (UTC)] info/network	[System] TCP 16	| Connection opened from "127.0.0.1" via the server socket 8 | Severity=75 | SourceName=System | EventType=network
[2026-08-15 16:47:30.267 (UTC)] info/channel	[System] TCP 16	| SC 1	| SecureChannel created | Severity=75 | SourceName=System | EventType=channel
[2026-08-15 16:47:30.287 (UTC)] info/channel	[System] TCP 16	| SC 1	| OpenSecureChannel: Channel opened with SecurityMode None for SecurityPolicy http://opcfoundation.org/UA/SecurityPolicy#None and a revised lifetime of 600.0s | Severity=75 | SourceName=System | EventType=channel
[2026-08-15 16:47:30.298 (UTC)] info/application	[Sensor] Updated distance: 21.175607526290978 cm | Severity=75 | SourceName=Sensor3 | EventType=application
[2026-08-15 16:47:30.308 (UTC)] warn/client	[System] Removing a UserTokenPolicy that would allow the password to be transmitted without encryption (Can be enabled via config->allowNonePolicyPassword) | Severity=175 | SourceName=System | EventType=client
[2026-08-15 16:47:30.308 (UTC)] warn/client	[System] Removing a UserTokenPolicy that would allow the password to be transmitted without encryption (Can be enabled via config->allowNonePolicyPassword) | Severity=175 | SourceName=System | EventType=client
[2026-08-15 16:47:30.318 (UTC)] warn/client	[System] Removing a UserTokenPolicy that would allow the password to be transmitted without encryption (Can be enabled via config->allowNonePolicyPassword) | Severity=175 | SourceName=System | EventType=client
[2026-08-15 16:47:30.318 (UTC)] warn/client	[System] Removing a UserTokenPolicy that would allow the password to be transmitted without encryption (Can be enabled via config->allowNonePolicyPassword) | Severity=175 | SourceName=System | EventType=client
[2026-08-15 16:47:30.319 (UTC)] info/session	[System] TCP 16	| SC 1	| Session "ns=1;g=c642aaaf-fdf5-6fee-1d01-40943833c38c"	| Session created | Severity=75 | SourceName=System | EventType=session
[2026-08-15 16:47:30.329 (UTC)] info/session	[System] TCP 16	| SC 1	| Session "ns=1;g=c642aaaf-fdf5-6fee-1d01-40943833c38c"	| ActivateSession: Session activated with ClientUserId "" | Severity=75 | SourceName=System | EventType=session
[2026-08-15 16:47:30.715 (UTC)] info/session	[System] TCP 16	| SC 1	| Session "ns=1;g=c642aaaf-fdf5-6fee-1d01-40943833c38c"	| Subscription 1 | Subscription created (Publishing interval 500.0ms, max 1000 notifications per publish) | Severity=75 | SourceName=System | EventType=session
[2026-08-15 16:47:30.725 (UTC)] info/session	[System] TCP 16	| SC 1	| Session "ns=1;g=c642aaaf-fdf5-6fee-1d01-40943833c38c"	| Subscription 1 | MonitoredItem 1 | Created the MonitoredItem (Sampling Interval: 250.0ms, Queue Size: 1) | Severity=75 | SourceName=System | EventType=session
[2026-08-15 16:47:31.302 (UTC)] info/application	[Sensor] Updated distance: 3.543015056076932 cm | Severity=75 | SourceName=Sensor3 | EventType=application
[2026-08-15 16:47:32.305 (UTC)] info/application	[Sensor] Updated distance: 34.89878455591331 cm | Severity=75 | SourceName=Sensor3 | EventType=application
[2026-08-15 16:47:33.355 (UTC)] info/application	[Sensor] Updated distance: 28.931104881191207 cm | Severity=75 | SourceName=Sensor3 | EventType=application
[2026-08-15 16:47:34.298 (UTC)] info/application	[Sensor] Updated distance: 21.81561885206756 cm | Severity=75 | SourceName=Sensor3 | EventType=application
[2026-08-15 16:47:35.302 (UTC)] info/application	[Sensor] Updated distance: 31.507793157132244 cm | Severity=75 | SourceName=Sensor3 | EventType=application
[2026-08-15 16:47:36.305 (UTC)] info/application	[Sensor] Updated distance: 38.46822671800303 cm | Severity=75 | SourceName=Sensor3 | EventType=application
[2026-08-15 16:47:37.307 (UTC)] info/application	[Sensor] Updated distance: 40.29369521434125 cm | Severity=75 | SourceName=Sensor3 | EventType=application
[2026-08-15 16:47:38.300 (UTC)] info/application	[Sensor] Updated distance: 6.104354390923098 cm | Severity=75 | SourceName=Sensor3 | EventType=application
[2026-08-15 16:47:39.304 (UTC)] info/application	[Sensor] Updated distance: 49.48920331126507 cm | Severity=75 | SourceName=Sensor3 | EventType=application
[2026-08-15 16:47:40.307 (UTC)] info/application	[Sensor] Updated distance: 43.75872675783873 cm | Severity=75 | SourceName=Sensor3 | EventType=application
[2026-08-15 16:47:41.298 (UTC)] info/application	[Sensor] Updated distance: 2.185510203328687 cm | Severity=75 | SourceName=Sensor3 | EventType=application
[2026-08-15 16:47:42.302 (UTC)] info/application	[Sensor] Updated distance: 14.16870561063695 cm | Severity=75 | SourceName=Sensor3 | EventType=application
[2026-08-15 16:47:43.304 (UTC)] info/application	[Sensor] Updated distance: 42.653389182246 cm | Severity=75 | SourceName=Sensor3 | EventType=application
[2026-08-15 16:47:44.308 (UTC)] info/application	[Sensor] Updated distance: 13.878467975127728 cm | Severity=75 | SourceName=Sensor3 | EventType=application
[2026-08-15 16:47:45.300 (UTC)] info/application	[Sensor] Updated distance: 6.825591432315107 cm | Severity=75 | SourceName=Sensor3 | EventType=application
[2026-08-15 16:47:46.302 (UTC)] info/application	[Sensor] Updated distance: 26.04516861217337 cm | Severity=75 | SourceName=Sensor3 | EventType=application
[2026-08-15 16:47:47.303 (UTC)] info/application	[Sensor] Updated distance: 5.134738804369578 cm | Severity=75 | SourceName=Sensor3 | EventType=application
[2026-08-15 16:47:48.305 (UTC)] info/application	[Sensor] Updated distance: 27.78178104468704 cm | Severity=75 | SourceName=Sensor3 | EventType=application
[2026-08-15 16:47:49.298 (UTC)] info/application	[Sensor] Updated distance: 4.14028627525097 cm | Severity=75 | SourceName=Sensor3 | EventType=application
[2026-08-15 16:47:50.301 (UTC)] info/application	[Sensor] Updated distance: 36.57401423276123 cm | Severity=75 | SourceName=Sensor3 | EventType=application
[2026-08-15 16:47:51.303 (UTC)] info/application	[Sensor] Updated distance: 38.1216435824156 cm | Severity=75 | SourceName=Sensor3 | EventType=application
[2026-08-15 16:47:52.306 (UTC)] info/application	[Sensor] Updated distance: 31.272418542426273 cm | Severity=75 | SourceName=Sensor3 | EventType=application
[2026-08-15 16:47:53.300 (UTC)] info/application	[Sensor] Updated distance: 9.623933147463916 cm | Severity=75 | SourceName=Sensor3 | EventType=application
[2026-08-15 16:47:54.303 (UTC)] info/application	[Sensor] Updated distance: 33.43319933090042 cm | Severity=75 | SourceName=Sensor3 | EventType=application
[2026-08-15 16:47:55.307 (UTC)] info/application	[Sensor] Updated distance: 2.3511073739971535 cm | Severity=75 | SourceName=Sensor3 | EventType=application
[2026-08-15 16:47:56.300 (UTC)] info/application	[Sensor] Updated distance: 42.56145526122369 cm | Severity=75 | SourceName=Sensor3 | EventType=application
[2026-08-15 16:47:57.303 (UTC)] info/application	[Sensor] Updated distance: 41.94717483592554 cm | Severity=75 | SourceName=Sensor3 | EventType=application
[2026-08-15 16:47:58.306 (UTC)] info/application	[Sensor] Updated distance: 25.914330478717726 cm | Severity=75 | SourceName=Sensor3 | EventType=application
[2026-08-15 16:47:59.307 (UTC)] info/application	[Sensor] Updated distance: 26.31098634391603 cm | Severity=75 | SourceName=Sensor3 | EventType=application
[2026-08-15 16:48:00.300 (UTC)] info/application	[Sensor] Updated distance: 5.479705037306857 cm | Severity=75 | SourceName=Sensor3 | EventType=application
[2026-08-15 16:48:01.304 (UTC)] info/application	[Sensor] Updated distance: 45.089938005008705 cm | Severity=75 | SourceName=Sensor3 | EventType=application
[2026-08-15 16:48:02.307 (UTC)] info/application	[Sensor] Updated distance: 27.854001399992963 cm | Severity=75 | SourceName=Sensor3 | EventType=application
[2026-08-15 16:48:03.300 (UTC)] info/application	[Sensor] Updated distance: 38.378489593220166 cm | Severity=75 | SourceName=Sensor3 | EventType=application
[2026-08-15 16:48:04.303 (UTC)] info/application	[Sensor] Updated distance: 24.021042886199915 cm | Severity=75 | SourceName=Sensor3 | EventType=application
[2026-08-15 16:48:05.307 (UTC)] info/application	[Sensor] Updated distance: 47.66962027441227 cm | Severity=75 | SourceName=Sensor3 | EventType=application
[2026-08-15 16:48:06.299 (UTC)] info/application	[Sensor] Updated distance: 19.886282728000676 cm | Severity=75 | SourceName=Sensor3 | EventType=application
[2026-08-15 16:48:07.302 (UTC)] info/application	[Sensor] Updated distance: 12.48926958185121 cm | Severity=75 | SourceName=Sensor3 | EventType=application
[2026-08-15 16:48:08.307 (UTC)] info/application	[Sensor] Updated distance: 37.96331546640178 cm | Severity=75 | SourceName=Sensor3 | EventType=application
[2026-08-15 16:48:09.300 (UTC)] info/application	[Sensor] Updated distance: 23.990637141275513 cm | Severity=75 | SourceName=Sensor3 | EventType=application
[2026-08-15 16:48:10.303 (UTC)] info/application	[Sensor] Updated distance: 11.978472870764541 cm | Severity=75 | SourceName=Sensor3 | EventType=application
[2026-08-15 16:48:11.305 (UTC)] info/application	[Sensor] Updated distance: 31.722042201888765 cm | Severity=75 | SourceName=Sensor3 | EventType=application
[2026-08-15 16:48:12.307 (UTC)] info/application	[Sensor] Updated distance: 24.176147344604203 cm | Severity=75 | SourceName=Sensor3 | EventType=application
[2026-08-15 16:48:13.300 (UTC)] info/application	[Sensor] Updated distance: 24.147178481401493 cm | Severity=75 | SourceName=Sensor3 | EventType=application
[2026-08-15 16:48:14.302 (UTC)] info/application	[Sensor] Updated distance: 24.37543136178303 cm | Severity=75 | SourceName=Sensor3 | EventType=application
[2026-08-15 16:48:15.305 (UTC)] info/application	[Sensor] Updated distance: 36.05461531973193 cm | Severity=75 | SourceName=Sensor3 | EventType=application
[2026-08-15 16:48:16.299 (UTC)] info/application	[Sensor] Updated distance: 28.972769913716597 cm | Severity=75 | SourceName=Sensor3 | EventType=application
[2026-08-15 16:48:17.301 (UTC)] info/application	[Sensor] Updated distance: 48.4205999739564 cm | Severity=75 | SourceName=Sensor3 | EventType=application
[2026-08-15 16:48:18.303 (UTC)] info/application	[Sensor] Updated distance: 39.189354124101506 cm | Severity=75 | SourceName=Sensor3 | EventType=application
[2026-08-15 16:48:19.305 (UTC)] info/application	[Sensor] Updated distance: 6.754550958403643 cm | Severity=75 | SourceName=Sensor3 | EventType=application
[2026-08-15 16:48:20.307 (UTC)] info/application	[Sensor] Updated distance: 2.560886226855631 cm | Severity=75 | SourceName=Sensor3 | EventType=application
[2026-08-15 16:48:21.299 (UTC)] info/application	[Sensor] Updated distance: 25.763368334511 cm | Severity=75 | SourceName=Sensor3 | EventType=application
[2026-08-15 16:48:22.300 (UTC)] info/application	[Sensor] Updated distance: 42.87619454081924 cm | Severity=75 | SourceName=Sensor3 | EventType=application
[2026-08-15 16:48:23.302 (UTC)] info/application	[Sensor] Updated distance: 31.833304791633644 cm | Severity=75 | SourceName=Sensor3 | EventType=application
[2026-08-15 16:48:24.306 (UTC)] info/application	[Sensor] Updated distance: 33.38730150432666 cm | Severity=75 | SourceName=Sensor3 | EventType=application
[2026-08-15 16:48:25.300 (UTC)] info/application	[Sensor] Updated distance: 26.309393871719664 cm | Severity=75 | SourceName=Sensor3 | EventType=application
[2026-08-15 16:48:26.302 (UTC)] info/application	[Sensor] Updated distance: 32.1844121656308 cm | Severity=75 | SourceName=Sensor3 | EventType=application
[2026-08-15 16:48:27.305 (UTC)] info/application	[Sensor] Updated distance: 25.94875674319861 cm | Severity=75 | SourceName=Sensor3 | EventType=application
[2026-08-15 16:48:28.307 (UTC)] info/application	[Sensor] Updated distance: 18.256568685293463 cm | Severity=75 | SourceName=Sensor3 | EventType=application
[2026-08-15 16:48:29.300 (UTC)] info/application	[Sensor] Updated distance: 8.098742621996784 cm | Severity=75 | SourceName=Sensor3 | EventType=application
[2026-08-15 16:48:30.304 (UTC)] info/application	[Sensor] Updated distance: 2.2597430871146464 cm | Severity=75 | SourceName=Sensor3 | EventType=application
[2026-08-15 16:48:31.306 (UTC)] info/application	[Sensor] Updated distance: 21.73627372260032 cm | Severity=75 | SourceName=Sensor3 | EventType=application
[2026-08-15 16:48:32.299 (UTC)] info/application	[Sensor] Updated distance: 3.1886806270054917 cm | Severity=75 | SourceName=Sensor3 | EventType=application
[2026-08-15 16:48:33.302 (UTC)] info/application	[Sensor] Updated distance: 28.11374448710761 cm | Severity=75 | SourceName=Sensor3 | EventType=application
[2026-08-15 16:48:34.305 (UTC)] info/application	[Sensor] Updated distance: 10.11476331582049 cm | Severity=75 | SourceName=Sensor3 | EventType=application
[2026-08-15 16:48:35.299 (UTC)] info/application	[Sensor] Updated distance: 25.209723513205407 cm | Severity=75 | SourceName=Sensor3 | EventType=application
[2026-08-15 16:48:36.302 (UTC)] info/application	[Sensor] Updated distance: 25.78336473916814 cm | Severity=75 | SourceName=Sensor3 | EventType=application
[2026-08-15 16:48:37.306 (UTC)] info/application	[Sensor] Updated distance: 28.001046043821166 cm | Severity=75 | SourceName=Sensor3 | EventType=application
[2026-08-15 16:48:38.299 (UTC)] info/application	[Sensor] Updated distance: 35.698993095056615 cm | Severity=75 | SourceName=Sensor3 | EventType=application
[2026-08-15 16:48:39.302 (UTC)] info/application	[Sensor] Updated distance: 13.746680183218176 cm | Severity=75 | SourceName=Sensor3 | EventType=application
[2026-08-15 16:48:40.306 (UTC)] info/application	[Sensor] Updated distance: 49.99168318509668 cm | Severity=75 | SourceName=Sensor3 | EventType=application
[2026-08-15 16:48:41.298 (UTC)] info/application	[Sensor] Updated distance: 45.6774659881729 cm | Severity=75 | SourceName=Sensor3 | EventType=application
[2026-08-15 16:48:42.300 (UTC)] info/application	[Sensor] Updated distance: 43.46872238510694 cm | Severity=75 | SourceName=Sensor3 | EventType=application
[2026-08-15 16:48:43.303 (UTC)] info/application	[Sensor] Updated distance: 24.167830507349144 cm | Severity=75 | SourceName=Sensor3 | EventType=application
[2026-08-15 16:48:44.305 (UTC)] info/application	[Sensor] Updated distance: 19.824644447222653 cm | Severity=75 | SourceName=Sensor3 | EventType=application
[2026-08-15 16:48:45.298 (UTC)] info/application	[Sensor] Updated distance: 17.844153746889972 cm | Severity=75 | SourceName=Sensor3 | EventType=application
[2026-08-15 16:48:46.300 (UTC)] info/application	[Sensor] Updated distance: 10.222445804729334 cm | Severity=75 | SourceName=Sensor3 | EventType=application
[2026-08-15 16:48:47.304 (UTC)] info/application	[Sensor] Updated distance: 46.79741438329099 cm | Severity=75 | SourceName=Sensor3 | EventType=application
[2026-08-15 16:48:48.307 (UTC)] info/application	[Sensor] Updated distance: 16.264753698494637 cm | Severity=75 | SourceName=Sensor3 | EventType=application
[2026-08-15 16:48:49.300 (UTC)] info/application	[Sensor] Updated distance: 47.41179995118258 cm | Severity=75 | SourceName=Sensor3 | EventType=application
[2026-08-15 16:48:50.303 (UTC)] info/application	[Sensor] Updated distance: 3.5519653193428953 cm | Severity=75 | SourceName=Sensor3 | EventType=application
[2026-08-15 16:48:51.307 (UTC)] info/application	[Sensor] Updated distance: 16.825639947702008 cm | Severity=75 | SourceName=Sensor3 | EventType=application
[2026-08-15 16:48:52.301 (UTC)] info/application	[Sensor] Updated distance: 23.175168263341842 cm | Severity=75 | SourceName=Sensor3 | EventType=application
[2026-08-15 16:48:53.303 (UTC)] info/application	[Sensor] Updated distance: 44.42815986016214 cm | Severity=75 | SourceName=Sensor3 | EventType=application
[2026-08-15 16:48:54.307 (UTC)] info/application	[Sensor] Updated distance: 46.65894473933565 cm | Severity=75 | SourceName=Sensor3 | EventType=application
[2026-08-15 16:48:55.300 (UTC)] info/application	[Sensor] Updated distance: 6.562469745316761 cm | Severity=75 | SourceName=Sensor3 | EventType=application
[2026-08-15 16:48:56.303 (UTC)] info/application	[Sensor] Updated distance: 20.73755370953006 cm | Severity=75 | SourceName=Sensor3 | EventType=application
[2026-08-15 16:48:57.305 (UTC)] info/application	[Sensor] Updated distance: 28.843356882614714 cm | Severity=75 | SourceName=Sensor3 | EventType=application
[2026-08-15 16:48:58.299 (UTC)] info/application	[Sensor] Updated distance: 30.511226510867115 cm | Severity=75 | SourceName=Sensor3 | EventType=application
[2026-08-15 16:48:59.302 (UTC)] info/application	[Sensor] Updated distance: 36.99412241717527 cm | Severity=75 | SourceName=Sensor3 | EventType=application
[2026-08-15 16:49:00.306 (UTC)] info/application	[Sensor] Updated distance: 34.9420995046115 cm | Severity=75 | SourceName=Sensor3 | EventType=application
[2026-08-15 16:49:01.299 (UTC)] info/application	[Sensor] Updated distance: 30.77096959798176 cm | Severity=75 | SourceName=Sensor3 | EventType=application
[2026-08-15 16:49:02.303 (UTC)] info/application	[Sensor] Updated distance: 8.730396117423844 cm | Severity=75 | SourceName=Sensor3 | EventType=application
[2026-08-15 16:49:03.305 (UTC)] info/application	[Sensor] Updated distance: 36.130780131616994 cm | Severity=75 | SourceName=Sensor3 | EventType=application
[2026-08-15 16:49:04.298 (UTC)] info/application	[Sensor] Updated distance: 8.884714062737633 cm | Severity=75 | SourceName=Sensor3 | EventType=application
[2026-08-15 16:49:05.300 (UTC)] info/application	[Sensor] Updated distance: 16.845159433244334 cm | Severity=75 | SourceName=Sensor3 | EventType=application
[2026-08-15 16:49:06.302 (UTC)] info/application	[Sensor] Updated distance: 11.340503622470658 cm | Severity=75 | SourceName=Sensor3 | EventType=application
[2026-08-15 16:49:07.304 (UTC)] info/application	[Sensor] Updated distance: 32.66807882425751 cm | Severity=75 | SourceName=Sensor3 | EventType=application
[2026-08-15 16:49:08.307 (UTC)] info/application	[Sensor] Updated distance: 42.846205499417245 cm | Severity=75 | SourceName=Sensor3 | EventType=application
[2026-08-15 16:49:09.299 (UTC)] info/application	[Sensor] Updated distance: 45.03949673987901 cm | Severity=75 | SourceName=Sensor3 | EventType=application
[2026-08-15 16:49:10.302 (UTC)] info/application	[Sensor] Updated distance: 44.41475900747569 cm | Severity=75 | SourceName=Sensor3 | EventType=application
[2026-08-15 16:49:11.305 (UTC)] info/application	[Sensor] Updated distance: 42.837888662162186 cm | Severity=75 | SourceName=Sensor3 | EventType=application
[2026-08-15 16:49:12.298 (UTC)] info/application	[Sensor] Updated distance: 40.716962705700176 cm | Severity=75 | SourceName=Sensor3 | EventType=application
[2026-08-15 16:49:13.301 (UTC)] info/application	[Sensor] Updated distance: 37.88348139258264 cm | Severity=75 | SourceName=Sensor3 | EventType=application
[2026-08-15 16:49:14.305 (UTC)] info/application	[Sensor] Updated distance: 17.00571916951133 cm | Severity=75 | SourceName=Sensor3 | EventType=application
[2026-08-15 16:49:15.299 (UTC)] info/application	[Sensor] Updated distance: 10.541607130571085 cm | Severity=75 | SourceName=Sensor3 | EventType=application
[2026-08-15 16:49:16.303 (UTC)] info/application	[Sensor] Updated distance: 5.727635117120871 cm | Severity=75 | SourceName=Sensor3 | EventType=application
[2026-08-15 16:49:17.305 (UTC)] info/application	[Sensor] Updated distance: 25.228164974240663 cm | Severity=75 | SourceName=Sensor3 | EventType=application
[2026-08-15 16:49:18.299 (UTC)] info/application	[Sensor] Updated distance: 7.339021491510338 cm | Severity=75 | SourceName=Sensor3 | EventType=application
[2026-08-15 16:49:19.301 (UTC)] info/application	[Sensor] Updated distance: 19.992388815615506 cm | Severity=75 | SourceName=Sensor3 | EventType=application
[2026-08-15 16:49:20.303 (UTC)] info/application	[Sensor] Updated distance: 22.639964903071505 cm | Severity=75 | SourceName=Sensor3 | EventType=application
[2026-08-15 16:49:21.306 (UTC)] info/application	[Sensor] Updated distance: 8.890986810853232 cm | Severity=75 | SourceName=Sensor3 | EventType=application
[2026-08-15 16:49:22.298 (UTC)] info/application	[Sensor] Updated distance: 34.818028763317514 cm | Severity=75 | SourceName=Sensor3 | EventType=application
[2026-08-15 16:49:23.302 (UTC)] info/application	[Sensor] Updated distance: 43.81513318876509 cm | Severity=75 | SourceName=Sensor3 | EventType=application
[2026-08-15 16:49:24.306 (UTC)] info/application	[Sensor] Updated distance: 3.319146671015372 cm | Severity=75 | SourceName=Sensor3 | EventType=application
[2026-08-15 16:49:25.299 (UTC)] info/application	[Sensor] Updated distance: 31.476973480301428 cm | Severity=75 | SourceName=Sensor3 | EventType=application
[2026-08-15 16:49:26.301 (UTC)] info/application	[Sensor] Updated distance: 48.37760293408185 cm | Severity=75 | SourceName=Sensor3 | EventType=application
[2026-08-15 16:49:27.303 (UTC)] info/application	[Sensor] Updated distance: 22.056700380545436 cm | Severity=75 | SourceName=Sensor3 | EventType=application
[2026-08-15 16:49:28.305 (UTC)] info/application	[Sensor] Updated distance: 10.320330340564404 cm | Severity=75 | SourceName=Sensor3 | EventType=application
[2026-08-15 16:49:29.307 (UTC)] info/application	[Sensor] Updated distance: 28.888829422597226 cm | Severity=75 | SourceName=Sensor3 | EventType=application
[2026-08-15 16:49:30.299 (UTC)] info/application	[Sensor] Updated distance: 9.05082277536896 cm | Severity=75 | SourceName=Sensor3 | EventType=application
[2026-08-15 16:49:31.302 (UTC)] info/application	[Sensor] Updated distance: 43.26242986752764 cm | Severity=75 | SourceName=Sensor3 | EventType=application
[2026-08-15 16:49:32.306 (UTC)] info/application	[Sensor] Updated distance: 9.659798998227249 cm | Severity=75 | SourceName=Sensor3 | EventType=application
[2026-08-15 16:49:33.298 (UTC)] info/application	[Sensor] Updated distance: 15.781218915144548 cm | Severity=75 | SourceName=Sensor3 | EventType=application
[2026-08-15 16:49:34.302 (UTC)] info/application	[Sensor] Updated distance: 29.393209976792896 cm | Severity=75 | SourceName=Sensor3 | EventType=application
[2026-08-15 16:49:35.305 (UTC)] info/application	[Sensor] Updated distance: 16.544513083316623 cm | Severity=75 | SourceName=Sensor3 | EventType=application
[2026-08-15 16:49:36.307 (UTC)] info/application	[Sensor] Updated distance: 30.626378348388883 cm | Severity=75 | SourceName=Sensor3 | EventType=application
[2026-08-15 16:49:37.299 (UTC)] info/application	[Sensor] Updated distance: 38.733713621615294 cm | Severity=75 | SourceName=Sensor3 | EventType=application
[2026-08-15 16:49:38.301 (UTC)] info/application	[Sensor] Updated distance: 47.21259190757414 cm | Severity=75 | SourceName=Sensor3 | EventType=application
[2026-08-15 16:49:39.303 (UTC)] info/application	[Sensor] Updated distance: 23.472583825454386 cm | Severity=75 | SourceName=Sensor3 | EventType=application
[2026-08-15 16:49:40.305 (UTC)] info/application	[Sensor] Updated distance: 33.77321033914257 cm | Severity=75 | SourceName=Sensor3 | EventType=application
[2026-08-15 16:49:41.307 (UTC)] info/application	[Sensor] Updated distance: 41.62735089269809 cm | Severity=75 | SourceName=Sensor3 | EventType=application
[2026-08-15 16:49:42.299 (UTC)] info/application	[Sensor] Updated distance: 16.310472487616572 cm | Severity=75 | SourceName=Sensor3 | EventType=application
[2026-08-15 16:49:43.301 (UTC)] info/application	[Sensor] Updated distance: 24.490173022491007 cm | Severity=75 | SourceName=Sensor3 | EventType=application
[2026-08-15 16:49:44.304 (UTC)] info/application	[Sensor] Updated distance: 29.510832262928982 cm | Severity=75 | SourceName=Sensor3 | EventType=application
[2026-08-15 16:49:45.298 (UTC)] info/application	[Sensor] Updated distance: 31.3161916571279 cm | Severity=75 | SourceName=Sensor3 | EventType=application
[2026-08-15 16:49:46.301 (UTC)] info/application	[Sensor] Updated distance: 33.03178015306209 cm | Severity=75 | SourceName=Sensor3 | EventType=application
[2026-08-15 16:49:47.302 (UTC)] info/application	[Sensor] Updated distance: 33.238467380049855 cm | Severity=75 | SourceName=Sensor3 | EventType=application
[2026-08-15 16:49:48.305 (UTC)] info/application	[Sensor] Updated distance: 6.544356609016822 cm | Severity=75 | SourceName=Sensor3 | EventType=application
[2026-08-15 16:49:49.308 (UTC)] info/application	[Sensor] Updated distance: 38.37080166692417 cm | Severity=75 | SourceName=Sensor3 | EventType=application
[2026-08-15 16:49:50.301 (UTC)] info/application	[Sensor] Updated distance: 3.230856195665363 cm | Severity=75 | SourceName=Sensor3 | EventType=application
[2026-08-15 16:49:51.304 (UTC)] info/application	[Sensor] Updated distance: 27.18432153444007 cm | Severity=75 | SourceName=Sensor3 | EventType=application
[2026-08-15 16:49:52.308 (UTC)] info/application	[Sensor] Updated distance: 45.2617884777774 cm | Severity=75 | SourceName=Sensor3 | EventType=application
[2026-08-15 16:49:53.300 (UTC)] info/application	[Sensor] Updated distance: 36.048884958982875 cm | Severity=75 | SourceName=Sensor3 | EventType=application
[2026-08-15 16:49:54.304 (UTC)] info/application	[Sensor] Updated distance: 20.99945470085342 cm | Severity=75 | SourceName=Sensor3 | EventType=application
[2026-08-15 16:49:55.307 (UTC)] info/application	[Sensor] Updated distance: 46.580935148792776 cm | Severity=75 | SourceName=Sensor3 | EventType=application
[2026-08-15 16:49:56.300 (UTC)] info/application	[Sensor] Updated distance: 17.52585843928431 cm | Severity=75 | SourceName=Sensor3 | EventType=application
[2026-08-15 16:49:57.303 (UTC)] info/application	[Sensor] Updated distance: 19.37705761258353 cm | Severity=75 | SourceName=Sensor3 | EventType=application
[2026-08-15 16:49:58.306 (UTC)] info/application	[Sensor] Updated distance: 18.637635529338212 cm | Severity=75 | SourceName=Sensor3 | EventType=application
[2026-08-15 16:49:59.299 (UTC)] info/application	[Sensor] Updated distance: 25.846188779848713 cm | Severity=75 | SourceName=Sensor3 | EventType=application
[2026-08-15 16:50:00.302 (UTC)] info/application	[Sensor] Updated distance: 46.2658870575325 cm | Severity=75 | SourceName=Sensor3 | EventType=application
[2026-08-15 16:50:01.305 (UTC)] info/application	[Sensor] Updated distance: 25.688458304707172 cm | Severity=75 | SourceName=Sensor3 | EventType=application
[2026-08-15 16:50:02.298 (UTC)] info/application	[Sensor] Updated distance: 19.108618625024622 cm | Severity=75 | SourceName=Sensor3 | EventType=application
[2026-08-15 16:50:03.301 (UTC)] info/application	[Sensor] Updated distance: 5.925686033408011 cm | Severity=75 | SourceName=Sensor3 | EventType=application
[2026-08-15 16:50:04.303 (UTC)] info/application	[Sensor] Updated distance: 39.46967721985172 cm | Severity=75 | SourceName=Sensor3 | EventType=application
[2026-08-15 16:50:05.306 (UTC)] info/application	[Sensor] Updated distance: 46.501828624169256 cm | Severity=75 | SourceName=Sensor3 | EventType=application
[2026-08-15 16:50:06.298 (UTC)] info/application	[Sensor] Updated distance: 20.470199116724636 cm | Severity=75 | SourceName=Sensor3 | EventType=application
[2026-08-15 16:50:07.301 (UTC)] info/application	[Sensor] Updated distance: 20.096055568240608 cm | Severity=75 | SourceName=Sensor3 | EventType=application
[2026-08-15 16:50:08.304 (UTC)] info/application	[Sensor] Updated distance: 35.235542223432816 cm | Severity=75 | SourceName=Sensor3 | EventType=application
[2026-08-15 16:50:09.308 (UTC)] info/application	[Sensor] Updated distance: 17.68279100194703 cm | Severity=75 | SourceName=Sensor3 | EventType=application
[2026-08-15 16:50:10.300 (UTC)] info/application	[Sensor] Updated distance: 41.568639393694994 cm | Severity=75 | SourceName=Sensor3 | EventType=application
[2026-08-15 16:50:11.303 (UTC)] info/application	[Sensor] Updated distance: 19.00875254022365 cm | Severity=75 | SourceName=Sensor3 | EventType=application
[2026-08-15 16:50:12.307 (UTC)] info/application	[Sensor] Updated distance: 9.310141894645124 cm | Severity=75 | SourceName=Sensor3 | EventType=application
[2026-08-15 16:50:13.299 (UTC)] info/application	[Sensor] Updated distance: 7.879111858959827 cm | Severity=75 | SourceName=Sensor3 | EventType=application
[2026-08-15 16:50:14.302 (UTC)] info/application	[Sensor] Updated distance: 41.49892556271465 cm | Severity=75 | SourceName=Sensor3 | EventType=application
[2026-08-15 16:50:15.304 (UTC)] info/application	[Sensor] Updated distance: 36.820974157574106 cm | Severity=75 | SourceName=Sensor3 | EventType=application
[2026-08-15 16:50:16.308 (UTC)] info/application	[Sensor] Updated distance: 37.195303516087726 cm | Severity=75 | SourceName=Sensor3 | EventType=application
[2026-08-15 16:50:17.300 (UTC)] info/application	[Sensor] Updated distance: 24.530705693425006 cm | Severity=75 | SourceName=Sensor3 | EventType=application
[2026-08-15 16:50:18.302 (UTC)] info/application	[Sensor] Updated distance: 20.059441537623965 cm | Severity=75 | SourceName=Sensor3 | EventType=application
[2026-08-15 16:50:19.306 (UTC)] info/application	[Sensor] Updated distance: 41.73966014745629 cm | Severity=75 | SourceName=Sensor3 | EventType=application
[2026-08-15 16:50:20.299 (UTC)] info/application	[Sensor] Updated distance: 12.901507337997437 cm | Severity=75 | SourceName=Sensor3 | EventType=application
[2026-08-15 16:50:21.303 (UTC)] info/application	[Sensor] Updated distance: 21.29029773328933 cm | Severity=75 | SourceName=Sensor3 | EventType=application
[2026-08-15 16:50:22.306 (UTC)] info/application	[Sensor] Updated distance: 18.923981659544623 cm | Severity=75 | SourceName=Sensor3 | EventType=application
[2026-08-15 16:50:23.299 (UTC)] info/application	[Sensor] Updated distance: 8.163295815774843 cm | Severity=75 | SourceName=Sensor3 | EventType=application
[2026-08-15 16:50:24.302 (UTC)] info/application	[Sensor] Updated distance: 7.339182669920466 cm | Severity=75 | SourceName=Sensor3 | EventType=application
[2026-08-15 16:50:25.305 (UTC)] info/application	[Sensor] Updated distance: 37.92343636039804 cm | Severity=75 | SourceName=Sensor3 | EventType=application
[2026-08-15 16:50:26.307 (UTC)] info/application	[Sensor] Updated distance: 4.744230942215878 cm | Severity=75 | SourceName=Sensor3 | EventType=application
[2026-08-15 16:50:27.300 (UTC)] info/application	[Sensor] Updated distance: 22.865041109204775 cm | Severity=75 | SourceName=Sensor3 | EventType=application
[2026-08-15 16:50:28.302 (UTC)] info/application	[Sensor] Updated distance: 7.3004939506298365 cm | Severity=75 | SourceName=Sensor3 | EventType=application
[2026-08-15 16:50:29.307 (UTC)] info/application	[Sensor] Updated distance: 21.38186647155409 cm | Severity=75 | SourceName=Sensor3 | EventType=application
[2026-08-15 16:50:30.300 (UTC)] info/application	[Sensor] Updated distance: 46.71122991140523 cm | Severity=75 | SourceName=Sensor3 | EventType=application
[2026-08-15 16:50:31.304 (UTC)] info/application	[Sensor] Updated distance: 3.566380985810599 cm | Severity=75 | SourceName=Sensor3 | EventType=application
[2026-08-15 16:50:32.306 (UTC)] info/application	[Sensor] Updated distance: 45.070324798613 cm | Severity=75 | SourceName=Sensor3 | EventType=application
[2026-08-15 16:50:33.299 (UTC)] info/application	[Sensor] Updated distance: 15.819848514078114 cm | Severity=75 | SourceName=Sensor3 | EventType=application
[2026-08-15 16:50:34.302 (UTC)] info/application	[Sensor] Updated distance: 7.492067041570352 cm | Severity=75 | SourceName=Sensor3 | EventType=application
[2026-08-15 16:50:35.305 (UTC)] info/application	[Sensor] Updated distance: 34.540001996112984 cm | Severity=75 | SourceName=Sensor3 | EventType=application
[2026-08-15 16:50:36.308 (UTC)] info/application	[Sensor] Updated distance: 12.321677115895634 cm | Severity=75 | SourceName=Sensor3 | EventType=application
[2026-08-15 16:50:37.300 (UTC)] info/application	[Sensor] Updated distance: 25.962266158294987 cm | Severity=75 | SourceName=Sensor3 | EventType=application
[2026-08-15 16:50:38.303 (UTC)] info/application	[Sensor] Updated distance: 4.636057542001855 cm | Severity=75 | SourceName=Sensor3 | EventType=application
[2026-08-15 16:50:39.305 (UTC)] info/application	[Sensor] Updated distance: 45.557219339328455 cm | Severity=75 | SourceName=Sensor3 | EventType=application
[2026-08-15 16:50:40.298 (UTC)] info/application	[Sensor] Updated distance: 41.64505718259376 cm | Severity=75 | SourceName=Sensor3 | EventType=application
[2026-08-15 16:50:41.302 (UTC)] info/application	[Sensor] Updated distance: 44.204696958048594 cm | Severity=75 | SourceName=Sensor3 | EventType=application
[2026-08-15 16:50:42.305 (UTC)] info/application	[Sensor] Updated distance: 14.565971857200363 cm | Severity=75 | SourceName=Sensor3 | EventType=application
[2026-08-15 16:50:43.298 (UTC)] info/application	[Sensor] Updated distance: 48.95519907723889 cm | Severity=75 | SourceName=Sensor3 | EventType=application
[2026-08-15 16:50:44.301 (UTC)] info/application	[Sensor] Updated distance: 2.0838087946566795 cm | Severity=75 | SourceName=Sensor3 | EventType=application
[2026-08-15 16:50:45.305 (UTC)] info/application	[Sensor] Updated distance: 6.064897397563279 cm | Severity=75 | SourceName=Sensor3 | EventType=application
[2026-08-15 16:50:46.298 (UTC)] info/application	[Sensor] Updated distance: 35.77617321246125 cm | Severity=75 | SourceName=Sensor3 | EventType=application
[2026-08-15 16:50:47.301 (UTC)] info/application	[Sensor] Updated distance: 37.27911233309615 cm | Severity=75 | SourceName=Sensor3 | EventType=application
[2026-08-15 16:50:48.305 (UTC)] info/application	[Sensor] Updated distance: 28.595603113340026 cm | Severity=75 | SourceName=Sensor3 | EventType=application
[2026-08-15 16:50:49.298 (UTC)] info/application	[Sensor] Updated distance: 5.835614727733477 cm | Severity=75 | SourceName=Sensor3 | EventType=application
[2026-08-15 16:50:50.302 (UTC)] info/application	[Sensor] Updated distance: 29.0187724582007 cm | Severity=75 | SourceName=Sensor3 | EventType=application
[2026-08-15 16:50:51.305 (UTC)] info/application	[Sensor] Updated distance: 39.49711045133746 cm | Severity=75 | SourceName=Sensor3 | EventType=application
[2026-08-15 16:50:52.307 (UTC)] info/application	[Sensor] Updated distance: 25.125912461022804 cm | Severity=75 | SourceName=Sensor3 | EventType=application
[2026-08-15 16:50:53.301 (UTC)] info/application	[Sensor] Updated distance: 45.942754117745324 cm | Severity=75 | SourceName=Sensor3 | EventType=application
[2026-08-15 16:50:54.304 (UTC)] info/application	[Sensor] Updated distance: 45.66040626711231 cm | Severity=75 | SourceName=Sensor3 | EventType=application
[2026-08-15 16:50:55.307 (UTC)] info/application	[Sensor] Updated distance: 30.465095153295014 cm | Severity=75 | SourceName=Sensor3 | EventType=application
[2026-08-15 16:50:56.300 (UTC)] info/application	[Sensor] Updated distance: 33.866190455791624 cm | Severity=75 | SourceName=Sensor3 | EventType=application
[2026-08-15 16:50:57.304 (UTC)] info/application	[Sensor] Updated distance: 48.40463723167993 cm | Severity=75 | SourceName=Sensor3 | EventType=application
[2026-08-15 16:50:58.307 (UTC)] info/application	[Sensor] Updated distance: 3.330136240148049 cm | Severity=75 | SourceName=Sensor3 | EventType=application
[2026-08-15 16:50:59.299 (UTC)] info/application	[Sensor] Updated distance: 39.16668440642147 cm | Severity=75 | SourceName=Sensor3 | EventType=application
[2026-08-15 16:51:00.302 (UTC)] info/application	[Sensor] Updated distance: 19.786503680882277 cm | Severity=75 | SourceName=Sensor3 | EventType=application
[2026-08-15 16:51:01.304 (UTC)] info/application	[Sensor] Updated distance: 48.041366151553284 cm | Severity=75 | SourceName=Sensor3 | EventType=application
[2026-08-15 16:51:02.307 (UTC)] info/application	[Sensor] Updated distance: 40.733065414583805 cm | Severity=75 | SourceName=Sensor3 | EventType=application
[2026-08-15 16:51:03.299 (UTC)] info/application	[Sensor] Updated distance: 14.856828457143543 cm | Severity=75 | SourceName=Sensor3 | EventType=application
[2026-08-15 16:51:04.301 (UTC)] info/application	[Sensor] Updated distance: 13.861214665631397 cm | Severity=75 | SourceName=Sensor3 | EventType=application
[2026-08-15 16:51:05.303 (UTC)] info/application	[Sensor] Updated distance: 46.22513245615416 cm | Severity=75 | SourceName=Sensor3 | EventType=application
[2026-08-15 16:51:06.306 (UTC)] info/application	[Sensor] Updated distance: 47.39683047560827 cm | Severity=75 | SourceName=Sensor3 | EventType=application
[2026-08-15 16:51:07.298 (UTC)] info/application	[Sensor] Updated distance: 24.182891781527033 cm | Severity=75 | SourceName=Sensor3 | EventType=application
[2026-08-15 16:51:08.301 (UTC)] info/application	[Sensor] Updated distance: 22.187398592097402 cm | Severity=75 | SourceName=Sensor3 | EventType=application
[2026-08-15 16:51:09.303 (UTC)] info/application	[Sensor] Updated distance: 2.0328879952583874 cm | Severity=75 | SourceName=Sensor3 | EventType=application
[2026-08-15 16:51:10.305 (UTC)] info/application	[Sensor] Updated distance: 19.740111120855488 cm | Severity=75 | SourceName=Sensor3 | EventType=application
[2026-08-15 16:51:11.307 (UTC)] info/application	[Sensor] Updated distance: 13.832455752339426 cm | Severity=75 | SourceName=Sensor3 | EventType=application
[2026-08-15 16:51:12.299 (UTC)] info/application	[Sensor] Updated distance: 44.23758495330698 cm | Severity=75 | SourceName=Sensor3 | EventType=application
[2026-08-15 16:51:13.301 (UTC)] info/application	[Sensor] Updated distance: 32.30608297805585 cm | Severity=75 | SourceName=Sensor3 | EventType=application
[2026-08-15 16:51:14.303 (UTC)] info/application	[Sensor] Updated distance: 12.787654807226572 cm | Severity=75 | SourceName=Sensor3 | EventType=application
[2026-08-15 16:51:15.305 (UTC)] info/application	[Sensor] Updated distance: 44.3213937703154 cm | Severity=75 | SourceName=Sensor3 | EventType=application
[2026-08-15 16:51:16.298 (UTC)] info/application	[Sensor] Updated distance: 36.37098039797087 cm | Severity=75 | SourceName=Sensor3 | EventType=application
[2026-08-15 16:51:17.299 (UTC)] info/application	[Sensor] Updated distance: 46.56382804203957 cm | Severity=75 | SourceName=Sensor3 | EventType=application
[2026-08-15 16:51:18.302 (UTC)] info/application	[Sensor] Updated distance: 31.60050608105981 cm | Severity=75 | SourceName=Sensor3 | EventType=application
[2026-08-15 16:51:19.305 (UTC)] info/application	[Sensor] Updated distance: 14.96658348895916 cm | Severity=75 | SourceName=Sensor3 | EventType=application
[2026-08-15 16:51:20.307 (UTC)] info/application	[Sensor] Updated distance: 2.399442747421303 cm | Severity=75 | SourceName=Sensor3 | EventType=application
[2026-08-15 16:51:21.299 (UTC)] info/application	[Sensor] Updated distance: 10.619278516908771 cm | Severity=75 | SourceName=Sensor3 | EventType=application
[2026-08-15 16:51:22.302 (UTC)] info/application	[Sensor] Updated distance: 4.463693917944885 cm | Severity=75 | SourceName=Sensor3 | EventType=application
[2026-08-15 16:51:23.304 (UTC)] info/application	[Sensor] Updated distance: 25.52535523079585 cm | Severity=75 | SourceName=Sensor3 | EventType=application
[2026-08-15 16:51:24.307 (UTC)] info/application	[Sensor] Updated distance: 6.562032612302356 cm | Severity=75 | SourceName=Sensor3 | EventType=application
[2026-08-15 16:51:25.300 (UTC)] info/application	[Sensor] Updated distance: 48.12410020740894 cm | Severity=75 | SourceName=Sensor3 | EventType=application
[2026-08-15 16:51:26.304 (UTC)] info/application	[Sensor] Updated distance: 5.990450361739122 cm | Severity=75 | SourceName=Sensor3 | EventType=application
[2026-08-15 16:51:27.298 (UTC)] info/application	[Sensor] Updated distance: 38.428223068093985 cm | Severity=75 | SourceName=Sensor3 | EventType=application
[2026-08-15 16:51:28.301 (UTC)] info/application	[Sensor] Updated distance: 46.52873741673712 cm | Severity=75 | SourceName=Sensor3 | EventType=application
[2026-08-15 16:51:29.303 (UTC)] info/application	[Sensor] Updated distance: 7.320586601887171 cm | Severity=75 | SourceName=Sensor3 | EventType=application
[2026-08-15 16:51:30.306 (UTC)] info/application	[Sensor] Updated distance: 27.594907452163707 cm | Severity=75 | SourceName=Sensor3 | EventType=application
[2026-08-15 16:51:31.299 (UTC)] info/application	[Sensor] Updated distance: 16.31524107526766 cm | Severity=75 | SourceName=Sensor3 | EventType=application
[2026-08-15 16:51:32.302 (UTC)] info/application	[Sensor] Updated distance: 5.361952753440455 cm | Severity=75 | SourceName=Sensor3 | EventType=application
[2026-08-15 16:51:33.304 (UTC)] info/application	[Sensor] Updated distance: 18.327972844395774 cm | Severity=75 | SourceName=Sensor3 | EventType=application
[2026-08-15 16:51:34.307 (UTC)] info/application	[Sensor] Updated distance: 29.172069554762945 cm | Severity=75 | SourceName=Sensor3 | EventType=application
[2026-08-15 16:51:35.300 (UTC)] info/application	[Sensor] Updated distance: 17.223167419071853 cm | Severity=75 | SourceName=Sensor3 | EventType=application
[2026-08-15 16:51:36.302 (UTC)] info/application	[Sensor] Updated distance: 14.55310527819819 cm | Severity=75 | SourceName=Sensor3 | EventType=application
[2026-08-15 16:51:37.304 (UTC)] info/application	[Sensor] Updated distance: 26.568900008019476 cm | Severity=75 | SourceName=Sensor3 | EventType=application
[2026-08-15 16:51:38.298 (UTC)] info/application	[Sensor] Updated distance: 39.40605920059888 cm | Severity=75 | SourceName=Sensor3 | EventType=application
[2026-08-15 16:51:39.301 (UTC)] info/application	[Sensor] Updated distance: 34.74050389264733 cm | Severity=75 | SourceName=Sensor3 | EventType=application
[2026-08-15 16:51:40.303 (UTC)] info/application	[Sensor] Updated distance: 26.601788003277864 cm | Severity=75 | SourceName=Sensor3 | EventType=application
[2026-08-15 16:51:41.305 (UTC)] info/application	[Sensor] Updated distance: 9.146170299102632 cm | Severity=75 | SourceName=Sensor3 | EventType=application
[2026-08-15 16:51:42.298 (UTC)] info/application	[Sensor] Updated distance: 46.57295964498676 cm | Severity=75 | SourceName=Sensor3 | EventType=application
[2026-08-15 16:51:43.300 (UTC)] info/application	[Sensor] Updated distance: 20.839372956584846 cm | Severity=75 | SourceName=Sensor3 | EventType=application
[2026-08-15 16:51:44.302 (UTC)] info/application	[Sensor] Updated distance: 39.452253299510225 cm | Severity=75 | SourceName=Sensor3 | EventType=application
[2026-08-15 16:51:45.305 (UTC)] info/application	[Sensor] Updated distance: 9.360614452213333 cm | Severity=75 | SourceName=Sensor3 | EventType=application
[2026-08-15 16:51:46.307 (UTC)] info/application	[Sensor] Updated distance: 15.160766704548507 cm | Severity=75 | SourceName=Sensor3 | EventType=application
[2026-08-15 16:51:47.299 (UTC)] info/application	[Sensor] Updated distance: 25.823233675129355 cm | Severity=75 | SourceName=Sensor3 | EventType=application
[2026-08-15 16:51:48.303 (UTC)] info/application	[Sensor] Updated distance: 5.924442471901161 cm | Severity=75 | SourceName=Sensor3 | EventType=application
[2026-08-15 16:51:49.306 (UTC)] info/application	[Sensor] Updated distance: 44.76127278560831 cm | Severity=75 | SourceName=Sensor3 | EventType=application
[2026-08-15 16:51:50.299 (UTC)] info/application	[Sensor] Updated distance: 38.78981716408851 cm | Severity=75 | SourceName=Sensor3 | EventType=application
[2026-08-15 16:51:51.302 (UTC)] info/application	[Sensor] Updated distance: 6.323885219322464 cm | Severity=75 | SourceName=Sensor3 | EventType=application
[2026-08-15 16:51:52.305 (UTC)] info/application	[Sensor] Updated distance: 5.3805512801653474 cm | Severity=75 | SourceName=Sensor3 | EventType=application
[2026-08-15 16:51:53.308 (UTC)] info/application	[Sensor] Updated distance: 41.2535110820334 cm | Severity=75 | SourceName=Sensor3 | EventType=application
[2026-08-15 16:51:54.300 (UTC)] info/application	[Sensor] Updated distance: 29.849240450118312 cm | Severity=75 | SourceName=Sensor3 | EventType=application
[2026-08-15 16:51:55.302 (UTC)] info/application	[Sensor] Updated distance: 9.942583892467702 cm | Severity=75 | SourceName=Sensor3 | EventType=application
[2026-08-15 16:51:56.305 (UTC)] info/application	[Sensor] Updated distance: 39.37761126709059 cm | Severity=75 | SourceName=Sensor3 | EventType=application
[2026-08-15 16:51:57.307 (UTC)] info/application	[Sensor] Updated distance: 33.83969081185744 cm | Severity=75 | SourceName=Sensor3 | EventType=application
[2026-08-15 16:51:58.301 (UTC)] info/application	[Sensor] Updated distance: 46.37080696056169 cm | Severity=75 | SourceName=Sensor3 | EventType=application
[2026-08-15 16:51:59.304 (UTC)] info/application	[Sensor] Updated distance: 35.906348661475974 cm | Severity=75 | SourceName=Sensor3 | EventType=application
[2026-08-15 16:52:00.307 (UTC)] info/application	[Sensor] Updated distance: 39.16027743609635 cm | Severity=75 | SourceName=Sensor3 | EventType=application
[2026-08-15 16:52:01.301 (UTC)] info/application	[Sensor] Updated distance: 23.965714390373655 cm | Severity=75 | SourceName=Sensor3 | EventType=application
[2026-08-15 16:52:02.305 (UTC)] info/application	[Sensor] Updated distance: 2.2215897367436392 cm | Severity=75 | SourceName=Sensor3 | EventType=application
[2026-08-15 16:52:03.298 (UTC)] info/application	[Sensor] Updated distance: 42.522230189536806 cm | Severity=75 | SourceName=Sensor3 | EventType=application
[2026-08-15 16:52:04.301 (UTC)] info/application	[Sensor] Updated distance: 40.29368725712117 cm | Severity=75 | SourceName=Sensor3 | EventType=application
[2026-08-15 16:52:05.305 (UTC)] info/application	[Sensor] Updated distance: 29.393659291506584 cm | Severity=75 | SourceName=Sensor3 | EventType=application
[2026-08-15 16:52:06.307 (UTC)] info/application	[Sensor] Updated distance: 9.745397586256917 cm | Severity=75 | SourceName=Sensor3 | EventType=application
[2026-08-15 16:52:07.301 (UTC)] info/application	[Sensor] Updated distance: 4.84679251296762 cm | Severity=75 | SourceName=Sensor3 | EventType=application
[2026-08-15 16:52:08.304 (UTC)] info/application	[Sensor] Updated distance: 5.962559277174323 cm | Severity=75 | SourceName=Sensor3 | EventType=application
[2026-08-15 16:52:09.298 (UTC)] info/application	[Sensor] Updated distance: 47.1514567868558 cm | Severity=75 | SourceName=Sensor3 | EventType=application
[2026-08-15 16:52:10.300 (UTC)] info/application	[Sensor] Updated distance: 37.58729640561496 cm | Severity=75 | SourceName=Sensor3 | EventType=application
[2026-08-15 16:52:11.303 (UTC)] info/application	[Sensor] Updated distance: 30.56434728045219 cm | Severity=75 | SourceName=Sensor3 | EventType=application
[2026-08-15 16:52:12.306 (UTC)] info/application	[Sensor] Updated distance: 6.297627085958434 cm | Severity=75 | SourceName=Sensor3 | EventType=application
[2026-08-15 16:52:13.298 (UTC)] info/application	[Sensor] Updated distance: 34.16025605060172 cm | Severity=75 | SourceName=Sensor3 | EventType=application
[2026-08-15 16:52:14.301 (UTC)] info/application	[Sensor] Updated distance: 49.403720237037035 cm | Severity=75 | SourceName=Sensor3 | EventType=application
[2026-08-15 16:52:15.304 (UTC)] info/application	[Sensor] Updated distance: 43.74988038546866 cm | Severity=75 | SourceName=Sensor3 | EventType=application
[2026-08-15 16:52:16.298 (UTC)] info/application	[Sensor] Updated distance: 41.52087050281505 cm | Severity=75 | SourceName=Sensor3 | EventType=application
[2026-08-15 16:52:17.301 (UTC)] info/application	[Sensor] Updated distance: 14.5644869192338 cm | Severity=75 | SourceName=Sensor3 | EventType=application
[2026-08-15 16:52:18.303 (UTC)] info/application	[Sensor] Updated distance: 19.57311403824627 cm | Severity=75 | SourceName=Sensor3 | EventType=application
[2026-08-15 16:52:19.306 (UTC)] info/application	[Sensor] Updated distance: 45.44531297471622 cm | Severity=75 | SourceName=Sensor3 | EventType=application
[2026-08-15 16:52:20.298 (UTC)] info/application	[Sensor] Updated distance: 9.325759682490379 cm | Severity=75 | SourceName=Sensor3 | EventType=application
[2026-08-15 16:52:21.300 (UTC)] info/application	[Sensor] Updated distance: 8.362931179983043 cm | Severity=75 | SourceName=Sensor3 | EventType=application
[2026-08-15 16:52:22.303 (UTC)] info/application	[Sensor] Updated distance: 49.76919819403868 cm | Severity=75 | SourceName=Sensor3 | EventType=application
[2026-08-15 16:52:23.305 (UTC)] info/application	[Sensor] Updated distance: 12.706310962655726 cm | Severity=75 | SourceName=Sensor3 | EventType=application
[2026-08-15 16:52:24.298 (UTC)] info/application	[Sensor] Updated distance: 47.61644226201644 cm | Severity=75 