[2026-08-16 00:31:22.037 (UTC+0800)] [33mwarn/server[0m	AccessControl: Unconfigured AccessControl. Users have all permissions.
[2026-08-16 00:31:22.037 (UTC+0800)] [32minfo/server[0m	AccessControl: Anonymous login is enabled
[2026-08-16 00:31:22.037 (UTC+0800)] [33mwarn/server[0m	x509 Certificate Authentication configured, but no encrypting SecurityPolicy. This can leak credentials on the network.
[2026-08-16 00:31:22.074 (UTC+0800)] [33mwarn/application[0m	ServerUrls already set. Overriding.
[2026-08-16 00:31:22.074 (UTC+0800)] [33mwarn/server[0m	AccessControl: Unconfigured AccessControl. Users have all permissions.
[2026-08-16 00:31:22.074 (UTC+0800)] [32minfo/server[0m	AccessControl: Anonymous login is enabled
[2026-08-16 00:31:22.074 (UTC+0800)] [33mwarn/server[0m	x509 Certificate Authentication configured, but no encrypting SecurityPolicy. This can leak credentials on the network.
[2026-08-16 00:31:22.074 (UTC+0800)] [33mwarn/server[0m	x509 Certificate Authentication configured, but no encrypting SecurityPolicy. This can leak credentials on the network.
[2026-08-15 16:31:22.074 (UTC)] info/application	Sensor Server online (Client/Server mode, id=2 port=4843) | Severity=75 | SourceName=Sensor2 | EventType=application
Entering background polling mode: attempting to connect to Aggregation Server...
Connected successfully. Log forwarding started.
[2026-08-15 16:31:23.074 (UTC)] info/application	[Sensor] Updated distance: 3.764730744885621 cm | Severity=75 | SourceName=Sensor2 | EventType=application
[2026-08-15 16:31:24.047 (UTC)] info/network	[System] TCP 16	| Connection opened from "127.0.0.1" via the server socket 8 | Severity=75 | SourceName=System | EventType=network
[2026-08-15 16:31:24.047 (UTC)] info/channel	[System] TCP 16	| SC 1	| SecureChannel created | Severity=75 | SourceName=System | EventType=channel
[2026-08-15 16:31:24.067 (UTC)] info/channel	[System] TCP 16	| SC 1	| OpenSecureChannel: Channel opened with SecurityMode None for SecurityPolicy http://opcfoundation.org/UA/SecurityPolicy#None and a revised lifetime of 600.0s | Severity=75 | SourceName=System | EventType=channel
[2026-08-15 16:31:24.077 (UTC)] info/application	[Sensor] Updated distance: 12.652635154618245 cm | Severity=75 | SourceName=Sensor2 | EventType=application
[2026-08-15 16:31:24.087 (UTC)] warn/client	[System] Removing a UserTokenPolicy that would allow the password to be transmitted without encryption (Can be enabled via config->allowNonePolicyPassword) | Severity=175 | SourceName=System | EventType=client
[2026-08-15 16:31:24.088 (UTC)] warn/client	[System] Removing a UserTokenPolicy that would allow the password to be transmitted without encryption (Can be enabled via config->allowNonePolicyPassword) | Severity=175 | SourceName=System | EventType=client
[2026-08-15 16:31:24.098 (UTC)] warn/client	[System] Removing a UserTokenPolicy that would allow the password to be transmitted without encryption (Can be enabled via config->allowNonePolicyPassword) | Severity=175 | SourceName=System | EventType=client
[2026-08-15 16:31:24.098 (UTC)] warn/client	[System] Removing a UserTokenPolicy that would allow the password to be transmitted without encryption (Can be enabled via config->allowNonePolicyPassword) | Severity=175 | SourceName=System | EventType=client
[2026-08-15 16:31:24.099 (UTC)] info/session	[System] TCP 16	| SC 1	| Session "ns=1;g=c35373e6-85da-aa83-5b85-3893429479d7"	| Session created | Severity=75 | SourceName=System | EventType=session
[2026-08-15 16:31:24.109 (UTC)] info/session	[System] TCP 16	| SC 1	| Session "ns=1;g=c35373e6-85da-aa83-5b85-3893429479d7"	| ActivateSession: Session activated with ClientUserId "" | Severity=75 | SourceName=System | EventType=session
[2026-08-15 16:31:24.494 (UTC)] info/session	[System] TCP 16	| SC 1	| Session "ns=1;g=c35373e6-85da-aa83-5b85-3893429479d7"	| Subscription 1 | Subscription created (Publishing interval 500.0ms, max 1000 notifications per publish) | Severity=75 | SourceName=System | EventType=session
[2026-08-15 16:31:24.504 (UTC)] info/session	[System] TCP 16	| SC 1	| Session "ns=1;g=c35373e6-85da-aa83-5b85-3893429479d7"	| Subscription 1 | MonitoredItem 1 | Created the MonitoredItem (Sampling Interval: 250.0ms, Queue Size: 1) | Severity=75 | SourceName=System | EventType=session
[2026-08-15 16:31:25.081 (UTC)] info/application	[Sensor] Updated distance: 2.3150487171090433 cm | Severity=75 | SourceName=Sensor2 | EventType=application
[2026-08-15 16:31:26.083 (UTC)] info/application	[Sensor] Updated distance: 3.1963003804889976 cm | Severity=75 | SourceName=Sensor2 | EventType=application
[2026-08-15 16:31:27.134 (UTC)] info/application	[Sensor] Updated distance: 36.32583296407286 cm | Severity=75 | SourceName=Sensor2 | EventType=application
[2026-08-15 16:31:28.075 (UTC)] info/application	[Sensor] Updated distance: 44.584639777701646 cm | Severity=75 | SourceName=Sensor2 | EventType=application
[2026-08-15 16:31:29.078 (UTC)] info/application	[Sensor] Updated distance: 47.33984126771792 cm | Severity=75 | SourceName=Sensor2 | EventType=application
[2026-08-15 16:31:30.080 (UTC)] info/application	[Sensor] Updated distance: 24.467224958570313 cm | Severity=75 | SourceName=Sensor2 | EventType=application
[2026-08-15 16:31:31.082 (UTC)] info/application	[Sensor] Updated distance: 48.29528656522524 cm | Severity=75 | SourceName=Sensor2 | EventType=application
[2026-08-15 16:31:32.084 (UTC)] info/application	[Sensor] Updated distance: 38.20402226792836 cm | Severity=75 | SourceName=Sensor2 | EventType=application
[2026-08-15 16:31:33.076 (UTC)] info/application	[Sensor] Updated distance: 42.91598533509112 cm | Severity=75 | SourceName=Sensor2 | EventType=application
[2026-08-15 16:31:34.078 (UTC)] info/application	[Sensor] Updated distance: 41.14236756001709 cm | Severity=75 | SourceName=Sensor2 | EventType=application
[2026-08-15 16:31:35.080 (UTC)] info/application	[Sensor] Updated distance: 40.548781316051624 cm | Severity=75 | SourceName=Sensor2 | EventType=application
[2026-08-15 16:31:36.082 (UTC)] info/application	[Sensor] Updated distance: 10.40973726306564 cm | Severity=75 | SourceName=Sensor2 | EventType=application
[2026-08-15 16:31:37.084 (UTC)] info/application	[Sensor] Updated distance: 39.2942284742809 cm | Severity=75 | SourceName=Sensor2 | EventType=application
[2026-08-15 16:31:38.076 (UTC)] info/application	[Sensor] Updated distance: 14.02134837769966 cm | Severity=75 | SourceName=Sensor2 | EventType=application
[2026-08-15 16:31:39.078 (UTC)] info/application	[Sensor] Updated distance: 18.17492298044959 cm | Severity=75 | SourceName=Sensor2 | EventType=application
[2026-08-15 16:31:40.080 (UTC)] info/application	[Sensor] Updated distance: 38.306480081894655 cm | Severity=75 | SourceName=Sensor2 | EventType=application
[2026-08-15 16:31:41.083 (UTC)] info/application	[Sensor] Updated distance: 37.65441426059902 cm | Severity=75 | SourceName=Sensor2 | EventType=application
[2026-08-15 16:31:42.075 (UTC)] info/application	[Sensor] Updated distance: 36.24700458452431 cm | Severity=75 | SourceName=Sensor2 | EventType=application
[2026-08-15 16:31:43.076 (UTC)] info/application	[Sensor] Updated distance: 17.184636570133563 cm | Severity=75 | SourceName=Sensor2 | EventType=application
[2026-08-15 16:31:44.079 (UTC)] info/application	[Sensor] Updated distance: 9.179981398945666 cm | Severity=75 | SourceName=Sensor2 | EventType=application
[2026-08-15 16:31:45.081 (UTC)] info/application	[Sensor] Updated distance: 9.130683112484721 cm | Severity=75 | SourceName=Sensor2 | EventType=application
[2026-08-15 16:31:46.083 (UTC)] info/application	[Sensor] Updated distance: 42.40131806228371 cm | Severity=75 | SourceName=Sensor2 | EventType=application
[2026-08-15 16:31:47.075 (UTC)] info/application	[Sensor] Updated distance: 17.85704705857534 cm | Severity=75 | SourceName=Sensor2 | EventType=application
[2026-08-15 16:31:48.077 (UTC)] info/application	[Sensor] Updated distance: 10.635434489993115 cm | Severity=75 | SourceName=Sensor2 | EventType=application
[2026-08-15 16:31:49.079 (UTC)] info/application	[Sensor] Updated distance: 41.26875307004375 cm | Severity=75 | SourceName=Sensor2 | EventType=application
[2026-08-15 16:31:50.082 (UTC)] info/application	[Sensor] Updated distance: 8.121555122603455 cm | Severity=75 | SourceName=Sensor2 | EventType=application
[2026-08-15 16:31:51.083 (UTC)] info/application	[Sensor] Updated distance: 9.569791864403427 cm | Severity=75 | SourceName=Sensor2 | EventType=application
[2026-08-15 16:31:52.075 (UTC)] info/application	[Sensor] Updated distance: 29.771525097904505 cm | Severity=75 | SourceName=Sensor2 | EventType=application
[2026-08-15 16:31:53.078 (UTC)] info/application	[Sensor] Updated distance: 35.03606730002726 cm | Severity=75 | SourceName=Sensor2 | EventType=application
[2026-08-15 16:31:54.080 (UTC)] info/application	[Sensor] Updated distance: 11.334522609289047 cm | Severity=75 | SourceName=Sensor2 | EventType=application
[2026-08-15 16:31:55.082 (UTC)] info/application	[Sensor] Updated distance: 40.424160252522746 cm | Severity=75 | SourceName=Sensor2 | EventType=application
[2026-08-15 16:31:56.074 (UTC)] info/application	[Sensor] Updated distance: 35.35111603948805 cm | Severity=75 | SourceName=Sensor2 | EventType=application
[2026-08-15 16:31:57.076 (UTC)] info/application	[Sensor] Updated distance: 12.530823012129787 cm | Severity=75 | SourceName=Sensor2 | EventType=application
[2026-08-15 16:31:58.079 (UTC)] info/application	[Sensor] Updated distance: 26.74999321659561 cm | Severity=75 | SourceName=Sensor2 | EventType=application
[2026-08-15 16:31:59.082 (UTC)] info/application	[Sensor] Updated distance: 29.935755794837956 cm | Severity=75 | SourceName=Sensor2 | EventType=application
[2026-08-15 16:32:00.084 (UTC)] info/application	[Sensor] Updated distance: 9.870664257495973 cm | Severity=75 | SourceName=Sensor2 | EventType=application
[2026-08-15 16:32:01.076 (UTC)] info/application	[Sensor] Updated distance: 49.21721817516592 cm | Severity=75 | SourceName=Sensor2 | EventType=application
[2026-08-15 16:32:02.079 (UTC)] info/application	[Sensor] Updated distance: 28.231042337711454 cm | Severity=75 | SourceName=Sensor2 | EventType=application
[2026-08-15 16:32:03.081 (UTC)] info/application	[Sensor] Updated distance: 46.07468654777607 cm | Severity=75 | SourceName=Sensor2 | EventType=application
[2026-08-15 16:32:04.082 (UTC)] info/application	[Sensor] Updated distance: 42.1332034879053 cm | Severity=75 | SourceName=Sensor2 | EventType=application
[2026-08-15 16:32:05.074 (UTC)] info/application	[Sensor] Updated distance: 19.373409875376804 cm | Severity=75 | SourceName=Sensor2 | EventType=application
[2026-08-15 16:32:06.077 (UTC)] info/application	[Sensor] Updated distance: 36.62346784147595 cm | Severity=75 | SourceName=Sensor2 | EventType=application
[2026-08-15 16:32:07.079 (UTC)] info/application	[Sensor] Updated distance: 2.542940728619201 cm | Severity=75 | SourceName=Sensor2 | EventType=application
[2026-08-15 16:32:08.083 (UTC)] info/application	[Sensor] Updated distance: 8.66763834965771 cm | Severity=75 | SourceName=Sensor2 | EventType=application
[2026-08-15 16:32:09.076 (UTC)] info/application	[Sensor] Updated distance: 48.64481621917561 cm | Severity=75 | SourceName=Sensor2 | EventType=application
[2026-08-15 16:32:10.079 (UTC)] info/application	[Sensor] Updated distance: 18.717863731420536 cm | Severity=75 | SourceName=Sensor2 | EventType=application
[2026-08-15 16:32:11.081 (UTC)] info/application	[Sensor] Updated distance: 44.97411843155236 cm | Severity=75 | SourceName=Sensor2 | EventType=application
[2026-08-15 16:32:12.083 (UTC)] info/application	[Sensor] Updated distance: 36.299230457422894 cm | Severity=75 | SourceName=Sensor2 | EventType=application
[2026-08-15 16:32:13.075 (UTC)] info/application	[Sensor] Updated distance: 4.96486829359311 cm | Severity=75 | SourceName=Sensor2 | EventType=application
[2026-08-15 16:32:14.078 (UTC)] info/application	[Sensor] Updated distance: 12.158755001685932 cm | Severity=75 | SourceName=Sensor2 | EventType=application
[2026-08-15 16:32:15.080 (UTC)] info/application	[Sensor] Updated distance: 43.47921185636856 cm | Severity=75 | SourceName=Sensor2 | EventType=application
[2026-08-15 16:32:16.083 (UTC)] info/application	[Sensor] Updated distance: 12.095551406077831 cm | Severity=75 | SourceName=Sensor2 | EventType=application
[2026-08-15 16:32:17.075 (UTC)] info/application	[Sensor] Updated distance: 4.560073041617905 cm | Severity=75 | SourceName=Sensor2 | EventType=application
[2026-08-15 16:32:18.077 (UTC)] info/application	[Sensor] Updated distance: 11.336258892592163 cm | Severity=75 | SourceName=Sensor2 | EventType=application
[2026-08-15 16:32:19.080 (UTC)] info/application	[Sensor] Updated distance: 20.730985896070944 cm | Severity=75 | SourceName=Sensor2 | EventType=application
[2026-08-15 16:32:20.082 (UTC)] info/application	[Sensor] Updated distance: 43.828826111661655 cm | Severity=75 | SourceName=Sensor2 | EventType=application
[2026-08-15 16:32:21.074 (UTC)] info/application	[Sensor] Updated distance: 17.457814037547358 cm | Severity=75 | SourceName=Sensor2 | EventType=application
[2026-08-15 16:32:22.076 (UTC)] info/application	[Sensor] Updated distance: 28.30077776047437 cm | Severity=75 | SourceName=Sensor2 | EventType=application
[2026-08-15 16:32:23.079 (UTC)] info/application	[Sensor] Updated distance: 23.600351187214418 cm | Severity=75 | SourceName=Sensor2 | EventType=application
[2026-08-15 16:32:24.082 (UTC)] info/application	[Sensor] Updated distance: 2.493881315222886 cm | Severity=75 | SourceName=Sensor2 | EventType=application
[2026-08-15 16:32:25.084 (UTC)] info/application	[Sensor] Updated distance: 37.63530039211516 cm | Severity=75 | SourceName=Sensor2 | EventType=application
[2026-08-15 16:32:26.076 (UTC)] info/application	[Sensor] Updated distance: 14.02451143973717 cm | Severity=75 | SourceName=Sensor2 | EventType=application
[2026-08-15 16:32:27.078 (UTC)] info/application	[Sensor] Updated distance: 35.844997354710934 cm | Severity=75 | SourceName=Sensor2 | EventType=application
[2026-08-15 16:32:28.080 (UTC)] info/application	[Sensor] Updated distance: 48.16612340424495 cm | Severity=75 | SourceName=Sensor2 | EventType=application
[2026-08-15 16:32:29.082 (UTC)] info/application	[Sensor] Updated distance: 38.77450465633278 cm | Severity=75 | SourceName=Sensor2 | EventType=application
[2026-08-15 16:32:30.075 (UTC)] info/application	[Sensor] Updated distance: 15.780753127197153 cm | Severity=75 | SourceName=Sensor2 | EventType=application
[2026-08-15 16:32:31.078 (UTC)] info/application	[Sensor] Updated distance: 8.036787639389182 cm | Severity=75 | SourceName=Sensor2 | EventType=application
[2026-08-15 16:32:32.080 (UTC)] info/application	[Sensor] Updated distance: 37.99172280914696 cm | Severity=75 | SourceName=Sensor2 | EventType=application
[2026-08-15 16:32:33.083 (UTC)] info/application	[Sensor] Updated distance: 42.01179548726035 cm | Severity=75 | SourceName=Sensor2 | EventType=application
[2026-08-15 16:32:34.075 (UTC)] info/application	[Sensor] Updated distance: 4.111474164813512 cm | Severity=75 | SourceName=Sensor2 | EventType=application
[2026-08-15 16:32:35.077 (UTC)] info/application	[Sensor] Updated distance: 30.12492627470052 cm | Severity=75 | SourceName=Sensor2 | EventType=application
[2026-08-15 16:32:36.080 (UTC)] info/application	[Sensor] Updated distance: 11.385205340285415 cm | Severity=75 | SourceName=Sensor2 | EventType=application
[2026-08-15 16:32:37.082 (UTC)] info/application	[Sensor] Updated distance: 38.73494202864121 cm | Severity=75 | SourceName=Sensor2 | EventType=application
[2026-08-15 16:32:38.084 (UTC)] info/application	[Sensor] Updated distance: 30.667867025671462 cm | Severity=75 | SourceName=Sensor2 | EventType=application
[2026-08-15 16:32:39.076 (UTC)] info/application	[Sensor] Updated distance: 18.052843689943124 cm | Severity=75 | SourceName=Sensor2 | EventType=application
[2026-08-15 16:32:40.079 (UTC)] info/application	[Sensor] Updated distance: 37.37975822546508 cm | Severity=75 | SourceName=Sensor2 | EventType=application
[2026-08-15 16:32:41.081 (UTC)] info/application	[Sensor] Updated distance: 47.385730757092 cm | Severity=75 | SourceName=Sensor2 | EventType=application
[2026-08-15 16:32:42.083 (UTC)] info/application	[Sensor] Updated distance: 13.026962121495494 cm | Severity=75 | SourceName=Sensor2 | EventType=application
[2026-08-15 16:32:43.075 (UTC)] info/application	[Sensor] Updated distance: 23.678988682887976 cm | Severity=75 | SourceName=Sensor2 | EventType=application
[2026-08-15 16:32:44.076 (UTC)] info/application	[Sensor] Updated distance: 2.3505990283333693 cm | Severity=75 | SourceName=Sensor2 | EventType=application
[2026-08-15 16:32:45.079 (UTC)] info/application	[Sensor] Updated distance: 23.185717123181426 cm | Severity=75 | SourceName=Sensor2 | EventType=application
[2026-08-15 16:32:46.081 (UTC)] info/application	[Sensor] Updated distance: 17.1582005169048 cm | Severity=75 | SourceName=Sensor2 | EventType=application
[2026-08-15 16:32:47.083 (UTC)] info/application	[Sensor] Updated distance: 12.4461504344112 cm | Severity=75 | SourceName=Sensor2 | EventType=application
[2026-08-15 16:32:48.075 (UTC)] info/application	[Sensor] Updated distance: 25.74579016479933 cm | Severity=75 | SourceName=Sensor2 | EventType=application
[2026-08-15 16:32:49.078 (UTC)] info/application	[Sensor] Updated distance: 26.4944594318487 cm | Severity=75 | SourceName=Sensor2 | EventType=application
[2026-08-15 16:32:50.080 (UTC)] info/application	[Sensor] Updated distance: 31.177136352833887 cm | Severity=75 | SourceName=Sensor2 | EventType=application
[2026-08-15 16:32:51.083 (UTC)] info/application	[Sensor] Updated distance: 19.574616276460986 cm | Severity=75 | SourceName=Sensor2 | EventType=application
[2026-08-15 16:32:52.075 (UTC)] info/application	[Sensor] Updated distance: 41.95227346939606 cm | Severity=75 | SourceName=Sensor2 | EventType=application
[2026-08-15 16:32:53.078 (UTC)] info/application	[Sensor] Updated distance: 9.47791409095652 cm | Severity=75 | SourceName=Sensor2 | EventType=application
[2026-08-15 16:32:54.081 (UTC)] info/application	[Sensor] Updated distance: 41.1749674636754 cm | Severity=75 | SourceName=Sensor2 | EventType=application
[2026-08-15 16:32:55.084 (UTC)] info/application	[Sensor] Updated distance: 42.44615478461895 cm | Severity=75 | SourceName=Sensor2 | EventType=application
[2026-08-15 16:32:56.076 (UTC)] info/application	[Sensor] Updated distance: 45.11321448307168 cm | Severity=75 | SourceName=Sensor2 | EventType=application
[2026-08-15 16:32:57.078 (UTC)] info/application	[Sensor] Updated distance: 5.199478881060834 cm | Severity=75 | SourceName=Sensor2 | EventType=application
[2026-08-15 16:32:58.080 (UTC)] info/application	[Sensor] Updated distance: 28.291152139329885 cm | Severity=75 | SourceName=Sensor2 | EventType=application
[2026-08-15 16:32:59.083 (UTC)] info/application	[Sensor] Updated distance: 43.27933786496489 cm | Severity=75 | SourceName=Sensor2 | EventType=application
[2026-08-15 16:33:00.075 (UTC)] info/application	[Sensor] Updated distance: 41.973983537393615 cm | Severity=75 | SourceName=Sensor2 | EventType=application
[2026-08-15 16:33:01.077 (UTC)] info/application	[Sensor] Updated distance: 42.07190526652704 cm | Severity=75 | SourceName=Sensor2 | EventType=application
[2026-08-15 16:33:02.080 (UTC)] info/application	[Sensor] Updated distance: 49.31612552670581 cm | Severity=75 | SourceName=Sensor2 | EventType=application
[2026-08-15 16:33:03.082 (UTC)] info/application	[Sensor] Updated distance: 29.965706324188833 cm | Severity=75 | SourceName=Sensor2 | EventType=application
[2026-08-15 16:33:04.084 (UTC)] info/application	[Sensor] Updated distance: 34.08370073143565 cm | Severity=75 | SourceName=Sensor2 | EventType=application
[2026-08-15 16:33:05.076 (UTC)] info/application	[Sensor] Updated distance: 3.427599669167585 cm | Severity=75 | SourceName=Sensor2 | EventType=application
[2026-08-15 16:33:06.078 (UTC)] info/application	[Sensor] Updated distance: 10.090632598889355 cm | Severity=75 | SourceName=Sensor2 | EventType=application
[2026-08-15 16:33:07.080 (UTC)] info/application	[Sensor] Updated distance: 43.46890609407281 cm | Severity=75 | SourceName=Sensor2 | EventType=application
[2026-08-15 16:33:08.082 (UTC)] info/application	[Sensor] Updated distance: 40.16254169780879 cm | Severity=75 | SourceName=Sensor2 | EventType=application
[2026-08-15 16:33:09.084 (UTC)] info/application	[Sensor] Updated distance: 38.75849962456082 cm | Severity=75 | SourceName=Sensor2 | EventType=application
[2026-08-15 16:33:10.076 (UTC)] info/application	[Sensor] Updated distance: 11.521749761664191 cm | Severity=75 | SourceName=Sensor2 | EventType=application
[2026-08-15 16:33:11.079 (UTC)] info/application	[Sensor] Updated distance: 27.542299923273873 cm | Severity=75 | SourceName=Sensor2 | EventType=application
[2026-08-15 16:33:12.081 (UTC)] info/application	[Sensor] Updated distance: 36.144230359301076 cm | Severity=75 | SourceName=Sensor2 | EventType=application
[2026-08-15 16:33:13.083 (UTC)] info/application	[Sensor] Updated distance: 22.548711883159683 cm | Severity=75 | SourceName=Sensor2 | EventType=application
[2026-08-15 16:33:14.075 (UTC)] info/application	[Sensor] Updated distance: 49.22128860616185 cm | Severity=75 | SourceName=Sensor2 | EventType=application
[2026-08-15 16:33:15.077 (UTC)] info/application	[Sensor] Updated distance: 36.49482938763445 cm | Severity=75 | SourceName=Sensor2 | EventType=application
[2026-08-15 16:33:16.079 (UTC)] info/application	[Sensor] Updated distance: 43.73442900634111 cm | Severity=75 | SourceName=Sensor2 | EventType=application
[2026-08-15 16:33:17.081 (UTC)] info/application	[Sensor] Updated distance: 16.379489100714906 cm | Severity=75 | SourceName=Sensor2 | EventType=application
[2026-08-15 16:33:18.084 (UTC)] info/application	[Sensor] Updated distance: 46.94097982204565 cm | Severity=75 | SourceName=Sensor2 | EventType=application
[2026-08-15 16:33:19.076 (UTC)] info/application	[Sensor] Updated distance: 19.480219171140444 cm | Severity=75 | SourceName=Sensor2 | EventType=application
[2026-08-15 16:33:20.079 (UTC)] info/application	[Sensor] Updated distance: 40.87394853256361 cm | Severity=75 | SourceName=Sensor2 | EventType=application
[2026-08-15 16:33:21.081 (UTC)] info/application	[Sensor] Updated distance: 28.118116152527794 cm | Severity=75 | SourceName=Sensor2 | EventType=application
[2026-08-15 16:33:22.083 (UTC)] info/application	[Sensor] Updated distance: 37.05483544760143 cm | Severity=75 | SourceName=Sensor2 | EventType=application
[2026-08-15 16:33:23.075 (UTC)] info/application	[Sensor] Updated distance: 32.82622197960793 cm | Severity=75 | SourceName=Sensor2 | EventType=application
[2026-08-15 16:33:24.077 (UTC)] info/application	[Sensor] Updated distance: 35.596030265836056 cm | Severity=75 | SourceName=Sensor2 | EventType=application
[2026-08-15 16:33:25.079 (UTC)] info/application	[Sensor] Updated distance: 28.229802888925093 cm | Severity=75 | SourceName=Sensor2 | EventType=application
[2026-08-15 16:33:26.081 (UTC)] info/application	[Sensor] Updated distance: 25.27237676422688 cm | Severity=75 | SourceName=Sensor2 | EventType=application
[2026-08-15 16:33:27.083 (UTC)] info/application	[Sensor] Updated distance: 30.709244726556 cm | Severity=75 | SourceName=Sensor2 | EventType=application
[2026-08-15 16:33:28.075 (UTC)] info/application	[Sensor] Updated distance: 31.42928179233767 cm | Severity=75 | SourceName=Sensor2 | EventType=application
[2026-08-15 16:33:29.077 (UTC)] info/application	[Sensor] Updated distance: 3.563528881205026 cm | Severity=75 | SourceName=Sensor2 | EventType=application
[2026-08-15 16:33:30.080 (UTC)] info/application	[Sensor] Updated distance: 23.988582591520892 cm | Severity=75 | SourceName=Sensor2 | EventType=application
[2026-08-15 16:33:31.082 (UTC)] info/application	[Sensor] Updated distance: 23.40326530737954 cm | Severity=75 | SourceName=Sensor2 | EventType=application
[2026-08-15 16:33:32.084 (UTC)] info/application	[Sensor] Updated distance: 43.63543414773206 cm | Severity=75 | SourceName=Sensor2 | EventType=application
[2026-08-15 16:33:33.076 (UTC)] info/application	[Sensor] Updated distance: 23.304708095874965 cm | Severity=75 | SourceName=Sensor2 | EventType=application
[2026-08-15 16:33:34.078 (UTC)] info/application	[Sensor] Updated distance: 3.3689716315683773 cm | Severity=75 | SourceName=Sensor2 | EventType=application
[2026-08-15 16:33:35.080 (UTC)] info/application	[Sensor] Updated distance: 27.71913487916772 cm | Severity=75 | SourceName=Sensor2 | EventType=application
[2026-08-15 16:33:36.083 (UTC)] info/application	[Sensor] Updated distance: 24.732307765042552 cm | Severity=75 | SourceName=Sensor2 | EventType=application
[2026-08-15 16:33:37.075 (UTC)] info/application	[Sensor] Updated distance: 11.459604230457732 cm | Severity=75 | SourceName=Sensor2 | EventType=application
[2026-08-15 16:33:38.077 (UTC)] info/application	[Sensor] Updated distance: 21.188040950888787 cm | Severity=75 | SourceName=Sensor2 | EventType=application
[2026-08-15 16:33:39.079 (UTC)] info/application	[Sensor] Updated distance: 14.894849462851345 cm | Severity=75 | SourceName=Sensor2 | EventType=application
[2026-08-15 16:33:40.082 (UTC)] info/application	[Sensor] Updated distance: 48.21810385501855 cm | Severity=75 | SourceName=Sensor2 | EventType=application
[2026-08-15 16:33:41.074 (UTC)] info/application	[Sensor] Updated distance: 30.709790712552977 cm | Severity=75 | SourceName=Sensor2 | EventType=application
[2026-08-15 16:33:42.077 (UTC)] info/application	[Sensor] Updated distance: 40.43714938612522 cm | Severity=75 | SourceName=Sensor2 | EventType=application
[2026-08-15 16:33:43.079 (UTC)] info/application	[Sensor] Updated distance: 34.36233419196789 cm | Severity=75 | SourceName=Sensor2 | EventType=application
[2026-08-15 16:33:44.082 (UTC)] info/application	[Sensor] Updated distance: 3.258502595712665 cm | Severity=75 | SourceName=Sensor2 | EventType=application
[2026-08-15 16:33:45.084 (UTC)] info/application	[Sensor] Updated distance: 39.65843796993533 cm | Severity=75 | SourceName=Sensor2 | EventType=application
[2026-08-15 16:33:46.076 (UTC)] info/application	[Sensor] Updated distance: 20.857163557250594 cm | Severity=75 | SourceName=Sensor2 | EventType=application
[2026-08-15 16:33:47.079 (UTC)] info/application	[Sensor] Updated distance: 44.99293160205377 cm | Severity=75 | SourceName=Sensor2 | EventType=application
[2026-08-15 16:33:48.081 (UTC)] info/application	[Sensor] Updated distance: 6.037927048298496 cm | Severity=75 | SourceName=Sensor2 | EventType=application
[2026-08-15 16:33:49.083 (UTC)] info/application	[Sensor] Updated distance: 17.7981433569445 cm | Severity=75 | SourceName=Sensor2 | EventType=application
[2026-08-15 16:33:50.076 (UTC)] info/application	[Sensor] Updated distance: 14.47315075084248 cm | Severity=75 | SourceName=Sensor2 | EventType=application
[2026-08-15 16:33:51.078 (UTC)] info/application	[Sensor] Updated distance: 44.91187560321384 cm | Severity=75 | SourceName=Sensor2 | EventType=application
[2026-08-15 16:33:52.080 (UTC)] info/application	[Sensor] Updated distance: 43.91625953182404 cm | Severity=75 | SourceName=Sensor2 | EventType=application
[2026-08-15 16:33:53.082 (UTC)] info/application	[Sensor] Updated distance: 49.52798619844391 cm | Severity=75 | SourceName=Sensor2 | EventType=application
[2026-08-15 16:33:54.075 (UTC)] info/application	[Sensor] Updated distance: 27.738097560470038 cm | Severity=75 | SourceName=Sensor2 | EventType=application
[2026-08-15 16:33:55.077 (UTC)] info/application	[Sensor] Updated distance: 29.512289775308354 cm | Severity=75 | SourceName=Sensor2 | EventType=application
[2026-08-15 16:33:56.080 (UTC)] info/application	[Sensor] Updated distance: 27.75778908736901 cm | Severity=75 | SourceName=Sensor2 | EventType=application
[2026-08-15 16:33:57.083 (UTC)] info/application	[Sensor] Updated distance: 3.0104743023451763 cm | Severity=75 | SourceName=Sensor2 | EventType=application
[2026-08-15 16:33:58.075 (UTC)] info/application	[Sensor] Updated distance: 10.221534479512616 cm | Severity=75 | SourceName=Sensor2 | EventType=application
[2026-08-15 16:33:59.078 (UTC)] info/application	[Sensor] Updated distance: 9.18707085735494 cm | Severity=75 | SourceName=Sensor2 | EventType=application
[2026-08-15 16:34:00.080 (UTC)] info/application	[Sensor] Updated distance: 4.574003183550203 cm | Severity=75 | SourceName=Sensor2 | EventType=application
[2026-08-15 16:34:01.082 (UTC)] info/application	[Sensor] Updated distance: 32.21011707103351 cm | Severity=75 | SourceName=Sensor2 | EventType=application
[2026-08-15 16:34:02.084 (UTC)] info/application	[Sensor] Updated distance: 30.59033616473448 cm | Severity=75 | SourceName=Sensor2 | EventType=application
[2026-08-15 16:34:03.076 (UTC)] info/application	[Sensor] Updated distance: 46.20943735363401 cm | Severity=75 | SourceName=Sensor2 | EventType=application
[2026-08-15 16:34:04.079 (UTC)] info/application	[Sensor] Updated distance: 5.514825144556735 cm | Severity=75 | SourceName=Sensor2 | EventType=application
[2026-08-15 16:34:05.081 (UTC)] info/application	[Sensor] Updated distance: 31.95930779630286 cm | Severity=75 | SourceName=Sensor2 | EventType=application
[2026-08-15 16:34:06.084 (UTC)] info/application	[Sensor] Updated distance: 23.92857221044999 cm | Severity=75 | SourceName=Sensor2 | EventType=application
[2026-08-15 16:34:07.076 (UTC)] info/application	[Sensor] Updated distance: 28.24713293195103 cm | Severity=75 | SourceName=Sensor2 | EventType=application
[2026-08-15 16:34:08.078 (UTC)] info/application	[Sensor] Updated distance: 41.418912026760594 cm | Severity=75 | SourceName=Sensor2 | EventType=application
[2026-08-15 16:34:09.082 (UTC)] info/application	[Sensor] Updated distance: 43.116613161338776 cm | Severity=75 | SourceName=Sensor2 | EventType=application
[2026-08-15 16:34:10.084 (UTC)] info/application	[Sensor] Updated distance: 41.141982394802376 cm | Severity=75 | SourceName=Sensor2 | EventType=application
[2026-08-15 16:34:11.076 (UTC)] info/application	[Sensor] Updated distance: 39.6370158594274 cm | Severity=75 | SourceName=Sensor2 | EventType=application
[2026-08-15 16:34:12.079 (UTC)] info/application	[Sensor] Updated distance: 23.826403851540015 cm | Severity=75 | SourceName=Sensor2 | EventType=application
[2026-08-15 16:34:13.081 (UTC)] info/application	[Sensor] Updated distance: 31.57913175857585 cm | Severity=75 | SourceName=Sensor2 | EventType=application
[2026-08-15 16:34:14.083 (UTC)] info/application	[Sensor] Updated distance: 23.999350029043548 cm | Severity=75 | SourceName=Sensor2 | EventType=application
[2026-08-15 16:34:15.076 (UTC)] info/application	[Sensor] Updated distance: 25.084906447252678 cm | Severity=75 | SourceName=Sensor2 | EventType=application
[2026-08-15 16:34:16.079 (UTC)] info/application	[Sensor] Updated distance: 21.23756970615944 cm | Severity=75 | SourceName=Sensor2 | EventType=application
[2026-08-15 16:34:17.081 (UTC)] info/application	[Sensor] Updated distance: 42.85651358629414 cm | Severity=75 | SourceName=Sensor2 | EventType=application
[2026-08-15 16:34:18.084 (UTC)] info/application	[Sensor] Updated distance: 20.077838049306457 cm | Severity=75 | SourceName=Sensor2 | EventType=application
[2026-08-15 16:34:19.077 (UTC)] info/application	[Sensor] Updated distance: 25.27549675445794 cm | Severity=75 | SourceName=Sensor2 | EventType=application
[2026-08-15 16:34:20.079 (UTC)] info/application	[Sensor] Updated distance: 10.654656943238646 cm | Severity=75 | SourceName=Sensor2 | EventType=application
[2026-08-15 16:34:21.081 (UTC)] info/application	[Sensor] Updated distance: 32.55098880014894 cm | Severity=75 | SourceName=Sensor2 | EventType=application
[2026-08-15 16:34:22.083 (UTC)] info/application	[Sensor] Updated distance: 20.187372335320045 cm | Severity=75 | SourceName=Sensor2 | EventType=application
[2026-08-15 16:34:23.077 (UTC)] info/application	[Sensor] Updated distance: 4.570916452710943 cm | Severity=75 | SourceName=Sensor2 | EventType=application
[2026-08-15 16:34:24.081 (UTC)] info/application	[Sensor] Updated distance: 32.078974998592855 cm | Severity=75 | SourceName=Sensor2 | EventType=application
[2026-08-15 16:34:25.075 (UTC)] info/application	[Sensor] Updated distance: 45.92546991814182 cm | Severity=75 | SourceName=Sensor2 | EventType=application
[2026-08-15 16:34:26.079 (UTC)] info/application	[Sensor] Updated distance: 32.0832062280193 cm | Severity=75 | SourceName=Sensor2 | EventType=application
[2026-08-15 16:34:27.082 (UTC)] info/application	[Sensor] Updated distance: 9.836764063610119 cm | Severity=75 | SourceName=Sensor2 | EventType=application
[2026-08-15 16:34:28.084 (UTC)] info/application	[Sensor] Updated distance: 46.935944220487 cm | Severity=75 | SourceName=Sensor2 | EventType=application
[2026-08-15 16:34:29.076 (UTC)] info/application	[Sensor] Updated distance: 40.30474070753191 cm | Severity=75 | SourceName=Sensor2 | EventType=application
[2026-08-15 16:34:30.078 (UTC)] info/application	[Sensor] Updated distance: 17.023834920965058 cm | Severity=75 | SourceName=Sensor2 | EventType=application
[2026-08-15 16:34:31.082 (UTC)] info/application	[Sensor] Updated distance: 49.50994742638895 cm | Severity=75 | SourceName=Sensor2 | EventType=application
[2026-08-15 16:34:32.083 (UTC)] info/application	[Sensor] Updated distance: 22.514857778565425 cm | Severity=75 | SourceName=Sensor2 | EventType=application
[2026-08-15 16:34:33.075 (UTC)] info/application	[Sensor] Updated distance: 45.61417108569954 cm | Severity=75 | SourceName=Sensor2 | EventType=application
[2026-08-15 16:34:34.076 (UTC)] info/application	[Sensor] Updated distance: 45.719384757671214 cm | Severity=75 | SourceName=Sensor2 | EventType=application
[2026-08-15 16:34:35.078 (UTC)] info/application	[Sensor] Updated distance: 26.02968292312216 cm | Severity=75 | SourceName=Sensor2 | EventType=application
[2026-08-15 16:34:36.082 (UTC)] info/application	[Sensor] Updated distance: 27.5734788820024 cm | Severity=75 | SourceName=Sensor2 | EventType=application
[2026-08-15 16:34:37.075 (UTC)] info/application	[Sensor] Updated distance: 19.64795694576947 cm | Severity=75 | SourceName=Sensor2 | EventType=application
[2026-08-15 16:34:38.078 (UTC)] info/application	[Sensor] Updated distance: 4.276815832721449 cm | Severity=75 | SourceName=Sensor2 | EventType=application
[2026-08-15 16:34:39.081 (UTC)] info/application	[Sensor] Updated distance: 18.99239088641125 cm | Severity=75 | SourceName=Sensor2 | EventType=application
[2026-08-15 16:34:40.084 (UTC)] info/application	[Sensor] Updated distance: 12.764570084756505 cm | Severity=75 | SourceName=Sensor2 | EventType=application
[2026-08-15 16:34:41.078 (UTC)] info/application	[Sensor] Updated distance: 43.41879822752382 cm | Severity=75 | SourceName=Sensor2 | EventType=application
[2026-08-15 16:34:42.080 (UTC)] info/application	[Sensor] Updated distance: 8.629406745838656 cm | Severity=75 | SourceName=Sensor2 | EventType=application
[2026-08-15 16:34:43.083 (UTC)] info/application	[Sensor] Updated distance: 34.59097393629652 cm | Severity=75 | SourceName=Sensor2 | EventType=application
[2026-08-15 16:34:44.076 (UTC)] info/application	[Sensor] Updated distance: 24.997929963747936 cm | Severity=75 | SourceName=Sensor2 | EventType=application
[2026-08-15 16:34:45.079 (UTC)] info/application	[Sensor] Updated distance: 30.628756774882206 cm | Severity=75 | SourceName=Sensor2 | EventType=application
[2026-08-15 16:34:46.082 (UTC)] info/application	[Sensor] Updated distance: 9.675880383549202 cm | Severity=75 | SourceName=Sensor2 | EventType=application
[2026-08-15 16:34:47.076 (UTC)] info/application	[Sensor] Updated distance: 44.23549966990738 cm | Severity=75 | SourceName=Sensor2 | EventType=application
[2026-08-15 16:34:48.079 (UTC)] info/application	[Sensor] Updated distance: 23.48527036117635 cm | Severity=75 | SourceName=Sensor2 | EventType=application
[2026-08-15 16:34:49.082 (UTC)] info/application	[Sensor] Updated distance: 27.75371843285566 cm | Severity=75 | SourceName=Sensor2 | EventType=application
[2026-08-15 16:34:50.075 (UTC)] info/application	[Sensor] Updated distance: 19.51099642436532 cm | Severity=75 | SourceName=Sensor2 | EventType=application
[2026-08-15 16:34:51.078 (UTC)] info/application	[Sensor] Updated distance: 32.139927304415 cm | Severity=75 | SourceName=Sensor2 | EventType=application
[2026-08-15 16:34:52.082 (UTC)] info/application	[Sensor] Updated distance: 10.30470721065286 cm | Severity=75 | SourceName=Sensor2 | EventType=application
[2026-08-15 16:34:53.075 (UTC)] info/application	[Sensor] Updated distance: 37.698368759685366 cm | Severity=75 | SourceName=Sensor2 | EventType=application
[2026-08-15 16:34:54.078 (UTC)] info/application	[Sensor] Updated distance: 34.71084375712594 cm | Severity=75 | SourceName=Sensor2 | EventType=application
[2026-08-15 16:34:55.081 (UTC)] info/application	[Sensor] Updated distance: 40.38368220924571 cm | Severity=75 | SourceName=Sensor2 | EventType=application
[2026-08-15 16:34:56.083 (UTC)] info/application	[Sensor] Updated distance: 33.62383865547545 cm | Severity=75 | SourceName=Sensor2 | EventType=application
[2026-08-15 16:34:57.076 (UTC)] info/application	[Sensor] Updated distance: 16.7940499627935 cm | Severity=75 | SourceName=Sensor2 | EventType=application
[2026-08-15 16:34:58.079 (UTC)] info/application	[Sensor] Updated distance: 48.22044627285583 cm | Severity=75 | SourceName=Sensor2 | EventType=application
[2026-08-15 16:34:59.081 (UTC)] info/application	[Sensor] Updated distance: 30.55978287596245 cm | Severity=75 | SourceName=Sensor2 | EventType=application
[2026-08-15 16:35:00.084 (UTC)] info/application	[Sensor] Updated distance: 7.098790647973674 cm | Severity=75 | SourceName=Sensor2 | EventType=application
[2026-08-15 16:35:01.077 (UTC)] info/application	[Sensor] Updated distance: 15.244281171469147 cm | Severity=75 | SourceName=Sensor2 | EventType=application
[2026-08-15 16:35:02.080 (UTC)] info/application	[Sensor] Updated distance: 30.069730279999657 cm | Severity=75 | SourceName=Sensor2 | EventType=application
[2026-08-15 16:35:03.083 (UTC)] info/application	[Sensor] Updated distance: 27.6136484265391 cm | Severity=75 | SourceName=Sensor2 | EventType=application
[2026-08-15 16:35:04.075 (UTC)] info/application	[Sensor] Updated distance: 10.85845225716869 cm | Severity=75 | SourceName=Sensor2 | EventType=application
[2026-08-15 16:35:05.078 (UTC)] info/application	[Sensor] Updated distance: 25.789115015319137 cm | Severity=75 | SourceName=Sensor2 | EventType=application
[2026-08-15 16:35:06.080 (UTC)] info/application	[Sensor] Updated distance: 3.6433313496612625 cm | Severity=75 | SourceName=Sensor2 | EventType=application
[2026-08-15 16:35:07.083 (UTC)] info/application	[Sensor] Updated distance: 36.43193113917109 cm | Severity=75 | SourceName=Sensor2 | EventType=application
[2026-08-15 16:35:08.076 (UTC)] info/application	[Sensor] Updated distance: 43.437071961088606 cm | Severity=75 | SourceName=Sensor2 | EventType=application
[2026-08-15 16:35:09.079 (UTC)] info/application	[Sensor] Updated distance: 5.920147182382712 cm | Severity=75 | SourceName=Sensor2 | EventType=application
[2026-08-15 16:35:10.082 (UTC)] info/application	[Sensor] Updated distance: 5.424322003230602 cm | Severity=75 | SourceName=Sensor2 | EventType=application
[2026-08-15 16:35:11.075 (UTC)] info/application	[Sensor] Updated distance: 6.201642023493369 cm | Severity=75 | SourceName=Sensor2 | EventType=application
[2026-08-15 16:35:12.077 (UTC)] info/application	[Sensor] Updated distance: 47.33894543225828 cm | Severity=75 | SourceName=Sensor2 | EventType=application
[2026-08-15 16:35:13.080 (UTC)] info/application	[Sensor] Updated distance: 12.053728749069258 cm | Severity=75 | SourceName=Sensor2 | EventType=application
[2026-08-15 16:35:14.083 (UTC)] info/application	[Sensor] Updated distance: 38.79261595978989 cm | Severity=75 | SourceName=Sensor2 | EventType=application
[2026-08-15 16:35:15.075 (UTC)] info/application	[Sensor] Updated distance: 22.336875373654475 cm | Severity=75 | SourceName=Sensor2 | EventType=application
[2026-08-15 16:35:16.078 (UTC)] info/application	[Sensor] Updated distance: 40.682485546303205 cm | Severity=75 | SourceName=Sensor2 | EventType=application
[2026-08-15 16:35:17.081 (UTC)] info/application	[Sensor] Updated distance: 46.46849634333909 cm | Severity=75 | SourceName=Sensor2 | EventType=application
[2026-08-15 16:35:18.084 (UTC)] info/application	[Sensor] Updated distance: 16.572375043561856 cm | Severity=75 | SourceName=Sensor2 | EventType=application
[2026-08-15 16:35:19.076 (UTC)] info/application	[Sensor] Updated distance: 14.167755885127818 cm | Severity=75 | SourceName=Sensor2 | EventType=application
[2026-08-15 16:35:20.078 (UTC)] info/application	[Sensor] Updated distance: 24.222214753843012 cm | Severity=75 | SourceName=Sensor2 | EventType=application
[2026-08-15 16:35:21.080 (UTC)] info/application	[Sensor] Updated distance: 34.08337146792718 cm | Severity=75 | SourceName=Sensor2 | EventType=application
[2026-08-15 16:35:22.083 (UTC)] info/application	[Sensor] Updated distance: 44.307683189542814 cm | Severity=75 | SourceName=Sensor2 | EventType=application
[2026-08-15 16:35:23.075 (UTC)] info/application	[Sensor] Updated distance: 32.52692198684761 cm | Severity=75 | SourceName=Sensor2 | EventType=application
[2026-08-15 16:35:24.079 (UTC)] info/application	[Sensor] Updated distance: 21.781740205260803 cm | Severity=75 | SourceName=Sensor2 | EventType=application
[2026-08-15 16:35:25.081 (UTC)] info/application	[Sensor] Updated distance: 29.018526924317015 cm | Severity=75 | SourceName=Sensor2 | EventType=application
[2026-08-15 16:35:26.074 (UTC)] info/application	[Sensor] Updated distance: 22.910604173741582 cm | Severity=75 | SourceName=Sensor2 | EventType=application
[2026-08-15 16:35:27.077 (UTC)] info/application	[Sensor] Updated distance: 5.405578860736256 cm | Severity=75 | SourceName=Sensor2 | EventType=application
[2026-08-15 16:35:28.080 (UTC)] info/application	[Sensor] Updated distance: 43.81257688711052 cm | Severity=75 | SourceName=Sensor2 | EventType=application
[2026-08-15 16:35:29.083 (UTC)] info/application	[Sensor] Updated distance: 21.131050446597417 cm | Severity=75 | SourceName=Sensor2 | EventType=application
[2026-08-15 16:35:30.075 (UTC)] info/application	[Sensor] Updated distance: 33.96536173669871 cm | Severity=75 | SourceName=Sensor2 | EventType=application
[2026-08-15 16:35:31.078 (UTC)] info/application	[Sensor] Updated distance: 48.91136753508419 cm | Severity=75 | SourceName=Sensor2 | EventType=application
[2026-08-15 16:35:32.081 (UTC)] info/application	[Sensor] Updated distance: 34.37533161806656 cm | Severity=75 | SourceName=Sensor2 | EventType=application
[2026-08-15 16:35:33.084 (UTC)] info/application	[Sensor] Updated distance: 14.035091994346628 cm | Severity=75 | SourceName=Sensor2 | EventType=application
[2026-08-15 16:35:34.077 (UTC)] info/application	[Sensor] Updated distance: 26.525015961623293 cm | Severity=75 | SourceName=Sensor2 | EventType=application
[2026-08-15 16:35:35.080 (UTC)] info/application	[Sensor] Updated distance: 43.233783875235254 cm | Severity=75 | SourceName=Sensor2 | EventType=application
[2026-08-15 16:35:36.083 (UTC)] info/application	[Sensor] Updated distance: 37.82420700966576 cm | Severity=75 | SourceName=Sensor2 | EventType=application
[2026-08-15 16:35:37.075 (UTC)] info/application	[Sensor] Updated distance: 28.168347311284553 cm | Severity=75 | SourceName=Sensor2 | EventType=application
[2026-08-15 16:35:38.078 (UTC)] info/application	[Sensor] Updated distance: 29.665714992054603 cm | Severity=75 | SourceName=Sensor2 | EventType=application
[2026-08-15 16:35:39.081 (UTC)] info/application	[Sensor] Updated distance: 31.261278948402627 cm | Severity=75 | SourceName=Sensor2 | EventType=application
[2026-08-15 16:35:40.083 (UTC)] info/application	[Sensor] Updated distance: 32.08849449366727 cm | Severity=75 | SourceName=Sensor2 | EventType=application
[2026-08-15 16:35:41.075 (UTC)] info/application	[Sensor] Updated distance: 33.090037017636945 cm | Severity=75 | SourceName=Sensor2 | EventType=application
[2026-08-15 16:35:42.077 (UTC)] info/application	[Sensor] Updated distance: 35.462920971896 cm | Severity=75 | SourceName=Sensor2 | EventType=application
[2026-08-15 16:35:43.080 (UTC)] info/application	[Sensor] Updated distance: 29.427439903573802 cm | Severity=75 | SourceName=Sensor2 | EventType=application
[2026-08-15 16:35:44.083 (UTC)] info/application	[Sensor] Updated distance: 43.14376576670621 cm | Severity=75 | SourceName=Sensor2 | EventType=application
[2026-08-15 16:35:45.075 (UTC)] info/application	[Sensor] Updated distance: 24.255536909334143 cm | Severity=75 | SourceName=Sensor2 | EventType=application
[2026-08-15 16:35:46.077 (UTC)] info/application	[Sensor] Updated distance: 49.76431529958002 cm | Severity=75 | SourceName=Sensor2 | EventType=application
[2026-08-15 16:35:47.079 (UTC)] info/application	[Sensor] Updated distance: 33.82625129065767 cm | Severity=75 | SourceName=Sensor2 | EventType=application
[2026-08-15 16:35:48.081 (UTC)] info/application	[Sensor] Updated distance: 20.724033252673237 cm | Severity=75 | SourceName=Sensor2 | EventType=application
[2026-08-15 16:35:49.083 (UTC)] info/application	[Sensor] Updated distance: 16.336690320790133 cm | Severity=75 | SourceName=Sensor2 | EventType=application
[2026-08-15 16:35:50.076 (UTC)] info/application	[Sensor] Updated distance: 45.99400717578549 cm | Severity=75 | SourceName=Sensor2 | EventType=application
[2026-08-15 16:35:51.078 (UTC)] info/application	[Sensor] Updated distance: 42.94624800651625 cm | Severity=75 | SourceName=Sensor2 | EventType=application
[2026-08-15 16:35:52.081 (UTC)] info/application	[Sensor] Updated distance: 48.42006178871731 cm | Severity=75 | SourceName=Sensor2 | EventType=application
[2026-08-15 16:35:53.084 (UTC)] info/application	[Sensor] Updated distance: 40.30169034297656 cm | Severity=75 | SourceName=Sensor2 | EventType=application
[2026-08-15 16:35:54.077 (UTC)] info/application	[Sensor] Updated distance: 25.473169971012123 cm | Severity=75 | SourceName=Sensor2 | EventType=application
[2026-08-15 16:35:55.079 (UTC)] info/application	[Sensor] Updated distance: 20.201801971626374 cm | Severity=75 | SourceName=Sensor2 | EventType=application
[2026-08-15 16:35:56.081 (UTC)] info/application	[Sensor] Updated distance: 19.32021724494184 cm | Severity=75 | SourceName=Sensor2 | EventType=application
[2026-08-15 16:35:57.084 (UTC)] info/application	[Sensor] Updated distance: 46.38377416710545 cm | Severity=75 | SourceName=Sensor2 | EventType=application
[2026-08-15 16:35:58.076 (UTC)] info/application	[Sensor] Updated distance: 23.60738083236263 cm | Severity=75 | SourceName=Sensor2 | EventType=application
[2026-08-15 16:35:59.079 (UTC)] info/application	[Sensor] Updated distance: 13.132794109700617 cm | Severity=75 | SourceName=Sensor2 | EventType=application
[2026-08-15 16:36:00.081 (UTC)] info/application	[Sensor] Updated distance: 17.514824591351125 cm | Severity=75 | SourceName=Sensor2 | EventType=application
[2026-08-15 16:36:01.074 (UTC)] info/application	[Sensor] Updated distance: 7.5727425467096 cm | Severity=75 | SourceName=Sensor2 | EventType=application
[2026-08-15 16:36:02.077 (UTC)] info/application	[Sensor] Updated distance: 12.044161644784808 cm | Severity=75 | SourceName=Sensor2 | EventType=application
[2026-08-15 16:36:03.080 (UTC)] info/application	[Sensor] Updated distance: 49.89015620941769 cm | Severity=75 | SourceName=Sensor2 | EventType=application
[2026-08-15 16:36:04.083 (UTC)] info/application	[Sensor] Updated distance: 19.607834541056228 cm | Severity=75 | SourceName=Sensor2 | EventType=application
[2026-08-15 16:36:05.077 (UTC)] info/application	[Sensor] Updated distance: 36.5691776064081 cm | Severity=75 | SourceName=Sensor2 | EventType=application
[2026-08-15 16:36:06.080 (UTC)] info/application	[Sensor] Updated distance: 43.12394008465294 cm | Severity=75 | SourceName=Sensor2 | EventType=application
[2026-08-15 16:36:07.083 (UTC)] info/application	[Sensor] Updated distance: 7.432041528370251 cm | Severity=75 | SourceName=Sensor2 | EventType=application
[2026-08-15 16:36:08.076 (UTC)] info/application	[Sensor] Updated distance: 14.737524895340913 cm | Severity=75 | SourceName=Sensor2 | EventType=application
[2026-08-15 16:36:09.079 (UTC)] info/application	[Sensor] Updated distance: 22.78965505435581 cm | Severity=75 | SourceName=Sensor2 | EventType=application
[2026-08-15 16:36:10.082 (UTC)] info/application	[Sensor] Updated distance: 36.693320476772875 cm | Severity=75 | SourceName=Sensor2 | EventType=application
[2026-08-15 16:36:11.075 (UTC)] info/application	[Sensor] Updated distance: 44.82601938900818 cm | Severity=75 | SourceName=Sensor2 | EventType=application
[2026-08-15 16:36:12.077 (UTC)] info/application	[Sensor] Updated distance: 5.879692049641019 cm | Severity=75 | SourceName=Sensor2 | EventType=application
[2026-08-15 16:36:13.080 (UTC)] info/application	[Sensor] Updated distance: 22.156241426317134 cm | Severity=75 | SourceName=Sensor2 | EventType=application
[2026-08-15 16:36:14.083 (UTC)] info/application	[Sensor] Updated distance: 24.253459292581983 cm | Severity=75 | SourceName=Sensor2 | EventType=application
[2026-08-15 16:36:15.075 (UTC)] info/application	[Sensor] Updated distance: 47.02345783869897 cm | Severity=75 | SourceName=Sensor2 | EventType=application
[2026-08-15 16:36:16.077 (UTC)] info/application	[Sensor] Updated distance: 44.41177835800302 cm | Severity=75 | SourceName=Sensor2 | EventType=application
[2026-08-15 16:36:17.079 (UTC)] info/application	[Sensor] Updated distance: 24.01777456981026 cm | Severity=75 | SourceName=Sensor2 | EventType=application
[2026-08-15 16:36:18.082 (UTC)] info/application	[Sensor] Updated distance: 30.8497091070049 cm | Severity=75 | SourceName=Sensor2