[2026-08-15 23:59:09.516 (UTC+0800)] [33mwarn/server[0m	AccessControl: Unconfigured AccessControl. Users have all permissions.
[2026-08-15 23:59:09.516 (UTC+0800)] [32minfo/server[0m	AccessControl: Anonymous login is enabled
[2026-08-15 23:59:09.516 (UTC+0800)] [33mwarn/server[0m	x509 Certificate Authentication configured, but no encrypting SecurityPolicy. This can leak credentials on the network.
[2026-08-15 23:59:09.552 (UTC+0800)] [33mwarn/application[0m	ServerUrls already set. Overriding.
[2026-08-15 23:59:09.552 (UTC+0800)] [33mwarn/server[0m	AccessControl: Unconfigured AccessControl. Users have all permissions.
[2026-08-15 23:59:09.552 (UTC+0800)] [32minfo/server[0m	AccessControl: Anonymous login is enabled
[2026-08-15 23:59:09.552 (UTC+0800)] [33mwarn/server[0m	x509 Certificate Authentication configured, but no encrypting SecurityPolicy. This can leak credentials on the network.
[2026-08-15 23:59:09.552 (UTC+0800)] [33mwarn/server[0m	x509 Certificate Authentication configured, but no encrypting SecurityPolicy. This can leak credentials on the network.
[2026-08-15 15:59:09.552 (UTC)] info/application	Sensor Server online (Client/Server mode, id=3 port=4844) | Severity=75 | SourceName=Sensor3 | EventType=application
Entering background polling mode: attempting to connect to Aggregation Server...
Connected successfully. Log forwarding started.
[2026-08-15 15:59:10.554 (UTC)] info/application	[Sensor] Updated distance: 40.018475289465144 cm | Severity=75 | SourceName=Sensor3 | EventType=application
[2026-08-15 15:59:11.526 (UTC)] info/network	[System] TCP 16	| Connection opened from "127.0.0.1" via the server socket 8 | Severity=75 | SourceName=System | EventType=network
[2026-08-15 15:59:11.526 (UTC)] info/channel	[System] TCP 16	| SC 1	| SecureChannel created | Severity=75 | SourceName=System | EventType=channel
[2026-08-15 15:59:12.636 (UTC)] info/application	[Sensor] Updated distance: 20.588812210871286 cm | Severity=75 | SourceName=Sensor3 | EventType=application
[2026-08-15 15:59:12.657 (UTC)] info/channel	[System] TCP 16	| SC 1	| OpenSecureChannel: Channel opened with SecurityMode None for SecurityPolicy http://opcfoundation.org/UA/SecurityPolicy#None and a revised lifetime of 600.0s | Severity=75 | SourceName=System | EventType=channel
[2026-08-15 15:59:12.677 (UTC)] warn/client	[System] Removing a UserTokenPolicy that would allow the password to be transmitted without encryption (Can be enabled via config->allowNonePolicyPassword) | Severity=175 | SourceName=System | EventType=client
[2026-08-15 15:59:12.677 (UTC)] warn/client	[System] Removing a UserTokenPolicy that would allow the password to be transmitted without encryption (Can be enabled via config->allowNonePolicyPassword) | Severity=175 | SourceName=System | EventType=client
[2026-08-15 15:59:12.688 (UTC)] warn/client	[System] Removing a UserTokenPolicy that would allow the password to be transmitted without encryption (Can be enabled via config->allowNonePolicyPassword) | Severity=175 | SourceName=System | EventType=client
[2026-08-15 15:59:12.688 (UTC)] warn/client	[System] Removing a UserTokenPolicy that would allow the password to be transmitted without encryption (Can be enabled via config->allowNonePolicyPassword) | Severity=175 | SourceName=System | EventType=client
[2026-08-15 15:59:12.688 (UTC)] info/session	[System] TCP 16	| SC 1	| Session "ns=1;g=5136b118-3324-d8fa-bc2b-c22c4534f3df"	| Session created | Severity=75 | SourceName=System | EventType=session
[2026-08-15 15:59:12.699 (UTC)] info/session	[System] TCP 16	| SC 1	| Session "ns=1;g=5136b118-3324-d8fa-bc2b-c22c4534f3df"	| ActivateSession: Session activated with ClientUserId "" | Severity=75 | SourceName=System | EventType=session
[2026-08-15 15:59:13.084 (UTC)] info/session	[System] TCP 16	| SC 1	| Session "ns=1;g=5136b118-3324-d8fa-bc2b-c22c4534f3df"	| Subscription 1 | Subscription created (Publishing interval 500.0ms, max 1000 notifications per publish) | Severity=75 | SourceName=System | EventType=session
[2026-08-15 15:59:13.104 (UTC)] info/session	[System] TCP 16	| SC 1	| Session "ns=1;g=5136b118-3324-d8fa-bc2b-c22c4534f3df"	| Subscription 1 | MonitoredItem 1 | Created the MonitoredItem (Sampling Interval: 250.0ms, Queue Size: 1) | Severity=75 | SourceName=System | EventType=session
[2026-08-15 15:59:13.641 (UTC)] info/application	[Sensor] Updated distance: 33.17825317344547 cm | Severity=75 | SourceName=Sensor3 | EventType=application
[2026-08-15 15:59:14.532 (UTC)] info/network	[System] TCP 17	| Connection opened from "127.0.0.1" via the server socket 8 | Severity=75 | SourceName=System | EventType=network
[2026-08-15 15:59:14.532 (UTC)] info/channel	[System] TCP 17	| SC 2	| SecureChannel created | Severity=75 | SourceName=System | EventType=channel
[2026-08-15 15:59:14.552 (UTC)] info/channel	[System] TCP 17	| SC 2	| OpenSecureChannel: Channel opened with SecurityMode None for SecurityPolicy http://opcfoundation.org/UA/SecurityPolicy#None and a revised lifetime of 600.0s | Severity=75 | SourceName=System | EventType=channel
[2026-08-15 15:59:14.573 (UTC)] warn/client	[System] Removing a UserTokenPolicy that would allow the password to be transmitted without encryption (Can be enabled via config->allowNonePolicyPassword) | Severity=175 | SourceName=System | EventType=client
[2026-08-15 15:59:14.573 (UTC)] warn/client	[System] Removing a UserTokenPolicy that would allow the password to be transmitted without encryption (Can be enabled via config->allowNonePolicyPassword) | Severity=175 | SourceName=System | EventType=client
[2026-08-15 15:59:14.583 (UTC)] warn/client	[System] Removing a UserTokenPolicy that would allow the password to be transmitted without encryption (Can be enabled via config->allowNonePolicyPassword) | Severity=175 | SourceName=System | EventType=client
[2026-08-15 15:59:14.583 (UTC)] warn/client	[System] Removing a UserTokenPolicy that would allow the password to be transmitted without encryption (Can be enabled via config->allowNonePolicyPassword) | Severity=175 | SourceName=System | EventType=client
[2026-08-15 15:59:14.584 (UTC)] info/session	[System] TCP 17	| SC 2	| Session "ns=1;g=61b1444b-3c5f-e958-0000-c05c90c91c91"	| Session created | Severity=75 | SourceName=System | EventType=session
[2026-08-15 15:59:14.595 (UTC)] info/session	[System] TCP 17	| SC 2	| Session "ns=1;g=61b1444b-3c5f-e958-0000-c05c90c91c91"	| ActivateSession: Session activated with ClientUserId "" | Severity=75 | SourceName=System | EventType=session
[2026-08-15 15:59:14.646 (UTC)] info/application	[Sensor] Updated distance: 10.899022993118978 cm | Severity=75 | SourceName=Sensor3 | EventType=application
[2026-08-15 15:59:15.638 (UTC)] info/application	[Sensor] Updated distance: 16.625340200320508 cm | Severity=75 | SourceName=Sensor3 | EventType=application
[2026-08-15 15:59:16.639 (UTC)] info/application	[Sensor] Updated distance: 37.26456508192446 cm | Severity=75 | SourceName=Sensor3 | EventType=application
[2026-08-15 15:59:17.642 (UTC)] info/application	[Sensor] Updated distance: 26.3544641027015 cm | Severity=75 | SourceName=Sensor3 | EventType=application
[2026-08-15 15:59:18.644 (UTC)] info/application	[Sensor] Updated distance: 48.84338643348002 cm | Severity=75 | SourceName=Sensor3 | EventType=application
[2026-08-15 15:59:19.645 (UTC)] info/application	[Sensor] Updated distance: 9.440507713444767 cm | Severity=75 | SourceName=Sensor3 | EventType=application
[2026-08-15 15:59:20.637 (UTC)] info/application	[Sensor] Updated distance: 31.04645790022167 cm | Severity=75 | SourceName=Sensor3 | EventType=application
[2026-08-15 15:59:21.639 (UTC)] info/application	[Sensor] Updated distance: 3.3173666006500677 cm | Severity=75 | SourceName=Sensor3 | EventType=application
[2026-08-15 15:59:22.641 (UTC)] info/application	[Sensor] Updated distance: 25.36854008183281 cm | Severity=75 | SourceName=Sensor3 | EventType=application
[2026-08-15 15:59:23.026 (UTC)] info/session	[System] TCP 17	| SC 2	| Session "ns=1;g=61b1444b-3c5f-e958-0000-c05c90c91c91"	| WriteRequest returned status code BadUserAccessDenied | Severity=75 | SourceName=System | EventType=session
[2026-08-15 15:59:23.643 (UTC)] info/application	[Sensor] Updated distance: 5.5843701751829915 cm | Severity=75 | SourceName=Sensor3 | EventType=application
[2026-08-15 15:59:24.645 (UTC)] info/application	[Sensor] Updated distance: 8.12067099945651 cm | Severity=75 | SourceName=Sensor3 | EventType=application
[2026-08-15 15:59:25.637 (UTC)] info/application	[Sensor] Updated distance: 31.696792534411323 cm | Severity=75 | SourceName=Sensor3 | EventType=application
[2026-08-15 15:59:26.638 (UTC)] info/application	[Sensor] Updated distance: 11.895104986566633 cm | Severity=75 | SourceName=Sensor3 | EventType=application
[2026-08-15 15:59:27.640 (UTC)] info/application	[Sensor] Updated distance: 28.285574284515143 cm | Severity=75 | SourceName=Sensor3 | EventType=application
[2026-08-15 15:59:28.642 (UTC)] info/application	[Sensor] Updated distance: 40.3681364163608 cm | Severity=75 | SourceName=Sensor3 | EventType=application
[2026-08-15 15:59:29.644 (UTC)] info/application	[Sensor] Updated distance: 36.57837545991799 cm | Severity=75 | SourceName=Sensor3 | EventType=application
[2026-08-15 15:59:30.646 (UTC)] info/application	[Sensor] Updated distance: 36.758394890817996 cm | Severity=75 | SourceName=Sensor3 | EventType=application
[2026-08-15 15:59:31.638 (UTC)] info/application	[Sensor] Updated distance: 9.353230576661057 cm | Severity=75 | SourceName=Sensor3 | EventType=application
[2026-08-15 15:59:32.640 (UTC)] info/application	[Sensor] Updated distance: 21.950198868266398 cm | Severity=75 | SourceName=Sensor3 | EventType=application
[2026-08-15 15:59:33.643 (UTC)] info/application	[Sensor] Updated distance: 5.786730619048108 cm | Severity=75 | SourceName=Sensor3 | EventType=application
[2026-08-15 15:59:34.645 (UTC)] info/application	[Sensor] Updated distance: 30.369525028564745 cm | Severity=75 | SourceName=Sensor3 | EventType=application
[2026-08-15 15:59:35.637 (UTC)] info/application	[Sensor] Updated distance: 30.31696624882378 cm | Severity=75 | SourceName=Sensor3 | EventType=application
[2026-08-15 15:59:36.639 (UTC)] info/application	[Sensor] Updated distance: 42.74858424474885 cm | Severity=75 | SourceName=Sensor3 | EventType=application
[2026-08-15 15:59:37.641 (UTC)] info/application	[Sensor] Updated distance: 37.178149940063314 cm | Severity=75 | SourceName=Sensor3 | EventType=application
[2026-08-15 15:59:38.643 (UTC)] info/application	[Sensor] Updated distance: 26.35650025697262 cm | Severity=75 | SourceName=Sensor3 | EventType=application
[2026-08-15 15:59:39.645 (UTC)] info/application	[Sensor] Updated distance: 12.496380699098287 cm | Severity=75 | SourceName=Sensor3 | EventType=application
[2026-08-15 15:59:40.637 (UTC)] info/application	[Sensor] Updated distance: 25.886262278950895 cm | Severity=75 | SourceName=Sensor3 | EventType=application
[2026-08-15 15:59:41.640 (UTC)] info/application	[Sensor] Updated distance: 49.24487532640103 cm | Severity=75 | SourceName=Sensor3 | EventType=application
[2026-08-15 15:59:42.642 (UTC)] info/application	[Sensor] Updated distance: 2.5148559662116954 cm | Severity=75 | SourceName=Sensor3 | EventType=application
[2026-08-15 15:59:43.644 (UTC)] info/application	[Sensor] Updated distance: 44.47507448982218 cm | Severity=75 | SourceName=Sensor3 | EventType=application
[2026-08-15 15:59:44.646 (UTC)] info/application	[Sensor] Updated distance: 32.42312847749476 cm | Severity=75 | SourceName=Sensor3 | EventType=application
[2026-08-15 15:59:45.638 (UTC)] info/application	[Sensor] Updated distance: 11.413878981682416 cm | Severity=75 | SourceName=Sensor3 | EventType=application
[2026-08-15 15:59:46.640 (UTC)] info/application	[Sensor] Updated distance: 11.100414667790949 cm | Severity=75 | SourceName=Sensor3 | EventType=application
[2026-08-15 15:59:47.641 (UTC)] info/application	[Sensor] Updated distance: 19.687693537067478 cm | Severity=75 | SourceName=Sensor3 | EventType=application
[2026-08-15 15:59:48.643 (UTC)] info/application	[Sensor] Updated distance: 35.768343084383915 cm | Severity=75 | SourceName=Sensor3 | EventType=application
[2026-08-15 15:59:49.645 (UTC)] info/application	[Sensor] Updated distance: 9.943801078919229 cm | Severity=75 | SourceName=Sensor3 | EventType=application
[2026-08-15 15:59:50.637 (UTC)] info/application	[Sensor] Updated distance: 27.128201250512245 cm | Severity=75 | SourceName=Sensor3 | EventType=application
[2026-08-15 15:59:51.640 (UTC)] info/application	[Sensor] Updated distance: 16.814800962253848 cm | Severity=75 | SourceName=Sensor3 | EventType=application
[2026-08-15 15:59:52.642 (UTC)] info/application	[Sensor] Updated distance: 11.261167679569295 cm | Severity=75 | SourceName=Sensor3 | EventType=application
[2026-08-15 15:59:53.644 (UTC)] info/application	[Sensor] Updated distance: 2.496741332345056 cm | Severity=75 | SourceName=Sensor3 | EventType=application
[2026-08-15 15:59:54.646 (UTC)] info/application	[Sensor] Updated distance: 20.39917115978858 cm | Severity=75 | SourceName=Sensor3 | EventType=application
[2026-08-15 15:59:55.638 (UTC)] info/application	[Sensor] Updated distance: 17.381838679025805 cm | Severity=75 | SourceName=Sensor3 | EventType=application
[2026-08-15 15:59:56.641 (UTC)] info/application	[Sensor] Updated distance: 32.193533866756376 cm | Severity=75 | SourceName=Sensor3 | EventType=application
[2026-08-15 15:59:57.643 (UTC)] info/application	[Sensor] Updated distance: 30.294276146355212 cm | Severity=75 | SourceName=Sensor3 | EventType=application
[2026-08-15 15:59:58.644 (UTC)] info/application	[Sensor] Updated distance: 43.66741298589269 cm | Severity=75 | SourceName=Sensor3 | EventType=application
[2026-08-15 15:59:59.646 (UTC)] info/application	[Sensor] Updated distance: 22.561670283117177 cm | Severity=75 | SourceName=Sensor3 | EventType=application
[2026-08-15 16:00:00.638 (UTC)] info/application	[Sensor] Updated distance: 16.872651583921467 cm | Severity=75 | SourceName=Sensor3 | EventType=application
[2026-08-15 16:00:01.641 (UTC)] info/application	[Sensor] Updated distance: 30.425807854358947 cm | Severity=75 | SourceName=Sensor3 | EventType=application
[2026-08-15 16:00:02.643 (UTC)] info/application	[Sensor] Updated distance: 29.914900859778232 cm | Severity=75 | SourceName=Sensor3 | EventType=application
[2026-08-15 16:00:03.645 (UTC)] info/application	[Sensor] Updated distance: 36.82285047453961 cm | Severity=75 | SourceName=Sensor3 | EventType=application
[2026-08-15 16:00:04.637 (UTC)] info/application	[Sensor] Updated distance: 34.21253847340706 cm | Severity=75 | SourceName=Sensor3 | EventType=application
[2026-08-15 16:00:05.639 (UTC)] info/application	[Sensor] Updated distance: 10.284425865991238 cm | Severity=75 | SourceName=Sensor3 | EventType=application
[2026-08-15 16:00:06.641 (UTC)] info/application	[Sensor] Updated distance: 17.139816701011647 cm | Severity=75 | SourceName=Sensor3 | EventType=application
[2026-08-15 16:00:07.643 (UTC)] info/application	[Sensor] Updated distance: 26.961122695804164 cm | Severity=75 | SourceName=Sensor3 | EventType=application
[2026-08-15 16:00:08.644 (UTC)] info/application	[Sensor] Updated distance: 45.46257580605455 cm | Severity=75 | SourceName=Sensor3 | EventType=application
[2026-08-15 16:00:09.646 (UTC)] info/application	[Sensor] Updated distance: 41.49631695798426 cm | Severity=75 | SourceName=Sensor3 | EventType=application
[2026-08-15 16:00:10.638 (UTC)] info/application	[Sensor] Updated distance: 37.45750339490245 cm | Severity=75 | SourceName=Sensor3 | EventType=application
[2026-08-15 16:00:11.640 (UTC)] info/application	[Sensor] Updated distance: 21.34883806265371 cm | Severity=75 | SourceName=Sensor3 | EventType=application
[2026-08-15 16:00:12.642 (UTC)] info/application	[Sensor] Updated distance: 40.74119226203355 cm | Severity=75 | SourceName=Sensor3 | EventType=application
[2026-08-15 16:00:13.644 (UTC)] info/application	[Sensor] Updated distance: 37.972359383465886 cm | Severity=75 | SourceName=Sensor3 | EventType=application
[2026-08-15 16:00:14.637 (UTC)] info/application	[Sensor] Updated distance: 15.823912530124145 cm | Severity=75 | SourceName=Sensor3 | EventType=application
[2026-08-15 16:00:15.638 (UTC)] info/application	[Sensor] Updated distance: 23.164320739528314 cm | Severity=75 | SourceName=Sensor3 | EventType=application
[2026-08-15 16:00:16.640 (UTC)] info/application	[Sensor] Updated distance: 47.3862383651483 cm | Severity=75 | SourceName=Sensor3 | EventType=application
[2026-08-15 16:00:17.642 (UTC)] info/application	[Sensor] Updated distance: 24.924327197915094 cm | Severity=75 | SourceName=Sensor3 | EventType=application
[2026-08-15 16:00:18.644 (UTC)] info/application	[Sensor] Updated distance: 40.85201427659579 cm | Severity=75 | SourceName=Sensor3 | EventType=application
[2026-08-15 16:00:19.646 (UTC)] info/application	[Sensor] Updated distance: 33.154581427180474 cm | Severity=75 | SourceName=Sensor3 | EventType=application
[2026-08-15 16:00:20.639 (UTC)] info/application	[Sensor] Updated distance: 32.86812829918607 cm | Severity=75 | SourceName=Sensor3 | EventType=application
[2026-08-15 16:00:21.640 (UTC)] info/application	[Sensor] Updated distance: 17.980215527108037 cm | Severity=75 | SourceName=Sensor3 | EventType=application
[2026-08-15 16:00:22.642 (UTC)] info/application	[Sensor] Updated distance: 47.96938238943432 cm | Severity=75 | SourceName=Sensor3 | EventType=application
[2026-08-15 16:00:23.644 (UTC)] info/application	[Sensor] Updated distance: 42.12929597875536 cm | Severity=75 | SourceName=Sensor3 | EventType=application
[2026-08-15 16:00:24.645 (UTC)] info/application	[Sensor] Updated distance: 18.476956859453093 cm | Severity=75 | SourceName=Sensor3 | EventType=application
[2026-08-15 16:00:25.646 (UTC)] info/application	[Sensor] Updated distance: 18.368553526871164 cm | Severity=75 | SourceName=Sensor3 | EventType=application
[2026-08-15 16:00:26.638 (UTC)] info/application	[Sensor] Updated distance: 9.511134657781167 cm | Severity=75 | SourceName=Sensor3 | EventType=application
[2026-08-15 16:00:27.640 (UTC)] info/application	[Sensor] Updated distance: 48.67049072620947 cm | Severity=75 | SourceName=Sensor3 | EventType=application
[2026-08-15 16:00:28.075 (UTC)] info/session	[System] TCP 17	| SC 2	| Session "ns=1;g=61b1444b-3c5f-e958-0000-c05c90c91c91"	| WriteRequest returned status code BadUserAccessDenied | Severity=75 | SourceName=System | EventType=session
[2026-08-15 16:00:28.642 (UTC)] info/application	[Sensor] Updated distance: 46.66282969557812 cm | Severity=75 | SourceName=Sensor3 | EventType=application
[2026-08-15 16:00:29.643 (UTC)] info/application	[Sensor] Updated distance: 3.178547621322119 cm | Severity=75 | SourceName=Sensor3 | EventType=application
[2026-08-15 16:00:30.645 (UTC)] info/application	[Sensor] Updated distance: 21.23216098697491 cm | Severity=75 | SourceName=Sensor3 | EventType=application
[2026-08-15 16:00:31.637 (UTC)] info/application	[Sensor] Updated distance: 13.535481257147845 cm | Severity=75 | SourceName=Sensor3 | EventType=application
[2026-08-15 16:00:32.639 (UTC)] info/application	[Sensor] Updated distance: 31.604355475681068 cm | Severity=75 | SourceName=Sensor3 | EventType=application
[2026-08-15 16:00:33.641 (UTC)] info/application	[Sensor] Updated distance: 49.14706184675314 cm | Severity=75 | SourceName=Sensor3 | EventType=application
[2026-08-15 16:00:34.642 (UTC)] info/application	[Sensor] Updated distance: 48.35833173168745 cm | Severity=75 | SourceName=Sensor3 | EventType=application
[2026-08-15 16:00:35.644 (UTC)] info/application	[Sensor] Updated distance: 15.816893926736382 cm | Severity=75 | SourceName=Sensor3 | EventType=application
[2026-08-15 16:00:36.646 (UTC)] info/application	[Sensor] Updated distance: 9.431487712744385 cm | Severity=75 | SourceName=Sensor3 | EventType=application
[2026-08-15 16:00:37.638 (UTC)] info/application	[Sensor] Updated distance: 15.498148410347358 cm | Severity=75 | SourceName=Sensor3 | EventType=application
[2026-08-15 16:00:38.640 (UTC)] info/application	[Sensor] Updated distance: 40.77801662254055 cm | Severity=75 | SourceName=Sensor3 | EventType=application
[2026-08-15 16:00:39.642 (UTC)] info/application	[Sensor] Updated distance: 4.894063496447197 cm | Severity=75 | SourceName=Sensor3 | EventType=application
[2026-08-15 16:00:40.644 (UTC)] info/application	[Sensor] Updated distance: 6.9944653683316265 cm | Severity=75 | SourceName=Sensor3 | EventType=application
[2026-08-15 16:00:41.646 (UTC)] info/application	[Sensor] Updated distance: 28.23551999509126 cm | Severity=75 | SourceName=Sensor3 | EventType=application
[2026-08-15 16:00:42.638 (UTC)] info/application	[Sensor] Updated distance: 24.242901581452646 cm | Severity=75 | SourceName=Sensor3 | EventType=application
[2026-08-15 16:00:43.640 (UTC)] info/application	[Sensor] Updated distance: 45.73565763036518 cm | Severity=75 | SourceName=Sensor3 | EventType=application
[2026-08-15 16:00:44.641 (UTC)] info/application	[Sensor] Updated distance: 16.207879356205407 cm | Severity=75 | SourceName=Sensor3 | EventType=application
[2026-08-15 16:00:45.643 (UTC)] info/application	[Sensor] Updated distance: 38.06681411157679 cm | Severity=75 | SourceName=Sensor3 | EventType=application
[2026-08-15 16:00:46.645 (UTC)] info/application	[Sensor] Updated distance: 18.899978347541754 cm | Severity=75 | SourceName=Sensor3 | EventType=application
[2026-08-15 16:00:47.637 (UTC)] info/application	[Sensor] Updated distance: 13.59411769900197 cm | Severity=75 | SourceName=Sensor3 | EventType=application
[2026-08-15 16:00:48.639 (UTC)] info/application	[Sensor] Updated distance: 12.991141309491889 cm | Severity=75 | SourceName=Sensor3 | EventType=application
[2026-08-15 16:00:49.642 (UTC)] info/application	[Sensor] Updated distance: 9.751992624137547 cm | Severity=75 | SourceName=Sensor3 | EventType=application
[2026-08-15 16:00:50.644 (UTC)] info/application	[Sensor] Updated distance: 44.748699126182444 cm | Severity=75 | SourceName=Sensor3 | EventType=application
[2026-08-15 16:00:51.646 (UTC)] info/application	[Sensor] Updated distance: 43.859269608677955 cm | Severity=75 | SourceName=Sensor3 | EventType=application
[2026-08-15 16:00:52.638 (UTC)] info/application	[Sensor] Updated distance: 25.732208151245587 cm | Severity=75 | SourceName=Sensor3 | EventType=application
[2026-08-15 16:00:53.641 (UTC)] info/application	[Sensor] Updated distance: 42.718081515616774 cm | Severity=75 | SourceName=Sensor3 | EventType=application
[2026-08-15 16:00:54.643 (UTC)] info/application	[Sensor] Updated distance: 35.98856556508157 cm | Severity=75 | SourceName=Sensor3 | EventType=application
[2026-08-15 16:00:55.645 (UTC)] info/application	[Sensor] Updated distance: 42.20916501069868 cm | Severity=75 | SourceName=Sensor3 | EventType=application
[2026-08-15 16:00:56.637 (UTC)] info/application	[Sensor] Updated distance: 11.086635020136198 cm | Severity=75 | SourceName=Sensor3 | EventType=application
[2026-08-15 16:00:57.640 (UTC)] info/application	[Sensor] Updated distance: 43.49970022286274 cm | Severity=75 | SourceName=Sensor3 | EventType=application
[2026-08-15 16:00:58.641 (UTC)] info/application	[Sensor] Updated distance: 40.879655714556414 cm | Severity=75 | SourceName=Sensor3 | EventType=application
[2026-08-15 16:00:59.643 (UTC)] info/application	[Sensor] Updated distance: 7.749464693362575 cm | Severity=75 | SourceName=Sensor3 | EventType=application
[2026-08-15 16:01:00.645 (UTC)] info/application	[Sensor] Updated distance: 44.67824784418486 cm | Severity=75 | SourceName=Sensor3 | EventType=application
[2026-08-15 16:01:01.638 (UTC)] info/application	[Sensor] Updated distance: 12.111816701531325 cm | Severity=75 | SourceName=Sensor3 | EventType=application
[2026-08-15 16:01:02.641 (UTC)] info/application	[Sensor] Updated distance: 19.28494597286216 cm | Severity=75 | SourceName=Sensor3 | EventType=application
[2026-08-15 16:01:03.643 (UTC)] info/application	[Sensor] Updated distance: 26.28260329751419 cm | Severity=75 | SourceName=Sensor3 | EventType=application
[2026-08-15 16:01:04.645 (UTC)] info/application	[Sensor] Updated distance: 11.258878525932728 cm | Severity=75 | SourceName=Sensor3 | EventType=application
[2026-08-15 16:01:05.637 (UTC)] info/application	[Sensor] Updated distance: 17.643277682197876 cm | Severity=75 | SourceName=Sensor3 | EventType=application
[2026-08-15 16:01:06.639 (UTC)] info/application	[Sensor] Updated distance: 40.09949722425057 cm | Severity=75 | SourceName=Sensor3 | EventType=application
[2026-08-15 16:01:07.642 (UTC)] info/application	[Sensor] Updated distance: 18.69036623867711 cm | Severity=75 | SourceName=Sensor3 | EventType=application
[2026-08-15 16:01:08.644 (UTC)] info/application	[Sensor] Updated distance: 31.141426114896976 cm | Severity=75 | SourceName=Sensor3 | EventType=application
[2026-08-15 16:01:09.646 (UTC)] info/application	[Sensor] Updated distance: 30.87751382443938 cm | Severity=75 | SourceName=Sensor3 | EventType=application
[2026-08-15 16:01:10.637 (UTC)] info/application	[Sensor] Updated distance: 21.58442975747605 cm | Severity=75 | SourceName=Sensor3 | EventType=application
[2026-08-15 16:01:11.639 (UTC)] info/application	[Sensor] Updated distance: 36.135891483228605 cm | Severity=75 | SourceName=Sensor3 | EventType=application
[2026-08-15 16:01:12.641 (UTC)] info/application	[Sensor] Updated distance: 9.11303381953064 cm | Severity=75 | SourceName=Sensor3 | EventType=application
[2026-08-15 16:01:13.643 (UTC)] info/application	[Sensor] Updated distance: 43.8273313389287 cm | Severity=75 | SourceName=Sensor3 | EventType=application
[2026-08-15 16:01:14.646 (UTC)] info/application	[Sensor] Updated distance: 31.87154909124204 cm | Severity=75 | SourceName=Sensor3 | EventType=application
[2026-08-15 16:01:15.638 (UTC)] info/application	[Sensor] Updated distance: 23.320913175736045 cm | Severity=75 | SourceName=Sensor3 | EventType=application
[2026-08-15 16:01:16.641 (UTC)] info/application	[Sensor] Updated distance: 31.894145428153752 cm | Severity=75 | SourceName=Sensor3 | EventType=application
[2026-08-15 16:01:17.643 (UTC)] info/application	[Sensor] Updated distance: 48.771527461135534 cm | Severity=75 | SourceName=Sensor3 | EventType=application
[2026-08-15 16:01:18.644 (UTC)] info/application	[Sensor] Updated distance: 34.91503089708976 cm | Severity=75 | SourceName=Sensor3 | EventType=application
[2026-08-15 16:01:19.646 (UTC)] info/application	[Sensor] Updated distance: 42.88528673764564 cm | Severity=75 | SourceName=Sensor3 | EventType=application
[2026-08-15 16:01:20.638 (UTC)] info/application	[Sensor] Updated distance: 8.523520062921346 cm | Severity=75 | SourceName=Sensor3 | EventType=application
[2026-08-15 16:01:21.640 (UTC)] info/application	[Sensor] Updated distance: 29.663730000920467 cm | Severity=75 | SourceName=Sensor3 | EventType=application
[2026-08-15 16:01:22.642 (UTC)] info/application	[Sensor] Updated distance: 36.74455632397186 cm | Severity=75 | SourceName=Sensor3 | EventType=application
[2026-08-15 16:01:23.644 (UTC)] info/application	[Sensor] Updated distance: 32.25572821416693 cm | Severity=75 | SourceName=Sensor3 | EventType=application
[2026-08-15 16:01:24.645 (UTC)] info/application	[Sensor] Updated distance: 22.3818114941855 cm | Severity=75 | SourceName=Sensor3 | EventType=application
[2026-08-15 16:01:25.637 (UTC)] info/application	[Sensor] Updated distance: 22.733121889053432 cm | Severity=75 | SourceName=Sensor3 | EventType=application
[2026-08-15 16:01:26.639 (UTC)] info/application	[Sensor] Updated distance: 24.46489320251387 cm | Severity=75 | SourceName=Sensor3 | EventType=application
[2026-08-15 16:01:27.641 (UTC)] info/application	[Sensor] Updated distance: 31.46844653667344 cm | Severity=75 | SourceName=Sensor3 | EventType=application
[2026-08-15 16:01:28.643 (UTC)] info/application	[Sensor] Updated distance: 16.232822089564436 cm | Severity=75 | SourceName=Sensor3 | EventType=application
[2026-08-15 16:01:29.645 (UTC)] info/application	[Sensor] Updated distance: 15.344548894718544 cm | Severity=75 | SourceName=Sensor3 | EventType=application
[2026-08-15 16:01:30.637 (UTC)] info/application	[Sensor] Updated distance: 37.217911230036016 cm | Severity=75 | SourceName=Sensor3 | EventType=application
[2026-08-15 16:01:31.640 (UTC)] info/application	[Sensor] Updated distance: 10.911069933749301 cm | Severity=75 | SourceName=Sensor3 | EventType=application
[2026-08-15 16:01:32.642 (UTC)] info/application	[Sensor] Updated distance: 25.456365596249867 cm | Severity=75 | SourceName=Sensor3 | EventType=application
[2026-08-15 16:01:33.644 (UTC)] info/application	[Sensor] Updated distance: 6.502857180546437 cm | Severity=75 | SourceName=Sensor3 | EventType=application
[2026-08-15 16:01:34.646 (UTC)] info/application	[Sensor] Updated distance: 35.19367323126349 cm | Severity=75 | SourceName=Sensor3 | EventType=application
[2026-08-15 16:01:35.638 (UTC)] info/application	[Sensor] Updated distance: 34.71524414453434 cm | Severity=75 | SourceName=Sensor3 | EventType=application
[2026-08-15 16:01:36.639 (UTC)] info/application	[Sensor] Updated distance: 22.146134885096053 cm | Severity=75 | SourceName=Sensor3 | EventType=application
[2026-08-15 16:01:37.641 (UTC)] info/application	[Sensor] Updated distance: 25.293170455514066 cm | Severity=75 | SourceName=Sensor3 | EventType=application
[2026-08-15 16:01:38.643 (UTC)] info/application	[Sensor] Updated distance: 3.4056103608597117 cm | Severity=75 | SourceName=Sensor3 | EventType=application
[2026-08-15 16:01:39.645 (UTC)] info/application	[Sensor] Updated distance: 3.287560977641289 cm | Severity=75 | SourceName=Sensor3 | EventType=application
[2026-08-15 16:01:40.638 (UTC)] info/application	[Sensor] Updated distance: 6.170684257601706 cm | Severity=75 | SourceName=Sensor3 | EventType=application
[2026-08-15 16:01:41.640 (UTC)] info/application	[Sensor] Updated distance: 22.990040118335763 cm | Severity=75 | SourceName=Sensor3 | EventType=application
[2026-08-15 16:01:42.641 (UTC)] info/application	[Sensor] Updated distance: 37.42345246086989 cm | Severity=75 | SourceName=Sensor3 | EventType=application
[2026-08-15 16:01:43.643 (UTC)] info/application	[Sensor] Updated distance: 13.283718077132347 cm | Severity=75 | SourceName=Sensor3 | EventType=application
[2026-08-15 16:01:44.646 (UTC)] info/application	[Sensor] Updated distance: 16.817371434912722 cm | Severity=75 | SourceName=Sensor3 | EventType=application
[2026-08-15 16:01:45.637 (UTC)] info/application	[Sensor] Updated distance: 19.295001529760192 cm | Severity=75 | SourceName=Sensor3 | EventType=application
[2026-08-15 16:01:46.639 (UTC)] info/application	[Sensor] Updated distance: 34.604631275220136 cm | Severity=75 | SourceName=Sensor3 | EventType=application
[2026-08-15 16:01:47.642 (UTC)] info/application	[Sensor] Updated distance: 46.71151688541822 cm | Severity=75 | SourceName=Sensor3 | EventType=application
[2026-08-15 16:01:48.644 (UTC)] info/application	[Sensor] Updated distance: 18.06652896854399 cm | Severity=75 | SourceName=Sensor3 | EventType=application
[2026-08-15 16:01:49.637 (UTC)] info/application	[Sensor] Updated distance: 19.519662149958155 cm | Severity=75 | SourceName=Sensor3 | EventType=application
[2026-08-15 16:01:50.639 (UTC)] info/application	[Sensor] Updated distance: 39.59680360071212 cm | Severity=75 | SourceName=Sensor3 | EventType=application
[2026-08-15 16:01:51.641 (UTC)] info/application	[Sensor] Updated distance: 24.590049031465337 cm | Severity=75 | SourceName=Sensor3 | EventType=application
[2026-08-15 16:01:52.643 (UTC)] info/application	[Sensor] Updated distance: 47.18339215087862 cm | Severity=75 | SourceName=Sensor3 | EventType=application
[2026-08-15 16:01:53.646 (UTC)] info/application	[Sensor] Updated distance: 26.341359924683978 cm | Severity=75 | SourceName=Sensor3 | EventType=application
[2026-08-15 16:01:54.638 (UTC)] info/application	[Sensor] Updated distance: 6.845777223280527 cm | Severity=75 | SourceName=Sensor3 | EventType=application
[2026-08-15 16:01:55.639 (UTC)] info/application	[Sensor] Updated distance: 19.565203645064123 cm | Severity=75 | SourceName=Sensor3 | EventType=application
[2026-08-15 16:01:56.640 (UTC)] info/application	[Sensor] Updated distance: 47.074481813737414 cm | Severity=75 | SourceName=Sensor3 | EventType=application
[2026-08-15 16:01:57.642 (UTC)] info/application	[Sensor] Updated distance: 29.3106704257944 cm | Severity=75 | SourceName=Sensor3 | EventType=application
[2026-08-15 16:01:58.644 (UTC)] info/application	[Sensor] Updated distance: 49.03365018173756 cm | Severity=75 | SourceName=Sensor3 | EventType=application
[2026-08-15 16:01:59.645 (UTC)] info/application	[Sensor] Updated distance: 13.307303880950112 cm | Severity=75 | SourceName=Sensor3 | EventType=application
[2026-08-15 16:02:00.637 (UTC)] info/application	[Sensor] Updated distance: 42.65521934286468 cm | Severity=75 | SourceName=Sensor3 | EventType=application
[2026-08-15 16:02:01.639 (UTC)] info/application	[Sensor] Updated distance: 36.25156138942184 cm | Severity=75 | SourceName=Sensor3 | EventType=application
[2026-08-15 16:02:02.642 (UTC)] info/application	[Sensor] Updated distance: 22.21837381469941 cm | Severity=75 | SourceName=Sensor3 | EventType=application
[2026-08-15 16:02:03.645 (UTC)] info/application	[Sensor] Updated distance: 18.111584916762812 cm | Severity=75 | SourceName=Sensor3 | EventType=application
[2026-08-15 16:02:04.638 (UTC)] info/application	[Sensor] Updated distance: 40.754418592320015 cm | Severity=75 | SourceName=Sensor3 | EventType=application
[2026-08-15 16:02:05.642 (UTC)] info/application	[Sensor] Updated distance: 7.412047045962907 cm | Severity=75 | SourceName=Sensor3 | EventType=application
[2026-08-15 16:02:06.646 (UTC)] info/application	[Sensor] Updated distance: 2.8268290389454127 cm | Severity=75 | SourceName=Sensor3 | EventType=application
[2026-08-15 16:02:07.640 (UTC)] info/application	[Sensor] Updated distance: 12.90055345506433 cm | Severity=75 | SourceName=Sensor3 | EventType=application
[2026-08-15 16:02:08.644 (UTC)] info/application	[Sensor] Updated distance: 30.705217501476973 cm | Severity=75 | SourceName=Sensor3 | EventType=application
[2026-08-15 16:02:09.639 (UTC)] info/application	[Sensor] Updated distance: 4.232439422156866 cm | Severity=75 | SourceName=Sensor3 | EventType=application
[2026-08-15 16:02:10.643 (UTC)] info/application	[Sensor] Updated distance: 14.18811443270562 cm | Severity=75 | SourceName=Sensor3 | EventType=application
[2026-08-15 16:02:11.638 (UTC)] info/application	[Sensor] Updated distance: 34.87590175907868 cm | Severity=75 | SourceName=Sensor3 | EventType=application
[2026-08-15 16:02:12.641 (UTC)] info/application	[Sensor] Updated distance: 25.22247954049263 cm | Severity=75 | SourceName=Sensor3 | EventType=application
[2026-08-15 16:02:13.645 (UTC)] info/application	[Sensor] Updated distance: 49.61156689357551 cm | Severity=75 | SourceName=Sensor3 | EventType=application
[2026-08-15 16:02:14.638 (UTC)] info/application	[Sensor] Updated distance: 46.15961985856277 cm | Severity=75 | SourceName=Sensor3 | EventType=application
[2026-08-15 16:02:15.641 (UTC)] info/application	[Sensor] Updated distance: 40.03985099775709 cm | Severity=75 | SourceName=Sensor3 | EventType=application
[2026-08-15 16:02:16.644 (UTC)] info/application	[Sensor] Updated distance: 18.90656840098396 cm | Severity=75 | SourceName=Sensor3 | EventType=application
[2026-08-15 16:02:17.637 (UTC)] info/application	[Sensor] Updated distance: 30.76425111143116 cm | Severity=75 | SourceName=Sensor3 | EventType=application
[2026-08-15 16:02:18.639 (UTC)] info/application	[Sensor] Updated distance: 36.75136786082357 cm | Severity=75 | SourceName=Sensor3 | EventType=application
[2026-08-15 16:02:19.644 (UTC)] info/application	[Sensor] Updated distance: 34.9730973918797 cm | Severity=75 | SourceName=Sensor3 | EventType=application
[2026-08-15 16:02:20.637 (UTC)] info/application	[Sensor] Updated distance: 48.283913261389316 cm | Severity=75 | SourceName=Sensor3 | EventType=application
[2026-08-15 16:02:21.640 (UTC)] info/application	[Sensor] Updated distance: 26.348171439183954 cm | Severity=75 | SourceName=Sensor3 | EventType=application
[2026-08-15 16:02:22.643 (UTC)] info/application	[Sensor] Updated distance: 9.563146400993292 cm | Severity=75 | SourceName=Sensor3 | EventType=application
[2026-08-15 16:02:23.646 (UTC)] info/application	[Sensor] Updated distance: 45.4673053899162 cm | Severity=75 | SourceName=Sensor3 | EventType=application
[2026-08-15 16:02:24.639 (UTC)] info/application	[Sensor] Updated distance: 2.6895313415161946 cm | Severity=75 | SourceName=Sensor3 | EventType=application
[2026-08-15 16:02:25.639 (UTC)] info/application	[Sensor] Updated distance: 14.40892364662556 cm | Severity=75 | SourceName=Sensor3 | EventType=application
[2026-08-15 16:02:26.643 (UTC)] info/application	[Sensor] Updated distance: 15.032509012628584 cm | Severity=75 | SourceName=Sensor3 | EventType=application
[2026-08-15 16:02:27.646 (UTC)] info/application	[Sensor] Updated distance: 47.76401315525361 cm | Severity=75 | SourceName=Sensor3 | EventType=application
[2026-08-15 16:02:28.638 (UTC)] info/application	[Sensor] Updated distance: 41.71959407241996 cm | Severity=75 | SourceName=Sensor3 | EventType=application
[2026-08-15 16:02:29.640 (UTC)] info/application	[Sensor] Updated distance: 14.066159172014407 cm | Severity=75 | SourceName=Sensor3 | EventType=application
[2026-08-15 16:02:30.640 (UTC)] info/application	[Sensor] Updated distance: 11.071317036203721 cm | Severity=75 | SourceName=Sensor3 | EventType=application
[2026-08-15 16:02:31.642 (UTC)] info/application	[Sensor] Updated distance: 34.37481339293291 cm | Severity=75 | SourceName=Sensor3 | EventType=application
[2026-08-15 16:02:32.645 (UTC)] info/application	[Sensor] Updated distance: 48.31772058378799 cm | Severity=75 | SourceName=Sensor3 | EventType=application
[2026-08-15 16:02:33.646 (UTC)] info/application	[Sensor] Updated distance: 31.289690850903135 cm | Severity=75 | SourceName=Sensor3 | EventType=application
[2026-08-15 16:02:34.638 (UTC)] info/application	[Sensor] Updated distance: 2.48639830969572 cm | Severity=75 | SourceName=Sensor3 | EventType=application
[2026-08-15 16:02:35.641 (UTC)] info/application	[Sensor] Updated distance: 39.07213915375626 cm | Severity=75 | SourceName=Sensor3 | EventType=application
[2026-08-15 16:02:36.643 (UTC)] info/application	[Sensor] Updated distance: 36.70173789686604 cm | Severity=75 | SourceName=Sensor3 | EventType=application
[2026-08-15 16:02:37.645 (UTC)] info/application	[Sensor] Updated distance: 3.3132273486411323 cm | Severity=75 | SourceName=Sensor3 | EventType=application
[2026-08-15 16:02:38.637 (UTC)] info/application	[Sensor] Updated distance: 49.972692608820594 cm | Severity=75 | SourceName=Sensor3 | EventType=application
[2026-08-15 16:02:39.639 (UTC)] info/application	[Sensor] Updated distance: 17.406955375991274 cm | Severity=75 | SourceName=Sensor3 | EventType=application
[2026-08-15 16:02:40.641 (UTC)] info/application	[Sensor] Updated distance: 5.5456667707979985 cm | Severity=75 | SourceName=Sensor3 | EventType=application
[2026-08-15 16:02:41.644 (UTC)] info/application	[Sensor] Updated distance: 14.160807019174474 cm | Severity=75 | SourceName=Sensor3 | EventType=application
[2026-08-15 16:02:42.645 (UTC)] info/application	[Sensor] Updated distance: 2.2828571350699556 cm | Severity=75 | SourceName=Sensor3 | EventType=application
[2026-08-15 16:02:43.637 (UTC)] info/application	[Sensor] Updated distance: 28.76814633364237 cm | Severity=75 | SourceName=Sensor3 | EventType=application
[2026-08-15 16:02:44.639 (UTC)] info/application	[Sensor] Updated distance: 13.772373890398244 cm | Severity=75 | SourceName=Sensor3 | EventType=application
[2026-08-15 16:02:45.641 (UTC)] info/application	[Sensor] Updated distance: 46.442476993632724 cm | Severity=75 | SourceName=Sensor3 | EventType=application
[2026-08-15 16:02:46.644 (UTC)] info/application	[Sensor] Updated distance: 18.807997309047728 cm | Severity=75 | SourceName=Sensor3 | EventType=application
[2026-08-15 16:02:47.636 (UTC)] info/application	[Sensor] Updated distance: 30.678942291382207 cm | Severity=75 | SourceName=Sensor3 | EventType=application
[2026-08-15 16:02:48.639 (UTC)] info/application	[Sensor] Updated distance: 27.206728082712146 cm | Severity=75 | SourceName=Sensor3 | EventType=application
[2026-08-15 16:02:49.642 (UTC)] info/application	[Sensor] Updated distance: 5.559365147519561 cm | Severity=75 | SourceName=Sensor3 | EventType=application
[2026-08-15 16:02:50.644 (UTC)] info/application	[Sensor] Updated distance: 15.652039660910162 cm | Severity=75 | SourceName=Sensor3 | EventType=application
[2026-08-15 16:02:51.171 (UTC)] info/session	[System] TCP 17	| SC 2	| Session "ns=1;g=61b1444b-3c5f-e958-0000-c05c90c91c91"	| WriteRequest returned status code BadUserAccessDenied | Severity=75 | SourceName=System | EventType=session
[2026-08-15 16:02:51.646 (UTC)] info/application	[Sensor] Updated distance: 25.490641321749724 cm | Severity=75 | SourceName=Sensor3 | EventType=application
[2026-08-15 16:02:52.638 (UTC)] info/application	[Sensor] Updated distance: 29.907536586703515 cm | Severity=75 | SourceName=Sensor3 | EventType=application
[2026-08-15 16:02:53.641 (UTC)] info/application	[Sensor] Updated distance: 23.215186084255198 cm | Severity=75 | SourceName=Sensor3 | EventType=application
[2026-08-15 16:02:54.643 (UTC)] info/application	[Sensor] Updated distance: 20.957946689314184 cm | Severity=75 | SourceName=Sensor3 | EventType=application
[2026-08-15 16:02:55.645 (UTC)] info/application	[Sensor] Updated distance: 30.59706795057145 cm | Severity=75 | SourceName=Sensor3 | EventType=application
[2026-08-15 16:02:56.637 (UTC)] info/application	[Sensor] Updated distance: 35.624109730880754 cm | Severity=75 | SourceName=Sensor3 | EventType=application
[2026-08-15 16:02:57.640 (UTC)] info/application	[Sensor] Updated distance: 33.990455724294506 cm | Severity=75 | SourceName=Sensor3 | EventType=application
[2026-08-15 16:02:58.642 (UTC)] info/application	[Sensor] Updated distance: 28.36108108347332 cm | Severity=75 | SourceName=Sensor3 | EventType=application
[2026-08-15 16:02:59.645 (UTC)] info/application	[Sensor] Updated distance: 27.343703780948978 cm | Severity=75 | SourceName=Sensor3 | EventType=application
[2026-08-15 16:03:00.637 (UTC)] info/application	[Sensor] Updated distance: 46.056614896308915 cm | Severity=75 | SourceName=Sensor3 | EventType=application
[2026-08-15 16:03:01.640 (UTC)] info/application	[Sensor] Updated distance: 37.43239811967704 cm | Severity=75 | SourceName=Sensor3 | EventType=application
[2026-08-15 16:03:02.642 (UTC)] info/application	[Sensor] Updated distance: 11.718517173881883 cm | Severity=75 | SourceName=Sensor3 | EventType=application
[2026-08-15 16:03:03.644 (UTC)] info/application	[Sensor] Updated distance: 44.37433545774516 cm | Severity=75 | SourceName=Sensor3 | EventType=application
[2026-08-15 16:03:04.646 (UTC)] info/application	[Sensor] Updated distance: 18.722088970580177 cm | Severity=75 | SourceName=Sensor3 | EventType=application
[2026-08-15 16:03:05.638 (UTC)] info/application	[Sensor] Updated distance: 12.204915483577603 cm | Severity=75 | SourceName=Sensor3 | EventType=application
[2026-08-15 16:03:06.640 (UTC)] info/application	[Sensor] Updated distance: 33.44647458914969 cm | Severity=75 | SourceName=Sensor3 | EventType=application
[2026-08-15 16:03:07.643 (UTC)] info/application	[Sensor] Updated distance: 5.423826845094481 cm | Severity=75 | SourceName=Sensor3 | EventType=application
[2026-08-15 16:03:08.645 (UTC)] info/application	[Sensor] Updated distance: 13.518142832218736 cm | Severity=75 | SourceName=Sensor3 | EventType=application
[2026-08-15 16:03:09.637 (UTC)] info/application	[Sensor] Updated distance: 33.41916717561854 cm | Severity=75 | SourceName=Sensor3 | EventType=application
[2026-08-15 16:03:10.639 (UTC)] info/application	[Sensor] Updated distance: 20.830782243437497 cm | Severity=75 | SourceName=Sensor3 | EventType=application
[2026-08-15 16:03:11.642 (UTC)] info/application	[Sensor] Updated distance: 17.063809625368478 cm | Severity=75 | SourceName=Sensor3 | EventType=application
[2026-08-15 16:03:12.643 (UTC)] info/application	[Sensor] Updated distance: 45.57997419479302 cm | Severity=75 | SourceName=Sensor3 | EventType=application
[2026-08-15 16:03:13.645 (UTC)] info/application	[Sensor] Updated distance: 21.113639378507454 cm | Severity=75 | SourceName=Sensor3 | EventType=application
[2026-08-15 16:03:14.637 (UTC)] info/application	[Sensor] Updated distance: 43.83195595901085 cm | Severity=75 | SourceName=Sensor3 | EventType=application
[2026-08-15 16:03:15.639 (UTC)] info/application	[Sensor] Updated distance: 9.352348062839521 cm | Severity=75 | SourceName=Sensor3 | EventType=application
[2026-08-15 16:03:16.641 (UTC)] info/application	[Sensor] Updated distance: 17.556116349788436 cm | Severity=75 | SourceName=Sensor3 | EventType=application
[2026-08-15 16:03:17.643 (UTC)] info/application	[Sensor] Updated distance: 12.639953245706835 cm | Severity=75 | SourceName=Sensor3 | EventType=application
[2026-08-15 16:03:18.645 (UTC)] info/application	[Sensor] Updated distance: 38.031290376573466 cm | Severity=75 | SourceName=Sensor3 | EventType=application
[2026-08-15 16:03:19.637 (UTC)] info/application	[Sensor] Updated distance: 42.76284443250058 cm | Severity=75 | SourceName=Sensor3 | EventType=application
[2026-08-15 16:03:20.638 (UTC)] info/application	[Sensor] Updated distance: 16.199318393226395 cm | Severity=75 | SourceName=Sensor3 | EventType=application
[2026-08-15 16:03:21.639 (UTC)] info/application	[Sensor] Updated distance: 3.6833300151318915 cm | Severity=75 | SourceName=Sensor3 | EventType=application
[2026-08-15 16:03:22.641 (UTC)] info/application	[Sensor] Updated distance: 18.253485731898568 cm | Severity=75 | SourceName=Sensor3 | EventType=application
[2026-08-15 16:03:23.643 (UTC)] info/application	[Sensor] Updated distance: 44.10685497992991 cm | Severity=75 | SourceName=Sensor3 | EventType=application
[2026-08-15 16:03:24.644 (UTC)] info/application	[Sensor] Updated distance: 24.898516099387088 cm | Severity=75 | SourceName=Sensor3 | EventType=application
[2026-08-15 16:03:25.646 (UTC)] info/application	[Sensor] Updated distance: 37.21143242121275 cm | Severity=75 | SourceName=Sensor3 | EventType=application
[2026-08-15 16:03:26.638 (UTC)] info/application	[Sensor] Updated distance: 24.70392290814962 cm | Severity=75 | SourceName=Sensor3 | EventType=application
[2026-08-15 16:03:27.640 (UTC)] info/application	[Sensor] Updated distance: 10.522625807916105 cm | Severity=75 | SourceName=Sensor3 | EventType=application
[2026-08-15 16:03:28.642 (UTC)] info/application	[Sensor] Updated distance: 21.20188812315552 cm | Severity=75 | SourceName=Sensor3 | EventType=application
[2026-08-15 16:03:29.644 (UTC)] info/application	[Sensor] Updated distance: 3.0650039916229455 cm | Severity=75 | SourceName=Sensor3 | EventType=application
[2026-08-15 16:03:30.646 (UTC)] info/application	[Sensor] Updated distance: 35.86632961121683 cm | Severity=75 | SourceName=Sensor3 | EventType=application
[2026-08-15 16:03:31.638 (UTC)] info/application	[Sensor] Updated distance: 17.258503019464435 cm | Severity=75 | SourceName=Sensor3 | EventType=application
[2026-08-15 16:03:32.639 (UTC)] info/application	[Sensor] Updated distance: 38.497402111299984 cm | Severity=75 | SourceName=Sensor3 | EventType=application
[2026-08-15 16:03:33.645 (UTC)] info/application	[Sensor] Updated distance: 45.584846785098705 cm | Severity=75 | SourceName=Sensor3 | EventType=application
[2026-08-15 16:03:34.639 (UTC)] info/application	[Sensor] Updated distance: 11.63283845485786 cm | Severity=75 | SourceName=Sensor3 | EventType=application
[2026-08-15 16:03:35.645 (UTC)] info/application	[Sensor] Updated distance: 7.219491059528426 cm | Severity=75 | SourceName=Sensor3 | EventType=application
[2026-08-15 16:03:36.640 (UTC)] info/application	[Sensor] Updated distance: 7.78976224632457 cm | Severity=75 | SourceName=Sensor3 | EventType=application
[2026-08-15 16:03:37.642 (UTC)] info/application	[Sensor] Updated distance: 43.07931306635929 cm | Severity=75 | SourceName=Sensor3 | EventType=application
[2026-08-15 16:03:38.645 (UTC)] info/application	[Sensor] Updated distance: 10.64331792697465 cm | Severity=75 | SourceName=Sensor3 | EventType=application
[2026-08-15 16:03:39.638 (UTC)] info/application	[Sensor] Updated distance: 19.307905078543303 cm | Severity=75 | SourceName=Sensor3 | EventType=application
[2026-08-15 16:03:40.640 (UTC)] info/application	[Sensor] Updated distance: 26.49848021962609 cm | Severity=75 | SourceName=Sensor3 | EventType=application
[2026-08-15 16:03:41.642 (UTC)] info/application	[Sensor] Updated distance: 29.474100170412147 cm | Severity=75 | SourceName=Sensor3 | EventType=application
[2026-08-15 16:03:42.643 (UTC)] info/application	[Sensor] Updated distance: 34.37171470391178 cm | Severity=75 | SourceName=Sensor3 | EventType=application
[2026-08-15 16:03:43.645 (UTC)] info/application	[Sensor] Updated distance: 22.07845441441911 cm | Severity=75 | SourceName=Sensor3 | EventType=application
[2026-08-15 16:03:44.646 (UTC)] info/application	[Sensor] Updated distance: 48.5877395489196 cm | Severity=75 | SourceName=Sensor3 | EventType=application
[2026-08-15 16:03:45.638 (UTC)] info/application	[Sensor] Updated distance: 28.203670640570888 cm | Severity=75 | SourceName=Sensor3 | EventType=application
[2026-08-15 16:03:46.640 (UTC)] info/application	[Sensor] Updated distance: 29.43080247725863 cm | Severity=75 | SourceName=Sensor3 | EventType=application
[2026-08-15 16:03:47.642 (UTC)] info/application	[Sensor] Updated distance: 16.143855876356298 cm | Severity=75 | SourceName=Sensor3 | EventType=application
[2026-08-15 16:03:48.644 (UTC)] info/application	[Sensor] Updated distance: 38.84362388627772 cm | Severity=75 | SourceName=Sensor3 | EventType=application
[2026-08-15 16:03:49.637 (UTC)] info/application	[Sensor] Updated distance: 17.46209283148036 cm | Severity=75 | SourceName=Sensor3 | EventType=application
[2026-08-15 16:03:50.640 (UTC)] info/application	[Sensor] Updated distance: 8.906700286505139 cm | Severity=75 | SourceName=Sensor3 | EventType=application
[2026-08-15 16:03:51.643 (UTC)] info/application	[Sensor] Updated distance: 5.042942257152378 cm | Severity=75 | SourceName=Sensor3 | EventType=application
[2026-08-15 16:03:52.646 (UTC)] info/application	[Sensor] Updated distance: 19.145422868963994 cm | Severity=75 | SourceName=Sensor3 | EventType=application
[2026-08-15 16:03:53.639 (UTC)] info/application	[Sensor] Updated distance: 25.160186018403706 cm | Severity=75 | SourceName=Sensor3 | EventType=application
[2026-08-15 16:03:54.643 (UTC)] info/application	[Sensor] Updated distance: 47.14979725943403 cm | Severity=75 | SourceName=Sensor3 | EventType=application
[2026-08-15 16:03:55.647 (UTC)] info/application	[Sensor] Updated distance: 42.04393896835108 cm | Severity=75 | SourceName=Sensor3 | EventType=application
[2026-08-15 16:03:56.640 (UTC)] info/application	[Sensor] Updated distance: 12.371618417264715 cm | Severity=75 | SourceName=Sensor3 | EventType=application
[2026-08-15 16:03:57.644 (UTC)] info/application	[Sensor] Updated distance: 21.85372014523191 cm | Severity=75 | SourceName=Sensor3 | EventType=application
[2026-08-15 16:03:58.637 (UTC)] info/application	[Sensor] Updated distance: 2.566564776267188 cm | Severity=75 | SourceName=Sensor3 | EventType=application
[2026-08-15 16:03:59.641 (UTC)] info/application	[Sensor] Updated distance: 31.573506562771975 cm | Severity=75 | SourceName=Sensor3 | EventType=application
[2026-08-15 16:04:00.644 (UTC)] info/application	[Sensor] Updated distance: 22.91872413685486 cm | Severity=75 | SourceName=Sensor3 | EventType=application
[2026-08-15 16:04:01.638 (UTC)] info/application	[Sensor] Updated distance: 36.43289438748401 cm | Severity=75 | SourceName=Sensor3 | EventType=application
[2026-08-15 16:04:02.641 (UTC)] info/application	[Sensor] Updated distance: 46.83200958223641 cm | Severity=75 | SourceName=Sensor3 | EventType=application
[2026-08-15 16:04:03.646 (UTC)] info/application	[Sensor] Updated distance: 11.416126248154848 cm | Severity=75 | SourceName=Sensor3 | EventType=application
[2026-08-15 16:04:04.639 (UTC)] info/application	[Sensor] Updated distance: 32.017741150230975 cm | Severity=75 | SourceName=Sensor3 | EventType=application
[2026-08-15 16:04:05.643 (UTC)] info/application	[Sensor] Updated distance: 8.46484801474253 cm | Severity=75 | SourceName=Sensor3 | EventType=application
[2026-08-15 16:04:06.646 (UTC)] info/application	[Sensor] Updated distance: 16.635617307683276 cm | Severity=75 | SourceName=Sensor3 | EventType=application
[2026-08-15 16:04:07.639 (UTC)] info/application	[Sensor] Updated distance: 37.807503396555546 cm | Severity=75 | SourceName=Sensor3 | EventType=application
[2026-08-15 16:04:08.643 (UTC)] info/application	[Sensor] Updated distance: 49.54416108110182 cm | Severity=75 | SourceName=Sensor3 | EventType=application
[2026-08-15 16:04:09.637 (UTC)] info/application	[Sensor] Updated distance: 25.278935234657922 cm | Severity=75 | SourceName=Sensor3 | EventType=application
[2026-08-15 16:04:10.641 (UTC)] info/application	[Sensor] Updated distance: 7.115408452747114 cm | Severity=75 | SourceName=Sensor3 | EventType=application
[2026-08-15 16:04:11.645 (UTC)] info/application	[Sensor] Updated distance: 26.04264130072791 cm | Severity=75 | SourceName=Sensor3 | EventType=application
[2026-08-15 16:04:12.638 (UTC)] info/application	[Sensor] Updated distance: 4.75303538271833 cm | Severity=75 | SourceName=Sensor3 | EventType=application
[2026-08-15 16:04:13.641 (UTC)] info/application	[Sensor] Updated distance: 39.48712317901064 cm | Severity=75 | SourceName=Sensor3 | EventType=application
[2026-08-15 16:04:14.026 (UTC)] info/session	[System] TCP 17	| SC 2	| Session "ns=1;g=61b1444b-3c5f-e958-0000-c05c90c91c91"	| Closing the Session | Severity=75 | SourceName=System