[SPOOF] Connecting to aggregation_server@4840 (anonymous, no auth)...
[2026-08-17 00:47:07.810 (UTC+0800)] [32minfo/network[0m	TCP 8	| Opening a connection to "127.0.0.1" on port 4840
[2026-08-17 00:47:08.280 (UTC+0800)] [32minfo/channel[0m	TCP 8	| SC 9	| SecureChannel opened with SecurityMode None for SecurityPolicy http://opcfoundation.org/UA/SecurityPolicy#None and a revised lifetime of 600.0s
[2026-08-17 00:47:08.280 (UTC+0800)] [32minfo/client[0m	Client Status: ChannelState: Open, SessionState: Closed, ConnectStatus: Good
[2026-08-17 00:47:08.280 (UTC+0800)] [32minfo/client[0m	The initially defined EndpointURL opc.tcp://127.0.0.1:4840 is valid for the server
[2026-08-17 00:47:08.283 (UTC+0800)] [33mwarn/client[0m	The server returned Endpoints with a different EndpointUrl opc.tcp://MSI:4840 than was used to initialize the connection: opc.tcp://127.0.0.1:4840. Some servers require a complete match of the EndpointUrl/DiscoveryUrl (including the path) to return all endpoints.
[2026-08-17 00:47:08.283 (UTC+0800)] [32minfo/client[0m	Endpoint 0: Best endpoint so far with UserTokenPolicy open62541-anonymous-policy-none#None
[2026-08-17 00:47:08.283 (UTC+0800)] [32minfo/client[0m	Endpoint 0 selected with SecurityMode None, SecurityPolicy http://opcfoundation.org/UA/SecurityPolicy#None and UserTokenPolicy open62541-anonymous-policy-none#None
[2026-08-17 00:47:08.283 (UTC+0800)] [32minfo/client[0m	CreateSession: Using UserTokenPolicy open62541-anonymous-policy-none#None
[2026-08-17 00:47:08.287 (UTC+0800)] [32minfo/client[0m	Client Status: ChannelState: Open, SessionState: Created, ConnectStatus: Good
[2026-08-17 00:47:08.287 (UTC+0800)] [32minfo/client[0m	ActivateSession: Using UserTokenPolicy open62541-anonymous-policy-none#None
[2026-08-17 00:47:08.287 (UTC+0800)] [32minfo/client[0m	Client Status: ChannelState: Open, SessionState: Activated, ConnectStatus: Good
[SPOOF] Connected. Lurking for 300 s, sparsely injecting 5 fake logs...
[SPOOF] t=11s injected (as Sensor): [2026-08-16 16:47:19.104 (UTC)] info/application	[Sensor] Updated distance: 28.9398288330714 cm | Severity=75 | SourceName=Sensor | EventType=application
[SPOOF] t=36s injected (as Sensor): [2026-08-16 16:47:44.138 (UTC)] info/application	[Sensor] Updated distance: 13.0648561469581 cm | Severity=75 | SourceName=Sensor | EventType=application
[SPOOF] t=103s injected (as Sensor): [2026-08-16 16:48:51.011 (UTC)] info/application	[Sensor] Updated distance: 29.227446375055 cm | Severity=75 | SourceName=Sensor | EventType=application
[SPOOF] t=125s injected (as Sensor): [2026-08-16 16:49:13.034 (UTC)] info/application	[Sensor] Updated distance: 21.2777336851124 cm | Severity=75 | SourceName=Sensor | EventType=application
[SPOOF] t=128s injected (as Sensor): [2026-08-16 16:49:16.038 (UTC)] info/application	[Sensor] Updated distance: 34.2473156602342 cm | Severity=75 | SourceName=Sensor | EventType=application
[SPOOF] Done (5/5 injected). Disconnecting.
[2026-08-17 00:52:08.154 (UTC+0800)] [32minfo/channel[0m	TCP 8	| SC 9	| SecureChannel closed
[2026-08-17 00:52:08.154 (UTC+0800)] [32minfo/client[0m	Client Status: ChannelState: Closed, SessionState: Closed, ConnectStatus: BadConnectionClosed
[2026-08-17 00:52:08.154 (UTC+0800)] [32minfo/network[0m	TCP 8	| Socket closed
