[agg] 授權來源：SensorSource1..3 + MotorSource1..3
[2026-08-17 03:08:21.204 (UTC+0800)] [33mwarn/server[0m	AccessControl: Unconfigured AccessControl. Users have all permissions.
[2026-08-17 03:08:21.204 (UTC+0800)] [32minfo/server[0m	AccessControl: Anonymous login is enabled
[2026-08-17 03:08:21.204 (UTC+0800)] [33mwarn/server[0m	x509 Certificate Authentication configured, but no encrypting SecurityPolicy. This can leak credentials on the network.
[2026-08-17 03:08:21.240 (UTC+0800)] [33mwarn/application[0m	ServerUrls already set. Overriding.
[2026-08-17 03:08:21.240 (UTC+0800)] [33mwarn/server[0m	AccessControl: Unconfigured AccessControl. Users have all permissions.
[2026-08-17 03:08:21.240 (UTC+0800)] [32minfo/server[0m	AccessControl: Anonymous login is enabled
[2026-08-17 03:08:21.240 (UTC+0800)] [33mwarn/server[0m	x509 Certificate Authentication configured, but no encrypting SecurityPolicy. This can leak credentials on the network.
[2026-08-17 03:08:21.240 (UTC+0800)] [33mwarn/server[0m	x509 Certificate Authentication configured, but no encrypting SecurityPolicy. This can leak credentials on the network.
[2026-08-17 03:08:21.240 (UTC+0800)] [32minfo/network[0m	TCP	| Listening on all interfaces
[2026-08-17 03:08:21.256 (UTC+0800)] [32minfo/network[0m	TCP 8	| Creating listen socket for "0.0.0.0" (with local hostname "MSI") on port 4840
[2026-08-17 03:08:21.256 (UTC+0800)] [32minfo/server[0m	New DiscoveryUrl added: opc.tcp://MSI:4840
[2026-08-17 03:08:21.256 (UTC+0800)] [32minfo/network[0m	TCP 9	| Creating listen socket for "::" (with local hostname "MSI") on port 4840
[2026-08-17 03:08:21.256 (UTC+0800)] [32minfo/application[0m	Aggregation Server started (port 4840)
[2026-08-17 03:08:21.756 (UTC+0800)] [32minfo/network[0m	TCP 15	| Opening a connection to "127.0.0.1" on port 4842
[2026-08-17 03:08:22.241 (UTC+0800)] [32minfo/network[0m	TCP 15	| The connection closes with error 111
[2026-08-17 03:08:22.741 (UTC+0800)] [32minfo/channel[0m	TCP 15	| SC 0	| SecureChannel closed
[2026-08-17 03:08:22.741 (UTC+0800)] [31merror/client[0m	Could not open a TCP connection to the Endpoint at opc.tcp://127.0.0.1:4842
[2026-08-17 03:08:22.741 (UTC+0800)] [32minfo/client[0m	Client Status: ChannelState: Closed, SessionState: Closed, ConnectStatus: BadConnectionRejected
[2026-08-17 03:08:22.741 (UTC+0800)] [32minfo/network[0m	TCP 15	| Socket closed
[2026-08-17 03:08:24.241 (UTC+0800)] [32minfo/network[0m	TCP 15	| Opening a connection to "127.0.0.1" on port 4842
[2026-08-17 03:08:24.257 (UTC+0800)] [32minfo/network[0m	TCP 16	| Connection opened from "127.0.0.1" via the server socket 8
[2026-08-17 03:08:24.257 (UTC+0800)] [32minfo/channel[0m	TCP 16	| SC 1	| SecureChannel created
[2026-08-17 03:08:24.257 (UTC+0800)] [32minfo/network[0m	TCP 15	| The connection closes with error 111
[2026-08-17 03:08:24.257 (UTC+0800)] [32minfo/channel[0m	TCP 15	| SC 0	| SecureChannel closed
[2026-08-17 03:08:24.257 (UTC+0800)] [31merror/client[0m	Could not open a TCP connection to the Endpoint at opc.tcp://127.0.0.1:4842
[2026-08-17 03:08:24.257 (UTC+0800)] [32minfo/client[0m	Client Status: ChannelState: Closed, SessionState: Closed, ConnectStatus: BadConnectionRejected
[2026-08-17 03:08:24.257 (UTC+0800)] [32minfo/network[0m	TCP 15	| Socket closed
[2026-08-17 03:08:24.257 (UTC+0800)] [32minfo/channel[0m	TCP 16	| SC 1	| OpenSecureChannel: Channel opened with SecurityMode None for SecurityPolicy http://opcfoundation.org/UA/SecurityPolicy#None and a revised lifetime of 600.0s
[2026-08-17 03:08:24.257 (UTC+0800)] [32minfo/network[0m	TCP 15	| Connection opened from "127.0.0.1" via the server socket 8
[2026-08-17 03:08:24.257 (UTC+0800)] [32minfo/channel[0m	TCP 15	| SC 2	| SecureChannel created
[2026-08-17 03:08:24.257 (UTC+0800)] [33mwarn/client[0m	Removing a UserTokenPolicy that would allow the password to be transmitted without encryption (Can be enabled via config->allowNonePolicyPassword)
[2026-08-17 03:08:24.257 (UTC+0800)] [33mwarn/client[0m	Removing a UserTokenPolicy that would allow the password to be transmitted without encryption (Can be enabled via config->allowNonePolicyPassword)
[2026-08-17 03:08:24.258 (UTC+0800)] [32minfo/channel[0m	TCP 15	| SC 2	| OpenSecureChannel: Channel opened with SecurityMode None for SecurityPolicy http://opcfoundation.org/UA/SecurityPolicy#None and a revised lifetime of 600.0s
[2026-08-17 03:08:24.258 (UTC+0800)] [33mwarn/client[0m	Removing a UserTokenPolicy that would allow the password to be transmitted without encryption (Can be enabled via config->allowNonePolicyPassword)
[2026-08-17 03:08:24.258 (UTC+0800)] [33mwarn/client[0m	Removing a UserTokenPolicy that would allow the password to be transmitted without encryption (Can be enabled via config->allowNonePolicyPassword)
[2026-08-17 03:08:24.259 (UTC+0800)] [32minfo/session[0m	TCP 16	| SC 1	| Session "SensorSource2"	| Session created
[2026-08-17 03:08:24.259 (UTC+0800)] [32minfo/network[0m	TCP 17	| Connection opened from "127.0.0.1" via the server socket 8
[2026-08-17 03:08:24.259 (UTC+0800)] [32minfo/channel[0m	TCP 17	| SC 3	| SecureChannel created
[2026-08-17 03:08:24.259 (UTC+0800)] [33mwarn/client[0m	Removing a UserTokenPolicy that would allow the password to be transmitted without encryption (Can be enabled via config->allowNonePolicyPassword)
[2026-08-17 03:08:24.259 (UTC+0800)] [33mwarn/client[0m	Removing a UserTokenPolicy that would allow the password to be transmitted without encryption (Can be enabled via config->allowNonePolicyPassword)
[2026-08-17 03:08:24.259 (UTC+0800)] [32minfo/session[0m	TCP 16	| SC 1	| Session "SensorSource2"	| ActivateSession: Session activated with ClientUserId ""
[2026-08-17 03:08:24.259 (UTC+0800)] [33mwarn/client[0m	Removing a UserTokenPolicy that would allow the password to be transmitted without encryption (Can be enabled via config->allowNonePolicyPassword)
[2026-08-17 03:08:24.259 (UTC+0800)] [33mwarn/client[0m	Removing a UserTokenPolicy that would allow the password to be transmitted without encryption (Can be enabled via config->allowNonePolicyPassword)
[2026-08-17 03:08:24.260 (UTC+0800)] [32minfo/session[0m	TCP 15	| SC 2	| Session "SensorSource3"	| Session created
[2026-08-17 03:08:24.260 (UTC+0800)] [32minfo/channel[0m	TCP 17	| SC 3	| OpenSecureChannel: Channel opened with SecurityMode None for SecurityPolicy http://opcfoundation.org/UA/SecurityPolicy#None and a revised lifetime of 600.0s
[2026-08-17 03:08:24.260 (UTC+0800)] [32minfo/session[0m	TCP 15	| SC 2	| Session "SensorSource3"	| ActivateSession: Session activated with ClientUserId ""
[2026-08-17 03:08:24.260 (UTC+0800)] [33mwarn/client[0m	Removing a UserTokenPolicy that would allow the password to be transmitted without encryption (Can be enabled via config->allowNonePolicyPassword)
[2026-08-17 03:08:24.260 (UTC+0800)] [33mwarn/client[0m	Removing a UserTokenPolicy that would allow the password to be transmitted without encryption (Can be enabled via config->allowNonePolicyPassword)
[2026-08-17 03:08:24.260 (UTC+0800)] [33mwarn/client[0m	Removing a UserTokenPolicy that would allow the password to be transmitted without encryption (Can be enabled via config->allowNonePolicyPassword)
[2026-08-17 03:08:24.260 (UTC+0800)] [33mwarn/client[0m	Removing a UserTokenPolicy that would allow the password to be transmitted without encryption (Can be enabled via config->allowNonePolicyPassword)
[2026-08-17 03:08:24.260 (UTC+0800)] [32minfo/session[0m	TCP 17	| SC 3	| Session "SensorSource"	| Session created
[2026-08-17 03:08:24.261 (UTC+0800)] [32minfo/session[0m	TCP 17	| SC 3	| Session "SensorSource"	| ActivateSession: Session activated with ClientUserId ""
[2026-08-17 03:08:26.210 (UTC+0800)] [32minfo/network[0m	TCP 18	| Connection opened from "127.0.0.1" via the server socket 8
[2026-08-17 03:08:26.210 (UTC+0800)] [32minfo/channel[0m	TCP 18	| SC 4	| SecureChannel created
[2026-08-17 03:08:26.211 (UTC+0800)] [32minfo/channel[0m	TCP 18	| SC 4	| OpenSecureChannel: Channel opened with SecurityMode None for SecurityPolicy http://opcfoundation.org/UA/SecurityPolicy#None and a revised lifetime of 600.0s
[2026-08-17 03:08:26.211 (UTC+0800)] [33mwarn/client[0m	Removing a UserTokenPolicy that would allow the password to be transmitted without encryption (Can be enabled via config->allowNonePolicyPassword)
[2026-08-17 03:08:26.211 (UTC+0800)] [33mwarn/client[0m	Removing a UserTokenPolicy that would allow the password to be transmitted without encryption (Can be enabled via config->allowNonePolicyPassword)
[2026-08-17 03:08:26.211 (UTC+0800)] [33mwarn/client[0m	Removing a UserTokenPolicy that would allow the password to be transmitted without encryption (Can be enabled via config->allowNonePolicyPassword)
[2026-08-17 03:08:26.211 (UTC+0800)] [33mwarn/client[0m	Removing a UserTokenPolicy that would allow the password to be transmitted without encryption (Can be enabled via config->allowNonePolicyPassword)
[2026-08-17 03:08:26.212 (UTC+0800)] [32minfo/session[0m	TCP 18	| SC 4	| Session "MotorSource"	| Session created
[2026-08-17 03:08:26.212 (UTC+0800)] [32minfo/network[0m	TCP 19	| Connection opened from "127.0.0.1" via the server socket 8
[2026-08-17 03:08:26.212 (UTC+0800)] [32minfo/channel[0m	TCP 19	| SC 5	| SecureChannel created
[2026-08-17 03:08:26.213 (UTC+0800)] [32minfo/network[0m	TCP 20	| Connection opened from "127.0.0.1" via the server socket 8
[2026-08-17 03:08:26.213 (UTC+0800)] [32minfo/channel[0m	TCP 20	| SC 6	| SecureChannel created
[2026-08-17 03:08:26.213 (UTC+0800)] [32minfo/session[0m	TCP 18	| SC 4	| Session "MotorSource"	| ActivateSession: Session activated with ClientUserId ""
[2026-08-17 03:08:26.213 (UTC+0800)] [32minfo/network[0m	TCP 21	| Connection opened from "127.0.0.1" via the server socket 8
[2026-08-17 03:08:26.213 (UTC+0800)] [32minfo/channel[0m	TCP 21	| SC 7	| SecureChannel created
[2026-08-17 03:08:26.213 (UTC+0800)] [32minfo/channel[0m	TCP 19	| SC 5	| OpenSecureChannel: Channel opened with SecurityMode None for SecurityPolicy http://opcfoundation.org/UA/SecurityPolicy#None and a revised lifetime of 600.0s
[2026-08-17 03:08:26.213 (UTC+0800)] [32minfo/channel[0m	TCP 20	| SC 6	| OpenSecureChannel: Channel opened with SecurityMode None for SecurityPolicy http://opcfoundation.org/UA/SecurityPolicy#None and a revised lifetime of 600.0s
[2026-08-17 03:08:26.213 (UTC+0800)] [33mwarn/client[0m	Removing a UserTokenPolicy that would allow the password to be transmitted without encryption (Can be enabled via config->allowNonePolicyPassword)
[2026-08-17 03:08:26.213 (UTC+0800)] [33mwarn/client[0m	Removing a UserTokenPolicy that would allow the password to be transmitted without encryption (Can be enabled via config->allowNonePolicyPassword)
[2026-08-17 03:08:26.213 (UTC+0800)] [32minfo/channel[0m	TCP 21	| SC 7	| OpenSecureChannel: Channel opened with SecurityMode None for SecurityPolicy http://opcfoundation.org/UA/SecurityPolicy#None and a revised lifetime of 600.0s
[2026-08-17 03:08:26.213 (UTC+0800)] [33mwarn/client[0m	Removing a UserTokenPolicy that would allow the password to be transmitted without encryption (Can be enabled via config->allowNonePolicyPassword)
[2026-08-17 03:08:26.213 (UTC+0800)] [33mwarn/client[0m	Removing a UserTokenPolicy that would allow the password to be transmitted without encryption (Can be enabled via config->allowNonePolicyPassword)
[2026-08-17 03:08:26.214 (UTC+0800)] [32minfo/session[0m	TCP 19	| SC 5	| Session "MotorSource2"	| Session created
[2026-08-17 03:08:26.214 (UTC+0800)] [32minfo/session[0m	TCP 19	| SC 5	| Session "MotorSource2"	| ActivateSession: Session activated with ClientUserId ""
[2026-08-17 03:08:26.214 (UTC+0800)] [33mwarn/client[0m	Removing a UserTokenPolicy that would allow the password to be transmitted without encryption (Can be enabled via config->allowNonePolicyPassword)
[2026-08-17 03:08:26.214 (UTC+0800)] [33mwarn/client[0m	Removing a UserTokenPolicy that would allow the password to be transmitted without encryption (Can be enabled via config->allowNonePolicyPassword)
[2026-08-17 03:08:26.214 (UTC+0800)] [33mwarn/client[0m	Removing a UserTokenPolicy that would allow the password to be transmitted without encryption (Can be enabled via config->allowNonePolicyPassword)
[2026-08-17 03:08:26.214 (UTC+0800)] [33mwarn/client[0m	Removing a UserTokenPolicy that would allow the password to be transmitted without encryption (Can be enabled via config->allowNonePolicyPassword)
[2026-08-17 03:08:26.214 (UTC+0800)] [33mwarn/client[0m	Removing a UserTokenPolicy that would allow the password to be transmitted without encryption (Can be enabled via config->allowNonePolicyPassword)
[2026-08-17 03:08:26.214 (UTC+0800)] [33mwarn/client[0m	Removing a UserTokenPolicy that would allow the password to be transmitted without encryption (Can be enabled via config->allowNonePolicyPassword)
[2026-08-17 03:08:26.215 (UTC+0800)] [32minfo/session[0m	TCP 21	| SC 7	| Session "MotorSource3"	| Session created
[2026-08-17 03:08:26.215 (UTC+0800)] [33mwarn/client[0m	Removing a UserTokenPolicy that would allow the password to be transmitted without encryption (Can be enabled via config->allowNonePolicyPassword)
[2026-08-17 03:08:26.215 (UTC+0800)] [33mwarn/client[0m	Removing a UserTokenPolicy that would allow the password to be transmitted without encryption (Can be enabled via config->allowNonePolicyPassword)
[2026-08-17 03:08:26.215 (UTC+0800)] [32minfo/session[0m	TCP 20	| SC 6	| Session "ns=1;g=064eab17-89bd-8ff2-4f94-49c46696d97d"	| Session created
[2026-08-17 03:08:26.215 (UTC+0800)] [32minfo/session[0m	TCP 21	| SC 7	| Session "MotorSource3"	| ActivateSession: Session activated with ClientUserId ""
[2026-08-17 03:08:26.216 (UTC+0800)] [32minfo/session[0m	TCP 20	| SC 6	| Session "ns=1;g=064eab17-89bd-8ff2-4f94-49c46696d97d"	| ActivateSession: Session activated with ClientUserId ""
[2026-08-17 03:08:26.216 (UTC+0800)] [32minfo/session[0m	TCP 20	| SC 6	| Session "ns=1;g=064eab17-89bd-8ff2-4f94-49c46696d97d"	| Subscription 1 | Subscription created (Publishing interval 500.0ms, max 1000 notifications per publish)
[2026-08-17 03:08:26.216 (UTC+0800)] [32minfo/session[0m	TCP 20	| SC 6	| Session "ns=1;g=064eab17-89bd-8ff2-4f94-49c46696d97d"	| Subscription 1 | MonitoredItem 1 | Created the MonitoredItem (Sampling Interval: 0.0ms, Queue Size: 100)
[2026-08-17 03:08:27.240 (UTC+0800)] [32minfo/network[0m	TCP 22	| Opening a connection to "127.0.0.1" on port 4842
[2026-08-17 03:08:27.263 (UTC+0800)] [32minfo/channel[0m	TCP 22	| SC 2	| SecureChannel opened with SecurityMode None for SecurityPolicy http://opcfoundation.org/UA/SecurityPolicy#None and a revised lifetime of 600.0s
[2026-08-17 03:08:27.263 (UTC+0800)] [32minfo/client[0m	Client Status: ChannelState: Open, SessionState: Closed, ConnectStatus: Good
[2026-08-17 03:08:27.273 (UTC+0800)] [32minfo/client[0m	The initially defined EndpointURL opc.tcp://127.0.0.1:4842 is valid for the server
[2026-08-17 03:08:27.284 (UTC+0800)] [33mwarn/client[0m	The server returned Endpoints with a different EndpointUrl opc.tcp://MSI:4842 than was used to initialize the connection: opc.tcp://127.0.0.1:4842. Some servers require a complete match of the EndpointUrl/DiscoveryUrl (including the path) to return all endpoints.
[2026-08-17 03:08:27.284 (UTC+0800)] [32minfo/client[0m	Endpoint 0: Best endpoint so far with UserTokenPolicy open62541-anonymous-policy-none#None
[2026-08-17 03:08:27.284 (UTC+0800)] [32minfo/client[0m	Endpoint 0 selected with SecurityMode None, SecurityPolicy http://opcfoundation.org/UA/SecurityPolicy#None and UserTokenPolicy open62541-anonymous-policy-none#None
[2026-08-17 03:08:27.284 (UTC+0800)] [32minfo/client[0m	CreateSession: Using UserTokenPolicy open62541-anonymous-policy-none#None
[2026-08-17 03:08:27.295 (UTC+0800)] [32minfo/client[0m	Client Status: ChannelState: Open, SessionState: Created, ConnectStatus: Good
[2026-08-17 03:08:27.295 (UTC+0800)] [32minfo/client[0m	ActivateSession: Using UserTokenPolicy open62541-anonymous-policy-none#None
[2026-08-17 03:08:27.305 (UTC+0800)] [32minfo/client[0m	Client Status: ChannelState: Open, SessionState: Activated, ConnectStatus: Good
[2026-08-17 03:08:27.305 (UTC+0800)] [32minfo/application[0m	Connected to sensor backend; starting data aggregation
[2026-08-17 03:08:27.305 (UTC+0800)] [32minfo/client[0m	Re-establish the connection for the synchronous service call
[2026-08-17 03:08:27.305 (UTC+0800)] [33mwarn/client[0m	Client connection already initiated
[2026-08-17 03:08:29.316 (UTC+0800)] [32minfo/network[0m	TCP 23	| Connection opened from "127.0.0.1" via the server socket 8
[2026-08-17 03:08:29.316 (UTC+0800)] [32minfo/channel[0m	TCP 23	| SC 8	| SecureChannel created
[2026-08-17 03:08:29.316 (UTC+0800)] [32minfo/network[0m	TCP 24	| Connection opened from "127.0.0.1" via the server socket 8
[2026-08-17 03:08:29.316 (UTC+0800)] [32minfo/channel[0m	TCP 24	| SC 9	| SecureChannel created
[2026-08-17 03:08:29.316 (UTC+0800)] [32minfo/network[0m	TCP 25	| Connection opened from "127.0.0.1" via the server socket 8
[2026-08-17 03:08:29.316 (UTC+0800)] [32minfo/channel[0m	TCP 25	| SC 10	| SecureChannel created
[2026-08-17 03:08:29.316 (UTC+0800)] [32minfo/channel[0m	TCP 23	| SC 8	| OpenSecureChannel: Channel opened with SecurityMode None for SecurityPolicy http://opcfoundation.org/UA/SecurityPolicy#None and a revised lifetime of 600.0s
[2026-08-17 03:08:29.316 (UTC+0800)] [32minfo/channel[0m	TCP 24	| SC 9	| OpenSecureChannel: Channel opened with SecurityMode None for SecurityPolicy http://opcfoundation.org/UA/SecurityPolicy#None and a revised lifetime of 600.0s
[2026-08-17 03:08:29.316 (UTC+0800)] [32minfo/channel[0m	TCP 25	| SC 10	| OpenSecureChannel: Channel opened with SecurityMode None for SecurityPolicy http://opcfoundation.org/UA/SecurityPolicy#None and a revised lifetime of 600.0s
[2026-08-17 03:08:29.316 (UTC+0800)] [33mwarn/client[0m	Removing a UserTokenPolicy that would allow the password to be transmitted without encryption (Can be enabled via config->allowNonePolicyPassword)
[2026-08-17 03:08:29.316 (UTC+0800)] [33mwarn/client[0m	Removing a UserTokenPolicy that would allow the password to be transmitted without encryption (Can be enabled via config->allowNonePolicyPassword)
[2026-08-17 03:08:29.316 (UTC+0800)] [33mwarn/client[0m	Removing a UserTokenPolicy that would allow the password to be transmitted without encryption (Can be enabled via config->allowNonePolicyPassword)
[2026-08-17 03:08:29.316 (UTC+0800)] [33mwarn/client[0m	Removing a UserTokenPolicy that would allow the password to be transmitted without encryption (Can be enabled via config->allowNonePolicyPassword)
[2026-08-17 03:08:29.316 (UTC+0800)] [33mwarn/client[0m	Removing a UserTokenPolicy that would allow the password to be transmitted without encryption (Can be enabled via config->allowNonePolicyPassword)
[2026-08-17 03:08:29.316 (UTC+0800)] [33mwarn/client[0m	Removing a UserTokenPolicy that would allow the password to be transmitted without encryption (Can be enabled via config->allowNonePolicyPassword)
[2026-08-17 03:08:29.316 (UTC+0800)] [33mwarn/client[0m	Removing a UserTokenPolicy that would allow the password to be transmitted without encryption (Can be enabled via config->allowNonePolicyPassword)
[2026-08-17 03:08:29.316 (UTC+0800)] [33mwarn/client[0m	Removing a UserTokenPolicy that would allow the password to be transmitted without encryption (Can be enabled via config->allowNonePolicyPassword)
[2026-08-17 03:08:29.317 (UTC+0800)] [32minfo/session[0m	TCP 25	| SC 10	| Session "ns=1;g=4f2ca64a-a545-0687-bd5b-f5ff5205a0da"	| Session created
[2026-08-17 03:08:29.317 (UTC+0800)] [33mwarn/client[0m	Removing a UserTokenPolicy that would allow the password to be transmitted without encryption (Can be enabled via config->allowNonePolicyPassword)
[2026-08-17 03:08:29.317 (UTC+0800)] [33mwarn/client[0m	Removing a UserTokenPolicy that would allow the password to be transmitted without encryption (Can be enabled via config->allowNonePolicyPassword)
[2026-08-17 03:08:29.318 (UTC+0800)] [32minfo/session[0m	TCP 23	| SC 8	| Session "ns=1;g=93e5491e-cf9f-4459-1291-4964fc2f3263"	| Session created
[2026-08-17 03:08:29.318 (UTC+0800)] [32minfo/session[0m	TCP 25	| SC 10	| Session "ns=1;g=4f2ca64a-a545-0687-bd5b-f5ff5205a0da"	| ActivateSession: Session activated with ClientUserId ""
[2026-08-17 03:08:29.318 (UTC+0800)] [33mwarn/client[0m	Removing a UserTokenPolicy that would allow the password to be transmitted without encryption (Can be enabled via config->allowNonePolicyPassword)
[2026-08-17 03:08:29.318 (UTC+0800)] [33mwarn/client[0m	Removing a UserTokenPolicy that would allow the password to be transmitted without encryption (Can be enabled via config->allowNonePolicyPassword)
[2026-08-17 03:08:29.319 (UTC+0800)] [32minfo/session[0m	TCP 24	| SC 9	| Session "ns=1;g=ab961c44-4f01-b674-0fe0-6e66fe7f5745"	| Session created
[2026-08-17 03:08:29.319 (UTC+0800)] [32minfo/session[0m	TCP 23	| SC 8	| Session "ns=1;g=93e5491e-cf9f-4459-1291-4964fc2f3263"	| ActivateSession: Session activated with ClientUserId ""
[2026-08-17 03:08:29.319 (UTC+0800)] [32minfo/session[0m	TCP 24	| SC 9	| Session "ns=1;g=ab961c44-4f01-b674-0fe0-6e66fe7f5745"	| ActivateSession: Session activated with ClientUserId ""
[2026-08-17 03:08:29.326 (UTC+0800)] [33mwarn/client[0m	Request with unknown RequestId 7
[2026-08-17 03:13:29.089 (UTC+0800)] [32minfo/session[0m	TCP 25	| SC 10	| Session "ns=1;g=4f2ca64a-a545-0687-bd5b-f5ff5205a0da"	| Closing the Session
[2026-08-17 03:13:29.090 (UTC+0800)] [32minfo/channel[0m	TCP 25	| SC 10	| SecureChannel closed
[2026-08-17 03:13:29.090 (UTC+0800)] [32minfo/network[0m	TCP 25	| Socket closed
[2026-08-17 03:13:29.091 (UTC+0800)] [32minfo/session[0m	TCP 24	| SC 9	| Session "ns=1;g=ab961c44-4f01-b674-0fe0-6e66fe7f5745"	| Closing the Session
[2026-08-17 03:13:29.091 (UTC+0800)] [32minfo/session[0m	TCP 23	| SC 8	| Session "ns=1;g=93e5491e-cf9f-4459-1291-4964fc2f3263"	| Closing the Session
[2026-08-17 03:13:29.091 (UTC+0800)] [32minfo/channel[0m	TCP 24	| SC 9	| SecureChannel closed
[2026-08-17 03:13:29.091 (UTC+0800)] [32minfo/network[0m	TCP 24	| Socket closed
[2026-08-17 03:13:29.092 (UTC+0800)] [32minfo/channel[0m	TCP 23	| SC 8	| SecureChannel closed
[2026-08-17 03:13:29.092 (UTC+0800)] [32minfo/network[0m	TCP 23	| Socket closed
