[2026-08-17 03:08:24.207 (UTC+0800)] [33mwarn/server[0m	AccessControl: Unconfigured AccessControl. Users have all permissions.
[2026-08-17 03:08:24.207 (UTC+0800)] [32minfo/server[0m	AccessControl: Anonymous login is enabled
[2026-08-17 03:08:24.207 (UTC+0800)] [33mwarn/server[0m	x509 Certificate Authentication configured, but no encrypting SecurityPolicy. This can leak credentials on the network.
[2026-08-17 03:08:24.243 (UTC+0800)] [33mwarn/application[0m	ServerUrls already set. Overriding.
[2026-08-17 03:08:24.243 (UTC+0800)] [33mwarn/server[0m	AccessControl: Unconfigured AccessControl. Users have all permissions.
[2026-08-17 03:08:24.243 (UTC+0800)] [32minfo/server[0m	AccessControl: Anonymous login is enabled
[2026-08-17 03:08:24.243 (UTC+0800)] [33mwarn/server[0m	x509 Certificate Authentication configured, but no encrypting SecurityPolicy. This can leak credentials on the network.
[2026-08-17 03:08:24.243 (UTC+0800)] [33mwarn/server[0m	x509 Certificate Authentication configured, but no encrypting SecurityPolicy. This can leak credentials on the network.
[2026-08-16 19:08:24.243 (UTC)] info/application	Sensor Server online (Client/Server mode, id=1 port=4842) | Severity=75 | SourceName=Sensor | EventType=application
Entering background polling mode: attempting to connect to Aggregation Server...
Connected successfully. Log forwarding started.
[2026-08-16 19:08:25.250 (UTC)] info/application	[Sensor] Updated distance: 25.0562156096828 cm | Severity=75 | SourceName=Sensor | EventType=application
[2026-08-16 19:08:26.219 (UTC)] info/network	[System] TCP 16	| Connection opened from "127.0.0.1" via the server socket 8 | Severity=75 | SourceName=System | EventType=network
[2026-08-16 19:08:26.219 (UTC)] info/channel	[System] TCP 16	| SC 1	| SecureChannel created | Severity=75 | SourceName=System | EventType=channel
[2026-08-16 19:08:26.240 (UTC)] info/channel	[System] TCP 16	| SC 1	| OpenSecureChannel: Channel opened with SecurityMode None for SecurityPolicy http://opcfoundation.org/UA/SecurityPolicy#None and a revised lifetime of 600.0s | Severity=75 | SourceName=System | EventType=channel
[2026-08-16 19:08:26.250 (UTC)] info/application	[Sensor] Updated distance: 24.4964616375493 cm | Severity=75 | SourceName=Sensor | EventType=application
[2026-08-16 19:08:26.260 (UTC)] warn/client	[System] Removing a UserTokenPolicy that would allow the password to be transmitted without encryption (Can be enabled via config->allowNonePolicyPassword) | Severity=175 | SourceName=System | EventType=client
[2026-08-16 19:08:26.260 (UTC)] warn/client	[System] Removing a UserTokenPolicy that would allow the password to be transmitted without encryption (Can be enabled via config->allowNonePolicyPassword) | Severity=175 | SourceName=System | EventType=client
[2026-08-16 19:08:26.270 (UTC)] warn/client	[System] Removing a UserTokenPolicy that would allow the password to be transmitted without encryption (Can be enabled via config->allowNonePolicyPassword) | Severity=175 | SourceName=System | EventType=client
[2026-08-16 19:08:26.270 (UTC)] warn/client	[System] Removing a UserTokenPolicy that would allow the password to be transmitted without encryption (Can be enabled via config->allowNonePolicyPassword) | Severity=175 | SourceName=System | EventType=client
[2026-08-16 19:08:26.271 (UTC)] info/session	[System] TCP 16	| SC 1	| Session "ns=1;g=6008e919-ab83-7d0e-74e7-2e9287e87e97"	| Session created | Severity=75 | SourceName=System | EventType=session
[2026-08-16 19:08:26.281 (UTC)] info/session	[System] TCP 16	| SC 1	| Session "ns=1;g=6008e919-ab83-7d0e-74e7-2e9287e87e97"	| ActivateSession: Session activated with ClientUserId "" | Severity=75 | SourceName=System | EventType=session
[2026-08-16 19:08:26.666 (UTC)] info/session	[System] TCP 16	| SC 1	| Session "ns=1;g=6008e919-ab83-7d0e-74e7-2e9287e87e97"	| Subscription 1 | Subscription created (Publishing interval 500.0ms, max 1000 notifications per publish) | Severity=75 | SourceName=System | EventType=session
[2026-08-16 19:08:26.687 (UTC)] info/session	[System] TCP 16	| SC 1	| Session "ns=1;g=6008e919-ab83-7d0e-74e7-2e9287e87e97"	| Subscription 1 | MonitoredItem 1 | Created the MonitoredItem (Sampling Interval: 250.0ms, Queue Size: 1) | Severity=75 | SourceName=System | EventType=session
[2026-08-16 19:08:27.242 (UTC)] info/network	[System] TCP 17	| Connection opened from "127.0.0.1" via the server socket 8 | Severity=75 | SourceName=System | EventType=network
[2026-08-16 19:08:27.242 (UTC)] info/channel	[System] TCP 17	| SC 2	| SecureChannel created | Severity=75 | SourceName=System | EventType=channel
[2026-08-16 19:08:27.253 (UTC)] info/application	[Sensor] Updated distance: 24.9881168121882 cm | Severity=75 | SourceName=Sensor | EventType=application
[2026-08-16 19:08:27.263 (UTC)] info/channel	[System] TCP 17	| SC 2	| OpenSecureChannel: Channel opened with SecurityMode None for SecurityPolicy http://opcfoundation.org/UA/SecurityPolicy#None and a revised lifetime of 600.0s | Severity=75 | SourceName=System | EventType=channel
[2026-08-16 19:08:27.284 (UTC)] warn/client	[System] Removing a UserTokenPolicy that would allow the password to be transmitted without encryption (Can be enabled via config->allowNonePolicyPassword) | Severity=175 | SourceName=System | EventType=client
[2026-08-16 19:08:27.284 (UTC)] warn/client	[System] Removing a UserTokenPolicy that would allow the password to be transmitted without encryption (Can be enabled via config->allowNonePolicyPassword) | Severity=175 | SourceName=System | EventType=client
[2026-08-16 19:08:27.294 (UTC)] warn/client	[System] Removing a UserTokenPolicy that would allow the password to be transmitted without encryption (Can be enabled via config->allowNonePolicyPassword) | Severity=175 | SourceName=System | EventType=client
[2026-08-16 19:08:27.294 (UTC)] warn/client	[System] Removing a UserTokenPolicy that would allow the password to be transmitted without encryption (Can be enabled via config->allowNonePolicyPassword) | Severity=175 | SourceName=System | EventType=client
[2026-08-16 19:08:27.295 (UTC)] info/session	[System] TCP 17	| SC 2	| Session "ns=1;g=d8c39ce9-91c2-0cd9-8e88-98c98ee8de6d"	| Session created | Severity=75 | SourceName=System | EventType=session
[2026-08-16 19:08:27.305 (UTC)] info/session	[System] TCP 17	| SC 2	| Session "ns=1;g=d8c39ce9-91c2-0cd9-8e88-98c98ee8de6d"	| ActivateSession: Session activated with ClientUserId "" | Severity=75 | SourceName=System | EventType=session
[2026-08-16 19:08:29.326 (UTC)] info/application	[Sensor] Updated distance: 24.9499249574495 cm | Severity=75 | SourceName=Sensor | EventType=application
[2026-08-16 19:08:29.326 (UTC)] info/session	[System] TCP 17	| SC 2	| Session "ns=1;g=d8c39ce9-91c2-0cd9-8e88-98c98ee8de6d"	| Subscription 2 | Subscription created (Publishing interval 500.0ms, max 1000 notifications per publish) | Severity=75 | SourceName=System | EventType=session
[2026-08-16 19:08:30.326 (UTC)] info/application	[Sensor] Updated distance: 23.890413184832 cm | Severity=75 | SourceName=Sensor | EventType=application
[2026-08-16 19:08:31.326 (UTC)] info/application	[Sensor] Updated distance: 22.4898946366691 cm | Severity=75 | SourceName=Sensor | EventType=application
[2026-08-16 19:08:32.326 (UTC)] info/application	[Sensor] Updated distance: 23.2719194184858 cm | Severity=75 | SourceName=Sensor | EventType=application
[2026-08-16 19:08:33.326 (UTC)] info/application	[Sensor] Updated distance: 23.2515991098488 cm | Severity=75 | SourceName=Sensor | EventType=application
[2026-08-16 19:08:34.326 (UTC)] info/application	[Sensor] Updated distance: 21.7646903769414 cm | Severity=75 | SourceName=Sensor | EventType=application
[2026-08-16 19:08:35.326 (UTC)] info/application	[Sensor] Updated distance: 21.4136792125244 cm | Severity=75 | SourceName=Sensor | EventType=application
[2026-08-16 19:08:36.326 (UTC)] info/application	[Sensor] Updated distance: 20.6612789878441 cm | Severity=75 | SourceName=Sensor | EventType=application
[2026-08-16 19:08:37.326 (UTC)] info/application	[Sensor] Updated distance: 19.3010255965875 cm | Severity=75 | SourceName=Sensor | EventType=application
[2026-08-16 19:08:38.326 (UTC)] info/application	[Sensor] Updated distance: 18.6064934949886 cm | Severity=75 | SourceName=Sensor | EventType=application
[2026-08-16 19:08:39.327 (UTC)] info/application	[Sensor] Updated distance: 19.850852687308 cm | Severity=75 | SourceName=Sensor | EventType=application
[2026-08-16 19:08:40.326 (UTC)] info/application	[Sensor] Updated distance: 19.6236958671937 cm | Severity=75 | SourceName=Sensor | EventType=application
[2026-08-16 19:08:41.336 (UTC)] info/application	[Sensor] Updated distance: 20.9406855888389 cm | Severity=75 | SourceName=Sensor | EventType=application
[2026-08-16 19:08:42.336 (UTC)] info/application	[Sensor] Updated distance: 20.8291432663468 cm | Severity=75 | SourceName=Sensor | EventType=application
[2026-08-16 19:08:43.335 (UTC)] info/application	[Sensor] Updated distance: 22.1249241340556 cm | Severity=75 | SourceName=Sensor | EventType=application
[2026-08-16 19:08:44.335 (UTC)] info/application	[Sensor] Updated distance: 21.9437654523383 cm | Severity=75 | SourceName=Sensor | EventType=application
[2026-08-16 19:08:45.334 (UTC)] info/application	[Sensor] Updated distance: 22.3564931146598 cm | Severity=75 | SourceName=Sensor | EventType=application
[2026-08-16 19:08:46.334 (UTC)] info/application	[Sensor] Updated distance: 21.0284921971748 cm | Severity=75 | SourceName=Sensor | EventType=application
[2026-08-16 19:08:47.334 (UTC)] info/application	[Sensor] Updated distance: 20.0116855423021 cm | Severity=75 | SourceName=Sensor | EventType=application
[2026-08-16 19:08:48.334 (UTC)] info/application	[Sensor] Updated distance: 18.6551542524971 cm | Severity=75 | SourceName=Sensor | EventType=application
[2026-08-16 19:08:49.333 (UTC)] info/application	[Sensor] Updated distance: 17.3064464564931 cm | Severity=75 | SourceName=Sensor | EventType=application
[2026-08-16 19:08:50.333 (UTC)] info/application	[Sensor] Updated distance: 15.9943887598321 cm | Severity=75 | SourceName=Sensor | EventType=application
[2026-08-16 19:08:51.332 (UTC)] info/application	[Sensor] Updated distance: 15.7660910914494 cm | Severity=75 | SourceName=Sensor | EventType=application
[2026-08-16 19:08:52.331 (UTC)] info/application	[Sensor] Updated distance: 14.3689913637326 cm | Severity=75 | SourceName=Sensor | EventType=application
[2026-08-16 19:08:53.331 (UTC)] info/application	[Sensor] Updated distance: 12.8989750630683 cm | Severity=75 | SourceName=Sensor | EventType=application
[2026-08-16 19:08:54.331 (UTC)] info/application	[Sensor] Updated distance: 11.852808157612 cm | Severity=75 | SourceName=Sensor | EventType=application
[2026-08-16 19:08:55.330 (UTC)] info/application	[Sensor] Updated distance: 10.4632557148408 cm | Severity=75 | SourceName=Sensor | EventType=application
[2026-08-16 19:08:56.330 (UTC)] info/application	[Sensor] Updated distance: 9.93319146634694 cm | Severity=75 | SourceName=Sensor | EventType=application
[2026-08-16 19:08:57.330 (UTC)] info/application	[Sensor] Updated distance: 9.44324017057346 cm | Severity=75 | SourceName=Sensor | EventType=application
[2026-08-16 19:08:58.330 (UTC)] info/application	[Sensor] Updated distance: 8.99393375566878 cm | Severity=75 | SourceName=Sensor | EventType=application
[2026-08-16 19:08:59.330 (UTC)] info/application	[Sensor] Updated distance: 10.4555246818138 cm | Severity=75 | SourceName=Sensor | EventType=application
[2026-08-16 19:09:00.330 (UTC)] info/application	[Sensor] Updated distance: 11.4273815313016 cm | Severity=75 | SourceName=Sensor | EventType=application
[2026-08-16 19:09:01.330 (UTC)] info/application	[Sensor] Updated distance: 11.4185633437794 cm | Severity=75 | SourceName=Sensor | EventType=application
[2026-08-16 19:09:02.330 (UTC)] info/application	[Sensor] Updated distance: 9.97963572036458 cm | Severity=75 | SourceName=Sensor | EventType=application
[2026-08-16 19:09:03.330 (UTC)] info/application	[Sensor] Updated distance: 10.2335173502721 cm | Severity=75 | SourceName=Sensor | EventType=application
[2026-08-16 19:09:04.330 (UTC)] info/application	[Sensor] Updated distance: 11.7043788541129 cm | Severity=75 | SourceName=Sensor | EventType=application
[2026-08-16 19:09:05.329 (UTC)] info/application	[Sensor] Updated distance: 10.2785424977907 cm | Severity=75 | SourceName=Sensor | EventType=application
[2026-08-16 19:09:06.328 (UTC)] info/application	[Sensor] Updated distance: 11.6814129632811 cm | Severity=75 | SourceName=Sensor | EventType=application
[2026-08-16 19:09:07.328 (UTC)] info/application	[Sensor] Updated distance: 10.8998742410447 cm | Severity=75 | SourceName=Sensor | EventType=application
[2026-08-16 19:09:08.328 (UTC)] info/application	[Sensor] Updated distance: 9.61378449486279 cm | Severity=75 | SourceName=Sensor | EventType=application
[2026-08-16 19:09:09.328 (UTC)] info/application	[Sensor] Updated distance: 8.82212285735744 cm | Severity=75 | SourceName=Sensor | EventType=application
[2026-08-16 19:09:10.328 (UTC)] info/application	[Sensor] Updated distance: 7.78494332604341 cm | Severity=75 | SourceName=Sensor | EventType=application
[2026-08-16 19:09:11.328 (UTC)] info/application	[Sensor] Updated distance: 7.7716967597472 cm | Severity=75 | SourceName=Sensor | EventType=application
[2026-08-16 19:09:12.328 (UTC)] info/application	[Sensor] Updated distance: 6.79702484248999 cm | Severity=75 | SourceName=Sensor | EventType=application
[2026-08-16 19:09:13.328 (UTC)] info/application	[Sensor] Updated distance: 7.14830299008093 cm | Severity=75 | SourceName=Sensor | EventType=application
[2026-08-16 19:09:14.328 (UTC)] info/application	[Sensor] Updated distance: 6.93083729009649 cm | Severity=75 | SourceName=Sensor | EventType=application
[2026-08-16 19:09:15.328 (UTC)] info/application	[Sensor] Updated distance: 7.27500669112197 cm | Severity=75 | SourceName=Sensor | EventType=application
[2026-08-16 19:09:16.328 (UTC)] info/application	[Sensor] Updated distance: 6.53901249963744 cm | Severity=75 | SourceName=Sensor | EventType=application
[2026-08-16 19:09:17.328 (UTC)] info/application	[Sensor] Updated distance: 6.493545883565 cm | Severity=75 | SourceName=Sensor | EventType=application
[2026-08-16 19:09:18.327 (UTC)] info/application	[Sensor] Updated distance: 7.32090862971773 cm | Severity=75 | SourceName=Sensor | EventType=application
[2026-08-16 19:09:19.327 (UTC)] info/application	[Sensor] Updated distance: 6.72838314842823 cm | Severity=75 | SourceName=Sensor | EventType=application
[2026-08-16 19:09:20.327 (UTC)] info/application	[Sensor] Updated distance: 6.83420873635179 cm | Severity=75 | SourceName=Sensor | EventType=application
[2026-08-16 19:09:21.327 (UTC)] info/application	[Sensor] Updated distance: 7.84951378584351 cm | Severity=75 | SourceName=Sensor | EventType=application
[2026-08-16 19:09:22.327 (UTC)] info/application	[Sensor] Updated distance: 8.52869063617135 cm | Severity=75 | SourceName=Sensor | EventType=application
[2026-08-16 19:09:23.326 (UTC)] info/application	[Sensor] Updated distance: 8.7374164963781 cm | Severity=75 | SourceName=Sensor | EventType=application
[2026-08-16 19:09:24.326 (UTC)] info/application	[Sensor] Updated distance: 9.78270524520553 cm | Severity=75 | SourceName=Sensor | EventType=application
[2026-08-16 19:09:25.326 (UTC)] info/application	[Sensor] Updated distance: 10.9157151900771 cm | Severity=75 | SourceName=Sensor | EventType=application
[2026-08-16 19:09:26.326 (UTC)] info/application	[Sensor] Updated distance: 11.2348886075126 cm | Severity=75 | SourceName=Sensor | EventType=application
[2026-08-16 19:09:27.327 (UTC)] info/application	[Sensor] Updated distance: 10.2501131064492 cm | Severity=75 | SourceName=Sensor | EventType=application
[2026-08-16 19:09:28.327 (UTC)] info/application	[Sensor] Updated distance: 9.39317175415027 cm | Severity=75 | SourceName=Sensor | EventType=application
[2026-08-16 19:09:29.327 (UTC)] info/application	[Sensor] Updated distance: 10.7630387580781 cm | Severity=75 | SourceName=Sensor | EventType=application
[2026-08-16 19:09:30.327 (UTC)] info/application	[Sensor] Updated distance: 9.73985418176272 cm | Severity=75 | SourceName=Sensor | EventType=application
[2026-08-16 19:09:31.327 (UTC)] info/application	[Sensor] Updated distance: 8.35476967755461 cm | Severity=75 | SourceName=Sensor | EventType=application
[2026-08-16 19:09:32.327 (UTC)] info/application	[Sensor] Updated distance: 8.21581849256336 cm | Severity=75 | SourceName=Sensor | EventType=application
[2026-08-16 19:09:33.326 (UTC)] info/application	[Sensor] Updated distance: 7.25370629283306 cm | Severity=75 | SourceName=Sensor | EventType=application
[2026-08-16 19:09:34.327 (UTC)] info/application	[Sensor] Updated distance: 7.62250341853243 cm | Severity=75 | SourceName=Sensor | EventType=application
[2026-08-16 19:09:35.327 (UTC)] info/application	[Sensor] Updated distance: 7.454413737382 cm | Severity=75 | SourceName=Sensor | EventType=application
[2026-08-16 19:09:36.327 (UTC)] info/application	[Sensor] Updated distance: 6.56646518272649 cm | Severity=75 | SourceName=Sensor | EventType=application
[2026-08-16 19:09:37.328 (UTC)] info/application	[Sensor] Updated distance: 6.83813277251931 cm | Severity=75 | SourceName=Sensor | EventType=application
[2026-08-16 19:09:38.328 (UTC)] info/application	[Sensor] Updated distance: 7.38850436913245 cm | Severity=75 | SourceName=Sensor | EventType=application
[2026-08-16 19:09:39.329 (UTC)] info/application	[Sensor] Updated distance: 6.71446606829505 cm | Severity=75 | SourceName=Sensor | EventType=application
[2026-08-16 19:09:40.329 (UTC)] info/application	[Sensor] Updated distance: 7.69447202058251 cm | Severity=75 | SourceName=Sensor | EventType=application
[2026-08-16 19:09:41.328 (UTC)] info/application	[Sensor] Updated distance: 8.70766408727861 cm | Severity=75 | SourceName=Sensor | EventType=application
[2026-08-16 19:09:42.328 (UTC)] info/application	[Sensor] Updated distance: 9.520379220145 cm | Severity=75 | SourceName=Sensor | EventType=application
[2026-08-16 19:09:43.328 (UTC)] info/application	[Sensor] Updated distance: 8.02571325377827 cm | Severity=75 | SourceName=Sensor | EventType=application
[2026-08-16 19:09:44.328 (UTC)] info/application	[Sensor] Updated distance: 7.89018346666832 cm | Severity=75 | SourceName=Sensor | EventType=application
[2026-08-16 19:09:45.328 (UTC)] info/application	[Sensor] Updated distance: 6.98543289815328 cm | Severity=75 | SourceName=Sensor | EventType=application
[2026-08-16 19:09:46.329 (UTC)] info/application	[Sensor] Updated distance: 7.33493633281203 cm | Severity=75 | SourceName=Sensor | EventType=application
[2026-08-16 19:09:47.329 (UTC)] info/application	[Sensor] Updated distance: 7.96341235421756 cm | Severity=75 | SourceName=Sensor | EventType=application
[2026-08-16 19:09:48.329 (UTC)] info/application	[Sensor] Updated distance: 8.51319516963008 cm | Severity=75 | SourceName=Sensor | EventType=application
[2026-08-16 19:09:49.330 (UTC)] info/application	[Sensor] Updated distance: 8.19006134904458 cm | Severity=75 | SourceName=Sensor | EventType=application
[2026-08-16 19:09:50.330 (UTC)] info/application	[Sensor] Updated distance: 6.72601188776363 cm | Severity=75 | SourceName=Sensor | EventType=application
[2026-08-16 19:09:51.330 (UTC)] info/application	[Sensor] Updated distance: 5.8816202910997 cm | Severity=75 | SourceName=Sensor | EventType=application
[2026-08-16 19:09:52.331 (UTC)] info/application	[Sensor] Updated distance: 5.07379151860894 cm | Severity=75 | SourceName=Sensor | EventType=application
[2026-08-16 19:09:53.332 (UTC)] info/application	[Sensor] Updated distance: 5.78891890905281 cm | Severity=75 | SourceName=Sensor | EventType=application
[2026-08-16 19:09:54.332 (UTC)] info/application	[Sensor] Updated distance: 6.65325317259563 cm | Severity=75 | SourceName=Sensor | EventType=application
[2026-08-16 19:09:55.331 (UTC)] info/application	[Sensor] Updated distance: 5.3907131489323 cm | Severity=75 | SourceName=Sensor | EventType=application
[2026-08-16 19:09:56.331 (UTC)] info/application	[Sensor] Updated distance: 5.73885048285073 cm | Severity=75 | SourceName=Sensor | EventType=application
[2026-08-16 19:09:57.332 (UTC)] info/application	[Sensor] Updated distance: 5.42235816382912 cm | Severity=75 | SourceName=Sensor | EventType=application
[2026-08-16 19:09:58.332 (UTC)] info/application	[Sensor] Updated distance: 4.67504263910234 cm | Severity=75 | SourceName=Sensor | EventType=application
[2026-08-16 19:09:59.333 (UTC)] info/application	[Sensor] Updated distance: 5.66623862211883 cm | Severity=75 | SourceName=Sensor | EventType=application
[2026-08-16 19:10:00.333 (UTC)] info/application	[Sensor] Updated distance: 5.21961330562812 cm | Severity=75 | SourceName=Sensor | EventType=application
[2026-08-16 19:10:01.333 (UTC)] info/application	[Sensor] Updated distance: 4.94911320598289 cm | Severity=75 | SourceName=Sensor | EventType=application
[2026-08-16 19:10:02.334 (UTC)] info/application	[Sensor] Updated distance: 6.05522468479127 cm | Severity=75 | SourceName=Sensor | EventType=application
[2026-08-16 19:10:03.335 (UTC)] info/application	[Sensor] Updated distance: 6.9696481833093 cm | Severity=75 | SourceName=Sensor | EventType=application
[2026-08-16 19:10:04.335 (UTC)] info/application	[Sensor] Updated distance: 7.23703588393378 cm | Severity=75 | SourceName=Sensor | EventType=application
[2026-08-16 19:10:05.335 (UTC)] info/application	[Sensor] Updated distance: 7.21194448844154 cm | Severity=75 | SourceName=Sensor | EventType=application
[2026-08-16 19:10:06.335 (UTC)] info/application	[Sensor] Updated distance: 6.45827830441216 cm | Severity=75 | SourceName=Sensor | EventType=application
[2026-08-16 19:10:07.335 (UTC)] info/application	[Sensor] Updated distance: 7.33771745038112 cm | Severity=75 | SourceName=Sensor | EventType=application
[2026-08-16 19:10:08.335 (UTC)] info/application	[Sensor] Updated distance: 6.08429364328472 cm | Severity=75 | SourceName=Sensor | EventType=application
[2026-08-16 19:10:09.336 (UTC)] info/application	[Sensor] Updated distance: 7.38099905726546 cm | Severity=75 | SourceName=Sensor | EventType=application
[2026-08-16 19:10:10.336 (UTC)] info/application	[Sensor] Updated distance: 6.08639990100003 cm | Severity=75 | SourceName=Sensor | EventType=application
[2026-08-16 19:10:11.336 (UTC)] info/application	[Sensor] Updated distance: 7.31298204758809 cm | Severity=75 | SourceName=Sensor | EventType=application
[2026-08-16 19:10:12.335 (UTC)] info/application	[Sensor] Updated distance: 8.12287952686794 cm | Severity=75 | SourceName=Sensor | EventType=application
[2026-08-16 19:10:13.336 (UTC)] info/application	[Sensor] Updated distance: 9.1409955034689 cm | Severity=75 | SourceName=Sensor | EventType=application
[2026-08-16 19:10:14.336 (UTC)] info/application	[Sensor] Updated distance: 10.3729116836902 cm | Severity=75 | SourceName=Sensor | EventType=application
[2026-08-16 19:10:15.336 (UTC)] info/application	[Sensor] Updated distance: 9.54727937446314 cm | Severity=75 | SourceName=Sensor | EventType=application
[2026-08-16 19:10:16.336 (UTC)] info/application	[Sensor] Updated distance: 8.16064478254907 cm | Severity=75 | SourceName=Sensor | EventType=application
[2026-08-16 19:10:17.336 (UTC)] info/application	[Sensor] Updated distance: 8.24206439742914 cm | Severity=75 | SourceName=Sensor | EventType=application
[2026-08-16 19:10:18.336 (UTC)] info/application	[Sensor] Updated distance: 9.54490810960759 cm | Severity=75 | SourceName=Sensor | EventType=application
[2026-08-16 19:10:19.326 (UTC)] info/application	[Sensor] Updated distance: 10.208056333106 cm | Severity=75 | SourceName=Sensor | EventType=application
[2026-08-16 19:10:20.326 (UTC)] info/application	[Sensor] Updated distance: 11.4663421274006 cm | Severity=75 | SourceName=Sensor | EventType=application
[2026-08-16 19:10:21.326 (UTC)] info/application	[Sensor] Updated distance: 12.8051363782981 cm | Severity=75 | SourceName=Sensor | EventType=application
[2026-08-16 19:10:22.327 (UTC)] info/application	[Sensor] Updated distance: 14.1238930051326 cm | Severity=75 | SourceName=Sensor | EventType=application
[2026-08-16 19:10:23.327 (UTC)] info/application	[Sensor] Updated distance: 13.0743500269364 cm | Severity=75 | SourceName=Sensor | EventType=application
[2026-08-16 19:10:24.326 (UTC)] info/application	[Sensor] Updated distance: 13.6282716668808 cm | Severity=75 | SourceName=Sensor | EventType=application
[2026-08-16 19:10:25.326 (UTC)] info/application	[Sensor] Updated distance: 14.3113625572582 cm | Severity=75 | SourceName=Sensor | EventType=application
[2026-08-16 19:10:26.327 (UTC)] info/application	[Sensor] Updated distance: 13.4992795553986 cm | Severity=75 | SourceName=Sensor | EventType=application
[2026-08-16 19:10:27.327 (UTC)] info/application	[Sensor] Updated distance: 12.9013385292614 cm | Severity=75 | SourceName=Sensor | EventType=application
[2026-08-16 19:10:28.327 (UTC)] info/application	[Sensor] Updated distance: 11.7679370992202 cm | Severity=75 | SourceName=Sensor | EventType=application
[2026-08-16 19:10:29.327 (UTC)] info/application	[Sensor] Updated distance: 11.7085385726339 cm | Severity=75 | SourceName=Sensor | EventType=application
[2026-08-16 19:10:30.327 (UTC)] info/application	[Sensor] Updated distance: 10.6017935281162 cm | Severity=75 | SourceName=Sensor | EventType=application
[2026-08-16 19:10:31.327 (UTC)] info/application	[Sensor] Updated distance: 10.5217667815842 cm | Severity=75 | SourceName=Sensor | EventType=application
[2026-08-16 19:10:32.327 (UTC)] info/application	[Sensor] Updated distance: 11.6918681553527 cm | Severity=75 | SourceName=Sensor | EventType=application
[2026-08-16 19:10:33.326 (UTC)] info/application	[Sensor] Updated distance: 13.1912345896434 cm | Severity=75 | SourceName=Sensor | EventType=application
[2026-08-16 19:10:34.326 (UTC)] info/application	[Sensor] Updated distance: 12.5256313402325 cm | Severity=75 | SourceName=Sensor | EventType=application
[2026-08-16 19:10:35.326 (UTC)] info/application	[Sensor] Updated distance: 12.4631204146254 cm | Severity=75 | SourceName=Sensor | EventType=application
[2026-08-16 19:10:36.327 (UTC)] info/application	[Sensor] Updated distance: 12.4373954520269 cm | Severity=75 | SourceName=Sensor | EventType=application
[2026-08-16 19:10:37.327 (UTC)] info/application	[Sensor] Updated distance: 12.5181260199836 cm | Severity=75 | SourceName=Sensor | EventType=application
[2026-08-16 19:10:38.328 (UTC)] info/application	[Sensor] Updated distance: 11.8350542389485 cm | Severity=75 | SourceName=Sensor | EventType=application
[2026-08-16 19:10:39.328 (UTC)] info/application	[Sensor] Updated distance: 12.0559054706506 cm | Severity=75 | SourceName=Sensor | EventType=application
[2026-08-16 19:10:40.329 (UTC)] info/application	[Sensor] Updated distance: 11.933341451191 cm | Severity=75 | SourceName=Sensor | EventType=application
[2026-08-16 19:10:41.329 (UTC)] info/application	[Sensor] Updated distance: 11.4556705152875 cm | Severity=75 | SourceName=Sensor | EventType=application
[2026-08-16 19:10:42.329 (UTC)] info/application	[Sensor] Updated distance: 11.4031038921806 cm | Severity=75 | SourceName=Sensor | EventType=application
[2026-08-16 19:10:43.329 (UTC)] info/application	[Sensor] Updated distance: 10.5904373506039 cm | Severity=75 | SourceName=Sensor | EventType=application
[2026-08-16 19:10:44.329 (UTC)] info/application	[Sensor] Updated distance: 9.6308823899044 cm | Severity=75 | SourceName=Sensor | EventType=application
[2026-08-16 19:10:45.328 (UTC)] info/application	[Sensor] Updated distance: 9.31023194562188 cm | Severity=75 | SourceName=Sensor | EventType=application
[2026-08-16 19:10:46.328 (UTC)] info/application	[Sensor] Updated distance: 9.1719330948181 cm | Severity=75 | SourceName=Sensor | EventType=application
[2026-08-16 19:10:47.328 (UTC)] info/application	[Sensor] Updated distance: 8.32574354220448 cm | Severity=75 | SourceName=Sensor | EventType=application
[2026-08-16 19:10:48.328 (UTC)] info/application	[Sensor] Updated distance: 9.58651271280204 cm | Severity=75 | SourceName=Sensor | EventType=application
[2026-08-16 19:10:49.329 (UTC)] info/application	[Sensor] Updated distance: 9.25105757277973 cm | Severity=75 | SourceName=Sensor | EventType=application
[2026-08-16 19:10:50.328 (UTC)] info/application	[Sensor] Updated distance: 10.5680162450615 cm | Severity=75 | SourceName=Sensor | EventType=application
[2026-08-16 19:10:51.328 (UTC)] info/application	[Sensor] Updated distance: 11.5870712099537 cm | Severity=75 | SourceName=Sensor | EventType=application
[2026-08-16 19:10:52.328 (UTC)] info/application	[Sensor] Updated distance: 11.0904103194319 cm | Severity=75 | SourceName=Sensor | EventType=application
[2026-08-16 19:10:53.328 (UTC)] info/application	[Sensor] Updated distance: 12.2261256171512 cm | Severity=75 | SourceName=Sensor | EventType=application
[2026-08-16 19:10:54.328 (UTC)] info/application	[Sensor] Updated distance: 13.6956376038471 cm | Severity=75 | SourceName=Sensor | EventType=application
[2026-08-16 19:10:55.328 (UTC)] info/application	[Sensor] Updated distance: 12.2528983532697 cm | Severity=75 | SourceName=Sensor | EventType=application
[2026-08-16 19:10:56.327 (UTC)] info/application	[Sensor] Updated distance: 12.5717045399694 cm | Severity=75 | SourceName=Sensor | EventType=application
[2026-08-16 19:10:57.327 (UTC)] info/application	[Sensor] Updated distance: 11.7291335234088 cm | Severity=75 | SourceName=Sensor | EventType=application
[2026-08-16 19:10:58.328 (UTC)] info/application	[Sensor] Updated distance: 11.1884532466943 cm | Severity=75 | SourceName=Sensor | EventType=application
[2026-08-16 19:10:59.328 (UTC)] info/application	[Sensor] Updated distance: 11.8738580033527 cm | Severity=75 | SourceName=Sensor | EventType=application
[2026-08-16 19:11:00.329 (UTC)] info/application	[Sensor] Updated distance: 12.4718884602058 cm | Severity=75 | SourceName=Sensor | EventType=application
[2026-08-16 19:11:01.329 (UTC)] info/application	[Sensor] Updated distance: 12.3244631389735 cm | Severity=75 | SourceName=Sensor | EventType=application
[2026-08-16 19:11:02.329 (UTC)] info/application	[Sensor] Updated distance: 11.429841147703 cm | Severity=75 | SourceName=Sensor | EventType=application
[2026-08-16 19:11:03.329 (UTC)] info/application	[Sensor] Updated distance: 11.6979729783246 cm | Severity=75 | SourceName=Sensor | EventType=application
[2026-08-16 19:11:04.329 (UTC)] info/application	[Sensor] Updated distance: 11.5499140899861 cm | Severity=75 | SourceName=Sensor | EventType=application
[2026-08-16 19:11:05.329 (UTC)] info/application	[Sensor] Updated distance: 11.4896888507016 cm | Severity=75 | SourceName=Sensor | EventType=application
[2026-08-16 19:11:06.329 (UTC)] info/application	[Sensor] Updated distance: 10.1953097543192 cm | Severity=75 | SourceName=Sensor | EventType=application
[2026-08-16 19:11:07.328 (UTC)] info/application	[Sensor] Updated distance: 11.5215259047791 cm | Severity=75 | SourceName=Sensor | EventType=application
[2026-08-16 19:11:08.328 (UTC)] info/application	[Sensor] Updated distance: 10.0420312320543 cm | Severity=75 | SourceName=Sensor | EventType=application
[2026-08-16 19:11:09.328 (UTC)] info/application	[Sensor] Updated distance: 9.56458035463679 cm | Severity=75 | SourceName=Sensor | EventType=application
[2026-08-16 19:11:10.327 (UTC)] info/application	[Sensor] Updated distance: 9.61164773540181 cm | Severity=75 | SourceName=Sensor | EventType=application
[2026-08-16 19:11:11.327 (UTC)] info/application	[Sensor] Updated distance: 9.50958904321751 cm | Severity=75 | SourceName=Sensor | EventType=application
[2026-08-16 19:11:12.327 (UTC)] info/application	[Sensor] Updated distance: 10.0544672298964 cm | Severity=75 | SourceName=Sensor | EventType=application
[2026-08-16 19:11:13.326 (UTC)] info/application	[Sensor] Updated distance: 11.5489679875546 cm | Severity=75 | SourceName=Sensor | EventType=application
[2026-08-16 19:11:14.326 (UTC)] info/application	[Sensor] Updated distance: 12.1342427537936 cm | Severity=75 | SourceName=Sensor | EventType=application
[2026-08-16 19:11:15.327 (UTC)] info/application	[Sensor] Updated distance: 13.2195659811699 cm | Severity=75 | SourceName=Sensor | EventType=application
[2026-08-16 19:11:16.327 (UTC)] info/application	[Sensor] Updated distance: 12.8934162931486 cm | Severity=75 | SourceName=Sensor | EventType=application
[2026-08-16 19:11:17.327 (UTC)] info/application	[Sensor] Updated distance: 11.8403922071868 cm | Severity=75 | SourceName=Sensor | EventType=application
[2026-08-16 19:11:18.327 (UTC)] info/application	[Sensor] Updated distance: 10.5795258805526 cm | Severity=75 | SourceName=Sensor | EventType=application
[2026-08-16 19:11:19.328 (UTC)] info/application	[Sensor] Updated distance: 10.0141453631288 cm | Severity=75 | SourceName=Sensor | EventType=application
[2026-08-16 19:11:20.328 (UTC)] info/application	[Sensor] Updated distance: 10.1256661371447 cm | Severity=75 | SourceName=Sensor | EventType=application
[2026-08-16 19:11:21.328 (UTC)] info/application	[Sensor] Updated distance: 8.6817584813953 cm | Severity=75 | SourceName=Sensor | EventType=application
[2026-08-16 19:11:22.328 (UTC)] info/application	[Sensor] Updated distance: 7.63543292746665 cm | Severity=75 | SourceName=Sensor | EventType=application
[2026-08-16 19:11:23.328 (UTC)] info/application	[Sensor] Updated distance: 8.7502928109608 cm | Severity=75 | SourceName=Sensor | EventType=application
[2026-08-16 19:11:24.328 (UTC)] info/application	[Sensor] Updated distance: 9.94210045432768 cm | Severity=75 | SourceName=Sensor | EventType=application
[2026-08-16 19:11:25.327 (UTC)] info/application	[Sensor] Updated distance: 8.86528688569798 cm | Severity=75 | SourceName=Sensor | EventType=application
[2026-08-16 19:11:26.327 (UTC)] info/application	[Sensor] Updated distance: 10.0374075186147 cm | Severity=75 | SourceName=Sensor | EventType=application
[2026-08-16 19:11:27.327 (UTC)] info/application	[Sensor] Updated distance: 10.0480213472843 cm | Severity=75 | SourceName=Sensor | EventType=application
[2026-08-16 19:11:28.327 (UTC)] info/application	[Sensor] Updated distance: 9.62863676209403 cm | Severity=75 | SourceName=Sensor | EventType=application
[2026-08-16 19:11:29.326 (UTC)] info/application	[Sensor] Updated distance: 8.76007711689921 cm | Severity=75 | SourceName=Sensor | EventType=application
[2026-08-16 19:11:30.326 (UTC)] info/application	[Sensor] Updated distance: 7.95609570222723 cm | Severity=75 | SourceName=Sensor | EventType=application
[2026-08-16 19:11:31.336 (UTC)] info/application	[Sensor] Updated distance: 6.63474157249309 cm | Severity=75 | SourceName=Sensor | EventType=application
[2026-08-16 19:11:32.335 (UTC)] info/application	[Sensor] Updated distance: 7.118756606066 cm | Severity=75 | SourceName=Sensor | EventType=application
[2026-08-16 19:11:33.335 (UTC)] info/application	[Sensor] Updated distance: 6.92015320012352 cm | Severity=75 | SourceName=Sensor | EventType=application
[2026-08-16 19:11:34.334 (UTC)] info/application	[Sensor] Updated distance: 7.36693090101094 cm | Severity=75 | SourceName=Sensor | EventType=application
[2026-08-16 19:11:35.333 (UTC)] info/application	[Sensor] Updated distance: 6.20288704624532 cm | Severity=75 | SourceName=Sensor | EventType=application
[2026-08-16 19:11:36.333 (UTC)] info/application	[Sensor] Updated distance: 7.44405840101839 cm | Severity=75 | SourceName=Sensor | EventType=application
[2026-08-16 19:11:37.332 (UTC)] info/application	[Sensor] Updated distance: 8.09645700552334 cm | Severity=75 | SourceName=Sensor | EventType=application
[2026-08-16 19:11:38.331 (UTC)] info/application	[Sensor] Updated distance: 6.75862929982068 cm | Severity=75 | SourceName=Sensor | EventType=application
[2026-08-16 19:11:39.331 (UTC)] info/application	[Sensor] Updated distance: 8.020305981869 cm | Severity=75 | SourceName=Sensor | EventType=application
[2026-08-16 19:11:40.331 (UTC)] info/application	[Sensor] Updated distance: 6.6952537089564 cm | Severity=75 | SourceName=Sensor | EventType=application
[2026-08-16 19:11:41.331 (UTC)] info/application	[Sensor] Updated distance: 6.90449338401875 cm | Severity=75 | SourceName=Sensor | EventType=application
[2026-08-16 19:11:42.331 (UTC)] info/application	[Sensor] Updated distance: 6.56411137248579 cm | Severity=75 | SourceName=Sensor | EventType=application
[2026-08-16 19:11:43.331 (UTC)] info/application	[Sensor] Updated distance: 7.28393728625211 cm | Severity=75 | SourceName=Sensor | EventType=application
[2026-08-16 19:11:44.332 (UTC)] info/application	[Sensor] Updated distance: 7.48767771757564 cm | Severity=75 | SourceName=Sensor | EventType=application
[2026-08-16 19:11:45.331 (UTC)] info/application	[Sensor] Updated distance: 6.23257047088469 cm | Severity=75 | SourceName=Sensor | EventType=application
[2026-08-16 19:11:46.331 (UTC)] info/application	[Sensor] Updated distance: 6.53771961063039 cm | Severity=75 | SourceName=Sensor | EventType=application
[2026-08-16 19:11:47.330 (UTC)] info/application	[Sensor] Updated distance: 7.91531035393256 cm | Severity=75 | SourceName=Sensor | EventType=application
[2026-08-16 19:11:48.330 (UTC)] info/application	[Sensor] Updated distance: 7.10717902127986 cm | Severity=75 | SourceName=Sensor | EventType=application
[2026-08-16 19:11:49.329 (UTC)] info/application	[Sensor] Updated distance: 7.6514618357883 cm | Severity=75 | SourceName=Sensor | EventType=application
[2026-08-16 19:11:50.329 (UTC)] info/application	[Sensor] Updated distance: 6.96367206026969 cm | Severity=75 | SourceName=Sensor | EventType=application
[2026-08-16 19:11:51.329 (UTC)] info/application	[Sensor] Updated distance: 7.76706150163292 cm | Severity=75 | SourceName=Sensor | EventType=application
[2026-08-16 19:11:52.328 (UTC)] info/application	[Sensor] Updated distance: 8.36743666039193 cm | Severity=75 | SourceName=Sensor | EventType=application
[2026-08-16 19:11:53.328 (UTC)] info/application	[Sensor] Updated distance: 8.13332133094467 cm | Severity=75 | SourceName=Sensor | EventType=application
[2026-08-16 19:11:54.328 (UTC)] info/application	[Sensor] Updated distance: 8.55157065580205 cm | Severity=75 | SourceName=Sensor | EventType=application
[2026-08-16 19:11:55.329 (UTC)] info/application	[Sensor] Updated distance: 8.84375345653096 cm | Severity=75 | SourceName=Sensor | EventType=application
[2026-08-16 19:11:56.329 (UTC)] info/application	[Sensor] Updated distance: 9.032824558454 cm | Severity=75 | SourceName=Sensor | EventType=application
[2026-08-16 19:11:57.330 (UTC)] info/application	[Sensor] Updated distance: 9.12319451483114 cm | Severity=75 | SourceName=Sensor | EventType=application
[2026-08-16 19:11:58.330 (UTC)] info/application	[Sensor] Updated distance: 7.92599114422964 cm | Severity=75 | SourceName=Sensor | EventType=application
[2026-08-16 19:11:59.330 (UTC)] info/application	[Sensor] Updated distance: 9.1956776609624 cm | Severity=75 | SourceName=Sensor | EventType=application
[2026-08-16 19:12:00.330 (UTC)] info/application	[Sensor] Updated distance: 9.9174879735417 cm | Severity=75 | SourceName=Sensor | EventType=application
[2026-08-16 19:12:01.332 (UTC)] info/application	[Sensor] Updated distance: 9.41630318826822 cm | Severity=75 | SourceName=Sensor | EventType=application
[2026-08-16 19:12:02.332 (UTC)] info/application	[Sensor] Updated distance: 10.8646355766638 cm | Severity=75 | SourceName=Sensor | EventType=application
[2026-08-16 19:12:03.332 (UTC)] info/application	[Sensor] Updated distance: 10.5704609214191 cm | Severity=75 | SourceName=Sensor | EventType=application
[2026-08-16 19:12:04.332 (UTC)] info/application	[Sensor] Updated distance: 11.3706727302031 cm | Severity=75 | SourceName=Sensor | EventType=application
[2026-08-16 19:12:05.331 (UTC)] info/application	[Sensor] Updated distance: 11.7657828180891 cm | Severity=75 | SourceName=Sensor | EventType=application
[2026-08-16 19:12:06.331 (UTC)] info/application	[Sensor] Updated distance: 11.8075643080787 cm | Severity=75 | SourceName=Sensor | EventType=application
[2026-08-16 19:12:07.330 (UTC)] info/application	[Sensor] Updated distance: 12.3489474716358 cm | Severity=75 | SourceName=Sensor | EventType=application
[2026-08-16 19:12:08.329 (UTC)] info/application	[Sensor] Updated distance: 11.8964561640268 cm | Severity=75 | SourceName=Sensor | EventType=application
[2026-08-16 19:12:09.329 (UTC)] info/application	[Sensor] Updated distance: 12.1004099483138 cm | Severity=75 | SourceName=Sensor | EventType=application
[2026-08-16 19:12:10.329 (UTC)] info/application	[Sensor] Updated distance: 12.4034697925222 cm | Severity=75 | SourceName=Sensor | EventType=application
[2026-08-16 19:12:11.328 (UTC)] info/application	[Sensor] Updated distance: 12.1259262120006 cm | Severity=75 | SourceName=Sensor | EventType=application
[2026-08-16 19:12:12.328 (UTC)] info/application	[Sensor] Updated distance: 11.0391196699529 cm | Severity=75 | SourceName=Sensor | EventType=application
[2026-08-16 19:12:13.328 (UTC)] info/application	[Sensor] Updated distance: 12.5017975040254 cm | Severity=75 | SourceName=Sensor | EventType=application
[2026-08-16 19:12:14.328 (UTC)] info/application	[Sensor] Updated distance: 11.4440798358731 cm | Severity=75 | SourceName=Sensor | EventType=application
[2026-08-16 19:12:15.328 (UTC)] info/application	[Sensor] Updated distance: 12.061013725149 cm | Severity=75 | SourceName=Sensor | EventType=application
[2026-08-16 19:12:16.328 (UTC)] info/application	[Sensor] Updated distance: 10.7685843111335 cm | Severity=75 | SourceName=Sensor | EventType=application
[2026-08-16 19:12:17.327 (UTC)] info/application	[Sensor] Updated distance: 11.5160157841239 cm | Severity=75 | SourceName=Sensor | EventType=application
[2026-08-16 19:12:18.327 (UTC)] info/application	[Sensor] Updated distance: 12.0105404167019 cm | Severity=75 | SourceName=Sensor | EventType=application
[2026-08-16 19:12:19.327 (UTC)] info/application	[Sensor] Updated distance: 11.4099796714308 cm | Severity=75 | SourceName=Sensor | EventType=application
[2026-08-16 19:12:20.327 (UTC)] info/application	[Sensor] Updated distance: 11.2016939575326 cm | Severity=75 | SourceName=Sensor | EventType=application
[2026-08-16 19:12:21.327 (UTC)] info/application	[Sensor] Updated distance: 12.508428814592 cm | Severity=75 | SourceName=Sensor | EventType=application
[2026-08-16 19:12:22.327 (UTC)] info/application	[Sensor] Updated distance: 11.2112575092871 cm | Severity=75 | SourceName=Sensor | EventType=application
[2026-08-16 19:12:23.327 (UTC)] info/application	[Sensor] Updated distance: 10.103346952751 cm | Severity=75 | SourceName=Sensor | EventType=application
[2026-08-16 19:12:24.327 (UTC)] info/application	[Sensor] Updated distance: 9.67596648036313 cm | Severity=75 | SourceName=Sensor | EventType=application
[2026-08-16 19:12:25.327 (UTC)] info/application	[Sensor] Updated distance: 10.2970444999156 cm | Severity=75 | SourceName=Sensor | EventType=application
[2026-08-16 19:12:26.326 (UTC)] info/application	[Sensor] Updated distance: 10.9813167455053 cm | Severity=75 | SourceName=Sensor | EventType=application
[2026-08-16 19:12:27.326 (UTC)] info/application	[Sensor] Updated distance: 12.2430073750405 cm | Severity=75 | SourceName=Sensor | EventType=application
[2026-08-16 19:12:28.326 (UTC)] info/application	[Sensor] Updated distance: 11.4544553509701 cm | Severity=75 | SourceName=Sensor | EventType=application
[2026-08-16 19:12:29.326 (UTC)] info/application	[Sensor] Updated distance: 12.4415242259584 cm | Severity=75 | SourceName=Sensor | EventType=application
[2026-08-16 19:12:30.326 (UTC)] info/application	[Sensor] Updated distance: 13.4729013722264 cm | Severity=75 | SourceName=Sensor | EventType=application
[2026-08-16 19:12:31.336 (UTC)] info/application	[Sensor] Updated distance: 14.9061596607352 cm | Severity=75 | SourceName=Sensor | EventType=application
[2026-08-16 19:12:32.335 (UTC)] info/application	[Sensor] Updated distance: 13.892043749053 cm | Severity=75 | SourceName=Sensor | EventType=application
[2026-08-16 19:12:33.335 (UTC)] info/application	[Sensor] Updated distance: 14.8717532823196 cm | Severity=75 | SourceName=Sensor | EventType=application
[2026-08-16 19:12:34.335 (UTC)] info/application	[Sensor] Updated distance: 14.5108369141867 cm | Severity=75 | SourceName=Sensor | EventType=application
[2026-08-16 19:12:35.335 (UTC)] info/application	[Sensor] Updated distance: 15.7969328112886 cm | Severity=75 | SourceName=Sensor | EventType=application
[2026-08-16 19:12:36.334 (UTC)] info/application	[Sensor] Updated distance: 15.6717524310442 cm | Severity=75 | SourceName=Sensor | EventType=application
[2026-08-16 19:12:37.334 (UTC)] info/application	[Sensor] Updated distance: 16.8526175542979 cm | Severity=75 | SourceName=Sensor | EventType=application
[2026-08-16 19:12:38.333 (UTC)] info/application	[Sensor] Updated distance: 17.1800966135599 cm | Severity=75 | SourceName=Sensor | EventType=application
[2026-08-16 19:12:39.333 (UTC)] info/application	[Sensor] Updated distance: 18.1024249257065 cm | Severity=75 | SourceName=Sensor | EventType=application
[2026-08-16 19:12:40.333 (UTC)] info/application	[Sensor] Updated distance: 17.9872438318502 cm | Severity=75 | SourceName=Sensor | EventType=application
[2026-08-16 19:12:41.333 (UTC)] info/application	[Sensor] Updated distance: 17.1177827353206 cm | Severity=75 | SourceName=Sensor | EventType=application
[2026-08-16 19:12:42.333 (UTC)] info/application	[Sensor] Updated distance: 16.2625674655486 cm | Severity=75 | SourceName=Sensor | EventType=application
[2026-08-16 19:12:43.333 (UTC)] info/application	[Sensor] Updated distance: 16.5605798310416 cm | Severity=75 | SourceName=Sensor | EventType=application
[2026-08-16 19:12:44.333 (UTC)] info/application	[Sensor] Updated distance: 15.6537965671875 cm | Severity=75 | SourceName=Sensor | EventType=application
[2026-08-16 19:12:45.333 (UTC)] info/application	[Sensor] Updated distance: 15.2408636306603 cm | Severity=75 | SourceName=Sensor | EventType=application
[2026-08-16 19:12:46.333 (UTC)] info/application	[Sensor] Updated distance: 14.6558098840321 cm | Severity=75 | SourceName=Sensor | EventType=application
[2026-08-16 19:12:47.333 (UTC)] info/application	[Sensor] Updated distance: 13.9565972061625 cm | Severity=75 | SourceName=Sensor | EventType=application
[2026-08-16 19:12:48.334 (UTC)] info/application	[Sensor] Updated distance: 12.7910957412287 cm | Severity=75 | SourceName=Sensor | EventType=application
[2026-08-16 19:12:49.333 (UTC)] info/application	[Sensor] Updated distance: 14.2005666271786 cm | Severity=75 | SourceName=Sensor | EventType=application
[2026-08-16 19:12:50.334 (UTC)] info/application	[Sensor] Updated distance: 14.4007932040378 cm | Severity=75 | SourceName=Sensor | EventType=application
[2026-08-16 19:12:51.333 (UTC)] info/application	[Sensor] Updated distance: 14.5270060252058 cm | Severity=75 | SourceName=Sensor | EventType=application
[2026-08-16 19:12:52.334 (UTC)] info/application	[Sensor] Updated distance: 15.7432117682151 cm | Severity=75 | SourceName=Sensor | EventType=application
[2026-08-16 19:12:53.334 (UTC)] info/application	[Sensor] Updated distance: 16.1462670411664 cm | Severity=75 | SourceName=Sensor | EventType=application
[2026-08-16 19:12:54.335 (UTC)] info/application	[Sensor] Updated distance: 16.6645693057983 cm | Severity=75 | SourceName=Sensor | EventType=application
[2026-08-16 19:12:55.335 (UTC)] info/application	[Sensor] Updated distance: 15.9533945750228 cm | Severity=75 | SourceName=Sensor | EventType=application
[2026-08-16 19:12:56.334 (UTC)] info/application	[Sensor] Updated distance: 15.4775278661295 cm | Severity=75 | SourceName=Sensor | EventType=application
[2026-08-16 19:12:57.334 (UTC)] info/application	[Sensor] Updated distance: 15.1801023749542 cm | Severity=75 | SourceName=Sensor | EventType=application
[2026-08-16 19:12:58.334 (UTC)] info/application	[Sensor] Updated distance: 14.2306182723169 cm | Severity=75 | SourceName=Sensor | EventType=application
[2026-08-16 19:12:59.333 (UTC)] info/application	[Sensor] Updated distance: 14.4661995393532 cm | Severity=75 | SourceName=Sensor | EventType=application
[2026-08-16 19:13:00.334 (UTC)] info/application	[Sensor] Updated distance: 13.6558429217692 cm | Severity=75 | SourceName=Sensor | EventType=application
[2026-08-16 19:13:01.334 (UTC)] info/application	[Sensor] Updated distance: 12.2377359640029 cm | Severity=75 | SourceName=Sensor | EventType=application
[2026-08-16 19:13:02.334 (UTC)] info/application	[Sensor] Updated distance: 12.4065755181511 cm | Severity=75 | SourceName=Sensor | EventType=application
[2026-08-16 19:13:03.334 (UTC)] info/application	[Sensor] Updated distance: 12.0821029888848 cm | Severity=75 | SourceName=Sensor | EventType=application
[2026-08-16 19:13:04.334 (UTC)] info/application	[Sensor] Updated distance: 13.1437055643851 cm | Severity=75 | SourceName=Sensor | EventType=application
[2026-08-16 19:13:05.334 (UTC)] info/application	[Sensor] Updated distance: 14.4516287517974 cm | Severity=75 | SourceName=Sensor | EventType=application
[2026-08-16 19:13:06.334 (UTC)] info/application	[Sensor] Updated distance: 13.913252119633 cm | Severity=75 | SourceName=Sensor | EventType=application
[2026-08-16 19:13:07.334 (UTC)] info/application	[Sensor] Updated distance: 13.349674314889 cm | Severity=75 | SourceName=Sensor | EventType=application
[2026-08-16 19:13:08.334 (UTC)] info/application	[Sensor] Updated distance: 14.338462624158 cm | Severity=75 | SourceName=Sensor | EventType=application
[2026-08-16 19:13:09.334 (UTC)] info/application	[Sensor] Updated distance: 15.6275650512555 cm | Severity=75 | SourceName=Sensor | EventType=application
[2026-08-16 19:13:10.334 (UTC)] info/application	[Sensor] Updated distance: 14.4863155572611 cm | Severity=75 | SourceName=Sensor | EventType=application
[2026-08-16 19:13:11.334 (UTC)] info/application	[Sensor] Updated distance: 13.8599227712768 cm | Severity=75 | SourceName=Sensor | EventType=application
[2026-08-16 19:13:12.335 (UTC)] info/application	[Sensor] Updated distance: 12.7795641004478 cm | Severity=75 | SourceName=Sensor | EventType=application
[2026-08-16 19:13:13.335 (UTC)] info/application	[Sensor] Updated distance: 12.2830993380784 cm | Severity=75 | SourceName=Sensor | EventType=application
[2026-08-16 19:13:14.335 (UTC)] info/application	[Sensor] Updated distance: 13.4547189175872 cm | Severity=75 | SourceName=Sensor | EventType=application
[2026-08-16 19:13:15.335 (UTC)] info/application	[Sensor] Updated distance: 12.967576982904 cm | Severity=75 | SourceName=Sensor | EventType=application
[2026-08-16 19:13:16.335 (UTC)] info/application	[Sensor] Updated distance: 13.5581792840074 cm | Severity=75 | SourceName=Sensor | EventType=application
[2026-08-16 19:13:17.334 (UTC)] info/application	[Sensor] Updated distance: 12.6447451168879 cm | Severity=75 | SourceName=Sensor | EventType=application
[2026-08-16 19:13:18.334 (UTC)] info/application	[Sensor] Updated distance: 12.9583905057322 cm | Severity=75 | SourceName=Sensor | EventType=application
[2026-08-16 19:13:19.334 (UTC)] info/application	[Sensor] Updated distance: 13.8834913419017 cm | Severity=75 | SourceName=Sensor | EventType=application
[2026-08-16 19:13:20.334 (UTC)] info/application	[Sensor] Updated distance: 12.8795280593352 cm | Severity=75 | SourceName=Sensor | EventType=application
[2026-08-16 19:13:21.334 (UTC)] info/application	[Sensor] Updated distance: 11.8934000236417 cm | Severity=75 | SourceName=Sensor | EventType=application
[2026-08-16 19:13:22.334 (UTC)] info/application	[Sensor] Updated distance: 11.4447136795822 cm | Severity=75 | SourceName=Sensor | EventType=application
[2026-08-16 19:13:23.334 (UTC)] info/application	[Sensor] Updated distance: 10.156956138628 cm | Severity=75 | SourceName=Sensor | EventType=application
[2026-08-16 19:13:24.334 (UTC)] info/application	[Sensor] Updated distance: 11.0738833758858 cm | Severity=75 | SourceName=Sensor | EventType=application
[2026-08-16 19:13:25.334 (UTC)] info/application	[Sensor] Updated distance: 9.6434992950612 cm | Severity=75 | SourceName=Sensor | EventType=application
[2026-08-16 19:13:26.334 (UTC)] info/application	[Sensor] Updated distance: 9.14456702333154 cm | Severity=75 | SourceName=Sensor | EventType=application
[2026-08-16 19:13:27.335 (UTC)] info/application	[Sensor] Updated distance: 8.08562755169607 cm | Severity=75 | SourceName=Sensor | EventType=application
[2026-08-16 19:13:28.335 (UTC)] info/application	[Sensor] Updated distance: 7.85781798109308 cm | Severity=75 | SourceName=Sensor | EventType=application
[2026-08-16 19:13:29.335 (UTC)] info/application	[Sensor] Updated distance: 7.90940160812314 cm | Severity=75 | SourceName=Sensor | EventType=application
[2026-08-16 19:13:30.335 (UTC)] info/application	[Sensor] Updated distance: 8.58604340352397 cm | Severity=75 | SourceName=Sensor | EventType=application
[2026-08-16 19:13:31.336 (UTC)] info/application	[Sensor] Updated distance: 9.04787721533693 cm | Severity=75 | SourceName=Sensor | EventType=application
[2026-08-16 19:13:32.336 (UTC)] info/application	[Sensor] Updated distance: 9.18135388460071 cm | Severity=75 | SourceName=Sensor | EventType=application
[2026-08-16 19:13:33.326 (UTC)] info/application	[Sensor] Updated distance: 8.52683523414973 cm | Severity=75 | SourceName=Sensor | EventType=application
[2026-08-16 19:13:34.327 (UTC)] info/application	[Sensor] Updated distance: 7.16419651669643 cm | Severity=75 | SourceName=Sensor | EventType=application
[2026-08-16 19:13:35.327 (UTC)] info/application	[Sensor] Updated distance: 6.85927576146053 cm | Severity=75 | SourceName=Sensor | EventType=application
[2026-08-16 19:13:36.327 (UTC)] info/application	[Sensor] Updated distance: 6.01268029702484 cm | Severity=75 | SourceName=Sensor | EventType=application
[2026-08-16 19:13:37.327 (UTC)] info/application	[Sensor] Updated distance: 5.61166494740714 cm | Severity=75 | SourceName=Sensor | EventType=appli