[2026-08-17 03:08:24.208 (UTC+0800)] [33mwarn/server[0m	AccessControl: Unconfigured AccessControl. Users have all permissions.
[2026-08-17 03:08:24.208 (UTC+0800)] [32minfo/server[0m	AccessControl: Anonymous login is enabled
[2026-08-17 03:08:24.208 (UTC+0800)] [33mwarn/server[0m	x509 Certificate Authentication configured, but no encrypting SecurityPolicy. This can leak credentials on the network.
[2026-08-17 03:08:24.241 (UTC+0800)] [33mwarn/application[0m	ServerUrls already set. Overriding.
[2026-08-17 03:08:24.241 (UTC+0800)] [33mwarn/server[0m	AccessControl: Unconfigured AccessControl. Users have all permissions.
[2026-08-17 03:08:24.241 (UTC+0800)] [32minfo/server[0m	AccessControl: Anonymous login is enabled
[2026-08-17 03:08:24.241 (UTC+0800)] [33mwarn/server[0m	x509 Certificate Authentication configured, but no encrypting SecurityPolicy. This can leak credentials on the network.
[2026-08-17 03:08:24.241 (UTC+0800)] [33mwarn/server[0m	x509 Certificate Authentication configured, but no encrypting SecurityPolicy. This can leak credentials on the network.
[2026-08-16 19:08:24.241 (UTC)] info/application	Sensor Server online (Client/Server mode, id=3 port=4844) | Severity=75 | SourceName=Sensor3 | EventType=application
Entering background polling mode: attempting to connect to Aggregation Server...
Connected successfully. Log forwarding started.
[2026-08-16 19:08:25.250 (UTC)] info/application	[Sensor] Updated distance: 26.6127221086587 cm | Severity=75 | SourceName=Sensor3 | EventType=application
[2026-08-16 19:08:26.220 (UTC)] info/network	[System] TCP 16	| Connection opened from "127.0.0.1" via the server socket 8 | Severity=75 | SourceName=System | EventType=network
[2026-08-16 19:08:26.220 (UTC)] info/channel	[System] TCP 16	| SC 1	| SecureChannel created | Severity=75 | SourceName=System | EventType=channel
[2026-08-16 19:08:26.240 (UTC)] info/channel	[System] TCP 16	| SC 1	| OpenSecureChannel: Channel opened with SecurityMode None for SecurityPolicy http://opcfoundation.org/UA/SecurityPolicy#None and a revised lifetime of 600.0s | Severity=75 | SourceName=System | EventType=channel
[2026-08-16 19:08:26.250 (UTC)] info/application	[Sensor] Updated distance: 26.932268315429 cm | Severity=75 | SourceName=Sensor3 | EventType=application
[2026-08-16 19:08:26.261 (UTC)] warn/client	[System] Removing a UserTokenPolicy that would allow the password to be transmitted without encryption (Can be enabled via config->allowNonePolicyPassword) | Severity=175 | SourceName=System | EventType=client
[2026-08-16 19:08:26.261 (UTC)] warn/client	[System] Removing a UserTokenPolicy that would allow the password to be transmitted without encryption (Can be enabled via config->allowNonePolicyPassword) | Severity=175 | SourceName=System | EventType=client
[2026-08-16 19:08:26.271 (UTC)] warn/client	[System] Removing a UserTokenPolicy that would allow the password to be transmitted without encryption (Can be enabled via config->allowNonePolicyPassword) | Severity=175 | SourceName=System | EventType=client
[2026-08-16 19:08:26.271 (UTC)] warn/client	[System] Removing a UserTokenPolicy that would allow the password to be transmitted without encryption (Can be enabled via config->allowNonePolicyPassword) | Severity=175 | SourceName=System | EventType=client
[2026-08-16 19:08:26.272 (UTC)] info/session	[System] TCP 16	| SC 1	| Session "ns=1;g=93a3a33e-a2b7-e713-4ee4-7ec7a52a3283"	| Session created | Severity=75 | SourceName=System | EventType=session
[2026-08-16 19:08:26.282 (UTC)] info/session	[System] TCP 16	| SC 1	| Session "ns=1;g=93a3a33e-a2b7-e713-4ee4-7ec7a52a3283"	| ActivateSession: Session activated with ClientUserId "" | Severity=75 | SourceName=System | EventType=session
[2026-08-16 19:08:26.667 (UTC)] info/session	[System] TCP 16	| SC 1	| Session "ns=1;g=93a3a33e-a2b7-e713-4ee4-7ec7a52a3283"	| Subscription 1 | Subscription created (Publishing interval 500.0ms, max 1000 notifications per publish) | Severity=75 | SourceName=System | EventType=session
[2026-08-16 19:08:26.688 (UTC)] info/session	[System] TCP 16	| SC 1	| Session "ns=1;g=93a3a33e-a2b7-e713-4ee4-7ec7a52a3283"	| Subscription 1 | MonitoredItem 1 | Created the MonitoredItem (Sampling Interval: 250.0ms, Queue Size: 1) | Severity=75 | SourceName=System | EventType=session
[2026-08-16 19:08:27.243 (UTC)] info/application	[Sensor] Updated distance: 26.9385387662046 cm | Severity=75 | SourceName=Sensor3 | EventType=application
[2026-08-16 19:08:28.243 (UTC)] info/application	[Sensor] Updated distance: 26.5221640833291 cm | Severity=75 | SourceName=Sensor3 | EventType=application
[2026-08-16 19:08:29.326 (UTC)] info/application	[Sensor] Updated distance: 25.9080177454315 cm | Severity=75 | SourceName=Sensor3 | EventType=application
[2026-08-16 19:08:30.246 (UTC)] info/application	[Sensor] Updated distance: 25.7712555810675 cm | Severity=75 | SourceName=Sensor3 | EventType=application
[2026-08-16 19:08:31.246 (UTC)] info/application	[Sensor] Updated distance: 26.1047437300928 cm | Severity=75 | SourceName=Sensor3 | EventType=application
[2026-08-16 19:08:32.246 (UTC)] info/application	[Sensor] Updated distance: 26.3739500368824 cm | Severity=75 | SourceName=Sensor3 | EventType=application
[2026-08-16 19:08:33.246 (UTC)] info/application	[Sensor] Updated distance: 27.7408136009429 cm | Severity=75 | SourceName=Sensor3 | EventType=application
[2026-08-16 19:08:34.246 (UTC)] info/application	[Sensor] Updated distance: 27.614391362115 cm | Severity=75 | SourceName=Sensor3 | EventType=application
[2026-08-16 19:08:35.246 (UTC)] info/application	[Sensor] Updated distance: 26.7991116113491 cm | Severity=75 | SourceName=Sensor3 | EventType=application
[2026-08-16 19:08:36.246 (UTC)] info/application	[Sensor] Updated distance: 26.3565485073983 cm | Severity=75 | SourceName=Sensor3 | EventType=application
[2026-08-16 19:08:37.246 (UTC)] info/application	[Sensor] Updated distance: 27.3456924929496 cm | Severity=75 | SourceName=Sensor3 | EventType=application
[2026-08-16 19:08:38.246 (UTC)] info/application	[Sensor] Updated distance: 27.4359424526039 cm | Severity=75 | SourceName=Sensor3 | EventType=application
[2026-08-16 19:08:39.246 (UTC)] info/application	[Sensor] Updated distance: 26.69368544975 cm | Severity=75 | SourceName=Sensor3 | EventType=application
[2026-08-16 19:08:40.247 (UTC)] info/application	[Sensor] Updated distance: 27.8719798530787 cm | Severity=75 | SourceName=Sensor3 | EventType=application
[2026-08-16 19:08:41.247 (UTC)] info/application	[Sensor] Updated distance: 28.1287589672156 cm | Severity=75 | SourceName=Sensor3 | EventType=application
[2026-08-16 19:08:42.247 (UTC)] info/application	[Sensor] Updated distance: 29.0614697234991 cm | Severity=75 | SourceName=Sensor3 | EventType=application
[2026-08-16 19:08:43.249 (UTC)] info/application	[Sensor] Updated distance: 29.5637453547976 cm | Severity=75 | SourceName=Sensor3 | EventType=application
[2026-08-16 19:08:44.249 (UTC)] info/application	[Sensor] Updated distance: 28.1520407517217 cm | Severity=75 | SourceName=Sensor3 | EventType=application
[2026-08-16 19:08:45.249 (UTC)] info/application	[Sensor] Updated distance: 28.6065011276428 cm | Severity=75 | SourceName=Sensor3 | EventType=application
[2026-08-16 19:08:46.249 (UTC)] info/application	[Sensor] Updated distance: 29.5758990382663 cm | Severity=75 | SourceName=Sensor3 | EventType=application
[2026-08-16 19:08:47.250 (UTC)] info/application	[Sensor] Updated distance: 30.4455718686551 cm | Severity=75 | SourceName=Sensor3 | EventType=application
[2026-08-16 19:08:48.250 (UTC)] info/application	[Sensor] Updated distance: 28.9692671610831 cm | Severity=75 | SourceName=Sensor3 | EventType=application
[2026-08-16 19:08:49.250 (UTC)] info/application	[Sensor] Updated distance: 30.0253145031283 cm | Severity=75 | SourceName=Sensor3 | EventType=application
[2026-08-16 19:08:50.249 (UTC)] info/application	[Sensor] Updated distance: 29.047404000092 cm | Severity=75 | SourceName=Sensor3 | EventType=application
[2026-08-16 19:08:51.249 (UTC)] info/application	[Sensor] Updated distance: 29.2241750544515 cm | Severity=75 | SourceName=Sensor3 | EventType=application
[2026-08-16 19:08:52.249 (UTC)] info/application	[Sensor] Updated distance: 30.3661302390351 cm | Severity=75 | SourceName=Sensor3 | EventType=application
[2026-08-16 19:08:53.249 (UTC)] info/application	[Sensor] Updated distance: 28.8912949237932 cm | Severity=75 | SourceName=Sensor3 | EventType=application
[2026-08-16 19:08:54.249 (UTC)] info/application	[Sensor] Updated distance: 28.7244909595347 cm | Severity=75 | SourceName=Sensor3 | EventType=application
[2026-08-16 19:08:55.249 (UTC)] info/application	[Sensor] Updated distance: 29.9006168848838 cm | Severity=75 | SourceName=Sensor3 | EventType=application
[2026-08-16 19:08:56.250 (UTC)] info/application	[Sensor] Updated distance: 30.5385036796976 cm | Severity=75 | SourceName=Sensor3 | EventType=application
[2026-08-16 19:08:57.249 (UTC)] info/application	[Sensor] Updated distance: 29.1912459208124 cm | Severity=75 | SourceName=Sensor3 | EventType=application
[2026-08-16 19:08:58.250 (UTC)] info/application	[Sensor] Updated distance: 28.8736422969371 cm | Severity=75 | SourceName=Sensor3 | EventType=application
[2026-08-16 19:08:59.250 (UTC)] info/application	[Sensor] Updated distance: 27.5951544074785 cm | Severity=75 | SourceName=Sensor3 | EventType=application
[2026-08-16 19:09:00.251 (UTC)] info/application	[Sensor] Updated distance: 27.1337503106956 cm | Severity=75 | SourceName=Sensor3 | EventType=application
[2026-08-16 19:09:01.242 (UTC)] info/application	[Sensor] Updated distance: 28.1793845224564 cm | Severity=75 | SourceName=Sensor3 | EventType=application
[2026-08-16 19:09:02.242 (UTC)] info/application	[Sensor] Updated distance: 28.734384782023 cm | Severity=75 | SourceName=Sensor3 | EventType=application
[2026-08-16 19:09:03.242 (UTC)] info/application	[Sensor] Updated distance: 30.0421869934267 cm | Severity=75 | SourceName=Sensor3 | EventType=application
[2026-08-16 19:09:04.242 (UTC)] info/application	[Sensor] Updated distance: 30.954684767851 cm | Severity=75 | SourceName=Sensor3 | EventType=application
[2026-08-16 19:09:05.242 (UTC)] info/application	[Sensor] Updated distance: 29.8832627871927 cm | Severity=75 | SourceName=Sensor3 | EventType=application
[2026-08-16 19:09:06.242 (UTC)] info/application	[Sensor] Updated distance: 28.8757852464336 cm | Severity=75 | SourceName=Sensor3 | EventType=application
[2026-08-16 19:09:07.243 (UTC)] info/application	[Sensor] Updated distance: 27.84571991551 cm | Severity=75 | SourceName=Sensor3 | EventType=application
[2026-08-16 19:09:08.243 (UTC)] info/application	[Sensor] Updated distance: 29.2634419204031 cm | Severity=75 | SourceName=Sensor3 | EventType=application
[2026-08-16 19:09:09.244 (UTC)] info/application	[Sensor] Updated distance: 29.8462143392983 cm | Severity=75 | SourceName=Sensor3 | EventType=application
[2026-08-16 19:09:10.244 (UTC)] info/application	[Sensor] Updated distance: 29.5738920069178 cm | Severity=75 | SourceName=Sensor3 | EventType=application
[2026-08-16 19:09:11.244 (UTC)] info/application	[Sensor] Updated distance: 30.6699084137426 cm | Severity=75 | SourceName=Sensor3 | EventType=application
[2026-08-16 19:09:12.244 (UTC)] info/application	[Sensor] Updated distance: 30.0094599453776 cm | Severity=75 | SourceName=Sensor3 | EventType=application
[2026-08-16 19:09:13.244 (UTC)] info/application	[Sensor] Updated distance: 29.1698483678838 cm | Severity=75 | SourceName=Sensor3 | EventType=application
[2026-08-16 19:09:14.244 (UTC)] info/application	[Sensor] Updated distance: 29.26814040461 cm | Severity=75 | SourceName=Sensor3 | EventType=application
[2026-08-16 19:09:15.245 (UTC)] info/application	[Sensor] Updated distance: 28.6959873345662 cm | Severity=75 | SourceName=Sensor3 | EventType=application
[2026-08-16 19:09:16.245 (UTC)] info/application	[Sensor] Updated distance: 29.8108361343904 cm | Severity=75 | SourceName=Sensor3 | EventType=application
[2026-08-16 19:09:17.245 (UTC)] info/application	[Sensor] Updated distance: 29.3785260817402 cm | Severity=75 | SourceName=Sensor3 | EventType=application
[2026-08-16 19:09:18.245 (UTC)] info/application	[Sensor] Updated distance: 28.1760458406881 cm | Severity=75 | SourceName=Sensor3 | EventType=application
[2026-08-16 19:09:19.246 (UTC)] info/application	[Sensor] Updated distance: 29.3145899329402 cm | Severity=75 | SourceName=Sensor3 | EventType=application
[2026-08-16 19:09:20.246 (UTC)] info/application	[Sensor] Updated distance: 28.4383272209383 cm | Severity=75 | SourceName=Sensor3 | EventType=application
[2026-08-16 19:09:21.246 (UTC)] info/application	[Sensor] Updated distance: 27.7579364768499 cm | Severity=75 | SourceName=Sensor3 | EventType=application
[2026-08-16 19:09:22.246 (UTC)] info/application	[Sensor] Updated distance: 27.5732516220646 cm | Severity=75 | SourceName=Sensor3 | EventType=application
[2026-08-16 19:09:23.246 (UTC)] info/application	[Sensor] Updated distance: 26.3389440932492 cm | Severity=75 | SourceName=Sensor3 | EventType=application
[2026-08-16 19:09:24.246 (UTC)] info/application	[Sensor] Updated distance: 25.683718033919 cm | Severity=75 | SourceName=Sensor3 | EventType=application
[2026-08-16 19:09:25.245 (UTC)] info/application	[Sensor] Updated distance: 26.8322292148751 cm | Severity=75 | SourceName=Sensor3 | EventType=application
[2026-08-16 19:09:26.245 (UTC)] info/application	[Sensor] Updated distance: 28.2740476114089 cm | Severity=75 | SourceName=Sensor3 | EventType=application
[2026-08-16 19:09:27.246 (UTC)] info/application	[Sensor] Updated distance: 29.7567083468925 cm | Severity=75 | SourceName=Sensor3 | EventType=application
[2026-08-16 19:09:28.246 (UTC)] info/application	[Sensor] Updated distance: 31.0579617703603 cm | Severity=75 | SourceName=Sensor3 | EventType=application
[2026-08-16 19:09:29.247 (UTC)] info/application	[Sensor] Updated distance: 30.6821765416219 cm | Severity=75 | SourceName=Sensor3 | EventType=application
[2026-08-16 19:09:30.247 (UTC)] info/application	[Sensor] Updated distance: 29.3863493862498 cm | Severity=75 | SourceName=Sensor3 | EventType=application
[2026-08-16 19:09:31.247 (UTC)] info/application	[Sensor] Updated distance: 28.7261987115378 cm | Severity=75 | SourceName=Sensor3 | EventType=application
[2026-08-16 19:09:32.248 (UTC)] info/application	[Sensor] Updated distance: 27.8960476931632 cm | Severity=75 | SourceName=Sensor3 | EventType=application
[2026-08-16 19:09:33.248 (UTC)] info/application	[Sensor] Updated distance: 28.6552207973577 cm | Severity=75 | SourceName=Sensor3 | EventType=application
[2026-08-16 19:09:34.248 (UTC)] info/application	[Sensor] Updated distance: 27.8028723326525 cm | Severity=75 | SourceName=Sensor3 | EventType=application
[2026-08-16 19:09:35.248 (UTC)] info/application	[Sensor] Updated distance: 26.3852190873051 cm | Severity=75 | SourceName=Sensor3 | EventType=application
[2026-08-16 19:09:36.247 (UTC)] info/application	[Sensor] Updated distance: 27.5729702108414 cm | Severity=75 | SourceName=Sensor3 | EventType=application
[2026-08-16 19:09:37.247 (UTC)] info/application	[Sensor] Updated distance: 27.213144205377 cm | Severity=75 | SourceName=Sensor3 | EventType=application
[2026-08-16 19:09:38.247 (UTC)] info/application	[Sensor] Updated distance: 26.2654256305031 cm | Severity=75 | SourceName=Sensor3 | EventType=application
[2026-08-16 19:09:39.248 (UTC)] info/application	[Sensor] Updated distance: 27.3708987589324 cm | Severity=75 | SourceName=Sensor3 | EventType=application
[2026-08-16 19:09:40.248 (UTC)] info/application	[Sensor] Updated distance: 26.0938451723633 cm | Severity=75 | SourceName=Sensor3 | EventType=application
[2026-08-16 19:09:41.248 (UTC)] info/application	[Sensor] Updated distance: 26.3738042651088 cm | Severity=75 | SourceName=Sensor3 | EventType=application
[2026-08-16 19:09:42.248 (UTC)] info/application	[Sensor] Updated distance: 27.075293798966 cm | Severity=75 | SourceName=Sensor3 | EventType=application
[2026-08-16 19:09:43.248 (UTC)] info/application	[Sensor] Updated distance: 26.6377917440318 cm | Severity=75 | SourceName=Sensor3 | EventType=application
[2026-08-16 19:09:44.248 (UTC)] info/application	[Sensor] Updated distance: 27.5781392592835 cm | Severity=75 | SourceName=Sensor3 | EventType=application
[2026-08-16 19:09:45.248 (UTC)] info/application	[Sensor] Updated distance: 26.877920829867 cm | Severity=75 | SourceName=Sensor3 | EventType=application
[2026-08-16 19:09:46.248 (UTC)] info/application	[Sensor] Updated distance: 27.368265704889 cm | Severity=75 | SourceName=Sensor3 | EventType=application
[2026-08-16 19:09:47.249 (UTC)] info/application	[Sensor] Updated distance: 27.9234620185678 cm | Severity=75 | SourceName=Sensor3 | EventType=application
[2026-08-16 19:09:48.248 (UTC)] info/application	[Sensor] Updated distance: 28.2909335365011 cm | Severity=75 | SourceName=Sensor3 | EventType=application
[2026-08-16 19:09:49.249 (UTC)] info/application	[Sensor] Updated distance: 29.078798170471 cm | Severity=75 | SourceName=Sensor3 | EventType=application
[2026-08-16 19:09:50.249 (UTC)] info/application	[Sensor] Updated distance: 29.272538575005 cm | Severity=75 | SourceName=Sensor3 | EventType=application
[2026-08-16 19:09:51.249 (UTC)] info/application	[Sensor] Updated distance: 30.2637473809364 cm | Severity=75 | SourceName=Sensor3 | EventType=application
[2026-08-16 19:09:52.249 (UTC)] info/application	[Sensor] Updated distance: 28.8712212694209 cm | Severity=75 | SourceName=Sensor3 | EventType=application
[2026-08-16 19:09:53.251 (UTC)] info/application	[Sensor] Updated distance: 27.3802768191697 cm | Severity=75 | SourceName=Sensor3 | EventType=application
[2026-08-16 19:09:54.251 (UTC)] info/application	[Sensor] Updated distance: 28.6371780962856 cm | Severity=75 | SourceName=Sensor3 | EventType=application
[2026-08-16 19:09:55.241 (UTC)] info/application	[Sensor] Updated distance: 28.0894259268369 cm | Severity=75 | SourceName=Sensor3 | EventType=application
[2026-08-16 19:09:56.242 (UTC)] info/application	[Sensor] Updated distance: 29.2469926575418 cm | Severity=75 | SourceName=Sensor3 | EventType=application
[2026-08-16 19:09:57.242 (UTC)] info/application	[Sensor] Updated distance: 30.4457123297945 cm | Severity=75 | SourceName=Sensor3 | EventType=application
[2026-08-16 19:09:58.242 (UTC)] info/application	[Sensor] Updated distance: 29.8806208944324 cm | Severity=75 | SourceName=Sensor3 | EventType=application
[2026-08-16 19:09:59.242 (UTC)] info/application	[Sensor] Updated distance: 30.8394410472081 cm | Severity=75 | SourceName=Sensor3 | EventType=application
[2026-08-16 19:10:00.242 (UTC)] info/application	[Sensor] Updated distance: 30.1623754907224 cm | Severity=75 | SourceName=Sensor3 | EventType=application
[2026-08-16 19:10:01.243 (UTC)] info/application	[Sensor] Updated distance: 29.8014569013852 cm | Severity=75 | SourceName=Sensor3 | EventType=application
[2026-08-16 19:10:02.243 (UTC)] info/application	[Sensor] Updated distance: 28.600126379449 cm | Severity=75 | SourceName=Sensor3 | EventType=application
[2026-08-16 19:10:03.243 (UTC)] info/application	[Sensor] Updated distance: 28.5929098045886 cm | Severity=75 | SourceName=Sensor3 | EventType=application
[2026-08-16 19:10:04.244 (UTC)] info/application	[Sensor] Updated distance: 27.4911643180489 cm | Severity=75 | SourceName=Sensor3 | EventType=application
[2026-08-16 19:10:05.244 (UTC)] info/application	[Sensor] Updated distance: 26.9374853314075 cm | Severity=75 | SourceName=Sensor3 | EventType=application
[2026-08-16 19:10:06.244 (UTC)] info/application	[Sensor] Updated distance: 27.0126155125967 cm | Severity=75 | SourceName=Sensor3 | EventType=application
[2026-08-16 19:10:07.245 (UTC)] info/application	[Sensor] Updated distance: 25.5986211495933 cm | Severity=75 | SourceName=Sensor3 | EventType=application
[2026-08-16 19:10:08.245 (UTC)] info/application	[Sensor] Updated distance: 26.1851161588845 cm | Severity=75 | SourceName=Sensor3 | EventType=application
[2026-08-16 19:10:09.245 (UTC)] info/application	[Sensor] Updated distance: 26.8125277651998 cm | Severity=75 | SourceName=Sensor3 | EventType=application
[2026-08-16 19:10:10.246 (UTC)] info/application	[Sensor] Updated distance: 28.0040065306258 cm | Severity=75 | SourceName=Sensor3 | EventType=application
[2026-08-16 19:10:11.246 (UTC)] info/application	[Sensor] Updated distance: 28.8134479533478 cm | Severity=75 | SourceName=Sensor3 | EventType=application
[2026-08-16 19:10:12.247 (UTC)] info/application	[Sensor] Updated distance: 28.2208186510116 cm | Severity=75 | SourceName=Sensor3 | EventType=application
[2026-08-16 19:10:13.247 (UTC)] info/application	[Sensor] Updated distance: 28.6137869488978 cm | Severity=75 | SourceName=Sensor3 | EventType=application
[2026-08-16 19:10:14.247 (UTC)] info/application	[Sensor] Updated distance: 27.4857263152887 cm | Severity=75 | SourceName=Sensor3 | EventType=application
[2026-08-16 19:10:15.248 (UTC)] info/application	[Sensor] Updated distance: 26.3334445268072 cm | Severity=75 | SourceName=Sensor3 | EventType=application
[2026-08-16 19:10:16.248 (UTC)] info/application	[Sensor] Updated distance: 27.5261943952768 cm | Severity=75 | SourceName=Sensor3 | EventType=application
[2026-08-16 19:10:17.248 (UTC)] info/application	[Sensor] Updated distance: 28.3884786380867 cm | Severity=75 | SourceName=Sensor3 | EventType=application
[2026-08-16 19:10:18.249 (UTC)] info/application	[Sensor] Updated distance: 29.291393164681 cm | Severity=75 | SourceName=Sensor3 | EventType=application
[2026-08-16 19:10:19.249 (UTC)] info/application	[Sensor] Updated distance: 29.351614549687 cm | Severity=75 | SourceName=Sensor3 | EventType=application
[2026-08-16 19:10:20.249 (UTC)] info/application	[Sensor] Updated distance: 29.5017634250698 cm | Severity=75 | SourceName=Sensor3 | EventType=application
[2026-08-16 19:10:21.249 (UTC)] info/application	[Sensor] Updated distance: 29.0984183548011 cm | Severity=75 | SourceName=Sensor3 | EventType=application
[2026-08-16 19:10:22.250 (UTC)] info/application	[Sensor] Updated distance: 28.6498485443414 cm | Severity=75 | SourceName=Sensor3 | EventType=application
[2026-08-16 19:10:23.250 (UTC)] info/application	[Sensor] Updated distance: 28.9074713096057 cm | Severity=75 | SourceName=Sensor3 | EventType=application
[2026-08-16 19:10:24.250 (UTC)] info/application	[Sensor] Updated distance: 28.5131817890858 cm | Severity=75 | SourceName=Sensor3 | EventType=application
[2026-08-16 19:10:25.251 (UTC)] info/application	[Sensor] Updated distance: 27.8215132543452 cm | Severity=75 | SourceName=Sensor3 | EventType=application
[2026-08-16 19:10:26.251 (UTC)] info/application	[Sensor] Updated distance: 29.0313838501607 cm | Severity=75 | SourceName=Sensor3 | EventType=application
[2026-08-16 19:10:27.241 (UTC)] info/application	[Sensor] Updated distance: 28.2946610603457 cm | Severity=75 | SourceName=Sensor3 | EventType=application
[2026-08-16 19:10:28.242 (UTC)] info/application	[Sensor] Updated distance: 27.3017121978578 cm | Severity=75 | SourceName=Sensor3 | EventType=application
[2026-08-16 19:10:29.243 (UTC)] info/application	[Sensor] Updated distance: 26.4464913569142 cm | Severity=75 | SourceName=Sensor3 | EventType=application
[2026-08-16 19:10:30.243 (UTC)] info/application	[Sensor] Updated distance: 25.1685887184779 cm | Severity=75 | SourceName=Sensor3 | EventType=application
[2026-08-16 19:10:31.244 (UTC)] info/application	[Sensor] Updated distance: 24.9985742995043 cm | Severity=75 | SourceName=Sensor3 | EventType=application
[2026-08-16 19:10:32.244 (UTC)] info/application	[Sensor] Updated distance: 25.2824348692235 cm | Severity=75 | SourceName=Sensor3 | EventType=application
[2026-08-16 19:10:33.244 (UTC)] info/application	[Sensor] Updated distance: 24.303201708851 cm | Severity=75 | SourceName=Sensor3 | EventType=application
[2026-08-16 19:10:34.245 (UTC)] info/application	[Sensor] Updated distance: 25.6259707150171 cm | Severity=75 | SourceName=Sensor3 | EventType=application
[2026-08-16 19:10:35.246 (UTC)] info/application	[Sensor] Updated distance: 26.3080857995935 cm | Severity=75 | SourceName=Sensor3 | EventType=application
[2026-08-16 19:10:36.246 (UTC)] info/application	[Sensor] Updated distance: 26.2751736539766 cm | Severity=75 | SourceName=Sensor3 | EventType=application
[2026-08-16 19:10:37.246 (UTC)] info/application	[Sensor] Updated distance: 26.1730728399349 cm | Severity=75 | SourceName=Sensor3 | EventType=application
[2026-08-16 19:10:38.247 (UTC)] info/application	[Sensor] Updated distance: 26.9411935615079 cm | Severity=75 | SourceName=Sensor3 | EventType=application
[2026-08-16 19:10:39.247 (UTC)] info/application	[Sensor] Updated distance: 25.9947764237853 cm | Severity=75 | SourceName=Sensor3 | EventType=application
[2026-08-16 19:10:40.247 (UTC)] info/application	[Sensor] Updated distance: 25.0200872146618 cm | Severity=75 | SourceName=Sensor3 | EventType=application
[2026-08-16 19:10:41.248 (UTC)] info/application	[Sensor] Updated distance: 25.4796867002639 cm | Severity=75 | SourceName=Sensor3 | EventType=application
[2026-08-16 19:10:42.248 (UTC)] info/application	[Sensor] Updated distance: 26.8427109852632 cm | Severity=75 | SourceName=Sensor3 | EventType=application
[2026-08-16 19:10:43.249 (UTC)] info/application	[Sensor] Updated distance: 26.7753924738036 cm | Severity=75 | SourceName=Sensor3 | EventType=application
[2026-08-16 19:10:44.249 (UTC)] info/application	[Sensor] Updated distance: 26.1279602558948 cm | Severity=75 | SourceName=Sensor3 | EventType=application
[2026-08-16 19:10:45.249 (UTC)] info/application	[Sensor] Updated distance: 24.8629239058881 cm | Severity=75 | SourceName=Sensor3 | EventType=application
[2026-08-16 19:10:46.249 (UTC)] info/application	[Sensor] Updated distance: 25.1433236073439 cm | Severity=75 | SourceName=Sensor3 | EventType=application
[2026-08-16 19:10:47.249 (UTC)] info/application	[Sensor] Updated distance: 24.1886412579048 cm | Severity=75 | SourceName=Sensor3 | EventType=application
[2026-08-16 19:10:48.249 (UTC)] info/application	[Sensor] Updated distance: 25.2858891507079 cm | Severity=75 | SourceName=Sensor3 | EventType=application
[2026-08-16 19:10:49.248 (UTC)] info/application	[Sensor] Updated distance: 24.969203377361 cm | Severity=75 | SourceName=Sensor3 | EventType=application
[2026-08-16 19:10:50.248 (UTC)] info/application	[Sensor] Updated distance: 25.5747424129279 cm | Severity=75 | SourceName=Sensor3 | EventType=application
[2026-08-16 19:10:51.250 (UTC)] info/application	[Sensor] Updated distance: 25.3221391811139 cm | Severity=75 | SourceName=Sensor3 | EventType=application
[2026-08-16 19:10:52.251 (UTC)] info/application	[Sensor] Updated distance: 26.1021083374983 cm | Severity=75 | SourceName=Sensor3 | EventType=application
[2026-08-16 19:10:53.251 (UTC)] info/application	[Sensor] Updated distance: 24.7590775626055 cm | Severity=75 | SourceName=Sensor3 | EventType=application
[2026-08-16 19:10:54.251 (UTC)] info/application	[Sensor] Updated distance: 23.2640970946588 cm | Severity=75 | SourceName=Sensor3 | EventType=application
[2026-08-16 19:10:55.251 (UTC)] info/application	[Sensor] Updated distance: 22.1497767305233 cm | Severity=75 | SourceName=Sensor3 | EventType=application
[2026-08-16 19:10:56.251 (UTC)] info/application	[Sensor] Updated distance: 21.6150774208899 cm | Severity=75 | SourceName=Sensor3 | EventType=application
[2026-08-16 19:10:57.242 (UTC)] info/application	[Sensor] Updated distance: 22.8299675487587 cm | Severity=75 | SourceName=Sensor3 | EventType=application
[2026-08-16 19:10:58.242 (UTC)] info/application	[Sensor] Updated distance: 22.4789243948082 cm | Severity=75 | SourceName=Sensor3 | EventType=application
[2026-08-16 19:10:59.242 (UTC)] info/application	[Sensor] Updated distance: 22.4512762226869 cm | Severity=75 | SourceName=Sensor3 | EventType=application
[2026-08-16 19:11:00.243 (UTC)] info/application	[Sensor] Updated distance: 21.3109455082151 cm | Severity=75 | SourceName=Sensor3 | EventType=application
[2026-08-16 19:11:01.243 (UTC)] info/application	[Sensor] Updated distance: 21.1819997158283 cm | Severity=75 | SourceName=Sensor3 | EventType=application
[2026-08-16 19:11:02.243 (UTC)] info/application	[Sensor] Updated distance: 22.4843371247334 cm | Severity=75 | SourceName=Sensor3 | EventType=application
[2026-08-16 19:11:03.243 (UTC)] info/application	[Sensor] Updated distance: 23.1278669813778 cm | Severity=75 | SourceName=Sensor3 | EventType=application
[2026-08-16 19:11:04.242 (UTC)] info/application	[Sensor] Updated distance: 23.5196880300155 cm | Severity=75 | SourceName=Sensor3 | EventType=application
[2026-08-16 19:11:05.242 (UTC)] info/application	[Sensor] Updated distance: 24.6447944450866 cm | Severity=75 | SourceName=Sensor3 | EventType=application
[2026-08-16 19:11:06.243 (UTC)] info/application	[Sensor] Updated distance: 24.4704393849105 cm | Severity=75 | SourceName=Sensor3 | EventType=application
[2026-08-16 19:11:07.243 (UTC)] info/application	[Sensor] Updated distance: 23.3293482865344 cm | Severity=75 | SourceName=Sensor3 | EventType=application
[2026-08-16 19:11:08.243 (UTC)] info/application	[Sensor] Updated distance: 22.8523538861668 cm | Severity=75 | SourceName=Sensor3 | EventType=application
[2026-08-16 19:11:09.243 (UTC)] info/application	[Sensor] Updated distance: 21.9461195461667 cm | Severity=75 | SourceName=Sensor3 | EventType=application
[2026-08-16 19:11:10.244 (UTC)] info/application	[Sensor] Updated distance: 21.3586113100679 cm | Severity=75 | SourceName=Sensor3 | EventType=application
[2026-08-16 19:11:11.244 (UTC)] info/application	[Sensor] Updated distance: 21.4069277019738 cm | Severity=75 | SourceName=Sensor3 | EventType=application
[2026-08-16 19:11:12.245 (UTC)] info/application	[Sensor] Updated distance: 22.4602928475758 cm | Severity=75 | SourceName=Sensor3 | EventType=application
[2026-08-16 19:11:13.245 (UTC)] info/application	[Sensor] Updated distance: 21.7358088950793 cm | Severity=75 | SourceName=Sensor3 | EventType=application
[2026-08-16 19:11:14.246 (UTC)] info/application	[Sensor] Updated distance: 23.2168067755256 cm | Severity=75 | SourceName=Sensor3 | EventType=application
[2026-08-16 19:11:15.246 (UTC)] info/application	[Sensor] Updated distance: 22.1227397018218 cm | Severity=75 | SourceName=Sensor3 | EventType=application
[2026-08-16 19:11:16.246 (UTC)] info/application	[Sensor] Updated distance: 21.6332193993187 cm | Severity=75 | SourceName=Sensor3 | EventType=application
[2026-08-16 19:11:17.246 (UTC)] info/application	[Sensor] Updated distance: 21.8946169798237 cm | Severity=75 | SourceName=Sensor3 | EventType=application
[2026-08-16 19:11:18.246 (UTC)] info/application	[Sensor] Updated distance: 21.3458675566809 cm | Severity=75 | SourceName=Sensor3 | EventType=application
[2026-08-16 19:11:19.247 (UTC)] info/application	[Sensor] Updated distance: 20.4535951469809 cm | Severity=75 | SourceName=Sensor3 | EventType=application
[2026-08-16 19:11:20.248 (UTC)] info/application	[Sensor] Updated distance: 21.8983069541391 cm | Severity=75 | SourceName=Sensor3 | EventType=application
[2026-08-16 19:11:21.248 (UTC)] info/application	[Sensor] Updated distance: 20.4550965665631 cm | Severity=75 | SourceName=Sensor3 | EventType=application
[2026-08-16 19:11:22.248 (UTC)] info/application	[Sensor] Updated distance: 20.810220925049 cm | Severity=75 | SourceName=Sensor3 | EventType=application
[2026-08-16 19:11:23.248 (UTC)] info/application	[Sensor] Updated distance: 21.5349018885917 cm | Severity=75 | SourceName=Sensor3 | EventType=application
[2026-08-16 19:11:24.248 (UTC)] info/application	[Sensor] Updated distance: 20.2486607261229 cm | Severity=75 | SourceName=Sensor3 | EventType=application
[2026-08-16 19:11:25.249 (UTC)] info/application	[Sensor] Updated distance: 20.6088046166621 cm | Severity=75 | SourceName=Sensor3 | EventType=application
[2026-08-16 19:11:26.249 (UTC)] info/application	[Sensor] Updated distance: 21.7191652160693 cm | Severity=75 | SourceName=Sensor3 | EventType=application
[2026-08-16 19:11:27.249 (UTC)] info/application	[Sensor] Updated distance: 21.3982247439671 cm | Severity=75 | SourceName=Sensor3 | EventType=application
[2026-08-16 19:11:28.249 (UTC)] info/application	[Sensor] Updated distance: 21.4732587609781 cm | Severity=75 | SourceName=Sensor3 | EventType=application
[2026-08-16 19:11:29.249 (UTC)] info/application	[Sensor] Updated distance: 20.7325762050378 cm | Severity=75 | SourceName=Sensor3 | EventType=application
[2026-08-16 19:11:30.249 (UTC)] info/application	[Sensor] Updated distance: 21.8839875622112 cm | Severity=75 | SourceName=Sensor3 | EventType=application
[2026-08-16 19:11:31.250 (UTC)] info/application	[Sensor] Updated distance: 22.3186908647505 cm | Severity=75 | SourceName=Sensor3 | EventType=application
[2026-08-16 19:11:32.250 (UTC)] info/application	[Sensor] Updated distance: 22.9490625164234 cm | Severity=75 | SourceName=Sensor3 | EventType=application
[2026-08-16 19:11:33.250 (UTC)] info/application	[Sensor] Updated distance: 23.902811281105 cm | Severity=75 | SourceName=Sensor3 | EventType=application
[2026-08-16 19:11:34.251 (UTC)] info/application	[Sensor] Updated distance: 23.4810444388916 cm | Severity=75 | SourceName=Sensor3 | EventType=application
[2026-08-16 19:11:35.251 (UTC)] info/application	[Sensor] Updated distance: 23.0032371378053 cm | Severity=75 | SourceName=Sensor3 | EventType=application
[2026-08-16 19:11:36.242 (UTC)] info/application	[Sensor] Updated distance: 23.582092316161 cm | Severity=75 | SourceName=Sensor3 | EventType=application
[2026-08-16 19:11:37.242 (UTC)] info/application	[Sensor] Updated distance: 24.4859704137715 cm | Severity=75 | SourceName=Sensor3 | EventType=application
[2026-08-16 19:11:38.243 (UTC)] info/application	[Sensor] Updated distance: 24.367072014309 cm | Severity=75 | SourceName=Sensor3 | EventType=application
[2026-08-16 19:11:39.243 (UTC)] info/application	[Sensor] Updated distance: 22.9689327922971 cm | Severity=75 | SourceName=Sensor3 | EventType=application
[2026-08-16 19:11:40.243 (UTC)] info/application	[Sensor] Updated distance: 24.4665765499075 cm | Severity=75 | SourceName=Sensor3 | EventType=application
[2026-08-16 19:11:41.244 (UTC)] info/application	[Sensor] Updated distance: 25.2601699143463 cm | Severity=75 | SourceName=Sensor3 | EventType=application
[2026-08-16 19:11:42.245 (UTC)] info/application	[Sensor] Updated distance: 25.4103470842402 cm | Severity=75 | SourceName=Sensor3 | EventType=application
[2026-08-16 19:11:43.245 (UTC)] info/application	[Sensor] Updated distance: 26.4613559860556 cm | Severity=75 | SourceName=Sensor3 | EventType=application
[2026-08-16 19:11:44.245 (UTC)] info/application	[Sensor] Updated distance: 25.030465396601 cm | Severity=75 | SourceName=Sensor3 | EventType=application
[2026-08-16 19:11:45.246 (UTC)] info/application	[Sensor] Updated distance: 25.1616404455442 cm | Severity=75 | SourceName=Sensor3 | EventType=application
[2026-08-16 19:11:46.246 (UTC)] info/application	[Sensor] Updated distance: 26.6185822750528 cm | Severity=75 | SourceName=Sensor3 | EventType=application
[2026-08-16 19:11:47.246 (UTC)] info/application	[Sensor] Updated distance: 26.198171384492 cm | Severity=75 | SourceName=Sensor3 | EventType=application
[2026-08-16 19:11:48.246 (UTC)] info/application	[Sensor] Updated distance: 25.0907440139403 cm | Severity=75 | SourceName=Sensor3 | EventType=application
[2026-08-16 19:11:49.247 (UTC)] info/application	[Sensor] Updated distance: 24.4989364189091 cm | Severity=75 | SourceName=Sensor3 | EventType=application
[2026-08-16 19:11:50.247 (UTC)] info/application	[Sensor] Updated distance: 24.6862531186483 cm | Severity=75 | SourceName=Sensor3 | EventType=application
[2026-08-16 19:11:51.248 (UTC)] info/application	[Sensor] Updated distance: 23.5235375538578 cm | Severity=75 | SourceName=Sensor3 | EventType=application
[2026-08-16 19:11:52.248 (UTC)] info/application	[Sensor] Updated distance: 22.9885195712506 cm | Severity=75 | SourceName=Sensor3 | EventType=application
[2026-08-16 19:11:53.249 (UTC)] info/application	[Sensor] Updated distance: 22.0309606280788 cm | Severity=75 | SourceName=Sensor3 | EventType=application
[2026-08-16 19:11:54.249 (UTC)] info/application	[Sensor] Updated distance: 23.0929260268309 cm | Severity=75 | SourceName=Sensor3 | EventType=application
[2026-08-16 19:11:55.250 (UTC)] info/application	[Sensor] Updated distance: 22.7716668817548 cm | Severity=75 | SourceName=Sensor3 | EventType=application
[2026-08-16 19:11:56.250 (UTC)] info/application	[Sensor] Updated distance: 23.6742518291223 cm | Severity=75 | SourceName=Sensor3 | EventType=application
[2026-08-16 19:11:57.251 (UTC)] info/application	[Sensor] Updated distance: 24.3465778258846 cm | Severity=75 | SourceName=Sensor3 | EventType=application
[2026-08-16 19:11:58.242 (UTC)] info/application	[Sensor] Updated distance: 25.2043782101033 cm | Severity=75 | SourceName=Sensor3 | EventType=application
[2026-08-16 19:11:59.243 (UTC)] info/application	[Sensor] Updated distance: 24.6819971730849 cm | Severity=75 | SourceName=Sensor3 | EventType=application
[2026-08-16 19:12:00.244 (UTC)] info/application	[Sensor] Updated distance: 26.1136406139069 cm | Severity=75 | SourceName=Sensor3 | EventType=application
[2026-08-16 19:12:01.246 (UTC)] info/application	[Sensor] Updated distance: 26.622852353902 cm | Severity=75 | SourceName=Sensor3 | EventType=application
[2026-08-16 19:12:02.247 (UTC)] info/application	[Sensor] Updated distance: 28.0351746194229 cm | Severity=75 | SourceName=Sensor3 | EventType=application
[2026-08-16 19:12:03.247 (UTC)] info/application	[Sensor] Updated distance: 28.5971897119178 cm | Severity=75 | SourceName=Sensor3 | EventType=application
[2026-08-16 19:12:04.246 (UTC)] info/application	[Sensor] Updated distance: 28.5601502151974 cm | Severity=75 | SourceName=Sensor3 | EventType=application
[2026-08-16 19:12:05.246 (UTC)] info/application	[Sensor] Updated distance: 28.0507056385049 cm | Severity=75 | SourceName=Sensor3 | EventType=application
[2026-08-16 19:12:06.246 (UTC)] info/application	[Sensor] Updated distance: 26.6349134285166 cm | Severity=75 | SourceName=Sensor3 | EventType=application
[2026-08-16 19:12:07.247 (UTC)] info/application	[Sensor] Updated distance: 25.6767291101519 cm | Severity=75 | SourceName=Sensor3 | EventType=application
[2026-08-16 19:12:08.247 (UTC)] info/application	[Sensor] Updated distance: 24.5711626296729 cm | Severity=75 | SourceName=Sensor3 | EventType=application
[2026-08-16 19:12:09.247 (UTC)] info/application	[Sensor] Updated distance: 24.5364720216191 cm | Severity=75 | SourceName=Sensor3 | EventType=application
[2026-08-16 19:12:10.248 (UTC)] info/application	[Sensor] Updated distance: 23.6801484812424 cm | Severity=75 | SourceName=Sensor3 | EventType=application
[2026-08-16 19:12:11.248 (UTC)] info/application	[Sensor] Updated distance: 22.5722257583738 cm | Severity=75 | SourceName=Sensor3 | EventType=application
[2026-08-16 19:12:12.248 (UTC)] info/application	[Sensor] Updated distance: 21.8311285133619 cm | Severity=75 | SourceName=Sensor3 | EventType=application
[2026-08-16 19:12:13.248 (UTC)] info/application	[Sensor] Updated distance: 22.6249821428792 cm | Severity=75 | SourceName=Sensor3 | EventType=application
[2026-08-16 19:12:14.248 (UTC)] info/application	[Sensor] Updated distance: 24.068068321826 cm | Severity=75 | SourceName=Sensor3 | EventType=application
[2026-08-16 19:12:15.248 (UTC)] info/application	[Sensor] Updated distance: 23.3960804887563 cm | Severity=75 | SourceName=Sensor3 | EventType=application
[2026-08-16 19:12:16.249 (UTC)] info/application	[Sensor] Updated distance: 22.8211091658199 cm | Severity=75 | SourceName=Sensor3 | EventType=application
[2026-08-16 19:12:17.249 (UTC)] info/application	[Sensor] Updated distance: 24.2211371728783 cm | Severity=75 | SourceName=Sensor3 | EventType=application
[2026-08-16 19:12:18.249 (UTC)] info/application	[Sensor] Updated distance: 24.6287384492479 cm | Severity=75 | SourceName=Sensor3 | EventType=application
[2026-08-16 19:12:19.250 (UTC)] info/application	[Sensor] Updated distance: 24.4463397557597 cm | Severity=75 | SourceName=Sensor3 | EventType=application
[2026-08-16 19:12:20.250 (UTC)] info/application	[Sensor] Updated distance: 23.7545601677869 cm | Severity=75 | SourceName=Sensor3 | EventType=application
[2026-08-16 19:12:21.250 (UTC)] info/application	[Sensor] Updated distance: 22.8494781424988 cm | Severity=75 | SourceName=Sensor3 | EventType=application
[2026-08-16 19:12:22.250 (UTC)] info/application	[Sensor] Updated distance: 23.0043638856171 cm | Severity=75 | SourceName=Sensor3 | EventType=application
[2026-08-16 19:12:23.251 (UTC)] info/application	[Sensor] Updated distance: 23.277566315037 cm | Severity=75 | SourceName=Sensor3 | EventType=application
[2026-08-16 19:12:24.251 (UTC)] info/application	[Sensor] Updated distance: 22.914925346577 cm | Severity=75 | SourceName=Sensor3 | EventType=application
[2026-08-16 19:12:25.251 (UTC)] info/application	[Sensor] Updated distance: 22.6317764870505 cm | Severity=75 | SourceName=Sensor3 | EventType=application
[2026-08-16 19:12:26.242 (UTC)] info/application	[Sensor] Updated distance: 24.0837197727914 cm | Severity=75 | SourceName=Sensor3 | EventType=application
[2026-08-16 19:12:27.242 (UTC)] info/application	[Sensor] Updated distance: 23.1236637503019 cm | Severity=75 | SourceName=Sensor3 | EventType=application
[2026-08-16 19:12:28.242 (UTC)] info/application	[Sensor] Updated distance: 22.0128408875376 cm | Severity=75 | SourceName=Sensor3 | EventType=application
[2026-08-16 19:12:29.243 (UTC)] info/application	[Sensor] Updated distance: 22.8225845561002 cm | Severity=75 | SourceName=Sensor3 | EventType=application
[2026-08-16 19:12:30.243 (UTC)] info/application	[Sensor] Updated distance: 22.8401474965923 cm | Severity=75 | SourceName=Sensor3 | EventType=application
[2026-08-16 19:12:31.243 (UTC)] info/application	[Sensor] Updated distance: 21.660968073253 cm | Severity=75 | SourceName=Sensor3 | EventType=application
[2026-08-16 19:12:32.244 (UTC)] info/application	[Sensor] Updated distance: 21.4799234804138 cm | Severity=75 | SourceName=Sensor3 | EventType=application
[2026-08-16 19:12:33.244 (UTC)] info/application	[Sensor] Updated distance: 21.4098086850298 cm | Severity=75 | SourceName=Sensor3 | EventType=application
[2026-08-16 19:12:34.245 (UTC)] info/application	[Sensor] Updated distance: 22.2926443541854 cm | Severity=75 | SourceName=Sensor3 | EventType=application
[2026-08-16 19:12:35.245 (UTC)] info/application	[Sensor] Updated distance: 23.5745602646259 cm | Severity=75 | SourceName=Sensor3 | EventType=application
[2026-08-16 19:12:36.245 (UTC)] info/application	[Sensor] Updated distance: 24.4950008925493 cm | Severity=75 | SourceName=Sensor3 | EventType=application
[2026-08-16 19:12:37.245 (UTC)] info/application	[Sensor] Updated distance: 25.4620443531135 cm | Severity=75 | SourceName=Sensor3 | EventType=application
[2026-08-16 19:12:38.245 (UTC)] info/application	[Sensor] Updated distance: 24.2857759437923 cm | Severity=75 | SourceName=Sensor3 | EventType=application
[2026-08-16 19:12:39.245 (UTC)] info/application	[Sensor] Updated distance: 25.6006500926337 cm | Severity=75 | SourceName=Sensor3 | EventType=application
[2026-08-16 19:12:40.246 (UTC)] info/application	[Sensor] Updated distance: 25.0330029437472 cm | Severity=75 | SourceName=Sensor3 | EventType=application
[2026-08-16 19:12:41.246 (UTC)] info/application	[Sensor] Updated distance: 24.5004109940494 cm | Severity=75 | SourceName=Sensor3 | EventType=application
[2026-08-16 19:12:42.246 (UTC)] info/application	[Sensor] Updated distance: 23.2073624186252 cm | Severity=75 | SourceName=Sensor3 | EventType=application
[2026-08-16 19:12:43.246 (UTC)] info/application	[Sensor] Updated distance: 23.3986180247267 cm | Severity=75 | SourceName=Sensor3 | EventType=application
[2026-08-16 19:12:44.246 (UTC)] info/application	[Sensor] Updated distance: 22.1598797031491 cm | Severity=75 | SourceName=Sensor3 | EventType=application
[2026-08-16 19:12:45.246 (UTC)] info/application	[Sensor] Updated distance: 20.8099173052748 cm | Severity=75 | SourceName=Sensor3 | EventType=application
[2026-08-16 19:12:46.245 (UTC)] info/application	[Sensor] Updated distance: 21.8291850783067 cm | Severity=75 | SourceName=Sensor3 | EventType=application
[2026-08-16 19:12:47.246 (UTC)] info/application	[Sensor] Updated distance: 21.5154754351897 cm | Severity=75 | SourceName=Sensor3 | EventType=application
[2026-08-16 19:12:48.246 (UTC)] info/application	[Sensor] Updated distance: 20.0655410443738 cm | Severity=75 | SourceName=Sensor3 | EventType=application
[2026-08-16 19:12:49.246 (UTC)] info/application	[Sensor] Updated distance: 19.9924100923782 cm | Severity=75 | SourceName=Sensor3 | EventType=application
[2026-08-16 19:12:50.246 (UTC)] info/application	[Sensor] Updated distance: 20.996301755773 cm | Severity=75 | SourceName=Sensor3 | EventType=application
[2026-08-16 19:12:51.247 (UTC)] info/application	[Sensor] Updated distance: 20.3545877769844 cm | Severity=75 | SourceName=Sensor3 | EventType=application
[2026-08-16 19:12:52.247 (UTC)] info/application	[Sensor] Updated distance: 20.8763747997006 cm | Severity=75 | SourceName=Sensor3 | EventType=application
[2026-08-16 19:12:53.248 (UTC)] info/application	[Sensor] Updated distance: 20.5351522048168 cm | Severity=75 | SourceName=Sensor3 | EventType=application
[2026-08-16 19:12:54.248 (UTC)] info/application	[Sensor] Updated distance: 21.666640655448 cm | Severity=75 | SourceName=Sensor3 | EventType=application
[2026-08-16 19:12:55.249 (UTC)] info/application	[Sensor] Updated distance: 20.3257867083074 cm | Severity=75 | SourceName=Sensor3 | EventType=application
[2026-08-16 19:12:56.250 (UTC)] info/application	[Sensor] Updated distance: 21.2014152552939 cm | Severity=75 | SourceName=Sensor3 | EventType=application
[2026-08-16 19:12:57.250 (UTC)] info/application	[Sensor] Updated distance: 22.2848469902691 cm | Severity=75 | SourceName=Sensor3 | EventType=application
[2026-08-16 19:12:58.251 (UTC)] info/application	[Sensor] Updated distance: 21.4839370206389 cm | Severity=75 | SourceName=Sensor3 | EventType=application
[2026-08-16 19:12:59.251 (UTC)] info/application	[Sensor] Updated distance: 22.7487427048612 cm | Severity=75 | SourceName=Sensor3 | EventType=application
[2026-08-16 19:13:00.251 (UTC)] info/application	[Sensor] Updated distance: 23.141918107002 cm | Severity=75 | SourceName=Sensor3 | EventType=application
[2026-08-16 19:13:01.242 (UTC)] info/application	[Sensor] Updated distance: 23.858571077864 cm | Severity=75 | SourceName=Sensor3 | EventType=application
[2026-08-16 19:13:02.243 (UTC)] info/application	[Sensor] Updated distance: 22.44419733735 cm | Severity=75 | SourceName=Sensor3 | EventType=application
[2026-08-16 19:13:03.243 (UTC)] info/application	[Sensor] Updated distance: 21.1563281452546 cm | Severity=75 | SourceName=Sensor3 | EventType=application
[2026-08-16 19:13:04.243 (UTC)] info/application	[Sensor] Updated distance: 20.3028663207325 cm | Severity=75 | SourceName=Sensor3 | EventType=application
[2026-08-16 19:13:05.244 (UTC)] info/application	[Sensor] Updated distance: 21.2713282507711 cm | Severity=75 | SourceName=Sensor3 | EventType=application
[2026-08-16 19:13:06.244 (UTC)] info/application	[Sensor] Updated distance: 22.7653749705131 cm | Severity=75 | SourceName=Sensor3 | EventType=application
[2026-08-16 19:13:07.244 (UTC)] info/application	[Sensor] Updated distance: 21.3323537725175 cm | Severity=75 | SourceName=Sensor3 | EventType=application
[2026-08-16 19:13:08.244 (UTC)] info/application	[Sensor] Updated distance: 21.7678591617233 cm | Severity=75 | SourceName=Sensor3 | EventType=application
[2026-08-16 19:13:09.244 (UTC)] info/application	[Sensor] Updated distance: 20.5856374707472 cm | Severity=75 | SourceName=Sensor3 | EventType=application
[2026-08-16 19:13:10.245 (UTC)] info/application	[Sensor] Updated distance: 21.967490421593 cm | Severity=75 | SourceName=Sensor3 | EventType=application
[2026-08-16 19:13:11.245 (UTC)] info/application	[Sensor] Updated distance: 23.3353486619123 cm | Severity=75 | SourceName=Sensor3 | EventType=application
[2026-08-16 19:13:12.245 (UTC)] info/application	[Sensor] Updated distance: 23.1205350226353 cm | Severity=75 | SourceName=Sensor3 | EventType=application
[2026-08-16 19:13:13.245 (UTC)] info/application	[Sensor] Updated distance: 21.7093393966599 cm | Severity=75 | SourceName=Sensor3 | EventType=application
[2026-08-16 19:13:14.245 (UTC)] info/application	[Sensor] Updated distance: 21.7684532416838 cm | Severity=75 | SourceName=Sensor3 | EventType=application
[2026-08-16 19:13:15.245 (UTC)] info/application	[Sensor] Updated distance: 21.8149012808292 cm | Severity=75 | SourceName=Sensor3 | EventType=application
[2026-08-16 19:13:16.245 (UTC)] info/application	[Sensor] Updated distance: 20.5537432583765 cm | Severity=75 | SourceName=Sensor3 | EventType=application
[2026-08-16 19:13:17.245 (UTC)] info/application	[Sensor] Updated distance: 20.1321248764322 cm | Severity=75 | SourceName=Sensor3 | EventType=application
[2026-08-16 19:13:18.245 (UTC)] info/application	[Sensor] Updated distance: 21.3648632724606 cm | Severity=75 | SourceName=Sensor3 | EventType=application
[2026-08-16 19:13:19.245 (UTC)] info/application	[Sensor] Updated distance: 20.153770859192 cm | Severity=75 | SourceName=Sensor3 | EventType=application
[2026-08-16 19:13:20.245 (UTC)] info/application	[Sensor] Updated distance: 21.1590215252522 cm | Severity=75 | SourceName=Sensor3 | EventType=application
[2026-08-16 19:13:21.245 (UTC)] info/application	[Sensor] Updated distance: 21.8956515846754 cm | Severity=75 | SourceName=Sensor3 | EventType=application
[2026-08-16 19:13:22.245 (UTC)] info/application	[Sensor] Updated distance: 21.5428451926181 cm | Severity=75 | SourceName=Sensor3 | EventType=application
[2026-08-16 19:13:23.245 (UTC)] info/application	[Sensor] Updated distance: 21.5698828813