[2026-08-17 04:23:33.292 (UTC+0800)] [33mwarn/server[0m	AccessControl: Unconfigured AccessControl. Users have all permissions.
[2026-08-17 04:23:33.292 (UTC+0800)] [32minfo/server[0m	AccessControl: Anonymous login is enabled
[2026-08-17 04:23:33.292 (UTC+0800)] [33mwarn/server[0m	x509 Certificate Authentication configured, but no encrypting SecurityPolicy. This can leak credentials on the network.
[2026-08-17 04:23:33.325 (UTC+0800)] [33mwarn/application[0m	ServerUrls already set. Overriding.
[2026-08-17 04:23:33.325 (UTC+0800)] [33mwarn/server[0m	AccessControl: Unconfigured AccessControl. Users have all permissions.
[2026-08-17 04:23:33.325 (UTC+0800)] [32minfo/server[0m	AccessControl: Anonymous login is enabled
[2026-08-17 04:23:33.325 (UTC+0800)] [33mwarn/server[0m	x509 Certificate Authentication configured, but no encrypting SecurityPolicy. This can leak credentials on the network.
[2026-08-17 04:23:33.325 (UTC+0800)] [33mwarn/server[0m	x509 Certificate Authentication configured, but no encrypting SecurityPolicy. This can leak credentials on the network.
[2026-08-16 20:23:33.325 (UTC)] info/application	Sensor Server online (Client/Server mode, id=3 port=4844) | Severity=75 | SourceName=Sensor3 | EventType=application
Entering background polling mode: attempting to connect to Aggregation Server...
Connected successfully. Log forwarding started.
[2026-08-16 20:23:34.331 (UTC)] info/application	[Sensor] Updated distance: 26.4154139351637 cm | Severity=75 | SourceName=Sensor3 | EventType=application
[2026-08-16 20:23:35.302 (UTC)] info/network	[System] TCP 16	| Connection opened from "127.0.0.1" via the server socket 8 | Severity=75 | SourceName=System | EventType=network
[2026-08-16 20:23:35.302 (UTC)] info/channel	[System] TCP 16	| SC 1	| SecureChannel created | Severity=75 | SourceName=System | EventType=channel
[2026-08-16 20:23:35.322 (UTC)] info/channel	[System] TCP 16	| SC 1	| OpenSecureChannel: Channel opened with SecurityMode None for SecurityPolicy http://opcfoundation.org/UA/SecurityPolicy#None and a revised lifetime of 600.0s | Severity=75 | SourceName=System | EventType=channel
[2026-08-16 20:23:35.332 (UTC)] info/application	[Sensor] Updated distance: 25.4151804723848 cm | Severity=75 | SourceName=Sensor3 | EventType=application
[2026-08-16 20:23:35.343 (UTC)] warn/client	[System] Removing a UserTokenPolicy that would allow the password to be transmitted without encryption (Can be enabled via config->allowNonePolicyPassword) | Severity=175 | SourceName=System | EventType=client
[2026-08-16 20:23:35.343 (UTC)] warn/client	[System] Removing a UserTokenPolicy that would allow the password to be transmitted without encryption (Can be enabled via config->allowNonePolicyPassword) | Severity=175 | SourceName=System | EventType=client
[2026-08-16 20:23:35.353 (UTC)] warn/client	[System] Removing a UserTokenPolicy that would allow the password to be transmitted without encryption (Can be enabled via config->allowNonePolicyPassword) | Severity=175 | SourceName=System | EventType=client
[2026-08-16 20:23:35.353 (UTC)] warn/client	[System] Removing a UserTokenPolicy that would allow the password to be transmitted without encryption (Can be enabled via config->allowNonePolicyPassword) | Severity=175 | SourceName=System | EventType=client
[2026-08-16 20:23:35.353 (UTC)] info/session	[System] TCP 16	| SC 1	| Session "ns=1;g=92b42cb7-901b-028e-f70f-00b06966c69c"	| Session created | Severity=75 | SourceName=System | EventType=session
[2026-08-16 20:23:35.364 (UTC)] info/session	[System] TCP 16	| SC 1	| Session "ns=1;g=92b42cb7-901b-028e-f70f-00b06966c69c"	| ActivateSession: Session activated with ClientUserId "" | Severity=75 | SourceName=System | EventType=session
[2026-08-16 20:23:35.748 (UTC)] info/session	[System] TCP 16	| SC 1	| Session "ns=1;g=92b42cb7-901b-028e-f70f-00b06966c69c"	| Subscription 1 | Subscription created (Publishing interval 500.0ms, max 1000 notifications per publish) | Severity=75 | SourceName=System | EventType=session
[2026-08-16 20:23:35.759 (UTC)] info/session	[System] TCP 16	| SC 1	| Session "ns=1;g=92b42cb7-901b-028e-f70f-00b06966c69c"	| Subscription 1 | MonitoredItem 1 | Created the MonitoredItem (Sampling Interval: 250.0ms, Queue Size: 1) | Severity=75 | SourceName=System | EventType=session
[2026-08-16 20:23:36.325 (UTC)] info/application	[Sensor] Updated distance: 25.8438613565377 cm | Severity=75 | SourceName=Sensor3 | EventType=application
[2026-08-16 20:23:37.326 (UTC)] info/application	[Sensor] Updated distance: 26.5306751628084 cm | Severity=75 | SourceName=Sensor3 | EventType=application
[2026-08-16 20:23:38.389 (UTC)] info/application	[Sensor] Updated distance: 27.5300088576181 cm | Severity=75 | SourceName=Sensor3 | EventType=application
[2026-08-16 20:23:39.328 (UTC)] info/application	[Sensor] Updated distance: 27.9934902694046 cm | Severity=75 | SourceName=Sensor3 | EventType=application
[2026-08-16 20:23:40.329 (UTC)] info/application	[Sensor] Updated distance: 29.3571568149408 cm | Severity=75 | SourceName=Sensor3 | EventType=application
[2026-08-16 20:23:41.329 (UTC)] info/application	[Sensor] Updated distance: 28.9276222535072 cm | Severity=75 | SourceName=Sensor3 | EventType=application
[2026-08-16 20:23:42.329 (UTC)] info/application	[Sensor] Updated distance: 28.7499772893498 cm | Severity=75 | SourceName=Sensor3 | EventType=application
[2026-08-16 20:23:43.329 (UTC)] info/application	[Sensor] Updated distance: 28.0147737613948 cm | Severity=75 | SourceName=Sensor3 | EventType=application
[2026-08-16 20:23:44.329 (UTC)] info/application	[Sensor] Updated distance: 27.8009822253608 cm | Severity=75 | SourceName=Sensor3 | EventType=application
[2026-08-16 20:23:45.328 (UTC)] info/application	[Sensor] Updated distance: 27.5020202936148 cm | Severity=75 | SourceName=Sensor3 | EventType=application
[2026-08-16 20:23:46.328 (UTC)] info/application	[Sensor] Updated distance: 28.6076264121139 cm | Severity=75 | SourceName=Sensor3 | EventType=application
[2026-08-16 20:23:47.329 (UTC)] info/application	[Sensor] Updated distance: 27.1531716469457 cm | Severity=75 | SourceName=Sensor3 | EventType=application
[2026-08-16 20:23:48.328 (UTC)] info/application	[Sensor] Updated distance: 28.6082685119977 cm | Severity=75 | SourceName=Sensor3 | EventType=application
[2026-08-16 20:23:49.328 (UTC)] info/application	[Sensor] Updated distance: 28.4861210801108 cm | Severity=75 | SourceName=Sensor3 | EventType=application
[2026-08-16 20:23:50.328 (UTC)] info/application	[Sensor] Updated distance: 27.1309270531083 cm | Severity=75 | SourceName=Sensor3 | EventType=application
[2026-08-16 20:23:51.328 (UTC)] info/application	[Sensor] Updated distance: 25.6733970053836 cm | Severity=75 | SourceName=Sensor3 | EventType=application
[2026-08-16 20:23:52.329 (UTC)] info/application	[Sensor] Updated distance: 26.2246795542187 cm | Severity=75 | SourceName=Sensor3 | EventType=application
[2026-08-16 20:23:53.329 (UTC)] info/application	[Sensor] Updated distance: 27.6023736086685 cm | Severity=75 | SourceName=Sensor3 | EventType=application
[2026-08-16 20:23:54.330 (UTC)] info/application	[Sensor] Updated distance: 27.8616875807576 cm | Severity=75 | SourceName=Sensor3 | EventType=application
[2026-08-16 20:23:55.331 (UTC)] info/application	[Sensor] Updated distance: 28.1604744578528 cm | Severity=75 | SourceName=Sensor3 | EventType=application
[2026-08-16 20:23:56.331 (UTC)] info/application	[Sensor] Updated distance: 28.4199411160871 cm | Severity=75 | SourceName=Sensor3 | EventType=application
[2026-08-16 20:23:57.332 (UTC)] info/application	[Sensor] Updated distance: 28.6659905685419 cm | Severity=75 | SourceName=Sensor3 | EventType=application
[2026-08-16 20:23:58.332 (UTC)] info/application	[Sensor] Updated distance: 29.5598703325074 cm | Severity=75 | SourceName=Sensor3 | EventType=application
[2026-08-16 20:23:59.332 (UTC)] info/application	[Sensor] Updated distance: 28.944264178604 cm | Severity=75 | SourceName=Sensor3 | EventType=application
[2026-08-16 20:24:00.333 (UTC)] info/application	[Sensor] Updated distance: 29.2902489769227 cm | Severity=75 | SourceName=Sensor3 | EventType=application
[2026-08-16 20:24:01.333 (UTC)] info/application	[Sensor] Updated distance: 28.562422056013 cm | Severity=75 | SourceName=Sensor3 | EventType=application
[2026-08-16 20:24:02.333 (UTC)] info/application	[Sensor] Updated distance: 29.3426064876107 cm | Severity=75 | SourceName=Sensor3 | EventType=application
[2026-08-16 20:24:03.333 (UTC)] info/application	[Sensor] Updated distance: 28.7089011546731 cm | Severity=75 | SourceName=Sensor3 | EventType=application
[2026-08-16 20:24:04.332 (UTC)] info/application	[Sensor] Updated distance: 28.8209464556169 cm | Severity=75 | SourceName=Sensor3 | EventType=application
[2026-08-16 20:24:05.332 (UTC)] info/application	[Sensor] Updated distance: 28.5165448223783 cm | Severity=75 | SourceName=Sensor3 | EventType=application
[2026-08-16 20:24:06.333 (UTC)] info/application	[Sensor] Updated distance: 28.3826060266619 cm | Severity=75 | SourceName=Sensor3 | EventType=application
[2026-08-16 20:24:07.332 (UTC)] info/application	[Sensor] Updated distance: 27.4233322103616 cm | Severity=75 | SourceName=Sensor3 | EventType=application
[2026-08-16 20:24:08.332 (UTC)] info/application	[Sensor] Updated distance: 26.3057443819967 cm | Severity=75 | SourceName=Sensor3 | EventType=application
[2026-08-16 20:24:09.332 (UTC)] info/application	[Sensor] Updated distance: 25.671139279693 cm | Severity=75 | SourceName=Sensor3 | EventType=application
[2026-08-16 20:24:10.332 (UTC)] info/application	[Sensor] Updated distance: 26.6753468765762 cm | Severity=75 | SourceName=Sensor3 | EventType=application
[2026-08-16 20:24:11.333 (UTC)] info/application	[Sensor] Updated distance: 25.4214255923505 cm | Severity=75 | SourceName=Sensor3 | EventType=application
[2026-08-16 20:24:12.333 (UTC)] info/application	[Sensor] Updated distance: 25.8572859286132 cm | Severity=75 | SourceName=Sensor3 | EventType=application
[2026-08-16 20:24:13.333 (UTC)] info/application	[Sensor] Updated distance: 25.183848559942 cm | Severity=75 | SourceName=Sensor3 | EventType=application
[2026-08-16 20:24:14.334 (UTC)] info/application	[Sensor] Updated distance: 24.6947237477613 cm | Severity=75 | SourceName=Sensor3 | EventType=application
[2026-08-16 20:24:15.334 (UTC)] info/application	[Sensor] Updated distance: 23.416792546593 cm | Severity=75 | SourceName=Sensor3 | EventType=application
[2026-08-16 20:24:16.334 (UTC)] info/application	[Sensor] Updated distance: 23.9443932461759 cm | Severity=75 | SourceName=Sensor3 | EventType=application
[2026-08-16 20:24:17.335 (UTC)] info/application	[Sensor] Updated distance: 23.0608745510973 cm | Severity=75 | SourceName=Sensor3 | EventType=application
[2026-08-16 20:24:18.335 (UTC)] info/application	[Sensor] Updated distance: 21.8284885861578 cm | Severity=75 | SourceName=Sensor3 | EventType=application
[2026-08-16 20:24:19.325 (UTC)] info/application	[Sensor] Updated distance: 22.3111861493956 cm | Severity=75 | SourceName=Sensor3 | EventType=application
[2026-08-16 20:24:20.325 (UTC)] info/application	[Sensor] Updated distance: 22.8055200224302 cm | Severity=75 | SourceName=Sensor3 | EventType=application
[2026-08-16 20:24:21.326 (UTC)] info/application	[Sensor] Updated distance: 21.7179400304882 cm | Severity=75 | SourceName=Sensor3 | EventType=application
[2026-08-16 20:24:22.326 (UTC)] info/application	[Sensor] Updated distance: 22.2431075460013 cm | Severity=75 | SourceName=Sensor3 | EventType=application
[2026-08-16 20:24:23.326 (UTC)] info/application	[Sensor] Updated distance: 21.788723966474 cm | Severity=75 | SourceName=Sensor3 | EventType=application
[2026-08-16 20:24:24.326 (UTC)] info/application	[Sensor] Updated distance: 20.5788380275848 cm | Severity=75 | SourceName=Sensor3 | EventType=application
[2026-08-16 20:24:25.326 (UTC)] info/application	[Sensor] Updated distance: 19.86331951379 cm | Severity=75 | SourceName=Sensor3 | EventType=application
[2026-08-16 20:24:26.326 (UTC)] info/application	[Sensor] Updated distance: 21.2077228127549 cm | Severity=75 | SourceName=Sensor3 | EventType=application
[2026-08-16 20:24:27.326 (UTC)] info/application	[Sensor] Updated distance: 21.7573035321 cm | Severity=75 | SourceName=Sensor3 | EventType=application
[2026-08-16 20:24:28.327 (UTC)] info/application	[Sensor] Updated distance: 22.78783447076 cm | Severity=75 | SourceName=Sensor3 | EventType=application
[2026-08-16 20:24:29.328 (UTC)] info/application	[Sensor] Updated distance: 23.5261175322934 cm | Severity=75 | SourceName=Sensor3 | EventType=application
[2026-08-16 20:24:30.328 (UTC)] info/application	[Sensor] Updated distance: 24.9600920977351 cm | Severity=75 | SourceName=Sensor3 | EventType=application
[2026-08-16 20:24:31.327 (UTC)] info/application	[Sensor] Updated distance: 24.8366078347138 cm | Severity=75 | SourceName=Sensor3 | EventType=application
[2026-08-16 20:24:32.327 (UTC)] info/application	[Sensor] Updated distance: 23.3470639739405 cm | Severity=75 | SourceName=Sensor3 | EventType=application
[2026-08-16 20:24:33.327 (UTC)] info/application	[Sensor] Updated distance: 24.0612229709799 cm | Severity=75 | SourceName=Sensor3 | EventType=application
[2026-08-16 20:24:34.327 (UTC)] info/application	[Sensor] Updated distance: 24.8040333750211 cm | Severity=75 | SourceName=Sensor3 | EventType=application
[2026-08-16 20:24:35.328 (UTC)] info/application	[Sensor] Updated distance: 24.9265348151915 cm | Severity=75 | SourceName=Sensor3 | EventType=application
[2026-08-16 20:24:36.328 (UTC)] info/application	[Sensor] Updated distance: 23.8362921775953 cm | Severity=75 | SourceName=Sensor3 | EventType=application
[2026-08-16 20:24:37.328 (UTC)] info/application	[Sensor] Updated distance: 22.9451637845231 cm | Severity=75 | SourceName=Sensor3 | EventType=application
[2026-08-16 20:24:38.328 (UTC)] info/application	[Sensor] Updated distance: 23.6083914083933 cm | Severity=75 | SourceName=Sensor3 | EventType=application
[2026-08-16 20:24:39.328 (UTC)] info/application	[Sensor] Updated distance: 22.9005609424322 cm | Severity=75 | SourceName=Sensor3 | EventType=application
[2026-08-16 20:24:40.328 (UTC)] info/application	[Sensor] Updated distance: 22.8748274470562 cm | Severity=75 | SourceName=Sensor3 | EventType=application
[2026-08-16 20:24:41.328 (UTC)] info/application	[Sensor] Updated distance: 23.0422626664127 cm | Severity=75 | SourceName=Sensor3 | EventType=application
[2026-08-16 20:24:42.328 (UTC)] info/application	[Sensor] Updated distance: 22.5805109176228 cm | Severity=75 | SourceName=Sensor3 | EventType=application
[2026-08-16 20:24:43.329 (UTC)] info/application	[Sensor] Updated distance: 21.4906377571126 cm | Severity=75 | SourceName=Sensor3 | EventType=application
[2026-08-16 20:24:44.329 (UTC)] info/application	[Sensor] Updated distance: 22.4846356077979 cm | Severity=75 | SourceName=Sensor3 | EventType=application
[2026-08-16 20:24:45.329 (UTC)] info/application	[Sensor] Updated distance: 23.0337590468273 cm | Severity=75 | SourceName=Sensor3 | EventType=application
[2026-08-16 20:24:46.329 (UTC)] info/application	[Sensor] Updated distance: 22.1659546865457 cm | Severity=75 | SourceName=Sensor3 | EventType=application
[2026-08-16 20:24:47.329 (UTC)] info/application	[Sensor] Updated distance: 22.187553235417 cm | Severity=75 | SourceName=Sensor3 | EventType=application
[2026-08-16 20:24:48.329 (UTC)] info/application	[Sensor] Updated distance: 23.3531579807648 cm | Severity=75 | SourceName=Sensor3 | EventType=application
[2026-08-16 20:24:49.330 (UTC)] info/application	[Sensor] Updated distance: 22.7529676555437 cm | Severity=75 | SourceName=Sensor3 | EventType=application
[2026-08-16 20:24:50.330 (UTC)] info/application	[Sensor] Updated distance: 21.7572637676528 cm | Severity=75 | SourceName=Sensor3 | EventType=application
[2026-08-16 20:24:51.330 (UTC)] info/application	[Sensor] Updated distance: 21.9172023846382 cm | Severity=75 | SourceName=Sensor3 | EventType=application
[2026-08-16 20:24:52.330 (UTC)] info/application	[Sensor] Updated distance: 21.729432067475 cm | Severity=75 | SourceName=Sensor3 | EventType=application
[2026-08-16 20:24:53.330 (UTC)] info/application	[Sensor] Updated distance: 22.7588956950972 cm | Severity=75 | SourceName=Sensor3 | EventType=application
[2026-08-16 20:24:54.330 (UTC)] info/application	[Sensor] Updated distance: 23.9644507339524 cm | Severity=75 | SourceName=Sensor3 | EventType=application
[2026-08-16 20:24:55.330 (UTC)] info/application	[Sensor] Updated distance: 24.0667944778999 cm | Severity=75 | SourceName=Sensor3 | EventType=application
[2026-08-16 20:24:56.330 (UTC)] info/application	[Sensor] Updated distance: 22.8807395917274 cm | Severity=75 | SourceName=Sensor3 | EventType=application
[2026-08-16 20:24:57.330 (UTC)] info/application	[Sensor] Updated distance: 23.9306979281505 cm | Severity=75 | SourceName=Sensor3 | EventType=application
[2026-08-16 20:24:58.330 (UTC)] info/application	[Sensor] Updated distance: 23.0826223914431 cm | Severity=75 | SourceName=Sensor3 | EventType=application
[2026-08-16 20:24:59.331 (UTC)] info/application	[Sensor] Updated distance: 24.4270984439305 cm | Severity=75 | SourceName=Sensor3 | EventType=application
[2026-08-16 20:25:00.331 (UTC)] info/application	[Sensor] Updated distance: 24.7153398404901 cm | Severity=75 | SourceName=Sensor3 | EventType=application
[2026-08-16 20:25:01.331 (UTC)] info/application	[Sensor] Updated distance: 23.8012388678273 cm | Severity=75 | SourceName=Sensor3 | EventType=application
[2026-08-16 20:25:02.332 (UTC)] info/application	[Sensor] Updated distance: 23.5222306558966 cm | Severity=75 | SourceName=Sensor3 | EventType=application
[2026-08-16 20:25:03.333 (UTC)] info/application	[Sensor] Updated distance: 23.8209281916827 cm | Severity=75 | SourceName=Sensor3 | EventType=application
[2026-08-16 20:25:04.333 (UTC)] info/application	[Sensor] Updated distance: 25.1209862160594 cm | Severity=75 | SourceName=Sensor3 | EventType=application
[2026-08-16 20:25:05.333 (UTC)] info/application	[Sensor] Updated distance: 24.0847884067729 cm | Severity=75 | SourceName=Sensor3 | EventType=application
[2026-08-16 20:25:06.333 (UTC)] info/application	[Sensor] Updated distance: 23.0059873813325 cm | Severity=75 | SourceName=Sensor3 | EventType=application
[2026-08-16 20:25:07.334 (UTC)] info/application	[Sensor] Updated distance: 21.715802766716 cm | Severity=75 | SourceName=Sensor3 | EventType=application
[2026-08-16 20:25:08.334 (UTC)] info/application	[Sensor] Updated distance: 21.2884765643573 cm | Severity=75 | SourceName=Sensor3 | EventType=application
[2026-08-16 20:25:09.335 (UTC)] info/application	[Sensor] Updated distance: 22.3729031627871 cm | Severity=75 | SourceName=Sensor3 | EventType=application
[2026-08-16 20:25:10.335 (UTC)] info/application	[Sensor] Updated distance: 21.8748880836064 cm | Severity=75 | SourceName=Sensor3 | EventType=application
[2026-08-16 20:25:11.335 (UTC)] info/application	[Sensor] Updated distance: 22.9218283858717 cm | Severity=75 | SourceName=Sensor3 | EventType=application
[2026-08-16 20:25:12.335 (UTC)] info/application	[Sensor] Updated distance: 22.6736902036582 cm | Severity=75 | SourceName=Sensor3 | EventType=application
[2026-08-16 20:25:13.335 (UTC)] info/application	[Sensor] Updated distance: 23.2139233756875 cm | Severity=75 | SourceName=Sensor3 | EventType=application
[2026-08-16 20:25:14.334 (UTC)] info/application	[Sensor] Updated distance: 24.6709905188396 cm | Severity=75 | SourceName=Sensor3 | EventType=application
[2026-08-16 20:25:15.334 (UTC)] info/application	[Sensor] Updated distance: 23.9168501859144 cm | Severity=75 | SourceName=Sensor3 | EventType=application
[2026-08-16 20:25:16.334 (UTC)] info/application	[Sensor] Updated distance: 23.5062067955761 cm | Severity=75 | SourceName=Sensor3 | EventType=application
[2026-08-16 20:25:17.335 (UTC)] info/application	[Sensor] Updated distance: 22.5954695770496 cm | Severity=75 | SourceName=Sensor3 | EventType=application
[2026-08-16 20:25:18.326 (UTC)] info/application	[Sensor] Updated distance: 23.3629277943926 cm | Severity=75 | SourceName=Sensor3 | EventType=application
[2026-08-16 20:25:19.326 (UTC)] info/application	[Sensor] Updated distance: 22.6178891480052 cm | Severity=75 | SourceName=Sensor3 | EventType=application
[2026-08-16 20:25:20.327 (UTC)] info/application	[Sensor] Updated distance: 22.6069616042576 cm | Severity=75 | SourceName=Sensor3 | EventType=application
[2026-08-16 20:25:21.328 (UTC)] info/application	[Sensor] Updated distance: 23.8787159337097 cm | Severity=75 | SourceName=Sensor3 | EventType=application
[2026-08-16 20:25:22.328 (UTC)] info/application	[Sensor] Updated distance: 24.7936159057047 cm | Severity=75 | SourceName=Sensor3 | EventType=application
[2026-08-16 20:25:23.328 (UTC)] info/application	[Sensor] Updated distance: 26.0949180447938 cm | Severity=75 | SourceName=Sensor3 | EventType=application
[2026-08-16 20:25:24.328 (UTC)] info/application	[Sensor] Updated distance: 26.8961360004712 cm | Severity=75 | SourceName=Sensor3 | EventType=application
[2026-08-16 20:25:25.328 (UTC)] info/application	[Sensor] Updated distance: 27.5165910099245 cm | Severity=75 | SourceName=Sensor3 | EventType=application
[2026-08-16 20:25:26.328 (UTC)] info/application	[Sensor] Updated distance: 27.4202368915641 cm | Severity=75 | SourceName=Sensor3 | EventType=application
[2026-08-16 20:25:27.328 (UTC)] info/application	[Sensor] Updated distance: 28.5353999610689 cm | Severity=75 | SourceName=Sensor3 | EventType=application
[2026-08-16 20:25:28.328 (UTC)] info/application	[Sensor] Updated distance: 28.7058133055483 cm | Severity=75 | SourceName=Sensor3 | EventType=application
[2026-08-16 20:25:29.329 (UTC)] info/application	[Sensor] Updated distance: 29.2613836504805 cm | Severity=75 | SourceName=Sensor3 | EventType=application
[2026-08-16 20:25:30.329 (UTC)] info/application	[Sensor] Updated distance: 30.2210227724728 cm | Severity=75 | SourceName=Sensor3 | EventType=application
[2026-08-16 20:25:31.329 (UTC)] info/application	[Sensor] Updated distance: 29.1796775121147 cm | Severity=75 | SourceName=Sensor3 | EventType=application
[2026-08-16 20:25:32.330 (UTC)] info/application	[Sensor] Updated distance: 30.3211468857811 cm | Severity=75 | SourceName=Sensor3 | EventType=application
[2026-08-16 20:25:33.330 (UTC)] info/application	[Sensor] Updated distance: 29.5017777944458 cm | Severity=75 | SourceName=Sensor3 | EventType=application
[2026-08-16 20:25:34.330 (UTC)] info/application	[Sensor] Updated distance: 30.2591300698738 cm | Severity=75 | SourceName=Sensor3 | EventType=application
[2026-08-16 20:25:35.329 (UTC)] info/application	[Sensor] Updated distance: 31.2006574665199 cm | Severity=75 | SourceName=Sensor3 | EventType=application
[2026-08-16 20:25:36.329 (UTC)] info/application	[Sensor] Updated distance: 30.845090567295 cm | Severity=75 | SourceName=Sensor3 | EventType=application
[2026-08-16 20:25:37.329 (UTC)] info/application	[Sensor] Updated distance: 32.0236418172827 cm | Severity=75 | SourceName=Sensor3 | EventType=application
[2026-08-16 20:25:38.329 (UTC)] info/application	[Sensor] Updated distance: 33.1749846007093 cm | Severity=75 | SourceName=Sensor3 | EventType=application
[2026-08-16 20:25:39.329 (UTC)] info/application	[Sensor] Updated distance: 33.8920914991256 cm | Severity=75 | SourceName=Sensor3 | EventType=application
[2026-08-16 20:25:40.329 (UTC)] info/application	[Sensor] Updated distance: 34.6550693461462 cm | Severity=75 | SourceName=Sensor3 | EventType=application
[2026-08-16 20:25:41.330 (UTC)] info/application	[Sensor] Updated distance: 33.8083970489951 cm | Severity=75 | SourceName=Sensor3 | EventType=application
[2026-08-16 20:25:42.330 (UTC)] info/application	[Sensor] Updated distance: 34.0724442496767 cm | Severity=75 | SourceName=Sensor3 | EventType=application
[2026-08-16 20:25:43.331 (UTC)] info/application	[Sensor] Updated distance: 33.0872839130868 cm | Severity=75 | SourceName=Sensor3 | EventType=application
[2026-08-16 20:25:44.331 (UTC)] info/application	[Sensor] Updated distance: 34.280844787965 cm | Severity=75 | SourceName=Sensor3 | EventType=application
[2026-08-16 20:25:45.332 (UTC)] info/application	[Sensor] Updated distance: 34.5019591304017 cm | Severity=75 | SourceName=Sensor3 | EventType=application
[2026-08-16 20:25:46.331 (UTC)] info/application	[Sensor] Updated distance: 34.2626584622835 cm | Severity=75 | SourceName=Sensor3 | EventType=application
[2026-08-16 20:25:47.332 (UTC)] info/application	[Sensor] Updated distance: 33.5455759454265 cm | Severity=75 | SourceName=Sensor3 | EventType=application
[2026-08-16 20:25:48.332 (UTC)] info/application	[Sensor] Updated distance: 34.3559530693367 cm | Severity=75 | SourceName=Sensor3 | EventType=application
[2026-08-16 20:25:49.332 (UTC)] info/application	[Sensor] Updated distance: 33.3841106171646 cm | Severity=75 | SourceName=Sensor3 | EventType=application
[2026-08-16 20:25:50.333 (UTC)] info/application	[Sensor] Updated distance: 33.4219894553171 cm | Severity=75 | SourceName=Sensor3 | EventType=application
[2026-08-16 20:25:51.333 (UTC)] info/application	[Sensor] Updated distance: 32.7214390340827 cm | Severity=75 | SourceName=Sensor3 | EventType=application
[2026-08-16 20:25:52.334 (UTC)] info/application	[Sensor] Updated distance: 31.5213509099657 cm | Severity=75 | SourceName=Sensor3 | EventType=application
[2026-08-16 20:25:53.334 (UTC)] info/application	[Sensor] Updated distance: 30.9741297187163 cm | Severity=75 | SourceName=Sensor3 | EventType=application
[2026-08-16 20:25:54.335 (UTC)] info/application	[Sensor] Updated distance: 30.074881435174 cm | Severity=75 | SourceName=Sensor3 | EventType=application
[2026-08-16 20:25:55.335 (UTC)] info/application	[Sensor] Updated distance: 31.1760112667344 cm | Severity=75 | SourceName=Sensor3 | EventType=application
[2026-08-16 20:25:56.325 (UTC)] info/application	[Sensor] Updated distance: 29.7492450835413 cm | Severity=75 | SourceName=Sensor3 | EventType=application
[2026-08-16 20:25:57.326 (UTC)] info/application	[Sensor] Updated distance: 30.2536426816385 cm | Severity=75 | SourceName=Sensor3 | EventType=application
[2026-08-16 20:25:58.326 (UTC)] info/application	[Sensor] Updated distance: 30.9699355827039 cm | Severity=75 | SourceName=Sensor3 | EventType=application
[2026-08-16 20:25:59.326 (UTC)] info/application	[Sensor] Updated distance: 31.21358274399 cm | Severity=75 | SourceName=Sensor3 | EventType=application
[2026-08-16 20:26:00.326 (UTC)] info/application	[Sensor] Updated distance: 30.7735506870195 cm | Severity=75 | SourceName=Sensor3 | EventType=application
[2026-08-16 20:26:01.327 (UTC)] info/application	[Sensor] Updated distance: 30.9494827086802 cm | Severity=75 | SourceName=Sensor3 | EventType=application
[2026-08-16 20:26:02.327 (UTC)] info/application	[Sensor] Updated distance: 31.6517846096082 cm | Severity=75 | SourceName=Sensor3 | EventType=application
[2026-08-16 20:26:03.328 (UTC)] info/application	[Sensor] Updated distance: 30.8532219249072 cm | Severity=75 | SourceName=Sensor3 | EventType=application
[2026-08-16 20:26:04.328 (UTC)] info/application	[Sensor] Updated distance: 31.7097848552325 cm | Severity=75 | SourceName=Sensor3 | EventType=application
[2026-08-16 20:26:05.328 (UTC)] info/application	[Sensor] Updated distance: 31.6694390301916 cm | Severity=75 | SourceName=Sensor3 | EventType=application
[2026-08-16 20:26:06.329 (UTC)] info/application	[Sensor] Updated distance: 30.3124037407396 cm | Severity=75 | SourceName=Sensor3 | EventType=application
[2026-08-16 20:26:07.329 (UTC)] info/application	[Sensor] Updated distance: 29.313399770443 cm | Severity=75 | SourceName=Sensor3 | EventType=application
[2026-08-16 20:26:08.329 (UTC)] info/application	[Sensor] Updated distance: 28.9516051939929 cm | Severity=75 | SourceName=Sensor3 | EventType=application
[2026-08-16 20:26:09.329 (UTC)] info/application	[Sensor] Updated distance: 30.2459126879675 cm | Severity=75 | SourceName=Sensor3 | EventType=application
[2026-08-16 20:26:10.328 (UTC)] info/application	[Sensor] Updated distance: 31.4640156174842 cm | Severity=75 | SourceName=Sensor3 | EventType=application
[2026-08-16 20:26:11.329 (UTC)] info/application	[Sensor] Updated distance: 30.3651988866577 cm | Severity=75 | SourceName=Sensor3 | EventType=application
[2026-08-16 20:26:12.329 (UTC)] info/application	[Sensor] Updated distance: 29.3128340820842 cm | Severity=75 | SourceName=Sensor3 | EventType=application
[2026-08-16 20:26:13.329 (UTC)] info/application	[Sensor] Updated distance: 29.2949842108856 cm | Severity=75 | SourceName=Sensor3 | EventType=application
[2026-08-16 20:26:14.330 (UTC)] info/application	[Sensor] Updated distance: 28.711007144866 cm | Severity=75 | SourceName=Sensor3 | EventType=application
[2026-08-16 20:26:15.330 (UTC)] info/application	[Sensor] Updated distance: 27.3522032137738 cm | Severity=75 | SourceName=Sensor3 | EventType=application
[2026-08-16 20:26:16.331 (UTC)] info/application	[Sensor] Updated distance: 26.0554676836149 cm | Severity=75 | SourceName=Sensor3 | EventType=application
[2026-08-16 20:26:17.331 (UTC)] info/application	[Sensor] Updated distance: 26.7321899494772 cm | Severity=75 | SourceName=Sensor3 | EventType=application
[2026-08-16 20:26:18.332 (UTC)] info/application	[Sensor] Updated distance: 26.1563035029249 cm | Severity=75 | SourceName=Sensor3 | EventType=application
[2026-08-16 20:26:19.332 (UTC)] info/application	[Sensor] Updated distance: 27.1699450966762 cm | Severity=75 | SourceName=Sensor3 | EventType=application
[2026-08-16 20:26:20.332 (UTC)] info/application	[Sensor] Updated distance: 28.3748249103663 cm | Severity=75 | SourceName=Sensor3 | EventType=application
[2026-08-16 20:26:21.333 (UTC)] info/application	[Sensor] Updated distance: 29.3368173019666 cm | Severity=75 | SourceName=Sensor3 | EventType=application
[2026-08-16 20:26:22.334 (UTC)] info/application	[Sensor] Updated distance: 28.1499084730865 cm | Severity=75 | SourceName=Sensor3 | EventType=application
[2026-08-16 20:26:23.334 (UTC)] info/application	[Sensor] Updated distance: 26.6547001612627 cm | Severity=75 | SourceName=Sensor3 | EventType=application
[2026-08-16 20:26:24.335 (UTC)] info/application	[Sensor] Updated distance: 25.5694713602166 cm | Severity=75 | SourceName=Sensor3 | EventType=application
[2026-08-16 20:26:25.335 (UTC)] info/application	[Sensor] Updated distance: 24.9833142477941 cm | Severity=75 | SourceName=Sensor3 | EventType=application
[2026-08-16 20:26:26.335 (UTC)] info/application	[Sensor] Updated distance: 26.0892357675308 cm | Severity=75 | SourceName=Sensor3 | EventType=application
[2026-08-16 20:26:27.325 (UTC)] info/application	[Sensor] Updated distance: 25.0772407832915 cm | Severity=75 | SourceName=Sensor3 | EventType=application
[2026-08-16 20:26:28.325 (UTC)] info/application	[Sensor] Updated distance: 26.4954812689663 cm | Severity=75 | SourceName=Sensor3 | EventType=application
[2026-08-16 20:26:29.325 (UTC)] info/application	[Sensor] Updated distance: 26.8176956883714 cm | Severity=75 | SourceName=Sensor3 | EventType=application
[2026-08-16 20:26:30.326 (UTC)] info/application	[Sensor] Updated distance: 27.5493478654182 cm | Severity=75 | SourceName=Sensor3 | EventType=application
[2026-08-16 20:26:31.326 (UTC)] info/application	[Sensor] Updated distance: 27.0275562927255 cm | Severity=75 | SourceName=Sensor3 | EventType=application
[2026-08-16 20:26:32.326 (UTC)] info/application	[Sensor] Updated distance: 26.0257027323943 cm | Severity=75 | SourceName=Sensor3 | EventType=application
[2026-08-16 20:26:33.326 (UTC)] info/application	[Sensor] Updated distance: 25.9596568089722 cm | Severity=75 | SourceName=Sensor3 | EventType=application
[2026-08-16 20:26:34.326 (UTC)] info/application	[Sensor] Updated distance: 26.1393025515784 cm | Severity=75 | SourceName=Sensor3 | EventType=application
[2026-08-16 20:26:35.326 (UTC)] info/application	[Sensor] Updated distance: 27.4940119229695 cm | Severity=75 | SourceName=Sensor3 | EventType=application
[2026-08-16 20:26:36.325 (UTC)] info/application	[Sensor] Updated distance: 28.8876201745065 cm | Severity=75 | SourceName=Sensor3 | EventType=application
[2026-08-16 20:26:37.326 (UTC)] info/application	[Sensor] Updated distance: 29.2102306290577 cm | Severity=75 | SourceName=Sensor3 | EventType=application
[2026-08-16 20:26:38.325 (UTC)] info/application	[Sensor] Updated distance: 28.0659360287552 cm | Severity=75 | SourceName=Sensor3 | EventType=application
[2026-08-16 20:26:39.325 (UTC)] info/application	[Sensor] Updated distance: 27.5977497024451 cm | Severity=75 | SourceName=Sensor3 | EventType=application
[2026-08-16 20:26:40.326 (UTC)] info/application	[Sensor] Updated distance: 27.7146676495739 cm | Severity=75 | SourceName=Sensor3 | EventType=application
[2026-08-16 20:26:41.326 (UTC)] info/application	[Sensor] Updated distance: 26.2884759773912 cm | Severity=75 | SourceName=Sensor3 | EventType=application
[2026-08-16 20:26:42.326 (UTC)] info/application	[Sensor] Updated distance: 26.2214729202545 cm | Severity=75 | SourceName=Sensor3 | EventType=application
[2026-08-16 20:26:43.326 (UTC)] info/application	[Sensor] Updated distance: 26.7860260642068 cm | Severity=75 | SourceName=Sensor3 | EventType=application
[2026-08-16 20:26:44.326 (UTC)] info/application	[Sensor] Updated distance: 26.8419845208255 cm | Severity=75 | SourceName=Sensor3 | EventType=application
[2026-08-16 20:26:45.326 (UTC)] info/application	[Sensor] Updated distance: 27.6910043976693 cm | Severity=75 | SourceName=Sensor3 | EventType=application
[2026-08-16 20:26:46.326 (UTC)] info/application	[Sensor] Updated distance: 28.3967536105293 cm | Severity=75 | SourceName=Sensor3 | EventType=application
[2026-08-16 20:26:47.326 (UTC)] info/application	[Sensor] Updated distance: 28.6559765369892 cm | Severity=75 | SourceName=Sensor3 | EventType=application
[2026-08-16 20:26:48.326 (UTC)] info/application	[Sensor] Updated distance: 28.6817186782983 cm | Severity=75 | SourceName=Sensor3 | EventType=application
[2026-08-16 20:26:49.326 (UTC)] info/application	[Sensor] Updated distance: 27.311581443209 cm | Severity=75 | SourceName=Sensor3 | EventType=application
[2026-08-16 20:26:50.326 (UTC)] info/application	[Sensor] Updated distance: 27.0844459620232 cm | Severity=75 | SourceName=Sensor3 | EventType=application
[2026-08-16 20:26:51.326 (UTC)] info/application	[Sensor] Updated distance: 26.8150679156254 cm | Severity=75 | SourceName=Sensor3 | EventType=application
[2026-08-16 20:26:52.327 (UTC)] info/application	[Sensor] Updated distance: 27.9069230721364 cm | Severity=75 | SourceName=Sensor3 | EventType=application
[2026-08-16 20:26:53.327 (UTC)] info/application	[Sensor] Updated distance: 27.9928787620705 cm | Severity=75 | SourceName=Sensor3 | EventType=application
[2026-08-16 20:26:54.328 (UTC)] info/application	[Sensor] Updated distance: 27.728292403849 cm | Severity=75 | SourceName=Sensor3 | EventType=application
[2026-08-16 20:26:55.328 (UTC)] info/application	[Sensor] Updated distance: 26.2349187579168 cm | Severity=75 | SourceName=Sensor3 | EventType=application
[2026-08-16 20:26:56.328 (UTC)] info/application	[Sensor] Updated distance: 27.2347173354284 cm | Severity=75 | SourceName=Sensor3 | EventType=application
[2026-08-16 20:26:57.328 (UTC)] info/application	[Sensor] Updated distance: 26.5760524969436 cm | Severity=75 | SourceName=Sensor3 | EventType=application
[2026-08-16 20:26:58.329 (UTC)] info/application	[Sensor] Updated distance: 25.5706838667722 cm | Severity=75 | SourceName=Sensor3 | EventType=application
[2026-08-16 20:26:59.330 (UTC)] info/application	[Sensor] Updated distance: 26.4887229299586 cm | Severity=75 | SourceName=Sensor3 | EventType=application
[2026-08-16 20:27:00.330 (UTC)] info/application	[Sensor] Updated distance: 27.6522725108789 cm | Severity=75 | SourceName=Sensor3 | EventType=application
[2026-08-16 20:27:01.331 (UTC)] info/application	[Sensor] Updated distance: 28.8785560577542 cm | Severity=75 | SourceName=Sensor3 | EventType=application
[2026-08-16 20:27:02.331 (UTC)] info/application	[Sensor] Updated distance: 27.7748035468509 cm | Severity=75 | SourceName=Sensor3 | EventType=application
[2026-08-16 20:27:03.332 (UTC)] info/application	[Sensor] Updated distance: 26.43649956744 cm | Severity=75 | SourceName=Sensor3 | EventType=application
[2026-08-16 20:27:04.333 (UTC)] info/application	[Sensor] Updated distance: 26.0967371894963 cm | Severity=75 | SourceName=Sensor3 | EventType=application
[2026-08-16 20:27:05.333 (UTC)] info/application	[Sensor] Updated distance: 26.6726304225962 cm | Severity=75 | SourceName=Sensor3 | EventType=application
[2026-08-16 20:27:06.334 (UTC)] info/application	[Sensor] Updated distance: 25.1890358131793 cm | Severity=75 | SourceName=Sensor3 | EventType=application
[2026-08-16 20:27:07.335 (UTC)] info/application	[Sensor] Updated distance: 24.7428816853756 cm | Severity=75 | SourceName=Sensor3 | EventType=application
[2026-08-16 20:27:08.335 (UTC)] info/application	[Sensor] Updated distance: 24.1413853716298 cm | Severity=75 | SourceName=Sensor3 | EventType=application
[2026-08-16 20:27:09.325 (UTC)] info/application	[Sensor] Updated distance: 23.0134961619105 cm | Severity=75 | SourceName=Sensor3 | EventType=application
[2026-08-16 20:27:10.325 (UTC)] info/application	[Sensor] Updated distance: 23.5991557077966 cm | Severity=75 | SourceName=Sensor3 | EventType=application
[2026-08-16 20:27:11.326 (UTC)] info/application	[Sensor] Updated distance: 24.6145773411796 cm | Severity=75 | SourceName=Sensor3 | EventType=application
[2026-08-16 20:27:12.326 (UTC)] info/application	[Sensor] Updated distance: 23.5604964606745 cm | Severity=75 | SourceName=Sensor3 | EventType=application
[2026-08-16 20:27:13.326 (UTC)] info/application	[Sensor] Updated distance: 22.5791529494241 cm | Severity=75 | SourceName=Sensor3 | EventType=application
[2026-08-16 20:27:14.326 (UTC)] info/application	[Sensor] Updated distance: 22.6591277253624 cm | Severity=75 | SourceName=Sensor3 | EventType=application
[2026-08-16 20:27:15.327 (UTC)] info/application	[Sensor] Updated distance: 23.161005301476 cm | Severity=75 | SourceName=Sensor3 | EventType=application
[2026-08-16 20:27:16.327 (UTC)] info/application	[Sensor] Updated distance: 24.5286816670693 cm | Severity=75 | SourceName=Sensor3 | EventType=application
[2026-08-16 20:27:17.326 (UTC)] info/application	[Sensor] Updated distance: 23.8144056558676 cm | Severity=75 | SourceName=Sensor3 | EventType=application
[2026-08-16 20:27:18.327 (UTC)] info/application	[Sensor] Updated distance: 23.0755061584411 cm | Severity=75 | SourceName=Sensor3 | EventType=application
[2026-08-16 20:27:19.327 (UTC)] info/application	[Sensor] Updated distance: 22.9689246653434 cm | Severity=75 | SourceName=Sensor3 | EventType=application
[2026-08-16 20:27:20.327 (UTC)] info/application	[Sensor] Updated distance: 22.3845114190525 cm | Severity=75 | SourceName=Sensor3 | EventType=application
[2026-08-16 20:27:21.327 (UTC)] info/application	[Sensor] Updated distance: 22.9184764404401 cm | Severity=75 | SourceName=Sensor3 | EventType=application
[2026-08-16 20:27:22.327 (UTC)] info/application	[Sensor] Updated distance: 24.0425169009447 cm | Severity=75 | SourceName=Sensor3 | EventType=application
[2026-08-16 20:27:23.328 (UTC)] info/application	[Sensor] Updated distance: 23.0499588111648 cm | Severity=75 | SourceName=Sensor3 | EventType=application
[2026-08-16 20:27:24.329 (UTC)] info/application	[Sensor] Updated distance: 22.1698795224865 cm | Severity=75 | SourceName=Sensor3 | EventType=application
[2026-08-16 20:27:25.329 (UTC)] info/application	[Sensor] Updated distance: 21.5293336247696 cm | Severity=75 | SourceName=Sensor3 | EventType=application
[2026-08-16 20:27:26.329 (UTC)] info/application	[Sensor] Updated distance: 20.5434018890575 cm | Severity=75 | SourceName=Sensor3 | EventType=application
[2026-08-16 20:27:27.329 (UTC)] info/application	[Sensor] Updated distance: 19.1631211764939 cm | Severity=75 | SourceName=Sensor3 | EventType=application
[2026-08-16 20:27:28.330 (UTC)] info/application	[Sensor] Updated distance: 19.3639104402921 cm | Severity=75 | SourceName=Sensor3 | EventType=application
[2026-08-16 20:27:29.331 (UTC)] info/application	[Sensor] Updated distance: 18.8726100758056 cm | Severity=75 | SourceName=Sensor3 | EventType=application
[2026-08-16 20:27:30.331 (UTC)] info/application	[Sensor] Updated distance: 19.9103684264283 cm | Severity=75 | SourceName=Sensor3 | EventType=application
[2026-08-16 20:27:31.331 (UTC)] info/application	[Sensor] Updated distance: 19.7747072697499 cm | Severity=75 | SourceName=Sensor3 | EventType=application
[2026-08-16 20:27:32.332 (UTC)] info/application	[Sensor] Updated distance: 19.0096904507417 cm | Severity=75 | SourceName=Sensor3 | EventType=application
[2026-08-16 20:27:33.332 (UTC)] info/application	[Sensor] Updated distance: 20.4436962918582 cm | Severity=75 | SourceName=Sensor3 | EventType=application
[2026-08-16 20:27:34.332 (UTC)] info/application	[Sensor] Updated distance: 20.4697311557688 cm | Severity=75 | SourceName=Sensor3 | EventType=application
[2026-08-16 20:27:35.332 (UTC)] info/application	[Sensor] Updated distance: 20.8649519602139 cm | Severity=75 | SourceName=Sensor3 | EventType=application
[2026-08-16 20:27:36.333 (UTC)] info/application	[Sensor] Updated distance: 21.3748510330332 cm | Severity=75 | SourceName=Sensor3 | EventType=application
[2026-08-16 20:27:37.332 (UTC)] info/application	[Sensor] Updated distance: 21.4172912875271 cm | Severity=75 | SourceName=Sensor3 | EventType=application
[2026-08-16 20:27:38.332 (UTC)] info/application	[Sensor] Updated distance: 22.8663579641685 cm | Severity=75 | SourceName=Sensor3 | EventType=application
[2026-08-16 20:27:39.332 (UTC)] info/application	[Sensor] Updated distance: 24.2747607232419 cm | Severity=75 | SourceName=Sensor3 | EventType=application
[2026-08-16 20:27:40.333 (UTC)] info/application	[Sensor] Updated distance: 24.6893117694134 cm | Severity=75 | SourceName=Sensor3 | EventType=application
[2026-08-16 20:27:41.333 (UTC)] info/application	[Sensor] Updated distance: 25.224037991941 cm | Severity=75 | SourceName=Sensor3 | EventType=application
[2026-08-16 20:27:42.333 (UTC)] info/application	[Sensor] Updated distance: 26.1478623830005 cm | Severity=75 | SourceName=Sensor3 | EventType=application
[2026-08-16 20:27:43.333 (UTC)] info/application	[Sensor] Updated distance: 27.0083325486669 cm | Severity=75 | SourceName=Sensor3 | EventType=application
[2026-08-16 20:27:44.333 (UTC)] info/application	[Sensor] Updated distance: 28.0617152599439 cm | Severity=75 | SourceName=Sensor3 | EventType=application
[2026-08-16 20:27:45.333 (UTC)] info/application	[Sensor] Updated distance: 27.5655144269417 cm | Severity=75 | SourceName=Sensor3 | EventType=application
[2026-08-16 20:27:46.333 (UTC)] info/application	[Sensor] Updated distance: 27.4278621673248 cm | Severity=75 | SourceName=Sensor3 | EventType=application
[2026-08-16 20:27:47.333 (UTC)] info/application	[Sensor] Updated distance: 28.3489212427982 cm | Severity=75 | SourceName=Sensor3 | EventType=application
[2026-08-16 20:27:48.333 (UTC)] info/application	[Sensor] Updated distance: 28.6384443985943 cm | Severity=75 | SourceName=Sensor3 | EventType=application
[2026-08-16 20:27:49.333 (UTC)] info/application	[Sensor] Updated distance: 29.2618926415508 cm | Severity=75 | SourceName=Sensor3 | EventType=application
[2026-08-16 20:27:50.333 (UTC)] info/application	[Sensor] Updated distance: 28.5763702225296 cm | Severity=75 | SourceName=Sensor3 | EventType=application
[2026-08-16 20:27:51.333 (UTC)] info/application	[Sensor] Updated distance: 29.7814801320347 cm | Severity=75 | SourceName=Sensor3 | EventType=application
[2026-08-16 20:27:52.334 (UTC)] info/application	[Sensor] Updated distance: 29.4388933963789 cm | Severity=75 | SourceName=Sensor3 | EventType=application
[2026-08-16 20:27:53.334 (UTC)] info/application	[Sensor] Updated distance: 28.3774114378623 cm | Severity=75 | SourceName=Sensor3 | EventType=application
[2026-08-16 20:27:54.334 (UTC)] info/application	[Sensor] Updated distance: 27.0899632561905 cm | Severity=75 | SourceName=Sensor3 | EventType=application
[2026-08-16 20:27:55.334 (UTC)] info/application	[Sensor] Updated distance: 27.3672972318564 cm | Severity=75 | SourceName=Sensor3 | EventType=application
[2026-08-16 20:27:56.335 (UTC)] info/application	[Sensor] Updated distance: 27.1652693756229 cm | Severity=75 | SourceName=Sensor3 | EventType=application
[2026-08-16 20:27:57.335 (UTC)] info/application	[Sensor] Updated distance: 26.391889459636 cm | Severity=75 | SourceName=Sensor3 | EventType=application
[2026-08-16 20:27:58.335 (UTC)] info/application	[Sensor] Updated distance: 26.7889427227382 cm | Severity=75 | SourceName=Sensor3 | EventType=application
[2026-08-16 20:27:59.325 (UTC)] info/application	[Sensor] Updated distance: 28.287704130303 cm | Severity=75 | SourceName=Sensor3 | EventType=application
[2026-08-16 20:28:00.325 (UTC)] info/application	[Sensor] Updated distance: 28.5230238498296 cm | Severity=75 | SourceName=Sensor3 | EventType=application
[2026-08-16 20:28:01.326 (UTC)] info/application	[Sensor] Updated distance: 28.4578354635545 cm | Severity=75 | SourceName=Sensor3 | EventType=application
[2026-08-16 20:28:02.326 (UTC)] info/application	[Sensor] Updated distance: 28.3209357130439 cm | Severity=75 | SourceName=Sensor3 | EventType=application
[2026-08-16 20:28:03.326 (UTC)] info/application	[Sensor] Updated distance: 29.2912386135623 cm | Severity=75 | SourceName=Sensor3 | EventType=application
[2026-08-16 20:28:04.327 (UTC)] info/application	[Sensor] Updated distance: 29.1600560670067 cm | Severity=75 | SourceName=Sensor3 | EventType=application
[2026-08-16 20:28:05.327 (UTC)] info/application	[Sensor] Updated distance: 30.5491911818037 cm | Severity=75 | SourceName=Sensor3 | EventType=application
[2026-08-16 20:28:06.327 (UTC)] info/application	[Sensor] Updated distance: 30.4147148853702 cm | Severity=75 | SourceName=Sensor3 | EventType=application
[2026-08-16 20:28:07.327 (UTC)] info/application	[Sensor] Updated distance: 29.2934314102369 cm | Severity=75 | SourceName=Sensor3 | EventType=application
[2026-08-16 20:28:08.328 (UTC)] info/application	[Sensor] Updated distance: 29.2250067781308 cm | Severity=75 | SourceName=Sensor3 | EventType=application
[2026-08-16 20:28:09.328 (UTC)] info/application	[Sensor] Updated distance: 29.0395971583387 cm | Severity=75 | SourceName=Sensor3 | EventType=application
[2026-08-16 20:28:10.328 (UTC)] info/application	[Sensor] Updated distance: 27.8267164408819 cm | Severity=75 | SourceName=Sensor3 | EventType=application
[2026-08-16 20:28:11.328 (UTC)] info/application	[Sensor] Updated distance: 26.6728428535503 cm | Severity=75 | SourceName=Sensor3 | EventType=application
[2026-08-16 20:28:12.328 (UTC)] info/application	[Sensor] Updated distance: 25.5221594548887 cm | Severity=75 | SourceName=Sensor3 | EventType=application
[2026-08-16 20:28:13.329 (UTC)] info/application	[Sensor] Updated distance: 26.7331031284915 cm | Severity=75 | SourceName=Sensor3 | EventType=application
[2026-08-16 20:28:14.329 (UTC)] info/application	[Sensor] Updated distance: 27.9396997068262 cm | Severity=75 | SourceName=Sensor3 | EventType=application
[2026-08-16 20:28:15.329 (UTC)] info/application	[Sensor] Updated distance: 29.3423990194418 cm | Severity=75 | SourceName=Sensor3 | EventType=application
[2026-08-16 20:28:16.329 (UTC)] info/application	[Sensor] Updated distance: 28.5571418586453 cm | Severity=75 | SourceName=Sensor3 | EventType=application
[2026-08-16 20:28:17.329 (UTC)] info/application	[Sensor] Updated distance: 28.1260861773631 cm | Severity=75 | SourceName=Sensor3 | EventType=application
[2026-08-16 20:28:18.329 (UTC)] info/application	[Sensor] Updated distance: 28.949844564055 cm | Severity=75 | SourceName=Sensor3 | EventType=application
[2026-08-16 20:28:19.329 (UTC)] info/application	[Sensor] Updated distance: 29.9541105590547 cm | Severity=75 | SourceName=Sensor3 | EventType=application
[2026-08-16 20:28:20.329 (UTC)] info/application	[Sensor] Updated distance: 28.646503119332 cm | Severity=75 | SourceName=Sensor3 | EventType=application
[2026-08-16 20:28:21.329 (UTC)] info/application	[Sensor] Updated distance: 27.2847390870027 cm | Severity=75 | SourceName=Sensor3 | EventType=application
[2026-08-16 20:28:22.330 (UTC)] info/application	[Sensor] Updated distance: 27.9941149915075 cm | Severity=75 | SourceName=Sensor3 | EventType=application
[2026-08-16 20:28:23.330 (UTC)] info/application	[Sensor] Updated distance: 27.843920816129 cm | Severity=75 | SourceName=Sensor3 | EventType=application
[2026-08-16 20:28:24.329 (UTC)] info/application	[Sensor] Updated distance: 26.9206748252831 cm | Severity=75 | SourceName=Sensor3 | EventType=application
[2026-08-16 20:28:25.329 (UTC)] info/application	[Sensor] Updated distance: 27.8426025481162 cm | Severity=75 | SourceName=Sensor3 | EventType=application
[2026-08-16 20:28:26.329 (UTC)] info/application	[Sensor] Updated distance: 26.4697423470066 cm | Severity=75 | SourceName=Sensor3 | EventType=application
[2026-08-16 20:28:27.328 (UTC)] info/application	[Sensor] Updated distance: 26.8444684999271 cm | Severity=75 | SourceName=Sensor3 | EventType=application
[2026-08-16 20:28:28.328 (UTC)] info/application	[Sensor] Updated distance: 25.4930163053763 cm | Severity=75 | SourceName=Sensor3 | EventType=application
[2026-08-16 20:28:29.329 (UTC)] info/application	[Sensor] Updated distance: 26.0172093687659 cm | Severity=75 | SourceName=Sensor3 | EventType=application
[2026-08-16 20:28:30.329 (UTC)] info/application	[Sensor] Updated distance: 26.3906969278542 cm | Severity=75 | SourceName=Sensor3 | EventType=application
[2026-08-16 20:28:31.329 (UTC)] info/application	[Sensor] Updated distance: 26.77456445283 cm | Severity=75 | SourceName=Sensor3 | EventType=application
[2026-08-16 20:28:32.330 (UTC)] info/application	[Sensor] Updated distance: 25.7335