[agg] 授權來源：SensorSource1..3 + MotorSource1..3
[2026-08-17 00:41:37.045 (UTC+0800)] [33mwarn/server[0m	AccessControl: Unconfigured AccessControl. Users have all permissions.
[2026-08-17 00:41:37.045 (UTC+0800)] [32minfo/server[0m	AccessControl: Anonymous login is enabled
[2026-08-17 00:41:37.045 (UTC+0800)] [33mwarn/server[0m	x509 Certificate Authentication configured, but no encrypting SecurityPolicy. This can leak credentials on the network.
[2026-08-17 00:41:37.081 (UTC+0800)] [33mwarn/application[0m	ServerUrls already set. Overriding.
[2026-08-17 00:41:37.081 (UTC+0800)] [33mwarn/server[0m	AccessControl: Unconfigured AccessControl. Users have all permissions.
[2026-08-17 00:41:37.081 (UTC+0800)] [32minfo/server[0m	AccessControl: Anonymous login is enabled
[2026-08-17 00:41:37.081 (UTC+0800)] [33mwarn/server[0m	x509 Certificate Authentication configured, but no encrypting SecurityPolicy. This can leak credentials on the network.
[2026-08-17 00:41:37.081 (UTC+0800)] [33mwarn/server[0m	x509 Certificate Authentication configured, but no encrypting SecurityPolicy. This can leak credentials on the network.
[2026-08-17 00:41:37.081 (UTC+0800)] [32minfo/network[0m	TCP	| Listening on all interfaces
[2026-08-17 00:41:37.114 (UTC+0800)] [32minfo/network[0m	TCP 8	| Creating listen socket for "0.0.0.0" (with local hostname "MSI") on port 4840
[2026-08-17 00:41:37.114 (UTC+0800)] [32minfo/server[0m	New DiscoveryUrl added: opc.tcp://MSI:4840
[2026-08-17 00:41:37.114 (UTC+0800)] [32minfo/network[0m	TCP 9	| Creating listen socket for "::" (with local hostname "MSI") on port 4840
[2026-08-17 00:41:37.114 (UTC+0800)] [32minfo/application[0m	Aggregation Server started (port 4840)
[2026-08-17 00:41:37.614 (UTC+0800)] [32minfo/network[0m	TCP 15	| Opening a connection to "127.0.0.1" on port 4842
[2026-08-17 00:41:38.081 (UTC+0800)] [32minfo/network[0m	TCP 15	| The connection closes with error 111
[2026-08-17 00:41:38.082 (UTC+0800)] [32minfo/channel[0m	TCP 15	| SC 0	| SecureChannel closed
[2026-08-17 00:41:38.082 (UTC+0800)] [31merror/client[0m	Could not open a TCP connection to the Endpoint at opc.tcp://127.0.0.1:4842
[2026-08-17 00:41:38.082 (UTC+0800)] [32minfo/client[0m	Client Status: ChannelState: Closed, SessionState: Closed, ConnectStatus: BadConnectionRejected
[2026-08-17 00:41:38.082 (UTC+0800)] [32minfo/network[0m	TCP 15	| Socket closed
[2026-08-17 00:41:40.082 (UTC+0800)] [32minfo/network[0m	TCP 15	| Opening a connection to "127.0.0.1" on port 4842
[2026-08-17 00:41:40.096 (UTC+0800)] [32minfo/network[0m	TCP 16	| Connection opened from "127.0.0.1" via the server socket 8
[2026-08-17 00:41:40.096 (UTC+0800)] [32minfo/channel[0m	TCP 16	| SC 1	| SecureChannel created
[2026-08-17 00:41:40.096 (UTC+0800)] [32minfo/network[0m	TCP 15	| The connection closes with error 111
[2026-08-17 00:41:40.097 (UTC+0800)] [32minfo/channel[0m	TCP 15	| SC 0	| SecureChannel closed
[2026-08-17 00:41:40.097 (UTC+0800)] [31merror/client[0m	Could not open a TCP connection to the Endpoint at opc.tcp://127.0.0.1:4842
[2026-08-17 00:41:40.097 (UTC+0800)] [32minfo/client[0m	Client Status: ChannelState: Closed, SessionState: Closed, ConnectStatus: BadConnectionRejected
[2026-08-17 00:41:40.097 (UTC+0800)] [32minfo/network[0m	TCP 15	| Socket closed
[2026-08-17 00:41:40.097 (UTC+0800)] [32minfo/channel[0m	TCP 16	| SC 1	| OpenSecureChannel: Channel opened with SecurityMode None for SecurityPolicy http://opcfoundation.org/UA/SecurityPolicy#None and a revised lifetime of 600.0s
[2026-08-17 00:41:40.097 (UTC+0800)] [33mwarn/client[0m	Removing a UserTokenPolicy that would allow the password to be transmitted without encryption (Can be enabled via config->allowNonePolicyPassword)
[2026-08-17 00:41:40.097 (UTC+0800)] [33mwarn/client[0m	Removing a UserTokenPolicy that would allow the password to be transmitted without encryption (Can be enabled via config->allowNonePolicyPassword)
[2026-08-17 00:41:40.097 (UTC+0800)] [32minfo/network[0m	TCP 15	| Connection opened from "127.0.0.1" via the server socket 8
[2026-08-17 00:41:40.097 (UTC+0800)] [32minfo/channel[0m	TCP 15	| SC 2	| SecureChannel created
[2026-08-17 00:41:40.097 (UTC+0800)] [33mwarn/client[0m	Removing a UserTokenPolicy that would allow the password to be transmitted without encryption (Can be enabled via config->allowNonePolicyPassword)
[2026-08-17 00:41:40.097 (UTC+0800)] [33mwarn/client[0m	Removing a UserTokenPolicy that would allow the password to be transmitted without encryption (Can be enabled via config->allowNonePolicyPassword)
[2026-08-17 00:41:40.098 (UTC+0800)] [32minfo/session[0m	TCP 16	| SC 1	| Session "SensorSource2"	| Session created
[2026-08-17 00:41:40.098 (UTC+0800)] [32minfo/channel[0m	TCP 15	| SC 2	| OpenSecureChannel: Channel opened with SecurityMode None for SecurityPolicy http://opcfoundation.org/UA/SecurityPolicy#None and a revised lifetime of 600.0s
[2026-08-17 00:41:40.098 (UTC+0800)] [32minfo/network[0m	TCP 17	| Connection opened from "127.0.0.1" via the server socket 8
[2026-08-17 00:41:40.098 (UTC+0800)] [32minfo/channel[0m	TCP 17	| SC 3	| SecureChannel created
[2026-08-17 00:41:40.098 (UTC+0800)] [32minfo/session[0m	TCP 16	| SC 1	| Session "SensorSource2"	| ActivateSession: Session activated with ClientUserId ""
[2026-08-17 00:41:40.098 (UTC+0800)] [32minfo/channel[0m	TCP 17	| SC 3	| OpenSecureChannel: Channel opened with SecurityMode None for SecurityPolicy http://opcfoundation.org/UA/SecurityPolicy#None and a revised lifetime of 600.0s
[2026-08-17 00:41:40.098 (UTC+0800)] [33mwarn/client[0m	Removing a UserTokenPolicy that would allow the password to be transmitted without encryption (Can be enabled via config->allowNonePolicyPassword)
[2026-08-17 00:41:40.098 (UTC+0800)] [33mwarn/client[0m	Removing a UserTokenPolicy that would allow the password to be transmitted without encryption (Can be enabled via config->allowNonePolicyPassword)
[2026-08-17 00:41:40.098 (UTC+0800)] [33mwarn/client[0m	Removing a UserTokenPolicy that would allow the password to be transmitted without encryption (Can be enabled via config->allowNonePolicyPassword)
[2026-08-17 00:41:40.098 (UTC+0800)] [33mwarn/client[0m	Removing a UserTokenPolicy that would allow the password to be transmitted without encryption (Can be enabled via config->allowNonePolicyPassword)
[2026-08-17 00:41:40.098 (UTC+0800)] [33mwarn/client[0m	Removing a UserTokenPolicy that would allow the password to be transmitted without encryption (Can be enabled via config->allowNonePolicyPassword)
[2026-08-17 00:41:40.098 (UTC+0800)] [33mwarn/client[0m	Removing a UserTokenPolicy that would allow the password to be transmitted without encryption (Can be enabled via config->allowNonePolicyPassword)
[2026-08-17 00:41:40.098 (UTC+0800)] [32minfo/session[0m	TCP 15	| SC 2	| Session "SensorSource3"	| Session created
[2026-08-17 00:41:40.098 (UTC+0800)] [33mwarn/client[0m	Removing a UserTokenPolicy that would allow the password to be transmitted without encryption (Can be enabled via config->allowNonePolicyPassword)
[2026-08-17 00:41:40.098 (UTC+0800)] [33mwarn/client[0m	Removing a UserTokenPolicy that would allow the password to be transmitted without encryption (Can be enabled via config->allowNonePolicyPassword)
[2026-08-17 00:41:40.099 (UTC+0800)] [32minfo/session[0m	TCP 17	| SC 3	| Session "SensorSource"	| Session created
[2026-08-17 00:41:40.099 (UTC+0800)] [32minfo/session[0m	TCP 15	| SC 2	| Session "SensorSource3"	| ActivateSession: Session activated with ClientUserId ""
[2026-08-17 00:41:40.099 (UTC+0800)] [32minfo/session[0m	TCP 17	| SC 3	| Session "SensorSource"	| ActivateSession: Session activated with ClientUserId ""
[2026-08-17 00:41:42.053 (UTC+0800)] [32minfo/network[0m	TCP 18	| Connection opened from "127.0.0.1" via the server socket 8
[2026-08-17 00:41:42.053 (UTC+0800)] [32minfo/channel[0m	TCP 18	| SC 4	| SecureChannel created
[2026-08-17 00:41:42.053 (UTC+0800)] [32minfo/network[0m	TCP 19	| Connection opened from "127.0.0.1" via the server socket 8
[2026-08-17 00:41:42.053 (UTC+0800)] [32minfo/channel[0m	TCP 19	| SC 5	| SecureChannel created
[2026-08-17 00:41:42.053 (UTC+0800)] [32minfo/channel[0m	TCP 18	| SC 4	| OpenSecureChannel: Channel opened with SecurityMode None for SecurityPolicy http://opcfoundation.org/UA/SecurityPolicy#None and a revised lifetime of 600.0s
[2026-08-17 00:41:42.053 (UTC+0800)] [32minfo/channel[0m	TCP 19	| SC 5	| OpenSecureChannel: Channel opened with SecurityMode None for SecurityPolicy http://opcfoundation.org/UA/SecurityPolicy#None and a revised lifetime of 600.0s
[2026-08-17 00:41:42.053 (UTC+0800)] [32minfo/network[0m	TCP 20	| Connection opened from "127.0.0.1" via the server socket 8
[2026-08-17 00:41:42.053 (UTC+0800)] [32minfo/channel[0m	TCP 20	| SC 6	| SecureChannel created
[2026-08-17 00:41:42.054 (UTC+0800)] [33mwarn/client[0m	Removing a UserTokenPolicy that would allow the password to be transmitted without encryption (Can be enabled via config->allowNonePolicyPassword)
[2026-08-17 00:41:42.054 (UTC+0800)] [33mwarn/client[0m	Removing a UserTokenPolicy that would allow the password to be transmitted without encryption (Can be enabled via config->allowNonePolicyPassword)
[2026-08-17 00:41:42.054 (UTC+0800)] [33mwarn/client[0m	Removing a UserTokenPolicy that would allow the password to be transmitted without encryption (Can be enabled via config->allowNonePolicyPassword)
[2026-08-17 00:41:42.054 (UTC+0800)] [33mwarn/client[0m	Removing a UserTokenPolicy that would allow the password to be transmitted without encryption (Can be enabled via config->allowNonePolicyPassword)
[2026-08-17 00:41:42.054 (UTC+0800)] [33mwarn/client[0m	Removing a UserTokenPolicy that would allow the password to be transmitted without encryption (Can be enabled via config->allowNonePolicyPassword)
[2026-08-17 00:41:42.054 (UTC+0800)] [33mwarn/client[0m	Removing a UserTokenPolicy that would allow the password to be transmitted without encryption (Can be enabled via config->allowNonePolicyPassword)
[2026-08-17 00:41:42.055 (UTC+0800)] [32minfo/session[0m	TCP 19	| SC 5	| Session "MotorSource2"	| Session created
[2026-08-17 00:41:42.055 (UTC+0800)] [32minfo/channel[0m	TCP 20	| SC 6	| OpenSecureChannel: Channel opened with SecurityMode None for SecurityPolicy http://opcfoundation.org/UA/SecurityPolicy#None and a revised lifetime of 600.0s
[2026-08-17 00:41:42.055 (UTC+0800)] [33mwarn/client[0m	Removing a UserTokenPolicy that would allow the password to be transmitted without encryption (Can be enabled via config->allowNonePolicyPassword)
[2026-08-17 00:41:42.055 (UTC+0800)] [33mwarn/client[0m	Removing a UserTokenPolicy that would allow the password to be transmitted without encryption (Can be enabled via config->allowNonePolicyPassword)
[2026-08-17 00:41:42.055 (UTC+0800)] [32minfo/session[0m	TCP 18	| SC 4	| Session "MotorSource"	| Session created
[2026-08-17 00:41:42.055 (UTC+0800)] [32minfo/network[0m	TCP 21	| Connection opened from "127.0.0.1" via the server socket 8
[2026-08-17 00:41:42.055 (UTC+0800)] [32minfo/channel[0m	TCP 21	| SC 7	| SecureChannel created
[2026-08-17 00:41:42.055 (UTC+0800)] [32minfo/session[0m	TCP 19	| SC 5	| Session "MotorSource2"	| ActivateSession: Session activated with ClientUserId ""
[2026-08-17 00:41:42.056 (UTC+0800)] [32minfo/session[0m	TCP 18	| SC 4	| Session "MotorSource"	| ActivateSession: Session activated with ClientUserId ""
[2026-08-17 00:41:42.056 (UTC+0800)] [33mwarn/client[0m	Removing a UserTokenPolicy that would allow the password to be transmitted without encryption (Can be enabled via config->allowNonePolicyPassword)
[2026-08-17 00:41:42.056 (UTC+0800)] [33mwarn/client[0m	Removing a UserTokenPolicy that would allow the password to be transmitted without encryption (Can be enabled via config->allowNonePolicyPassword)
[2026-08-17 00:41:42.056 (UTC+0800)] [33mwarn/client[0m	Removing a UserTokenPolicy that would allow the password to be transmitted without encryption (Can be enabled via config->allowNonePolicyPassword)
[2026-08-17 00:41:42.056 (UTC+0800)] [33mwarn/client[0m	Removing a UserTokenPolicy that would allow the password to be transmitted without encryption (Can be enabled via config->allowNonePolicyPassword)
[2026-08-17 00:41:42.056 (UTC+0800)] [32minfo/session[0m	TCP 20	| SC 6	| Session "ns=1;g=27d98234-caea-19c2-41d4-9d298be8fe0f"	| Session created
[2026-08-17 00:41:42.056 (UTC+0800)] [32minfo/channel[0m	TCP 21	| SC 7	| OpenSecureChannel: Channel opened with SecurityMode None for SecurityPolicy http://opcfoundation.org/UA/SecurityPolicy#None and a revised lifetime of 600.0s
[2026-08-17 00:41:42.056 (UTC+0800)] [32minfo/session[0m	TCP 20	| SC 6	| Session "ns=1;g=27d98234-caea-19c2-41d4-9d298be8fe0f"	| ActivateSession: Session activated with ClientUserId ""
[2026-08-17 00:41:42.056 (UTC+0800)] [33mwarn/client[0m	Removing a UserTokenPolicy that would allow the password to be transmitted without encryption (Can be enabled via config->allowNonePolicyPassword)
[2026-08-17 00:41:42.056 (UTC+0800)] [33mwarn/client[0m	Removing a UserTokenPolicy that would allow the password to be transmitted without encryption (Can be enabled via config->allowNonePolicyPassword)
[2026-08-17 00:41:42.056 (UTC+0800)] [33mwarn/client[0m	Removing a UserTokenPolicy that would allow the password to be transmitted without encryption (Can be enabled via config->allowNonePolicyPassword)
[2026-08-17 00:41:42.056 (UTC+0800)] [33mwarn/client[0m	Removing a UserTokenPolicy that would allow the password to be transmitted without encryption (Can be enabled via config->allowNonePolicyPassword)
[2026-08-17 00:41:42.057 (UTC+0800)] [32minfo/session[0m	TCP 21	| SC 7	| Session "MotorSource3"	| Session created
[2026-08-17 00:41:42.057 (UTC+0800)] [32minfo/session[0m	TCP 20	| SC 6	| Session "ns=1;g=27d98234-caea-19c2-41d4-9d298be8fe0f"	| Subscription 1 | Subscription created (Publishing interval 500.0ms, max 1000 notifications per publish)
[2026-08-17 00:41:42.057 (UTC+0800)] [32minfo/session[0m	TCP 21	| SC 7	| Session "MotorSource3"	| ActivateSession: Session activated with ClientUserId ""
[2026-08-17 00:41:42.057 (UTC+0800)] [32minfo/session[0m	TCP 20	| SC 6	| Session "ns=1;g=27d98234-caea-19c2-41d4-9d298be8fe0f"	| Subscription 1 | MonitoredItem 1 | Created the MonitoredItem (Sampling Interval: 0.0ms, Queue Size: 100)
[2026-08-17 00:41:43.059 (UTC+0800)] [32minfo/network[0m	TCP 22	| Opening a connection to "127.0.0.1" on port 4842
[2026-08-17 00:41:43.085 (UTC+0800)] [32minfo/channel[0m	TCP 22	| SC 2	| SecureChannel opened with SecurityMode None for SecurityPolicy http://opcfoundation.org/UA/SecurityPolicy#None and a revised lifetime of 600.0s
[2026-08-17 00:41:43.085 (UTC+0800)] [32minfo/client[0m	Client Status: ChannelState: Open, SessionState: Closed, ConnectStatus: Good
[2026-08-17 00:41:43.095 (UTC+0800)] [32minfo/client[0m	The initially defined EndpointURL opc.tcp://127.0.0.1:4842 is valid for the server
[2026-08-17 00:41:43.105 (UTC+0800)] [33mwarn/client[0m	The server returned Endpoints with a different EndpointUrl opc.tcp://MSI:4842 than was used to initialize the connection: opc.tcp://127.0.0.1:4842. Some servers require a complete match of the EndpointUrl/DiscoveryUrl (including the path) to return all endpoints.
[2026-08-17 00:41:43.105 (UTC+0800)] [32minfo/client[0m	Endpoint 0: Best endpoint so far with UserTokenPolicy open62541-anonymous-policy-none#None
[2026-08-17 00:41:43.105 (UTC+0800)] [32minfo/client[0m	Endpoint 0 selected with SecurityMode None, SecurityPolicy http://opcfoundation.org/UA/SecurityPolicy#None and UserTokenPolicy open62541-anonymous-policy-none#None
[2026-08-17 00:41:43.105 (UTC+0800)] [32minfo/client[0m	CreateSession: Using UserTokenPolicy open62541-anonymous-policy-none#None
[2026-08-17 00:41:43.117 (UTC+0800)] [32minfo/client[0m	Client Status: ChannelState: Open, SessionState: Created, ConnectStatus: Good
[2026-08-17 00:41:43.117 (UTC+0800)] [32minfo/client[0m	ActivateSession: Using UserTokenPolicy open62541-anonymous-policy-none#None
[2026-08-17 00:41:43.127 (UTC+0800)] [32minfo/client[0m	Client Status: ChannelState: Open, SessionState: Activated, ConnectStatus: Good
[2026-08-17 00:41:43.127 (UTC+0800)] [32minfo/application[0m	Connected to sensor backend; starting data aggregation
[2026-08-17 00:41:43.127 (UTC+0800)] [32minfo/client[0m	Re-establish the connection for the synchronous service call
[2026-08-17 00:41:43.127 (UTC+0800)] [33mwarn/client[0m	Client connection already initiated
[2026-08-17 00:41:45.138 (UTC+0800)] [32minfo/network[0m	TCP 23	| Connection opened from "127.0.0.1" via the server socket 8
[2026-08-17 00:41:45.138 (UTC+0800)] [32minfo/channel[0m	TCP 23	| SC 8	| SecureChannel created
[2026-08-17 00:41:45.138 (UTC+0800)] [32minfo/network[0m	TCP 24	| Connection opened from "127.0.0.1" via the server socket 8
[2026-08-17 00:41:45.138 (UTC+0800)] [32minfo/channel[0m	TCP 24	| SC 9	| SecureChannel created
[2026-08-17 00:41:45.138 (UTC+0800)] [32minfo/network[0m	TCP 25	| Connection opened from "127.0.0.1" via the server socket 8
[2026-08-17 00:41:45.138 (UTC+0800)] [32minfo/channel[0m	TCP 25	| SC 10	| SecureChannel created
[2026-08-17 00:41:45.138 (UTC+0800)] [32minfo/channel[0m	TCP 23	| SC 8	| OpenSecureChannel: Channel opened with SecurityMode None for SecurityPolicy http://opcfoundation.org/UA/SecurityPolicy#None and a revised lifetime of 600.0s
[2026-08-17 00:41:45.138 (UTC+0800)] [32minfo/channel[0m	TCP 24	| SC 9	| OpenSecureChannel: Channel opened with SecurityMode None for SecurityPolicy http://opcfoundation.org/UA/SecurityPolicy#None and a revised lifetime of 600.0s
[2026-08-17 00:41:45.138 (UTC+0800)] [32minfo/channel[0m	TCP 25	| SC 10	| OpenSecureChannel: Channel opened with SecurityMode None for SecurityPolicy http://opcfoundation.org/UA/SecurityPolicy#None and a revised lifetime of 600.0s
[2026-08-17 00:41:45.139 (UTC+0800)] [33mwarn/client[0m	Removing a UserTokenPolicy that would allow the password to be transmitted without encryption (Can be enabled via config->allowNonePolicyPassword)
[2026-08-17 00:41:45.139 (UTC+0800)] [33mwarn/client[0m	Removing a UserTokenPolicy that would allow the password to be transmitted without encryption (Can be enabled via config->allowNonePolicyPassword)
[2026-08-17 00:41:45.139 (UTC+0800)] [33mwarn/client[0m	Removing a UserTokenPolicy that would allow the password to be transmitted without encryption (Can be enabled via config->allowNonePolicyPassword)
[2026-08-17 00:41:45.139 (UTC+0800)] [33mwarn/client[0m	Removing a UserTokenPolicy that would allow the password to be transmitted without encryption (Can be enabled via config->allowNonePolicyPassword)
[2026-08-17 00:41:45.139 (UTC+0800)] [33mwarn/client[0m	Removing a UserTokenPolicy that would allow the password to be transmitted without encryption (Can be enabled via config->allowNonePolicyPassword)
[2026-08-17 00:41:45.139 (UTC+0800)] [33mwarn/client[0m	Removing a UserTokenPolicy that would allow the password to be transmitted without encryption (Can be enabled via config->allowNonePolicyPassword)
[2026-08-17 00:41:45.140 (UTC+0800)] [32minfo/session[0m	TCP 23	| SC 8	| Session "ns=1;g=15729ad0-e4c2-aa99-fe5f-45247d8738e3"	| Session created
[2026-08-17 00:41:45.140 (UTC+0800)] [33mwarn/client[0m	Removing a UserTokenPolicy that would allow the password to be transmitted without encryption (Can be enabled via config->allowNonePolicyPassword)
[2026-08-17 00:41:45.140 (UTC+0800)] [33mwarn/client[0m	Removing a UserTokenPolicy that would allow the password to be transmitted without encryption (Can be enabled via config->allowNonePolicyPassword)
[2026-08-17 00:41:45.141 (UTC+0800)] [32minfo/session[0m	TCP 24	| SC 9	| Session "ns=1;g=df6dcd11-81bf-8893-68c6-2c822582b81b"	| Session created
[2026-08-17 00:41:45.141 (UTC+0800)] [33mwarn/client[0m	Removing a UserTokenPolicy that would allow the password to be transmitted without encryption (Can be enabled via config->allowNonePolicyPassword)
[2026-08-17 00:41:45.141 (UTC+0800)] [33mwarn/client[0m	Removing a UserTokenPolicy that would allow the password to be transmitted without encryption (Can be enabled via config->allowNonePolicyPassword)
[2026-08-17 00:41:45.141 (UTC+0800)] [32minfo/session[0m	TCP 23	| SC 8	| Session "ns=1;g=15729ad0-e4c2-aa99-fe5f-45247d8738e3"	| ActivateSession: Session activated with ClientUserId ""
[2026-08-17 00:41:45.141 (UTC+0800)] [33mwarn/client[0m	Removing a UserTokenPolicy that would allow the password to be transmitted without encryption (Can be enabled via config->allowNonePolicyPassword)
[2026-08-17 00:41:45.141 (UTC+0800)] [33mwarn/client[0m	Removing a UserTokenPolicy that would allow the password to be transmitted without encryption (Can be enabled via config->allowNonePolicyPassword)
[2026-08-17 00:41:45.141 (UTC+0800)] [32minfo/session[0m	TCP 25	| SC 10	| Session "ns=1;g=793439cf-860a-ef35-6006-a00a5f550520"	| Session created
[2026-08-17 00:41:45.141 (UTC+0800)] [32minfo/session[0m	TCP 24	| SC 9	| Session "ns=1;g=df6dcd11-81bf-8893-68c6-2c822582b81b"	| ActivateSession: Session activated with ClientUserId ""
[2026-08-17 00:41:45.141 (UTC+0800)] [32minfo/session[0m	TCP 25	| SC 10	| Session "ns=1;g=793439cf-860a-ef35-6006-a00a5f550520"	| ActivateSession: Session activated with ClientUserId ""
[2026-08-17 00:41:45.148 (UTC+0800)] [33mwarn/client[0m	Request with unknown RequestId 7
[2026-08-17 00:46:45.138 (UTC+0800)] [32minfo/session[0m	TCP 23	| SC 8	| Session "ns=1;g=15729ad0-e4c2-aa99-fe5f-45247d8738e3"	| Closing the Session
[2026-08-17 00:46:45.140 (UTC+0800)] [32minfo/channel[0m	TCP 23	| SC 8	| SecureChannel closed
[2026-08-17 00:46:45.140 (UTC+0800)] [32minfo/network[0m	TCP 23	| Socket closed
[2026-08-17 00:46:45.150 (UTC+0800)] [32minfo/session[0m	TCP 24	| SC 9	| Session "ns=1;g=df6dcd11-81bf-8893-68c6-2c822582b81b"	| Closing the Session
[2026-08-17 00:46:45.150 (UTC+0800)] [32minfo/session[0m	TCP 25	| SC 10	| Session "ns=1;g=793439cf-860a-ef35-6006-a00a5f550520"	| Closing the Session
[2026-08-17 00:46:45.152 (UTC+0800)] [32minfo/channel[0m	TCP 24	| SC 9	| SecureChannel closed
[2026-08-17 00:46:45.152 (UTC+0800)] [32minfo/network[0m	TCP 24	| Socket closed
[2026-08-17 00:46:45.152 (UTC+0800)] [32minfo/channel[0m	TCP 25	| SC 10	| SecureChannel closed
[2026-08-17 00:46:45.152 (UTC+0800)] [32minfo/network[0m	TCP 25	| Socket closed
