[2026-08-17 00:41:40.050 (UTC+0800)] [33mwarn/server[0m	AccessControl: Unconfigured AccessControl. Users have all permissions.
[2026-08-17 00:41:40.050 (UTC+0800)] [32minfo/server[0m	AccessControl: Anonymous login is enabled
[2026-08-17 00:41:40.050 (UTC+0800)] [33mwarn/server[0m	x509 Certificate Authentication configured, but no encrypting SecurityPolicy. This can leak credentials on the network.
[2026-08-17 00:41:40.085 (UTC+0800)] [33mwarn/application[0m	ServerUrls already set. Overriding.
[2026-08-17 00:41:40.085 (UTC+0800)] [33mwarn/server[0m	AccessControl: Unconfigured AccessControl. Users have all permissions.
[2026-08-17 00:41:40.085 (UTC+0800)] [32minfo/server[0m	AccessControl: Anonymous login is enabled
[2026-08-17 00:41:40.085 (UTC+0800)] [33mwarn/server[0m	x509 Certificate Authentication configured, but no encrypting SecurityPolicy. This can leak credentials on the network.
[2026-08-17 00:41:40.085 (UTC+0800)] [33mwarn/server[0m	x509 Certificate Authentication configured, but no encrypting SecurityPolicy. This can leak credentials on the network.
[2026-08-16 16:41:40.085 (UTC)] info/application	Sensor Server online (Client/Server mode, id=3 port=4844) | Severity=75 | SourceName=Sensor3 | EventType=application
Entering background polling mode: attempting to connect to Aggregation Server...
Connected successfully. Log forwarding started.
[2026-08-16 16:41:41.090 (UTC)] info/application	[Sensor] Updated distance: 24.5819524727212 cm | Severity=75 | SourceName=Sensor3 | EventType=application
[2026-08-16 16:41:42.060 (UTC)] info/network	[System] TCP 16	| Connection opened from "127.0.0.1" via the server socket 8 | Severity=75 | SourceName=System | EventType=network
[2026-08-16 16:41:42.060 (UTC)] info/channel	[System] TCP 16	| SC 1	| SecureChannel created | Severity=75 | SourceName=System | EventType=channel
[2026-08-16 16:41:42.080 (UTC)] info/channel	[System] TCP 16	| SC 1	| OpenSecureChannel: Channel opened with SecurityMode None for SecurityPolicy http://opcfoundation.org/UA/SecurityPolicy#None and a revised lifetime of 600.0s | Severity=75 | SourceName=System | EventType=channel
[2026-08-16 16:41:42.091 (UTC)] info/application	[Sensor] Updated distance: 25.7441290867255 cm | Severity=75 | SourceName=Sensor3 | EventType=application
[2026-08-16 16:41:42.101 (UTC)] warn/client	[System] Removing a UserTokenPolicy that would allow the password to be transmitted without encryption (Can be enabled via config->allowNonePolicyPassword) | Severity=175 | SourceName=System | EventType=client
[2026-08-16 16:41:42.101 (UTC)] warn/client	[System] Removing a UserTokenPolicy that would allow the password to be transmitted without encryption (Can be enabled via config->allowNonePolicyPassword) | Severity=175 | SourceName=System | EventType=client
[2026-08-16 16:41:42.111 (UTC)] warn/client	[System] Removing a UserTokenPolicy that would allow the password to be transmitted without encryption (Can be enabled via config->allowNonePolicyPassword) | Severity=175 | SourceName=System | EventType=client
[2026-08-16 16:41:42.111 (UTC)] warn/client	[System] Removing a UserTokenPolicy that would allow the password to be transmitted without encryption (Can be enabled via config->allowNonePolicyPassword) | Severity=175 | SourceName=System | EventType=client
[2026-08-16 16:41:42.112 (UTC)] info/session	[System] TCP 16	| SC 1	| Session "ns=1;g=50dec238-7c8a-c6a2-ed9e-49843d135165"	| Session created | Severity=75 | SourceName=System | EventType=session
[2026-08-16 16:41:42.122 (UTC)] info/session	[System] TCP 16	| SC 1	| Session "ns=1;g=50dec238-7c8a-c6a2-ed9e-49843d135165"	| ActivateSession: Session activated with ClientUserId "" | Severity=75 | SourceName=System | EventType=session
[2026-08-16 16:41:42.507 (UTC)] info/session	[System] TCP 16	| SC 1	| Session "ns=1;g=50dec238-7c8a-c6a2-ed9e-49843d135165"	| Subscription 1 | Subscription created (Publishing interval 500.0ms, max 1000 notifications per publish) | Severity=75 | SourceName=System | EventType=session
[2026-08-16 16:41:42.527 (UTC)] info/session	[System] TCP 16	| SC 1	| Session "ns=1;g=50dec238-7c8a-c6a2-ed9e-49843d135165"	| Subscription 1 | MonitoredItem 1 | Created the MonitoredItem (Sampling Interval: 250.0ms, Queue Size: 1) | Severity=75 | SourceName=System | EventType=session
[2026-08-16 16:41:43.094 (UTC)] info/application	[Sensor] Updated distance: 27.2081120962781 cm | Severity=75 | SourceName=Sensor3 | EventType=application
[2026-08-16 16:41:44.094 (UTC)] info/application	[Sensor] Updated distance: 27.5882723124643 cm | Severity=75 | SourceName=Sensor3 | EventType=application
[2026-08-16 16:41:45.148 (UTC)] info/application	[Sensor] Updated distance: 27.9028244234635 cm | Severity=75 | SourceName=Sensor3 | EventType=application
[2026-08-16 16:41:46.088 (UTC)] info/application	[Sensor] Updated distance: 27.3393751929232 cm | Severity=75 | SourceName=Sensor3 | EventType=application
[2026-08-16 16:41:47.089 (UTC)] info/application	[Sensor] Updated distance: 27.8799361518491 cm | Severity=75 | SourceName=Sensor3 | EventType=application
[2026-08-16 16:41:48.091 (UTC)] info/application	[Sensor] Updated distance: 28.4619530441528 cm | Severity=75 | SourceName=Sensor3 | EventType=application
[2026-08-16 16:41:49.092 (UTC)] info/application	[Sensor] Updated distance: 29.5531583223739 cm | Severity=75 | SourceName=Sensor3 | EventType=application
[2026-08-16 16:41:50.093 (UTC)] info/application	[Sensor] Updated distance: 30.995716677511 cm | Severity=75 | SourceName=Sensor3 | EventType=application
[2026-08-16 16:41:51.093 (UTC)] info/application	[Sensor] Updated distance: 30.5668200292004 cm | Severity=75 | SourceName=Sensor3 | EventType=application
[2026-08-16 16:41:52.093 (UTC)] info/application	[Sensor] Updated distance: 31.7918288716077 cm | Severity=75 | SourceName=Sensor3 | EventType=application
[2026-08-16 16:41:53.094 (UTC)] info/application	[Sensor] Updated distance: 32.182454888561 cm | Severity=75 | SourceName=Sensor3 | EventType=application
[2026-08-16 16:41:54.085 (UTC)] info/application	[Sensor] Updated distance: 31.1155915177034 cm | Severity=75 | SourceName=Sensor3 | EventType=application
[2026-08-16 16:41:55.086 (UTC)] info/application	[Sensor] Updated distance: 31.1138275091601 cm | Severity=75 | SourceName=Sensor3 | EventType=application
[2026-08-16 16:41:56.087 (UTC)] info/application	[Sensor] Updated distance: 31.4762418728677 cm | Severity=75 | SourceName=Sensor3 | EventType=application
[2026-08-16 16:41:57.088 (UTC)] info/application	[Sensor] Updated distance: 30.0712155609258 cm | Severity=75 | SourceName=Sensor3 | EventType=application
[2026-08-16 16:41:58.089 (UTC)] info/application	[Sensor] Updated distance: 29.9781621298651 cm | Severity=75 | SourceName=Sensor3 | EventType=application
[2026-08-16 16:41:59.090 (UTC)] info/application	[Sensor] Updated distance: 29.9564455679881 cm | Severity=75 | SourceName=Sensor3 | EventType=application
[2026-08-16 16:42:00.091 (UTC)] info/application	[Sensor] Updated distance: 30.9022692949056 cm | Severity=75 | SourceName=Sensor3 | EventType=application
[2026-08-16 16:42:01.092 (UTC)] info/application	[Sensor] Updated distance: 30.2471682614401 cm | Severity=75 | SourceName=Sensor3 | EventType=application
[2026-08-16 16:42:02.093 (UTC)] info/application	[Sensor] Updated distance: 29.9298761747451 cm | Severity=75 | SourceName=Sensor3 | EventType=application
[2026-08-16 16:42:03.085 (UTC)] info/application	[Sensor] Updated distance: 28.7759685764443 cm | Severity=75 | SourceName=Sensor3 | EventType=application
[2026-08-16 16:42:04.087 (UTC)] info/application	[Sensor] Updated distance: 29.6691025186652 cm | Severity=75 | SourceName=Sensor3 | EventType=application
[2026-08-16 16:42:05.088 (UTC)] info/application	[Sensor] Updated distance: 28.533552118127 cm | Severity=75 | SourceName=Sensor3 | EventType=application
[2026-08-16 16:42:06.090 (UTC)] info/application	[Sensor] Updated distance: 27.1093304348687 cm | Severity=75 | SourceName=Sensor3 | EventType=application
[2026-08-16 16:42:07.091 (UTC)] info/application	[Sensor] Updated distance: 26.683074382219 cm | Severity=75 | SourceName=Sensor3 | EventType=application
[2026-08-16 16:42:08.091 (UTC)] info/application	[Sensor] Updated distance: 26.6832451111093 cm | Severity=75 | SourceName=Sensor3 | EventType=application
[2026-08-16 16:42:09.092 (UTC)] info/application	[Sensor] Updated distance: 26.1773025075334 cm | Severity=75 | SourceName=Sensor3 | EventType=application
[2026-08-16 16:42:10.093 (UTC)] info/application	[Sensor] Updated distance: 27.5052595415643 cm | Severity=75 | SourceName=Sensor3 | EventType=application
[2026-08-16 16:42:11.093 (UTC)] info/application	[Sensor] Updated distance: 28.9235709549038 cm | Severity=75 | SourceName=Sensor3 | EventType=application
[2026-08-16 16:42:12.094 (UTC)] info/application	[Sensor] Updated distance: 28.499580824049 cm | Severity=75 | SourceName=Sensor3 | EventType=application
[2026-08-16 16:42:13.085 (UTC)] info/application	[Sensor] Updated distance: 29.4897144706872 cm | Severity=75 | SourceName=Sensor3 | EventType=application
[2026-08-16 16:42:14.086 (UTC)] info/application	[Sensor] Updated distance: 30.8720088921823 cm | Severity=75 | SourceName=Sensor3 | EventType=application
[2026-08-16 16:42:15.087 (UTC)] info/application	[Sensor] Updated distance: 32.3281789789108 cm | Severity=75 | SourceName=Sensor3 | EventType=application
[2026-08-16 16:42:16.088 (UTC)] info/application	[Sensor] Updated distance: 32.1328647365481 cm | Severity=75 | SourceName=Sensor3 | EventType=application
[2026-08-16 16:42:17.090 (UTC)] info/application	[Sensor] Updated distance: 31.4517099261059 cm | Severity=75 | SourceName=Sensor3 | EventType=application
[2026-08-16 16:42:18.092 (UTC)] info/application	[Sensor] Updated distance: 31.9484409703633 cm | Severity=75 | SourceName=Sensor3 | EventType=application
[2026-08-16 16:42:19.093 (UTC)] info/application	[Sensor] Updated distance: 30.8351436189074 cm | Severity=75 | SourceName=Sensor3 | EventType=application
[2026-08-16 16:42:20.095 (UTC)] info/application	[Sensor] Updated distance: 29.7451940866863 cm | Severity=75 | SourceName=Sensor3 | EventType=application
[2026-08-16 16:42:21.085 (UTC)] info/application	[Sensor] Updated distance: 30.1844834846838 cm | Severity=75 | SourceName=Sensor3 | EventType=application
[2026-08-16 16:42:22.087 (UTC)] info/application	[Sensor] Updated distance: 30.1422894849173 cm | Severity=75 | SourceName=Sensor3 | EventType=application
[2026-08-16 16:42:23.088 (UTC)] info/application	[Sensor] Updated distance: 28.7773487937066 cm | Severity=75 | SourceName=Sensor3 | EventType=application
[2026-08-16 16:42:24.089 (UTC)] info/application	[Sensor] Updated distance: 28.1072642086573 cm | Severity=75 | SourceName=Sensor3 | EventType=application
[2026-08-16 16:42:25.090 (UTC)] info/application	[Sensor] Updated distance: 28.4982068380333 cm | Severity=75 | SourceName=Sensor3 | EventType=application
[2026-08-16 16:42:26.091 (UTC)] info/application	[Sensor] Updated distance: 28.6315021382792 cm | Severity=75 | SourceName=Sensor3 | EventType=application
[2026-08-16 16:42:27.093 (UTC)] info/application	[Sensor] Updated distance: 29.8238319169375 cm | Severity=75 | SourceName=Sensor3 | EventType=application
[2026-08-16 16:42:28.093 (UTC)] info/application	[Sensor] Updated distance: 30.3097482357685 cm | Severity=75 | SourceName=Sensor3 | EventType=application
[2026-08-16 16:42:29.094 (UTC)] info/application	[Sensor] Updated distance: 28.8499901035568 cm | Severity=75 | SourceName=Sensor3 | EventType=application
[2026-08-16 16:42:30.085 (UTC)] info/application	[Sensor] Updated distance: 28.5206033203381 cm | Severity=75 | SourceName=Sensor3 | EventType=application
[2026-08-16 16:42:31.086 (UTC)] info/application	[Sensor] Updated distance: 28.4523433646897 cm | Severity=75 | SourceName=Sensor3 | EventType=application
[2026-08-16 16:42:32.087 (UTC)] info/application	[Sensor] Updated distance: 27.8374842004094 cm | Severity=75 | SourceName=Sensor3 | EventType=application
[2026-08-16 16:42:33.089 (UTC)] info/application	[Sensor] Updated distance: 28.6908053304957 cm | Severity=75 | SourceName=Sensor3 | EventType=application
[2026-08-16 16:42:34.090 (UTC)] info/application	[Sensor] Updated distance: 28.9686377779435 cm | Severity=75 | SourceName=Sensor3 | EventType=application
[2026-08-16 16:42:35.091 (UTC)] info/application	[Sensor] Updated distance: 27.7469125544871 cm | Severity=75 | SourceName=Sensor3 | EventType=application
[2026-08-16 16:42:36.092 (UTC)] info/application	[Sensor] Updated distance: 28.9646832840353 cm | Severity=75 | SourceName=Sensor3 | EventType=application
[2026-08-16 16:42:37.093 (UTC)] info/application	[Sensor] Updated distance: 29.3182940482247 cm | Severity=75 | SourceName=Sensor3 | EventType=application
[2026-08-16 16:42:38.094 (UTC)] info/application	[Sensor] Updated distance: 29.1703127735156 cm | Severity=75 | SourceName=Sensor3 | EventType=application
[2026-08-16 16:42:39.094 (UTC)] info/application	[Sensor] Updated distance: 28.8882542319541 cm | Severity=75 | SourceName=Sensor3 | EventType=application
[2026-08-16 16:42:40.085 (UTC)] info/application	[Sensor] Updated distance: 30.2359223939646 cm | Severity=75 | SourceName=Sensor3 | EventType=application
[2026-08-16 16:42:41.087 (UTC)] info/application	[Sensor] Updated distance: 29.9158981518894 cm | Severity=75 | SourceName=Sensor3 | EventType=application
[2026-08-16 16:42:42.089 (UTC)] info/application	[Sensor] Updated distance: 29.5521510222704 cm | Severity=75 | SourceName=Sensor3 | EventType=application
[2026-08-16 16:42:43.090 (UTC)] info/application	[Sensor] Updated distance: 28.9758290520291 cm | Severity=75 | SourceName=Sensor3 | EventType=application
[2026-08-16 16:42:44.090 (UTC)] info/application	[Sensor] Updated distance: 28.1459384551952 cm | Severity=75 | SourceName=Sensor3 | EventType=application
[2026-08-16 16:42:45.092 (UTC)] info/application	[Sensor] Updated distance: 27.6644857456742 cm | Severity=75 | SourceName=Sensor3 | EventType=application
[2026-08-16 16:42:46.092 (UTC)] info/application	[Sensor] Updated distance: 27.0443338607645 cm | Severity=75 | SourceName=Sensor3 | EventType=application
[2026-08-16 16:42:47.094 (UTC)] info/application	[Sensor] Updated distance: 27.5191290215678 cm | Severity=75 | SourceName=Sensor3 | EventType=application
[2026-08-16 16:42:48.087 (UTC)] info/application	[Sensor] Updated distance: 27.8565215030017 cm | Severity=75 | SourceName=Sensor3 | EventType=application
[2026-08-16 16:42:49.090 (UTC)] info/application	[Sensor] Updated distance: 29.2331006637463 cm | Severity=75 | SourceName=Sensor3 | EventType=application
[2026-08-16 16:42:50.092 (UTC)] info/application	[Sensor] Updated distance: 30.0945984730938 cm | Severity=75 | SourceName=Sensor3 | EventType=application
[2026-08-16 16:42:51.093 (UTC)] info/application	[Sensor] Updated distance: 30.8420414223066 cm | Severity=75 | SourceName=Sensor3 | EventType=application
[2026-08-16 16:42:52.094 (UTC)] info/application	[Sensor] Updated distance: 31.1579099796517 cm | Severity=75 | SourceName=Sensor3 | EventType=application
[2026-08-16 16:42:53.086 (UTC)] info/application	[Sensor] Updated distance: 30.4772137892327 cm | Severity=75 | SourceName=Sensor3 | EventType=application
[2026-08-16 16:42:54.087 (UTC)] info/application	[Sensor] Updated distance: 31.3597160472347 cm | Severity=75 | SourceName=Sensor3 | EventType=application
[2026-08-16 16:42:55.089 (UTC)] info/application	[Sensor] Updated distance: 32.5055000195306 cm | Severity=75 | SourceName=Sensor3 | EventType=application
[2026-08-16 16:42:56.091 (UTC)] info/application	[Sensor] Updated distance: 33.7157464584875 cm | Severity=75 | SourceName=Sensor3 | EventType=application
[2026-08-16 16:42:57.092 (UTC)] info/application	[Sensor] Updated distance: 33.2315440167354 cm | Severity=75 | SourceName=Sensor3 | EventType=application
[2026-08-16 16:42:58.094 (UTC)] info/application	[Sensor] Updated distance: 34.0696577676896 cm | Severity=75 | SourceName=Sensor3 | EventType=application
[2026-08-16 16:42:59.085 (UTC)] info/application	[Sensor] Updated distance: 34.2658205240806 cm | Severity=75 | SourceName=Sensor3 | EventType=application
[2026-08-16 16:43:00.087 (UTC)] info/application	[Sensor] Updated distance: 33.8218599501168 cm | Severity=75 | SourceName=Sensor3 | EventType=application
[2026-08-16 16:43:01.089 (UTC)] info/application	[Sensor] Updated distance: 32.8305869164554 cm | Severity=75 | SourceName=Sensor3 | EventType=application
[2026-08-16 16:43:02.090 (UTC)] info/application	[Sensor] Updated distance: 31.4584897171979 cm | Severity=75 | SourceName=Sensor3 | EventType=application
[2026-08-16 16:43:03.092 (UTC)] info/application	[Sensor] Updated distance: 31.8996699789538 cm | Severity=75 | SourceName=Sensor3 | EventType=application
[2026-08-16 16:43:04.094 (UTC)] info/application	[Sensor] Updated distance: 33.2617180753787 cm | Severity=75 | SourceName=Sensor3 | EventType=application
[2026-08-16 16:43:05.086 (UTC)] info/application	[Sensor] Updated distance: 33.6674533235689 cm | Severity=75 | SourceName=Sensor3 | EventType=application
[2026-08-16 16:43:06.088 (UTC)] info/application	[Sensor] Updated distance: 34.3869083632654 cm | Severity=75 | SourceName=Sensor3 | EventType=application
[2026-08-16 16:43:07.090 (UTC)] info/application	[Sensor] Updated distance: 35.4667271892385 cm | Severity=75 | SourceName=Sensor3 | EventType=application
[2026-08-16 16:43:08.091 (UTC)] info/application	[Sensor] Updated distance: 34.7260732002212 cm | Severity=75 | SourceName=Sensor3 | EventType=application
[2026-08-16 16:43:09.095 (UTC)] info/application	[Sensor] Updated distance: 33.7975469638117 cm | Severity=75 | SourceName=Sensor3 | EventType=application
[2026-08-16 16:43:10.089 (UTC)] info/application	[Sensor] Updated distance: 33.0953072468263 cm | Severity=75 | SourceName=Sensor3 | EventType=application
[2026-08-16 16:43:11.094 (UTC)] info/application	[Sensor] Updated distance: 32.2023214184224 cm | Severity=75 | SourceName=Sensor3 | EventType=application
[2026-08-16 16:43:12.088 (UTC)] info/application	[Sensor] Updated distance: 32.4537709399377 cm | Severity=75 | SourceName=Sensor3 | EventType=application
[2026-08-16 16:43:13.091 (UTC)] info/application	[Sensor] Updated distance: 32.8877840933333 cm | Severity=75 | SourceName=Sensor3 | EventType=application
[2026-08-16 16:43:14.094 (UTC)] info/application	[Sensor] Updated distance: 32.9184762960852 cm | Severity=75 | SourceName=Sensor3 | EventType=application
[2026-08-16 16:43:15.086 (UTC)] info/application	[Sensor] Updated distance: 33.8400352207665 cm | Severity=75 | SourceName=Sensor3 | EventType=application
[2026-08-16 16:43:16.089 (UTC)] info/application	[Sensor] Updated distance: 35.2925956646412 cm | Severity=75 | SourceName=Sensor3 | EventType=application
[2026-08-16 16:43:17.091 (UTC)] info/application	[Sensor] Updated distance: 36.2031359824832 cm | Severity=75 | SourceName=Sensor3 | EventType=application
[2026-08-16 16:43:18.085 (UTC)] info/application	[Sensor] Updated distance: 36.0994900679679 cm | Severity=75 | SourceName=Sensor3 | EventType=application
[2026-08-16 16:43:19.087 (UTC)] info/application	[Sensor] Updated distance: 36.3894429918795 cm | Severity=75 | SourceName=Sensor3 | EventType=application
[2026-08-16 16:43:20.089 (UTC)] info/application	[Sensor] Updated distance: 37.1765624690692 cm | Severity=75 | SourceName=Sensor3 | EventType=application
[2026-08-16 16:43:21.091 (UTC)] info/application	[Sensor] Updated distance: 36.4344143625043 cm | Severity=75 | SourceName=Sensor3 | EventType=application
[2026-08-16 16:43:22.093 (UTC)] info/application	[Sensor] Updated distance: 35.9718102342318 cm | Severity=75 | SourceName=Sensor3 | EventType=application
[2026-08-16 16:43:23.095 (UTC)] info/application	[Sensor] Updated distance: 35.5747982687665 cm | Severity=75 | SourceName=Sensor3 | EventType=application
[2026-08-16 16:43:24.086 (UTC)] info/application	[Sensor] Updated distance: 35.6519539717827 cm | Severity=75 | SourceName=Sensor3 | EventType=application
[2026-08-16 16:43:25.088 (UTC)] info/application	[Sensor] Updated distance: 34.5718521015122 cm | Severity=75 | SourceName=Sensor3 | EventType=application
[2026-08-16 16:43:26.089 (UTC)] info/application	[Sensor] Updated distance: 33.8206241069458 cm | Severity=75 | SourceName=Sensor3 | EventType=application
[2026-08-16 16:43:27.091 (UTC)] info/application	[Sensor] Updated distance: 33.6080262489189 cm | Severity=75 | SourceName=Sensor3 | EventType=application
[2026-08-16 16:43:28.093 (UTC)] info/application	[Sensor] Updated distance: 33.5437219368963 cm | Severity=75 | SourceName=Sensor3 | EventType=application
[2026-08-16 16:43:29.094 (UTC)] info/application	[Sensor] Updated distance: 32.1306076918871 cm | Severity=75 | SourceName=Sensor3 | EventType=application
[2026-08-16 16:43:30.086 (UTC)] info/application	[Sensor] Updated distance: 33.6141725902512 cm | Severity=75 | SourceName=Sensor3 | EventType=application
[2026-08-16 16:43:31.088 (UTC)] info/application	[Sensor] Updated distance: 34.6059077042648 cm | Severity=75 | SourceName=Sensor3 | EventType=application
[2026-08-16 16:43:32.089 (UTC)] info/application	[Sensor] Updated distance: 33.7015204255942 cm | Severity=75 | SourceName=Sensor3 | EventType=application
[2026-08-16 16:43:33.091 (UTC)] info/application	[Sensor] Updated distance: 32.3129881233037 cm | Severity=75 | SourceName=Sensor3 | EventType=application
[2026-08-16 16:43:34.093 (UTC)] info/application	[Sensor] Updated distance: 32.2459034990733 cm | Severity=75 | SourceName=Sensor3 | EventType=application
[2026-08-16 16:43:35.094 (UTC)] info/application	[Sensor] Updated distance: 31.2035643168276 cm | Severity=75 | SourceName=Sensor3 | EventType=application
[2026-08-16 16:43:36.085 (UTC)] info/application	[Sensor] Updated distance: 31.7207672627274 cm | Severity=75 | SourceName=Sensor3 | EventType=application
[2026-08-16 16:43:37.087 (UTC)] info/application	[Sensor] Updated distance: 30.8731376767965 cm | Severity=75 | SourceName=Sensor3 | EventType=application
[2026-08-16 16:43:38.088 (UTC)] info/application	[Sensor] Updated distance: 29.4106173191269 cm | Severity=75 | SourceName=Sensor3 | EventType=application
[2026-08-16 16:43:39.090 (UTC)] info/application	[Sensor] Updated distance: 30.6871662774063 cm | Severity=75 | SourceName=Sensor3 | EventType=application
[2026-08-16 16:43:40.091 (UTC)] info/application	[Sensor] Updated distance: 30.4110104550659 cm | Severity=75 | SourceName=Sensor3 | EventType=application
[2026-08-16 16:43:41.093 (UTC)] info/application	[Sensor] Updated distance: 29.7462503804109 cm | Severity=75 | SourceName=Sensor3 | EventType=application
[2026-08-16 16:43:42.094 (UTC)] info/application	[Sensor] Updated distance: 28.6298135088895 cm | Severity=75 | SourceName=Sensor3 | EventType=application
[2026-08-16 16:43:43.086 (UTC)] info/application	[Sensor] Updated distance: 30.1051072080643 cm | Severity=75 | SourceName=Sensor3 | EventType=application
[2026-08-16 16:43:44.087 (UTC)] info/application	[Sensor] Updated distance: 31.374360286805 cm | Severity=75 | SourceName=Sensor3 | EventType=application
[2026-08-16 16:43:45.089 (UTC)] info/application	[Sensor] Updated distance: 31.7886156180355 cm | Severity=75 | SourceName=Sensor3 | EventType=application
[2026-08-16 16:43:46.090 (UTC)] info/application	[Sensor] Updated distance: 32.6854682404946 cm | Severity=75 | SourceName=Sensor3 | EventType=application
[2026-08-16 16:43:47.092 (UTC)] info/application	[Sensor] Updated distance: 33.907281761713 cm | Severity=75 | SourceName=Sensor3 | EventType=application
[2026-08-16 16:43:48.086 (UTC)] info/application	[Sensor] Updated distance: 33.7320774107855 cm | Severity=75 | SourceName=Sensor3 | EventType=application
[2026-08-16 16:43:49.088 (UTC)] info/application	[Sensor] Updated distance: 33.0252841173323 cm | Severity=75 | SourceName=Sensor3 | EventType=application
[2026-08-16 16:43:50.089 (UTC)] info/application	[Sensor] Updated distance: 33.0370505624623 cm | Severity=75 | SourceName=Sensor3 | EventType=application
[2026-08-16 16:43:51.090 (UTC)] info/application	[Sensor] Updated distance: 32.1489656873275 cm | Severity=75 | SourceName=Sensor3 | EventType=application
[2026-08-16 16:43:52.091 (UTC)] info/application	[Sensor] Updated distance: 32.2000242887065 cm | Severity=75 | SourceName=Sensor3 | EventType=application
[2026-08-16 16:43:53.093 (UTC)] info/application	[Sensor] Updated distance: 33.2491866055639 cm | Severity=75 | SourceName=Sensor3 | EventType=application
[2026-08-16 16:43:54.094 (UTC)] info/application	[Sensor] Updated distance: 33.4640897649639 cm | Severity=75 | SourceName=Sensor3 | EventType=application
[2026-08-16 16:43:55.085 (UTC)] info/application	[Sensor] Updated distance: 32.092304067962 cm | Severity=75 | SourceName=Sensor3 | EventType=application
[2026-08-16 16:43:56.087 (UTC)] info/application	[Sensor] Updated distance: 33.561364514549 cm | Severity=75 | SourceName=Sensor3 | EventType=application
[2026-08-16 16:43:57.089 (UTC)] info/application	[Sensor] Updated distance: 34.5250396807795 cm | Severity=75 | SourceName=Sensor3 | EventType=application
[2026-08-16 16:43:58.090 (UTC)] info/application	[Sensor] Updated distance: 34.4406561257507 cm | Severity=75 | SourceName=Sensor3 | EventType=application
[2026-08-16 16:43:59.091 (UTC)] info/application	[Sensor] Updated distance: 34.3454122589181 cm | Severity=75 | SourceName=Sensor3 | EventType=application
[2026-08-16 16:44:00.093 (UTC)] info/application	[Sensor] Updated distance: 35.3959731801394 cm | Severity=75 | SourceName=Sensor3 | EventType=application
[2026-08-16 16:44:01.095 (UTC)] info/application	[Sensor] Updated distance: 35.2951545234747 cm | Severity=75 | SourceName=Sensor3 | EventType=application
[2026-08-16 16:44:02.087 (UTC)] info/application	[Sensor] Updated distance: 34.6916457706558 cm | Severity=75 | SourceName=Sensor3 | EventType=application
[2026-08-16 16:44:03.088 (UTC)] info/application	[Sensor] Updated distance: 33.3378194132065 cm | Severity=75 | SourceName=Sensor3 | EventType=application
[2026-08-16 16:44:04.090 (UTC)] info/application	[Sensor] Updated distance: 33.3484684542513 cm | Severity=75 | SourceName=Sensor3 | EventType=application
[2026-08-16 16:44:05.092 (UTC)] info/application	[Sensor] Updated distance: 34.1778750772019 cm | Severity=75 | SourceName=Sensor3 | EventType=application
[2026-08-16 16:44:06.085 (UTC)] info/application	[Sensor] Updated distance: 33.2817095375069 cm | Severity=75 | SourceName=Sensor3 | EventType=application
[2026-08-16 16:44:07.087 (UTC)] info/application	[Sensor] Updated distance: 32.3095615244515 cm | Severity=75 | SourceName=Sensor3 | EventType=application
[2026-08-16 16:44:08.088 (UTC)] info/application	[Sensor] Updated distance: 33.7913385614712 cm | Severity=75 | SourceName=Sensor3 | EventType=application
[2026-08-16 16:44:09.090 (UTC)] info/application	[Sensor] Updated distance: 32.9326526641066 cm | Severity=75 | SourceName=Sensor3 | EventType=application
[2026-08-16 16:44:10.092 (UTC)] info/application	[Sensor] Updated distance: 31.7370536079337 cm | Severity=75 | SourceName=Sensor3 | EventType=application
[2026-08-16 16:44:11.094 (UTC)] info/application	[Sensor] Updated distance: 31.442674821216 cm | Severity=75 | SourceName=Sensor3 | EventType=application
[2026-08-16 16:44:12.087 (UTC)] info/application	[Sensor] Updated distance: 31.4192288491965 cm | Severity=75 | SourceName=Sensor3 | EventType=application
[2026-08-16 16:44:13.089 (UTC)] info/application	[Sensor] Updated distance: 30.6071929215021 cm | Severity=75 | SourceName=Sensor3 | EventType=application
[2026-08-16 16:44:14.091 (UTC)] info/application	[Sensor] Updated distance: 30.2881078325622 cm | Severity=75 | SourceName=Sensor3 | EventType=application
[2026-08-16 16:44:15.095 (UTC)] info/application	[Sensor] Updated distance: 30.0339149378864 cm | Severity=75 | SourceName=Sensor3 | EventType=application
[2026-08-16 16:44:16.088 (UTC)] info/application	[Sensor] Updated distance: 31.1361343428195 cm | Severity=75 | SourceName=Sensor3 | EventType=application
[2026-08-16 16:44:17.090 (UTC)] info/application	[Sensor] Updated distance: 30.2139018749417 cm | Severity=75 | SourceName=Sensor3 | EventType=application
[2026-08-16 16:44:18.093 (UTC)] info/application	[Sensor] Updated distance: 29.6815225000873 cm | Severity=75 | SourceName=Sensor3 | EventType=application
[2026-08-16 16:44:19.094 (UTC)] info/application	[Sensor] Updated distance: 29.108537552696 cm | Severity=75 | SourceName=Sensor3 | EventType=application
[2026-08-16 16:44:20.086 (UTC)] info/application	[Sensor] Updated distance: 28.979511792762 cm | Severity=75 | SourceName=Sensor3 | EventType=application
[2026-08-16 16:44:21.089 (UTC)] info/application	[Sensor] Updated distance: 29.9588988630375 cm | Severity=75 | SourceName=Sensor3 | EventType=application
[2026-08-16 16:44:22.094 (UTC)] info/application	[Sensor] Updated distance: 29.9978290405114 cm | Severity=75 | SourceName=Sensor3 | EventType=application
[2026-08-16 16:44:23.088 (UTC)] info/application	[Sensor] Updated distance: 31.4198618819564 cm | Severity=75 | SourceName=Sensor3 | EventType=application
[2026-08-16 16:44:24.090 (UTC)] info/application	[Sensor] Updated distance: 31.9484112690894 cm | Severity=75 | SourceName=Sensor3 | EventType=application
[2026-08-16 16:44:25.092 (UTC)] info/application	[Sensor] Updated distance: 30.7022446059632 cm | Severity=75 | SourceName=Sensor3 | EventType=application
[2026-08-16 16:44:26.093 (UTC)] info/application	[Sensor] Updated distance: 29.2524917490094 cm | Severity=75 | SourceName=Sensor3 | EventType=application
[2026-08-16 16:44:27.089 (UTC)] info/application	[Sensor] Updated distance: 29.7501015813323 cm | Severity=75 | SourceName=Sensor3 | EventType=application
[2026-08-16 16:44:28.095 (UTC)] info/application	[Sensor] Updated distance: 30.9676100844367 cm | Severity=75 | SourceName=Sensor3 | EventType=application
[2026-08-16 16:44:29.091 (UTC)] info/application	[Sensor] Updated distance: 30.933473673851 cm | Severity=75 | SourceName=Sensor3 | EventType=application
[2026-08-16 16:44:30.095 (UTC)] info/application	[Sensor] Updated distance: 29.8358396393414 cm | Severity=75 | SourceName=Sensor3 | EventType=application
[2026-08-16 16:44:31.087 (UTC)] info/application	[Sensor] Updated distance: 30.60390906227 cm | Severity=75 | SourceName=Sensor3 | EventType=application
[2026-08-16 16:44:32.089 (UTC)] info/application	[Sensor] Updated distance: 31.9689539950196 cm | Severity=75 | SourceName=Sensor3 | EventType=application
[2026-08-16 16:44:33.091 (UTC)] info/application	[Sensor] Updated distance: 31.7678112076911 cm | Severity=75 | SourceName=Sensor3 | EventType=application
[2026-08-16 16:44:34.086 (UTC)] info/application	[Sensor] Updated distance: 32.6820542731705 cm | Severity=75 | SourceName=Sensor3 | EventType=application
[2026-08-16 16:44:35.091 (UTC)] info/application	[Sensor] Updated distance: 32.5577482455679 cm | Severity=75 | SourceName=Sensor3 | EventType=application
[2026-08-16 16:44:36.089 (UTC)] info/application	[Sensor] Updated distance: 31.686012079793 cm | Severity=75 | SourceName=Sensor3 | EventType=application
[2026-08-16 16:44:37.087 (UTC)] info/application	[Sensor] Updated distance: 30.2040896041803 cm | Severity=75 | SourceName=Sensor3 | EventType=application
[2026-08-16 16:44:38.093 (UTC)] info/application	[Sensor] Updated distance: 30.6076355635224 cm | Severity=75 | SourceName=Sensor3 | EventType=application
[2026-08-16 16:44:39.095 (UTC)] info/application	[Sensor] Updated distance: 29.7176764333703 cm | Severity=75 | SourceName=Sensor3 | EventType=application
[2026-08-16 16:44:40.089 (UTC)] info/application	[Sensor] Updated distance: 28.877068060393 cm | Severity=75 | SourceName=Sensor3 | EventType=application
[2026-08-16 16:44:41.095 (UTC)] info/application	[Sensor] Updated distance: 29.5850149635621 cm | Severity=75 | SourceName=Sensor3 | EventType=application
[2026-08-16 16:44:42.089 (UTC)] info/application	[Sensor] Updated distance: 29.9006770466923 cm | Severity=75 | SourceName=Sensor3 | EventType=application
[2026-08-16 16:44:43.095 (UTC)] info/application	[Sensor] Updated distance: 30.5366227016955 cm | Severity=75 | SourceName=Sensor3 | EventType=application
[2026-08-16 16:44:44.091 (UTC)] info/application	[Sensor] Updated distance: 31.9325336785673 cm | Severity=75 | SourceName=Sensor3 | EventType=application
[2026-08-16 16:44:45.087 (UTC)] info/application	[Sensor] Updated distance: 33.4291106727576 cm | Severity=75 | SourceName=Sensor3 | EventType=application
[2026-08-16 16:44:46.093 (UTC)] info/application	[Sensor] Updated distance: 32.3108634316879 cm | Severity=75 | SourceName=Sensor3 | EventType=application
[2026-08-16 16:44:47.089 (UTC)] info/application	[Sensor] Updated distance: 33.3089938120958 cm | Severity=75 | SourceName=Sensor3 | EventType=application
[2026-08-16 16:44:48.085 (UTC)] info/application	[Sensor] Updated distance: 32.3833383370113 cm | Severity=75 | SourceName=Sensor3 | EventType=application
[2026-08-16 16:44:49.089 (UTC)] info/application	[Sensor] Updated distance: 32.2327117224842 cm | Severity=75 | SourceName=Sensor3 | EventType=application
[2026-08-16 16:44:50.094 (UTC)] info/application	[Sensor] Updated distance: 31.1578571541039 cm | Severity=75 | SourceName=Sensor3 | EventType=application
[2026-08-16 16:44:51.092 (UTC)] info/application	[Sensor] Updated distance: 31.6031759190854 cm | Severity=75 | SourceName=Sensor3 | EventType=application
[2026-08-16 16:44:52.087 (UTC)] info/application	[Sensor] Updated distance: 30.9319363734368 cm | Severity=75 | SourceName=Sensor3 | EventType=application
[2026-08-16 16:44:53.094 (UTC)] info/application	[Sensor] Updated distance: 31.3960119825304 cm | Severity=75 | SourceName=Sensor3 | EventType=application
[2026-08-16 16:44:54.091 (UTC)] info/application	[Sensor] Updated distance: 31.7633635875598 cm | Severity=75 | SourceName=Sensor3 | EventType=application
[2026-08-16 16:44:55.093 (UTC)] info/application	[Sensor] Updated distance: 33.1206734290443 cm | Severity=75 | SourceName=Sensor3 | EventType=application
[2026-08-16 16:44:56.086 (UTC)] info/application	[Sensor] Updated distance: 33.8385823750117 cm | Severity=75 | SourceName=Sensor3 | EventType=application
[2026-08-16 16:44:57.088 (UTC)] info/application	[Sensor] Updated distance: 34.2561811244843 cm | Severity=75 | SourceName=Sensor3 | EventType=application
[2026-08-16 16:44:58.090 (UTC)] info/application	[Sensor] Updated distance: 34.6111007982917 cm | Severity=75 | SourceName=Sensor3 | EventType=application
[2026-08-16 16:44:59.091 (UTC)] info/application	[Sensor] Updated distance: 35.0465182459664 cm | Severity=75 | SourceName=Sensor3 | EventType=application
[2026-08-16 16:45:00.093 (UTC)] info/application	[Sensor] Updated distance: 33.9299805834564 cm | Severity=75 | SourceName=Sensor3 | EventType=application
[2026-08-16 16:45:01.085 (UTC)] info/application	[Sensor] Updated distance: 34.6872662227542 cm | Severity=75 | SourceName=Sensor3 | EventType=application
[2026-08-16 16:45:02.088 (UTC)] info/application	[Sensor] Updated distance: 34.3907530933576 cm | Severity=75 | SourceName=Sensor3 | EventType=application
[2026-08-16 16:45:03.090 (UTC)] info/application	[Sensor] Updated distance: 33.1392603622001 cm | Severity=75 | SourceName=Sensor3 | EventType=application
[2026-08-16 16:45:04.093 (UTC)] info/application	[Sensor] Updated distance: 32.1954032127724 cm | Severity=75 | SourceName=Sensor3 | EventType=application
[2026-08-16 16:45:05.094 (UTC)] info/application	[Sensor] Updated distance: 31.3131331474582 cm | Severity=75 | SourceName=Sensor3 | EventType=application
[2026-08-16 16:45:06.086 (UTC)] info/application	[Sensor] Updated distance: 31.4373343886982 cm | Severity=75 | SourceName=Sensor3 | EventType=application
[2026-08-16 16:45:07.087 (UTC)] info/application	[Sensor] Updated distance: 31.1217410734956 cm | Severity=75 | SourceName=Sensor3 | EventType=application
[2026-08-16 16:45:08.089 (UTC)] info/application	[Sensor] Updated distance: 30.2575485339656 cm | Severity=75 | SourceName=Sensor3 | EventType=application
[2026-08-16 16:45:09.090 (UTC)] info/application	[Sensor] Updated distance: 29.2852957345477 cm | Severity=75 | SourceName=Sensor3 | EventType=application
[2026-08-16 16:45:10.091 (UTC)] info/application	[Sensor] Updated distance: 29.579743289193 cm | Severity=75 | SourceName=Sensor3 | EventType=application
[2026-08-16 16:45:11.092 (UTC)] info/application	[Sensor] Updated distance: 29.3749423766858 cm | Severity=75 | SourceName=Sensor3 | EventType=application
[2026-08-16 16:45:12.093 (UTC)] info/application	[Sensor] Updated distance: 30.610636480437 cm | Severity=75 | SourceName=Sensor3 | EventType=application
[2026-08-16 16:45:13.094 (UTC)] info/application	[Sensor] Updated distance: 29.7207461168155 cm | Severity=75 | SourceName=Sensor3 | EventType=application
[2026-08-16 16:45:14.085 (UTC)] info/application	[Sensor] Updated distance: 28.6518908593114 cm | Severity=75 | SourceName=Sensor3 | EventType=application
[2026-08-16 16:45:15.090 (UTC)] info/application	[Sensor] Updated distance: 29.7834959385374 cm | Severity=75 | SourceName=Sensor3 | EventType=application
[2026-08-16 16:45:16.092 (UTC)] info/application	[Sensor] Updated distance: 28.8901825677092 cm | Severity=75 | SourceName=Sensor3 | EventType=application
[2026-08-16 16:45:17.088 (UTC)] info/application	[Sensor] Updated distance: 28.2030800691355 cm | Severity=75 | SourceName=Sensor3 | EventType=application
[2026-08-16 16:45:18.094 (UTC)] info/application	[Sensor] Updated distance: 28.8328155273725 cm | Severity=75 | SourceName=Sensor3 | EventType=application
[2026-08-16 16:45:19.088 (UTC)] info/application	[Sensor] Updated distance: 28.5138466814598 cm | Severity=75 | SourceName=Sensor3 | EventType=application
[2026-08-16 16:45:20.095 (UTC)] info/application	[Sensor] Updated distance: 29.1761175683589 cm | Severity=75 | SourceName=Sensor3 | EventType=application
[2026-08-16 16:45:21.087 (UTC)] info/application	[Sensor] Updated distance: 30.2309984582155 cm | Severity=75 | SourceName=Sensor3 | EventType=application
[2026-08-16 16:45:22.087 (UTC)] info/application	[Sensor] Updated distance: 28.8573483772843 cm | Severity=75 | SourceName=Sensor3 | EventType=application
[2026-08-16 16:45:23.093 (UTC)] info/application	[Sensor] Updated distance: 30.3483797199318 cm | Severity=75 | SourceName=Sensor3 | EventType=application
[2026-08-16 16:45:24.088 (UTC)] info/application	[Sensor] Updated distance: 30.3673362188821 cm | Severity=75 | SourceName=Sensor3 | EventType=application
[2026-08-16 16:45:25.085 (UTC)] info/application	[Sensor] Updated distance: 30.8610377429803 cm | Severity=75 | SourceName=Sensor3 | EventType=application
[2026-08-16 16:45:26.093 (UTC)] info/application	[Sensor] Updated distance: 32.2093789257153 cm | Severity=75 | SourceName=Sensor3 | EventType=application
[2026-08-16 16:45:27.090 (UTC)] info/application	[Sensor] Updated distance: 31.4462443692359 cm | Severity=75 | SourceName=Sensor3 | EventType=application
[2026-08-16 16:45:28.087 (UTC)] info/application	[Sensor] Updated distance: 30.8575446414098 cm | Severity=75 | SourceName=Sensor3 | EventType=application
[2026-08-16 16:45:29.094 (UTC)] info/application	[Sensor] Updated distance: 31.0608054965552 cm | Severity=75 | SourceName=Sensor3 | EventType=application
[2026-08-16 16:45:30.092 (UTC)] info/application	[Sensor] Updated distance: 32.2330883891476 cm | Severity=75 | SourceName=Sensor3 | EventType=application
[2026-08-16 16:45:31.090 (UTC)] info/application	[Sensor] Updated distance: 32.0278509988114 cm | Severity=75 | SourceName=Sensor3 | EventType=application
[2026-08-16 16:45:32.088 (UTC)] info/application	[Sensor] Updated distance: 31.4883974918576 cm | Severity=75 | SourceName=Sensor3 | EventType=application
[2026-08-16 16:45:33.086 (UTC)] info/application	[Sensor] Updated distance: 30.8641672536564 cm | Severity=75 | SourceName=Sensor3 | EventType=application
[2026-08-16 16:45:34.095 (UTC)] info/application	[Sensor] Updated distance: 30.9074371321627 cm | Severity=75 | SourceName=Sensor3 | EventType=application
[2026-08-16 16:45:35.094 (UTC)] info/application	[Sensor] Updated distance: 30.9241264757813 cm | Severity=75 | SourceName=Sensor3 | EventType=application
[2026-08-16 16:45:36.092 (UTC)] info/application	[Sensor] Updated distance: 30.9176261722658 cm | Severity=75 | SourceName=Sensor3 | EventType=application
[2026-08-16 16:45:37.092 (UTC)] info/application	[Sensor] Updated distance: 29.5850972920121 cm | Severity=75 | SourceName=Sensor3 | EventType=application
[2026-08-16 16:45:38.090 (UTC)] info/application	[Sensor] Updated distance: 30.7861933204281 cm | Severity=75 | SourceName=Sensor3 | EventType=application
[2026-08-16 16:45:39.088 (UTC)] info/application	[Sensor] Updated distance: 31.4155004773827 cm | Severity=75 | SourceName=Sensor3 | EventType=application
[2026-08-16 16:45:40.090 (UTC)] info/application	[Sensor] Updated distance: 30.6107187977111 cm | Severity=75 | SourceName=Sensor3 | EventType=application
[2026-08-16 16:45:41.092 (UTC)] info/application	[Sensor] Updated distance: 30.6062623793754 cm | Severity=75 | SourceName=Sensor3 | EventType=application
[2026-08-16 16:45:42.093 (UTC)] info/application	[Sensor] Updated distance: 29.5307686238228 cm | Severity=75 | SourceName=Sensor3 | EventType=application
[2026-08-16 16:45:43.094 (UTC)] info/application	[Sensor] Updated distance: 28.4616810465053 cm | Severity=75 | SourceName=Sensor3 | EventType=application
[2026-08-16 16:45:44.087 (UTC)] info/application	[Sensor] Updated distance: 29.0673342645482 cm | Severity=75 | SourceName=Sensor3 | EventType=application
[2026-08-16 16:45:45.093 (UTC)] info/application	[Sensor] Updated distance: 28.4229852514914 cm | Severity=75 | SourceName=Sensor3 | EventType=application
[2026-08-16 16:45:46.089 (UTC)] info/application	[Sensor] Updated distance: 26.9855027534 cm | Severity=75 | SourceName=Sensor3 | EventType=application
[2026-08-16 16:45:47.086 (UTC)] info/application	[Sensor] Updated distance: 28.1978426006147 cm | Severity=75 | SourceName=Sensor3 | EventType=application
[2026-08-16 16:45:48.094 (UTC)] info/application	[Sensor] Updated distance: 28.3663910889842 cm | Severity=75 | SourceName=Sensor3 | EventType=application
[2026-08-16 16:45:49.092 (UTC)] info/application	[Sensor] Updated distance: 29.0586440491298 cm | Severity=75 | SourceName=Sensor3 | EventType=application
[2026-08-16 16:45:50.091 (UTC)] info/application	[Sensor] Updated distance: 28.4520150504317 cm | Severity=75 | SourceName=Sensor3 | EventType=application
[2026-08-16 16:45:51.090 (UTC)] info/application	[Sensor] Updated distance: 27.7828344257003 cm | Severity=75 | SourceName=Sensor3 | EventType=application
[2026-08-16 16:45:52.090 (UTC)] info/application	[Sensor] Updated distance: 28.0299682757026 cm | Severity=75 | SourceName=Sensor3 | EventType=application
[2026-08-16 16:45:53.088 (UTC)] info/application	[Sensor] Updated distance: 27.5496891960733 cm | Severity=75 | SourceName=Sensor3 | EventType=application
[2026-08-16 16:45:54.086 (UTC)] info/application	[Sensor] Updated distance: 26.8715399125924 cm | Severity=75 | SourceName=Sensor3 | EventType=application
[2026-08-16 16:45:55.093 (UTC)] info/application	[Sensor] Updated distance: 25.6376302601479 cm | Severity=75 | SourceName=Sensor3 | EventType=application
[2026-08-16 16:45:56.091 (UTC)] info/application	[Sensor] Updated distance: 24.15105270322 cm | Severity=75 | SourceName=Sensor3 | EventType=application
[2026-08-16 16:45:57.089 (UTC)] info/application	[Sensor] Updated distance: 23.3212446010771 cm | Severity=75 | SourceName=Sensor3 | EventType=application
[2026-08-16 16:45:58.092 (UTC)] info/application	[Sensor] Updated distance: 22.8242003921532 cm | Severity=75 | SourceName=Sensor3 | EventType=application
[2026-08-16 16:45:59.094 (UTC)] info/application	[Sensor] Updated distance: 22.2489231087961 cm | Severity=75 | SourceName=Sensor3 | EventType=application
[2026-08-16 16:46:00.091 (UTC)] info/application	[Sensor] Updated distance: 23.1223758631956 cm | Severity=75 | SourceName=Sensor3 | EventType=application
[2026-08-16 16:46:01.090 (UTC)] info/application	[Sensor] Updated distance: 22.2976145454671 cm | Severity=75 | SourceName=Sensor3 | EventType=application
[2026-08-16 16:46:02.089 (UTC)] info/application	[Sensor] Updated distance: 23.0170998717738 cm | Severity=75 | SourceName=Sensor3 | EventType=application
[2026-08-16 16:46:03.086 (UTC)] info/application	[Sensor] Updated distance: 21.8510991178225 cm | Severity=75 | SourceName=Sensor3 | EventType=application
[2026-08-16 16:46:04.088 (UTC)] info/application	[Sensor] Updated distance: 21.9021075618929 cm | Severity=75 | SourceName=Sensor3 | EventType=application
[2026-08-16 16:46:05.089 (UTC)] info/application	[Sensor] Updated distance: 21.1648627667059 cm | Severity=75 | SourceName=Sensor3 | EventType=application
[2026-08-16 16:46:06.091 (UTC)] info/application	[Sensor] Updated distance: 21.5155513577701 cm | Severity=75 | SourceName=Sensor3 | EventType=application
[2026-08-16 16:46:07.087 (UTC)] info/application	[Sensor] Updated distance: 20.060059498325 cm | Severity=75 | SourceName=Sensor3 | EventType=application
[2026-08-16 16:46:08.094 (UTC)] info/application	[Sensor] Updated distance: 19.4902858228843 cm | Severity=75 | SourceName=Sensor3 | EventType=application
[2026-08-16 16:46:09.092 (UTC)] info/application	[Sensor] Updated distance: 19.5420704409676 cm | Severity=75 | SourceName=Sensor3 | EventType=application
[2026-08-16 16:46:10.090 (UTC)] info/application	[Sensor] Updated distance: 20.2158857384771 cm | Severity=75 | SourceName=Sensor3 | EventType=application
[2026-08-16 16:46:11.088 (UTC)] info/application	[Sensor] Updated distance: 20.3413303833647 cm | Severity=75 | SourceName=Sensor3 | EventType=application
[2026-08-16 16:46:12.085 (UTC)] info/application	[Sensor] Updated distance: 18.8886585831124 cm | Severity=75 | SourceName=Sensor3 | EventType=application
[2026-08-16 16:46:13.093 (UTC)] info/application	[Sensor] Updated distance: 19.9869801250692 cm | Severity=75 | SourceName=Sensor3 | EventType=application
[2026-08-16 16:46:14.092 (UTC)] info/application	[Sensor] Updated distance: 20.5433371926394 cm | Severity=75 | SourceName=Sensor3 | EventType=application
[2026-08-16 16:46:15.091 (UTC)] info/application	[Sensor] Updated distance: 21.1963186104299 cm | Severity=75 | SourceName=Sensor3 | EventType=application
[2026-08-16 16:46:16.088 (UTC)] info/application	[Sensor] Updated distance: 20.150291137933 cm | Severity=75 | SourceName=Sensor3 | EventType=application
[2026-08-16 16:46:17.086 (UTC)] info/application	[Sensor] Updated distance: 20.7691657074118 cm | Severity=75 | SourceName=Sensor3 | EventType=application
[2026-08-16 16:46:18.094 (UTC)] info/application	[Sensor] Updated distance: 21.134486972417 cm | Severity=75 | SourceName=Sensor3 | EventType=application
[2026-08-16 16:46:19.091 (UTC)] info/application	[Sensor] Updated distance: 21.7570079896865 cm | Severity=75 | SourceName=Sensor3 | EventType=application
[2026-08-16 16:46:20.088 (UTC)] info/application	[Sensor] Updated distance: 21.5681355193109 cm | Severity=75 | SourceName=Sensor3 | EventType=application
[2026-08-16 16:46:21.085 (UTC)] info/application	[Sensor] Updated distance: 22.8268277856181 cm | Severity=75 | SourceName=Sensor3 | EventType=application
[2026-08-16 16:46:22.094 (UTC)] info/application	[Sensor] Updated distance: 24.2801681781561 cm | Severity=75 | SourceName=Sensor3 | EventType=application
[2026-08-16 16:46:23.091 (UTC)] info/application	[Sensor] Updated distance: 22.8384295563858 cm | Severity=75 | SourceName=Sensor3 | EventType=application
[2026-08-16 16:46:24.089 (UTC)] info/application	[Sensor] Updated distance: 22.1168427416668 cm | Severity=75 | SourceName=Sensor3 | EventType=application
[2026-08-16 16:46:25.087 (UTC)] info/application	[Sensor] Updated distance: 21.3920338493269 cm | Severity=75 | SourceName=Sensor3 | EventType=application
[2026-08-16 16:46:26.091 (UTC)] info/application	[Sensor] Updated distance: 20.2163855751121 cm | Severity=75 | SourceName=Sensor3 | EventType=application
[2026-08-16 16:46:27.092 (UTC)] info/application	[Sensor] Updated distance: 19.5082212034651 cm | Severity=75 | SourceName=Sensor3 | EventType=application
[2026-08-16 16:46:28.093 (UTC)] info/application	[Sensor] Updated distance: 19.4536042089824 cm | Severity=75 | SourceName=Sensor3 | EventType=application
[2026-08-16 16:46:29.089 (UTC)] info/application	[Sensor] Updated distance: 19.2809117258438 cm | Severity=75 | SourceName=Sensor3 | EventType=application
[2026-08-16 16:46:30.086 (UTC)] info/application	[Sensor] Updated distance: 19.4974700708396 cm | Severity=75 | SourceName=Sensor3 | EventType=application
[2026-08-16 16:46:31.092 (UTC)] info/application	[Sensor] Updated distance: 18.8163058293594 cm | Severity=75 | SourceName=Sensor3 | EventType=application
[2026-08-16 16:46:32.094 (UTC)] info/application	[Sensor] Updated distance: 19.3188520298893 cm | Severity=75 | SourceName=Sensor3 | EventType=application
[2026-08-16 16:46:33.094 (UTC)] info/application	[Sensor] Updated distance: 18.7548957011918 cm | Severity=75 | SourceName=Sensor3 | EventType=application
[2026-08-16 16:46:34.086 (UTC)] info/application	[Sensor] Updated distance: 18.4077307071573 cm | Severity=75 | SourceName=Sensor3 | EventType=application
[2026-08-16 16:46:35.093 (UTC)] info/application	[Sensor] Updated distance: 17.4612853503606 cm | Severity=75 | SourceName=Sensor3 | EventType=application
[2026-08-16 16:46:36.090 (UTC)] info/application	[Sensor] Updated distance: 17.6600842264761 cm | Severity=75 | SourceName=Sensor3 | EventType=application
[2026-08-16 16:46:37.089 (UTC)] info/application	[Sensor] Updated distance: 16.1636078221088 cm | Severity=75 | SourceName=Sensor3 | EventType=application
[2026-08-16 16:46:38.088 (UTC)] info/application	[Sensor] Updated distance: 15.261670605867 cm | Severity=75 | SourceName=Sensor3 | EventType=application
[2026-08-16 16:46:39.095 (UTC)] info/application	[Sensor] Updated distance: