[2026-08-17 03:56:42.908 (UTC+0800)] [33mwarn/server[0m	AccessControl: Unconfigured AccessControl. Users have all permissions.
[2026-08-17 03:56:42.908 (UTC+0800)] [32minfo/server[0m	AccessControl: Anonymous login is enabled
[2026-08-17 03:56:42.908 (UTC+0800)] [33mwarn/server[0m	x509 Certificate Authentication configured, but no encrypting SecurityPolicy. This can leak credentials on the network.
[2026-08-17 03:56:42.947 (UTC+0800)] [33mwarn/application[0m	ServerUrls already set. Overriding.
[2026-08-17 03:56:42.947 (UTC+0800)] [33mwarn/server[0m	AccessControl: Unconfigured AccessControl. Users have all permissions.
[2026-08-17 03:56:42.947 (UTC+0800)] [32minfo/server[0m	AccessControl: Anonymous login is enabled
[2026-08-17 03:56:42.947 (UTC+0800)] [33mwarn/server[0m	x509 Certificate Authentication configured, but no encrypting SecurityPolicy. This can leak credentials on the network.
[2026-08-17 03:56:42.947 (UTC+0800)] [33mwarn/server[0m	x509 Certificate Authentication configured, but no encrypting SecurityPolicy. This can leak credentials on the network.
[2026-08-16 19:56:42.947 (UTC)] info/application	Sensor Server online (Client/Server mode, id=1 port=4842) | Severity=75 | SourceName=Sensor | EventType=application
Entering background polling mode: attempting to connect to Aggregation Server...
Connected successfully. Log forwarding started.
[2026-08-16 19:56:43.944 (UTC)] info/network	[System] TCP 16	| Connection opened from "127.0.0.1" via the server socket 8 | Severity=75 | SourceName=System | EventType=network
[2026-08-16 19:56:43.944 (UTC)] info/channel	[System] TCP 16	| SC 1	| SecureChannel created | Severity=75 | SourceName=System | EventType=channel
[2026-08-16 19:56:43.955 (UTC)] info/application	[Sensor] Updated distance: 26.8101161896764 cm | Severity=75 | SourceName=Sensor | EventType=application
[2026-08-16 19:56:43.965 (UTC)] info/channel	[System] TCP 16	| SC 1	| OpenSecureChannel: Channel opened with SecurityMode None for SecurityPolicy http://opcfoundation.org/UA/SecurityPolicy#None and a revised lifetime of 600.0s | Severity=75 | SourceName=System | EventType=channel
[2026-08-16 19:56:43.986 (UTC)] warn/client	[System] Removing a UserTokenPolicy that would allow the password to be transmitted without encryption (Can be enabled via config->allowNonePolicyPassword) | Severity=175 | SourceName=System | EventType=client
[2026-08-16 19:56:43.986 (UTC)] warn/client	[System] Removing a UserTokenPolicy that would allow the password to be transmitted without encryption (Can be enabled via config->allowNonePolicyPassword) | Severity=175 | SourceName=System | EventType=client
[2026-08-16 19:56:43.996 (UTC)] warn/client	[System] Removing a UserTokenPolicy that would allow the password to be transmitted without encryption (Can be enabled via config->allowNonePolicyPassword) | Severity=175 | SourceName=System | EventType=client
[2026-08-16 19:56:43.996 (UTC)] warn/client	[System] Removing a UserTokenPolicy that would allow the password to be transmitted without encryption (Can be enabled via config->allowNonePolicyPassword) | Severity=175 | SourceName=System | EventType=client
[2026-08-16 19:56:43.997 (UTC)] info/session	[System] TCP 16	| SC 1	| Session "ns=1;g=c729bbd1-d957-c13d-d80d-60d69f4964e6"	| Session created | Severity=75 | SourceName=System | EventType=session
[2026-08-16 19:56:44.007 (UTC)] info/session	[System] TCP 16	| SC 1	| Session "ns=1;g=c729bbd1-d957-c13d-d80d-60d69f4964e6"	| ActivateSession: Session activated with ClientUserId "" | Severity=75 | SourceName=System | EventType=session
[2026-08-16 19:56:46.028 (UTC)] info/application	[Sensor] Updated distance: 26.5318555806446 cm | Severity=75 | SourceName=Sensor | EventType=application
[2026-08-16 19:56:46.029 (UTC)] info/session	[System] TCP 16	| SC 1	| Session "ns=1;g=c729bbd1-d957-c13d-d80d-60d69f4964e6"	| Subscription 1 | Subscription created (Publishing interval 500.0ms, max 1000 notifications per publish) | Severity=75 | SourceName=System | EventType=session
[2026-08-16 19:56:46.029 (UTC)] info/network	[System] TCP 17	| Connection opened from "127.0.0.1" via the server socket 8 | Severity=75 | SourceName=System | EventType=network
[2026-08-16 19:56:46.029 (UTC)] info/channel	[System] TCP 17	| SC 2	| SecureChannel created | Severity=75 | SourceName=System | EventType=channel
[2026-08-16 19:56:46.049 (UTC)] info/channel	[System] TCP 17	| SC 2	| OpenSecureChannel: Channel opened with SecurityMode None for SecurityPolicy http://opcfoundation.org/UA/SecurityPolicy#None and a revised lifetime of 600.0s | Severity=75 | SourceName=System | EventType=channel
[2026-08-16 19:56:46.070 (UTC)] warn/client	[System] Removing a UserTokenPolicy that would allow the password to be transmitted without encryption (Can be enabled via config->allowNonePolicyPassword) | Severity=175 | SourceName=System | EventType=client
[2026-08-16 19:56:46.070 (UTC)] warn/client	[System] Removing a UserTokenPolicy that would allow the password to be transmitted without encryption (Can be enabled via config->allowNonePolicyPassword) | Severity=175 | SourceName=System | EventType=client
[2026-08-16 19:56:46.080 (UTC)] warn/client	[System] Removing a UserTokenPolicy that would allow the password to be transmitted without encryption (Can be enabled via config->allowNonePolicyPassword) | Severity=175 | SourceName=System | EventType=client
[2026-08-16 19:56:46.080 (UTC)] warn/client	[System] Removing a UserTokenPolicy that would allow the password to be transmitted without encryption (Can be enabled via config->allowNonePolicyPassword) | Severity=175 | SourceName=System | EventType=client
[2026-08-16 19:56:46.081 (UTC)] info/session	[System] TCP 17	| SC 2	| Session "ns=1;g=2506fa57-62e1-5cbe-8868-c64ca03a3343"	| Session created | Severity=75 | SourceName=System | EventType=session
[2026-08-16 19:56:46.091 (UTC)] info/session	[System] TCP 17	| SC 2	| Session "ns=1;g=2506fa57-62e1-5cbe-8868-c64ca03a3343"	| ActivateSession: Session activated with ClientUserId "" | Severity=75 | SourceName=System | EventType=session
[2026-08-16 19:56:46.477 (UTC)] info/session	[System] TCP 17	| SC 2	| Session "ns=1;g=2506fa57-62e1-5cbe-8868-c64ca03a3343"	| Subscription 2 | Subscription created (Publishing interval 500.0ms, max 1000 notifications per publish) | Severity=75 | SourceName=System | EventType=session
[2026-08-16 19:56:46.498 (UTC)] info/session	[System] TCP 17	| SC 2	| Session "ns=1;g=2506fa57-62e1-5cbe-8868-c64ca03a3343"	| Subscription 2 | MonitoredItem 1 | Created the MonitoredItem (Sampling Interval: 250.0ms, Queue Size: 1) | Severity=75 | SourceName=System | EventType=session
[2026-08-16 19:56:47.033 (UTC)] info/application	[Sensor] Updated distance: 25.7424486066412 cm | Severity=75 | SourceName=Sensor | EventType=application
[2026-08-16 19:56:48.033 (UTC)] info/application	[Sensor] Updated distance: 24.7249665380106 cm | Severity=75 | SourceName=Sensor | EventType=application
[2026-08-16 19:56:49.033 (UTC)] info/application	[Sensor] Updated distance: 24.6136961398244 cm | Severity=75 | SourceName=Sensor | EventType=application
[2026-08-16 19:56:50.033 (UTC)] info/application	[Sensor] Updated distance: 24.5603491615319 cm | Severity=75 | SourceName=Sensor | EventType=application
[2026-08-16 19:56:51.033 (UTC)] info/application	[Sensor] Updated distance: 26.0583647892617 cm | Severity=75 | SourceName=Sensor | EventType=application
[2026-08-16 19:56:52.033 (UTC)] info/application	[Sensor] Updated distance: 27.4823561001021 cm | Severity=75 | SourceName=Sensor | EventType=application
[2026-08-16 19:56:53.032 (UTC)] info/application	[Sensor] Updated distance: 28.4779470669934 cm | Severity=75 | SourceName=Sensor | EventType=application
[2026-08-16 19:56:54.033 (UTC)] info/application	[Sensor] Updated distance: 29.2860646002395 cm | Severity=75 | SourceName=Sensor | EventType=application
[2026-08-16 19:56:55.033 (UTC)] info/application	[Sensor] Updated distance: 29.8647617922932 cm | Severity=75 | SourceName=Sensor | EventType=application
[2026-08-16 19:56:56.033 (UTC)] info/application	[Sensor] Updated distance: 30.6335261490352 cm | Severity=75 | SourceName=Sensor | EventType=application
[2026-08-16 19:56:57.032 (UTC)] info/application	[Sensor] Updated distance: 29.9886847354885 cm | Severity=75 | SourceName=Sensor | EventType=application
[2026-08-16 19:56:58.033 (UTC)] info/application	[Sensor] Updated distance: 29.9245691713526 cm | Severity=75 | SourceName=Sensor | EventType=application
[2026-08-16 19:56:59.033 (UTC)] info/application	[Sensor] Updated distance: 30.3664844324191 cm | Severity=75 | SourceName=Sensor | EventType=application
[2026-08-16 19:57:00.033 (UTC)] info/application	[Sensor] Updated distance: 28.8873672792164 cm | Severity=75 | SourceName=Sensor | EventType=application
[2026-08-16 19:57:01.033 (UTC)] info/application	[Sensor] Updated distance: 29.8526420017484 cm | Severity=75 | SourceName=Sensor | EventType=application
[2026-08-16 19:57:02.033 (UTC)] info/application	[Sensor] Updated distance: 29.4122667072398 cm | Severity=75 | SourceName=Sensor | EventType=application
[2026-08-16 19:57:03.033 (UTC)] info/application	[Sensor] Updated distance: 29.6362791569607 cm | Severity=75 | SourceName=Sensor | EventType=application
[2026-08-16 19:57:04.034 (UTC)] info/application	[Sensor] Updated distance: 30.4581065194021 cm | Severity=75 | SourceName=Sensor | EventType=application
[2026-08-16 19:57:05.034 (UTC)] info/application	[Sensor] Updated distance: 30.0305556764503 cm | Severity=75 | SourceName=Sensor | EventType=application
[2026-08-16 19:57:06.033 (UTC)] info/application	[Sensor] Updated distance: 30.4546056233601 cm | Severity=75 | SourceName=Sensor | EventType=application
[2026-08-16 19:57:07.034 (UTC)] info/application	[Sensor] Updated distance: 28.9574566914036 cm | Severity=75 | SourceName=Sensor | EventType=application
[2026-08-16 19:57:08.034 (UTC)] info/application	[Sensor] Updated distance: 29.4852418906452 cm | Severity=75 | SourceName=Sensor | EventType=application
[2026-08-16 19:57:09.033 (UTC)] info/application	[Sensor] Updated distance: 30.618121188189 cm | Severity=75 | SourceName=Sensor | EventType=application
[2026-08-16 19:57:10.033 (UTC)] info/application	[Sensor] Updated distance: 29.8059539216598 cm | Severity=75 | SourceName=Sensor | EventType=application
[2026-08-16 19:57:11.033 (UTC)] info/application	[Sensor] Updated distance: 28.5246852687675 cm | Severity=75 | SourceName=Sensor | EventType=application
[2026-08-16 19:57:12.033 (UTC)] info/application	[Sensor] Updated distance: 27.3931193106776 cm | Severity=75 | SourceName=Sensor | EventType=application
[2026-08-16 19:57:13.033 (UTC)] info/application	[Sensor] Updated distance: 26.3334052086963 cm | Severity=75 | SourceName=Sensor | EventType=application
[2026-08-16 19:57:14.033 (UTC)] info/application	[Sensor] Updated distance: 25.4123126852384 cm | Severity=75 | SourceName=Sensor | EventType=application
[2026-08-16 19:57:15.032 (UTC)] info/application	[Sensor] Updated distance: 24.4952600030207 cm | Severity=75 | SourceName=Sensor | EventType=application
[2026-08-16 19:57:16.032 (UTC)] info/application	[Sensor] Updated distance: 25.7456620907158 cm | Severity=75 | SourceName=Sensor | EventType=application
[2026-08-16 19:57:17.032 (UTC)] info/application	[Sensor] Updated distance: 26.046308959623 cm | Severity=75 | SourceName=Sensor | EventType=application
[2026-08-16 19:57:18.031 (UTC)] info/application	[Sensor] Updated distance: 25.8398493034019 cm | Severity=75 | SourceName=Sensor | EventType=application
[2026-08-16 19:57:19.032 (UTC)] info/application	[Sensor] Updated distance: 24.5727693210695 cm | Severity=75 | SourceName=Sensor | EventType=application
[2026-08-16 19:57:20.031 (UTC)] info/application	[Sensor] Updated distance: 23.2621457903935 cm | Severity=75 | SourceName=Sensor | EventType=application
[2026-08-16 19:57:21.031 (UTC)] info/application	[Sensor] Updated distance: 24.502339157277 cm | Severity=75 | SourceName=Sensor | EventType=application
[2026-08-16 19:57:22.031 (UTC)] info/application	[Sensor] Updated distance: 23.2332748012772 cm | Severity=75 | SourceName=Sensor | EventType=application
[2026-08-16 19:57:23.032 (UTC)] info/application	[Sensor] Updated distance: 21.8466425814417 cm | Severity=75 | SourceName=Sensor | EventType=application
[2026-08-16 19:57:24.031 (UTC)] info/application	[Sensor] Updated distance: 22.5824269138195 cm | Severity=75 | SourceName=Sensor | EventType=application
[2026-08-16 19:57:25.031 (UTC)] info/application	[Sensor] Updated distance: 23.6214800910659 cm | Severity=75 | SourceName=Sensor | EventType=application
[2026-08-16 19:57:26.031 (UTC)] info/application	[Sensor] Updated distance: 24.313545063284 cm | Severity=75 | SourceName=Sensor | EventType=application
[2026-08-16 19:57:27.032 (UTC)] info/application	[Sensor] Updated distance: 24.3180937510068 cm | Severity=75 | SourceName=Sensor | EventType=application
[2026-08-16 19:57:28.032 (UTC)] info/application	[Sensor] Updated distance: 23.2123055133095 cm | Severity=75 | SourceName=Sensor | EventType=application
[2026-08-16 19:57:29.032 (UTC)] info/application	[Sensor] Updated distance: 22.3402549199947 cm | Severity=75 | SourceName=Sensor | EventType=application
[2026-08-16 19:57:30.033 (UTC)] info/application	[Sensor] Updated distance: 21.286718867387 cm | Severity=75 | SourceName=Sensor | EventType=application
[2026-08-16 19:57:31.032 (UTC)] info/application	[Sensor] Updated distance: 20.201813476487 cm | Severity=75 | SourceName=Sensor | EventType=application
[2026-08-16 19:57:32.032 (UTC)] info/application	[Sensor] Updated distance: 18.7950376057043 cm | Severity=75 | SourceName=Sensor | EventType=application
[2026-08-16 19:57:33.032 (UTC)] info/application	[Sensor] Updated distance: 18.801126258588 cm | Severity=75 | SourceName=Sensor | EventType=application
[2026-08-16 19:57:34.032 (UTC)] info/application	[Sensor] Updated distance: 19.4402333174088 cm | Severity=75 | SourceName=Sensor | EventType=application
[2026-08-16 19:57:35.032 (UTC)] info/application	[Sensor] Updated distance: 20.3552848090675 cm | Severity=75 | SourceName=Sensor | EventType=application
[2026-08-16 19:57:36.032 (UTC)] info/application	[Sensor] Updated distance: 21.4338226189994 cm | Severity=75 | SourceName=Sensor | EventType=application
[2026-08-16 19:57:37.032 (UTC)] info/application	[Sensor] Updated distance: 20.9969796247301 cm | Severity=75 | SourceName=Sensor | EventType=application
[2026-08-16 19:57:38.032 (UTC)] info/application	[Sensor] Updated distance: 21.9148821844323 cm | Severity=75 | SourceName=Sensor | EventType=application
[2026-08-16 19:57:39.032 (UTC)] info/application	[Sensor] Updated distance: 22.0212051936058 cm | Severity=75 | SourceName=Sensor | EventType=application
[2026-08-16 19:57:40.032 (UTC)] info/application	[Sensor] Updated distance: 21.2172414954832 cm | Severity=75 | SourceName=Sensor | EventType=application
[2026-08-16 19:57:41.032 (UTC)] info/application	[Sensor] Updated distance: 19.8229767886563 cm | Severity=75 | SourceName=Sensor | EventType=application
[2026-08-16 19:57:42.033 (UTC)] info/application	[Sensor] Updated distance: 20.1480311449375 cm | Severity=75 | SourceName=Sensor | EventType=application
[2026-08-16 19:57:43.033 (UTC)] info/application	[Sensor] Updated distance: 19.712501488725 cm | Severity=75 | SourceName=Sensor | EventType=application
[2026-08-16 19:57:44.033 (UTC)] info/application	[Sensor] Updated distance: 18.7585226799168 cm | Severity=75 | SourceName=Sensor | EventType=application
[2026-08-16 19:57:45.033 (UTC)] info/application	[Sensor] Updated distance: 19.66248451274 cm | Severity=75 | SourceName=Sensor | EventType=application
[2026-08-16 19:57:46.034 (UTC)] info/application	[Sensor] Updated distance: 19.8099021743098 cm | Severity=75 | SourceName=Sensor | EventType=application
[2026-08-16 19:57:47.034 (UTC)] info/application	[Sensor] Updated distance: 18.6063254531968 cm | Severity=75 | SourceName=Sensor | EventType=application
[2026-08-16 19:57:48.034 (UTC)] info/application	[Sensor] Updated distance: 18.3109341535303 cm | Severity=75 | SourceName=Sensor | EventType=application
[2026-08-16 19:57:49.035 (UTC)] info/application	[Sensor] Updated distance: 19.7518921602759 cm | Severity=75 | SourceName=Sensor | EventType=application
[2026-08-16 19:57:50.035 (UTC)] info/application	[Sensor] Updated distance: 18.7812354568305 cm | Severity=75 | SourceName=Sensor | EventType=application
[2026-08-16 19:57:51.035 (UTC)] info/application	[Sensor] Updated distance: 18.675220627885 cm | Severity=75 | SourceName=Sensor | EventType=application
[2026-08-16 19:57:52.036 (UTC)] info/application	[Sensor] Updated distance: 19.856372000117 cm | Severity=75 | SourceName=Sensor | EventType=application
[2026-08-16 19:57:53.036 (UTC)] info/application	[Sensor] Updated distance: 19.1166509420689 cm | Severity=75 | SourceName=Sensor | EventType=application
[2026-08-16 19:57:54.036 (UTC)] info/application	[Sensor] Updated distance: 19.1240038932879 cm | Severity=75 | SourceName=Sensor | EventType=application
[2026-08-16 19:57:55.037 (UTC)] info/application	[Sensor] Updated distance: 19.5409395965007 cm | Severity=75 | SourceName=Sensor | EventType=application
[2026-08-16 19:57:56.037 (UTC)] info/application	[Sensor] Updated distance: 18.3402717143019 cm | Severity=75 | SourceName=Sensor | EventType=application
[2026-08-16 19:57:57.038 (UTC)] info/application	[Sensor] Updated distance: 17.5396896363421 cm | Severity=75 | SourceName=Sensor | EventType=application
[2026-08-16 19:57:58.038 (UTC)] info/application	[Sensor] Updated distance: 16.4611740258807 cm | Severity=75 | SourceName=Sensor | EventType=application
[2026-08-16 19:57:59.038 (UTC)] info/application	[Sensor] Updated distance: 15.6547179073816 cm | Severity=75 | SourceName=Sensor | EventType=application
[2026-08-16 19:58:00.038 (UTC)] info/application	[Sensor] Updated distance: 15.482085236107 cm | Severity=75 | SourceName=Sensor | EventType=application
[2026-08-16 19:58:01.029 (UTC)] info/application	[Sensor] Updated distance: 14.850033573038 cm | Severity=75 | SourceName=Sensor | EventType=application
[2026-08-16 19:58:02.030 (UTC)] info/application	[Sensor] Updated distance: 14.4586720636388 cm | Severity=75 | SourceName=Sensor | EventType=application
[2026-08-16 19:58:03.030 (UTC)] info/application	[Sensor] Updated distance: 14.3792635215815 cm | Severity=75 | SourceName=Sensor | EventType=application
[2026-08-16 19:58:04.030 (UTC)] info/application	[Sensor] Updated distance: 15.2533005127931 cm | Severity=75 | SourceName=Sensor | EventType=application
[2026-08-16 19:58:05.030 (UTC)] info/application	[Sensor] Updated distance: 14.0010460622148 cm | Severity=75 | SourceName=Sensor | EventType=application
[2026-08-16 19:58:06.031 (UTC)] info/application	[Sensor] Updated distance: 13.3366890104193 cm | Severity=75 | SourceName=Sensor | EventType=application
[2026-08-16 19:58:07.031 (UTC)] info/application	[Sensor] Updated distance: 13.7892638101658 cm | Severity=75 | SourceName=Sensor | EventType=application
[2026-08-16 19:58:08.031 (UTC)] info/application	[Sensor] Updated distance: 13.6001663653181 cm | Severity=75 | SourceName=Sensor | EventType=application
[2026-08-16 19:58:09.031 (UTC)] info/application	[Sensor] Updated distance: 12.3537118732248 cm | Severity=75 | SourceName=Sensor | EventType=application
[2026-08-16 19:58:10.031 (UTC)] info/application	[Sensor] Updated distance: 11.4126096807479 cm | Severity=75 | SourceName=Sensor | EventType=application
[2026-08-16 19:58:11.031 (UTC)] info/application	[Sensor] Updated distance: 11.9195485377775 cm | Severity=75 | SourceName=Sensor | EventType=application
[2026-08-16 19:58:12.032 (UTC)] info/application	[Sensor] Updated distance: 10.7788293388574 cm | Severity=75 | SourceName=Sensor | EventType=application
[2026-08-16 19:58:13.032 (UTC)] info/application	[Sensor] Updated distance: 11.6627815026617 cm | Severity=75 | SourceName=Sensor | EventType=application
[2026-08-16 19:58:14.033 (UTC)] info/application	[Sensor] Updated distance: 10.2341907020817 cm | Severity=75 | SourceName=Sensor | EventType=application
[2026-08-16 19:58:15.032 (UTC)] info/application	[Sensor] Updated distance: 9.63949269435345 cm | Severity=75 | SourceName=Sensor | EventType=application
[2026-08-16 19:58:16.033 (UTC)] info/application	[Sensor] Updated distance: 9.92740669098096 cm | Severity=75 | SourceName=Sensor | EventType=application
[2026-08-16 19:58:17.033 (UTC)] info/application	[Sensor] Updated distance: 10.1462335533678 cm | Severity=75 | SourceName=Sensor | EventType=application
[2026-08-16 19:58:18.034 (UTC)] info/application	[Sensor] Updated distance: 9.8479588245265 cm | Severity=75 | SourceName=Sensor | EventType=application
[2026-08-16 19:58:19.034 (UTC)] info/application	[Sensor] Updated distance: 11.3404815214875 cm | Severity=75 | SourceName=Sensor | EventType=application
[2026-08-16 19:58:20.035 (UTC)] info/application	[Sensor] Updated distance: 11.5002663892229 cm | Severity=75 | SourceName=Sensor | EventType=application
[2026-08-16 19:58:21.035 (UTC)] info/application	[Sensor] Updated distance: 11.7313349583332 cm | Severity=75 | SourceName=Sensor | EventType=application
[2026-08-16 19:58:22.035 (UTC)] info/application	[Sensor] Updated distance: 11.6178428249517 cm | Severity=75 | SourceName=Sensor | EventType=application
[2026-08-16 19:58:23.035 (UTC)] info/application	[Sensor] Updated distance: 11.4587790635222 cm | Severity=75 | SourceName=Sensor | EventType=application
[2026-08-16 19:58:24.035 (UTC)] info/application	[Sensor] Updated distance: 12.4501265745843 cm | Severity=75 | SourceName=Sensor | EventType=application
[2026-08-16 19:58:25.034 (UTC)] info/application	[Sensor] Updated distance: 13.8439873924218 cm | Severity=75 | SourceName=Sensor | EventType=application
[2026-08-16 19:58:26.034 (UTC)] info/application	[Sensor] Updated distance: 12.6018593328082 cm | Severity=75 | SourceName=Sensor | EventType=application
[2026-08-16 19:58:27.034 (UTC)] info/application	[Sensor] Updated distance: 13.8925389616715 cm | Severity=75 | SourceName=Sensor | EventType=application
[2026-08-16 19:58:28.034 (UTC)] info/application	[Sensor] Updated distance: 12.9858177001522 cm | Severity=75 | SourceName=Sensor | EventType=application
[2026-08-16 19:58:29.034 (UTC)] info/application	[Sensor] Updated distance: 12.1651740300773 cm | Severity=75 | SourceName=Sensor | EventType=application
[2026-08-16 19:58:30.034 (UTC)] info/application	[Sensor] Updated distance: 11.1493975390444 cm | Severity=75 | SourceName=Sensor | EventType=application
[2026-08-16 19:58:31.034 (UTC)] info/application	[Sensor] Updated distance: 11.5700436076476 cm | Severity=75 | SourceName=Sensor | EventType=application
[2026-08-16 19:58:32.035 (UTC)] info/application	[Sensor] Updated distance: 11.6173482745035 cm | Severity=75 | SourceName=Sensor | EventType=application
[2026-08-16 19:58:33.035 (UTC)] info/application	[Sensor] Updated distance: 11.7102102754685 cm | Severity=75 | SourceName=Sensor | EventType=application
[2026-08-16 19:58:34.034 (UTC)] info/application	[Sensor] Updated distance: 10.5514478006174 cm | Severity=75 | SourceName=Sensor | EventType=application
[2026-08-16 19:58:35.035 (UTC)] info/application	[Sensor] Updated distance: 9.97278945728801 cm | Severity=75 | SourceName=Sensor | EventType=application
[2026-08-16 19:58:36.035 (UTC)] info/application	[Sensor] Updated distance: 10.3133970076746 cm | Severity=75 | SourceName=Sensor | EventType=application
[2026-08-16 19:58:37.035 (UTC)] info/application	[Sensor] Updated distance: 9.99027748242499 cm | Severity=75 | SourceName=Sensor | EventType=application
[2026-08-16 19:58:38.035 (UTC)] info/application	[Sensor] Updated distance: 11.3641939402391 cm | Severity=75 | SourceName=Sensor | EventType=application
[2026-08-16 19:58:39.035 (UTC)] info/application	[Sensor] Updated distance: 10.015704044381 cm | Severity=75 | SourceName=Sensor | EventType=application
[2026-08-16 19:58:40.035 (UTC)] info/application	[Sensor] Updated distance: 9.94613002703811 cm | Severity=75 | SourceName=Sensor | EventType=application
[2026-08-16 19:58:41.035 (UTC)] info/application	[Sensor] Updated distance: 8.87894429097834 cm | Severity=75 | SourceName=Sensor | EventType=application
[2026-08-16 19:58:42.036 (UTC)] info/application	[Sensor] Updated distance: 9.53739325214987 cm | Severity=75 | SourceName=Sensor | EventType=application
[2026-08-16 19:58:43.036 (UTC)] info/application	[Sensor] Updated distance: 9.82710003588679 cm | Severity=75 | SourceName=Sensor | EventType=application
[2026-08-16 19:58:44.037 (UTC)] info/application	[Sensor] Updated distance: 11.1438664650283 cm | Severity=75 | SourceName=Sensor | EventType=application
[2026-08-16 19:58:45.037 (UTC)] info/application	[Sensor] Updated distance: 11.8737246256199 cm | Severity=75 | SourceName=Sensor | EventType=application
[2026-08-16 19:58:46.037 (UTC)] info/application	[Sensor] Updated distance: 13.0687334016286 cm | Severity=75 | SourceName=Sensor | EventType=application
[2026-08-16 19:58:47.038 (UTC)] info/application	[Sensor] Updated distance: 13.1734138260006 cm | Severity=75 | SourceName=Sensor | EventType=application
[2026-08-16 19:58:48.029 (UTC)] info/application	[Sensor] Updated distance: 12.6220988475821 cm | Severity=75 | SourceName=Sensor | EventType=application
[2026-08-16 19:58:49.030 (UTC)] info/application	[Sensor] Updated distance: 12.0188328947494 cm | Severity=75 | SourceName=Sensor | EventType=application
[2026-08-16 19:58:50.030 (UTC)] info/application	[Sensor] Updated distance: 12.1160360146854 cm | Severity=75 | SourceName=Sensor | EventType=application
[2026-08-16 19:58:51.030 (UTC)] info/application	[Sensor] Updated distance: 13.2245059040023 cm | Severity=75 | SourceName=Sensor | EventType=application
[2026-08-16 19:58:52.030 (UTC)] info/application	[Sensor] Updated distance: 14.35230852028 cm | Severity=75 | SourceName=Sensor | EventType=application
[2026-08-16 19:58:53.030 (UTC)] info/application	[Sensor] Updated distance: 15.8360195082314 cm | Severity=75 | SourceName=Sensor | EventType=application
[2026-08-16 19:58:54.030 (UTC)] info/application	[Sensor] Updated distance: 15.285425634722 cm | Severity=75 | SourceName=Sensor | EventType=application
[2026-08-16 19:58:55.030 (UTC)] info/application	[Sensor] Updated distance: 15.9045757606647 cm | Severity=75 | SourceName=Sensor | EventType=application
[2026-08-16 19:58:56.030 (UTC)] info/application	[Sensor] Updated distance: 17.2821475650566 cm | Severity=75 | SourceName=Sensor | EventType=application
[2026-08-16 19:58:57.030 (UTC)] info/application	[Sensor] Updated distance: 16.9894256319336 cm | Severity=75 | SourceName=Sensor | EventType=application
[2026-08-16 19:58:58.030 (UTC)] info/application	[Sensor] Updated distance: 17.3992553853426 cm | Severity=75 | SourceName=Sensor | EventType=application
[2026-08-16 19:58:59.030 (UTC)] info/application	[Sensor] Updated distance: 16.3701059282152 cm | Severity=75 | SourceName=Sensor | EventType=application
[2026-08-16 19:59:00.030 (UTC)] info/application	[Sensor] Updated distance: 16.7567403250172 cm | Severity=75 | SourceName=Sensor | EventType=application
[2026-08-16 19:59:01.030 (UTC)] info/application	[Sensor] Updated distance: 17.6507935887905 cm | Severity=75 | SourceName=Sensor | EventType=application
[2026-08-16 19:59:02.031 (UTC)] info/application	[Sensor] Updated distance: 18.5422902002662 cm | Severity=75 | SourceName=Sensor | EventType=application
[2026-08-16 19:59:03.030 (UTC)] info/application	[Sensor] Updated distance: 17.4762292639242 cm | Severity=75 | SourceName=Sensor | EventType=application
[2026-08-16 19:59:04.031 (UTC)] info/application	[Sensor] Updated distance: 16.9631445272654 cm | Severity=75 | SourceName=Sensor | EventType=application
[2026-08-16 19:59:05.031 (UTC)] info/application	[Sensor] Updated distance: 18.19587866389 cm | Severity=75 | SourceName=Sensor | EventType=application
[2026-08-16 19:59:06.030 (UTC)] info/application	[Sensor] Updated distance: 18.0511593842186 cm | Severity=75 | SourceName=Sensor | EventType=application
[2026-08-16 19:59:07.030 (UTC)] info/application	[Sensor] Updated distance: 19.3786821979464 cm | Severity=75 | SourceName=Sensor | EventType=application
[2026-08-16 19:59:08.030 (UTC)] info/application	[Sensor] Updated distance: 18.7882968079244 cm | Severity=75 | SourceName=Sensor | EventType=application
[2026-08-16 19:59:09.030 (UTC)] info/application	[Sensor] Updated distance: 18.5174939846701 cm | Severity=75 | SourceName=Sensor | EventType=application
[2026-08-16 19:59:10.029 (UTC)] info/application	[Sensor] Updated distance: 19.9965269025399 cm | Severity=75 | SourceName=Sensor | EventType=application
[2026-08-16 19:59:11.029 (UTC)] info/application	[Sensor] Updated distance: 20.836567495175 cm | Severity=75 | SourceName=Sensor | EventType=application
[2026-08-16 19:59:12.029 (UTC)] info/application	[Sensor] Updated distance: 20.9985789372579 cm | Severity=75 | SourceName=Sensor | EventType=application
[2026-08-16 19:59:13.029 (UTC)] info/application	[Sensor] Updated distance: 21.6360608149022 cm | Severity=75 | SourceName=Sensor | EventType=application
[2026-08-16 19:59:14.029 (UTC)] info/application	[Sensor] Updated distance: 21.2658081898772 cm | Severity=75 | SourceName=Sensor | EventType=application
[2026-08-16 19:59:15.029 (UTC)] info/application	[Sensor] Updated distance: 21.2445860597047 cm | Severity=75 | SourceName=Sensor | EventType=application
[2026-08-16 19:59:16.029 (UTC)] info/application	[Sensor] Updated distance: 21.1119260965436 cm | Severity=75 | SourceName=Sensor | EventType=application
[2026-08-16 19:59:17.038 (UTC)] info/application	[Sensor] Updated distance: 20.4366822475273 cm | Severity=75 | SourceName=Sensor | EventType=application
[2026-08-16 19:59:18.029 (UTC)] info/application	[Sensor] Updated distance: 19.0201405403298 cm | Severity=75 | SourceName=Sensor | EventType=application
[2026-08-16 19:59:19.038 (UTC)] info/application	[Sensor] Updated distance: 19.8361656001472 cm | Severity=75 | SourceName=Sensor | EventType=application
[2026-08-16 19:59:20.038 (UTC)] info/application	[Sensor] Updated distance: 20.0576557982981 cm | Severity=75 | SourceName=Sensor | EventType=application
[2026-08-16 19:59:21.029 (UTC)] info/application	[Sensor] Updated distance: 20.2383172110367 cm | Severity=75 | SourceName=Sensor | EventType=application
[2026-08-16 19:59:22.029 (UTC)] info/application	[Sensor] Updated distance: 20.662812158774 cm | Severity=75 | SourceName=Sensor | EventType=application
[2026-08-16 19:59:23.029 (UTC)] info/application	[Sensor] Updated distance: 20.5121049718056 cm | Severity=75 | SourceName=Sensor | EventType=application
[2026-08-16 19:59:24.030 (UTC)] info/application	[Sensor] Updated distance: 20.6764773710987 cm | Severity=75 | SourceName=Sensor | EventType=application
[2026-08-16 19:59:25.031 (UTC)] info/application	[Sensor] Updated distance: 22.0503784467235 cm | Severity=75 | SourceName=Sensor | EventType=application
[2026-08-16 19:59:26.031 (UTC)] info/application	[Sensor] Updated distance: 21.0188213843009 cm | Severity=75 | SourceName=Sensor | EventType=application
[2026-08-16 19:59:27.031 (UTC)] info/application	[Sensor] Updated distance: 21.0607655879859 cm | Severity=75 | SourceName=Sensor | EventType=application
[2026-08-16 19:59:28.031 (UTC)] info/application	[Sensor] Updated distance: 20.6419447290906 cm | Severity=75 | SourceName=Sensor | EventType=application
[2026-08-16 19:59:29.031 (UTC)] info/application	[Sensor] Updated distance: 21.520217420077 cm | Severity=75 | SourceName=Sensor | EventType=application
[2026-08-16 19:59:30.031 (UTC)] info/application	[Sensor] Updated distance: 22.0330121666347 cm | Severity=75 | SourceName=Sensor | EventType=application
[2026-08-16 19:59:31.031 (UTC)] info/application	[Sensor] Updated distance: 23.5008257059384 cm | Severity=75 | SourceName=Sensor | EventType=application
[2026-08-16 19:59:32.032 (UTC)] info/application	[Sensor] Updated distance: 23.7731516593011 cm | Severity=75 | SourceName=Sensor | EventType=application
[2026-08-16 19:59:33.032 (UTC)] info/application	[Sensor] Updated distance: 23.6774430159374 cm | Severity=75 | SourceName=Sensor | EventType=application
[2026-08-16 19:59:34.033 (UTC)] info/application	[Sensor] Updated distance: 22.5791956175022 cm | Severity=75 | SourceName=Sensor | EventType=application
[2026-08-16 19:59:35.033 (UTC)] info/application	[Sensor] Updated distance: 23.8384368342061 cm | Severity=75 | SourceName=Sensor | EventType=application
[2026-08-16 19:59:36.033 (UTC)] info/application	[Sensor] Updated distance: 23.47546232607 cm | Severity=75 | SourceName=Sensor | EventType=application
[2026-08-16 19:59:37.033 (UTC)] info/application	[Sensor] Updated distance: 23.7324956479634 cm | Severity=75 | SourceName=Sensor | EventType=application
[2026-08-16 19:59:38.033 (UTC)] info/application	[Sensor] Updated distance: 24.8192596769981 cm | Severity=75 | SourceName=Sensor | EventType=application
[2026-08-16 19:59:39.033 (UTC)] info/application	[Sensor] Updated distance: 25.3658997802371 cm | Severity=75 | SourceName=Sensor | EventType=application
[2026-08-16 19:59:40.034 (UTC)] info/application	[Sensor] Updated distance: 26.8521302802731 cm | Severity=75 | SourceName=Sensor | EventType=application
[2026-08-16 19:59:41.034 (UTC)] info/application	[Sensor] Updated distance: 27.9179272257806 cm | Severity=75 | SourceName=Sensor | EventType=application
[2026-08-16 19:59:42.035 (UTC)] info/application	[Sensor] Updated distance: 27.8046079202576 cm | Severity=75 | SourceName=Sensor | EventType=application
[2026-08-16 19:59:43.035 (UTC)] info/application	[Sensor] Updated distance: 27.9528498609796 cm | Severity=75 | SourceName=Sensor | EventType=application
[2026-08-16 19:59:44.036 (UTC)] info/application	[Sensor] Updated distance: 28.1561286827345 cm | Severity=75 | SourceName=Sensor | EventType=application
[2026-08-16 19:59:45.036 (UTC)] info/application	[Sensor] Updated distance: 29.1725567535835 cm | Severity=75 | SourceName=Sensor | EventType=application
[2026-08-16 19:59:46.037 (UTC)] info/application	[Sensor] Updated distance: 27.799576562736 cm | Severity=75 | SourceName=Sensor | EventType=application
[2026-08-16 19:59:47.037 (UTC)] info/application	[Sensor] Updated distance: 26.3701954213298 cm | Severity=75 | SourceName=Sensor | EventType=application
[2026-08-16 19:59:48.037 (UTC)] info/application	[Sensor] Updated distance: 25.2113796417654 cm | Severity=75 | SourceName=Sensor | EventType=application
[2026-08-16 19:59:49.038 (UTC)] info/application	[Sensor] Updated distance: 23.9218577437204 cm | Severity=75 | SourceName=Sensor | EventType=application
[2026-08-16 19:59:50.038 (UTC)] info/application	[Sensor] Updated distance: 24.8085016621316 cm | Severity=75 | SourceName=Sensor | EventType=application
[2026-08-16 19:59:51.039 (UTC)] info/application	[Sensor] Updated distance: 25.3711760807182 cm | Severity=75 | SourceName=Sensor | EventType=application
[2026-08-16 19:59:52.029 (UTC)] info/application	[Sensor] Updated distance: 25.7623155954118 cm | Severity=75 | SourceName=Sensor | EventType=application
[2026-08-16 19:59:53.029 (UTC)] info/application	[Sensor] Updated distance: 25.5734544601633 cm | Severity=75 | SourceName=Sensor | EventType=application
[2026-08-16 19:59:54.029 (UTC)] info/application	[Sensor] Updated distance: 24.4854216903846 cm | Severity=75 | SourceName=Sensor | EventType=application
[2026-08-16 19:59:55.030 (UTC)] info/application	[Sensor] Updated distance: 23.5409336043712 cm | Severity=75 | SourceName=Sensor | EventType=application
[2026-08-16 19:59:56.031 (UTC)] info/application	[Sensor] Updated distance: 23.2259735433506 cm | Severity=75 | SourceName=Sensor | EventType=application
[2026-08-16 19:59:57.031 (UTC)] info/application	[Sensor] Updated distance: 22.6063837111491 cm | Severity=75 | SourceName=Sensor | EventType=application
[2026-08-16 19:59:58.031 (UTC)] info/application	[Sensor] Updated distance: 23.2038398288208 cm | Severity=75 | SourceName=Sensor | EventType=application
[2026-08-16 19:59:59.031 (UTC)] info/application	[Sensor] Updated distance: 23.9700589103019 cm | Severity=75 | SourceName=Sensor | EventType=application
[2026-08-16 20:00:00.032 (UTC)] info/application	[Sensor] Updated distance: 22.7287417676899 cm | Severity=75 | SourceName=Sensor | EventType=application
[2026-08-16 20:00:01.032 (UTC)] info/application	[Sensor] Updated distance: 22.3389926305222 cm | Severity=75 | SourceName=Sensor | EventType=application
[2026-08-16 20:00:02.033 (UTC)] info/application	[Sensor] Updated distance: 23.0730252499101 cm | Severity=75 | SourceName=Sensor | EventType=application
[2026-08-16 20:00:03.033 (UTC)] info/application	[Sensor] Updated distance: 23.6040340620577 cm | Severity=75 | SourceName=Sensor | EventType=application
[2026-08-16 20:00:04.033 (UTC)] info/application	[Sensor] Updated distance: 24.6185762815264 cm | Severity=75 | SourceName=Sensor | EventType=application
[2026-08-16 20:00:05.033 (UTC)] info/application	[Sensor] Updated distance: 25.754361502479 cm | Severity=75 | SourceName=Sensor | EventType=application
[2026-08-16 20:00:06.033 (UTC)] info/application	[Sensor] Updated distance: 26.0446115299336 cm | Severity=75 | SourceName=Sensor | EventType=application
[2026-08-16 20:00:07.033 (UTC)] info/application	[Sensor] Updated distance: 25.1961792398692 cm | Severity=75 | SourceName=Sensor | EventType=application
[2026-08-16 20:00:08.033 (UTC)] info/application	[Sensor] Updated distance: 25.0889977813181 cm | Severity=75 | SourceName=Sensor | EventType=application
[2026-08-16 20:00:09.033 (UTC)] info/application	[Sensor] Updated distance: 24.9660118378075 cm | Severity=75 | SourceName=Sensor | EventType=application
[2026-08-16 20:00:10.032 (UTC)] info/application	[Sensor] Updated distance: 26.164219650982 cm | Severity=75 | SourceName=Sensor | EventType=application
[2026-08-16 20:00:11.032 (UTC)] info/application	[Sensor] Updated distance: 26.04326869107 cm | Severity=75 | SourceName=Sensor | EventType=application
[2026-08-16 20:00:12.032 (UTC)] info/application	[Sensor] Updated distance: 25.4860796916699 cm | Severity=75 | SourceName=Sensor | EventType=application
[2026-08-16 20:00:13.032 (UTC)] info/application	[Sensor] Updated distance: 25.0709681993215 cm | Severity=75 | SourceName=Sensor | EventType=application
[2026-08-16 20:00:14.032 (UTC)] info/application	[Sensor] Updated distance: 23.5982591787345 cm | Severity=75 | SourceName=Sensor | EventType=application
[2026-08-16 20:00:15.032 (UTC)] info/application	[Sensor] Updated distance: 24.7443490024862 cm | Severity=75 | SourceName=Sensor | EventType=application
[2026-08-16 20:00:16.032 (UTC)] info/application	[Sensor] Updated distance: 23.8456655795899 cm | Severity=75 | SourceName=Sensor | EventType=application
[2026-08-16 20:00:17.032 (UTC)] info/application	[Sensor] Updated distance: 22.4999763681553 cm | Severity=75 | SourceName=Sensor | EventType=application
[2026-08-16 20:00:18.032 (UTC)] info/application	[Sensor] Updated distance: 23.7166850505009 cm | Severity=75 | SourceName=Sensor | EventType=application
[2026-08-16 20:00:19.031 (UTC)] info/application	[Sensor] Updated distance: 23.1591858480401 cm | Severity=75 | SourceName=Sensor | EventType=application
[2026-08-16 20:00:20.031 (UTC)] info/application	[Sensor] Updated distance: 22.0239747385606 cm | Severity=75 | SourceName=Sensor | EventType=application
[2026-08-16 20:00:21.031 (UTC)] info/application	[Sensor] Updated distance: 22.6273273379203 cm | Severity=75 | SourceName=Sensor | EventType=application
[2026-08-16 20:00:22.030 (UTC)] info/application	[Sensor] Updated distance: 21.1325025526492 cm | Severity=75 | SourceName=Sensor | EventType=application
[2026-08-16 20:00:23.030 (UTC)] info/application	[Sensor] Updated distance: 21.8884309592603 cm | Severity=75 | SourceName=Sensor | EventType=application
[2026-08-16 20:00:24.030 (UTC)] info/application	[Sensor] Updated distance: 20.8029224219746 cm | Severity=75 | SourceName=Sensor | EventType=application
[2026-08-16 20:00:25.029 (UTC)] info/application	[Sensor] Updated distance: 19.7200648669247 cm | Severity=75 | SourceName=Sensor | EventType=application
[2026-08-16 20:00:26.029 (UTC)] info/application	[Sensor] Updated distance: 21.0315051875224 cm | Severity=75 | SourceName=Sensor | EventType=application
[2026-08-16 20:00:27.029 (UTC)] info/application	[Sensor] Updated distance: 21.131036590613 cm | Severity=75 | SourceName=Sensor | EventType=application
[2026-08-16 20:00:28.029 (UTC)] info/application	[Sensor] Updated distance: 20.9285892033617 cm | Severity=75 | SourceName=Sensor | EventType=application
[2026-08-16 20:00:29.039 (UTC)] info/application	[Sensor] Updated distance: 21.3374856402341 cm | Severity=75 | SourceName=Sensor | EventType=application
[2026-08-16 20:00:30.038 (UTC)] info/application	[Sensor] Updated distance: 20.7032361234088 cm | Severity=75 | SourceName=Sensor | EventType=application
[2026-08-16 20:00:31.038 (UTC)] info/application	[Sensor] Updated distance: 20.7594715935455 cm | Severity=75 | SourceName=Sensor | EventType=application
[2026-08-16 20:00:32.038 (UTC)] info/application	[Sensor] Updated distance: 19.2786188918532 cm | Severity=75 | SourceName=Sensor | EventType=application
[2026-08-16 20:00:33.037 (UTC)] info/application	[Sensor] Updated distance: 17.8784019930188 cm | Severity=75 | SourceName=Sensor | EventType=application
[2026-08-16 20:00:34.037 (UTC)] info/application	[Sensor] Updated distance: 16.9656462739062 cm | Severity=75 | SourceName=Sensor | EventType=application
[2026-08-16 20:00:35.037 (UTC)] info/application	[Sensor] Updated distance: 17.9993357916825 cm | Severity=75 | SourceName=Sensor | EventType=application
[2026-08-16 20:00:36.037 (UTC)] info/application	[Sensor] Updated distance: 19.2349041138007 cm | Severity=75 | SourceName=Sensor | EventType=application
[2026-08-16 20:00:37.037 (UTC)] info/application	[Sensor] Updated distance: 20.1123984235397 cm | Severity=75 | SourceName=Sensor | EventType=application
[2026-08-16 20:00:38.037 (UTC)] info/application	[Sensor] Updated distance: 18.7976556498546 cm | Severity=75 | SourceName=Sensor | EventType=application
[2026-08-16 20:00:39.036 (UTC)] info/application	[Sensor] Updated distance: 18.4260425120248 cm | Severity=75 | SourceName=Sensor | EventType=application
[2026-08-16 20:00:40.036 (UTC)] info/application	[Sensor] Updated distance: 17.6805508768561 cm | Severity=75 | SourceName=Sensor | EventType=application
[2026-08-16 20:00:41.036 (UTC)] info/application	[Sensor] Updated distance: 19.0640159177426 cm | Severity=75 | SourceName=Sensor | EventType=application
[2026-08-16 20:00:42.035 (UTC)] info/application	[Sensor] Updated distance: 20.0714518213977 cm | Severity=75 | SourceName=Sensor | EventType=application
[2026-08-16 20:00:43.035 (UTC)] info/application	[Sensor] Updated distance: 20.268771186829 cm | Severity=75 | SourceName=Sensor | EventType=application
[2026-08-16 20:00:44.035 (UTC)] info/application	[Sensor] Updated distance: 19.7371247339701 cm | Severity=75 | SourceName=Sensor | EventType=application
[2026-08-16 20:00:45.035 (UTC)] info/application	[Sensor] Updated distance: 20.7718516170382 cm | Severity=75 | SourceName=Sensor | EventType=application
[2026-08-16 20:00:46.035 (UTC)] info/application	[Sensor] Updated distance: 20.6152608048242 cm | Severity=75 | SourceName=Sensor | EventType=application
[2026-08-16 20:00:47.034 (UTC)] info/application	[Sensor] Updated distance: 20.6849309290689 cm | Severity=75 | SourceName=Sensor | EventType=application
[2026-08-16 20:00:48.034 (UTC)] info/application	[Sensor] Updated distance: 21.8739686020994 cm | Severity=75 | SourceName=Sensor | EventType=application
[2026-08-16 20:00:49.034 (UTC)] info/application	[Sensor] Updated distance: 21.434086470834 cm | Severity=75 | SourceName=Sensor | EventType=application
[2026-08-16 20:00:50.034 (UTC)] info/application	[Sensor] Updated distance: 22.446257392618 cm | Severity=75 | SourceName=Sensor | EventType=application
[2026-08-16 20:00:51.034 (UTC)] info/application	[Sensor] Updated distance: 21.000083954772 cm | Severity=75 | SourceName=Sensor | EventType=application
[2026-08-16 20:00:52.034 (UTC)] info/application	[Sensor] Updated distance: 19.6635544214694 cm | Severity=75 | SourceName=Sensor | EventType=application
[2026-08-16 20:00:53.034 (UTC)] info/application	[Sensor] Updated distance: 20.6809005579822 cm | Severity=75 | SourceName=Sensor | EventType=application
[2026-08-16 20:00:54.034 (UTC)] info/application	[Sensor] Updated distance: 21.4906555267473 cm | Severity=75 | SourceName=Sensor | EventType=application
[2026-08-16 20:00:55.034 (UTC)] info/application	[Sensor] Updated distance: 20.5686174575559 cm | Severity=75 | SourceName=Sensor | EventType=application
[2026-08-16 20:00:56.035 (UTC)] info/application	[Sensor] Updated distance: 22.0031060390189 cm | Severity=75 | SourceName=Sensor | EventType=application
[2026-08-16 20:00:57.034 (UTC)] info/application	[Sensor] Updated distance: 22.6243013269847 cm | Severity=75 | SourceName=Sensor | EventType=application
[2026-08-16 20:00:58.035 (UTC)] info/application	[Sensor] Updated distance: 23.3017946608839 cm | Severity=75 | SourceName=Sensor | EventType=application
[2026-08-16 20:00:59.035 (UTC)] info/application	[Sensor] Updated distance: 23.0338358536986 cm | Severity=75 | SourceName=Sensor | EventType=application
[2026-08-16 20:01:00.036 (UTC)] info/application	[Sensor] Updated distance: 22.5639275771398 cm | Severity=75 | SourceName=Sensor | EventType=application
[2026-08-16 20:01:01.036 (UTC)] info/application	[Sensor] Updated distance: 21.1071713928167 cm | Severity=75 | SourceName=Sensor | EventType=application
[2026-08-16 20:01:02.036 (UTC)] info/application	[Sensor] Updated distance: 22.3954480557681 cm | Severity=75 | SourceName=Sensor | EventType=application
[2026-08-16 20:01:03.037 (UTC)] info/application	[Sensor] Updated distance: 21.944687077517 cm | Severity=75 | SourceName=Sensor | EventType=application
[2026-08-16 20:01:04.038 (UTC)] info/application	[Sensor] Updated distance: 20.5877139943595 cm | Severity=75 | SourceName=Sensor | EventType=application
[2026-08-16 20:01:05.038 (UTC)] info/application	[Sensor] Updated distance: 19.4632349381983 cm | Severity=75 | SourceName=Sensor | EventType=application
[2026-08-16 20:01:06.038 (UTC)] info/application	[Sensor] Updated distance: 18.5461634763266 cm | Severity=75 | SourceName=Sensor | EventType=application
[2026-08-16 20:01:07.039 (UTC)] info/application	[Sensor] Updated distance: 19.9247587152872 cm | Severity=75 | SourceName=Sensor | EventType=application
[2026-08-16 20:01:08.029 (UTC)] info/application	[Sensor] Updated distance: 21.1777739688651 cm | Severity=75 | SourceName=Sensor | EventType=application
[2026-08-16 20:01:09.029 (UTC)] info/application	[Sensor] Updated distance: 20.4459597347053 cm | Severity=75 | SourceName=Sensor | EventType=application
[2026-08-16 20:01:10.029 (UTC)] info/application	[Sensor] Updated distance: 19.952941834439 cm | Severity=75 | SourceName=Sensor | EventType=application
[2026-08-16 20:01:11.029 (UTC)] info/application	[Sensor] Updated distance: 18.9604654514512 cm | Severity=75 | SourceName=Sensor | EventType=application
[2026-08-16 20:01:12.029 (UTC)] info/application	[Sensor] Updated distance: 18.112116256781 cm | Severity=75 | SourceName=Sensor | EventType=application
[2026-08-16 20:01:13.029 (UTC)] info/application	[Sensor] Updated distance: 17.1265342587729 cm | Severity=75 | SourceName=Sensor | EventType=application
[2026-08-16 20:01:14.029 (UTC)] info/application	[Sensor] Updated distance: 17.8313772412163 cm | Severity=75 | SourceName=Sensor | EventType=application
[2026-08-16 20:01:15.029 (UTC)] info/application	[Sensor] Updated distance: 17.9513815936872 cm | Severity=75 | SourceName=Sensor | EventType=application
[2026-08-16 20:01:16.029 (UTC)] info/application	[Sensor] Updated distance: 16.5005264787471 cm | Severity=75 | SourceName=Sensor | EventType=application
[2026-08-16 20:01:17.029 (UTC)] info/application	[Sensor] Updated distance: 15.5487786489766 cm | Severity=75 | SourceName=Sensor | EventType=application
[2026-08-16 20:01:18.029 (UTC)] info/application	[Sensor] Updated distance: 14.2384531242952 cm | Severity=75 | SourceName=Sensor | EventType=application
[2026-08-16 20:01:19.029 (UTC)] info/application	[Sensor] Updated distance: 15.4766356823857 cm | Severity=75 | SourceName=Sensor | EventType=application
[2026-08-16 20:01:20.030 (UTC)] info/application	[Sensor] Updated distance: 15.5850057213497 cm | Severity=75 | SourceName=Sensor | EventType=application
[2026-08-16 20:01:21.030 (UTC)] info/application	[Sensor] Updated distance: 16.7868511184523 cm | Severity=75 | SourceName=Sensor | EventType=application
[2026-08-16 20:01:22.030 (UTC)] info/application	[Sensor] Updated distance: 18.0788602386968 cm | Severity=75 | SourceName=Sensor | EventType=application
[2026-08-16 20:01:23.030 (UTC)] info/application	[Sensor] Updated distance: 18.3507007457552 cm | Severity=75 | SourceName=Sensor | EventType=application
[2026-08-16 20:01:24.030 (UTC)] info/application	[Sensor] Updated distance: 19.0698922779736 cm | Severity=75 | SourceName=Sensor | EventType=application
[2026-08-16 20:01:25.030 (UTC)] info/application	[Sensor] Updated distance: 19.6716563669833 cm | Severity=75 | SourceName=Sensor | EventType=application
[2026-08-16 20:01:26.031 (UTC)] info/application	[Sensor] Updated distance: 20.5214588048502 cm | Severity=75 | SourceName=Sensor | EventType=application
[2026-08-16 20:01:27.032 (UTC)] info/application	[Sensor] Updated distance: 21.1751389171347 cm | Severity=75 | SourceName=Sensor | EventType=application
[2026-08-16 20:01:28.032 (UTC)] info/application	[Sensor] Updated distance: 20.8980982927131 cm | Severity=75 | SourceName=Sensor | EventType=application
[2026-08-16 20:01:29.032 (UTC)] info/application	[Sensor] Updated distance: 20.9253940630822 cm | Severity=75 | SourceName=Sensor | EventType=application
[2026-08-16 20:01:30.032 (UTC)] info/application	[Sensor] Updated distance: 19.8111153667844 cm | Severity=75 | SourceName=Sensor | EventType=application
[2026-08-16 20:01:31.033 (UTC)] info/application	[Sensor] Updated distance: 20.564166467201 cm | Severity=75 | SourceName=Sensor | EventType=application
[2026-08-16 20:01:32.033 (UTC)] info/application	[Sensor] Updated distance: 20.6347060532471 cm | Severity=75 | SourceName=Sensor | EventType=application
[2026-08-16 20:01:33.033 (UTC)] info/application	[Sensor] Updated distance: 19.3087040185037 cm | Severity=75 | SourceName=Sensor | EventType=application
[2026-08-16 20:01:34.033 (UTC)] info/application	[Sensor] Updated distance: 18.1109941392722 cm | Severity=75 | SourceName=Sensor | EventType=application
[2026-08-16 20:01:35.033 (UTC)] info/application	[Sensor] Updated distance: 18.3245606421607 cm | Severity=75 | SourceName=Sensor | EventType=application
[2026-08-16 20:01:36.033 (UTC)] info/application	[Sensor] Updated distance: 17.3740795512563 cm | Severity=75 | SourceName=Sensor | EventType=application
[2026-08-16 20:01:37.033 (UTC)] info/application	[Sensor] Updated distance: 16.75929821155 cm | Severity=75 | SourceName=Sensor | EventType=application
[2026-08-16 20:01:38.033 (UTC)] info/application	[Sensor] Updated distance: 16.8514599520021 cm | Severity=75 | SourceName=Sensor | EventType=application
[2026-08-16 20:01:39.033 (UTC)] info/application	[Sensor] Updated distance: 15.6539941132786 cm | Severity=75 | SourceName=Sensor | EventType=application
[2026-08-16 20:01:40.033 (UTC)] info/application	[Sensor] Updated distance: 15.8073985394125 cm | Severity=75 | SourceName=Sensor | EventType=application
[2026-08-16 20:01:41.033 (UTC)] info/application	[Sensor] Updated distance: 16.9065423795984 cm | Severity=75 | SourceName=Sensor | EventType=application
[2026-08-16 20:01:42.033 (UTC)] info/application	[Sensor] Updated distance: 16.216600157887 cm | Severity=75 | SourceName=Sensor | EventType=application
[2026-08-16 20:01:43.033 (UTC)] info/application	[Sensor] Updated distance: 17.0216553893507 cm | Severity=75 | SourceName=Sensor | EventType=application
[2026-08-16 20:01:44.034 (UTC)] info/application	[Sensor] Updated distance: 15.6352172315285 cm | Severity=75 | SourceName=Sensor | EventType=application
[2026-08-16 20:01:45.034 (UTC)] info/application	[Sensor] Updated distance: 14.1501179922605 cm | Severity=75 | SourceName=Sensor | EventType=application
[2026-08-16 20:01:46.034 (UTC)] info/application	[Sensor] Updated distance: 13.5751775747981 cm | Severity=75 | SourceName=Sensor | EventType=application
[2026-08-16 20:01:47.035 (UTC)] info/application	[Sensor] Updated distance: 12.2378843020358 cm | Severity=75 | SourceName=Sensor | EventType=application
[2026-08-16 20:01:48.036 (UTC)] info/application	[Sensor] Updated distance: 11.3010372329974 cm | Severity=75 | SourceName=Sensor | EventType=application
[2026-08-16 20:01:49.036 (UTC)] info/application	[Sensor] Updated distance: 10.9157712908535 cm | Severity=75 | SourceName=Sensor | EventType=application
[2026-08-16 20:01:50.036 (UTC)] info/application	[Sensor] Updated distance: 12.3166605761818 cm | Severity=75 | SourceName=Sensor | EventType=application
[2026-08-16 20:01:51.035 (UTC)] info/application	[Sensor] Updated distance: 12.9881835461073 cm | Severity=75 | SourceName=Sensor | EventType=application
[2026-08-16 20:01:52.036 (UTC)] info/application	[Sensor] Updated distance: 12.3047629996691 cm | Severity=75 | SourceName=Sensor | EventType=application
[2026-08-16 20:01:53.036 (UTC)] info/application	[Sensor] Updated distance: 13.4976614038449 cm | Severity=75 | SourceName=Sensor | EventType=application
[2026-08-16 20:01:54.037 (UTC)] info/application	[Sensor] Updated distance: 12.9410248794318 cm | Severity=75 | SourceName=Sensor | EventType=application
[2026-08-16 20:01:55.038 (UTC)] info/application	[Sensor] Updated distance: 11.476795863815 cm | Severity=75 | SourceName=Sensor | EventType=application
[2026-08-16 20:01:56.029 (UTC)] info/application	[Sensor] Updated distance: 11.7714583556035 cm | Severity=75 | SourceName=Sensor | EventType=applica