[2026-08-17 03:56:42.908 (UTC+0800)] [33mwarn/server[0m	AccessControl: Unconfigured AccessControl. Users have all permissions.
[2026-08-17 03:56:42.908 (UTC+0800)] [32minfo/server[0m	AccessControl: Anonymous login is enabled
[2026-08-17 03:56:42.908 (UTC+0800)] [33mwarn/server[0m	x509 Certificate Authentication configured, but no encrypting SecurityPolicy. This can leak credentials on the network.
[2026-08-17 03:56:42.942 (UTC+0800)] [33mwarn/application[0m	ServerUrls already set. Overriding.
[2026-08-17 03:56:42.942 (UTC+0800)] [33mwarn/server[0m	AccessControl: Unconfigured AccessControl. Users have all permissions.
[2026-08-17 03:56:42.942 (UTC+0800)] [32minfo/server[0m	AccessControl: Anonymous login is enabled
[2026-08-17 03:56:42.942 (UTC+0800)] [33mwarn/server[0m	x509 Certificate Authentication configured, but no encrypting SecurityPolicy. This can leak credentials on the network.
[2026-08-17 03:56:42.942 (UTC+0800)] [33mwarn/server[0m	x509 Certificate Authentication configured, but no encrypting SecurityPolicy. This can leak credentials on the network.
[2026-08-16 19:56:42.942 (UTC)] info/application	Sensor Server online (Client/Server mode, id=2 port=4843) | Severity=75 | SourceName=Sensor2 | EventType=application
Entering background polling mode: attempting to connect to Aggregation Server...
Connected successfully. Log forwarding started.
[2026-08-16 19:56:43.944 (UTC)] info/application	[Sensor] Updated distance: 25.3278393851723 cm | Severity=75 | SourceName=Sensor2 | EventType=application
[2026-08-16 19:56:44.913 (UTC)] info/network	[System] TCP 16	| Connection opened from "127.0.0.1" via the server socket 8 | Severity=75 | SourceName=System | EventType=network
[2026-08-16 19:56:44.913 (UTC)] info/channel	[System] TCP 16	| SC 1	| SecureChannel created | Severity=75 | SourceName=System | EventType=channel
[2026-08-16 19:56:46.029 (UTC)] info/application	[Sensor] Updated distance: 25.479551595859 cm | Severity=75 | SourceName=Sensor2 | EventType=application
[2026-08-16 19:56:46.049 (UTC)] info/channel	[System] TCP 16	| SC 1	| OpenSecureChannel: Channel opened with SecurityMode None for SecurityPolicy http://opcfoundation.org/UA/SecurityPolicy#None and a revised lifetime of 600.0s | Severity=75 | SourceName=System | EventType=channel
[2026-08-16 19:56:46.070 (UTC)] warn/client	[System] Removing a UserTokenPolicy that would allow the password to be transmitted without encryption (Can be enabled via config->allowNonePolicyPassword) | Severity=175 | SourceName=System | EventType=client
[2026-08-16 19:56:46.070 (UTC)] warn/client	[System] Removing a UserTokenPolicy that would allow the password to be transmitted without encryption (Can be enabled via config->allowNonePolicyPassword) | Severity=175 | SourceName=System | EventType=client
[2026-08-16 19:56:46.080 (UTC)] warn/client	[System] Removing a UserTokenPolicy that would allow the password to be transmitted without encryption (Can be enabled via config->allowNonePolicyPassword) | Severity=175 | SourceName=System | EventType=client
[2026-08-16 19:56:46.080 (UTC)] warn/client	[System] Removing a UserTokenPolicy that would allow the password to be transmitted without encryption (Can be enabled via config->allowNonePolicyPassword) | Severity=175 | SourceName=System | EventType=client
[2026-08-16 19:56:46.081 (UTC)] info/session	[System] TCP 16	| SC 1	| Session "ns=1;g=1cc7f219-694d-44d5-6126-a2ea4434c3cc"	| Session created | Severity=75 | SourceName=System | EventType=session
[2026-08-16 19:56:46.091 (UTC)] info/session	[System] TCP 16	| SC 1	| Session "ns=1;g=1cc7f219-694d-44d5-6126-a2ea4434c3cc"	| ActivateSession: Session activated with ClientUserId "" | Severity=75 | SourceName=System | EventType=session
[2026-08-16 19:56:46.477 (UTC)] info/session	[System] TCP 16	| SC 1	| Session "ns=1;g=1cc7f219-694d-44d5-6126-a2ea4434c3cc"	| Subscription 1 | Subscription created (Publishing interval 500.0ms, max 1000 notifications per publish) | Severity=75 | SourceName=System | EventType=session
[2026-08-16 19:56:46.497 (UTC)] info/session	[System] TCP 16	| SC 1	| Session "ns=1;g=1cc7f219-694d-44d5-6126-a2ea4434c3cc"	| Subscription 1 | MonitoredItem 1 | Created the MonitoredItem (Sampling Interval: 250.0ms, Queue Size: 1) | Severity=75 | SourceName=System | EventType=session
[2026-08-16 19:56:47.033 (UTC)] info/application	[Sensor] Updated distance: 26.6874373402388 cm | Severity=75 | SourceName=Sensor2 | EventType=application
[2026-08-16 19:56:48.033 (UTC)] info/application	[Sensor] Updated distance: 26.9683482497783 cm | Severity=75 | SourceName=Sensor2 | EventType=application
[2026-08-16 19:56:49.033 (UTC)] info/application	[Sensor] Updated distance: 25.5680427248907 cm | Severity=75 | SourceName=Sensor2 | EventType=application
[2026-08-16 19:56:50.033 (UTC)] info/application	[Sensor] Updated distance: 24.6347468502981 cm | Severity=75 | SourceName=Sensor2 | EventType=application
[2026-08-16 19:56:51.033 (UTC)] info/application	[Sensor] Updated distance: 25.8936430552945 cm | Severity=75 | SourceName=Sensor2 | EventType=application
[2026-08-16 19:56:52.033 (UTC)] info/application	[Sensor] Updated distance: 25.198211912158 cm | Severity=75 | SourceName=Sensor2 | EventType=application
[2026-08-16 19:56:53.033 (UTC)] info/application	[Sensor] Updated distance: 23.8566966370478 cm | Severity=75 | SourceName=Sensor2 | EventType=application
[2026-08-16 19:56:54.033 (UTC)] info/application	[Sensor] Updated distance: 24.7595127726717 cm | Severity=75 | SourceName=Sensor2 | EventType=application
[2026-08-16 19:56:55.033 (UTC)] info/application	[Sensor] Updated distance: 23.7896051682949 cm | Severity=75 | SourceName=Sensor2 | EventType=application
[2026-08-16 19:56:56.033 (UTC)] info/application	[Sensor] Updated distance: 23.5006281409881 cm | Severity=75 | SourceName=Sensor2 | EventType=application
[2026-08-16 19:56:57.033 (UTC)] info/application	[Sensor] Updated distance: 22.9268050912892 cm | Severity=75 | SourceName=Sensor2 | EventType=application
[2026-08-16 19:56:58.033 (UTC)] info/application	[Sensor] Updated distance: 21.5148802732652 cm | Severity=75 | SourceName=Sensor2 | EventType=application
[2026-08-16 19:56:59.033 (UTC)] info/application	[Sensor] Updated distance: 22.4295433461338 cm | Severity=75 | SourceName=Sensor2 | EventType=application
[2026-08-16 19:57:00.033 (UTC)] info/application	[Sensor] Updated distance: 22.356473534534 cm | Severity=75 | SourceName=Sensor2 | EventType=application
[2026-08-16 19:57:01.033 (UTC)] info/application	[Sensor] Updated distance: 21.2308380104279 cm | Severity=75 | SourceName=Sensor2 | EventType=application
[2026-08-16 19:57:02.033 (UTC)] info/application	[Sensor] Updated distance: 22.0854755044382 cm | Severity=75 | SourceName=Sensor2 | EventType=application
[2026-08-16 19:57:03.034 (UTC)] info/application	[Sensor] Updated distance: 22.6221556072692 cm | Severity=75 | SourceName=Sensor2 | EventType=application
[2026-08-16 19:57:04.034 (UTC)] info/application	[Sensor] Updated distance: 21.7515162205098 cm | Severity=75 | SourceName=Sensor2 | EventType=application
[2026-08-16 19:57:05.034 (UTC)] info/application	[Sensor] Updated distance: 20.6872215718903 cm | Severity=75 | SourceName=Sensor2 | EventType=application
[2026-08-16 19:57:06.034 (UTC)] info/application	[Sensor] Updated distance: 21.3201044291817 cm | Severity=75 | SourceName=Sensor2 | EventType=application
[2026-08-16 19:57:07.034 (UTC)] info/application	[Sensor] Updated distance: 20.1496038686715 cm | Severity=75 | SourceName=Sensor2 | EventType=application
[2026-08-16 19:57:08.034 (UTC)] info/application	[Sensor] Updated distance: 19.8301541865012 cm | Severity=75 | SourceName=Sensor2 | EventType=application
[2026-08-16 19:57:09.034 (UTC)] info/application	[Sensor] Updated distance: 19.1066827064411 cm | Severity=75 | SourceName=Sensor2 | EventType=application
[2026-08-16 19:57:10.034 (UTC)] info/application	[Sensor] Updated distance: 17.8758414396438 cm | Severity=75 | SourceName=Sensor2 | EventType=application
[2026-08-16 19:57:11.035 (UTC)] info/application	[Sensor] Updated distance: 16.5914670722985 cm | Severity=75 | SourceName=Sensor2 | EventType=application
[2026-08-16 19:57:12.035 (UTC)] info/application	[Sensor] Updated distance: 15.9682694328801 cm | Severity=75 | SourceName=Sensor2 | EventType=application
[2026-08-16 19:57:13.035 (UTC)] info/application	[Sensor] Updated distance: 16.8915096611676 cm | Severity=75 | SourceName=Sensor2 | EventType=application
[2026-08-16 19:57:14.036 (UTC)] info/application	[Sensor] Updated distance: 18.0337573643931 cm | Severity=75 | SourceName=Sensor2 | EventType=application
[2026-08-16 19:57:15.036 (UTC)] info/application	[Sensor] Updated distance: 18.6636882662604 cm | Severity=75 | SourceName=Sensor2 | EventType=application
[2026-08-16 19:57:16.035 (UTC)] info/application	[Sensor] Updated distance: 17.4147678797202 cm | Severity=75 | SourceName=Sensor2 | EventType=application
[2026-08-16 19:57:17.035 (UTC)] info/application	[Sensor] Updated distance: 17.2087277922354 cm | Severity=75 | SourceName=Sensor2 | EventType=application
[2026-08-16 19:57:18.035 (UTC)] info/application	[Sensor] Updated distance: 17.5465444370855 cm | Severity=75 | SourceName=Sensor2 | EventType=application
[2026-08-16 19:57:19.035 (UTC)] info/application	[Sensor] Updated distance: 18.0785349600848 cm | Severity=75 | SourceName=Sensor2 | EventType=application
[2026-08-16 19:57:20.035 (UTC)] info/application	[Sensor] Updated distance: 17.9721893477124 cm | Severity=75 | SourceName=Sensor2 | EventType=application
[2026-08-16 19:57:21.035 (UTC)] info/application	[Sensor] Updated distance: 18.87671011797 cm | Severity=75 | SourceName=Sensor2 | EventType=application
[2026-08-16 19:57:22.036 (UTC)] info/application	[Sensor] Updated distance: 19.1675968445687 cm | Severity=75 | SourceName=Sensor2 | EventType=application
[2026-08-16 19:57:23.036 (UTC)] info/application	[Sensor] Updated distance: 19.8658200890598 cm | Severity=75 | SourceName=Sensor2 | EventType=application
[2026-08-16 19:57:24.036 (UTC)] info/application	[Sensor] Updated distance: 20.9288255842071 cm | Severity=75 | SourceName=Sensor2 | EventType=application
[2026-08-16 19:57:25.036 (UTC)] info/application	[Sensor] Updated distance: 20.6225284464297 cm | Severity=75 | SourceName=Sensor2 | EventType=application
[2026-08-16 19:57:26.036 (UTC)] info/application	[Sensor] Updated distance: 21.8508440865441 cm | Severity=75 | SourceName=Sensor2 | EventType=application
[2026-08-16 19:57:27.035 (UTC)] info/application	[Sensor] Updated distance: 21.1248725529876 cm | Severity=75 | SourceName=Sensor2 | EventType=application
[2026-08-16 19:57:28.035 (UTC)] info/application	[Sensor] Updated distance: 21.7447523655113 cm | Severity=75 | SourceName=Sensor2 | EventType=application
[2026-08-16 19:57:29.036 (UTC)] info/application	[Sensor] Updated distance: 23.0611431876017 cm | Severity=75 | SourceName=Sensor2 | EventType=application
[2026-08-16 19:57:30.036 (UTC)] info/application	[Sensor] Updated distance: 21.7498347269138 cm | Severity=75 | SourceName=Sensor2 | EventType=application
[2026-08-16 19:57:31.036 (UTC)] info/application	[Sensor] Updated distance: 20.7966447264406 cm | Severity=75 | SourceName=Sensor2 | EventType=application
[2026-08-16 19:57:32.035 (UTC)] info/application	[Sensor] Updated distance: 19.487400023028 cm | Severity=75 | SourceName=Sensor2 | EventType=application
[2026-08-16 19:57:33.035 (UTC)] info/application	[Sensor] Updated distance: 20.5307290563503 cm | Severity=75 | SourceName=Sensor2 | EventType=application
[2026-08-16 19:57:34.035 (UTC)] info/application	[Sensor] Updated distance: 21.6142191587082 cm | Severity=75 | SourceName=Sensor2 | EventType=application
[2026-08-16 19:57:35.035 (UTC)] info/application	[Sensor] Updated distance: 20.9343350699331 cm | Severity=75 | SourceName=Sensor2 | EventType=application
[2026-08-16 19:57:36.034 (UTC)] info/application	[Sensor] Updated distance: 22.4133694560329 cm | Severity=75 | SourceName=Sensor2 | EventType=application
[2026-08-16 19:57:37.034 (UTC)] info/application	[Sensor] Updated distance: 22.6297424142853 cm | Severity=75 | SourceName=Sensor2 | EventType=application
[2026-08-16 19:57:38.034 (UTC)] info/application	[Sensor] Updated distance: 22.279357765 cm | Severity=75 | SourceName=Sensor2 | EventType=application
[2026-08-16 19:57:39.034 (UTC)] info/application	[Sensor] Updated distance: 21.9389424675326 cm | Severity=75 | SourceName=Sensor2 | EventType=application
[2026-08-16 19:57:40.034 (UTC)] info/application	[Sensor] Updated distance: 22.9318439457248 cm | Severity=75 | SourceName=Sensor2 | EventType=application
[2026-08-16 19:57:41.034 (UTC)] info/application	[Sensor] Updated distance: 22.8506180296422 cm | Severity=75 | SourceName=Sensor2 | EventType=application
[2026-08-16 19:57:42.034 (UTC)] info/application	[Sensor] Updated distance: 22.7258283648295 cm | Severity=75 | SourceName=Sensor2 | EventType=application
[2026-08-16 19:57:43.034 (UTC)] info/application	[Sensor] Updated distance: 21.5955322022063 cm | Severity=75 | SourceName=Sensor2 | EventType=application
[2026-08-16 19:57:44.034 (UTC)] info/application	[Sensor] Updated distance: 20.9375465144112 cm | Severity=75 | SourceName=Sensor2 | EventType=application
[2026-08-16 19:57:45.034 (UTC)] info/application	[Sensor] Updated distance: 20.455004551427 cm | Severity=75 | SourceName=Sensor2 | EventType=application
[2026-08-16 19:57:46.033 (UTC)] info/application	[Sensor] Updated distance: 21.4546392906712 cm | Severity=75 | SourceName=Sensor2 | EventType=application
[2026-08-16 19:57:47.034 (UTC)] info/application	[Sensor] Updated distance: 21.0477332163359 cm | Severity=75 | SourceName=Sensor2 | EventType=application
[2026-08-16 19:57:48.035 (UTC)] info/application	[Sensor] Updated distance: 21.8591511658668 cm | Severity=75 | SourceName=Sensor2 | EventType=application
[2026-08-16 19:57:49.035 (UTC)] info/application	[Sensor] Updated distance: 21.6966025485641 cm | Severity=75 | SourceName=Sensor2 | EventType=application
[2026-08-16 19:57:50.035 (UTC)] info/application	[Sensor] Updated distance: 20.3216869958312 cm | Severity=75 | SourceName=Sensor2 | EventType=application
[2026-08-16 19:57:51.035 (UTC)] info/application	[Sensor] Updated distance: 19.5267593329897 cm | Severity=75 | SourceName=Sensor2 | EventType=application
[2026-08-16 19:57:52.036 (UTC)] info/application	[Sensor] Updated distance: 18.7687314859446 cm | Severity=75 | SourceName=Sensor2 | EventType=application
[2026-08-16 19:57:53.036 (UTC)] info/application	[Sensor] Updated distance: 19.1847026598103 cm | Severity=75 | SourceName=Sensor2 | EventType=application
[2026-08-16 19:57:54.036 (UTC)] info/application	[Sensor] Updated distance: 20.5879982414599 cm | Severity=75 | SourceName=Sensor2 | EventType=application
[2026-08-16 19:57:55.037 (UTC)] info/application	[Sensor] Updated distance: 19.3929758881652 cm | Severity=75 | SourceName=Sensor2 | EventType=application
[2026-08-16 19:57:56.037 (UTC)] info/application	[Sensor] Updated distance: 18.0026499228564 cm | Severity=75 | SourceName=Sensor2 | EventType=application
[2026-08-16 19:57:57.038 (UTC)] info/application	[Sensor] Updated distance: 19.1342611446205 cm | Severity=75 | SourceName=Sensor2 | EventType=application
[2026-08-16 19:57:58.038 (UTC)] info/application	[Sensor] Updated distance: 18.7132672591662 cm | Severity=75 | SourceName=Sensor2 | EventType=application
[2026-08-16 19:57:59.039 (UTC)] info/application	[Sensor] Updated distance: 19.4428211063812 cm | Severity=75 | SourceName=Sensor2 | EventType=application
[2026-08-16 19:58:00.029 (UTC)] info/application	[Sensor] Updated distance: 20.3908231488386 cm | Severity=75 | SourceName=Sensor2 | EventType=application
[2026-08-16 19:58:01.029 (UTC)] info/application	[Sensor] Updated distance: 20.1585208026965 cm | Severity=75 | SourceName=Sensor2 | EventType=application
[2026-08-16 19:58:02.029 (UTC)] info/application	[Sensor] Updated distance: 21.4348846508352 cm | Severity=75 | SourceName=Sensor2 | EventType=application
[2026-08-16 19:58:03.030 (UTC)] info/application	[Sensor] Updated distance: 22.5736419912771 cm | Severity=75 | SourceName=Sensor2 | EventType=application
[2026-08-16 19:58:04.030 (UTC)] info/application	[Sensor] Updated distance: 21.8846686770602 cm | Severity=75 | SourceName=Sensor2 | EventType=application
[2026-08-16 19:58:05.031 (UTC)] info/application	[Sensor] Updated distance: 22.74452262616 cm | Severity=75 | SourceName=Sensor2 | EventType=application
[2026-08-16 19:58:06.031 (UTC)] info/application	[Sensor] Updated distance: 21.7033958764297 cm | Severity=75 | SourceName=Sensor2 | EventType=application
[2026-08-16 19:58:07.031 (UTC)] info/application	[Sensor] Updated distance: 20.9934569469157 cm | Severity=75 | SourceName=Sensor2 | EventType=application
[2026-08-16 19:58:08.031 (UTC)] info/application	[Sensor] Updated distance: 20.5696838542678 cm | Severity=75 | SourceName=Sensor2 | EventType=application
[2026-08-16 19:58:09.031 (UTC)] info/application	[Sensor] Updated distance: 20.6781724552522 cm | Severity=75 | SourceName=Sensor2 | EventType=application
[2026-08-16 19:58:10.031 (UTC)] info/application	[Sensor] Updated distance: 21.1278182282708 cm | Severity=75 | SourceName=Sensor2 | EventType=application
[2026-08-16 19:58:11.031 (UTC)] info/application	[Sensor] Updated distance: 20.1969466124181 cm | Severity=75 | SourceName=Sensor2 | EventType=application
[2026-08-16 19:58:12.032 (UTC)] info/application	[Sensor] Updated distance: 18.724209295923 cm | Severity=75 | SourceName=Sensor2 | EventType=application
[2026-08-16 19:58:13.032 (UTC)] info/application	[Sensor] Updated distance: 17.5490654041288 cm | Severity=75 | SourceName=Sensor2 | EventType=application
[2026-08-16 19:58:14.033 (UTC)] info/application	[Sensor] Updated distance: 16.98789762705 cm | Severity=75 | SourceName=Sensor2 | EventType=application
[2026-08-16 19:58:15.032 (UTC)] info/application	[Sensor] Updated distance: 16.3571746227598 cm | Severity=75 | SourceName=Sensor2 | EventType=application
[2026-08-16 19:58:16.033 (UTC)] info/application	[Sensor] Updated distance: 16.1994887679813 cm | Severity=75 | SourceName=Sensor2 | EventType=application
[2026-08-16 19:58:17.033 (UTC)] info/application	[Sensor] Updated distance: 15.1379557287497 cm | Severity=75 | SourceName=Sensor2 | EventType=application
[2026-08-16 19:58:18.034 (UTC)] info/application	[Sensor] Updated distance: 15.6003266501242 cm | Severity=75 | SourceName=Sensor2 | EventType=application
[2026-08-16 19:58:19.034 (UTC)] info/application	[Sensor] Updated distance: 14.7540587448767 cm | Severity=75 | SourceName=Sensor2 | EventType=application
[2026-08-16 19:58:20.034 (UTC)] info/application	[Sensor] Updated distance: 15.0299770897394 cm | Severity=75 | SourceName=Sensor2 | EventType=application
[2026-08-16 19:58:21.035 (UTC)] info/application	[Sensor] Updated distance: 15.6174324583809 cm | Severity=75 | SourceName=Sensor2 | EventType=application
[2026-08-16 19:58:22.035 (UTC)] info/application	[Sensor] Updated distance: 15.4762368902919 cm | Severity=75 | SourceName=Sensor2 | EventType=application
[2026-08-16 19:58:23.036 (UTC)] info/application	[Sensor] Updated distance: 16.4941273881095 cm | Severity=75 | SourceName=Sensor2 | EventType=application
[2026-08-16 19:58:24.036 (UTC)] info/application	[Sensor] Updated distance: 15.9975539306167 cm | Severity=75 | SourceName=Sensor2 | EventType=application
[2026-08-16 19:58:25.036 (UTC)] info/application	[Sensor] Updated distance: 15.7596539427804 cm | Severity=75 | SourceName=Sensor2 | EventType=application
[2026-08-16 19:58:26.036 (UTC)] info/application	[Sensor] Updated distance: 17.0825220873032 cm | Severity=75 | SourceName=Sensor2 | EventType=application
[2026-08-16 19:58:27.035 (UTC)] info/application	[Sensor] Updated distance: 16.6956226645017 cm | Severity=75 | SourceName=Sensor2 | EventType=application
[2026-08-16 19:58:28.035 (UTC)] info/application	[Sensor] Updated distance: 16.0893338970325 cm | Severity=75 | SourceName=Sensor2 | EventType=application
[2026-08-16 19:58:29.034 (UTC)] info/application	[Sensor] Updated distance: 15.4912081547041 cm | Severity=75 | SourceName=Sensor2 | EventType=application
[2026-08-16 19:58:30.034 (UTC)] info/application	[Sensor] Updated distance: 14.3338625791175 cm | Severity=75 | SourceName=Sensor2 | EventType=application
[2026-08-16 19:58:31.034 (UTC)] info/application	[Sensor] Updated distance: 13.1755758541057 cm | Severity=75 | SourceName=Sensor2 | EventType=application
[2026-08-16 19:58:32.034 (UTC)] info/application	[Sensor] Updated distance: 13.8451477656351 cm | Severity=75 | SourceName=Sensor2 | EventType=application
[2026-08-16 19:58:33.034 (UTC)] info/application	[Sensor] Updated distance: 12.4641660367903 cm | Severity=75 | SourceName=Sensor2 | EventType=application
[2026-08-16 19:58:34.034 (UTC)] info/application	[Sensor] Updated distance: 13.9446366522203 cm | Severity=75 | SourceName=Sensor2 | EventType=application
[2026-08-16 19:58:35.035 (UTC)] info/application	[Sensor] Updated distance: 15.4252352509299 cm | Severity=75 | SourceName=Sensor2 | EventType=application
[2026-08-16 19:58:36.035 (UTC)] info/application	[Sensor] Updated distance: 16.4041074711849 cm | Severity=75 | SourceName=Sensor2 | EventType=application
[2026-08-16 19:58:37.035 (UTC)] info/application	[Sensor] Updated distance: 15.3434513354876 cm | Severity=75 | SourceName=Sensor2 | EventType=application
[2026-08-16 19:58:38.035 (UTC)] info/application	[Sensor] Updated distance: 14.6141110032863 cm | Severity=75 | SourceName=Sensor2 | EventType=application
[2026-08-16 19:58:39.035 (UTC)] info/application	[Sensor] Updated distance: 13.6692101294963 cm | Severity=75 | SourceName=Sensor2 | EventType=application
[2026-08-16 19:58:40.035 (UTC)] info/application	[Sensor] Updated distance: 14.2170425947835 cm | Severity=75 | SourceName=Sensor2 | EventType=application
[2026-08-16 19:58:41.035 (UTC)] info/application	[Sensor] Updated distance: 15.4373480369977 cm | Severity=75 | SourceName=Sensor2 | EventType=application
[2026-08-16 19:58:42.036 (UTC)] info/application	[Sensor] Updated distance: 15.061575548752 cm | Severity=75 | SourceName=Sensor2 | EventType=application
[2026-08-16 19:58:43.036 (UTC)] info/application	[Sensor] Updated distance: 15.6366706975441 cm | Severity=75 | SourceName=Sensor2 | EventType=application
[2026-08-16 19:58:44.037 (UTC)] info/application	[Sensor] Updated distance: 14.181832246567 cm | Severity=75 | SourceName=Sensor2 | EventType=application
[2026-08-16 19:58:45.037 (UTC)] info/application	[Sensor] Updated distance: 14.7448919812426 cm | Severity=75 | SourceName=Sensor2 | EventType=application
[2026-08-16 19:58:46.037 (UTC)] info/application	[Sensor] Updated distance: 16.1892641271415 cm | Severity=75 | SourceName=Sensor2 | EventType=application
[2026-08-16 19:58:47.038 (UTC)] info/application	[Sensor] Updated distance: 16.0767398213859 cm | Severity=75 | SourceName=Sensor2 | EventType=application
[2026-08-16 19:58:48.039 (UTC)] info/application	[Sensor] Updated distance: 17.07826651683 cm | Severity=75 | SourceName=Sensor2 | EventType=application
[2026-08-16 19:58:49.029 (UTC)] info/application	[Sensor] Updated distance: 17.4850095827063 cm | Severity=75 | SourceName=Sensor2 | EventType=application
[2026-08-16 19:58:50.030 (UTC)] info/application	[Sensor] Updated distance: 18.0262173717032 cm | Severity=75 | SourceName=Sensor2 | EventType=application
[2026-08-16 19:58:51.030 (UTC)] info/application	[Sensor] Updated distance: 17.803662410613 cm | Severity=75 | SourceName=Sensor2 | EventType=application
[2026-08-16 19:58:52.031 (UTC)] info/application	[Sensor] Updated distance: 17.2978608451308 cm | Severity=75 | SourceName=Sensor2 | EventType=application
[2026-08-16 19:58:53.031 (UTC)] info/application	[Sensor] Updated distance: 16.1978730646418 cm | Severity=75 | SourceName=Sensor2 | EventType=application
[2026-08-16 19:58:54.031 (UTC)] info/application	[Sensor] Updated distance: 15.4932085999722 cm | Severity=75 | SourceName=Sensor2 | EventType=application
[2026-08-16 19:58:55.031 (UTC)] info/application	[Sensor] Updated distance: 15.9908335769972 cm | Severity=75 | SourceName=Sensor2 | EventType=application
[2026-08-16 19:58:56.031 (UTC)] info/application	[Sensor] Updated distance: 16.1529458100688 cm | Severity=75 | SourceName=Sensor2 | EventType=application
[2026-08-16 19:58:57.032 (UTC)] info/application	[Sensor] Updated distance: 15.2711494899221 cm | Severity=75 | SourceName=Sensor2 | EventType=application
[2026-08-16 19:58:58.033 (UTC)] info/application	[Sensor] Updated distance: 13.8818750427486 cm | Severity=75 | SourceName=Sensor2 | EventType=application
[2026-08-16 19:58:59.032 (UTC)] info/application	[Sensor] Updated distance: 14.937698508351 cm | Severity=75 | SourceName=Sensor2 | EventType=application
[2026-08-16 19:59:00.033 (UTC)] info/application	[Sensor] Updated distance: 14.9577764458758 cm | Severity=75 | SourceName=Sensor2 | EventType=application
[2026-08-16 19:59:01.033 (UTC)] info/application	[Sensor] Updated distance: 13.9111564231157 cm | Severity=75 | SourceName=Sensor2 | EventType=application
[2026-08-16 19:59:02.034 (UTC)] info/application	[Sensor] Updated distance: 15.3086931637063 cm | Severity=75 | SourceName=Sensor2 | EventType=application
[2026-08-16 19:59:03.034 (UTC)] info/application	[Sensor] Updated distance: 14.4983430127606 cm | Severity=75 | SourceName=Sensor2 | EventType=application
[2026-08-16 19:59:04.034 (UTC)] info/application	[Sensor] Updated distance: 13.5707412611557 cm | Severity=75 | SourceName=Sensor2 | EventType=application
[2026-08-16 19:59:05.034 (UTC)] info/application	[Sensor] Updated distance: 14.9487486157793 cm | Severity=75 | SourceName=Sensor2 | EventType=application
[2026-08-16 19:59:06.035 (UTC)] info/application	[Sensor] Updated distance: 14.1189970621462 cm | Severity=75 | SourceName=Sensor2 | EventType=application
[2026-08-16 19:59:07.035 (UTC)] info/application	[Sensor] Updated distance: 12.6702675307962 cm | Severity=75 | SourceName=Sensor2 | EventType=application
[2026-08-16 19:59:08.035 (UTC)] info/application	[Sensor] Updated distance: 11.4876187483257 cm | Severity=75 | SourceName=Sensor2 | EventType=application
[2026-08-16 19:59:09.036 (UTC)] info/application	[Sensor] Updated distance: 11.4285268624912 cm | Severity=75 | SourceName=Sensor2 | EventType=application
[2026-08-16 19:59:10.036 (UTC)] info/application	[Sensor] Updated distance: 10.5348964573512 cm | Severity=75 | SourceName=Sensor2 | EventType=application
[2026-08-16 19:59:11.036 (UTC)] info/application	[Sensor] Updated distance: 11.4000801401679 cm | Severity=75 | SourceName=Sensor2 | EventType=application
[2026-08-16 19:59:12.036 (UTC)] info/application	[Sensor] Updated distance: 11.0612936951505 cm | Severity=75 | SourceName=Sensor2 | EventType=application
[2026-08-16 19:59:13.036 (UTC)] info/application	[Sensor] Updated distance: 11.291890801765 cm | Severity=75 | SourceName=Sensor2 | EventType=application
[2026-08-16 19:59:14.037 (UTC)] info/application	[Sensor] Updated distance: 11.2321696333737 cm | Severity=75 | SourceName=Sensor2 | EventType=application
[2026-08-16 19:59:15.037 (UTC)] info/application	[Sensor] Updated distance: 10.9385447373793 cm | Severity=75 | SourceName=Sensor2 | EventType=application
[2026-08-16 19:59:16.038 (UTC)] info/application	[Sensor] Updated distance: 10.2322015772724 cm | Severity=75 | SourceName=Sensor2 | EventType=application
[2026-08-16 19:59:17.039 (UTC)] info/application	[Sensor] Updated distance: 10.1168525533829 cm | Severity=75 | SourceName=Sensor2 | EventType=application
[2026-08-16 19:59:18.029 (UTC)] info/application	[Sensor] Updated distance: 11.21070335303 cm | Severity=75 | SourceName=Sensor2 | EventType=application
[2026-08-16 19:59:19.029 (UTC)] info/application	[Sensor] Updated distance: 10.0058868883671 cm | Severity=75 | SourceName=Sensor2 | EventType=application
[2026-08-16 19:59:20.030 (UTC)] info/application	[Sensor] Updated distance: 8.79728092895694 cm | Severity=75 | SourceName=Sensor2 | EventType=application
[2026-08-16 19:59:21.030 (UTC)] info/application	[Sensor] Updated distance: 8.93233951620401 cm | Severity=75 | SourceName=Sensor2 | EventType=application
[2026-08-16 19:59:22.030 (UTC)] info/application	[Sensor] Updated distance: 9.00496809045084 cm | Severity=75 | SourceName=Sensor2 | EventType=application
[2026-08-16 19:59:23.029 (UTC)] info/application	[Sensor] Updated distance: 8.79056056555853 cm | Severity=75 | SourceName=Sensor2 | EventType=application
[2026-08-16 19:59:24.030 (UTC)] info/application	[Sensor] Updated distance: 9.32563137371356 cm | Severity=75 | SourceName=Sensor2 | EventType=application
[2026-08-16 19:59:25.031 (UTC)] info/application	[Sensor] Updated distance: 10.1935954846878 cm | Severity=75 | SourceName=Sensor2 | EventType=application
[2026-08-16 19:59:26.032 (UTC)] info/application	[Sensor] Updated distance: 8.97681293542349 cm | Severity=75 | SourceName=Sensor2 | EventType=application
[2026-08-16 19:59:27.033 (UTC)] info/application	[Sensor] Updated distance: 8.17399597525317 cm | Severity=75 | SourceName=Sensor2 | EventType=application
[2026-08-16 19:59:28.033 (UTC)] info/application	[Sensor] Updated distance: 9.66016376608059 cm | Severity=75 | SourceName=Sensor2 | EventType=application
[2026-08-16 19:59:29.033 (UTC)] info/application	[Sensor] Updated distance: 8.55410677103983 cm | Severity=75 | SourceName=Sensor2 | EventType=application
[2026-08-16 19:59:30.033 (UTC)] info/application	[Sensor] Updated distance: 7.30711327507492 cm | Severity=75 | SourceName=Sensor2 | EventType=application
[2026-08-16 19:59:31.033 (UTC)] info/application	[Sensor] Updated distance: 7.31335900203016 cm | Severity=75 | SourceName=Sensor2 | EventType=application
[2026-08-16 19:59:32.033 (UTC)] info/application	[Sensor] Updated distance: 6.66068198422933 cm | Severity=75 | SourceName=Sensor2 | EventType=application
[2026-08-16 19:59:33.033 (UTC)] info/application	[Sensor] Updated distance: 5.31122522885503 cm | Severity=75 | SourceName=Sensor2 | EventType=application
[2026-08-16 19:59:34.033 (UTC)] info/application	[Sensor] Updated distance: 6.00712080486451 cm | Severity=75 | SourceName=Sensor2 | EventType=application
[2026-08-16 19:59:35.033 (UTC)] info/application	[Sensor] Updated distance: 5.9268420368558 cm | Severity=75 | SourceName=Sensor2 | EventType=application
[2026-08-16 19:59:36.033 (UTC)] info/application	[Sensor] Updated distance: 4.45539263470816 cm | Severity=75 | SourceName=Sensor2 | EventType=application
[2026-08-16 19:59:37.033 (UTC)] info/application	[Sensor] Updated distance: 5.8215366570845 cm | Severity=75 | SourceName=Sensor2 | EventType=application
[2026-08-16 19:59:38.033 (UTC)] info/application	[Sensor] Updated distance: 5.79252835772584 cm | Severity=75 | SourceName=Sensor2 | EventType=application
[2026-08-16 19:59:39.034 (UTC)] info/application	[Sensor] Updated distance: 4.63843017450461 cm | Severity=75 | SourceName=Sensor2 | EventType=application
[2026-08-16 19:59:40.034 (UTC)] info/application	[Sensor] Updated distance: 4.44548231104644 cm | Severity=75 | SourceName=Sensor2 | EventType=application
[2026-08-16 19:59:41.034 (UTC)] info/application	[Sensor] Updated distance: 5.02284360654785 cm | Severity=75 | SourceName=Sensor2 | EventType=application
[2026-08-16 19:59:42.034 (UTC)] info/application	[Sensor] Updated distance: 6.23392910614327 cm | Severity=75 | SourceName=Sensor2 | EventType=application
[2026-08-16 19:59:43.035 (UTC)] info/application	[Sensor] Updated distance: 7.20219479766777 cm | Severity=75 | SourceName=Sensor2 | EventType=application
[2026-08-16 19:59:44.035 (UTC)] info/application	[Sensor] Updated distance: 6.5101531997836 cm | Severity=75 | SourceName=Sensor2 | EventType=application
[2026-08-16 19:59:45.036 (UTC)] info/application	[Sensor] Updated distance: 6.16151752959077 cm | Severity=75 | SourceName=Sensor2 | EventType=application
[2026-08-16 19:59:46.037 (UTC)] info/application	[Sensor] Updated distance: 5.33615832512088 cm | Severity=75 | SourceName=Sensor2 | EventType=application
[2026-08-16 19:59:47.037 (UTC)] info/application	[Sensor] Updated distance: 5.43777356712976 cm | Severity=75 | SourceName=Sensor2 | EventType=application
[2026-08-16 19:59:48.037 (UTC)] info/application	[Sensor] Updated distance: 6.47378887304747 cm | Severity=75 | SourceName=Sensor2 | EventType=application
[2026-08-16 19:59:49.037 (UTC)] info/application	[Sensor] Updated distance: 5.2422804668277 cm | Severity=75 | SourceName=Sensor2 | EventType=application
[2026-08-16 19:59:50.037 (UTC)] info/application	[Sensor] Updated distance: 5.63907924417364 cm | Severity=75 | SourceName=Sensor2 | EventType=application
[2026-08-16 19:59:51.038 (UTC)] info/application	[Sensor] Updated distance: 6.96648859207821 cm | Severity=75 | SourceName=Sensor2 | EventType=application
[2026-08-16 19:59:52.029 (UTC)] info/application	[Sensor] Updated distance: 7.3700387731055 cm | Severity=75 | SourceName=Sensor2 | EventType=application
[2026-08-16 19:59:53.030 (UTC)] info/application	[Sensor] Updated distance: 6.33946612469828 cm | Severity=75 | SourceName=Sensor2 | EventType=application
[2026-08-16 19:59:54.030 (UTC)] info/application	[Sensor] Updated distance: 5.95246794631354 cm | Severity=75 | SourceName=Sensor2 | EventType=application
[2026-08-16 19:59:55.030 (UTC)] info/application	[Sensor] Updated distance: 5.39108893409888 cm | Severity=75 | SourceName=Sensor2 | EventType=application
[2026-08-16 19:59:56.030 (UTC)] info/application	[Sensor] Updated distance: 6.72848039666586 cm | Severity=75 | SourceName=Sensor2 | EventType=application
[2026-08-16 19:59:57.031 (UTC)] info/application	[Sensor] Updated distance: 6.62469967041384 cm | Severity=75 | SourceName=Sensor2 | EventType=application
[2026-08-16 19:59:58.031 (UTC)] info/application	[Sensor] Updated distance: 6.76050369802886 cm | Severity=75 | SourceName=Sensor2 | EventType=application
[2026-08-16 19:59:59.031 (UTC)] info/application	[Sensor] Updated distance: 8.08406295002628 cm | Severity=75 | SourceName=Sensor2 | EventType=application
[2026-08-16 20:00:00.032 (UTC)] info/application	[Sensor] Updated distance: 8.37422522873349 cm | Severity=75 | SourceName=Sensor2 | EventType=application
[2026-08-16 20:00:01.033 (UTC)] info/application	[Sensor] Updated distance: 8.76303576178059 cm | Severity=75 | SourceName=Sensor2 | EventType=application
[2026-08-16 20:00:02.033 (UTC)] info/application	[Sensor] Updated distance: 8.59284073933626 cm | Severity=75 | SourceName=Sensor2 | EventType=application
[2026-08-16 20:00:03.034 (UTC)] info/application	[Sensor] Updated distance: 9.73032600024265 cm | Severity=75 | SourceName=Sensor2 | EventType=application
[2026-08-16 20:00:04.034 (UTC)] info/application	[Sensor] Updated distance: 10.2696797779154 cm | Severity=75 | SourceName=Sensor2 | EventType=application
[2026-08-16 20:00:05.034 (UTC)] info/application	[Sensor] Updated distance: 9.29538033148059 cm | Severity=75 | SourceName=Sensor2 | EventType=application
[2026-08-16 20:00:06.035 (UTC)] info/application	[Sensor] Updated distance: 8.85258682298129 cm | Severity=75 | SourceName=Sensor2 | EventType=application
[2026-08-16 20:00:07.035 (UTC)] info/application	[Sensor] Updated distance: 9.42049119850644 cm | Severity=75 | SourceName=Sensor2 | EventType=application
[2026-08-16 20:00:08.035 (UTC)] info/application	[Sensor] Updated distance: 8.31233577305095 cm | Severity=75 | SourceName=Sensor2 | EventType=application
[2026-08-16 20:00:09.035 (UTC)] info/application	[Sensor] Updated distance: 9.34053396519299 cm | Severity=75 | SourceName=Sensor2 | EventType=application
[2026-08-16 20:00:10.035 (UTC)] info/application	[Sensor] Updated distance: 10.2543401574969 cm | Severity=75 | SourceName=Sensor2 | EventType=application
[2026-08-16 20:00:11.036 (UTC)] info/application	[Sensor] Updated distance: 10.4532368685832 cm | Severity=75 | SourceName=Sensor2 | EventType=application
[2026-08-16 20:00:12.035 (UTC)] info/application	[Sensor] Updated distance: 10.5587963562267 cm | Severity=75 | SourceName=Sensor2 | EventType=application
[2026-08-16 20:00:13.035 (UTC)] info/application	[Sensor] Updated distance: 11.183688048126 cm | Severity=75 | SourceName=Sensor2 | EventType=application
[2026-08-16 20:00:14.035 (UTC)] info/application	[Sensor] Updated distance: 10.8508504507369 cm | Severity=75 | SourceName=Sensor2 | EventType=application
[2026-08-16 20:00:15.036 (UTC)] info/application	[Sensor] Updated distance: 11.7643683404962 cm | Severity=75 | SourceName=Sensor2 | EventType=application
[2026-08-16 20:00:16.035 (UTC)] info/application	[Sensor] Updated distance: 10.5406243608057 cm | Severity=75 | SourceName=Sensor2 | EventType=application
[2026-08-16 20:00:17.036 (UTC)] info/application	[Sensor] Updated distance: 10.8824275589466 cm | Severity=75 | SourceName=Sensor2 | EventType=application
[2026-08-16 20:00:18.036 (UTC)] info/application	[Sensor] Updated distance: 10.3975606893178 cm | Severity=75 | SourceName=Sensor2 | EventType=application
[2026-08-16 20:00:19.036 (UTC)] info/application	[Sensor] Updated distance: 11.709832016942 cm | Severity=75 | SourceName=Sensor2 | EventType=application
[2026-08-16 20:00:20.036 (UTC)] info/application	[Sensor] Updated distance: 12.3201268088632 cm | Severity=75 | SourceName=Sensor2 | EventType=application
[2026-08-16 20:00:21.037 (UTC)] info/application	[Sensor] Updated distance: 13.7320587179773 cm | Severity=75 | SourceName=Sensor2 | EventType=application
[2026-08-16 20:00:22.037 (UTC)] info/application	[Sensor] Updated distance: 14.8717393921091 cm | Severity=75 | SourceName=Sensor2 | EventType=application
[2026-08-16 20:00:23.038 (UTC)] info/application	[Sensor] Updated distance: 14.3855843636606 cm | Severity=75 | SourceName=Sensor2 | EventType=application
[2026-08-16 20:00:24.038 (UTC)] info/application	[Sensor] Updated distance: 13.2669436229705 cm | Severity=75 | SourceName=Sensor2 | EventType=application
[2026-08-16 20:00:25.039 (UTC)] info/application	[Sensor] Updated distance: 12.5196261173206 cm | Severity=75 | SourceName=Sensor2 | EventType=application
[2026-08-16 20:00:26.029 (UTC)] info/application	[Sensor] Updated distance: 12.9720920780544 cm | Severity=75 | SourceName=Sensor2 | EventType=application
[2026-08-16 20:00:27.030 (UTC)] info/application	[Sensor] Updated distance: 11.6908427985342 cm | Severity=75 | SourceName=Sensor2 | EventType=application
[2026-08-16 20:00:28.030 (UTC)] info/application	[Sensor] Updated distance: 12.3397445666323 cm | Severity=75 | SourceName=Sensor2 | EventType=application
[2026-08-16 20:00:29.030 (UTC)] info/application	[Sensor] Updated distance: 11.4280145535842 cm | Severity=75 | SourceName=Sensor2 | EventType=application
[2026-08-16 20:00:30.030 (UTC)] info/application	[Sensor] Updated distance: 9.97032452466447 cm | Severity=75 | SourceName=Sensor2 | EventType=application
[2026-08-16 20:00:31.031 (UTC)] info/application	[Sensor] Updated distance: 9.40938857007278 cm | Severity=75 | SourceName=Sensor2 | EventType=application
[2026-08-16 20:00:32.031 (UTC)] info/application	[Sensor] Updated distance: 10.3864690900717 cm | Severity=75 | SourceName=Sensor2 | EventType=application
[2026-08-16 20:00:33.032 (UTC)] info/application	[Sensor] Updated distance: 10.2585840387077 cm | Severity=75 | SourceName=Sensor2 | EventType=application
[2026-08-16 20:00:34.032 (UTC)] info/application	[Sensor] Updated distance: 9.3351333450224 cm | Severity=75 | SourceName=Sensor2 | EventType=application
[2026-08-16 20:00:35.032 (UTC)] info/application	[Sensor] Updated distance: 9.35156764129716 cm | Severity=75 | SourceName=Sensor2 | EventType=application
[2026-08-16 20:00:36.032 (UTC)] info/application	[Sensor] Updated distance: 9.74938314349828 cm | Severity=75 | SourceName=Sensor2 | EventType=application
[2026-08-16 20:00:37.032 (UTC)] info/application	[Sensor] Updated distance: 9.88313894131367 cm | Severity=75 | SourceName=Sensor2 | EventType=application
[2026-08-16 20:00:38.032 (UTC)] info/application	[Sensor] Updated distance: 8.96747761311358 cm | Severity=75 | SourceName=Sensor2 | EventType=application
[2026-08-16 20:00:39.032 (UTC)] info/application	[Sensor] Updated distance: 9.75713769125619 cm | Severity=75 | SourceName=Sensor2 | EventType=application
[2026-08-16 20:00:40.032 (UTC)] info/application	[Sensor] Updated distance: 9.41909168121363 cm | Severity=75 | SourceName=Sensor2 | EventType=application
[2026-08-16 20:00:41.033 (UTC)] info/application	[Sensor] Updated distance: 10.9172365453175 cm | Severity=75 | SourceName=Sensor2 | EventType=application
[2026-08-16 20:00:42.033 (UTC)] info/application	[Sensor] Updated distance: 10.4057933331494 cm | Severity=75 | SourceName=Sensor2 | EventType=application
[2026-08-16 20:00:43.034 (UTC)] info/application	[Sensor] Updated distance: 11.6733068107503 cm | Severity=75 | SourceName=Sensor2 | EventType=application
[2026-08-16 20:00:44.034 (UTC)] info/application	[Sensor] Updated distance: 12.2963433653565 cm | Severity=75 | SourceName=Sensor2 | EventType=application
[2026-08-16 20:00:45.034 (UTC)] info/application	[Sensor] Updated distance: 12.9520625557993 cm | Severity=75 | SourceName=Sensor2 | EventType=application
[2026-08-16 20:00:46.034 (UTC)] info/application	[Sensor] Updated distance: 13.6330939217625 cm | Severity=75 | SourceName=Sensor2 | EventType=application
[2026-08-16 20:00:47.034 (UTC)] info/application	[Sensor] Updated distance: 14.5323864980752 cm | Severity=75 | SourceName=Sensor2 | EventType=application
[2026-08-16 20:00:48.033 (UTC)] info/application	[Sensor] Updated distance: 14.0299088852619 cm | Severity=75 | SourceName=Sensor2 | EventType=application
[2026-08-16 20:00:49.033 (UTC)] info/application	[Sensor] Updated distance: 12.7260733801993 cm | Severity=75 | SourceName=Sensor2 | EventType=application
[2026-08-16 20:00:50.034 (UTC)] info/application	[Sensor] Updated distance: 13.4376372827392 cm | Severity=75 | SourceName=Sensor2 | EventType=application
[2026-08-16 20:00:51.034 (UTC)] info/application	[Sensor] Updated distance: 12.0454544604502 cm | Severity=75 | SourceName=Sensor2 | EventType=application
[2026-08-16 20:00:52.034 (UTC)] info/application	[Sensor] Updated distance: 10.6535508631047 cm | Severity=75 | SourceName=Sensor2 | EventType=application
[2026-08-16 20:00:53.034 (UTC)] info/application	[Sensor] Updated distance: 11.0047954383794 cm | Severity=75 | SourceName=Sensor2 | EventType=application
[2026-08-16 20:00:54.034 (UTC)] info/application	[Sensor] Updated distance: 10.6264575890389 cm | Severity=75 | SourceName=Sensor2 | EventType=application
[2026-08-16 20:00:55.034 (UTC)] info/application	[Sensor] Updated distance: 9.61591325100321 cm | Severity=75 | SourceName=Sensor2 | EventType=application
[2026-08-16 20:00:56.035 (UTC)] info/application	[Sensor] Updated distance: 10.7198403206281 cm | Severity=75 | SourceName=Sensor2 | EventType=application
[2026-08-16 20:00:57.034 (UTC)] info/application	[Sensor] Updated distance: 9.29396843062433 cm | Severity=75 | SourceName=Sensor2 | EventType=application
[2026-08-16 20:00:58.035 (UTC)] info/application	[Sensor] Updated distance: 8.50217481306856 cm | Severity=75 | SourceName=Sensor2 | EventType=application
[2026-08-16 20:00:59.035 (UTC)] info/application	[Sensor] Updated distance: 8.75500365079148 cm | Severity=75 | SourceName=Sensor2 | EventType=application
[2026-08-16 20:01:00.036 (UTC)] info/application	[Sensor] Updated distance: 7.9174017477396 cm | Severity=75 | SourceName=Sensor2 | EventType=application
[2026-08-16 20:01:01.036 (UTC)] info/application	[Sensor] Updated distance: 7.16791810126413 cm | Severity=75 | SourceName=Sensor2 | EventType=application
[2026-08-16 20:01:02.036 (UTC)] info/application	[Sensor] Updated distance: 8.35981098439536 cm | Severity=75 | SourceName=Sensor2 | EventType=application
[2026-08-16 20:01:03.037 (UTC)] info/application	[Sensor] Updated distance: 6.99928960134243 cm | Severity=75 | SourceName=Sensor2 | EventType=application
[2026-08-16 20:01:04.038 (UTC)] info/application	[Sensor] Updated distance: 7.62192090489992 cm | Severity=75 | SourceName=Sensor2 | EventType=application
[2026-08-16 20:01:05.038 (UTC)] info/application	[Sensor] Updated distance: 6.39036309294886 cm | Severity=75 | SourceName=Sensor2 | EventType=application
[2026-08-16 20:01:06.037 (UTC)] info/application	[Sensor] Updated distance: 6.54627600617068 cm | Severity=75 | SourceName=Sensor2 | EventType=application
[2026-08-16 20:01:07.037 (UTC)] info/application	[Sensor] Updated distance: 6.06672281053231 cm | Severity=75 | SourceName=Sensor2 | EventType=application
[2026-08-16 20:01:08.037 (UTC)] info/application	[Sensor] Updated distance: 6.46892079779363 cm | Severity=75 | SourceName=Sensor2 | EventType=application
[2026-08-16 20:01:09.037 (UTC)] info/application	[Sensor] Updated distance: 7.20917238281536 cm | Severity=75 | SourceName=Sensor2 | EventType=application
[2026-08-16 20:01:10.036 (UTC)] info/application	[Sensor] Updated distance: 6.01927926392261 cm | Severity=75 | SourceName=Sensor2 | EventType=application
[2026-08-16 20:01:11.037 (UTC)] info/application	[Sensor] Updated distance: 4.58343123974439 cm | Severity=75 | SourceName=Sensor2 | EventType=application
[2026-08-16 20:01:12.037 (UTC)] info/application	[Sensor] Updated distance: 5.32182768886994 cm | Severity=75 | SourceName=Sensor2 | EventType=application
[2026-08-16 20:01:13.037 (UTC)] info/application	[Sensor] Updated distance: 5.12049135920615 cm | Severity=75 | SourceName=Sensor2 | EventType=application
[2026-08-16 20:01:14.037 (UTC)] info/application	[Sensor] Updated distance: 6.45215681262881 cm | Severity=75 | SourceName=Sensor2 | EventType=application
[2026-08-16 20:01:15.037 (UTC)] info/application	[Sensor] Updated distance: 6.31358981496356 cm | Severity=75 | SourceName=Sensor2 | EventType=application
[2026-08-16 20:01:16.036 (UTC)] info/application	[Sensor] Updated distance: 5.26797267434559 cm | Severity=75 | SourceName=Sensor2 | EventType=application
[2026-08-16 20:01:17.036 (UTC)] info/application	[Sensor] Updated distance: 5.78066949233444 cm | Severity=75 | SourceName=Sensor2 | EventType=application
[2026-08-16 20:01:18.036 (UTC)] info/application	[Sensor] Updated distance: 5.0413950695849 cm | Severity=75 | SourceName=Sensor2 | EventType=application
[2026-08-16 20:01:19.036 (UTC)] info/application	[Sensor] Updated distance: 4.99330031755069 cm | Severity=75 | SourceName=Sensor2 | EventType=application
[2026-08-16 20:01:20.036 (UTC)] info/application	[Sensor] Updated distance: 5.7021616304769 cm | Severity=75 | SourceName=Sensor2 | EventType=application
[2026-08-16 20:01:21.036 (UTC)] info/application	[Sensor] Updated distance: 7.1744511102673 cm | Severity=75 | SourceName=Sensor2 | EventType=application
[2026-08-16 20:01:22.036 (UTC)] info/application	[Sensor] Updated distance: 7.23417353594405 cm | Severity=75 | SourceName=Sensor2 | EventType=application
[2026-08-16 20:01:23.036 (UTC)] info/application	[Sensor] Updated distance: 8.05113125292172 cm | Severity=75 | SourceName=Sensor2 | EventType=application
[2026-08-16 20:01:24.036 (UTC)] info/application	[Sensor] Updated distance: 8.37466530658988 cm | Severity=75 | SourceName=Sensor2 | EventType=application
[2026-08-16 20:01:25.036 (UTC)] info/application	[Sensor] Updated distance: 9.55604988292608 cm | Severity=75 | SourceName=Sensor2 | EventType=application
[2026-08-16 20:01:26.036 (UTC)] info/application	[Sensor] Updated distance: 10.8624632618681 cm | Severity=75 | SourceName=Sensor2 | EventType=application
[2026-08-16 20:01:27.038 (UTC)] info/application	[Sensor] Updated distance: 10.7899243851611 cm | Severity=75 | SourceName=Sensor2 | EventType=application
[2026-08-16 20:01:28.038 (UTC)] info/application	[Sensor] Updated distance: 12.0454370714936 cm | Severity=75 | SourceName=Sensor2 | EventType=application
[2026-08-16 20:01:29.038 (UTC)] info/application	[Sensor] Updated distance: 11.0600568328798 cm | Severity=75 | SourceName=Sensor2 | EventType=application
[2026-08-16 20:01:30.038 (UTC)] info/application	[Sensor] Updated distance: 9.74034679249877 cm | Severity=75 | SourceName=Sensor2 | EventType=application
[2026-08-16 20:01:31.038 (UTC)] info/application	[Sensor] Updated distance: 8.65825757577935 cm | Severity=75 | SourceName=Sensor2 | EventType=application
[2026-08-16 20:01:32.038 (UTC)] info/application	[Sensor] Updated distance: 8.42339369069012 cm | Severity=75 | SourceName=Sensor2 | EventType=application
[2026-08-16 20:01:33.037 (UTC)] info/application	[Sensor] Updated distance: 9.79557653344031 cm | Severity=75 | SourceName=Sensor2 | EventType=application
[2026-08-16 20:01:34.037 (UTC)] info/application	[Sensor] Updated distance: 8.85296593366795 cm | Severity=75 | SourceName=Sensor2 | EventType=application
[2026-08-16 20:01:35.036 (UTC)] info/application	[Sensor] Updated distance: 7.74073335073923 cm | Severity=75 | SourceName=Sensor2 | EventType=application
[2026-08-16 20:01:36.036 (UTC)] info/application	[Sensor] Updated distance: 6.38135838153836 cm | Severity=75 | SourceName=Sensor2 | EventType=application
[2026-08-16 20:01:37.036 (UTC)] info/application	[Sensor] Updated distance: 7.09466069498782 cm | Severity=75 | SourceName=Sensor2 | EventType=application
[2026-08-16 20:01:38.036 (UTC)] info/application	[Sensor] Updated distance: 7.00287491781771 cm | Severity=75 | SourceName=Sensor2 | EventType=application
[2026-08-16 20:01:39.036 (UTC)] info/application	[Sensor] Updated distance: 7.54569793587816 cm | Severity=75 | SourceName=Sensor2 | EventType=application
[2026-08-16 20:01:40.035 (UTC)] info/application	[Sensor] Updated distance: 7.49925183434936 cm | Severity=75 | SourceName=Sensor2 | EventType=application
[2026-08-16 20:01:41.035 (UTC)] info/application	[Sensor] Updated distance: 7.71757293828651 cm | Severity=75 | SourceName=Sensor2 | EventType=application
[2026-08-16 20:01:42.034 (UTC)] info/application	[Sensor] Updated distance: 8.32454793216873 cm | Severity=75 | SourceName=Sensor2 | EventType=application
[2026-08-16 20:01:43.035 (UTC)] info/application	[Sensor] Updated distance: 7.516498