[2026-08-17 04:50:23.678 (UTC+0800)] [33mwarn/server[0m	AccessControl: Unconfigured AccessControl. Users have all permissions.
[2026-08-17 04:50:23.678 (UTC+0800)] [32minfo/server[0m	AccessControl: Anonymous login is enabled
[2026-08-17 04:50:23.678 (UTC+0800)] [33mwarn/server[0m	x509 Certificate Authentication configured, but no encrypting SecurityPolicy. This can leak credentials on the network.
[2026-08-17 04:50:23.712 (UTC+0800)] [33mwarn/application[0m	ServerUrls already set. Overriding.
[2026-08-17 04:50:23.712 (UTC+0800)] [33mwarn/server[0m	AccessControl: Unconfigured AccessControl. Users have all permissions.
[2026-08-17 04:50:23.712 (UTC+0800)] [32minfo/server[0m	AccessControl: Anonymous login is enabled
[2026-08-17 04:50:23.712 (UTC+0800)] [33mwarn/server[0m	x509 Certificate Authentication configured, but no encrypting SecurityPolicy. This can leak credentials on the network.
[2026-08-17 04:50:23.712 (UTC+0800)] [33mwarn/server[0m	x509 Certificate Authentication configured, but no encrypting SecurityPolicy. This can leak credentials on the network.
[2026-08-16 20:50:23.712 (UTC)] info/application	Sensor Server online (Client/Server mode, id=3 port=4844) | Severity=75 | SourceName=Sensor3 | EventType=application
Entering background polling mode: attempting to connect to Aggregation Server...
Connected successfully. Log forwarding started.
[2026-08-16 20:50:24.720 (UTC)] info/application	[Sensor] Updated distance: 26.3753679147341 cm | Severity=75 | SourceName=Sensor3 | EventType=application
[2026-08-16 20:50:25.689 (UTC)] info/network	[System] TCP 16	| Connection opened from "127.0.0.1" via the server socket 8 | Severity=75 | SourceName=System | EventType=network
[2026-08-16 20:50:25.689 (UTC)] info/channel	[System] TCP 16	| SC 1	| SecureChannel created | Severity=75 | SourceName=System | EventType=channel
[2026-08-16 20:50:26.793 (UTC)] info/application	[Sensor] Updated distance: 27.0151539077122 cm | Severity=75 | SourceName=Sensor3 | EventType=application
[2026-08-16 20:50:26.814 (UTC)] info/channel	[System] TCP 16	| SC 1	| OpenSecureChannel: Channel opened with SecurityMode None for SecurityPolicy http://opcfoundation.org/UA/SecurityPolicy#None and a revised lifetime of 600.0s | Severity=75 | SourceName=System | EventType=channel
[2026-08-16 20:50:26.834 (UTC)] warn/client	[System] Removing a UserTokenPolicy that would allow the password to be transmitted without encryption (Can be enabled via config->allowNonePolicyPassword) | Severity=175 | SourceName=System | EventType=client
[2026-08-16 20:50:26.834 (UTC)] warn/client	[System] Removing a UserTokenPolicy that would allow the password to be transmitted without encryption (Can be enabled via config->allowNonePolicyPassword) | Severity=175 | SourceName=System | EventType=client
[2026-08-16 20:50:26.844 (UTC)] warn/client	[System] Removing a UserTokenPolicy that would allow the password to be transmitted without encryption (Can be enabled via config->allowNonePolicyPassword) | Severity=175 | SourceName=System | EventType=client
[2026-08-16 20:50:26.844 (UTC)] warn/client	[System] Removing a UserTokenPolicy that would allow the password to be transmitted without encryption (Can be enabled via config->allowNonePolicyPassword) | Severity=175 | SourceName=System | EventType=client
[2026-08-16 20:50:26.845 (UTC)] info/session	[System] TCP 16	| SC 1	| Session "ns=1;g=aa793b2f-d897-d384-3133-3373644634e3"	| Session created | Severity=75 | SourceName=System | EventType=session
[2026-08-16 20:50:26.855 (UTC)] info/session	[System] TCP 16	| SC 1	| Session "ns=1;g=aa793b2f-d897-d384-3133-3373644634e3"	| ActivateSession: Session activated with ClientUserId "" | Severity=75 | SourceName=System | EventType=session
[2026-08-16 20:50:27.240 (UTC)] info/session	[System] TCP 16	| SC 1	| Session "ns=1;g=aa793b2f-d897-d384-3133-3373644634e3"	| Subscription 1 | Subscription created (Publishing interval 500.0ms, max 1000 notifications per publish) | Severity=75 | SourceName=System | EventType=session
[2026-08-16 20:50:27.261 (UTC)] info/session	[System] TCP 16	| SC 1	| Session "ns=1;g=aa793b2f-d897-d384-3133-3373644634e3"	| Subscription 1 | MonitoredItem 1 | Created the MonitoredItem (Sampling Interval: 250.0ms, Queue Size: 1) | Severity=75 | SourceName=System | EventType=session
[2026-08-16 20:50:27.797 (UTC)] info/application	[Sensor] Updated distance: 28.2144238672752 cm | Severity=75 | SourceName=Sensor3 | EventType=application
[2026-08-16 20:50:28.696 (UTC)] info/network	[System] TCP 17	| Connection opened from "127.0.0.1" via the server socket 8 | Severity=75 | SourceName=System | EventType=network
[2026-08-16 20:50:28.696 (UTC)] info/channel	[System] TCP 17	| SC 2	| SecureChannel created | Severity=75 | SourceName=System | EventType=channel
[2026-08-16 20:50:28.717 (UTC)] info/channel	[System] TCP 17	| SC 2	| OpenSecureChannel: Channel opened with SecurityMode None for SecurityPolicy http://opcfoundation.org/UA/SecurityPolicy#None and a revised lifetime of 600.0s | Severity=75 | SourceName=System | EventType=channel
[2026-08-16 20:50:28.738 (UTC)] warn/client	[System] Removing a UserTokenPolicy that would allow the password to be transmitted without encryption (Can be enabled via config->allowNonePolicyPassword) | Severity=175 | SourceName=System | EventType=client
[2026-08-16 20:50:28.738 (UTC)] warn/client	[System] Removing a UserTokenPolicy that would allow the password to be transmitted without encryption (Can be enabled via config->allowNonePolicyPassword) | Severity=175 | SourceName=System | EventType=client
[2026-08-16 20:50:28.748 (UTC)] warn/client	[System] Removing a UserTokenPolicy that would allow the password to be transmitted without encryption (Can be enabled via config->allowNonePolicyPassword) | Severity=175 | SourceName=System | EventType=client
[2026-08-16 20:50:28.748 (UTC)] warn/client	[System] Removing a UserTokenPolicy that would allow the password to be transmitted without encryption (Can be enabled via config->allowNonePolicyPassword) | Severity=175 | SourceName=System | EventType=client
[2026-08-16 20:50:28.749 (UTC)] info/session	[System] TCP 17	| SC 2	| Session "ns=1;g=f9c53940-3338-29d4-5f95-1901bb4b64f6"	| Session created | Severity=75 | SourceName=System | EventType=session
[2026-08-16 20:50:28.760 (UTC)] info/session	[System] TCP 17	| SC 2	| Session "ns=1;g=f9c53940-3338-29d4-5f95-1901bb4b64f6"	| ActivateSession: Session activated with ClientUserId "" | Severity=75 | SourceName=System | EventType=session
[2026-08-16 20:50:28.801 (UTC)] info/application	[Sensor] Updated distance: 28.506603216057 cm | Severity=75 | SourceName=Sensor3 | EventType=application
[2026-08-16 20:50:29.800 (UTC)] info/application	[Sensor] Updated distance: 28.8466636335229 cm | Severity=75 | SourceName=Sensor3 | EventType=application
[2026-08-16 20:50:30.801 (UTC)] info/application	[Sensor] Updated distance: 29.3707106254858 cm | Severity=75 | SourceName=Sensor3 | EventType=application
[2026-08-16 20:50:31.801 (UTC)] info/application	[Sensor] Updated distance: 28.4448445997875 cm | Severity=75 | SourceName=Sensor3 | EventType=application
[2026-08-16 20:50:32.801 (UTC)] info/application	[Sensor] Updated distance: 29.4613590587216 cm | Severity=75 | SourceName=Sensor3 | EventType=application
[2026-08-16 20:50:33.802 (UTC)] info/application	[Sensor] Updated distance: 30.3042025290449 cm | Severity=75 | SourceName=Sensor3 | EventType=application
[2026-08-16 20:50:34.801 (UTC)] info/application	[Sensor] Updated distance: 30.521576848124 cm | Severity=75 | SourceName=Sensor3 | EventType=application
[2026-08-16 20:50:35.801 (UTC)] info/application	[Sensor] Updated distance: 29.5199949760083 cm | Severity=75 | SourceName=Sensor3 | EventType=application
[2026-08-16 20:50:36.800 (UTC)] info/application	[Sensor] Updated distance: 29.7068773450828 cm | Severity=75 | SourceName=Sensor3 | EventType=application
[2026-08-16 20:50:37.800 (UTC)] info/application	[Sensor] Updated distance: 31.1437988060731 cm | Severity=75 | SourceName=Sensor3 | EventType=application
[2026-08-16 20:50:38.800 (UTC)] info/application	[Sensor] Updated distance: 32.2633844415021 cm | Severity=75 | SourceName=Sensor3 | EventType=application
[2026-08-16 20:50:39.800 (UTC)] info/application	[Sensor] Updated distance: 32.2207179370898 cm | Severity=75 | SourceName=Sensor3 | EventType=application
[2026-08-16 20:50:40.800 (UTC)] info/application	[Sensor] Updated distance: 32.1763132522704 cm | Severity=75 | SourceName=Sensor3 | EventType=application
[2026-08-16 20:50:41.800 (UTC)] info/application	[Sensor] Updated distance: 32.0476306502464 cm | Severity=75 | SourceName=Sensor3 | EventType=application
[2026-08-16 20:50:42.800 (UTC)] info/application	[Sensor] Updated distance: 32.0824731355917 cm | Severity=75 | SourceName=Sensor3 | EventType=application
[2026-08-16 20:50:43.800 (UTC)] info/application	[Sensor] Updated distance: 33.149545683828 cm | Severity=75 | SourceName=Sensor3 | EventType=application
[2026-08-16 20:50:44.799 (UTC)] info/application	[Sensor] Updated distance: 33.3756375314554 cm | Severity=75 | SourceName=Sensor3 | EventType=application
[2026-08-16 20:50:45.800 (UTC)] info/application	[Sensor] Updated distance: 33.7505099639532 cm | Severity=75 | SourceName=Sensor3 | EventType=application
[2026-08-16 20:50:46.800 (UTC)] info/application	[Sensor] Updated distance: 32.4652552481113 cm | Severity=75 | SourceName=Sensor3 | EventType=application
[2026-08-16 20:50:47.801 (UTC)] info/application	[Sensor] Updated distance: 31.5925375223591 cm | Severity=75 | SourceName=Sensor3 | EventType=application
[2026-08-16 20:50:48.801 (UTC)] info/application	[Sensor] Updated distance: 31.986586471082 cm | Severity=75 | SourceName=Sensor3 | EventType=application
[2026-08-16 20:50:49.800 (UTC)] info/application	[Sensor] Updated distance: 32.5106461155278 cm | Severity=75 | SourceName=Sensor3 | EventType=application
[2026-08-16 20:50:50.800 (UTC)] info/application	[Sensor] Updated distance: 32.8397949756309 cm | Severity=75 | SourceName=Sensor3 | EventType=application
[2026-08-16 20:50:51.801 (UTC)] info/application	[Sensor] Updated distance: 34.0106672470042 cm | Severity=75 | SourceName=Sensor3 | EventType=application
[2026-08-16 20:50:52.801 (UTC)] info/application	[Sensor] Updated distance: 33.3970909385929 cm | Severity=75 | SourceName=Sensor3 | EventType=application
[2026-08-16 20:50:53.801 (UTC)] info/application	[Sensor] Updated distance: 33.0934497786656 cm | Severity=75 | SourceName=Sensor3 | EventType=application
[2026-08-16 20:50:54.802 (UTC)] info/application	[Sensor] Updated distance: 33.4667376333227 cm | Severity=75 | SourceName=Sensor3 | EventType=application
[2026-08-16 20:50:55.801 (UTC)] info/application	[Sensor] Updated distance: 33.9418968998091 cm | Severity=75 | SourceName=Sensor3 | EventType=application
[2026-08-16 20:50:56.802 (UTC)] info/application	[Sensor] Updated distance: 32.5136236532189 cm | Severity=75 | SourceName=Sensor3 | EventType=application
[2026-08-16 20:50:57.802 (UTC)] info/application	[Sensor] Updated distance: 32.0266974994572 cm | Severity=75 | SourceName=Sensor3 | EventType=application
[2026-08-16 20:50:58.802 (UTC)] info/application	[Sensor] Updated distance: 32.2011267241096 cm | Severity=75 | SourceName=Sensor3 | EventType=application
[2026-08-16 20:50:59.803 (UTC)] info/application	[Sensor] Updated distance: 32.5650328263012 cm | Severity=75 | SourceName=Sensor3 | EventType=application
[2026-08-16 20:51:00.793 (UTC)] info/application	[Sensor] Updated distance: 33.9181670900053 cm | Severity=75 | SourceName=Sensor3 | EventType=application
[2026-08-16 20:51:01.794 (UTC)] info/application	[Sensor] Updated distance: 33.1166433052238 cm | Severity=75 | SourceName=Sensor3 | EventType=application
[2026-08-16 20:51:02.794 (UTC)] info/application	[Sensor] Updated distance: 34.0546833817171 cm | Severity=75 | SourceName=Sensor3 | EventType=application
[2026-08-16 20:51:03.794 (UTC)] info/application	[Sensor] Updated distance: 34.9243321029583 cm | Severity=75 | SourceName=Sensor3 | EventType=application
[2026-08-16 20:51:04.794 (UTC)] info/application	[Sensor] Updated distance: 33.4656517885 cm | Severity=75 | SourceName=Sensor3 | EventType=application
[2026-08-16 20:51:05.794 (UTC)] info/application	[Sensor] Updated distance: 33.1210661826753 cm | Severity=75 | SourceName=Sensor3 | EventType=application
[2026-08-16 20:51:06.794 (UTC)] info/application	[Sensor] Updated distance: 34.4891330331979 cm | Severity=75 | SourceName=Sensor3 | EventType=application
[2026-08-16 20:51:07.795 (UTC)] info/application	[Sensor] Updated distance: 34.7173350878141 cm | Severity=75 | SourceName=Sensor3 | EventType=application
[2026-08-16 20:51:08.795 (UTC)] info/application	[Sensor] Updated distance: 34.3096709415827 cm | Severity=75 | SourceName=Sensor3 | EventType=application
[2026-08-16 20:51:09.795 (UTC)] info/application	[Sensor] Updated distance: 35.2973234261374 cm | Severity=75 | SourceName=Sensor3 | EventType=application
[2026-08-16 20:51:10.796 (UTC)] info/application	[Sensor] Updated distance: 33.9828589763413 cm | Severity=75 | SourceName=Sensor3 | EventType=application
[2026-08-16 20:51:11.796 (UTC)] info/application	[Sensor] Updated distance: 35.0307901452905 cm | Severity=75 | SourceName=Sensor3 | EventType=application
[2026-08-16 20:51:12.795 (UTC)] info/application	[Sensor] Updated distance: 34.3897600264241 cm | Severity=75 | SourceName=Sensor3 | EventType=application
[2026-08-16 20:51:13.796 (UTC)] info/application	[Sensor] Updated distance: 34.6101380619733 cm | Severity=75 | SourceName=Sensor3 | EventType=application
[2026-08-16 20:51:14.796 (UTC)] info/application	[Sensor] Updated distance: 35.2251417777618 cm | Severity=75 | SourceName=Sensor3 | EventType=application
[2026-08-16 20:51:15.796 (UTC)] info/application	[Sensor] Updated distance: 36.3102035065229 cm | Severity=75 | SourceName=Sensor3 | EventType=application
[2026-08-16 20:51:16.796 (UTC)] info/application	[Sensor] Updated distance: 35.4054539731729 cm | Severity=75 | SourceName=Sensor3 | EventType=application
[2026-08-16 20:51:17.796 (UTC)] info/application	[Sensor] Updated distance: 36.2352029731195 cm | Severity=75 | SourceName=Sensor3 | EventType=application
[2026-08-16 20:51:18.796 (UTC)] info/application	[Sensor] Updated distance: 34.9475469747314 cm | Severity=75 | SourceName=Sensor3 | EventType=application
[2026-08-16 20:51:19.796 (UTC)] info/application	[Sensor] Updated distance: 35.9368463915013 cm | Severity=75 | SourceName=Sensor3 | EventType=application
[2026-08-16 20:51:20.796 (UTC)] info/application	[Sensor] Updated distance: 35.7906550344968 cm | Severity=75 | SourceName=Sensor3 | EventType=application
[2026-08-16 20:51:21.796 (UTC)] info/application	[Sensor] Updated distance: 36.3321478976086 cm | Severity=75 | SourceName=Sensor3 | EventType=application
[2026-08-16 20:51:22.796 (UTC)] info/application	[Sensor] Updated distance: 36.9923195843549 cm | Severity=75 | SourceName=Sensor3 | EventType=application
[2026-08-16 20:51:23.796 (UTC)] info/application	[Sensor] Updated distance: 37.732551918939 cm | Severity=75 | SourceName=Sensor3 | EventType=application
[2026-08-16 20:51:24.796 (UTC)] info/application	[Sensor] Updated distance: 36.4704036207266 cm | Severity=75 | SourceName=Sensor3 | EventType=application
[2026-08-16 20:51:25.796 (UTC)] info/application	[Sensor] Updated distance: 36.0038631607331 cm | Severity=75 | SourceName=Sensor3 | EventType=application
[2026-08-16 20:51:26.796 (UTC)] info/application	[Sensor] Updated distance: 35.7192547604066 cm | Severity=75 | SourceName=Sensor3 | EventType=application
[2026-08-16 20:51:27.796 (UTC)] info/application	[Sensor] Updated distance: 34.528833215604 cm | Severity=75 | SourceName=Sensor3 | EventType=application
[2026-08-16 20:51:28.796 (UTC)] info/application	[Sensor] Updated distance: 35.0753666018487 cm | Severity=75 | SourceName=Sensor3 | EventType=application
[2026-08-16 20:51:29.796 (UTC)] info/application	[Sensor] Updated distance: 36.4651874275716 cm | Severity=75 | SourceName=Sensor3 | EventType=application
[2026-08-16 20:51:30.796 (UTC)] info/application	[Sensor] Updated distance: 37.1386719863576 cm | Severity=75 | SourceName=Sensor3 | EventType=application
[2026-08-16 20:51:31.796 (UTC)] info/application	[Sensor] Updated distance: 37.5383396363065 cm | Severity=75 | SourceName=Sensor3 | EventType=application
[2026-08-16 20:51:32.796 (UTC)] info/application	[Sensor] Updated distance: 36.6266366758508 cm | Severity=75 | SourceName=Sensor3 | EventType=application
[2026-08-16 20:51:33.796 (UTC)] info/application	[Sensor] Updated distance: 36.7381613097332 cm | Severity=75 | SourceName=Sensor3 | EventType=application
[2026-08-16 20:51:34.796 (UTC)] info/application	[Sensor] Updated distance: 36.5074776795262 cm | Severity=75 | SourceName=Sensor3 | EventType=application
[2026-08-16 20:51:35.796 (UTC)] info/application	[Sensor] Updated distance: 35.6370944046123 cm | Severity=75 | SourceName=Sensor3 | EventType=application
[2026-08-16 20:51:36.796 (UTC)] info/application	[Sensor] Updated distance: 36.904033434067 cm | Severity=75 | SourceName=Sensor3 | EventType=application
[2026-08-16 20:51:37.795 (UTC)] info/application	[Sensor] Updated distance: 36.5414166529856 cm | Severity=75 | SourceName=Sensor3 | EventType=application
[2026-08-16 20:51:38.795 (UTC)] info/application	[Sensor] Updated distance: 37.3992354340848 cm | Severity=75 | SourceName=Sensor3 | EventType=application
[2026-08-16 20:51:39.795 (UTC)] info/application	[Sensor] Updated distance: 36.7585103159112 cm | Severity=75 | SourceName=Sensor3 | EventType=application
[2026-08-16 20:51:40.795 (UTC)] info/application	[Sensor] Updated distance: 35.8835460179875 cm | Severity=75 | SourceName=Sensor3 | EventType=application
[2026-08-16 20:51:41.796 (UTC)] info/application	[Sensor] Updated distance: 36.9269003492905 cm | Severity=75 | SourceName=Sensor3 | EventType=application
[2026-08-16 20:51:42.796 (UTC)] info/application	[Sensor] Updated distance: 35.8341064000661 cm | Severity=75 | SourceName=Sensor3 | EventType=application
[2026-08-16 20:51:43.796 (UTC)] info/application	[Sensor] Updated distance: 35.818111983276 cm | Severity=75 | SourceName=Sensor3 | EventType=application
[2026-08-16 20:51:44.797 (UTC)] info/application	[Sensor] Updated distance: 35.5818443487314 cm | Severity=75 | SourceName=Sensor3 | EventType=application
[2026-08-16 20:51:45.797 (UTC)] info/application	[Sensor] Updated distance: 36.6040541152955 cm | Severity=75 | SourceName=Sensor3 | EventType=application
[2026-08-16 20:51:46.798 (UTC)] info/application	[Sensor] Updated distance: 36.1731214272665 cm | Severity=75 | SourceName=Sensor3 | EventType=application
[2026-08-16 20:51:47.798 (UTC)] info/application	[Sensor] Updated distance: 36.5321042593718 cm | Severity=75 | SourceName=Sensor3 | EventType=application
[2026-08-16 20:51:48.799 (UTC)] info/application	[Sensor] Updated distance: 36.8840630258825 cm | Severity=75 | SourceName=Sensor3 | EventType=application
[2026-08-16 20:51:49.799 (UTC)] info/application	[Sensor] Updated distance: 36.6654743394654 cm | Severity=75 | SourceName=Sensor3 | EventType=application
[2026-08-16 20:51:50.799 (UTC)] info/application	[Sensor] Updated distance: 36.5137565869437 cm | Severity=75 | SourceName=Sensor3 | EventType=application
[2026-08-16 20:51:51.800 (UTC)] info/application	[Sensor] Updated distance: 35.2195239950528 cm | Severity=75 | SourceName=Sensor3 | EventType=application
[2026-08-16 20:51:52.800 (UTC)] info/application	[Sensor] Updated distance: 34.0424281703506 cm | Severity=75 | SourceName=Sensor3 | EventType=application
[2026-08-16 20:51:53.800 (UTC)] info/application	[Sensor] Updated distance: 33.0508821031782 cm | Severity=75 | SourceName=Sensor3 | EventType=application
[2026-08-16 20:51:54.800 (UTC)] info/application	[Sensor] Updated distance: 33.9968818472684 cm | Severity=75 | SourceName=Sensor3 | EventType=application
[2026-08-16 20:51:55.800 (UTC)] info/application	[Sensor] Updated distance: 33.0576377243538 cm | Severity=75 | SourceName=Sensor3 | EventType=application
[2026-08-16 20:51:56.800 (UTC)] info/application	[Sensor] Updated distance: 33.0995511971878 cm | Severity=75 | SourceName=Sensor3 | EventType=application
[2026-08-16 20:51:57.800 (UTC)] info/application	[Sensor] Updated distance: 32.2609425395546 cm | Severity=75 | SourceName=Sensor3 | EventType=application
[2026-08-16 20:51:58.801 (UTC)] info/application	[Sensor] Updated distance: 31.6312768732343 cm | Severity=75 | SourceName=Sensor3 | EventType=application
[2026-08-16 20:51:59.801 (UTC)] info/application	[Sensor] Updated distance: 30.719723732313 cm | Severity=75 | SourceName=Sensor3 | EventType=application
[2026-08-16 20:52:00.801 (UTC)] info/application	[Sensor] Updated distance: 29.7709358990057 cm | Severity=75 | SourceName=Sensor3 | EventType=application
[2026-08-16 20:52:01.802 (UTC)] info/application	[Sensor] Updated distance: 28.3147547900746 cm | Severity=75 | SourceName=Sensor3 | EventType=application
[2026-08-16 20:52:02.802 (UTC)] info/application	[Sensor] Updated distance: 29.3028692991021 cm | Severity=75 | SourceName=Sensor3 | EventType=application
[2026-08-16 20:52:03.803 (UTC)] info/application	[Sensor] Updated distance: 28.9423785067361 cm | Severity=75 | SourceName=Sensor3 | EventType=application
[2026-08-16 20:52:04.803 (UTC)] info/application	[Sensor] Updated distance: 29.0977220316873 cm | Severity=75 | SourceName=Sensor3 | EventType=application
[2026-08-16 20:52:05.794 (UTC)] info/application	[Sensor] Updated distance: 28.3551529091109 cm | Severity=75 | SourceName=Sensor3 | EventType=application
[2026-08-16 20:52:06.794 (UTC)] info/application	[Sensor] Updated distance: 28.6242788418309 cm | Severity=75 | SourceName=Sensor3 | EventType=application
[2026-08-16 20:52:07.795 (UTC)] info/application	[Sensor] Updated distance: 28.5465613948398 cm | Severity=75 | SourceName=Sensor3 | EventType=application
[2026-08-16 20:52:08.795 (UTC)] info/application	[Sensor] Updated distance: 28.941375492579 cm | Severity=75 | SourceName=Sensor3 | EventType=application
[2026-08-16 20:52:09.796 (UTC)] info/application	[Sensor] Updated distance: 28.5683202050013 cm | Severity=75 | SourceName=Sensor3 | EventType=application
[2026-08-16 20:52:10.797 (UTC)] info/application	[Sensor] Updated distance: 29.3498776412336 cm | Severity=75 | SourceName=Sensor3 | EventType=application
[2026-08-16 20:52:11.797 (UTC)] info/application	[Sensor] Updated distance: 30.3697274410491 cm | Severity=75 | SourceName=Sensor3 | EventType=application
[2026-08-16 20:52:12.798 (UTC)] info/application	[Sensor] Updated distance: 29.5400264833775 cm | Severity=75 | SourceName=Sensor3 | EventType=application
[2026-08-16 20:52:13.798 (UTC)] info/application	[Sensor] Updated distance: 30.7287899703853 cm | Severity=75 | SourceName=Sensor3 | EventType=application
[2026-08-16 20:52:14.798 (UTC)] info/application	[Sensor] Updated distance: 30.2326453534107 cm | Severity=75 | SourceName=Sensor3 | EventType=application
[2026-08-16 20:52:15.799 (UTC)] info/application	[Sensor] Updated distance: 30.6666767611945 cm | Severity=75 | SourceName=Sensor3 | EventType=application
[2026-08-16 20:52:16.799 (UTC)] info/application	[Sensor] Updated distance: 31.3776500133694 cm | Severity=75 | SourceName=Sensor3 | EventType=application
[2026-08-16 20:52:17.800 (UTC)] info/application	[Sensor] Updated distance: 31.9505727083658 cm | Severity=75 | SourceName=Sensor3 | EventType=application
[2026-08-16 20:52:18.799 (UTC)] info/application	[Sensor] Updated distance: 31.2435869482549 cm | Severity=75 | SourceName=Sensor3 | EventType=application
[2026-08-16 20:52:19.800 (UTC)] info/application	[Sensor] Updated distance: 30.8065189655435 cm | Severity=75 | SourceName=Sensor3 | EventType=application
[2026-08-16 20:52:20.800 (UTC)] info/application	[Sensor] Updated distance: 29.6608529727258 cm | Severity=75 | SourceName=Sensor3 | EventType=application
[2026-08-16 20:52:21.801 (UTC)] info/application	[Sensor] Updated distance: 30.3021494600932 cm | Severity=75 | SourceName=Sensor3 | EventType=application
[2026-08-16 20:52:22.801 (UTC)] info/application	[Sensor] Updated distance: 30.070848886888 cm | Severity=75 | SourceName=Sensor3 | EventType=application
[2026-08-16 20:52:23.801 (UTC)] info/application	[Sensor] Updated distance: 29.248087070765 cm | Severity=75 | SourceName=Sensor3 | EventType=application
[2026-08-16 20:52:24.802 (UTC)] info/application	[Sensor] Updated distance: 30.397837492357 cm | Severity=75 | SourceName=Sensor3 | EventType=application
[2026-08-16 20:52:25.802 (UTC)] info/application	[Sensor] Updated distance: 29.612536661845 cm | Severity=75 | SourceName=Sensor3 | EventType=application
[2026-08-16 20:52:26.801 (UTC)] info/application	[Sensor] Updated distance: 29.3505307228074 cm | Severity=75 | SourceName=Sensor3 | EventType=application
[2026-08-16 20:52:27.801 (UTC)] info/application	[Sensor] Updated distance: 29.0421946158364 cm | Severity=75 | SourceName=Sensor3 | EventType=application
[2026-08-16 20:52:28.802 (UTC)] info/application	[Sensor] Updated distance: 28.9182851276911 cm | Severity=75 | SourceName=Sensor3 | EventType=application
[2026-08-16 20:52:29.802 (UTC)] info/application	[Sensor] Updated distance: 29.5266135223334 cm | Severity=75 | SourceName=Sensor3 | EventType=application
[2026-08-16 20:52:30.803 (UTC)] info/application	[Sensor] Updated distance: 29.806724274441 cm | Severity=75 | SourceName=Sensor3 | EventType=application
[2026-08-16 20:52:31.803 (UTC)] info/application	[Sensor] Updated distance: 30.2340269543855 cm | Severity=75 | SourceName=Sensor3 | EventType=application
[2026-08-16 20:52:32.793 (UTC)] info/application	[Sensor] Updated distance: 30.8861742400966 cm | Severity=75 | SourceName=Sensor3 | EventType=application
[2026-08-16 20:52:33.793 (UTC)] info/application	[Sensor] Updated distance: 30.6543994998347 cm | Severity=75 | SourceName=Sensor3 | EventType=application
[2026-08-16 20:52:34.793 (UTC)] info/application	[Sensor] Updated distance: 29.2212113860162 cm | Severity=75 | SourceName=Sensor3 | EventType=application
[2026-08-16 20:52:35.793 (UTC)] info/application	[Sensor] Updated distance: 28.5287021966785 cm | Severity=75 | SourceName=Sensor3 | EventType=application
[2026-08-16 20:52:36.793 (UTC)] info/application	[Sensor] Updated distance: 29.0543583352372 cm | Severity=75 | SourceName=Sensor3 | EventType=application
[2026-08-16 20:52:37.793 (UTC)] info/application	[Sensor] Updated distance: 29.3902961541388 cm | Severity=75 | SourceName=Sensor3 | EventType=application
[2026-08-16 20:52:38.794 (UTC)] info/application	[Sensor] Updated distance: 30.12006951781 cm | Severity=75 | SourceName=Sensor3 | EventType=application
[2026-08-16 20:52:39.794 (UTC)] info/application	[Sensor] Updated distance: 29.5405397527109 cm | Severity=75 | SourceName=Sensor3 | EventType=application
[2026-08-16 20:52:40.795 (UTC)] info/application	[Sensor] Updated distance: 31.0034222854317 cm | Severity=75 | SourceName=Sensor3 | EventType=application
[2026-08-16 20:52:41.795 (UTC)] info/application	[Sensor] Updated distance: 31.0147530839382 cm | Severity=75 | SourceName=Sensor3 | EventType=application
[2026-08-16 20:52:42.796 (UTC)] info/application	[Sensor] Updated distance: 29.9550731172576 cm | Severity=75 | SourceName=Sensor3 | EventType=application
[2026-08-16 20:52:43.796 (UTC)] info/application	[Sensor] Updated distance: 29.0882546909099 cm | Severity=75 | SourceName=Sensor3 | EventType=application
[2026-08-16 20:52:44.796 (UTC)] info/application	[Sensor] Updated distance: 28.7883489750272 cm | Severity=75 | SourceName=Sensor3 | EventType=application
[2026-08-16 20:52:45.797 (UTC)] info/application	[Sensor] Updated distance: 28.732524391372 cm | Severity=75 | SourceName=Sensor3 | EventType=application
[2026-08-16 20:52:46.797 (UTC)] info/application	[Sensor] Updated distance: 29.799737374205 cm | Severity=75 | SourceName=Sensor3 | EventType=application
[2026-08-16 20:52:47.798 (UTC)] info/application	[Sensor] Updated distance: 28.7108049104972 cm | Severity=75 | SourceName=Sensor3 | EventType=application
[2026-08-16 20:52:48.798 (UTC)] info/application	[Sensor] Updated distance: 27.7279030204415 cm | Severity=75 | SourceName=Sensor3 | EventType=application
[2026-08-16 20:52:49.799 (UTC)] info/application	[Sensor] Updated distance: 26.5881302417667 cm | Severity=75 | SourceName=Sensor3 | EventType=application
[2026-08-16 20:52:50.800 (UTC)] info/application	[Sensor] Updated distance: 26.5621297953474 cm | Severity=75 | SourceName=Sensor3 | EventType=application
[2026-08-16 20:52:51.800 (UTC)] info/application	[Sensor] Updated distance: 25.933561913871 cm | Severity=75 | SourceName=Sensor3 | EventType=application
[2026-08-16 20:52:52.801 (UTC)] info/application	[Sensor] Updated distance: 26.9350856225636 cm | Severity=75 | SourceName=Sensor3 | EventType=application
[2026-08-16 20:52:53.801 (UTC)] info/application	[Sensor] Updated distance: 28.1777846029391 cm | Severity=75 | SourceName=Sensor3 | EventType=application
[2026-08-16 20:52:54.802 (UTC)] info/application	[Sensor] Updated distance: 28.2264549053398 cm | Severity=75 | SourceName=Sensor3 | EventType=application
[2026-08-16 20:52:55.802 (UTC)] info/application	[Sensor] Updated distance: 28.8777290342272 cm | Severity=75 | SourceName=Sensor3 | EventType=application
[2026-08-16 20:52:56.803 (UTC)] info/application	[Sensor] Updated distance: 27.8351271826938 cm | Severity=75 | SourceName=Sensor3 | EventType=application
[2026-08-16 20:52:57.794 (UTC)] info/application	[Sensor] Updated distance: 29.1217915460569 cm | Severity=75 | SourceName=Sensor3 | EventType=application
[2026-08-16 20:52:58.794 (UTC)] info/application	[Sensor] Updated distance: 27.9647295679733 cm | Severity=75 | SourceName=Sensor3 | EventType=application
[2026-08-16 20:52:59.795 (UTC)] info/application	[Sensor] Updated distance: 28.2982182296916 cm | Severity=75 | SourceName=Sensor3 | EventType=application
[2026-08-16 20:53:00.796 (UTC)] info/application	[Sensor] Updated distance: 28.693210987697 cm | Severity=75 | SourceName=Sensor3 | EventType=application
[2026-08-16 20:53:01.796 (UTC)] info/application	[Sensor] Updated distance: 29.316259761721 cm | Severity=75 | SourceName=Sensor3 | EventType=application
[2026-08-16 20:53:02.797 (UTC)] info/application	[Sensor] Updated distance: 28.5770511019868 cm | Severity=75 | SourceName=Sensor3 | EventType=application
[2026-08-16 20:53:03.797 (UTC)] info/application	[Sensor] Updated distance: 28.1241911443063 cm | Severity=75 | SourceName=Sensor3 | EventType=application
[2026-08-16 20:53:04.797 (UTC)] info/application	[Sensor] Updated distance: 27.0154651780685 cm | Severity=75 | SourceName=Sensor3 | EventType=application
[2026-08-16 20:53:05.797 (UTC)] info/application	[Sensor] Updated distance: 26.3430684045158 cm | Severity=75 | SourceName=Sensor3 | EventType=application
[2026-08-16 20:53:06.798 (UTC)] info/application	[Sensor] Updated distance: 26.6976992574976 cm | Severity=75 | SourceName=Sensor3 | EventType=application
[2026-08-16 20:53:07.798 (UTC)] info/application	[Sensor] Updated distance: 27.6146294298185 cm | Severity=75 | SourceName=Sensor3 | EventType=application
[2026-08-16 20:53:08.799 (UTC)] info/application	[Sensor] Updated distance: 28.7781704751673 cm | Severity=75 | SourceName=Sensor3 | EventType=application
[2026-08-16 20:53:09.799 (UTC)] info/application	[Sensor] Updated distance: 28.3625746918203 cm | Severity=75 | SourceName=Sensor3 | EventType=application
[2026-08-16 20:53:10.799 (UTC)] info/application	[Sensor] Updated distance: 27.1999750976451 cm | Severity=75 | SourceName=Sensor3 | EventType=application
[2026-08-16 20:53:11.800 (UTC)] info/application	[Sensor] Updated distance: 28.3263986743179 cm | Severity=75 | SourceName=Sensor3 | EventType=application
[2026-08-16 20:53:12.801 (UTC)] info/application	[Sensor] Updated distance: 29.4221336894772 cm | Severity=75 | SourceName=Sensor3 | EventType=application
[2026-08-16 20:53:13.801 (UTC)] info/application	[Sensor] Updated distance: 28.6998541286215 cm | Severity=75 | SourceName=Sensor3 | EventType=application
[2026-08-16 20:53:14.802 (UTC)] info/application	[Sensor] Updated distance: 27.4594592789465 cm | Severity=75 | SourceName=Sensor3 | EventType=application
[2026-08-16 20:53:15.801 (UTC)] info/application	[Sensor] Updated distance: 26.7552885782231 cm | Severity=75 | SourceName=Sensor3 | EventType=application
[2026-08-16 20:53:16.802 (UTC)] info/application	[Sensor] Updated distance: 27.4771844351093 cm | Severity=75 | SourceName=Sensor3 | EventType=application
[2026-08-16 20:53:17.802 (UTC)] info/application	[Sensor] Updated distance: 28.8040025682673 cm | Severity=75 | SourceName=Sensor3 | EventType=application
[2026-08-16 20:53:18.803 (UTC)] info/application	[Sensor] Updated distance: 28.5108994038361 cm | Severity=75 | SourceName=Sensor3 | EventType=application
[2026-08-16 20:53:19.803 (UTC)] info/application	[Sensor] Updated distance: 29.7498933706665 cm | Severity=75 | SourceName=Sensor3 | EventType=application
[2026-08-16 20:53:20.793 (UTC)] info/application	[Sensor] Updated distance: 28.4369387237527 cm | Severity=75 | SourceName=Sensor3 | EventType=application
[2026-08-16 20:53:21.794 (UTC)] info/application	[Sensor] Updated distance: 29.6178351129023 cm | Severity=75 | SourceName=Sensor3 | EventType=application
[2026-08-16 20:53:22.794 (UTC)] info/application	[Sensor] Updated distance: 28.7282611968593 cm | Severity=75 | SourceName=Sensor3 | EventType=application
[2026-08-16 20:53:23.795 (UTC)] info/application	[Sensor] Updated distance: 29.9168302586381 cm | Severity=75 | SourceName=Sensor3 | EventType=application
[2026-08-16 20:53:24.795 (UTC)] info/application	[Sensor] Updated distance: 30.8404256281631 cm | Severity=75 | SourceName=Sensor3 | EventType=application
[2026-08-16 20:53:25.796 (UTC)] info/application	[Sensor] Updated distance: 31.4995220145209 cm | Severity=75 | SourceName=Sensor3 | EventType=application
[2026-08-16 20:53:26.798 (UTC)] info/application	[Sensor] Updated distance: 31.8393652051871 cm | Severity=75 | SourceName=Sensor3 | EventType=application
[2026-08-16 20:53:27.800 (UTC)] info/application	[Sensor] Updated distance: 33.2203587231787 cm | Severity=75 | SourceName=Sensor3 | EventType=application
[2026-08-16 20:53:28.799 (UTC)] info/application	[Sensor] Updated distance: 33.6661194728996 cm | Severity=75 | SourceName=Sensor3 | EventType=application
[2026-08-16 20:53:29.802 (UTC)] info/application	[Sensor] Updated distance: 34.3489006854822 cm | Severity=75 | SourceName=Sensor3 | EventType=application
[2026-08-16 20:53:30.803 (UTC)] info/application	[Sensor] Updated distance: 34.5633828637951 cm | Severity=75 | SourceName=Sensor3 | EventType=application
[2026-08-16 20:53:31.793 (UTC)] info/application	[Sensor] Updated distance: 33.9041363701244 cm | Severity=75 | SourceName=Sensor3 | EventType=application
[2026-08-16 20:53:32.793 (UTC)] info/application	[Sensor] Updated distance: 33.709966355334 cm | Severity=75 | SourceName=Sensor3 | EventType=application
[2026-08-16 20:53:33.794 (UTC)] info/application	[Sensor] Updated distance: 34.6852398739128 cm | Severity=75 | SourceName=Sensor3 | EventType=application
[2026-08-16 20:53:34.794 (UTC)] info/application	[Sensor] Updated distance: 35.0731334225615 cm | Severity=75 | SourceName=Sensor3 | EventType=application
[2026-08-16 20:53:35.794 (UTC)] info/application	[Sensor] Updated distance: 35.2702374415334 cm | Severity=75 | SourceName=Sensor3 | EventType=application
[2026-08-16 20:53:36.794 (UTC)] info/application	[Sensor] Updated distance: 34.0731141851624 cm | Severity=75 | SourceName=Sensor3 | EventType=application
[2026-08-16 20:53:37.794 (UTC)] info/application	[Sensor] Updated distance: 33.315638586793 cm | Severity=75 | SourceName=Sensor3 | EventType=application
[2026-08-16 20:53:38.794 (UTC)] info/application	[Sensor] Updated distance: 32.9296727766887 cm | Severity=75 | SourceName=Sensor3 | EventType=application
[2026-08-16 20:53:39.794 (UTC)] info/application	[Sensor] Updated distance: 34.3960905670636 cm | Severity=75 | SourceName=Sensor3 | EventType=application
[2026-08-16 20:53:40.795 (UTC)] info/application	[Sensor] Updated distance: 34.723019185347 cm | Severity=75 | SourceName=Sensor3 | EventType=application
[2026-08-16 20:53:41.795 (UTC)] info/application	[Sensor] Updated distance: 34.6744537810676 cm | Severity=75 | SourceName=Sensor3 | EventType=application
[2026-08-16 20:53:42.796 (UTC)] info/application	[Sensor] Updated distance: 35.7672951467183 cm | Severity=75 | SourceName=Sensor3 | EventType=application
[2026-08-16 20:53:43.796 (UTC)] info/application	[Sensor] Updated distance: 35.6899587787641 cm | Severity=75 | SourceName=Sensor3 | EventType=application
[2026-08-16 20:53:44.797 (UTC)] info/application	[Sensor] Updated distance: 36.419113815026 cm | Severity=75 | SourceName=Sensor3 | EventType=application
[2026-08-16 20:53:45.797 (UTC)] info/application	[Sensor] Updated distance: 37.7715603310017 cm | Severity=75 | SourceName=Sensor3 | EventType=application
[2026-08-16 20:53:46.798 (UTC)] info/application	[Sensor] Updated distance: 38.4900532623241 cm | Severity=75 | SourceName=Sensor3 | EventType=application
[2026-08-16 20:53:47.799 (UTC)] info/application	[Sensor] Updated distance: 38.4411041540751 cm | Severity=75 | SourceName=Sensor3 | EventType=application
[2026-08-16 20:53:48.799 (UTC)] info/application	[Sensor] Updated distance: 39.6203688018119 cm | Severity=75 | SourceName=Sensor3 | EventType=application
[2026-08-16 20:53:49.799 (UTC)] info/application	[Sensor] Updated distance: 38.5457585673061 cm | Severity=75 | SourceName=Sensor3 | EventType=application
[2026-08-16 20:53:50.800 (UTC)] info/application	[Sensor] Updated distance: 38.2358034244905 cm | Severity=75 | SourceName=Sensor3 | EventType=application
[2026-08-16 20:53:51.800 (UTC)] info/application	[Sensor] Updated distance: 39.6021134253136 cm | Severity=75 | SourceName=Sensor3 | EventType=application
[2026-08-16 20:53:52.801 (UTC)] info/application	[Sensor] Updated distance: 38.2083995799573 cm | Severity=75 | SourceName=Sensor3 | EventType=application
[2026-08-16 20:53:53.801 (UTC)] info/application	[Sensor] Updated distance: 38.5088705224958 cm | Severity=75 | SourceName=Sensor3 | EventType=application
[2026-08-16 20:53:54.801 (UTC)] info/application	[Sensor] Updated distance: 39.5637495850976 cm | Severity=75 | SourceName=Sensor3 | EventType=application
[2026-08-16 20:53:55.801 (UTC)] info/application	[Sensor] Updated distance: 40.5936311092664 cm | Severity=75 | SourceName=Sensor3 | EventType=application
[2026-08-16 20:53:56.801 (UTC)] info/application	[Sensor] Updated distance: 40.0531984367656 cm | Severity=75 | SourceName=Sensor3 | EventType=application
[2026-08-16 20:53:57.802 (UTC)] info/application	[Sensor] Updated distance: 39.9479206886366 cm | Severity=75 | SourceName=Sensor3 | EventType=application
[2026-08-16 20:53:58.803 (UTC)] info/application	[Sensor] Updated distance: 40.8587957294001 cm | Severity=75 | SourceName=Sensor3 | EventType=application
[2026-08-16 20:53:59.794 (UTC)] info/application	[Sensor] Updated distance: 42.2641238066201 cm | Severity=75 | SourceName=Sensor3 | EventType=application
[2026-08-16 20:54:00.794 (UTC)] info/application	[Sensor] Updated distance: 41.3416272696767 cm | Severity=75 | SourceName=Sensor3 | EventType=application
[2026-08-16 20:54:01.795 (UTC)] info/application	[Sensor] Updated distance: 40.9669844887531 cm | Severity=75 | SourceName=Sensor3 | EventType=application
[2026-08-16 20:54:02.795 (UTC)] info/application	[Sensor] Updated distance: 40.2130660709055 cm | Severity=75 | SourceName=Sensor3 | EventType=application
[2026-08-16 20:54:03.795 (UTC)] info/application	[Sensor] Updated distance: 40.5963995191718 cm | Severity=75 | SourceName=Sensor3 | EventType=application
[2026-08-16 20:54:04.796 (UTC)] info/application	[Sensor] Updated distance: 39.6970302554299 cm | Severity=75 | SourceName=Sensor3 | EventType=application
[2026-08-16 20:54:05.797 (UTC)] info/application	[Sensor] Updated distance: 40.831005387628 cm | Severity=75 | SourceName=Sensor3 | EventType=application
[2026-08-16 20:54:06.797 (UTC)] info/application	[Sensor] Updated distance: 39.9114428548661 cm | Severity=75 | SourceName=Sensor3 | EventType=application
[2026-08-16 20:54:07.798 (UTC)] info/application	[Sensor] Updated distance: 39.3149503361504 cm | Severity=75 | SourceName=Sensor3 | EventType=application
[2026-08-16 20:54:08.798 (UTC)] info/application	[Sensor] Updated distance: 38.1914498685819 cm | Severity=75 | SourceName=Sensor3 | EventType=application
[2026-08-16 20:54:09.799 (UTC)] info/application	[Sensor] Updated distance: 38.3859215257158 cm | Severity=75 | SourceName=Sensor3 | EventType=application
[2026-08-16 20:54:10.800 (UTC)] info/application	[Sensor] Updated distance: 37.755846795978 cm | Severity=75 | SourceName=Sensor3 | EventType=application
[2026-08-16 20:54:11.800 (UTC)] info/application	[Sensor] Updated distance: 38.459274946693 cm | Severity=75 | SourceName=Sensor3 | EventType=application
[2026-08-16 20:54:12.801 (UTC)] info/application	[Sensor] Updated distance: 37.1051811995475 cm | Severity=75 | SourceName=Sensor3 | EventType=application
[2026-08-16 20:54:13.801 (UTC)] info/application	[Sensor] Updated distance: 36.0679478340633 cm | Severity=75 | SourceName=Sensor3 | EventType=application
[2026-08-16 20:54:14.801 (UTC)] info/application	[Sensor] Updated distance: 35.1940396154272 cm | Severity=75 | SourceName=Sensor3 | EventType=application
[2026-08-16 20:54:15.802 (UTC)] info/application	[Sensor] Updated distance: 36.0691009045435 cm | Severity=75 | SourceName=Sensor3 | EventType=application
[2026-08-16 20:54:16.802 (UTC)] info/application	[Sensor] Updated distance: 34.8843140550351 cm | Severity=75 | SourceName=Sensor3 | EventType=application
[2026-08-16 20:54:17.803 (UTC)] info/application	[Sensor] Updated distance: 36.2288987691183 cm | Severity=75 | SourceName=Sensor3 | EventType=application
[2026-08-16 20:54:18.793 (UTC)] info/application	[Sensor] Updated distance: 35.5550109485886 cm | Severity=75 | SourceName=Sensor3 | EventType=application
[2026-08-16 20:54:19.794 (UTC)] info/application	[Sensor] Updated distance: 37.049488746817 cm | Severity=75 | SourceName=Sensor3 | EventType=application
[2026-08-16 20:54:20.795 (UTC)] info/application	[Sensor] Updated distance: 35.8194632249975 cm | Severity=75 | SourceName=Sensor3 | EventType=application
[2026-08-16 20:54:21.796 (UTC)] info/application	[Sensor] Updated distance: 36.3356202616522 cm | Severity=75 | SourceName=Sensor3 | EventType=application
[2026-08-16 20:54:22.796 (UTC)] info/application	[Sensor] Updated distance: 37.6964080607036 cm | Severity=75 | SourceName=Sensor3 | EventType=application
[2026-08-16 20:54:23.796 (UTC)] info/application	[Sensor] Updated distance: 36.5726686935279 cm | Severity=75 | SourceName=Sensor3 | EventType=application
[2026-08-16 20:54:24.797 (UTC)] info/application	[Sensor] Updated distance: 35.8892966713241 cm | Severity=75 | SourceName=Sensor3 | EventType=application
[2026-08-16 20:54:25.797 (UTC)] info/application	[Sensor] Updated distance: 36.8049635315803 cm | Severity=75 | SourceName=Sensor3 | EventType=application
[2026-08-16 20:54:26.797 (UTC)] info/application	[Sensor] Updated distance: 38.2111056885734 cm | Severity=75 | SourceName=Sensor3 | EventType=application
[2026-08-16 20:54:27.798 (UTC)] info/application	[Sensor] Updated distance: 38.4873009952658 cm | Severity=75 | SourceName=Sensor3 | EventType=application
[2026-08-16 20:54:28.798 (UTC)] info/application	[Sensor] Updated distance: 37.797690105996 cm | Severity=75 | SourceName=Sensor3 | EventType=application
[2026-08-16 20:54:29.799 (UTC)] info/application	[Sensor] Updated distance: 38.6147073037526 cm | Severity=75 | SourceName=Sensor3 | EventType=application
[2026-08-16 20:54:30.799 (UTC)] info/application	[Sensor] Updated distance: 38.796230686268 cm | Severity=75 | SourceName=Sensor3 | EventType=application
[2026-08-16 20:54:31.799 (UTC)] info/application	[Sensor] Updated distance: 38.6841232600548 cm | Severity=75 | SourceName=Sensor3 | EventType=application
[2026-08-16 20:54:32.799 (UTC)] info/application	[Sensor] Updated distance: 37.6264976754908 cm | Severity=75 | SourceName=Sensor3 | EventType=application
[2026-08-16 20:54:33.799 (UTC)] info/application	[Sensor] Updated distance: 38.5541026415556 cm | Severity=75 | SourceName=Sensor3 | EventType=application
[2026-08-16 20:54:34.800 (UTC)] info/application	[Sensor] Updated distance: 37.3253286622117 cm | Severity=75 | SourceName=Sensor3 | EventType=application
[2026-08-16 20:54:35.800 (UTC)] info/application	[Sensor] Updated distance: 36.8683338139059 cm | Severity=75 | SourceName=Sensor3 | EventType=application
[2026-08-16 20:54:36.801 (UTC)] info/application	[Sensor] Updated distance: 37.4299139107717 cm | Severity=75 | SourceName=Sensor3 | EventType=application
[2026-08-16 20:54:37.802 (UTC)] info/application	[Sensor] Updated distance: 36.781577398666 cm | Severity=75 | SourceName=Sensor3 | EventType=application
[2026-08-16 20:54:38.802 (UTC)] info/application	[Sensor] Updated distance: 37.2280900316444 cm | Severity=75 | SourceName=Sensor3 | EventType=application
[2026-08-16 20:54:39.803 (UTC)] info/application	[Sensor] Updated distance: 38.1661696609418 cm | Severity=75 | SourceName=Sensor3 | EventType=application
[2026-08-16 20:54:40.793 (UTC)] info/application	[Sensor] Updated distance: 39.212304807367 cm | Severity=75 | SourceName=Sensor3 | EventType=application
[2026-08-16 20:54:41.803 (UTC)] info/application	[Sensor] Updated distance: 40.5287427106075 cm | Severity=75 | SourceName=Sensor3 | EventType=application
[2026-08-16 20:54:42.802 (UTC)] info/application	[Sensor] Updated distance: 40.670250489223 cm | Severity=75 | SourceName=Sensor3 | EventType=application
[2026-08-16 20:54:43.802 (UTC)] info/application	[Sensor] Updated distance: 41.8622918885026 cm | Severity=75 | SourceName=Sensor3 | EventType=application
[2026-08-16 20:54:44.802 (UTC)] info/application	[Sensor] Updated distance: 40.641496426259 cm | Severity=75 | SourceName=Sensor3 | EventType=application
[2026-08-16 20:54:45.803 (UTC)] info/application	[Sensor] Updated distance: 41.4090959862383 cm | Severity=75 | SourceName=Sensor3 | EventType=application
[2026-08-16 20:54:46.793 (UTC)] info/application	[Sensor] Updated distance: 41.9761986732372 cm | Severity=75 | SourceName=Sensor3 | EventType=application
[2026-08-16 20:54:47.794 (UTC)] info/application	[Sensor] Updated distance: 41.0706163614852 cm | Severity=75 | SourceName=Sensor3 | EventType=application
[2026-08-16 20:54:48.794 (UTC)] info/application	[Sensor] Updated distance: 41.6828006341508 cm | Severity=75 | SourceName=Sensor3 | EventType=application
[2026-08-16 20:54:49.795 (UTC)] info/application	[Sensor] Updated distance: 43.0760155006201 cm | Severity=75 | SourceName=Sensor3 | EventType=application
[2026-08-16 20:54:50.796 (UTC)] info/application	[Sensor] Updated distance: 42.1649109856994 cm | Severity=75 | SourceName=Sensor3 | EventType=application
[2026-08-16 20:54:51.797 (UTC)] info/application	[Sensor] Updated distance: 43.0470697379425 cm | Severity=75 | SourceName=Sensor3 | EventType=application
[2026-08-16 20:54:52.797 (UTC)] info/application	[Sensor] Updated distance: 43.4564416396695 cm | Severity=75 | SourceName=Sensor3 | EventType=application
[2026-08-16 20:54:53.797 (UTC)] info/application	[Sensor] Updated distance: 42.4061249224032 cm | Severity=75 | SourceName=Sensor3 | EventType=application
[2026-08-16 20:54:54.797 (UTC)] info/application	[Sensor] Updated distance: 43.6645443074706 cm | Severity=75 | SourceName=Sensor3 | EventType=application
[2026-08-16 20:54:55.797 (UTC)] info/application	[Sensor] Updated distance: 44.8905441883908 cm | Severity=75 | SourceName=Sensor3 | EventType=application
[2026-08-16 20:54:56.797 (UTC)] info/application	[Sensor] Updated distance: 46.2558943313807 cm | Severity=75 | SourceName=Sensor3 | EventType=application
[2026-08-16 20:54:57.797 (UTC)] info/application	[Sensor] Updated distance: 47.4204558734412 cm | Severity=75 | SourceName=Sensor3 | EventType=application
[2026-08-16 20:54:58.798 (UTC)] info/application	[Sensor] Updated distance: 47.4226510596568 cm | Severity=75 | SourceName=Sensor3 | EventType=application
[2026-08-16 20:54:59.798 (UTC)] info/application	[Sensor] Updated distance: 46.5983903119799 cm | Severity=75 | SourceName=Sensor3 | EventType=application
[2026-08-16 20:55:00.799 (UTC)] info/application	[Sensor] Updated distance: 47.0799690504 cm | Severity=75 | SourceName=Sensor3 | EventType=application
[2026-08-16 20:55:01.799 (UTC)] info/application	[Sensor] Updated distance: 45.763687617734 cm | Severity=75 | SourceName=Sensor3 | EventType=application
[2026-08-16 20:55:02.800 (UTC)] info/application	[Sensor] Updated distance: 46.327319443844 cm | Severity=75 | SourceName=Sensor3 | EventType=application
[2026-08-16 20:55:03.801 (UTC)] info/application	[Sensor] Updated distance: 47.2512725977001 cm | Severity=75 | SourceName=Sensor3 | EventType=application
[2026-08-16 20:55:04.802 (UTC)] info/application	[Sensor] Updated distance: 48.3625961310988 cm | Severity=75 | SourceName=Sensor3 | EventType=application
[2026-08-16 20:55:05.802 (UTC)] info/application	[Sensor] Updated distance: 49.1974539792619 cm | Severity=75 | SourceName=Sensor3 | EventType=application
[2026-08-16 20:55:06.803 (UTC)] info/application	[Sensor] Updated distance: 48.1644122834152 cm | Severity=75 | SourceName=Sensor3 | EventType=application
[2026-08-16 20:55:07.794 (UTC)] info/application	[Sensor] Updated distance: 48.3373159122827 cm | Severity=75 | SourceName=Sensor3 | EventType=application
[2026-08-16 20:55:08.795 (UTC)] info/application	[Sensor] Updated distance: 47.0238372469432 cm | Severity=75 | SourceName=Sensor3 | EventType=application
[2026-08-16 20:55:09.795 (UTC)] info/application	[Sensor] Updated distance: 47.9373081854719 cm | Severity=75 | SourceName=Sensor3 | EventType=application
[2026-08-16 20:55:10.795 (UTC)] info/application	[Sensor] Updated distance: 47.5482914422398 cm | Severity=75 | SourceName=Sensor3 | EventType=application
[2026-08-16 20:55:11.796 (UTC)] info/application	[Sensor] Updated distance: 48.7809479233255 cm | Severity=75 | SourceName=Sensor3 | EventType=application
[2026-08-16 20:55:12.796 (UTC)] info/application	[Sensor] Updated distance: 49.5108567636977 cm | Severity=75 | SourceName=Sensor3 | EventType=application
[2026-08-16 20:55:13.797 (UTC)] info/application	[Sensor] Updated distance: 49.2366522009189 cm | Severity=75 | SourceName=Sensor3 | EventType=application
[2026-08-16 20:55:14.797 (UTC)] info/application	[Sensor] Updated distance: 49.8386499201128 cm | Severity=75 | SourceName=Sensor3 | EventType=application
[2026-08-16 20:55:15.797 (UTC)] info/application	[Sensor] Updated distance: 49.1522367017587 cm | Severity=75 | SourceName=Sensor3 | EventType=application
[2026-08-16 20:55:16.798 (UTC)] info/application	[Sensor] Updated distance: 49.6723272971214 cm | Severity=75 | SourceName=Sensor3 | EventType=application
[2026-08-16 20:55:17.798 (UTC)] info/application	[Sensor] Updated distance: 49.6641278616917 cm | Severity=75 | SourceName=Sensor3 | EventType=application
[2026-08-16 20:55:18.797 (UTC)] info/application	[Sensor] Updated distance: 48.2676589266712 cm | Severity=75 | SourceName=Sensor3 | EventType=application
[2026-08-16 20:55:19.797 (UTC)] info/application	[Sensor] Updated distance: 47.8999337933026 cm | Severity=75 | SourceName=Sensor3 | EventType=application
[2026-08-16 20:55:20.796 (UTC)] info/application	[Sensor] Updated distance: 47.7849492229451 cm | Severity=75 | SourceName=Sensor3 | EventType=application
[2026-08-16 20:55:21.797 (UTC)] info/application	[Sensor] Updated distance: 46.9773757744009 cm | Severity=75 | SourceName=Sensor3 | EventType=application
[2026-08-16 20:55:22.797 (UTC)] info/application	[Sensor] Updated distance: 45.9918093918784 cm | Severity=75 | SourceName=Sensor3 | EventType=application
[2026-08-16 20:55:23.797 (UTC)] info/application	[Sensor] Updated distance: 44.7861967232479 cm | Severity=75 | SourceName=Sensor3 | EventType=application
[2026-08-16 20:55:24.797 (UTC)] info/application	[Sensor] Updated distance: 44.4283065574375 cm | Severity=75 | SourceName=Sensor3 | EventType=application
[2026-08-16 20:55:25.798 (UTC)] info/application	[Sensor] Updated distance: 43.2011595599824 cm | Severity=75 | SourceName=Sensor3 | EventType=application
[2026-08-16 20:55:26.798 (UTC)] info/application	[Sensor] Updated distance: 41.7215467708751 cm | Severity=75 | SourceName=Sensor3 | EventType=application
[2026-08-16 20:55:27.799 (UTC)] info/application	[Sensor] Updated distance: 41.2290067480546 cm | Severity=75 | SourceName=Sensor3 | EventType=application
[2026-08-16 20:55:28.284 (UTC)] info/session	[System] TCP 17	| SC 2	| Session "ns=1;g=f9c53940-3338-29d4-5f95-1901bb4b64f6"	| Closing the Session | Severity=75 | SourceName=System | EventType=session
[2026-08-16 20:55:28.305 (UTC)] info/channel	[System] TCP 17	| SC 2	| SecureChannel closed | Severity=75 | SourceName=System | EventType=channel
[2026-08-16 20:55:28.305 (UTC)] info/network	[System] TCP 17	| Socket closed | Severity=75 | SourceName=System | EventType=network
[2026-08-16 20:55:28.801 (UTC)] info/application	[Sensor] Updated distance: 42.66642129266 cm | Severity=75 | SourceName=Sensor3 | EventType=application
[2026-08-16 20:55:29.801 (UTC)] info/application	[Sensor] Updated distance: 42.6890036897682 cm | Severity=75 | SourceName=Sensor3 | EventType=application
[2026-08-16 20:55:30.802 (UTC)] info/application	[Sensor] Updated distance: 42.8722029192709 cm | Severity=75 | SourceName=Sensor3 | EventType=application
[2026-08-16 20:55:31.793 (UTC)] info/application	[Sensor] Updated distance: 43.2911962008994 cm | Severity=75 | SourceName=Sensor3 | EventType=application
[2026-08-16 20:55:32.793 (UTC)] info/application	[Sensor] Updated distance: 43.4974971653416 cm | Severity=75 | SourceName=Sensor3 | EventType=application
[2026-08-16 20:55:33.793 (UTC)] info/application	[Sensor] Updated distance: 42.7443282209543 cm | Severity=75 | 