[2026-08-17 02:03:59.249 (UTC+0800)] [33mwarn/server[0m	AccessControl: Unconfigured AccessControl. Users have all permissions.
[2026-08-17 02:03:59.249 (UTC+0800)] [32minfo/server[0m	AccessControl: Anonymous login is enabled
[2026-08-17 02:03:59.249 (UTC+0800)] [33mwarn/server[0m	x509 Certificate Authentication configured, but no encrypting SecurityPolicy. This can leak credentials on the network.
[2026-08-17 02:03:59.282 (UTC+0800)] [33mwarn/application[0m	ServerUrls already set. Overriding.
[2026-08-17 02:03:59.282 (UTC+0800)] [33mwarn/server[0m	AccessControl: Unconfigured AccessControl. Users have all permissions.
[2026-08-17 02:03:59.282 (UTC+0800)] [32minfo/server[0m	AccessControl: Anonymous login is enabled
[2026-08-17 02:03:59.282 (UTC+0800)] [33mwarn/server[0m	x509 Certificate Authentication configured, but no encrypting SecurityPolicy. This can leak credentials on the network.
[2026-08-17 02:03:59.282 (UTC+0800)] [33mwarn/server[0m	x509 Certificate Authentication configured, but no encrypting SecurityPolicy. This can leak credentials on the network.
[2026-08-16 18:03:59.282 (UTC)] info/application	Sensor Server online (Client/Server mode, id=1 port=4842) | Severity=75 | SourceName=Sensor | EventType=application
Entering background polling mode: attempting to connect to Aggregation Server...
Connected successfully. Log forwarding started.
[2026-08-16 18:04:00.287 (UTC)] info/application	[Sensor] Updated distance: 26.1468801594558 cm | Severity=75 | SourceName=Sensor | EventType=application
[2026-08-16 18:04:01.257 (UTC)] info/network	[System] TCP 16	| Connection opened from "127.0.0.1" via the server socket 8 | Severity=75 | SourceName=System | EventType=network
[2026-08-16 18:04:01.257 (UTC)] info/channel	[System] TCP 16	| SC 1	| SecureChannel created | Severity=75 | SourceName=System | EventType=channel
[2026-08-16 18:04:01.279 (UTC)] info/channel	[System] TCP 16	| SC 1	| OpenSecureChannel: Channel opened with SecurityMode None for SecurityPolicy http://opcfoundation.org/UA/SecurityPolicy#None and a revised lifetime of 600.0s | Severity=75 | SourceName=System | EventType=channel
[2026-08-16 18:04:01.289 (UTC)] info/application	[Sensor] Updated distance: 26.9806570536367 cm | Severity=75 | SourceName=Sensor | EventType=application
[2026-08-16 18:04:01.300 (UTC)] warn/client	[System] Removing a UserTokenPolicy that would allow the password to be transmitted without encryption (Can be enabled via config->allowNonePolicyPassword) | Severity=175 | SourceName=System | EventType=client
[2026-08-16 18:04:01.300 (UTC)] warn/client	[System] Removing a UserTokenPolicy that would allow the password to be transmitted without encryption (Can be enabled via config->allowNonePolicyPassword) | Severity=175 | SourceName=System | EventType=client
[2026-08-16 18:04:01.310 (UTC)] warn/client	[System] Removing a UserTokenPolicy that would allow the password to be transmitted without encryption (Can be enabled via config->allowNonePolicyPassword) | Severity=175 | SourceName=System | EventType=client
[2026-08-16 18:04:01.310 (UTC)] warn/client	[System] Removing a UserTokenPolicy that would allow the password to be transmitted without encryption (Can be enabled via config->allowNonePolicyPassword) | Severity=175 | SourceName=System | EventType=client
[2026-08-16 18:04:01.311 (UTC)] info/session	[System] TCP 16	| SC 1	| Session "ns=1;g=e1349bf8-7af3-6e26-9f49-d44de2ae2a42"	| Session created | Severity=75 | SourceName=System | EventType=session
[2026-08-16 18:04:01.321 (UTC)] info/session	[System] TCP 16	| SC 1	| Session "ns=1;g=e1349bf8-7af3-6e26-9f49-d44de2ae2a42"	| ActivateSession: Session activated with ClientUserId "" | Severity=75 | SourceName=System | EventType=session
[2026-08-16 18:04:01.706 (UTC)] info/session	[System] TCP 16	| SC 1	| Session "ns=1;g=e1349bf8-7af3-6e26-9f49-d44de2ae2a42"	| Subscription 1 | Subscription created (Publishing interval 500.0ms, max 1000 notifications per publish) | Severity=75 | SourceName=System | EventType=session
[2026-08-16 18:04:01.727 (UTC)] info/session	[System] TCP 16	| SC 1	| Session "ns=1;g=e1349bf8-7af3-6e26-9f49-d44de2ae2a42"	| Subscription 1 | MonitoredItem 1 | Created the MonitoredItem (Sampling Interval: 250.0ms, Queue Size: 1) | Severity=75 | SourceName=System | EventType=session
[2026-08-16 18:04:02.262 (UTC)] info/network	[System] TCP 17	| Connection opened from "127.0.0.1" via the server socket 8 | Severity=75 | SourceName=System | EventType=network
[2026-08-16 18:04:02.262 (UTC)] info/channel	[System] TCP 17	| SC 2	| SecureChannel created | Severity=75 | SourceName=System | EventType=channel
[2026-08-16 18:04:02.282 (UTC)] info/application	[Sensor] Updated distance: 26.7688675966434 cm | Severity=75 | SourceName=Sensor | EventType=application
[2026-08-16 18:04:02.282 (UTC)] info/channel	[System] TCP 17	| SC 2	| OpenSecureChannel: Channel opened with SecurityMode None for SecurityPolicy http://opcfoundation.org/UA/SecurityPolicy#None and a revised lifetime of 600.0s | Severity=75 | SourceName=System | EventType=channel
[2026-08-16 18:04:02.303 (UTC)] warn/client	[System] Removing a UserTokenPolicy that would allow the password to be transmitted without encryption (Can be enabled via config->allowNonePolicyPassword) | Severity=175 | SourceName=System | EventType=client
[2026-08-16 18:04:02.303 (UTC)] warn/client	[System] Removing a UserTokenPolicy that would allow the password to be transmitted without encryption (Can be enabled via config->allowNonePolicyPassword) | Severity=175 | SourceName=System | EventType=client
[2026-08-16 18:04:02.314 (UTC)] warn/client	[System] Removing a UserTokenPolicy that would allow the password to be transmitted without encryption (Can be enabled via config->allowNonePolicyPassword) | Severity=175 | SourceName=System | EventType=client
[2026-08-16 18:04:02.314 (UTC)] warn/client	[System] Removing a UserTokenPolicy that would allow the password to be transmitted without encryption (Can be enabled via config->allowNonePolicyPassword) | Severity=175 | SourceName=System | EventType=client
[2026-08-16 18:04:02.315 (UTC)] info/session	[System] TCP 17	| SC 2	| Session "ns=1;g=4f9a32db-4660-88eb-5a65-06503bc3cc9c"	| Session created | Severity=75 | SourceName=System | EventType=session
[2026-08-16 18:04:02.325 (UTC)] info/session	[System] TCP 17	| SC 2	| Session "ns=1;g=4f9a32db-4660-88eb-5a65-06503bc3cc9c"	| ActivateSession: Session activated with ClientUserId "" | Severity=75 | SourceName=System | EventType=session
[2026-08-16 18:04:04.346 (UTC)] info/application	[Sensor] Updated distance: 27.5801843975578 cm | Severity=75 | SourceName=Sensor | EventType=application
[2026-08-16 18:04:04.347 (UTC)] info/session	[System] TCP 17	| SC 2	| Session "ns=1;g=4f9a32db-4660-88eb-5a65-06503bc3cc9c"	| Subscription 2 | Subscription created (Publishing interval 500.0ms, max 1000 notifications per publish) | Severity=75 | SourceName=System | EventType=session
[2026-08-16 18:04:05.347 (UTC)] info/application	[Sensor] Updated distance: 26.4644720312042 cm | Severity=75 | SourceName=Sensor | EventType=application
[2026-08-16 18:04:06.347 (UTC)] info/application	[Sensor] Updated distance: 26.6016075422995 cm | Severity=75 | SourceName=Sensor | EventType=application
[2026-08-16 18:04:07.347 (UTC)] info/application	[Sensor] Updated distance: 27.8495819221016 cm | Severity=75 | SourceName=Sensor | EventType=application
[2026-08-16 18:04:08.347 (UTC)] info/application	[Sensor] Updated distance: 28.5311098264209 cm | Severity=75 | SourceName=Sensor | EventType=application
[2026-08-16 18:04:09.347 (UTC)] info/application	[Sensor] Updated distance: 29.3142664641208 cm | Severity=75 | SourceName=Sensor | EventType=application
[2026-08-16 18:04:10.347 (UTC)] info/application	[Sensor] Updated distance: 28.1666816371338 cm | Severity=75 | SourceName=Sensor | EventType=application
[2026-08-16 18:04:11.347 (UTC)] info/application	[Sensor] Updated distance: 27.1265594850418 cm | Severity=75 | SourceName=Sensor | EventType=application
[2026-08-16 18:04:12.346 (UTC)] info/application	[Sensor] Updated distance: 27.9390010856739 cm | Severity=75 | SourceName=Sensor | EventType=application
[2026-08-16 18:04:13.346 (UTC)] info/application	[Sensor] Updated distance: 26.9761940066126 cm | Severity=75 | SourceName=Sensor | EventType=application
[2026-08-16 18:04:14.347 (UTC)] info/application	[Sensor] Updated distance: 27.8284919731452 cm | Severity=75 | SourceName=Sensor | EventType=application
[2026-08-16 18:04:15.347 (UTC)] info/application	[Sensor] Updated distance: 27.2325214346557 cm | Severity=75 | SourceName=Sensor | EventType=application
[2026-08-16 18:04:16.347 (UTC)] info/application	[Sensor] Updated distance: 28.3992524339814 cm | Severity=75 | SourceName=Sensor | EventType=application
[2026-08-16 18:04:17.347 (UTC)] info/application	[Sensor] Updated distance: 29.8292314313954 cm | Severity=75 | SourceName=Sensor | EventType=application
[2026-08-16 18:04:18.348 (UTC)] info/application	[Sensor] Updated distance: 29.6468352343174 cm | Severity=75 | SourceName=Sensor | EventType=application
[2026-08-16 18:04:19.348 (UTC)] info/application	[Sensor] Updated distance: 29.3443793299815 cm | Severity=75 | SourceName=Sensor | EventType=application
[2026-08-16 18:04:20.347 (UTC)] info/application	[Sensor] Updated distance: 30.751982891351 cm | Severity=75 | SourceName=Sensor | EventType=application
[2026-08-16 18:04:21.347 (UTC)] info/application	[Sensor] Updated distance: 30.00851299358 cm | Severity=75 | SourceName=Sensor | EventType=application
[2026-08-16 18:04:22.347 (UTC)] info/application	[Sensor] Updated distance: 29.6541360521941 cm | Severity=75 | SourceName=Sensor | EventType=application
[2026-08-16 18:04:23.347 (UTC)] info/application	[Sensor] Updated distance: 30.9065357751243 cm | Severity=75 | SourceName=Sensor | EventType=application
[2026-08-16 18:04:24.348 (UTC)] info/application	[Sensor] Updated distance: 30.9481747629811 cm | Severity=75 | SourceName=Sensor | EventType=application
[2026-08-16 18:04:25.347 (UTC)] info/application	[Sensor] Updated distance: 31.1809387200889 cm | Severity=75 | SourceName=Sensor | EventType=application
[2026-08-16 18:04:26.346 (UTC)] info/application	[Sensor] Updated distance: 31.3273105422628 cm | Severity=75 | SourceName=Sensor | EventType=application
[2026-08-16 18:04:27.356 (UTC)] info/application	[Sensor] Updated distance: 31.6569094309383 cm | Severity=75 | SourceName=Sensor | EventType=application
[2026-08-16 18:04:28.356 (UTC)] info/application	[Sensor] Updated distance: 30.6395311721785 cm | Severity=75 | SourceName=Sensor | EventType=application
[2026-08-16 18:04:29.356 (UTC)] info/application	[Sensor] Updated distance: 30.8722475228702 cm | Severity=75 | SourceName=Sensor | EventType=application
[2026-08-16 18:04:30.356 (UTC)] info/application	[Sensor] Updated distance: 30.4332630110128 cm | Severity=75 | SourceName=Sensor | EventType=application
[2026-08-16 18:04:31.355 (UTC)] info/application	[Sensor] Updated distance: 30.5580831566165 cm | Severity=75 | SourceName=Sensor | EventType=application
[2026-08-16 18:04:32.355 (UTC)] info/application	[Sensor] Updated distance: 29.4376796667639 cm | Severity=75 | SourceName=Sensor | EventType=application
[2026-08-16 18:04:33.355 (UTC)] info/application	[Sensor] Updated distance: 28.3324720476905 cm | Severity=75 | SourceName=Sensor | EventType=application
[2026-08-16 18:04:34.354 (UTC)] info/application	[Sensor] Updated distance: 29.7455027363009 cm | Severity=75 | SourceName=Sensor | EventType=application
[2026-08-16 18:04:35.354 (UTC)] info/application	[Sensor] Updated distance: 30.9364160473628 cm | Severity=75 | SourceName=Sensor | EventType=application
[2026-08-16 18:04:36.354 (UTC)] info/application	[Sensor] Updated distance: 30.2154960619358 cm | Severity=75 | SourceName=Sensor | EventType=application
[2026-08-16 18:04:37.354 (UTC)] info/application	[Sensor] Updated distance: 30.2656622602444 cm | Severity=75 | SourceName=Sensor | EventType=application
[2026-08-16 18:04:38.354 (UTC)] info/application	[Sensor] Updated distance: 31.2045499497114 cm | Severity=75 | SourceName=Sensor | EventType=application
[2026-08-16 18:04:39.353 (UTC)] info/application	[Sensor] Updated distance: 32.6651578686038 cm | Severity=75 | SourceName=Sensor | EventType=application
[2026-08-16 18:04:40.353 (UTC)] info/application	[Sensor] Updated distance: 31.9984807032153 cm | Severity=75 | SourceName=Sensor | EventType=application
[2026-08-16 18:04:41.353 (UTC)] info/application	[Sensor] Updated distance: 33.2897835656953 cm | Severity=75 | SourceName=Sensor | EventType=application
[2026-08-16 18:04:42.353 (UTC)] info/application	[Sensor] Updated distance: 32.2102693310987 cm | Severity=75 | SourceName=Sensor | EventType=application
[2026-08-16 18:04:43.352 (UTC)] info/application	[Sensor] Updated distance: 30.8560337663423 cm | Severity=75 | SourceName=Sensor | EventType=application
[2026-08-16 18:04:44.352 (UTC)] info/application	[Sensor] Updated distance: 29.684529548364 cm | Severity=75 | SourceName=Sensor | EventType=application
[2026-08-16 18:04:45.351 (UTC)] info/application	[Sensor] Updated distance: 30.9573132802999 cm | Severity=75 | SourceName=Sensor | EventType=application
[2026-08-16 18:04:46.351 (UTC)] info/application	[Sensor] Updated distance: 30.5071071770541 cm | Severity=75 | SourceName=Sensor | EventType=application
[2026-08-16 18:04:47.350 (UTC)] info/application	[Sensor] Updated distance: 32.0023339584015 cm | Severity=75 | SourceName=Sensor | EventType=application
[2026-08-16 18:04:48.349 (UTC)] info/application	[Sensor] Updated distance: 33.2050966863544 cm | Severity=75 | SourceName=Sensor | EventType=application
[2026-08-16 18:04:49.349 (UTC)] info/application	[Sensor] Updated distance: 34.0724943860306 cm | Severity=75 | SourceName=Sensor | EventType=application
[2026-08-16 18:04:50.349 (UTC)] info/application	[Sensor] Updated distance: 33.7652652630421 cm | Severity=75 | SourceName=Sensor | EventType=application
[2026-08-16 18:04:51.349 (UTC)] info/application	[Sensor] Updated distance: 34.8756315509675 cm | Severity=75 | SourceName=Sensor | EventType=application
[2026-08-16 18:04:52.349 (UTC)] info/application	[Sensor] Updated distance: 33.4995593528727 cm | Severity=75 | SourceName=Sensor | EventType=application
[2026-08-16 18:04:53.349 (UTC)] info/application	[Sensor] Updated distance: 34.3379532884983 cm | Severity=75 | SourceName=Sensor | EventType=application
[2026-08-16 18:04:54.350 (UTC)] info/application	[Sensor] Updated distance: 35.200719299354 cm | Severity=75 | SourceName=Sensor | EventType=application
[2026-08-16 18:04:55.350 (UTC)] info/application	[Sensor] Updated distance: 35.3662860891159 cm | Severity=75 | SourceName=Sensor | EventType=application
[2026-08-16 18:04:56.350 (UTC)] info/application	[Sensor] Updated distance: 34.9374439804523 cm | Severity=75 | SourceName=Sensor | EventType=application
[2026-08-16 18:04:57.351 (UTC)] info/application	[Sensor] Updated distance: 34.4465818120849 cm | Severity=75 | SourceName=Sensor | EventType=application
[2026-08-16 18:04:58.352 (UTC)] info/application	[Sensor] Updated distance: 33.4417474905223 cm | Severity=75 | SourceName=Sensor | EventType=application
[2026-08-16 18:04:59.353 (UTC)] info/application	[Sensor] Updated distance: 33.495527123099 cm | Severity=75 | SourceName=Sensor | EventType=application
[2026-08-16 18:05:00.353 (UTC)] info/application	[Sensor] Updated distance: 34.7373813068202 cm | Severity=75 | SourceName=Sensor | EventType=application
[2026-08-16 18:05:01.353 (UTC)] info/application	[Sensor] Updated distance: 34.7935624734003 cm | Severity=75 | SourceName=Sensor | EventType=application
[2026-08-16 18:05:02.353 (UTC)] info/application	[Sensor] Updated distance: 33.4721622515806 cm | Severity=75 | SourceName=Sensor | EventType=application
[2026-08-16 18:05:03.353 (UTC)] info/application	[Sensor] Updated distance: 32.0936129440524 cm | Severity=75 | SourceName=Sensor | EventType=application
[2026-08-16 18:05:04.353 (UTC)] info/application	[Sensor] Updated distance: 32.544586491559 cm | Severity=75 | SourceName=Sensor | EventType=application
[2026-08-16 18:05:05.354 (UTC)] info/application	[Sensor] Updated distance: 31.1362169569527 cm | Severity=75 | SourceName=Sensor | EventType=application
[2026-08-16 18:05:06.354 (UTC)] info/application	[Sensor] Updated distance: 32.4485809604863 cm | Severity=75 | SourceName=Sensor | EventType=application
[2026-08-16 18:05:07.354 (UTC)] info/application	[Sensor] Updated distance: 33.6786345225659 cm | Severity=75 | SourceName=Sensor | EventType=application
[2026-08-16 18:05:08.354 (UTC)] info/application	[Sensor] Updated distance: 33.8204311876653 cm | Severity=75 | SourceName=Sensor | EventType=application
[2026-08-16 18:05:09.354 (UTC)] info/application	[Sensor] Updated distance: 34.571682879269 cm | Severity=75 | SourceName=Sensor | EventType=application
[2026-08-16 18:05:10.354 (UTC)] info/application	[Sensor] Updated distance: 35.7623443588439 cm | Severity=75 | SourceName=Sensor | EventType=application
[2026-08-16 18:05:11.354 (UTC)] info/application	[Sensor] Updated distance: 36.7374638585548 cm | Severity=75 | SourceName=Sensor | EventType=application
[2026-08-16 18:05:12.354 (UTC)] info/application	[Sensor] Updated distance: 37.2800184112415 cm | Severity=75 | SourceName=Sensor | EventType=application
[2026-08-16 18:05:13.354 (UTC)] info/application	[Sensor] Updated distance: 35.8911656548228 cm | Severity=75 | SourceName=Sensor | EventType=application
[2026-08-16 18:05:14.354 (UTC)] info/application	[Sensor] Updated distance: 37.0120495897774 cm | Severity=75 | SourceName=Sensor | EventType=application
[2026-08-16 18:05:15.355 (UTC)] info/application	[Sensor] Updated distance: 37.8830999244857 cm | Severity=75 | SourceName=Sensor | EventType=application
[2026-08-16 18:05:16.347 (UTC)] info/application	[Sensor] Updated distance: 39.2670309000029 cm | Severity=75 | SourceName=Sensor | EventType=application
[2026-08-16 18:05:17.348 (UTC)] info/application	[Sensor] Updated distance: 38.4377087303147 cm | Severity=75 | SourceName=Sensor | EventType=application
[2026-08-16 18:05:18.349 (UTC)] info/application	[Sensor] Updated distance: 39.3039858449734 cm | Severity=75 | SourceName=Sensor | EventType=application
[2026-08-16 18:05:19.348 (UTC)] info/application	[Sensor] Updated distance: 40.3906795470466 cm | Severity=75 | SourceName=Sensor | EventType=application
[2026-08-16 18:05:20.349 (UTC)] info/application	[Sensor] Updated distance: 38.9287550770346 cm | Severity=75 | SourceName=Sensor | EventType=application
[2026-08-16 18:05:21.348 (UTC)] info/application	[Sensor] Updated distance: 37.9878030673078 cm | Severity=75 | SourceName=Sensor | EventType=application
[2026-08-16 18:05:22.349 (UTC)] info/application	[Sensor] Updated distance: 38.6848630573064 cm | Severity=75 | SourceName=Sensor | EventType=application
[2026-08-16 18:05:23.350 (UTC)] info/application	[Sensor] Updated distance: 37.3468663891995 cm | Severity=75 | SourceName=Sensor | EventType=application
[2026-08-16 18:05:24.350 (UTC)] info/application	[Sensor] Updated distance: 38.7443083150984 cm | Severity=75 | SourceName=Sensor | EventType=application
[2026-08-16 18:05:25.350 (UTC)] info/application	[Sensor] Updated distance: 38.8041343145557 cm | Severity=75 | SourceName=Sensor | EventType=application
[2026-08-16 18:05:26.350 (UTC)] info/application	[Sensor] Updated distance: 39.1317044362108 cm | Severity=75 | SourceName=Sensor | EventType=application
[2026-08-16 18:05:27.350 (UTC)] info/application	[Sensor] Updated distance: 38.6003042534461 cm | Severity=75 | SourceName=Sensor | EventType=application
[2026-08-16 18:05:28.351 (UTC)] info/application	[Sensor] Updated distance: 39.669268084536 cm | Severity=75 | SourceName=Sensor | EventType=application
[2026-08-16 18:05:29.351 (UTC)] info/application	[Sensor] Updated distance: 40.4920038846284 cm | Severity=75 | SourceName=Sensor | EventType=application
[2026-08-16 18:05:30.352 (UTC)] info/application	[Sensor] Updated distance: 41.5143833344404 cm | Severity=75 | SourceName=Sensor | EventType=application
[2026-08-16 18:05:31.352 (UTC)] info/application	[Sensor] Updated distance: 42.3252013478545 cm | Severity=75 | SourceName=Sensor | EventType=application
[2026-08-16 18:05:32.353 (UTC)] info/application	[Sensor] Updated distance: 41.70411831313 cm | Severity=75 | SourceName=Sensor | EventType=application
[2026-08-16 18:05:33.353 (UTC)] info/application	[Sensor] Updated distance: 42.9050975411223 cm | Severity=75 | SourceName=Sensor | EventType=application
[2026-08-16 18:05:34.353 (UTC)] info/application	[Sensor] Updated distance: 43.8373662470083 cm | Severity=75 | SourceName=Sensor | EventType=application
[2026-08-16 18:05:35.353 (UTC)] info/application	[Sensor] Updated distance: 45.1672567597904 cm | Severity=75 | SourceName=Sensor | EventType=application
[2026-08-16 18:05:36.354 (UTC)] info/application	[Sensor] Updated distance: 46.4598664545733 cm | Severity=75 | SourceName=Sensor | EventType=application
[2026-08-16 18:05:37.354 (UTC)] info/application	[Sensor] Updated distance: 47.2044991625959 cm | Severity=75 | SourceName=Sensor | EventType=application
[2026-08-16 18:05:38.354 (UTC)] info/application	[Sensor] Updated distance: 48.2644432360606 cm | Severity=75 | SourceName=Sensor | EventType=application
[2026-08-16 18:05:39.354 (UTC)] info/application	[Sensor] Updated distance: 48.1988495945459 cm | Severity=75 | SourceName=Sensor | EventType=application
[2026-08-16 18:05:40.354 (UTC)] info/application	[Sensor] Updated distance: 48.1947339927753 cm | Severity=75 | SourceName=Sensor | EventType=application
[2026-08-16 18:05:41.353 (UTC)] info/application	[Sensor] Updated distance: 48.945339544418 cm | Severity=75 | SourceName=Sensor | EventType=application
[2026-08-16 18:05:42.353 (UTC)] info/application	[Sensor] Updated distance: 48.3548654012172 cm | Severity=75 | SourceName=Sensor | EventType=application
[2026-08-16 18:05:43.353 (UTC)] info/application	[Sensor] Updated distance: 47.3933043507362 cm | Severity=75 | SourceName=Sensor | EventType=application
[2026-08-16 18:05:44.353 (UTC)] info/application	[Sensor] Updated distance: 48.2550571459602 cm | Severity=75 | SourceName=Sensor | EventType=application
[2026-08-16 18:05:45.353 (UTC)] info/application	[Sensor] Updated distance: 47.285466937714 cm | Severity=75 | SourceName=Sensor | EventType=application
[2026-08-16 18:05:46.353 (UTC)] info/application	[Sensor] Updated distance: 48.6949562219414 cm | Severity=75 | SourceName=Sensor | EventType=application
[2026-08-16 18:05:47.353 (UTC)] info/application	[Sensor] Updated distance: 49.4406399912856 cm | Severity=75 | SourceName=Sensor | EventType=application
[2026-08-16 18:05:48.353 (UTC)] info/application	[Sensor] Updated distance: 49.1417276133512 cm | Severity=75 | SourceName=Sensor | EventType=application
[2026-08-16 18:05:49.353 (UTC)] info/application	[Sensor] Updated distance: 49.9174940122373 cm | Severity=75 | SourceName=Sensor | EventType=application
[2026-08-16 18:05:50.353 (UTC)] info/application	[Sensor] Updated distance: 49.7501285163453 cm | Severity=75 | SourceName=Sensor | EventType=application
[2026-08-16 18:05:51.353 (UTC)] info/application	[Sensor] Updated distance: 49.4892916683989 cm | Severity=75 | SourceName=Sensor | EventType=application
[2026-08-16 18:05:52.353 (UTC)] info/application	[Sensor] Updated distance: 49.1758939424417 cm | Severity=75 | SourceName=Sensor | EventType=application
[2026-08-16 18:05:53.353 (UTC)] info/application	[Sensor] Updated distance: 48.7053314024607 cm | Severity=75 | SourceName=Sensor | EventType=application
[2026-08-16 18:05:54.352 (UTC)] info/application	[Sensor] Updated distance: 48.6064978864074 cm | Severity=75 | SourceName=Sensor | EventType=application
[2026-08-16 18:05:55.352 (UTC)] info/application	[Sensor] Updated distance: 49.8387542014656 cm | Severity=75 | SourceName=Sensor | EventType=application
[2026-08-16 18:05:56.352 (UTC)] info/application	[Sensor] Updated distance: 49.0719823390581 cm | Severity=75 | SourceName=Sensor | EventType=application
[2026-08-16 18:05:57.352 (UTC)] info/application	[Sensor] Updated distance: 47.8007189446598 cm | Severity=75 | SourceName=Sensor | EventType=application
[2026-08-16 18:05:58.351 (UTC)] info/application	[Sensor] Updated distance: 47.0015750755563 cm | Severity=75 | SourceName=Sensor | EventType=application
[2026-08-16 18:05:59.352 (UTC)] info/application	[Sensor] Updated distance: 47.6598023647255 cm | Severity=75 | SourceName=Sensor | EventType=application
[2026-08-16 18:06:00.352 (UTC)] info/application	[Sensor] Updated distance: 48.7112747704197 cm | Severity=75 | SourceName=Sensor | EventType=application
[2026-08-16 18:06:01.352 (UTC)] info/application	[Sensor] Updated distance: 47.4345103497312 cm | Severity=75 | SourceName=Sensor | EventType=application
[2026-08-16 18:06:02.352 (UTC)] info/application	[Sensor] Updated distance: 47.4035556523146 cm | Severity=75 | SourceName=Sensor | EventType=application
[2026-08-16 18:06:03.352 (UTC)] info/application	[Sensor] Updated distance: 46.3339450232843 cm | Severity=75 | SourceName=Sensor | EventType=application
[2026-08-16 18:06:04.352 (UTC)] info/application	[Sensor] Updated distance: 47.758159831985 cm | Severity=75 | SourceName=Sensor | EventType=application
[2026-08-16 18:06:05.351 (UTC)] info/application	[Sensor] Updated distance: 47.1594738390574 cm | Severity=75 | SourceName=Sensor | EventType=application
[2026-08-16 18:06:06.351 (UTC)] info/application	[Sensor] Updated distance: 45.9197537214122 cm | Severity=75 | SourceName=Sensor | EventType=application
[2026-08-16 18:06:07.351 (UTC)] info/application	[Sensor] Updated distance: 47.1365782234988 cm | Severity=75 | SourceName=Sensor | EventType=application
[2026-08-16 18:06:08.351 (UTC)] info/application	[Sensor] Updated distance: 45.7825249385939 cm | Severity=75 | SourceName=Sensor | EventType=application
[2026-08-16 18:06:09.352 (UTC)] info/application	[Sensor] Updated distance: 47.1027488958103 cm | Severity=75 | SourceName=Sensor | EventType=application
[2026-08-16 18:06:10.352 (UTC)] info/application	[Sensor] Updated distance: 46.7539797549853 cm | Severity=75 | SourceName=Sensor | EventType=application
[2026-08-16 18:06:11.353 (UTC)] info/application	[Sensor] Updated distance: 46.8958108683097 cm | Severity=75 | SourceName=Sensor | EventType=application
[2026-08-16 18:06:12.353 (UTC)] info/application	[Sensor] Updated distance: 47.4666403757719 cm | Severity=75 | SourceName=Sensor | EventType=application
[2026-08-16 18:06:13.354 (UTC)] info/application	[Sensor] Updated distance: 48.0273970917461 cm | Severity=75 | SourceName=Sensor | EventType=application
[2026-08-16 18:06:14.354 (UTC)] info/application	[Sensor] Updated distance: 48.7076671559865 cm | Severity=75 | SourceName=Sensor | EventType=application
[2026-08-16 18:06:15.354 (UTC)] info/application	[Sensor] Updated distance: 48.6402494586726 cm | Severity=75 | SourceName=Sensor | EventType=application
[2026-08-16 18:06:16.354 (UTC)] info/application	[Sensor] Updated distance: 49.7314159664006 cm | Severity=75 | SourceName=Sensor | EventType=application
[2026-08-16 18:06:17.355 (UTC)] info/application	[Sensor] Updated distance: 49.6788246865286 cm | Severity=75 | SourceName=Sensor | EventType=application
[2026-08-16 18:06:18.354 (UTC)] info/application	[Sensor] Updated distance: 48.8570907571619 cm | Severity=75 | SourceName=Sensor | EventType=application
[2026-08-16 18:06:19.353 (UTC)] info/application	[Sensor] Updated distance: 48.1493448869555 cm | Severity=75 | SourceName=Sensor | EventType=application
[2026-08-16 18:06:20.352 (UTC)] info/application	[Sensor] Updated distance: 48.0148706315154 cm | Severity=75 | SourceName=Sensor | EventType=application
[2026-08-16 18:06:21.351 (UTC)] info/application	[Sensor] Updated distance: 49.0255141735661 cm | Severity=75 | SourceName=Sensor | EventType=application
[2026-08-16 18:06:22.351 (UTC)] info/application	[Sensor] Updated distance: 49.5569314554133 cm | Severity=75 | SourceName=Sensor | EventType=application
[2026-08-16 18:06:23.351 (UTC)] info/application	[Sensor] Updated distance: 49.2572715891326 cm | Severity=75 | SourceName=Sensor | EventType=application
[2026-08-16 18:06:24.350 (UTC)] info/application	[Sensor] Updated distance: 48.2973525898053 cm | Severity=75 | SourceName=Sensor | EventType=application
[2026-08-16 18:06:25.350 (UTC)] info/application	[Sensor] Updated distance: 47.2299363555992 cm | Severity=75 | SourceName=Sensor | EventType=application
[2026-08-16 18:06:26.350 (UTC)] info/application	[Sensor] Updated distance: 46.6625328029797 cm | Severity=75 | SourceName=Sensor | EventType=application
[2026-08-16 18:06:27.350 (UTC)] info/application	[Sensor] Updated distance: 45.2918772617317 cm | Severity=75 | SourceName=Sensor | EventType=application
[2026-08-16 18:06:28.350 (UTC)] info/application	[Sensor] Updated distance: 44.4531976331273 cm | Severity=75 | SourceName=Sensor | EventType=application
[2026-08-16 18:06:29.350 (UTC)] info/application	[Sensor] Updated distance: 44.5866502114044 cm | Severity=75 | SourceName=Sensor | EventType=application
[2026-08-16 18:06:30.350 (UTC)] info/application	[Sensor] Updated distance: 45.3742219607226 cm | Severity=75 | SourceName=Sensor | EventType=application
[2026-08-16 18:06:31.350 (UTC)] info/application	[Sensor] Updated distance: 44.0870147364154 cm | Severity=75 | SourceName=Sensor | EventType=application
[2026-08-16 18:06:32.351 (UTC)] info/application	[Sensor] Updated distance: 44.4437028940039 cm | Severity=75 | SourceName=Sensor | EventType=application
[2026-08-16 18:06:33.351 (UTC)] info/application	[Sensor] Updated distance: 43.7003199445085 cm | Severity=75 | SourceName=Sensor | EventType=application
[2026-08-16 18:06:34.351 (UTC)] info/application	[Sensor] Updated distance: 42.843502091171 cm | Severity=75 | SourceName=Sensor | EventType=application
[2026-08-16 18:06:35.351 (UTC)] info/application	[Sensor] Updated distance: 43.1244050560633 cm | Severity=75 | SourceName=Sensor | EventType=application
[2026-08-16 18:06:36.351 (UTC)] info/application	[Sensor] Updated distance: 43.2823361136403 cm | Severity=75 | SourceName=Sensor | EventType=application
[2026-08-16 18:06:37.351 (UTC)] info/application	[Sensor] Updated distance: 42.6857981440545 cm | Severity=75 | SourceName=Sensor | EventType=application
[2026-08-16 18:06:38.351 (UTC)] info/application	[Sensor] Updated distance: 42.6835256096365 cm | Severity=75 | SourceName=Sensor | EventType=application
[2026-08-16 18:06:39.351 (UTC)] info/application	[Sensor] Updated distance: 42.9874033823085 cm | Severity=75 | SourceName=Sensor | EventType=application
[2026-08-16 18:06:40.351 (UTC)] info/application	[Sensor] Updated distance: 42.2110893685422 cm | Severity=75 | SourceName=Sensor | EventType=application
[2026-08-16 18:06:41.351 (UTC)] info/application	[Sensor] Updated distance: 43.3600476932992 cm | Severity=75 | SourceName=Sensor | EventType=application
[2026-08-16 18:06:42.351 (UTC)] info/application	[Sensor] Updated distance: 42.3057565792956 cm | Severity=75 | SourceName=Sensor | EventType=application
[2026-08-16 18:06:43.351 (UTC)] info/application	[Sensor] Updated distance: 43.6002720729915 cm | Severity=75 | SourceName=Sensor | EventType=application
[2026-08-16 18:06:44.351 (UTC)] info/application	[Sensor] Updated distance: 43.8099871137226 cm | Severity=75 | SourceName=Sensor | EventType=application
[2026-08-16 18:06:45.351 (UTC)] info/application	[Sensor] Updated distance: 44.9359660639595 cm | Severity=75 | SourceName=Sensor | EventType=application
[2026-08-16 18:06:46.352 (UTC)] info/application	[Sensor] Updated distance: 44.6630638589445 cm | Severity=75 | SourceName=Sensor | EventType=application
[2026-08-16 18:06:47.352 (UTC)] info/application	[Sensor] Updated distance: 44.4639454060066 cm | Severity=75 | SourceName=Sensor | EventType=application
[2026-08-16 18:06:48.352 (UTC)] info/application	[Sensor] Updated distance: 44.6796837019174 cm | Severity=75 | SourceName=Sensor | EventType=application
[2026-08-16 18:06:49.352 (UTC)] info/application	[Sensor] Updated distance: 45.0850475689327 cm | Severity=75 | SourceName=Sensor | EventType=application
[2026-08-16 18:06:50.352 (UTC)] info/application	[Sensor] Updated distance: 45.6781832457884 cm | Severity=75 | SourceName=Sensor | EventType=application
[2026-08-16 18:06:51.353 (UTC)] info/application	[Sensor] Updated distance: 44.2594472862591 cm | Severity=75 | SourceName=Sensor | EventType=application
[2026-08-16 18:06:52.353 (UTC)] info/application	[Sensor] Updated distance: 44.1754546939281 cm | Severity=75 | SourceName=Sensor | EventType=application
[2026-08-16 18:06:53.353 (UTC)] info/application	[Sensor] Updated distance: 43.800007652631 cm | Severity=75 | SourceName=Sensor | EventType=application
[2026-08-16 18:06:54.354 (UTC)] info/application	[Sensor] Updated distance: 43.5816118268211 cm | Severity=75 | SourceName=Sensor | EventType=application
[2026-08-16 18:06:55.354 (UTC)] info/application	[Sensor] Updated distance: 44.0377002365597 cm | Severity=75 | SourceName=Sensor | EventType=application
[2026-08-16 18:06:56.353 (UTC)] info/application	[Sensor] Updated distance: 44.0948369610565 cm | Severity=75 | SourceName=Sensor | EventType=application
[2026-08-16 18:06:57.354 (UTC)] info/application	[Sensor] Updated distance: 44.8090375826271 cm | Severity=75 | SourceName=Sensor | EventType=application
[2026-08-16 18:06:58.354 (UTC)] info/application	[Sensor] Updated distance: 45.3944704511177 cm | Severity=75 | SourceName=Sensor | EventType=application
[2026-08-16 18:06:59.354 (UTC)] info/application	[Sensor] Updated distance: 46.1129275470101 cm | Severity=75 | SourceName=Sensor | EventType=application
[2026-08-16 18:07:00.354 (UTC)] info/application	[Sensor] Updated distance: 45.4605807454607 cm | Severity=75 | SourceName=Sensor | EventType=application
[2026-08-16 18:07:01.353 (UTC)] info/application	[Sensor] Updated distance: 45.3335853618726 cm | Severity=75 | SourceName=Sensor | EventType=application
[2026-08-16 18:07:02.353 (UTC)] info/application	[Sensor] Updated distance: 46.2648352334578 cm | Severity=75 | SourceName=Sensor | EventType=application
[2026-08-16 18:07:03.353 (UTC)] info/application	[Sensor] Updated distance: 47.469176589497 cm | Severity=75 | SourceName=Sensor | EventType=application
[2026-08-16 18:07:04.353 (UTC)] info/application	[Sensor] Updated distance: 48.0987982564135 cm | Severity=75 | SourceName=Sensor | EventType=application
[2026-08-16 18:07:05.354 (UTC)] info/application	[Sensor] Updated distance: 46.6732302746611 cm | Severity=75 | SourceName=Sensor | EventType=application
[2026-08-16 18:07:06.354 (UTC)] info/application	[Sensor] Updated distance: 46.6584745955926 cm | Severity=75 | SourceName=Sensor | EventType=application
[2026-08-16 18:07:07.354 (UTC)] info/application	[Sensor] Updated distance: 45.946027320086 cm | Severity=75 | SourceName=Sensor | EventType=application
[2026-08-16 18:07:08.354 (UTC)] info/application	[Sensor] Updated distance: 45.4239213687479 cm | Severity=75 | SourceName=Sensor | EventType=application
[2026-08-16 18:07:09.354 (UTC)] info/application	[Sensor] Updated distance: 46.9068931552614 cm | Severity=75 | SourceName=Sensor | EventType=application
[2026-08-16 18:07:10.355 (UTC)] info/application	[Sensor] Updated distance: 47.9983236524269 cm | Severity=75 | SourceName=Sensor | EventType=application
[2026-08-16 18:07:11.355 (UTC)] info/application	[Sensor] Updated distance: 48.1999036873225 cm | Severity=75 | SourceName=Sensor | EventType=application
[2026-08-16 18:07:12.355 (UTC)] info/application	[Sensor] Updated distance: 49.3318337985928 cm | Severity=75 | SourceName=Sensor | EventType=application
[2026-08-16 18:07:13.355 (UTC)] info/application	[Sensor] Updated distance: 47.8689731803578 cm | Severity=75 | SourceName=Sensor | EventType=application
[2026-08-16 18:07:14.355 (UTC)] info/application	[Sensor] Updated distance: 47.8650687075523 cm | Severity=75 | SourceName=Sensor | EventType=application
[2026-08-16 18:07:15.356 (UTC)] info/application	[Sensor] Updated distance: 47.7067138581568 cm | Severity=75 | SourceName=Sensor | EventType=application
[2026-08-16 18:07:16.346 (UTC)] info/application	[Sensor] Updated distance: 48.8698321901587 cm | Severity=75 | SourceName=Sensor | EventType=application
[2026-08-16 18:07:17.347 (UTC)] info/application	[Sensor] Updated distance: 49.9069744862649 cm | Severity=75 | SourceName=Sensor | EventType=application
[2026-08-16 18:07:18.347 (UTC)] info/application	[Sensor] Updated distance: 48.9504988160685 cm | Severity=75 | SourceName=Sensor | EventType=application
[2026-08-16 18:07:19.347 (UTC)] info/application	[Sensor] Updated distance: 48.8293554439812 cm | Severity=75 | SourceName=Sensor | EventType=application
[2026-08-16 18:07:20.347 (UTC)] info/application	[Sensor] Updated distance: 48.9579126331759 cm | Severity=75 | SourceName=Sensor | EventType=application
[2026-08-16 18:07:21.347 (UTC)] info/application	[Sensor] Updated distance: 49.1935750076983 cm | Severity=75 | SourceName=Sensor | EventType=application
[2026-08-16 18:07:22.347 (UTC)] info/application	[Sensor] Updated distance: 49.1536956760817 cm | Severity=75 | SourceName=Sensor | EventType=application
[2026-08-16 18:07:23.348 (UTC)] info/application	[Sensor] Updated distance: 47.6982602715484 cm | Severity=75 | SourceName=Sensor | EventType=application
[2026-08-16 18:07:24.348 (UTC)] info/application	[Sensor] Updated distance: 49.0584756047737 cm | Severity=75 | SourceName=Sensor | EventType=application
[2026-08-16 18:07:25.348 (UTC)] info/application	[Sensor] Updated distance: 49.6997995526529 cm | Severity=75 | SourceName=Sensor | EventType=application
[2026-08-16 18:07:26.348 (UTC)] info/application	[Sensor] Updated distance: 49.7995474421417 cm | Severity=75 | SourceName=Sensor | EventType=application
[2026-08-16 18:07:27.348 (UTC)] info/application	[Sensor] Updated distance: 49.7168994984668 cm | Severity=75 | SourceName=Sensor | EventType=application
[2026-08-16 18:07:28.348 (UTC)] info/application	[Sensor] Updated distance: 49.8271750387862 cm | Severity=75 | SourceName=Sensor | EventType=application
[2026-08-16 18:07:29.349 (UTC)] info/application	[Sensor] Updated distance: 49.4132609124823 cm | Severity=75 | SourceName=Sensor | EventType=application
[2026-08-16 18:07:30.349 (UTC)] info/application	[Sensor] Updated distance: 48.5490700633028 cm | Severity=75 | SourceName=Sensor | EventType=application
[2026-08-16 18:07:31.349 (UTC)] info/application	[Sensor] Updated distance: 49.8526487245004 cm | Severity=75 | SourceName=Sensor | EventType=application
[2026-08-16 18:07:32.350 (UTC)] info/application	[Sensor] Updated distance: 49.1882607853917 cm | Severity=75 | SourceName=Sensor | EventType=application
[2026-08-16 18:07:33.350 (UTC)] info/application	[Sensor] Updated distance: 47.7553198064004 cm | Severity=75 | SourceName=Sensor | EventType=application
[2026-08-16 18:07:34.350 (UTC)] info/application	[Sensor] Updated distance: 48.7632398222402 cm | Severity=75 | SourceName=Sensor | EventType=application
[2026-08-16 18:07:35.350 (UTC)] info/application	[Sensor] Updated distance: 48.8519519792646 cm | Severity=75 | SourceName=Sensor | EventType=application
[2026-08-16 18:07:36.350 (UTC)] info/application	[Sensor] Updated distance: 47.4934430185209 cm | Severity=75 | SourceName=Sensor | EventType=application
[2026-08-16 18:07:37.351 (UTC)] info/application	[Sensor] Updated distance: 46.9866073538953 cm | Severity=75 | SourceName=Sensor | EventType=application
[2026-08-16 18:07:38.351 (UTC)] info/application	[Sensor] Updated distance: 47.8628722354131 cm | Severity=75 | SourceName=Sensor | EventType=application
[2026-08-16 18:07:39.351 (UTC)] info/application	[Sensor] Updated distance: 47.4822573233313 cm | Severity=75 | SourceName=Sensor | EventType=application
[2026-08-16 18:07:40.351 (UTC)] info/application	[Sensor] Updated distance: 46.9583934452191 cm | Severity=75 | SourceName=Sensor | EventType=application
[2026-08-16 18:07:41.350 (UTC)] info/application	[Sensor] Updated distance: 47.4260888225055 cm | Severity=75 | SourceName=Sensor | EventType=application
[2026-08-16 18:07:42.350 (UTC)] info/application	[Sensor] Updated distance: 48.7470539453193 cm | Severity=75 | SourceName=Sensor | EventType=application
[2026-08-16 18:07:43.350 (UTC)] info/application	[Sensor] Updated distance: 47.8551201770805 cm | Severity=75 | SourceName=Sensor | EventType=application
[2026-08-16 18:07:44.350 (UTC)] info/application	[Sensor] Updated distance: 48.3599549375288 cm | Severity=75 | SourceName=Sensor | EventType=application
[2026-08-16 18:07:45.350 (UTC)] info/application	[Sensor] Updated distance: 48.1770155875371 cm | Severity=75 | SourceName=Sensor | EventType=application
[2026-08-16 18:07:46.350 (UTC)] info/application	[Sensor] Updated distance: 48.6267269699028 cm | Severity=75 | SourceName=Sensor | EventType=application
[2026-08-16 18:07:47.350 (UTC)] info/application	[Sensor] Updated distance: 48.794680060956 cm | Severity=75 | SourceName=Sensor | EventType=application
[2026-08-16 18:07:48.351 (UTC)] info/application	[Sensor] Updated distance: 48.3349340331438 cm | Severity=75 | SourceName=Sensor | EventType=application
[2026-08-16 18:07:49.351 (UTC)] info/application	[Sensor] Updated distance: 48.4271721117791 cm | Severity=75 | SourceName=Sensor | EventType=application
[2026-08-16 18:07:50.351 (UTC)] info/application	[Sensor] Updated distance: 46.973981829348 cm | Severity=75 | SourceName=Sensor | EventType=application
[2026-08-16 18:07:51.351 (UTC)] info/application	[Sensor] Updated distance: 48.1427929907305 cm | Severity=75 | SourceName=Sensor | EventType=application
[2026-08-16 18:07:52.351 (UTC)] info/application	[Sensor] Updated distance: 46.9706934424912 cm | Severity=75 | SourceName=Sensor | EventType=application
[2026-08-16 18:07:53.351 (UTC)] info/application	[Sensor] Updated distance: 46.9776238284435 cm | Severity=75 | SourceName=Sensor | EventType=application
[2026-08-16 18:07:54.351 (UTC)] info/application	[Sensor] Updated distance: 48.1909995852928 cm | Severity=75 | SourceName=Sensor | EventType=application
[2026-08-16 18:07:55.351 (UTC)] info/application	[Sensor] Updated distance: 46.8791153688818 cm | Severity=75 | SourceName=Sensor | EventType=application
[2026-08-16 18:07:56.351 (UTC)] info/application	[Sensor] Updated distance: 46.6277705960105 cm | Severity=75 | SourceName=Sensor | EventType=application
[2026-08-16 18:07:57.351 (UTC)] info/application	[Sensor] Updated distance: 46.8417993580652 cm | Severity=75 | SourceName=Sensor | EventType=application
[2026-08-16 18:07:58.351 (UTC)] info/application	[Sensor] Updated distance: 46.9472671979793 cm | Severity=75 | SourceName=Sensor | EventType=application
[2026-08-16 18:07:59.351 (UTC)] info/application	[Sensor] Updated distance: 45.651847886458 cm | Severity=75 | SourceName=Sensor | EventType=application
[2026-08-16 18:08:00.350 (UTC)] info/application	[Sensor] Updated distance: 46.9519625222087 cm | Severity=75 | SourceName=Sensor | EventType=application
[2026-08-16 18:08:01.350 (UTC)] info/application	[Sensor] Updated distance: 47.6932395129433 cm | Severity=75 | SourceName=Sensor | EventType=application
[2026-08-16 18:08:02.350 (UTC)] info/application	[Sensor] Updated distance: 46.2013988612226 cm | Severity=75 | SourceName=Sensor | EventType=application
[2026-08-16 18:08:03.350 (UTC)] info/application	[Sensor] Updated distance: 46.9606039856843 cm | Severity=75 | SourceName=Sensor | EventType=application
[2026-08-16 18:08:04.350 (UTC)] info/application	[Sensor] Updated distance: 47.7689399988246 cm | Severity=75 | SourceName=Sensor | EventType=application
[2026-08-16 18:08:05.351 (UTC)] info/application	[Sensor] Updated distance: 48.7850193643407 cm | Severity=75 | SourceName=Sensor | EventType=application
[2026-08-16 18:08:06.350 (UTC)] info/application	[Sensor] Updated distance: 48.1329366444298 cm | Severity=75 | SourceName=Sensor | EventType=application
[2026-08-16 18:08:07.350 (UTC)] info/application	[Sensor] Updated distance: 49.0827636968264 cm | Severity=75 | SourceName=Sensor | EventType=application
[2026-08-16 18:08:08.350 (UTC)] info/application	[Sensor] Updated distance: 48.0920073963199 cm | Severity=75 | SourceName=Sensor | EventType=application
[2026-08-16 18:08:09.350 (UTC)] info/application	[Sensor] Updated distance: 46.8161895565298 cm | Severity=75 | SourceName=Sensor | EventType=application
[2026-08-16 18:08:10.350 (UTC)] info/application	[Sensor] Updated distance: 45.8854016968447 cm | Severity=75 | SourceName=Sensor | EventType=application
[2026-08-16 18:08:11.352 (UTC)] info/application	[Sensor] Updated distance: 45.8707815182259 cm | Severity=75 | SourceName=Sensor | EventType=application
[2026-08-16 18:08:12.352 (UTC)] info/application	[Sensor] Updated distance: 46.5626590571192 cm | Severity=75 | SourceName=Sensor | EventType=application
[2026-08-16 18:08:13.352 (UTC)] info/application	[Sensor] Updated distance: 45.4528363188509 cm | Severity=75 | SourceName=Sensor | EventType=application
[2026-08-16 18:08:14.352 (UTC)] info/application	[Sensor] Updated distance: 46.0462823719933 cm | Severity=75 | SourceName=Sensor | EventType=application
[2026-08-16 18:08:15.352 (UTC)] info/application	[Sensor] Updated distance: 45.742994669938 cm | Severity=75 | SourceName=Sensor | EventType=application
[2026-08-16 18:08:16.351 (UTC)] info/application	[Sensor] Updated distance: 45.950232581678 cm | Severity=75 | SourceName=Sensor | EventType=application
[2026-08-16 18:08:17.351 (UTC)] info/application	[Sensor] Updated distance: 45.493390015789 cm | Severity=75 | SourceName=Sensor | EventType=application
[2026-08-16 18:08:18.351 (UTC)] info/application	[Sensor] Updated distance: 46.858055404787 cm | Severity=75 | SourceName=Sensor | EventType=application
[2026-08-16 18:08:19.351 (UTC)] info/application	[Sensor] Updated distance: 48.1055472887147 cm | Severity=75 | SourceName=Sensor | EventType=application
[2026-08-16 18:08:20.352 (UTC)] info/application	[Sensor] Updated distance: 49.2409428028581 cm | Severity=75 | SourceName=Sensor | EventType=application
[2026-08-16 18:08:21.352 (UTC)] info/application	[Sensor] Updated distance: 49.3475820891781 cm | Severity=75 | SourceName=Sensor | EventType=application
[2026-08-16 18:08:22.352 (UTC)] info/application	[Sensor] Updated distance: 49.7361148669087 cm | Severity=75 | SourceName=Sensor | EventType=application
[2026-08-16 18:08:23.352 (UTC)] info/application	[Sensor] Updated distance: 48.8005891671872 cm | Severity=75 | SourceName=Sensor | EventType=application
[2026-08-16 18:08:24.352 (UTC)] info/application	[Sensor] Updated distance: 48.7189946597065 cm | Severity=75 | SourceName=Sensor | EventType=application
[2026-08-16 18:08:25.352 (UTC)] info/application	[Sensor] Updated distance: 49.348673460469 cm | Severity=75 | SourceName=Sensor | EventType=application
[2026-08-16 18:08:26.352 (UTC)] info/application	[Sensor] Updated distance: 48.000085209962 cm | Severity=75 | SourceName=Sensor | EventType=application
[2026-08-16 18:08:27.352 (UTC)] info/application	[Sensor] Updated distance: 49.1671459310069 cm | Severity=75 | SourceName=Sensor | EventType=application
[2026-08-16 18:08:28.353 (UTC)] info/application	[Sensor] Updated distance: 48.5108534924271 cm | Severity=75 | SourceName=Sensor | EventType=application
[2026-08-16 18:08:29.353 (UTC)] info/application	[Sensor] Updated distance: 48.7677330818343 cm | Severity=75 | SourceName=Sensor | EventType=application
[2026-08-16 18:08:30.353 (UTC)] info/application	[Sensor] Updated distance: 49.8606255086421 cm | Severity=75 | SourceName=Sensor | EventType=application
[2026-08-16 18:08:31.354 (UTC)] info/application	[Sensor] Updated distance: 49.004447704416 cm | Severity=75 | SourceName=Sensor | EventType=application
[2026-08-16 18:08:32.355 (UTC)] info/application	[Sensor] Updated distance: 48.5026042845578 cm | Severity=75 | SourceName=Sensor | EventType=application
[2026-08-16 18:08:33.356 (UTC)] info/application	[Sensor] Updated distance: 49.8824050437577 cm | Severity=75 | SourceName=Sensor | EventType=application
[2026-08-16 18:08:34.356 (UTC)] info/application	[Sensor] Updated distance: 48.7145676360068 cm | Severity=75 | SourceName=Sensor | EventType=application
[2026-08-16 18:08:35.356 (UTC)] info/application	[Sensor] Updated distance: 47.5210602278919 cm | Severity=75 | SourceName=Sensor | EventType=application
[2026-08-16 18:08:36.356 (UTC)] info/application	[Sensor] Updated distance: 48.4169403512109 cm | Severity=75 | SourceName=Sensor | EventType=application
[2026-08-16 18:08:37.346 (UTC)] info/application	[Sensor] Updated distance: 47.6678849515355 cm | Severity=75 | SourceName=Sensor | EventType=application
[2026-08-16 18:08:38.346 (UTC)] info/application	[Sensor] Updated distance: 48.9242045958173 cm | Severity=75 | SourceName=Sensor | EventType=application
[2026-08-16 18:08:39.346 (UTC)] info/application	[Sensor] Updated distance: 49.6706715813702 cm | Severity=75 | SourceName=Sensor | EventType=application
[2026-08-16 18:08:40.346 (UTC)] info/application	[Sensor] Updated distance: 49.1457983419047 cm | Severity=75 | SourceName=Sensor | EventType=application
[2026-08-16 18:08:41.347 (UTC)] info/application	[Sensor] Updated distance: 47.9713301251044 cm | Severity=75 | SourceName=Sensor | EventType=application
[2026-08-16 18:08:42.348 (UTC)] info/application	[Sensor] Updated distance: 47.8618337692981 cm | Severity=75 | SourceName=Sensor | EventType=application
[2026-08-16 18:08:43.348 (UTC)] info/application	[Sensor] Updated distance: 46.528838067329 cm | Severity=75 | SourceName=Sensor | EventType=application
[2026-08-16 18:08:44.348 (UTC)] info/application	[Sensor] Updated distance: 45.7445471136573 cm | Severity=75 | SourceName=Sensor | EventType=application
[2026-08-16 18:08:45.349 (UTC)] info/application	[Sensor] Updated distance: 44.7284968095965 cm | Severity=75 | SourceName=Sensor | EventType=application
[2026-08-16 18:08:46.349 (UTC)] info/application	[Sensor] Updated distance: 44.592213405572 cm | Severity=75 | SourceName=Sensor | EventType=application
[2026-08-16 18:08:47.350 (UTC)] info/application	[Sensor] Updated distance: 45.5151603636403 cm | Severity=75 | SourceName=Sensor | EventType=application
[2026-08-16 18:08:48.350 (UTC)] info/application	[Sensor] Updated distance: 45.5422674950875 cm | Severity=75 | SourceName=Sensor | EventType=application
[2026-08-16 18:08:49.351 (UTC)] info/application	[Sensor] Updated distance: 45.270649480061 cm | Severity=75 | SourceName=Sensor | EventType=application
[2026-08-16 18:08:50.351 (UTC)] info/application	[Sensor] Updated distance: 45.941088322057 cm | Severity=75 | SourceName=Sensor | EventType=application
[2026-08-16 18:08:51.352 (UTC)] info/application	[Sensor] Updated distance: 45.6035909662506 cm | Severity=75 | SourceName=Sensor | EventType=application
[2026-08-16 18:08:52.352 (UTC)] info/application	[Sensor] Updated distance: 45.243448057791 cm | Severity=75 | SourceName=Sensor | EventType=application
[2026-08-16 18:08:53.352 (UTC)] info/application	[Sensor] Updated distance: 45.3301899423032 cm | Severity=75 | SourceName=Sensor | EventType=application
[2026-08-16 18:08:54.353 (UTC)] info/application	[Sensor] Updated distance: 44.9559885510039 cm | Severity=75 | SourceName=Sensor | EventType=application
[2026-08-16 18:08:55.353 (UTC)] info/application	[Sensor] Updated distance: 46.0142511350635 cm | Severity=75 | SourceName=Sensor | EventType=application
[2026-08-16 18:08:56.354 (UTC)] info/application	[Sensor] Updated distance: 45.2306718189412 cm | Severity=75 | SourceName=Sensor | EventType=application
[2026-08-16 18:08:57.354 (UTC)] info/application	[Sensor] Updated distance: 45.007882177135 cm | Severity=75 | SourceName=Sensor | EventType=application
[2026-08-16 18:08:58.354 (UTC)] info/application	[Sensor] Updated distance: 45.7332054808425 cm | Severity=75 | SourceName=Sensor | EventType=application
[2026-08-16 18:08:59.355 (UTC)] info/application	[Sensor] Updated distance: 45.7933337261404 cm | Severity=75 | SourceName=Sensor | EventType=application
[2026-08-16 18:09:00.355 (UTC)] info/application	[Sensor] Updated distance: 44.3274236737413 cm | Severity=75 | SourceName=Sensor | EventType=application
[2026-08-16 18:09:01.356 (UTC)] info/application	[Sensor] Updated distance: 44.9243883869725 cm | Severity=75 | SourceName=Sensor | EventType=application
[2026-08-16 18:09:02.356 (UTC)] info/application	[Sensor] Updated distance: 45.6283388280442 cm | Severity=75 | SourceName=Sensor | EventType=application
[2026-08-16 18:09:03.356 (UTC)] info/application	[Sensor] Updated distance: 45.1605853557869 cm | Severity=75 | SourceName=Sensor | EventType=application
[2026-08-16 18:09:04.356 (UTC)] info/application	[Sensor] Updated distance: 45.637350826821 cm | Severity=75 | SourceName=Sensor | EventType=application
[2026-08-16 18:09:05.346 (UTC)] info/application	[Sensor] Updated distance: 46.2443285881283 cm | Severity=75 | SourceName=Sensor | EventType=application
[2026-08-16 18:09:06.347 (UTC)] info/application	[Sensor] Updated distance: 46.0830677077561 cm | Severity=75 | SourceName=Sensor | EventType=application
[2026-08-16 18:09:07.347 (UTC)] info/application	[Sensor] Updated distance: 45.9557133007123 cm | Severity=75 | SourceName=Sensor | EventType=application
[2026-08-16 18:09:08.348 (UTC)] info/application	[Sensor] Updated distance: 47.3136356623442 cm | Severity=75 | SourceName=Sensor | EventType=application
[2026-08-16 18:09:09.348 (UTC)] info/application	[Sensor] Updated distance: 46.9086944248568 cm | Severity=75 | SourceName=Sensor | EventType=application
[2026-08-16 18:09:10.348 (UTC)] info/application	[Sensor] Updated distance: 46.6864638392285 cm | Severity=75 | SourceName=Sensor | EventType=application
[2026-08-16 18:09:11.349 (UTC)] info/application	[Sensor] Updated distance: 46.0195129599979 cm | Severity=75 | SourceName=Sensor | EventType=application
[2026-08-16 18:09:12.349 (UTC)] info/application	[Sensor] Updated distance: 45.9401035071072 cm | Severity=75 | SourceName=Sensor | EventTyp