[SPOOF] Connecting to aggregation_server@4840 (anonymous, no auth)...
[2026-08-17 02:30:54.646 (UTC+0800)] [32minfo/network[0m	TCP 8	| Opening a connection to "127.0.0.1" on port 4840
[2026-08-17 02:30:54.648 (UTC+0800)] [32minfo/channel[0m	TCP 8	| SC 11	| SecureChannel opened with SecurityMode None for SecurityPolicy http://opcfoundation.org/UA/SecurityPolicy#None and a revised lifetime of 600.0s
[2026-08-17 02:30:54.649 (UTC+0800)] [32minfo/client[0m	Client Status: ChannelState: Open, SessionState: Closed, ConnectStatus: Good
[2026-08-17 02:30:54.649 (UTC+0800)] [32minfo/client[0m	The initially defined EndpointURL opc.tcp://127.0.0.1:4840 is valid for the server
[2026-08-17 02:30:54.649 (UTC+0800)] [33mwarn/client[0m	The server returned Endpoints with a different EndpointUrl opc.tcp://MSI:4840 than was used to initialize the connection: opc.tcp://127.0.0.1:4840. Some servers require a complete match of the EndpointUrl/DiscoveryUrl (including the path) to return all endpoints.
[2026-08-17 02:30:54.649 (UTC+0800)] [32minfo/client[0m	Endpoint 0: Best endpoint so far with UserTokenPolicy open62541-anonymous-policy-none#None
[2026-08-17 02:30:54.649 (UTC+0800)] [32minfo/client[0m	Endpoint 0 selected with SecurityMode None, SecurityPolicy http://opcfoundation.org/UA/SecurityPolicy#None and UserTokenPolicy open62541-anonymous-policy-none#None
[2026-08-17 02:30:54.649 (UTC+0800)] [32minfo/client[0m	CreateSession: Using UserTokenPolicy open62541-anonymous-policy-none#None
[2026-08-17 02:30:54.650 (UTC+0800)] [32minfo/client[0m	Client Status: ChannelState: Open, SessionState: Created, ConnectStatus: Good
[2026-08-17 02:30:54.650 (UTC+0800)] [32minfo/client[0m	ActivateSession: Using UserTokenPolicy open62541-anonymous-policy-none#None
[2026-08-17 02:30:54.650 (UTC+0800)] [32minfo/client[0m	Client Status: ChannelState: Open, SessionState: Activated, ConnectStatus: Good
[SPOOF] Connected. Lurking for 300 s, sparsely injecting 5 fake logs...
[SPOOF] t=29s injected (as Sensor2): [2026-08-16 18:31:23.068 (UTC)] info/application	[Sensor] Updated distance: 32.3209033675124 cm | Severity=75 | SourceName=Sensor2 | EventType=application
[SPOOF] t=30s injected (as Sensor2): [2026-08-16 18:31:24.069 (UTC)] info/application	[Sensor] Updated distance: 45.7742971758238 cm | Severity=75 | SourceName=Sensor2 | EventType=application
[SPOOF] t=78s injected (as Sensor2): [2026-08-16 18:32:12.094 (UTC)] info/application	[Sensor] Updated distance: 45.7106476182633 cm | Severity=75 | SourceName=Sensor2 | EventType=application
[SPOOF] t=181s injected (as Sensor2): [2026-08-16 18:33:55.150 (UTC)] info/application	[Sensor] Updated distance: 32.5943824046265 cm | Severity=75 | SourceName=Sensor2 | EventType=application
[SPOOF] t=297s injected (as Sensor2): [2026-08-16 18:35:51.014 (UTC)] info/application	[Sensor] Updated distance: 23.8339662281023 cm | Severity=75 | SourceName=Sensor2 | EventType=application
[SPOOF] Done (5/5 injected). Disconnecting.
[2026-08-17 02:35:54.016 (UTC+0800)] [32minfo/channel[0m	TCP 8	| SC 11	| SecureChannel closed
[2026-08-17 02:35:54.016 (UTC+0800)] [32minfo/client[0m	Client Status: ChannelState: Closed, SessionState: Closed, ConnectStatus: BadConnectionClosed
[2026-08-17 02:35:54.017 (UTC+0800)] [32minfo/network[0m	TCP 8	| Socket closed
