[2026-08-17 03:35:14.598 (UTC+0800)] [33mwarn/server[0m	AccessControl: Unconfigured AccessControl. Users have all permissions.
[2026-08-17 03:35:14.598 (UTC+0800)] [32minfo/server[0m	AccessControl: Anonymous login is enabled
[2026-08-17 03:35:14.598 (UTC+0800)] [33mwarn/server[0m	x509 Certificate Authentication configured, but no encrypting SecurityPolicy. This can leak credentials on the network.
[2026-08-17 03:35:14.632 (UTC+0800)] [33mwarn/application[0m	ServerUrls already set. Overriding.
[2026-08-17 03:35:14.632 (UTC+0800)] [33mwarn/server[0m	AccessControl: Unconfigured AccessControl. Users have all permissions.
[2026-08-17 03:35:14.632 (UTC+0800)] [32minfo/server[0m	AccessControl: Anonymous login is enabled
[2026-08-17 03:35:14.632 (UTC+0800)] [33mwarn/server[0m	x509 Certificate Authentication configured, but no encrypting SecurityPolicy. This can leak credentials on the network.
[2026-08-17 03:35:14.632 (UTC+0800)] [33mwarn/server[0m	x509 Certificate Authentication configured, but no encrypting SecurityPolicy. This can leak credentials on the network.
[2026-08-16 19:35:14.632 (UTC)] info/application	Sensor Server online (Client/Server mode, id=3 port=4844) | Severity=75 | SourceName=Sensor3 | EventType=application
Entering background polling mode: attempting to connect to Aggregation Server...
Connected successfully. Log forwarding started.
[2026-08-16 19:35:15.638 (UTC)] info/application	[Sensor] Updated distance: 25.0799853473809 cm | Severity=75 | SourceName=Sensor3 | EventType=application
[2026-08-16 19:35:16.608 (UTC)] info/network	[System] TCP 16	| Connection opened from "127.0.0.1" via the server socket 8 | Severity=75 | SourceName=System | EventType=network
[2026-08-16 19:35:16.608 (UTC)] info/channel	[System] TCP 16	| SC 1	| SecureChannel created | Severity=75 | SourceName=System | EventType=channel
[2026-08-16 19:35:17.724 (UTC)] info/application	[Sensor] Updated distance: 25.5533037272065 cm | Severity=75 | SourceName=Sensor3 | EventType=application
[2026-08-16 19:35:17.744 (UTC)] info/channel	[System] TCP 16	| SC 1	| OpenSecureChannel: Channel opened with SecurityMode None for SecurityPolicy http://opcfoundation.org/UA/SecurityPolicy#None and a revised lifetime of 600.0s | Severity=75 | SourceName=System | EventType=channel
[2026-08-16 19:35:17.765 (UTC)] warn/client	[System] Removing a UserTokenPolicy that would allow the password to be transmitted without encryption (Can be enabled via config->allowNonePolicyPassword) | Severity=175 | SourceName=System | EventType=client
[2026-08-16 19:35:17.765 (UTC)] warn/client	[System] Removing a UserTokenPolicy that would allow the password to be transmitted without encryption (Can be enabled via config->allowNonePolicyPassword) | Severity=175 | SourceName=System | EventType=client
[2026-08-16 19:35:17.775 (UTC)] warn/client	[System] Removing a UserTokenPolicy that would allow the password to be transmitted without encryption (Can be enabled via config->allowNonePolicyPassword) | Severity=175 | SourceName=System | EventType=client
[2026-08-16 19:35:17.775 (UTC)] warn/client	[System] Removing a UserTokenPolicy that would allow the password to be transmitted without encryption (Can be enabled via config->allowNonePolicyPassword) | Severity=175 | SourceName=System | EventType=client
[2026-08-16 19:35:17.776 (UTC)] info/session	[System] TCP 16	| SC 1	| Session "ns=1;g=66fcf892-de23-3888-0f70-a7ea208288a8"	| Session created | Severity=75 | SourceName=System | EventType=session
[2026-08-16 19:35:17.787 (UTC)] info/session	[System] TCP 16	| SC 1	| Session "ns=1;g=66fcf892-de23-3888-0f70-a7ea208288a8"	| ActivateSession: Session activated with ClientUserId "" | Severity=75 | SourceName=System | EventType=session
[2026-08-16 19:35:18.172 (UTC)] info/session	[System] TCP 16	| SC 1	| Session "ns=1;g=66fcf892-de23-3888-0f70-a7ea208288a8"	| Subscription 1 | Subscription created (Publishing interval 500.0ms, max 1000 notifications per publish) | Severity=75 | SourceName=System | EventType=session
[2026-08-16 19:35:18.192 (UTC)] info/session	[System] TCP 16	| SC 1	| Session "ns=1;g=66fcf892-de23-3888-0f70-a7ea208288a8"	| Subscription 1 | MonitoredItem 1 | Created the MonitoredItem (Sampling Interval: 250.0ms, Queue Size: 1) | Severity=75 | SourceName=System | EventType=session
[2026-08-16 19:35:18.728 (UTC)] info/application	[Sensor] Updated distance: 26.34125452295 cm | Severity=75 | SourceName=Sensor3 | EventType=application
[2026-08-16 19:35:19.728 (UTC)] info/application	[Sensor] Updated distance: 27.0387308448733 cm | Severity=75 | SourceName=Sensor3 | EventType=application
[2026-08-16 19:35:20.728 (UTC)] info/application	[Sensor] Updated distance: 27.2813719235274 cm | Severity=75 | SourceName=Sensor3 | EventType=application
[2026-08-16 19:35:21.729 (UTC)] info/application	[Sensor] Updated distance: 27.2189980057157 cm | Severity=75 | SourceName=Sensor3 | EventType=application
[2026-08-16 19:35:22.730 (UTC)] info/application	[Sensor] Updated distance: 28.2728870859243 cm | Severity=75 | SourceName=Sensor3 | EventType=application
[2026-08-16 19:35:23.730 (UTC)] info/application	[Sensor] Updated distance: 28.5068217364637 cm | Severity=75 | SourceName=Sensor3 | EventType=application
[2026-08-16 19:35:24.730 (UTC)] info/application	[Sensor] Updated distance: 29.4113351641741 cm | Severity=75 | SourceName=Sensor3 | EventType=application
[2026-08-16 19:35:25.730 (UTC)] info/application	[Sensor] Updated distance: 30.2492222056022 cm | Severity=75 | SourceName=Sensor3 | EventType=application
[2026-08-16 19:35:26.730 (UTC)] info/application	[Sensor] Updated distance: 30.1677959634307 cm | Severity=75 | SourceName=Sensor3 | EventType=application
[2026-08-16 19:35:27.731 (UTC)] info/application	[Sensor] Updated distance: 30.2322973745094 cm | Severity=75 | SourceName=Sensor3 | EventType=application
[2026-08-16 19:35:28.731 (UTC)] info/application	[Sensor] Updated distance: 30.0667348301815 cm | Severity=75 | SourceName=Sensor3 | EventType=application
[2026-08-16 19:35:29.731 (UTC)] info/application	[Sensor] Updated distance: 29.7560209532995 cm | Severity=75 | SourceName=Sensor3 | EventType=application
[2026-08-16 19:35:30.731 (UTC)] info/application	[Sensor] Updated distance: 30.542128118706 cm | Severity=75 | SourceName=Sensor3 | EventType=application
[2026-08-16 19:35:31.731 (UTC)] info/application	[Sensor] Updated distance: 30.314963134618 cm | Severity=75 | SourceName=Sensor3 | EventType=application
[2026-08-16 19:35:32.732 (UTC)] info/application	[Sensor] Updated distance: 30.3270388789601 cm | Severity=75 | SourceName=Sensor3 | EventType=application
[2026-08-16 19:35:33.732 (UTC)] info/application	[Sensor] Updated distance: 29.7841512392201 cm | Severity=75 | SourceName=Sensor3 | EventType=application
[2026-08-16 19:35:34.732 (UTC)] info/application	[Sensor] Updated distance: 29.3225626176328 cm | Severity=75 | SourceName=Sensor3 | EventType=application
[2026-08-16 19:35:35.733 (UTC)] info/application	[Sensor] Updated distance: 28.2923298065049 cm | Severity=75 | SourceName=Sensor3 | EventType=application
[2026-08-16 19:35:36.733 (UTC)] info/application	[Sensor] Updated distance: 28.90143758962 cm | Severity=75 | SourceName=Sensor3 | EventType=application
[2026-08-16 19:35:37.733 (UTC)] info/application	[Sensor] Updated distance: 28.3116078862509 cm | Severity=75 | SourceName=Sensor3 | EventType=application
[2026-08-16 19:35:38.734 (UTC)] info/application	[Sensor] Updated distance: 28.0870360883824 cm | Severity=75 | SourceName=Sensor3 | EventType=application
[2026-08-16 19:35:39.724 (UTC)] info/application	[Sensor] Updated distance: 28.3062219393003 cm | Severity=75 | SourceName=Sensor3 | EventType=application
[2026-08-16 19:35:40.725 (UTC)] info/application	[Sensor] Updated distance: 29.0228883016495 cm | Severity=75 | SourceName=Sensor3 | EventType=application
[2026-08-16 19:35:41.725 (UTC)] info/application	[Sensor] Updated distance: 27.5332140100809 cm | Severity=75 | SourceName=Sensor3 | EventType=application
[2026-08-16 19:35:42.725 (UTC)] info/application	[Sensor] Updated distance: 28.5923130633739 cm | Severity=75 | SourceName=Sensor3 | EventType=application
[2026-08-16 19:35:43.725 (UTC)] info/application	[Sensor] Updated distance: 28.3860293921949 cm | Severity=75 | SourceName=Sensor3 | EventType=application
[2026-08-16 19:35:44.725 (UTC)] info/application	[Sensor] Updated distance: 28.8771934348052 cm | Severity=75 | SourceName=Sensor3 | EventType=application
[2026-08-16 19:35:45.726 (UTC)] info/application	[Sensor] Updated distance: 28.2865479221971 cm | Severity=75 | SourceName=Sensor3 | EventType=application
[2026-08-16 19:35:46.726 (UTC)] info/application	[Sensor] Updated distance: 26.8721674747635 cm | Severity=75 | SourceName=Sensor3 | EventType=application
[2026-08-16 19:35:47.727 (UTC)] info/application	[Sensor] Updated distance: 27.9433168647547 cm | Severity=75 | SourceName=Sensor3 | EventType=application
[2026-08-16 19:35:48.727 (UTC)] info/application	[Sensor] Updated distance: 29.3259897333691 cm | Severity=75 | SourceName=Sensor3 | EventType=application
[2026-08-16 19:35:49.727 (UTC)] info/application	[Sensor] Updated distance: 30.1995600830762 cm | Severity=75 | SourceName=Sensor3 | EventType=application
[2026-08-16 19:35:50.727 (UTC)] info/application	[Sensor] Updated distance: 30.4681857935936 cm | Severity=75 | SourceName=Sensor3 | EventType=application
[2026-08-16 19:35:51.727 (UTC)] info/application	[Sensor] Updated distance: 30.5934997394651 cm | Severity=75 | SourceName=Sensor3 | EventType=application
[2026-08-16 19:35:52.727 (UTC)] info/application	[Sensor] Updated distance: 29.9046961699634 cm | Severity=75 | SourceName=Sensor3 | EventType=application
[2026-08-16 19:35:53.728 (UTC)] info/application	[Sensor] Updated distance: 29.7272109592926 cm | Severity=75 | SourceName=Sensor3 | EventType=application
[2026-08-16 19:35:54.729 (UTC)] info/application	[Sensor] Updated distance: 28.5864595557034 cm | Severity=75 | SourceName=Sensor3 | EventType=application
[2026-08-16 19:35:55.729 (UTC)] info/application	[Sensor] Updated distance: 27.3021694125152 cm | Severity=75 | SourceName=Sensor3 | EventType=application
[2026-08-16 19:35:56.730 (UTC)] info/application	[Sensor] Updated distance: 26.4625712418754 cm | Severity=75 | SourceName=Sensor3 | EventType=application
[2026-08-16 19:35:57.731 (UTC)] info/application	[Sensor] Updated distance: 26.7403935961148 cm | Severity=75 | SourceName=Sensor3 | EventType=application
[2026-08-16 19:35:58.732 (UTC)] info/application	[Sensor] Updated distance: 27.0206048640053 cm | Severity=75 | SourceName=Sensor3 | EventType=application
[2026-08-16 19:35:59.732 (UTC)] info/application	[Sensor] Updated distance: 27.5154441490376 cm | Severity=75 | SourceName=Sensor3 | EventType=application
[2026-08-16 19:36:00.733 (UTC)] info/application	[Sensor] Updated distance: 28.9825526263949 cm | Severity=75 | SourceName=Sensor3 | EventType=application
[2026-08-16 19:36:01.724 (UTC)] info/application	[Sensor] Updated distance: 28.5488710596919 cm | Severity=75 | SourceName=Sensor3 | EventType=application
[2026-08-16 19:36:02.725 (UTC)] info/application	[Sensor] Updated distance: 27.3165453592392 cm | Severity=75 | SourceName=Sensor3 | EventType=application
[2026-08-16 19:36:03.725 (UTC)] info/application	[Sensor] Updated distance: 27.2957295795417 cm | Severity=75 | SourceName=Sensor3 | EventType=application
[2026-08-16 19:36:04.725 (UTC)] info/application	[Sensor] Updated distance: 27.8191603730988 cm | Severity=75 | SourceName=Sensor3 | EventType=application
[2026-08-16 19:36:05.726 (UTC)] info/application	[Sensor] Updated distance: 27.6252460524557 cm | Severity=75 | SourceName=Sensor3 | EventType=application
[2026-08-16 19:36:06.726 (UTC)] info/application	[Sensor] Updated distance: 28.0741974616303 cm | Severity=75 | SourceName=Sensor3 | EventType=application
[2026-08-16 19:36:07.726 (UTC)] info/application	[Sensor] Updated distance: 27.7067360369054 cm | Severity=75 | SourceName=Sensor3 | EventType=application
[2026-08-16 19:36:08.727 (UTC)] info/application	[Sensor] Updated distance: 28.4229920128933 cm | Severity=75 | SourceName=Sensor3 | EventType=application
[2026-08-16 19:36:09.727 (UTC)] info/application	[Sensor] Updated distance: 27.1473716228024 cm | Severity=75 | SourceName=Sensor3 | EventType=application
[2026-08-16 19:36:10.727 (UTC)] info/application	[Sensor] Updated distance: 28.4990960489954 cm | Severity=75 | SourceName=Sensor3 | EventType=application
[2026-08-16 19:36:11.727 (UTC)] info/application	[Sensor] Updated distance: 28.4320183859356 cm | Severity=75 | SourceName=Sensor3 | EventType=application
[2026-08-16 19:36:12.728 (UTC)] info/application	[Sensor] Updated distance: 27.166723704276 cm | Severity=75 | SourceName=Sensor3 | EventType=application
[2026-08-16 19:36:13.728 (UTC)] info/application	[Sensor] Updated distance: 28.0775471823651 cm | Severity=75 | SourceName=Sensor3 | EventType=application
[2026-08-16 19:36:14.728 (UTC)] info/application	[Sensor] Updated distance: 29.3041858481263 cm | Severity=75 | SourceName=Sensor3 | EventType=application
[2026-08-16 19:36:15.728 (UTC)] info/application	[Sensor] Updated distance: 30.030055209077 cm | Severity=75 | SourceName=Sensor3 | EventType=application
[2026-08-16 19:36:16.728 (UTC)] info/application	[Sensor] Updated distance: 28.8502331745579 cm | Severity=75 | SourceName=Sensor3 | EventType=application
[2026-08-16 19:36:17.729 (UTC)] info/application	[Sensor] Updated distance: 30.1624913942825 cm | Severity=75 | SourceName=Sensor3 | EventType=application
[2026-08-16 19:36:18.729 (UTC)] info/application	[Sensor] Updated distance: 30.4595101438274 cm | Severity=75 | SourceName=Sensor3 | EventType=application
[2026-08-16 19:36:19.729 (UTC)] info/application	[Sensor] Updated distance: 29.1623609765257 cm | Severity=75 | SourceName=Sensor3 | EventType=application
[2026-08-16 19:36:20.729 (UTC)] info/application	[Sensor] Updated distance: 29.8481895445605 cm | Severity=75 | SourceName=Sensor3 | EventType=application
[2026-08-16 19:36:21.729 (UTC)] info/application	[Sensor] Updated distance: 28.9138340032258 cm | Severity=75 | SourceName=Sensor3 | EventType=application
[2026-08-16 19:36:22.729 (UTC)] info/application	[Sensor] Updated distance: 29.2419987817956 cm | Severity=75 | SourceName=Sensor3 | EventType=application
[2026-08-16 19:36:23.729 (UTC)] info/application	[Sensor] Updated distance: 30.7390237803287 cm | Severity=75 | SourceName=Sensor3 | EventType=application
[2026-08-16 19:36:24.730 (UTC)] info/application	[Sensor] Updated distance: 31.1271830283232 cm | Severity=75 | SourceName=Sensor3 | EventType=application
[2026-08-16 19:36:25.731 (UTC)] info/application	[Sensor] Updated distance: 31.8145964033038 cm | Severity=75 | SourceName=Sensor3 | EventType=application
[2026-08-16 19:36:26.731 (UTC)] info/application	[Sensor] Updated distance: 30.5273312586487 cm | Severity=75 | SourceName=Sensor3 | EventType=application
[2026-08-16 19:36:27.731 (UTC)] info/application	[Sensor] Updated distance: 31.5758923360034 cm | Severity=75 | SourceName=Sensor3 | EventType=application
[2026-08-16 19:36:28.732 (UTC)] info/application	[Sensor] Updated distance: 31.0411280638264 cm | Severity=75 | SourceName=Sensor3 | EventType=application
[2026-08-16 19:36:29.732 (UTC)] info/application	[Sensor] Updated distance: 31.5340741870618 cm | Severity=75 | SourceName=Sensor3 | EventType=application
[2026-08-16 19:36:30.733 (UTC)] info/application	[Sensor] Updated distance: 31.5774745480518 cm | Severity=75 | SourceName=Sensor3 | EventType=application
[2026-08-16 19:36:31.733 (UTC)] info/application	[Sensor] Updated distance: 31.0098187518352 cm | Severity=75 | SourceName=Sensor3 | EventType=application
[2026-08-16 19:36:32.733 (UTC)] info/application	[Sensor] Updated distance: 29.5690833069706 cm | Severity=75 | SourceName=Sensor3 | EventType=application
[2026-08-16 19:36:33.734 (UTC)] info/application	[Sensor] Updated distance: 29.8801579689049 cm | Severity=75 | SourceName=Sensor3 | EventType=application
[2026-08-16 19:36:34.724 (UTC)] info/application	[Sensor] Updated distance: 30.7916863943877 cm | Severity=75 | SourceName=Sensor3 | EventType=application
[2026-08-16 19:36:35.724 (UTC)] info/application	[Sensor] Updated distance: 31.3743817444771 cm | Severity=75 | SourceName=Sensor3 | EventType=application
[2026-08-16 19:36:36.725 (UTC)] info/application	[Sensor] Updated distance: 29.9915420843715 cm | Severity=75 | SourceName=Sensor3 | EventType=application
[2026-08-16 19:36:37.725 (UTC)] info/application	[Sensor] Updated distance: 29.8520219176319 cm | Severity=75 | SourceName=Sensor3 | EventType=application
[2026-08-16 19:36:38.726 (UTC)] info/application	[Sensor] Updated distance: 28.5672558415994 cm | Severity=75 | SourceName=Sensor3 | EventType=application
[2026-08-16 19:36:39.726 (UTC)] info/application	[Sensor] Updated distance: 29.4006721574816 cm | Severity=75 | SourceName=Sensor3 | EventType=application
[2026-08-16 19:36:40.726 (UTC)] info/application	[Sensor] Updated distance: 29.4855316020481 cm | Severity=75 | SourceName=Sensor3 | EventType=application
[2026-08-16 19:36:41.726 (UTC)] info/application	[Sensor] Updated distance: 28.0524899522087 cm | Severity=75 | SourceName=Sensor3 | EventType=application
[2026-08-16 19:36:42.727 (UTC)] info/application	[Sensor] Updated distance: 27.3188286036341 cm | Severity=75 | SourceName=Sensor3 | EventType=application
[2026-08-16 19:36:43.727 (UTC)] info/application	[Sensor] Updated distance: 27.638393366541 cm | Severity=75 | SourceName=Sensor3 | EventType=application
[2026-08-16 19:36:44.728 (UTC)] info/application	[Sensor] Updated distance: 28.6161751947907 cm | Severity=75 | SourceName=Sensor3 | EventType=application
[2026-08-16 19:36:45.729 (UTC)] info/application	[Sensor] Updated distance: 27.6091525105802 cm | Severity=75 | SourceName=Sensor3 | EventType=application
[2026-08-16 19:36:46.729 (UTC)] info/application	[Sensor] Updated distance: 27.1545866344378 cm | Severity=75 | SourceName=Sensor3 | EventType=application
[2026-08-16 19:36:47.729 (UTC)] info/application	[Sensor] Updated distance: 28.4525464281684 cm | Severity=75 | SourceName=Sensor3 | EventType=application
[2026-08-16 19:36:48.730 (UTC)] info/application	[Sensor] Updated distance: 27.2577819622856 cm | Severity=75 | SourceName=Sensor3 | EventType=application
[2026-08-16 19:36:49.731 (UTC)] info/application	[Sensor] Updated distance: 28.6002348356881 cm | Severity=75 | SourceName=Sensor3 | EventType=application
[2026-08-16 19:36:50.732 (UTC)] info/application	[Sensor] Updated distance: 27.1010454607201 cm | Severity=75 | SourceName=Sensor3 | EventType=application
[2026-08-16 19:36:51.731 (UTC)] info/application	[Sensor] Updated distance: 28.092109562872 cm | Severity=75 | SourceName=Sensor3 | EventType=application
[2026-08-16 19:36:52.732 (UTC)] info/application	[Sensor] Updated distance: 27.0002068949399 cm | Severity=75 | SourceName=Sensor3 | EventType=application
[2026-08-16 19:36:53.733 (UTC)] info/application	[Sensor] Updated distance: 27.3291822999386 cm | Severity=75 | SourceName=Sensor3 | EventType=application
[2026-08-16 19:36:54.733 (UTC)] info/application	[Sensor] Updated distance: 28.3172714006236 cm | Severity=75 | SourceName=Sensor3 | EventType=application
[2026-08-16 19:36:55.734 (UTC)] info/application	[Sensor] Updated distance: 29.1135279806859 cm | Severity=75 | SourceName=Sensor3 | EventType=application
[2026-08-16 19:36:56.724 (UTC)] info/application	[Sensor] Updated distance: 28.6299167592683 cm | Severity=75 | SourceName=Sensor3 | EventType=application
[2026-08-16 19:36:57.724 (UTC)] info/application	[Sensor] Updated distance: 29.8307407152982 cm | Severity=75 | SourceName=Sensor3 | EventType=application
[2026-08-16 19:36:58.725 (UTC)] info/application	[Sensor] Updated distance: 30.1755583727153 cm | Severity=75 | SourceName=Sensor3 | EventType=application
[2026-08-16 19:36:59.725 (UTC)] info/application	[Sensor] Updated distance: 30.6571828805176 cm | Severity=75 | SourceName=Sensor3 | EventType=application
[2026-08-16 19:37:00.726 (UTC)] info/application	[Sensor] Updated distance: 30.8509529583859 cm | Severity=75 | SourceName=Sensor3 | EventType=application
[2026-08-16 19:37:01.726 (UTC)] info/application	[Sensor] Updated distance: 29.739170975396 cm | Severity=75 | SourceName=Sensor3 | EventType=application
[2026-08-16 19:37:02.726 (UTC)] info/application	[Sensor] Updated distance: 31.1531396869817 cm | Severity=75 | SourceName=Sensor3 | EventType=application
[2026-08-16 19:37:03.727 (UTC)] info/application	[Sensor] Updated distance: 31.4061743213824 cm | Severity=75 | SourceName=Sensor3 | EventType=application
[2026-08-16 19:37:04.727 (UTC)] info/application	[Sensor] Updated distance: 32.1054670003268 cm | Severity=75 | SourceName=Sensor3 | EventType=application
[2026-08-16 19:37:05.728 (UTC)] info/application	[Sensor] Updated distance: 32.9309641359984 cm | Severity=75 | SourceName=Sensor3 | EventType=application
[2026-08-16 19:37:06.729 (UTC)] info/application	[Sensor] Updated distance: 32.2666941190915 cm | Severity=75 | SourceName=Sensor3 | EventType=application
[2026-08-16 19:37:07.730 (UTC)] info/application	[Sensor] Updated distance: 33.0831471379302 cm | Severity=75 | SourceName=Sensor3 | EventType=application
[2026-08-16 19:37:08.731 (UTC)] info/application	[Sensor] Updated distance: 32.2691241068622 cm | Severity=75 | SourceName=Sensor3 | EventType=application
[2026-08-16 19:37:09.731 (UTC)] info/application	[Sensor] Updated distance: 31.8200880139228 cm | Severity=75 | SourceName=Sensor3 | EventType=application
[2026-08-16 19:37:10.732 (UTC)] info/application	[Sensor] Updated distance: 31.9699573472468 cm | Severity=75 | SourceName=Sensor3 | EventType=application
[2026-08-16 19:37:11.732 (UTC)] info/application	[Sensor] Updated distance: 32.7407937607452 cm | Severity=75 | SourceName=Sensor3 | EventType=application
[2026-08-16 19:37:12.733 (UTC)] info/application	[Sensor] Updated distance: 32.3587160179665 cm | Severity=75 | SourceName=Sensor3 | EventType=application
[2026-08-16 19:37:13.733 (UTC)] info/application	[Sensor] Updated distance: 33.2749240027158 cm | Severity=75 | SourceName=Sensor3 | EventType=application
[2026-08-16 19:37:14.733 (UTC)] info/application	[Sensor] Updated distance: 32.8653251777242 cm | Severity=75 | SourceName=Sensor3 | EventType=application
[2026-08-16 19:37:15.733 (UTC)] info/application	[Sensor] Updated distance: 31.9610292631951 cm | Severity=75 | SourceName=Sensor3 | EventType=application
[2026-08-16 19:37:16.733 (UTC)] info/application	[Sensor] Updated distance: 33.370214565131 cm | Severity=75 | SourceName=Sensor3 | EventType=application
[2026-08-16 19:37:17.724 (UTC)] info/application	[Sensor] Updated distance: 34.0060498639969 cm | Severity=75 | SourceName=Sensor3 | EventType=application
[2026-08-16 19:37:18.724 (UTC)] info/application	[Sensor] Updated distance: 32.8997137418015 cm | Severity=75 | SourceName=Sensor3 | EventType=application
[2026-08-16 19:37:19.724 (UTC)] info/application	[Sensor] Updated distance: 31.6141345764576 cm | Severity=75 | SourceName=Sensor3 | EventType=application
[2026-08-16 19:37:20.725 (UTC)] info/application	[Sensor] Updated distance: 32.0924227487261 cm | Severity=75 | SourceName=Sensor3 | EventType=application
[2026-08-16 19:37:21.725 (UTC)] info/application	[Sensor] Updated distance: 30.9868972529596 cm | Severity=75 | SourceName=Sensor3 | EventType=application
[2026-08-16 19:37:22.726 (UTC)] info/application	[Sensor] Updated distance: 32.1923821911646 cm | Severity=75 | SourceName=Sensor3 | EventType=application
[2026-08-16 19:37:23.726 (UTC)] info/application	[Sensor] Updated distance: 33.0787676955009 cm | Severity=75 | SourceName=Sensor3 | EventType=application
[2026-08-16 19:37:24.726 (UTC)] info/application	[Sensor] Updated distance: 33.8022176047332 cm | Severity=75 | SourceName=Sensor3 | EventType=application
[2026-08-16 19:37:25.726 (UTC)] info/application	[Sensor] Updated distance: 34.4957916422262 cm | Severity=75 | SourceName=Sensor3 | EventType=application
[2026-08-16 19:37:26.726 (UTC)] info/application	[Sensor] Updated distance: 34.6784337252278 cm | Severity=75 | SourceName=Sensor3 | EventType=application
[2026-08-16 19:37:27.726 (UTC)] info/application	[Sensor] Updated distance: 33.4182724116455 cm | Severity=75 | SourceName=Sensor3 | EventType=application
[2026-08-16 19:37:28.726 (UTC)] info/application	[Sensor] Updated distance: 33.8126704037714 cm | Severity=75 | SourceName=Sensor3 | EventType=application
[2026-08-16 19:37:29.727 (UTC)] info/application	[Sensor] Updated distance: 32.8401301427931 cm | Severity=75 | SourceName=Sensor3 | EventType=application
[2026-08-16 19:37:30.727 (UTC)] info/application	[Sensor] Updated distance: 33.5615933370132 cm | Severity=75 | SourceName=Sensor3 | EventType=application
[2026-08-16 19:37:31.728 (UTC)] info/application	[Sensor] Updated distance: 32.6497614056104 cm | Severity=75 | SourceName=Sensor3 | EventType=application
[2026-08-16 19:37:32.729 (UTC)] info/application	[Sensor] Updated distance: 32.0654391630392 cm | Severity=75 | SourceName=Sensor3 | EventType=application
[2026-08-16 19:37:33.729 (UTC)] info/application	[Sensor] Updated distance: 32.700871068845 cm | Severity=75 | SourceName=Sensor3 | EventType=application
[2026-08-16 19:37:34.730 (UTC)] info/application	[Sensor] Updated distance: 33.5420737718428 cm | Severity=75 | SourceName=Sensor3 | EventType=application
[2026-08-16 19:37:35.730 (UTC)] info/application	[Sensor] Updated distance: 32.1570442068191 cm | Severity=75 | SourceName=Sensor3 | EventType=application
[2026-08-16 19:37:36.731 (UTC)] info/application	[Sensor] Updated distance: 32.1179732468994 cm | Severity=75 | SourceName=Sensor3 | EventType=application
[2026-08-16 19:37:37.731 (UTC)] info/application	[Sensor] Updated distance: 30.7949059315933 cm | Severity=75 | SourceName=Sensor3 | EventType=application
[2026-08-16 19:37:38.732 (UTC)] info/application	[Sensor] Updated distance: 31.7263293868053 cm | Severity=75 | SourceName=Sensor3 | EventType=application
[2026-08-16 19:37:39.732 (UTC)] info/application	[Sensor] Updated distance: 32.3732353958177 cm | Severity=75 | SourceName=Sensor3 | EventType=application
[2026-08-16 19:37:40.733 (UTC)] info/application	[Sensor] Updated distance: 32.1011319889692 cm | Severity=75 | SourceName=Sensor3 | EventType=application
[2026-08-16 19:37:41.733 (UTC)] info/application	[Sensor] Updated distance: 31.6824247761082 cm | Severity=75 | SourceName=Sensor3 | EventType=application
[2026-08-16 19:37:42.733 (UTC)] info/application	[Sensor] Updated distance: 31.600167197222 cm | Severity=75 | SourceName=Sensor3 | EventType=application
[2026-08-16 19:37:43.724 (UTC)] info/application	[Sensor] Updated distance: 32.4459860475948 cm | Severity=75 | SourceName=Sensor3 | EventType=application
[2026-08-16 19:37:44.725 (UTC)] info/application	[Sensor] Updated distance: 31.4434868194831 cm | Severity=75 | SourceName=Sensor3 | EventType=application
[2026-08-16 19:37:45.725 (UTC)] info/application	[Sensor] Updated distance: 32.4516304170022 cm | Severity=75 | SourceName=Sensor3 | EventType=application
[2026-08-16 19:37:46.726 (UTC)] info/application	[Sensor] Updated distance: 33.893153352846 cm | Severity=75 | SourceName=Sensor3 | EventType=application
[2026-08-16 19:37:47.726 (UTC)] info/application	[Sensor] Updated distance: 32.7998394252732 cm | Severity=75 | SourceName=Sensor3 | EventType=application
[2026-08-16 19:37:48.726 (UTC)] info/application	[Sensor] Updated distance: 32.9438183202612 cm | Severity=75 | SourceName=Sensor3 | EventType=application
[2026-08-16 19:37:49.727 (UTC)] info/application	[Sensor] Updated distance: 31.7790051339096 cm | Severity=75 | SourceName=Sensor3 | EventType=application
[2026-08-16 19:37:50.728 (UTC)] info/application	[Sensor] Updated distance: 30.9001120409929 cm | Severity=75 | SourceName=Sensor3 | EventType=application
[2026-08-16 19:37:51.729 (UTC)] info/application	[Sensor] Updated distance: 30.0223791068524 cm | Severity=75 | SourceName=Sensor3 | EventType=application
[2026-08-16 19:37:52.729 (UTC)] info/application	[Sensor] Updated distance: 29.2520404247344 cm | Severity=75 | SourceName=Sensor3 | EventType=application
[2026-08-16 19:37:53.729 (UTC)] info/application	[Sensor] Updated distance: 28.0786322686256 cm | Severity=75 | SourceName=Sensor3 | EventType=application
[2026-08-16 19:37:54.729 (UTC)] info/application	[Sensor] Updated distance: 26.5872848374244 cm | Severity=75 | SourceName=Sensor3 | EventType=application
[2026-08-16 19:37:55.729 (UTC)] info/application	[Sensor] Updated distance: 28.0403960645387 cm | Severity=75 | SourceName=Sensor3 | EventType=application
[2026-08-16 19:37:56.730 (UTC)] info/application	[Sensor] Updated distance: 29.0605619459229 cm | Severity=75 | SourceName=Sensor3 | EventType=application
[2026-08-16 19:37:57.730 (UTC)] info/application	[Sensor] Updated distance: 29.2518565991204 cm | Severity=75 | SourceName=Sensor3 | EventType=application
[2026-08-16 19:37:58.731 (UTC)] info/application	[Sensor] Updated distance: 27.9448065112554 cm | Severity=75 | SourceName=Sensor3 | EventType=application
[2026-08-16 19:37:59.731 (UTC)] info/application	[Sensor] Updated distance: 27.8593703833685 cm | Severity=75 | SourceName=Sensor3 | EventType=application
[2026-08-16 19:38:00.731 (UTC)] info/application	[Sensor] Updated distance: 28.5781247755876 cm | Severity=75 | SourceName=Sensor3 | EventType=application
[2026-08-16 19:38:01.732 (UTC)] info/application	[Sensor] Updated distance: 29.4925378833397 cm | Severity=75 | SourceName=Sensor3 | EventType=application
[2026-08-16 19:38:02.732 (UTC)] info/application	[Sensor] Updated distance: 29.995269825447 cm | Severity=75 | SourceName=Sensor3 | EventType=application
[2026-08-16 19:38:03.732 (UTC)] info/application	[Sensor] Updated distance: 28.629701973698 cm | Severity=75 | SourceName=Sensor3 | EventType=application
[2026-08-16 19:38:04.732 (UTC)] info/application	[Sensor] Updated distance: 28.6795469858588 cm | Severity=75 | SourceName=Sensor3 | EventType=application
[2026-08-16 19:38:05.733 (UTC)] info/application	[Sensor] Updated distance: 28.523481629567 cm | Severity=75 | SourceName=Sensor3 | EventType=application
[2026-08-16 19:38:06.732 (UTC)] info/application	[Sensor] Updated distance: 27.2728842141912 cm | Severity=75 | SourceName=Sensor3 | EventType=application
[2026-08-16 19:38:07.733 (UTC)] info/application	[Sensor] Updated distance: 25.7836582650354 cm | Severity=75 | SourceName=Sensor3 | EventType=application
[2026-08-16 19:38:08.733 (UTC)] info/application	[Sensor] Updated distance: 25.8045255948345 cm | Severity=75 | SourceName=Sensor3 | EventType=application
[2026-08-16 19:38:09.734 (UTC)] info/application	[Sensor] Updated distance: 26.9853516346707 cm | Severity=75 | SourceName=Sensor3 | EventType=application
[2026-08-16 19:38:10.724 (UTC)] info/application	[Sensor] Updated distance: 27.6430316959243 cm | Severity=75 | SourceName=Sensor3 | EventType=application
[2026-08-16 19:38:11.724 (UTC)] info/application	[Sensor] Updated distance: 28.8917956188749 cm | Severity=75 | SourceName=Sensor3 | EventType=application
[2026-08-16 19:38:12.724 (UTC)] info/application	[Sensor] Updated distance: 28.153914444453 cm | Severity=75 | SourceName=Sensor3 | EventType=application
[2026-08-16 19:38:13.724 (UTC)] info/application	[Sensor] Updated distance: 27.2293369254234 cm | Severity=75 | SourceName=Sensor3 | EventType=application
[2026-08-16 19:38:14.724 (UTC)] info/application	[Sensor] Updated distance: 27.8239196973499 cm | Severity=75 | SourceName=Sensor3 | EventType=application
[2026-08-16 19:38:15.724 (UTC)] info/application	[Sensor] Updated distance: 27.5835392948163 cm | Severity=75 | SourceName=Sensor3 | EventType=application
[2026-08-16 19:38:16.725 (UTC)] info/application	[Sensor] Updated distance: 26.1671053719088 cm | Severity=75 | SourceName=Sensor3 | EventType=application
[2026-08-16 19:38:17.725 (UTC)] info/application	[Sensor] Updated distance: 26.7032110796791 cm | Severity=75 | SourceName=Sensor3 | EventType=application
[2026-08-16 19:38:18.726 (UTC)] info/application	[Sensor] Updated distance: 26.8695167495727 cm | Severity=75 | SourceName=Sensor3 | EventType=application
[2026-08-16 19:38:19.726 (UTC)] info/application	[Sensor] Updated distance: 27.0970617230502 cm | Severity=75 | SourceName=Sensor3 | EventType=application
[2026-08-16 19:38:20.727 (UTC)] info/application	[Sensor] Updated distance: 27.9683542444689 cm | Severity=75 | SourceName=Sensor3 | EventType=application
[2026-08-16 19:38:21.727 (UTC)] info/application	[Sensor] Updated distance: 28.7557668228428 cm | Severity=75 | SourceName=Sensor3 | EventType=application
[2026-08-16 19:38:22.727 (UTC)] info/application	[Sensor] Updated distance: 29.6055788621798 cm | Severity=75 | SourceName=Sensor3 | EventType=application
[2026-08-16 19:38:23.728 (UTC)] info/application	[Sensor] Updated distance: 28.2065327000835 cm | Severity=75 | SourceName=Sensor3 | EventType=application
[2026-08-16 19:38:24.729 (UTC)] info/application	[Sensor] Updated distance: 29.3205371223486 cm | Severity=75 | SourceName=Sensor3 | EventType=application
[2026-08-16 19:38:25.729 (UTC)] info/application	[Sensor] Updated distance: 30.1790017318814 cm | Severity=75 | SourceName=Sensor3 | EventType=application
[2026-08-16 19:38:26.729 (UTC)] info/application	[Sensor] Updated distance: 28.7330667955024 cm | Severity=75 | SourceName=Sensor3 | EventType=application
[2026-08-16 19:38:27.730 (UTC)] info/application	[Sensor] Updated distance: 29.3672370991517 cm | Severity=75 | SourceName=Sensor3 | EventType=application
[2026-08-16 19:38:28.730 (UTC)] info/application	[Sensor] Updated distance: 28.916996360485 cm | Severity=75 | SourceName=Sensor3 | EventType=application
[2026-08-16 19:38:29.731 (UTC)] info/application	[Sensor] Updated distance: 27.6640113362409 cm | Severity=75 | SourceName=Sensor3 | EventType=application
[2026-08-16 19:38:30.731 (UTC)] info/application	[Sensor] Updated distance: 26.7127455106064 cm | Severity=75 | SourceName=Sensor3 | EventType=application
[2026-08-16 19:38:31.731 (UTC)] info/application	[Sensor] Updated distance: 25.4812591627619 cm | Severity=75 | SourceName=Sensor3 | EventType=application
[2026-08-16 19:38:32.732 (UTC)] info/application	[Sensor] Updated distance: 26.6426872462699 cm | Severity=75 | SourceName=Sensor3 | EventType=application
[2026-08-16 19:38:33.732 (UTC)] info/application	[Sensor] Updated distance: 27.6941533627427 cm | Severity=75 | SourceName=Sensor3 | EventType=application
[2026-08-16 19:38:34.733 (UTC)] info/application	[Sensor] Updated distance: 26.5970991645461 cm | Severity=75 | SourceName=Sensor3 | EventType=application
[2026-08-16 19:38:35.733 (UTC)] info/application	[Sensor] Updated distance: 26.308372258818 cm | Severity=75 | SourceName=Sensor3 | EventType=application
[2026-08-16 19:38:36.733 (UTC)] info/application	[Sensor] Updated distance: 25.7037730189989 cm | Severity=75 | SourceName=Sensor3 | EventType=application
[2026-08-16 19:38:37.733 (UTC)] info/application	[Sensor] Updated distance: 24.8561214054265 cm | Severity=75 | SourceName=Sensor3 | EventType=application
[2026-08-16 19:38:38.724 (UTC)] info/application	[Sensor] Updated distance: 24.5781685519396 cm | Severity=75 | SourceName=Sensor3 | EventType=application
[2026-08-16 19:38:39.724 (UTC)] info/application	[Sensor] Updated distance: 25.4944366419196 cm | Severity=75 | SourceName=Sensor3 | EventType=application
[2026-08-16 19:38:40.725 (UTC)] info/application	[Sensor] Updated distance: 24.3276110667864 cm | Severity=75 | SourceName=Sensor3 | EventType=application
[2026-08-16 19:38:41.726 (UTC)] info/application	[Sensor] Updated distance: 23.2073382731561 cm | Severity=75 | SourceName=Sensor3 | EventType=application
[2026-08-16 19:38:42.726 (UTC)] info/application	[Sensor] Updated distance: 23.8723702846898 cm | Severity=75 | SourceName=Sensor3 | EventType=application
[2026-08-16 19:38:43.726 (UTC)] info/application	[Sensor] Updated distance: 23.4676635351347 cm | Severity=75 | SourceName=Sensor3 | EventType=application
[2026-08-16 19:38:44.727 (UTC)] info/application	[Sensor] Updated distance: 22.9228132224748 cm | Severity=75 | SourceName=Sensor3 | EventType=application
[2026-08-16 19:38:45.727 (UTC)] info/application	[Sensor] Updated distance: 22.6824280045379 cm | Severity=75 | SourceName=Sensor3 | EventType=application
[2026-08-16 19:38:46.728 (UTC)] info/application	[Sensor] Updated distance: 23.5373408538463 cm | Severity=75 | SourceName=Sensor3 | EventType=application
[2026-08-16 19:38:47.729 (UTC)] info/application	[Sensor] Updated distance: 23.0760566196759 cm | Severity=75 | SourceName=Sensor3 | EventType=application
[2026-08-16 19:38:48.729 (UTC)] info/application	[Sensor] Updated distance: 21.8717771081123 cm | Severity=75 | SourceName=Sensor3 | EventType=application
[2026-08-16 19:38:49.730 (UTC)] info/application	[Sensor] Updated distance: 21.3929956259173 cm | Severity=75 | SourceName=Sensor3 | EventType=application
[2026-08-16 19:38:50.730 (UTC)] info/application	[Sensor] Updated distance: 22.6592563652244 cm | Severity=75 | SourceName=Sensor3 | EventType=application
[2026-08-16 19:38:51.730 (UTC)] info/application	[Sensor] Updated distance: 23.8262693750794 cm | Severity=75 | SourceName=Sensor3 | EventType=application
[2026-08-16 19:38:52.730 (UTC)] info/application	[Sensor] Updated distance: 22.6349004698614 cm | Severity=75 | SourceName=Sensor3 | EventType=application
[2026-08-16 19:38:53.731 (UTC)] info/application	[Sensor] Updated distance: 23.2509732471085 cm | Severity=75 | SourceName=Sensor3 | EventType=application
[2026-08-16 19:38:54.731 (UTC)] info/application	[Sensor] Updated distance: 24.5189400948672 cm | Severity=75 | SourceName=Sensor3 | EventType=application
[2026-08-16 19:38:55.731 (UTC)] info/application	[Sensor] Updated distance: 25.9415756133113 cm | Severity=75 | SourceName=Sensor3 | EventType=application
[2026-08-16 19:38:56.732 (UTC)] info/application	[Sensor] Updated distance: 25.9161129986942 cm | Severity=75 | SourceName=Sensor3 | EventType=application
[2026-08-16 19:38:57.732 (UTC)] info/application	[Sensor] Updated distance: 27.2381449100739 cm | Severity=75 | SourceName=Sensor3 | EventType=application
[2026-08-16 19:38:58.733 (UTC)] info/application	[Sensor] Updated distance: 27.7949507307703 cm | Severity=75 | SourceName=Sensor3 | EventType=application
[2026-08-16 19:38:59.733 (UTC)] info/application	[Sensor] Updated distance: 28.8192473774866 cm | Severity=75 | SourceName=Sensor3 | EventType=application
[2026-08-16 19:39:00.734 (UTC)] info/application	[Sensor] Updated distance: 27.3882942646222 cm | Severity=75 | SourceName=Sensor3 | EventType=application
[2026-08-16 19:39:01.724 (UTC)] info/application	[Sensor] Updated distance: 28.4938342596841 cm | Severity=75 | SourceName=Sensor3 | EventType=application
[2026-08-16 19:39:02.725 (UTC)] info/application	[Sensor] Updated distance: 29.7866445599527 cm | Severity=75 | SourceName=Sensor3 | EventType=application
[2026-08-16 19:39:03.726 (UTC)] info/application	[Sensor] Updated distance: 31.0171195305964 cm | Severity=75 | SourceName=Sensor3 | EventType=application
[2026-08-16 19:39:04.726 (UTC)] info/application	[Sensor] Updated distance: 31.6741256421312 cm | Severity=75 | SourceName=Sensor3 | EventType=application
[2026-08-16 19:39:05.726 (UTC)] info/application	[Sensor] Updated distance: 30.3698817428061 cm | Severity=75 | SourceName=Sensor3 | EventType=application
[2026-08-16 19:39:06.726 (UTC)] info/application	[Sensor] Updated distance: 29.8116298077217 cm | Severity=75 | SourceName=Sensor3 | EventType=application
[2026-08-16 19:39:07.727 (UTC)] info/application	[Sensor] Updated distance: 28.3640366780404 cm | Severity=75 | SourceName=Sensor3 | EventType=application
[2026-08-16 19:39:08.727 (UTC)] info/application	[Sensor] Updated distance: 27.712141165143 cm | Severity=75 | SourceName=Sensor3 | EventType=application
[2026-08-16 19:39:09.727 (UTC)] info/application	[Sensor] Updated distance: 28.3759363765716 cm | Severity=75 | SourceName=Sensor3 | EventType=application
[2026-08-16 19:39:10.728 (UTC)] info/application	[Sensor] Updated distance: 29.3446113368704 cm | Severity=75 | SourceName=Sensor3 | EventType=application
[2026-08-16 19:39:11.728 (UTC)] info/application	[Sensor] Updated distance: 29.0258902488397 cm | Severity=75 | SourceName=Sensor3 | EventType=application
[2026-08-16 19:39:12.728 (UTC)] info/application	[Sensor] Updated distance: 30.0694126666381 cm | Severity=75 | SourceName=Sensor3 | EventType=application
[2026-08-16 19:39:13.729 (UTC)] info/application	[Sensor] Updated distance: 30.2031196370736 cm | Severity=75 | SourceName=Sensor3 | EventType=application
[2026-08-16 19:39:14.729 (UTC)] info/application	[Sensor] Updated distance: 30.9796917994878 cm | Severity=75 | SourceName=Sensor3 | EventType=application
[2026-08-16 19:39:15.730 (UTC)] info/application	[Sensor] Updated distance: 29.9783639032293 cm | Severity=75 | SourceName=Sensor3 | EventType=application
[2026-08-16 19:39:16.730 (UTC)] info/application	[Sensor] Updated distance: 31.3716856557279 cm | Severity=75 | SourceName=Sensor3 | EventType=application
[2026-08-16 19:39:17.730 (UTC)] info/application	[Sensor] Updated distance: 31.5031706660535 cm | Severity=75 | SourceName=Sensor3 | EventType=application
[2026-08-16 19:39:18.731 (UTC)] info/application	[Sensor] Updated distance: 31.5405585356246 cm | Severity=75 | SourceName=Sensor3 | EventType=application
[2026-08-16 19:39:19.731 (UTC)] info/application	[Sensor] Updated distance: 30.2296007765595 cm | Severity=75 | SourceName=Sensor3 | EventType=application
[2026-08-16 19:39:20.732 (UTC)] info/application	[Sensor] Updated distance: 31.3823043060872 cm | Severity=75 | SourceName=Sensor3 | EventType=application
[2026-08-16 19:39:21.732 (UTC)] info/application	[Sensor] Updated distance: 31.1859529135683 cm | Severity=75 | SourceName=Sensor3 | EventType=application
[2026-08-16 19:39:22.733 (UTC)] info/application	[Sensor] Updated distance: 32.5420081643583 cm | Severity=75 | SourceName=Sensor3 | EventType=application
[2026-08-16 19:39:23.733 (UTC)] info/application	[Sensor] Updated distance: 34.0033427886681 cm | Severity=75 | SourceName=Sensor3 | EventType=application
[2026-08-16 19:39:24.724 (UTC)] info/application	[Sensor] Updated distance: 32.9230641733963 cm | Severity=75 | SourceName=Sensor3 | EventType=application
[2026-08-16 19:39:25.724 (UTC)] info/application	[Sensor] Updated distance: 34.047086271945 cm | Severity=75 | SourceName=Sensor3 | EventType=application
[2026-08-16 19:39:26.725 (UTC)] info/application	[Sensor] Updated distance: 35.4310564133018 cm | Severity=75 | SourceName=Sensor3 | EventType=application
[2026-08-16 19:39:27.726 (UTC)] info/application	[Sensor] Updated distance: 35.8253151834129 cm | Severity=75 | SourceName=Sensor3 | EventType=application
[2026-08-16 19:39:28.726 (UTC)] info/application	[Sensor] Updated distance: 36.7713691919443 cm | Severity=75 | SourceName=Sensor3 | EventType=application
[2026-08-16 19:39:29.727 (UTC)] info/application	[Sensor] Updated distance: 37.2121451526006 cm | Severity=75 | SourceName=Sensor3 | EventType=application
[2026-08-16 19:39:30.727 (UTC)] info/application	[Sensor] Updated distance: 37.1307005694279 cm | Severity=75 | SourceName=Sensor3 | EventType=application
[2026-08-16 19:39:31.727 (UTC)] info/application	[Sensor] Updated distance: 38.1458014650949 cm | Severity=75 | SourceName=Sensor3 | EventType=application
[2026-08-16 19:39:32.727 (UTC)] info/application	[Sensor] Updated distance: 38.1921174208131 cm | Severity=75 | SourceName=Sensor3 | EventType=application
[2026-08-16 19:39:33.727 (UTC)] info/application	[Sensor] Updated distance: 37.9034831365121 cm | Severity=75 | SourceName=Sensor3 | EventType=application
[2026-08-16 19:39:34.728 (UTC)] info/application	[Sensor] Updated distance: 38.6490590028228 cm | Severity=75 | SourceName=Sensor3 | EventType=application
[2026-08-16 19:39:35.728 (UTC)] info/application	[Sensor] Updated distance: 37.8523810686788 cm | Severity=75 | SourceName=Sensor3 | EventType=application
[2026-08-16 19:39:36.729 (UTC)] info/application	[Sensor] Updated distance: 37.7595028850527 cm | Severity=75 | SourceName=Sensor3 | EventType=application
[2026-08-16 19:39:37.729 (UTC)] info/application	[Sensor] Updated distance: 36.4468268148819 cm | Severity=75 | SourceName=Sensor3 | EventType=application
[2026-08-16 19:39:38.730 (UTC)] info/application	[Sensor] Updated distance: 35.7025557510567 cm | Severity=75 | SourceName=Sensor3 | EventType=application
[2026-08-16 19:39:39.730 (UTC)] info/application	[Sensor] Updated distance: 36.4577820545332 cm | Severity=75 | SourceName=Sensor3 | EventType=application
[2026-08-16 19:39:40.730 (UTC)] info/application	[Sensor] Updated distance: 37.3089011957911 cm | Severity=75 | SourceName=Sensor3 | EventType=application
[2026-08-16 19:39:41.730 (UTC)] info/application	[Sensor] Updated distance: 36.0333050908676 cm | Severity=75 | SourceName=Sensor3 | EventType=application
[2026-08-16 19:39:42.731 (UTC)] info/application	[Sensor] Updated distance: 34.9698103049164 cm | Severity=75 | SourceName=Sensor3 | EventType=application
[2026-08-16 19:39:43.731 (UTC)] info/application	[Sensor] Updated distance: 35.3644518625757 cm | Severity=75 | SourceName=Sensor3 | EventType=application
[2026-08-16 19:39:44.733 (UTC)] info/application	[Sensor] Updated distance: 35.7225627280877 cm | Severity=75 | SourceName=Sensor3 | EventType=application
[2026-08-16 19:39:45.734 (UTC)] info/application	[Sensor] Updated distance: 36.9356401045507 cm | Severity=75 | SourceName=Sensor3 | EventType=application
[2026-08-16 19:39:46.724 (UTC)] info/application	[Sensor] Updated distance: 37.8289537659516 cm | Severity=75 | SourceName=Sensor3 | EventType=application
[2026-08-16 19:39:47.724 (UTC)] info/application	[Sensor] Updated distance: 38.0803863825651 cm | Severity=75 | SourceName=Sensor3 | EventType=application
[2026-08-16 19:39:48.724 (UTC)] info/application	[Sensor] Updated distance: 37.9249487693538 cm | Severity=75 | SourceName=Sensor3 | EventType=application
[2026-08-16 19:39:49.725 (UTC)] info/application	[Sensor] Updated distance: 37.3556503003257 cm | Severity=75 | SourceName=Sensor3 | EventType=application
[2026-08-16 19:39:50.725 (UTC)] info/application	[Sensor] Updated distance: 37.7961251578741 cm | Severity=75 | SourceName=Sensor3 | EventType=application
[2026-08-16 19:39:51.726 (UTC)] info/application	[Sensor] Updated distance: 37.2933910727936 cm | Severity=75 | SourceName=Sensor3 | EventType=application
[2026-08-16 19:39:52.726 (UTC)] info/application	[Sensor] Updated distance: 38.0277412112466 cm | Severity=75 | SourceName=Sensor3 | EventType=application
[2026-08-16 19:39:53.726 (UTC)] info/application	[Sensor] Updated distance: 38.3242713195851 cm | Severity=75 | SourceName=Sensor3 | EventType=application
[2026-08-16 19:39:54.726 (UTC)] info/application	[Sensor] Updated distance: 37.7828718574172 cm | Severity=75 | SourceName=Sensor3 | EventType=application
[2026-08-16 19:39:55.726 (UTC)] info/application	[Sensor] Updated distance: 38.9369433805984 cm | Severity=75 | SourceName=Sensor3 | EventType=application
[2026-08-16 19:39:56.727 (UTC)] info/application	[Sensor] Updated distance: 38.8574955860886 cm | Severity=75 | SourceName=Sensor3 | EventType=application
[2026-08-16 19:39:57.727 (UTC)] info/application	[Sensor] Updated distance: 38.2000662652776 cm | Severity=75 | SourceName=Sensor3 | EventType=application
[2026-08-16 19:39:58.727 (UTC)] info/application	[Sensor] Updated distance: 38.2483965585699 cm | Severity=75 | SourceName=Sensor3 | EventType=application
[2026-08-16 19:39:59.728 (UTC)] info/application	[Sensor] Updated distance: 37.6150027711946 cm | Severity=75 | SourceName=Sensor3 | EventType=application
[2026-08-16 19:40:00.728 (UTC)] info/application	[Sensor] Updated distance: 38.8983494110398 cm | Severity=75 | SourceName=Sensor3 | EventType=application
[2026-08-16 19:40:01.728 (UTC)] info/application	[Sensor] Updated distance: 40.3652351211595 cm | Severity=75 | SourceName=Sensor3 | EventType=application
[2026-08-16 19:40:02.729 (UTC)] info/application	[Sensor] Updated distance: 39.2469422294511 cm | Severity=75 | SourceName=Sensor3 | EventType=application
[2026-08-16 19:40:03.729 (UTC)] info/application	[Sensor] Updated distance: 39.0766048236176 cm | Severity=75 | SourceName=Sensor3 | EventType=application
[2026-08-16 19:40:04.729 (UTC)] info/application	[Sensor] Updated distance: 38.7548562480392 cm | Severity=75 | SourceName=Sensor3 | EventType=application
[2026-08-16 19:40:05.730 (UTC)] info/application	[Sensor] Updated distance: 39.8821392226415 cm | Severity=75 | SourceName=Sensor3 | EventType=application
[2026-08-16 19:40:06.730 (UTC)] info/application	[Sensor] Updated distance: 40.415123882664 cm | Severity=75 | SourceName=Sensor3 | EventType=application
[2026-08-16 19:40:07.730 (UTC)] info/application	[Sensor] Updated distance: 41.5004971234596 cm | Severity=75 | SourceName=Sensor3 | EventType=application
[2026-08-16 19:40:08.730 (UTC)] info/application	[Sensor] Updated distance: 42.8151040278911 cm | Severity=75 | SourceName=Sensor3 | EventType=application
[2026-08-16 19:40:09.731 (UTC)] info/application	[Sensor] Updated distance: 44.1038176240883 cm | Severity=75 | SourceName=Sensor3 | EventType=application
[2026-08-16 19:40:10.731 (UTC)] info/application	[Sensor] Updated distance: 44.4444171669634 cm | Severity=75 | SourceName=Sensor3 | EventType=application
[2026-08-16 19:40:11.731 (UTC)] info/application	[Sensor] Updated distance: 45.1101432112559 cm | Severity=75 | SourceName=Sensor3 | EventType=application
[2026-08-16 19:40:12.732 (UTC)] info/application	[Sensor] Updated distance: 43.6232607011326 cm | Severity=75 | SourceName=Sensor3 | EventType=application
[2026-08-16 19:40:13.733 (UTC)] info/application	[Sensor] Updated distance: 44.4003654580565 cm | Severity=75 | SourceName=Sensor3 | EventType=application
[2026-08-16 19:40:14.733 (UTC)] info/application	[Sensor] Updated dista