[2026-08-17 00:09:59.607 (UTC+0800)] [33mwarn/server[0m	AccessControl: Unconfigured AccessControl. Users have all permissions.
[2026-08-17 00:09:59.607 (UTC+0800)] [32minfo/server[0m	AccessControl: Anonymous login is enabled
[2026-08-17 00:09:59.607 (UTC+0800)] [33mwarn/server[0m	x509 Certificate Authentication configured, but no encrypting SecurityPolicy. This can leak credentials on the network.
[2026-08-17 00:09:59.642 (UTC+0800)] [33mwarn/application[0m	ServerUrls already set. Overriding.
[2026-08-17 00:09:59.643 (UTC+0800)] [33mwarn/server[0m	AccessControl: Unconfigured AccessControl. Users have all permissions.
[2026-08-17 00:09:59.643 (UTC+0800)] [32minfo/server[0m	AccessControl: Anonymous login is enabled
[2026-08-17 00:09:59.643 (UTC+0800)] [33mwarn/server[0m	x509 Certificate Authentication configured, but no encrypting SecurityPolicy. This can leak credentials on the network.
[2026-08-17 00:09:59.643 (UTC+0800)] [33mwarn/server[0m	x509 Certificate Authentication configured, but no encrypting SecurityPolicy. This can leak credentials on the network.
[2026-08-16 16:09:59.643 (UTC)] info/application	Sensor Server online (Client/Server mode, id=2 port=4843) | Severity=75 | SourceName=Sensor2 | EventType=application
Entering background polling mode: attempting to connect to Aggregation Server...
Connected successfully. Log forwarding started.
[2026-08-16 16:10:00.653 (UTC)] info/application	[Sensor] Updated distance: 25.2115178768111 cm | Severity=75 | SourceName=Sensor2 | EventType=application
[2026-08-16 16:10:01.615 (UTC)] info/network	[System] TCP 16	| Connection opened from "127.0.0.1" via the server socket 8 | Severity=75 | SourceName=System | EventType=network
[2026-08-16 16:10:01.615 (UTC)] info/channel	[System] TCP 16	| SC 1	| SecureChannel created | Severity=75 | SourceName=System | EventType=channel
[2026-08-16 16:10:02.735 (UTC)] info/application	[Sensor] Updated distance: 26.6579201909052 cm | Severity=75 | SourceName=Sensor2 | EventType=application
[2026-08-16 16:10:02.755 (UTC)] info/channel	[System] TCP 16	| SC 1	| OpenSecureChannel: Channel opened with SecurityMode None for SecurityPolicy http://opcfoundation.org/UA/SecurityPolicy#None and a revised lifetime of 600.0s | Severity=75 | SourceName=System | EventType=channel
[2026-08-16 16:10:02.776 (UTC)] warn/client	[System] Removing a UserTokenPolicy that would allow the password to be transmitted without encryption (Can be enabled via config->allowNonePolicyPassword) | Severity=175 | SourceName=System | EventType=client
[2026-08-16 16:10:02.776 (UTC)] warn/client	[System] Removing a UserTokenPolicy that would allow the password to be transmitted without encryption (Can be enabled via config->allowNonePolicyPassword) | Severity=175 | SourceName=System | EventType=client
[2026-08-16 16:10:02.786 (UTC)] warn/client	[System] Removing a UserTokenPolicy that would allow the password to be transmitted without encryption (Can be enabled via config->allowNonePolicyPassword) | Severity=175 | SourceName=System | EventType=client
[2026-08-16 16:10:02.786 (UTC)] warn/client	[System] Removing a UserTokenPolicy that would allow the password to be transmitted without encryption (Can be enabled via config->allowNonePolicyPassword) | Severity=175 | SourceName=System | EventType=client
[2026-08-16 16:10:02.787 (UTC)] info/session	[System] TCP 16	| SC 1	| Session "ns=1;g=f0ba2d61-c5b5-4f18-0870-37f3f0bf1b51"	| Session created | Severity=75 | SourceName=System | EventType=session
[2026-08-16 16:10:02.797 (UTC)] info/session	[System] TCP 16	| SC 1	| Session "ns=1;g=f0ba2d61-c5b5-4f18-0870-37f3f0bf1b51"	| ActivateSession: Session activated with ClientUserId "" | Severity=75 | SourceName=System | EventType=session
[2026-08-16 16:10:03.183 (UTC)] info/session	[System] TCP 16	| SC 1	| Session "ns=1;g=f0ba2d61-c5b5-4f18-0870-37f3f0bf1b51"	| Subscription 1 | Subscription created (Publishing interval 500.0ms, max 1000 notifications per publish) | Severity=75 | SourceName=System | EventType=session
[2026-08-16 16:10:03.203 (UTC)] info/session	[System] TCP 16	| SC 1	| Session "ns=1;g=f0ba2d61-c5b5-4f18-0870-37f3f0bf1b51"	| Subscription 1 | MonitoredItem 1 | Created the MonitoredItem (Sampling Interval: 250.0ms, Queue Size: 1) | Severity=75 | SourceName=System | EventType=session
[2026-08-16 16:10:03.740 (UTC)] info/application	[Sensor] Updated distance: 28.1097807626285 cm | Severity=75 | SourceName=Sensor2 | EventType=application
[2026-08-16 16:10:04.741 (UTC)] info/application	[Sensor] Updated distance: 27.0992087042421 cm | Severity=75 | SourceName=Sensor2 | EventType=application
[2026-08-16 16:10:05.743 (UTC)] info/application	[Sensor] Updated distance: 28.4184727239974 cm | Severity=75 | SourceName=Sensor2 | EventType=application
[2026-08-16 16:10:06.745 (UTC)] info/application	[Sensor] Updated distance: 27.8554770466199 cm | Severity=75 | SourceName=Sensor2 | EventType=application
[2026-08-16 16:10:07.735 (UTC)] info/application	[Sensor] Updated distance: 29.2145186256219 cm | Severity=75 | SourceName=Sensor2 | EventType=application
[2026-08-16 16:10:08.736 (UTC)] info/application	[Sensor] Updated distance: 29.3703538176466 cm | Severity=75 | SourceName=Sensor2 | EventType=application
[2026-08-16 16:10:09.736 (UTC)] info/application	[Sensor] Updated distance: 30.5332364253855 cm | Severity=75 | SourceName=Sensor2 | EventType=application
[2026-08-16 16:10:10.737 (UTC)] info/application	[Sensor] Updated distance: 30.4612105574744 cm | Severity=75 | SourceName=Sensor2 | EventType=application
[2026-08-16 16:10:11.737 (UTC)] info/application	[Sensor] Updated distance: 30.050445551309 cm | Severity=75 | SourceName=Sensor2 | EventType=application
[2026-08-16 16:10:12.738 (UTC)] info/application	[Sensor] Updated distance: 31.4455547292929 cm | Severity=75 | SourceName=Sensor2 | EventType=application
[2026-08-16 16:10:13.739 (UTC)] info/application	[Sensor] Updated distance: 32.0283553393224 cm | Severity=75 | SourceName=Sensor2 | EventType=application
[2026-08-16 16:10:14.739 (UTC)] info/application	[Sensor] Updated distance: 32.4691036885926 cm | Severity=75 | SourceName=Sensor2 | EventType=application
[2026-08-16 16:10:15.742 (UTC)] info/application	[Sensor] Updated distance: 31.7387245480151 cm | Severity=75 | SourceName=Sensor2 | EventType=application
[2026-08-16 16:10:16.744 (UTC)] info/application	[Sensor] Updated distance: 32.7753690387008 cm | Severity=75 | SourceName=Sensor2 | EventType=application
[2026-08-16 16:10:17.735 (UTC)] info/application	[Sensor] Updated distance: 34.1012892520992 cm | Severity=75 | SourceName=Sensor2 | EventType=application
[2026-08-16 16:10:18.737 (UTC)] info/application	[Sensor] Updated distance: 34.4132165268125 cm | Severity=75 | SourceName=Sensor2 | EventType=application
[2026-08-16 16:10:19.739 (UTC)] info/application	[Sensor] Updated distance: 35.7465736885772 cm | Severity=75 | SourceName=Sensor2 | EventType=application
[2026-08-16 16:10:20.740 (UTC)] info/application	[Sensor] Updated distance: 34.6274104158522 cm | Severity=75 | SourceName=Sensor2 | EventType=application
[2026-08-16 16:10:21.741 (UTC)] info/application	[Sensor] Updated distance: 35.6976795691055 cm | Severity=75 | SourceName=Sensor2 | EventType=application
[2026-08-16 16:10:22.743 (UTC)] info/application	[Sensor] Updated distance: 34.9698136611701 cm | Severity=75 | SourceName=Sensor2 | EventType=application
[2026-08-16 16:10:23.744 (UTC)] info/application	[Sensor] Updated distance: 34.4037376916519 cm | Severity=75 | SourceName=Sensor2 | EventType=application
[2026-08-16 16:10:24.735 (UTC)] info/application	[Sensor] Updated distance: 34.3588798965136 cm | Severity=75 | SourceName=Sensor2 | EventType=application
[2026-08-16 16:10:25.736 (UTC)] info/application	[Sensor] Updated distance: 35.7627282968083 cm | Severity=75 | SourceName=Sensor2 | EventType=application
[2026-08-16 16:10:26.738 (UTC)] info/application	[Sensor] Updated distance: 35.1744851047054 cm | Severity=75 | SourceName=Sensor2 | EventType=application
[2026-08-16 16:10:27.738 (UTC)] info/application	[Sensor] Updated distance: 36.6244613309971 cm | Severity=75 | SourceName=Sensor2 | EventType=application
[2026-08-16 16:10:28.739 (UTC)] info/application	[Sensor] Updated distance: 37.5256021421056 cm | Severity=75 | SourceName=Sensor2 | EventType=application
[2026-08-16 16:10:29.742 (UTC)] info/application	[Sensor] Updated distance: 37.5950916097942 cm | Severity=75 | SourceName=Sensor2 | EventType=application
[2026-08-16 16:10:30.744 (UTC)] info/application	[Sensor] Updated distance: 37.6650431801868 cm | Severity=75 | SourceName=Sensor2 | EventType=application
[2026-08-16 16:10:31.735 (UTC)] info/application	[Sensor] Updated distance: 39.0279833276421 cm | Severity=75 | SourceName=Sensor2 | EventType=application
[2026-08-16 16:10:32.737 (UTC)] info/application	[Sensor] Updated distance: 39.8089906735388 cm | Severity=75 | SourceName=Sensor2 | EventType=application
[2026-08-16 16:10:33.739 (UTC)] info/application	[Sensor] Updated distance: 39.8253445566284 cm | Severity=75 | SourceName=Sensor2 | EventType=application
[2026-08-16 16:10:34.741 (UTC)] info/application	[Sensor] Updated distance: 41.1401452758071 cm | Severity=75 | SourceName=Sensor2 | EventType=application
[2026-08-16 16:10:35.742 (UTC)] info/application	[Sensor] Updated distance: 42.4105805633173 cm | Severity=75 | SourceName=Sensor2 | EventType=application
[2026-08-16 16:10:36.744 (UTC)] info/application	[Sensor] Updated distance: 42.2461984647653 cm | Severity=75 | SourceName=Sensor2 | EventType=application
[2026-08-16 16:10:37.735 (UTC)] info/application	[Sensor] Updated distance: 41.4980035051694 cm | Severity=75 | SourceName=Sensor2 | EventType=application
[2026-08-16 16:10:38.736 (UTC)] info/application	[Sensor] Updated distance: 42.6274803702848 cm | Severity=75 | SourceName=Sensor2 | EventType=application
[2026-08-16 16:10:39.738 (UTC)] info/application	[Sensor] Updated distance: 44.1189334637574 cm | Severity=75 | SourceName=Sensor2 | EventType=application
[2026-08-16 16:10:40.739 (UTC)] info/application	[Sensor] Updated distance: 43.0336211119004 cm | Severity=75 | SourceName=Sensor2 | EventType=application
[2026-08-16 16:10:41.741 (UTC)] info/application	[Sensor] Updated distance: 42.5910721077077 cm | Severity=75 | SourceName=Sensor2 | EventType=application
[2026-08-16 16:10:42.742 (UTC)] info/application	[Sensor] Updated distance: 42.1717601936179 cm | Severity=75 | SourceName=Sensor2 | EventType=application
[2026-08-16 16:10:43.743 (UTC)] info/application	[Sensor] Updated distance: 40.9815570183478 cm | Severity=75 | SourceName=Sensor2 | EventType=application
[2026-08-16 16:10:44.743 (UTC)] info/application	[Sensor] Updated distance: 39.6218086241846 cm | Severity=75 | SourceName=Sensor2 | EventType=application
[2026-08-16 16:10:45.743 (UTC)] info/application	[Sensor] Updated distance: 38.1432450579681 cm | Severity=75 | SourceName=Sensor2 | EventType=application
[2026-08-16 16:10:46.743 (UTC)] info/application	[Sensor] Updated distance: 37.7226627435175 cm | Severity=75 | SourceName=Sensor2 | EventType=application
[2026-08-16 16:10:47.744 (UTC)] info/application	[Sensor] Updated distance: 38.8995588400399 cm | Severity=75 | SourceName=Sensor2 | EventType=application
[2026-08-16 16:10:48.735 (UTC)] info/application	[Sensor] Updated distance: 40.2469154872219 cm | Severity=75 | SourceName=Sensor2 | EventType=application
[2026-08-16 16:10:49.736 (UTC)] info/application	[Sensor] Updated distance: 41.6382604474846 cm | Severity=75 | SourceName=Sensor2 | EventType=application
[2026-08-16 16:10:50.738 (UTC)] info/application	[Sensor] Updated distance: 42.6485137043747 cm | Severity=75 | SourceName=Sensor2 | EventType=application
[2026-08-16 16:10:51.739 (UTC)] info/application	[Sensor] Updated distance: 41.3767070788316 cm | Severity=75 | SourceName=Sensor2 | EventType=application
[2026-08-16 16:10:52.739 (UTC)] info/application	[Sensor] Updated distance: 42.3383211909506 cm | Severity=75 | SourceName=Sensor2 | EventType=application
[2026-08-16 16:10:53.740 (UTC)] info/application	[Sensor] Updated distance: 41.1207085385084 cm | Severity=75 | SourceName=Sensor2 | EventType=application
[2026-08-16 16:10:54.741 (UTC)] info/application	[Sensor] Updated distance: 40.7828259434471 cm | Severity=75 | SourceName=Sensor2 | EventType=application
[2026-08-16 16:10:55.742 (UTC)] info/application	[Sensor] Updated distance: 40.1995822590308 cm | Severity=75 | SourceName=Sensor2 | EventType=application
[2026-08-16 16:10:56.743 (UTC)] info/application	[Sensor] Updated distance: 38.8858180054863 cm | Severity=75 | SourceName=Sensor2 | EventType=application
[2026-08-16 16:10:57.744 (UTC)] info/application	[Sensor] Updated distance: 39.4596922183222 cm | Severity=75 | SourceName=Sensor2 | EventType=application
[2026-08-16 16:10:58.735 (UTC)] info/application	[Sensor] Updated distance: 38.8264247601975 cm | Severity=75 | SourceName=Sensor2 | EventType=application
[2026-08-16 16:10:59.736 (UTC)] info/application	[Sensor] Updated distance: 39.9138013191586 cm | Severity=75 | SourceName=Sensor2 | EventType=application
[2026-08-16 16:11:00.737 (UTC)] info/application	[Sensor] Updated distance: 39.057164999683 cm | Severity=75 | SourceName=Sensor2 | EventType=application
[2026-08-16 16:11:01.739 (UTC)] info/application	[Sensor] Updated distance: 39.9938491119509 cm | Severity=75 | SourceName=Sensor2 | EventType=application
[2026-08-16 16:11:02.740 (UTC)] info/application	[Sensor] Updated distance: 40.9441658169703 cm | Severity=75 | SourceName=Sensor2 | EventType=application
[2026-08-16 16:11:03.741 (UTC)] info/application	[Sensor] Updated distance: 42.3685368433914 cm | Severity=75 | SourceName=Sensor2 | EventType=application
[2026-08-16 16:11:04.743 (UTC)] info/application	[Sensor] Updated distance: 41.821574837352 cm | Severity=75 | SourceName=Sensor2 | EventType=application
[2026-08-16 16:11:05.735 (UTC)] info/application	[Sensor] Updated distance: 42.586692260153 cm | Severity=75 | SourceName=Sensor2 | EventType=application
[2026-08-16 16:11:06.736 (UTC)] info/application	[Sensor] Updated distance: 43.7814985726874 cm | Severity=75 | SourceName=Sensor2 | EventType=application
[2026-08-16 16:11:07.737 (UTC)] info/application	[Sensor] Updated distance: 44.5701544680959 cm | Severity=75 | SourceName=Sensor2 | EventType=application
[2026-08-16 16:11:08.739 (UTC)] info/application	[Sensor] Updated distance: 43.0870769313011 cm | Severity=75 | SourceName=Sensor2 | EventType=application
[2026-08-16 16:11:09.741 (UTC)] info/application	[Sensor] Updated distance: 43.9113601089508 cm | Severity=75 | SourceName=Sensor2 | EventType=application
[2026-08-16 16:11:10.743 (UTC)] info/application	[Sensor] Updated distance: 44.691469096435 cm | Severity=75 | SourceName=Sensor2 | EventType=application
[2026-08-16 16:11:11.735 (UTC)] info/application	[Sensor] Updated distance: 43.6230792077831 cm | Severity=75 | SourceName=Sensor2 | EventType=application
[2026-08-16 16:11:12.736 (UTC)] info/application	[Sensor] Updated distance: 42.5048133798432 cm | Severity=75 | SourceName=Sensor2 | EventType=application
[2026-08-16 16:11:13.737 (UTC)] info/application	[Sensor] Updated distance: 41.3656104518406 cm | Severity=75 | SourceName=Sensor2 | EventType=application
[2026-08-16 16:11:14.738 (UTC)] info/application	[Sensor] Updated distance: 40.6070173879187 cm | Severity=75 | SourceName=Sensor2 | EventType=application
[2026-08-16 16:11:15.739 (UTC)] info/application	[Sensor] Updated distance: 39.6290031658155 cm | Severity=75 | SourceName=Sensor2 | EventType=application
[2026-08-16 16:11:16.740 (UTC)] info/application	[Sensor] Updated distance: 38.5112366729934 cm | Severity=75 | SourceName=Sensor2 | EventType=application
[2026-08-16 16:11:17.741 (UTC)] info/application	[Sensor] Updated distance: 38.8320612946209 cm | Severity=75 | SourceName=Sensor2 | EventType=application
[2026-08-16 16:11:18.742 (UTC)] info/application	[Sensor] Updated distance: 37.5309431690401 cm | Severity=75 | SourceName=Sensor2 | EventType=application
[2026-08-16 16:11:19.743 (UTC)] info/application	[Sensor] Updated distance: 36.260533322003 cm | Severity=75 | SourceName=Sensor2 | EventType=application
[2026-08-16 16:11:20.743 (UTC)] info/application	[Sensor] Updated distance: 36.4727029038932 cm | Severity=75 | SourceName=Sensor2 | EventType=application
[2026-08-16 16:11:21.744 (UTC)] info/application	[Sensor] Updated distance: 37.6818380352025 cm | Severity=75 | SourceName=Sensor2 | EventType=application
[2026-08-16 16:11:22.735 (UTC)] info/application	[Sensor] Updated distance: 36.6396215626223 cm | Severity=75 | SourceName=Sensor2 | EventType=application
[2026-08-16 16:11:23.736 (UTC)] info/application	[Sensor] Updated distance: 36.3134052552345 cm | Severity=75 | SourceName=Sensor2 | EventType=application
[2026-08-16 16:11:24.737 (UTC)] info/application	[Sensor] Updated distance: 37.8049277354986 cm | Severity=75 | SourceName=Sensor2 | EventType=application
[2026-08-16 16:11:25.738 (UTC)] info/application	[Sensor] Updated distance: 37.9248286678571 cm | Severity=75 | SourceName=Sensor2 | EventType=application
[2026-08-16 16:11:26.739 (UTC)] info/application	[Sensor] Updated distance: 38.5153686774501 cm | Severity=75 | SourceName=Sensor2 | EventType=application
[2026-08-16 16:11:27.740 (UTC)] info/application	[Sensor] Updated distance: 37.1931269027726 cm | Severity=75 | SourceName=Sensor2 | EventType=application
[2026-08-16 16:11:28.742 (UTC)] info/application	[Sensor] Updated distance: 36.386902047967 cm | Severity=75 | SourceName=Sensor2 | EventType=application
[2026-08-16 16:11:29.743 (UTC)] info/application	[Sensor] Updated distance: 37.8441745994353 cm | Severity=75 | SourceName=Sensor2 | EventType=application
[2026-08-16 16:11:30.744 (UTC)] info/application	[Sensor] Updated distance: 39.1093093837189 cm | Severity=75 | SourceName=Sensor2 | EventType=application
[2026-08-16 16:11:31.745 (UTC)] info/application	[Sensor] Updated distance: 38.9464482094378 cm | Severity=75 | SourceName=Sensor2 | EventType=application
[2026-08-16 16:11:32.736 (UTC)] info/application	[Sensor] Updated distance: 39.8404048717769 cm | Severity=75 | SourceName=Sensor2 | EventType=application
[2026-08-16 16:11:33.737 (UTC)] info/application	[Sensor] Updated distance: 40.5558563610799 cm | Severity=75 | SourceName=Sensor2 | EventType=application
[2026-08-16 16:11:34.739 (UTC)] info/application	[Sensor] Updated distance: 40.3173662118229 cm | Severity=75 | SourceName=Sensor2 | EventType=application
[2026-08-16 16:11:35.742 (UTC)] info/application	[Sensor] Updated distance: 39.1643608667256 cm | Severity=75 | SourceName=Sensor2 | EventType=application
[2026-08-16 16:11:36.735 (UTC)] info/application	[Sensor] Updated distance: 39.1449297774327 cm | Severity=75 | SourceName=Sensor2 | EventType=application
[2026-08-16 16:11:37.737 (UTC)] info/application	[Sensor] Updated distance: 38.6012459393131 cm | Severity=75 | SourceName=Sensor2 | EventType=application
[2026-08-16 16:11:38.740 (UTC)] info/application	[Sensor] Updated distance: 39.7368964896244 cm | Severity=75 | SourceName=Sensor2 | EventType=application
[2026-08-16 16:11:39.740 (UTC)] info/application	[Sensor] Updated distance: 39.7343878635366 cm | Severity=75 | SourceName=Sensor2 | EventType=application
[2026-08-16 16:11:40.742 (UTC)] info/application	[Sensor] Updated distance: 38.5149872016697 cm | Severity=75 | SourceName=Sensor2 | EventType=application
[2026-08-16 16:11:41.743 (UTC)] info/application	[Sensor] Updated distance: 38.9307467380682 cm | Severity=75 | SourceName=Sensor2 | EventType=application
[2026-08-16 16:11:42.735 (UTC)] info/application	[Sensor] Updated distance: 39.3598482233285 cm | Severity=75 | SourceName=Sensor2 | EventType=application
[2026-08-16 16:11:43.736 (UTC)] info/application	[Sensor] Updated distance: 38.5221817349187 cm | Severity=75 | SourceName=Sensor2 | EventType=application
[2026-08-16 16:11:44.738 (UTC)] info/application	[Sensor] Updated distance: 39.2987383433146 cm | Severity=75 | SourceName=Sensor2 | EventType=application
[2026-08-16 16:11:45.739 (UTC)] info/application	[Sensor] Updated distance: 40.46924676605 cm | Severity=75 | SourceName=Sensor2 | EventType=application
[2026-08-16 16:11:46.741 (UTC)] info/application	[Sensor] Updated distance: 40.153566055537 cm | Severity=75 | SourceName=Sensor2 | EventType=application
[2026-08-16 16:11:47.742 (UTC)] info/application	[Sensor] Updated distance: 41.3123561711108 cm | Severity=75 | SourceName=Sensor2 | EventType=application
[2026-08-16 16:11:48.743 (UTC)] info/application	[Sensor] Updated distance: 41.3036892140767 cm | Severity=75 | SourceName=Sensor2 | EventType=application
[2026-08-16 16:11:49.735 (UTC)] info/application	[Sensor] Updated distance: 41.1868903779829 cm | Severity=75 | SourceName=Sensor2 | EventType=application
[2026-08-16 16:11:50.735 (UTC)] info/application	[Sensor] Updated distance: 42.5752706479166 cm | Severity=75 | SourceName=Sensor2 | EventType=application
[2026-08-16 16:11:51.737 (UTC)] info/application	[Sensor] Updated distance: 41.2787732713757 cm | Severity=75 | SourceName=Sensor2 | EventType=application
[2026-08-16 16:11:52.740 (UTC)] info/application	[Sensor] Updated distance: 40.8711095665913 cm | Severity=75 | SourceName=Sensor2 | EventType=application
[2026-08-16 16:11:53.743 (UTC)] info/application	[Sensor] Updated distance: 39.7172733625478 cm | Severity=75 | SourceName=Sensor2 | EventType=application
[2026-08-16 16:11:54.745 (UTC)] info/application	[Sensor] Updated distance: 39.594559680016 cm | Severity=75 | SourceName=Sensor2 | EventType=application
[2026-08-16 16:11:55.736 (UTC)] info/application	[Sensor] Updated distance: 39.1784184540987 cm | Severity=75 | SourceName=Sensor2 | EventType=application
[2026-08-16 16:11:56.738 (UTC)] info/application	[Sensor] Updated distance: 39.6444831838107 cm | Severity=75 | SourceName=Sensor2 | EventType=application
[2026-08-16 16:11:57.740 (UTC)] info/application	[Sensor] Updated distance: 38.6123095094749 cm | Severity=75 | SourceName=Sensor2 | EventType=application
[2026-08-16 16:11:58.741 (UTC)] info/application	[Sensor] Updated distance: 38.3739265088802 cm | Severity=75 | SourceName=Sensor2 | EventType=application
[2026-08-16 16:11:59.743 (UTC)] info/application	[Sensor] Updated distance: 39.5337663837866 cm | Severity=75 | SourceName=Sensor2 | EventType=application
[2026-08-16 16:12:00.735 (UTC)] info/application	[Sensor] Updated distance: 38.458865259522 cm | Severity=75 | SourceName=Sensor2 | EventType=application
[2026-08-16 16:12:01.736 (UTC)] info/application	[Sensor] Updated distance: 37.9856170432109 cm | Severity=75 | SourceName=Sensor2 | EventType=application
[2026-08-16 16:12:02.736 (UTC)] info/application	[Sensor] Updated distance: 37.4825957424392 cm | Severity=75 | SourceName=Sensor2 | EventType=application
[2026-08-16 16:12:03.737 (UTC)] info/application	[Sensor] Updated distance: 38.8016512805138 cm | Severity=75 | SourceName=Sensor2 | EventType=application
[2026-08-16 16:12:04.738 (UTC)] info/application	[Sensor] Updated distance: 37.5438545521087 cm | Severity=75 | SourceName=Sensor2 | EventType=application
[2026-08-16 16:12:05.740 (UTC)] info/application	[Sensor] Updated distance: 38.30234310208 cm | Severity=75 | SourceName=Sensor2 | EventType=application
[2026-08-16 16:12:06.741 (UTC)] info/application	[Sensor] Updated distance: 36.9683932936603 cm | Severity=75 | SourceName=Sensor2 | EventType=application
[2026-08-16 16:12:07.743 (UTC)] info/application	[Sensor] Updated distance: 37.1911654759623 cm | Severity=75 | SourceName=Sensor2 | EventType=application
[2026-08-16 16:12:08.743 (UTC)] info/application	[Sensor] Updated distance: 35.905970186417 cm | Severity=75 | SourceName=Sensor2 | EventType=application
[2026-08-16 16:12:09.735 (UTC)] info/application	[Sensor] Updated distance: 37.2076709283086 cm | Severity=75 | SourceName=Sensor2 | EventType=application
[2026-08-16 16:12:10.737 (UTC)] info/application	[Sensor] Updated distance: 35.9279344845228 cm | Severity=75 | SourceName=Sensor2 | EventType=application
[2026-08-16 16:12:11.739 (UTC)] info/application	[Sensor] Updated distance: 34.9233385345076 cm | Severity=75 | SourceName=Sensor2 | EventType=application
[2026-08-16 16:12:12.740 (UTC)] info/application	[Sensor] Updated distance: 35.1407988114007 cm | Severity=75 | SourceName=Sensor2 | EventType=application
[2026-08-16 16:12:13.741 (UTC)] info/application	[Sensor] Updated distance: 35.7901638528752 cm | Severity=75 | SourceName=Sensor2 | EventType=application
[2026-08-16 16:12:14.743 (UTC)] info/application	[Sensor] Updated distance: 35.4479014144502 cm | Severity=75 | SourceName=Sensor2 | EventType=application
[2026-08-16 16:12:15.744 (UTC)] info/application	[Sensor] Updated distance: 34.9419182983422 cm | Severity=75 | SourceName=Sensor2 | EventType=application
[2026-08-16 16:12:16.735 (UTC)] info/application	[Sensor] Updated distance: 35.2617917611551 cm | Severity=75 | SourceName=Sensor2 | EventType=application
[2026-08-16 16:12:17.737 (UTC)] info/application	[Sensor] Updated distance: 36.1038486122171 cm | Severity=75 | SourceName=Sensor2 | EventType=application
[2026-08-16 16:12:18.738 (UTC)] info/application	[Sensor] Updated distance: 35.256655611683 cm | Severity=75 | SourceName=Sensor2 | EventType=application
[2026-08-16 16:12:19.740 (UTC)] info/application	[Sensor] Updated distance: 34.0678621174618 cm | Severity=75 | SourceName=Sensor2 | EventType=application
[2026-08-16 16:12:20.741 (UTC)] info/application	[Sensor] Updated distance: 33.29312013243 cm | Severity=75 | SourceName=Sensor2 | EventType=application
[2026-08-16 16:12:21.743 (UTC)] info/application	[Sensor] Updated distance: 32.3343074004325 cm | Severity=75 | SourceName=Sensor2 | EventType=application
[2026-08-16 16:12:22.744 (UTC)] info/application	[Sensor] Updated distance: 31.3490165296704 cm | Severity=75 | SourceName=Sensor2 | EventType=application
[2026-08-16 16:12:23.735 (UTC)] info/application	[Sensor] Updated distance: 31.6666108398543 cm | Severity=75 | SourceName=Sensor2 | EventType=application
[2026-08-16 16:12:24.736 (UTC)] info/application	[Sensor] Updated distance: 31.0539619038133 cm | Severity=75 | SourceName=Sensor2 | EventType=application
[2026-08-16 16:12:25.738 (UTC)] info/application	[Sensor] Updated distance: 31.4459573505195 cm | Severity=75 | SourceName=Sensor2 | EventType=application
[2026-08-16 16:12:26.739 (UTC)] info/application	[Sensor] Updated distance: 32.8474104347859 cm | Severity=75 | SourceName=Sensor2 | EventType=application
[2026-08-16 16:12:27.741 (UTC)] info/application	[Sensor] Updated distance: 34.2008262284569 cm | Severity=75 | SourceName=Sensor2 | EventType=application
[2026-08-16 16:12:28.743 (UTC)] info/application	[Sensor] Updated distance: 35.0606480008273 cm | Severity=75 | SourceName=Sensor2 | EventType=application
[2026-08-16 16:12:29.744 (UTC)] info/application	[Sensor] Updated distance: 34.7237180831021 cm | Severity=75 | SourceName=Sensor2 | EventType=application
[2026-08-16 16:12:30.744 (UTC)] info/application	[Sensor] Updated distance: 35.7369737502825 cm | Severity=75 | SourceName=Sensor2 | EventType=application
[2026-08-16 16:12:31.736 (UTC)] info/application	[Sensor] Updated distance: 37.0218943983884 cm | Severity=75 | SourceName=Sensor2 | EventType=application
[2026-08-16 16:12:32.738 (UTC)] info/application	[Sensor] Updated distance: 37.7117162643521 cm | Severity=75 | SourceName=Sensor2 | EventType=application
[2026-08-16 16:12:33.739 (UTC)] info/application	[Sensor] Updated distance: 36.7219506293637 cm | Severity=75 | SourceName=Sensor2 | EventType=application
[2026-08-16 16:12:34.740 (UTC)] info/application	[Sensor] Updated distance: 37.8259268141472 cm | Severity=75 | SourceName=Sensor2 | EventType=application
[2026-08-16 16:12:35.743 (UTC)] info/application	[Sensor] Updated distance: 38.7579519517058 cm | Severity=75 | SourceName=Sensor2 | EventType=application
[2026-08-16 16:12:36.744 (UTC)] info/application	[Sensor] Updated distance: 40.0266748666887 cm | Severity=75 | SourceName=Sensor2 | EventType=application
[2026-08-16 16:12:37.745 (UTC)] info/application	[Sensor] Updated distance: 41.2967012430526 cm | Severity=75 | SourceName=Sensor2 | EventType=application
[2026-08-16 16:12:38.736 (UTC)] info/application	[Sensor] Updated distance: 40.9514985629131 cm | Severity=75 | SourceName=Sensor2 | EventType=application
[2026-08-16 16:12:39.737 (UTC)] info/application	[Sensor] Updated distance: 42.4350261897477 cm | Severity=75 | SourceName=Sensor2 | EventType=application
[2026-08-16 16:12:40.739 (UTC)] info/application	[Sensor] Updated distance: 43.5067533066062 cm | Severity=75 | SourceName=Sensor2 | EventType=application
[2026-08-16 16:12:41.739 (UTC)] info/application	[Sensor] Updated distance: 43.3818141826809 cm | Severity=75 | SourceName=Sensor2 | EventType=application
[2026-08-16 16:12:42.741 (UTC)] info/application	[Sensor] Updated distance: 42.3607458581034 cm | Severity=75 | SourceName=Sensor2 | EventType=application
[2026-08-16 16:12:43.742 (UTC)] info/application	[Sensor] Updated distance: 42.1499332504579 cm | Severity=75 | SourceName=Sensor2 | EventType=application
[2026-08-16 16:12:44.743 (UTC)] info/application	[Sensor] Updated distance: 41.1743591666102 cm | Severity=75 | SourceName=Sensor2 | EventType=application
[2026-08-16 16:12:45.744 (UTC)] info/application	[Sensor] Updated distance: 41.3110284036077 cm | Severity=75 | SourceName=Sensor2 | EventType=application
[2026-08-16 16:12:46.735 (UTC)] info/application	[Sensor] Updated distance: 42.0942326812512 cm | Severity=75 | SourceName=Sensor2 | EventType=application
[2026-08-16 16:12:47.736 (UTC)] info/application	[Sensor] Updated distance: 42.9385320616134 cm | Severity=75 | SourceName=Sensor2 | EventType=application
[2026-08-16 16:12:48.737 (UTC)] info/application	[Sensor] Updated distance: 42.4172581482759 cm | Severity=75 | SourceName=Sensor2 | EventType=application
[2026-08-16 16:12:49.738 (UTC)] info/application	[Sensor] Updated distance: 43.8532694253853 cm | Severity=75 | SourceName=Sensor2 | EventType=application
[2026-08-16 16:12:50.740 (UTC)] info/application	[Sensor] Updated distance: 45.0087753115263 cm | Severity=75 | SourceName=Sensor2 | EventType=application
[2026-08-16 16:12:51.741 (UTC)] info/application	[Sensor] Updated distance: 45.212759413157 cm | Severity=75 | SourceName=Sensor2 | EventType=application
[2026-08-16 16:12:52.742 (UTC)] info/application	[Sensor] Updated distance: 44.1899579568719 cm | Severity=75 | SourceName=Sensor2 | EventType=application
[2026-08-16 16:12:53.744 (UTC)] info/application	[Sensor] Updated distance: 42.8601729708538 cm | Severity=75 | SourceName=Sensor2 | EventType=application
[2026-08-16 16:12:54.735 (UTC)] info/application	[Sensor] Updated distance: 41.8817513812714 cm | Severity=75 | SourceName=Sensor2 | EventType=application
[2026-08-16 16:12:55.736 (UTC)] info/application	[Sensor] Updated distance: 41.7463009889453 cm | Severity=75 | SourceName=Sensor2 | EventType=application
[2026-08-16 16:12:56.738 (UTC)] info/application	[Sensor] Updated distance: 42.3085114510304 cm | Severity=75 | SourceName=Sensor2 | EventType=application
[2026-08-16 16:12:57.739 (UTC)] info/application	[Sensor] Updated distance: 41.2315429443174 cm | Severity=75 | SourceName=Sensor2 | EventType=application
[2026-08-16 16:12:58.740 (UTC)] info/application	[Sensor] Updated distance: 40.9495083456624 cm | Severity=75 | SourceName=Sensor2 | EventType=application
[2026-08-16 16:12:59.742 (UTC)] info/application	[Sensor] Updated distance: 40.8715405787209 cm | Severity=75 | SourceName=Sensor2 | EventType=application
[2026-08-16 16:13:00.743 (UTC)] info/application	[Sensor] Updated distance: 40.9576421556797 cm | Severity=75 | SourceName=Sensor2 | EventType=application
[2026-08-16 16:13:01.745 (UTC)] info/application	[Sensor] Updated distance: 40.188863222808 cm | Severity=75 | SourceName=Sensor2 | EventType=application
[2026-08-16 16:13:02.736 (UTC)] info/application	[Sensor] Updated distance: 39.8958161039724 cm | Severity=75 | SourceName=Sensor2 | EventType=application
[2026-08-16 16:13:03.737 (UTC)] info/application	[Sensor] Updated distance: 39.1717395454979 cm | Severity=75 | SourceName=Sensor2 | EventType=application
[2026-08-16 16:13:04.739 (UTC)] info/application	[Sensor] Updated distance: 38.9131949790349 cm | Severity=75 | SourceName=Sensor2 | EventType=application
[2026-08-16 16:13:05.741 (UTC)] info/application	[Sensor] Updated distance: 38.2241240435858 cm | Severity=75 | SourceName=Sensor2 | EventType=application
[2026-08-16 16:13:06.742 (UTC)] info/application	[Sensor] Updated distance: 36.9320726226699 cm | Severity=75 | SourceName=Sensor2 | EventType=application
[2026-08-16 16:13:07.743 (UTC)] info/application	[Sensor] Updated distance: 36.4422509697928 cm | Severity=75 | SourceName=Sensor2 | EventType=application
[2026-08-16 16:13:08.744 (UTC)] info/application	[Sensor] Updated distance: 35.5232064107075 cm | Severity=75 | SourceName=Sensor2 | EventType=application
[2026-08-16 16:13:09.735 (UTC)] info/application	[Sensor] Updated distance: 35.3859523096522 cm | Severity=75 | SourceName=Sensor2 | EventType=application
[2026-08-16 16:13:10.736 (UTC)] info/application	[Sensor] Updated distance: 34.8796582822127 cm | Severity=75 | SourceName=Sensor2 | EventType=application
[2026-08-16 16:13:11.737 (UTC)] info/application	[Sensor] Updated distance: 33.5323408385889 cm | Severity=75 | SourceName=Sensor2 | EventType=application
[2026-08-16 16:13:12.738 (UTC)] info/application	[Sensor] Updated distance: 34.7701476136083 cm | Severity=75 | SourceName=Sensor2 | EventType=application
[2026-08-16 16:13:13.739 (UTC)] info/application	[Sensor] Updated distance: 34.7427852615913 cm | Severity=75 | SourceName=Sensor2 | EventType=application
[2026-08-16 16:13:14.741 (UTC)] info/application	[Sensor] Updated distance: 34.684655211719 cm | Severity=75 | SourceName=Sensor2 | EventType=application
[2026-08-16 16:13:15.742 (UTC)] info/application	[Sensor] Updated distance: 33.4468879014937 cm | Severity=75 | SourceName=Sensor2 | EventType=application
[2026-08-16 16:13:16.742 (UTC)] info/application	[Sensor] Updated distance: 32.0561947850772 cm | Severity=75 | SourceName=Sensor2 | EventType=application
[2026-08-16 16:13:17.744 (UTC)] info/application	[Sensor] Updated distance: 31.2812690114515 cm | Severity=75 | SourceName=Sensor2 | EventType=application
[2026-08-16 16:13:18.736 (UTC)] info/application	[Sensor] Updated distance: 32.3878010815884 cm | Severity=75 | SourceName=Sensor2 | EventType=application
[2026-08-16 16:13:19.738 (UTC)] info/application	[Sensor] Updated distance: 31.9758340532313 cm | Severity=75 | SourceName=Sensor2 | EventType=application
[2026-08-16 16:13:20.741 (UTC)] info/application	[Sensor] Updated distance: 31.136919555318 cm | Severity=75 | SourceName=Sensor2 | EventType=application
[2026-08-16 16:13:21.741 (UTC)] info/application	[Sensor] Updated distance: 31.8989575101989 cm | Severity=75 | SourceName=Sensor2 | EventType=application
[2026-08-16 16:13:22.743 (UTC)] info/application	[Sensor] Updated distance: 33.1909745834726 cm | Severity=75 | SourceName=Sensor2 | EventType=application
[2026-08-16 16:13:23.744 (UTC)] info/application	[Sensor] Updated distance: 32.8292586292742 cm | Severity=75 | SourceName=Sensor2 | EventType=application
[2026-08-16 16:13:24.736 (UTC)] info/application	[Sensor] Updated distance: 33.7615115995339 cm | Severity=75 | SourceName=Sensor2 | EventType=application
[2026-08-16 16:13:25.738 (UTC)] info/application	[Sensor] Updated distance: 32.5751070832252 cm | Severity=75 | SourceName=Sensor2 | EventType=application
[2026-08-16 16:13:26.740 (UTC)] info/application	[Sensor] Updated distance: 33.5779407367007 cm | Severity=75 | SourceName=Sensor2 | EventType=application
[2026-08-16 16:13:27.741 (UTC)] info/application	[Sensor] Updated distance: 33.5724041676486 cm | Severity=75 | SourceName=Sensor2 | EventType=application
[2026-08-16 16:13:28.742 (UTC)] info/application	[Sensor] Updated distance: 32.8090311446269 cm | Severity=75 | SourceName=Sensor2 | EventType=application
[2026-08-16 16:13:29.744 (UTC)] info/application	[Sensor] Updated distance: 32.0298301980504 cm | Severity=75 | SourceName=Sensor2 | EventType=application
[2026-08-16 16:13:30.735 (UTC)] info/application	[Sensor] Updated distance: 33.4463258620567 cm | Severity=75 | SourceName=Sensor2 | EventType=application
[2026-08-16 16:13:31.736 (UTC)] info/application	[Sensor] Updated distance: 34.2690544159939 cm | Severity=75 | SourceName=Sensor2 | EventType=application
[2026-08-16 16:13:32.737 (UTC)] info/application	[Sensor] Updated distance: 34.2210745379427 cm | Severity=75 | SourceName=Sensor2 | EventType=application
[2026-08-16 16:13:33.738 (UTC)] info/application	[Sensor] Updated distance: 33.8445230817164 cm | Severity=75 | SourceName=Sensor2 | EventType=application
[2026-08-16 16:13:34.740 (UTC)] info/application	[Sensor] Updated distance: 32.443175077179 cm | Severity=75 | SourceName=Sensor2 | EventType=application
[2026-08-16 16:13:35.741 (UTC)] info/application	[Sensor] Updated distance: 33.6366506326648 cm | Severity=75 | SourceName=Sensor2 | EventType=application
[2026-08-16 16:13:36.743 (UTC)] info/application	[Sensor] Updated distance: 34.0710282423864 cm | Severity=75 | SourceName=Sensor2 | EventType=application
[2026-08-16 16:13:37.744 (UTC)] info/application	[Sensor] Updated distance: 32.8776288169332 cm | Severity=75 | SourceName=Sensor2 | EventType=application
[2026-08-16 16:13:38.745 (UTC)] info/application	[Sensor] Updated distance: 32.0812827181449 cm | Severity=75 | SourceName=Sensor2 | EventType=application
[2026-08-16 16:13:39.735 (UTC)] info/application	[Sensor] Updated distance: 33.0966157687812 cm | Severity=75 | SourceName=Sensor2 | EventType=application
[2026-08-16 16:13:40.737 (UTC)] info/application	[Sensor] Updated distance: 33.2659622422726 cm | Severity=75 | SourceName=Sensor2 | EventType=application
[2026-08-16 16:13:41.738 (UTC)] info/application	[Sensor] Updated distance: 33.4633221174419 cm | Severity=75 | SourceName=Sensor2 | EventType=application
[2026-08-16 16:13:42.739 (UTC)] info/application	[Sensor] Updated distance: 34.6313377244544 cm | Severity=75 | SourceName=Sensor2 | EventType=application
[2026-08-16 16:13:43.740 (UTC)] info/application	[Sensor] Updated distance: 34.5384909715682 cm | Severity=75 | SourceName=Sensor2 | EventType=application
[2026-08-16 16:13:44.741 (UTC)] info/application	[Sensor] Updated distance: 33.2084884933235 cm | Severity=75 | SourceName=Sensor2 | EventType=application
[2026-08-16 16:13:45.742 (UTC)] info/application	[Sensor] Updated distance: 32.8183740490667 cm | Severity=75 | SourceName=Sensor2 | EventType=application
[2026-08-16 16:13:46.744 (UTC)] info/application	[Sensor] Updated distance: 32.9877599859553 cm | Severity=75 | SourceName=Sensor2 | EventType=application
[2026-08-16 16:13:47.745 (UTC)] info/application	[Sensor] Updated distance: 31.767064392691 cm | Severity=75 | SourceName=Sensor2 | EventType=application
[2026-08-16 16:13:48.744 (UTC)] info/application	[Sensor] Updated distance: 32.1020241748085 cm | Severity=75 | SourceName=Sensor2 | EventType=application
[2026-08-16 16:13:49.736 (UTC)] info/application	[Sensor] Updated distance: 31.877942181834 cm | Severity=75 | SourceName=Sensor2 | EventType=application
[2026-08-16 16:13:50.737 (UTC)] info/application	[Sensor] Updated distance: 31.7452795602126 cm | Severity=75 | SourceName=Sensor2 | EventType=application
[2026-08-16 16:13:51.738 (UTC)] info/application	[Sensor] Updated distance: 32.7413248444168 cm | Severity=75 | SourceName=Sensor2 | EventType=application
[2026-08-16 16:13:52.740 (UTC)] info/application	[Sensor] Updated distance: 31.7792808049262 cm | Severity=75 | SourceName=Sensor2 | EventType=application
[2026-08-16 16:13:53.740 (UTC)] info/application	[Sensor] Updated distance: 31.4386352551815 cm | Severity=75 | SourceName=Sensor2 | EventType=application
[2026-08-16 16:13:54.741 (UTC)] info/application	[Sensor] Updated distance: 30.5729645837903 cm | Severity=75 | SourceName=Sensor2 | EventType=application
[2026-08-16 16:13:55.743 (UTC)] info/application	[Sensor] Updated distance: 32.0431735145594 cm | Severity=75 | SourceName=Sensor2 | EventType=application
[2026-08-16 16:13:56.744 (UTC)] info/application	[Sensor] Updated distance: 32.016123448506 cm | Severity=75 | SourceName=Sensor2 | EventType=application
[2026-08-16 16:13:57.736 (UTC)] info/application	[Sensor] Updated distance: 30.6532864305904 cm | Severity=75 | SourceName=Sensor2 | EventType=application
[2026-08-16 16:13:58.737 (UTC)] info/application	[Sensor] Updated distance: 30.6179587909104 cm | Severity=75 | SourceName=Sensor2 | EventType=application
[2026-08-16 16:13:59.739 (UTC)] info/application	[Sensor] Updated distance: 31.3275357032323 cm | Severity=75 | SourceName=Sensor2 | EventType=application
[2026-08-16 16:14:00.742 (UTC)] info/application	[Sensor] Updated distance: 30.6854977387401 cm | Severity=75 | SourceName=Sensor2 | EventType=application
[2026-08-16 16:14:01.743 (UTC)] info/application	[Sensor] Updated distance: 30.5666657630664 cm | Severity=75 | SourceName=Sensor2 | EventType=application
[2026-08-16 16:14:02.743 (UTC)] info/application	[Sensor] Updated distance: 30.5989712279285 cm | Severity=75 | SourceName=Sensor2 | EventType=application
[2026-08-16 16:14:03.735 (UTC)] info/application	[Sensor] Updated distance: 31.4089533853852 cm | Severity=75 | SourceName=Sensor2 | EventType=application
[2026-08-16 16:14:04.737 (UTC)] info/application	[Sensor] Updated distance: 32.4135699534852 cm | Severity=75 | SourceName=Sensor2 | EventType=application
[2026-08-16 16:14:05.738 (UTC)] info/application	[Sensor] Updated distance: 32.5445274138099 cm | Severity=75 | SourceName=Sensor2 | EventType=application
[2026-08-16 16:14:06.741 (UTC)] info/application	[Sensor] Updated distance: 33.0479851253554 cm | Severity=75 | SourceName=Sensor2 | EventType=application
[2026-08-16 16:14:07.742 (UTC)] info/application	[Sensor] Updated distance: 32.98697930178 cm | Severity=75 | SourceName=Sensor2 | EventType=application
[2026-08-16 16:14:08.743 (UTC)] info/application	[Sensor] Updated distance: 33.4245373366515 cm | Severity=75 | SourceName=Sensor2 | EventType=application
[2026-08-16 16:14:09.743 (UTC)] info/application	[Sensor] Updated distance: 34.6316489508057 cm | Severity=75 | SourceName=Sensor2 | EventType=application
[2026-08-16 16:14:10.744 (UTC)] info/application	[Sensor] Updated distance: 34.0859761764695 cm | Severity=75 | SourceName=Sensor2 | EventType=application
[2026-08-16 16:14:11.736 (UTC)] info/application	[Sensor] Updated distance: 33.1928806834355 cm | Severity=75 | SourceName=Sensor2 | EventType=application
[2026-08-16 16:14:12.737 (UTC)] info/application	[Sensor] Updated distance: 33.097352171362 cm | Severity=75 | SourceName=Sensor2 | EventType=application
[2026-08-16 16:14:13.739 (UTC)] info/application	[Sensor] Updated distance: 32.2196950040383 cm | Severity=75 | SourceName=Sensor2 | EventType=application
[2026-08-16 16:14:14.741 (UTC)] info/application	[Sensor] Updated distance: 32.7337527581182 cm | Severity=75 | SourceName=Sensor2 | EventType=application
[2026-08-16 16:14:15.743 (UTC)] info/application	[Sensor] Updated distance: 32.8082217678 cm | Severity=75 | SourceName=Sensor2 | EventType=application
[2026-08-16 16:14:16.745 (UTC)] info/application	[Sensor] Updated distance: 33.0404501562195 cm | Severity=75 | SourceName=Sensor2 | EventType=application
[2026-08-16 16:14:17.736 (UTC)] info/application	[Sensor] Updated distance: 32.2238938471879 cm | Severity=75 | SourceName=Sensor2 | EventType=application
[2026-08-16 16:14:18.737 (UTC)] info/application	[Sensor] Updated distance: 32.5776672636054 cm | Severity=75 | SourceName=Sensor2 | EventType=application
[2026-08-16 16:14:19.738 (UTC)] info/application	[Sensor] Updated distance: 31.6448554341424 cm | Severity=75 | SourceName=Sensor2 | EventType=application
[2026-08-16 16:14:20.740 (UTC)] info/application	[Sensor] Updated distance: 32.1042171321363 cm | Severity=75 | SourceName=Sensor2 | EventType=application
[2026-08-16 16:14:21.741 (UTC)] info/application	[Sensor] Updated distance: 30.8253279255355 cm | Severity=75 | SourceName=Sensor2 | EventType=application
[2026-08-16 16:14:22.742 (UTC)] info/application	[Sensor] Updated distance: 29.3885613788797 cm | Severity=75 | SourceName=Sensor2 | EventType=application
[2026-08-16 16:14:23.743 (UTC)] info/application	[Sensor] Updated distance: 30.3858790373829 cm | Severity=75 | SourceName=Sensor2 | EventType=application
[2026-08-16 16:14:24.744 (UTC)] info/application	[Sensor] Updated distance: 30.2663442824344 cm | Severity=75 | SourceName=Sensor2 | EventType=application
[2026-08-16 16:14:25.736 (UTC)] info/application	[Sensor] Updated distance: 29.4639070657845 cm | Severity=75 | SourceName=Sensor2 | EventType=application
[2026-08-16 16:14:26.737 (UTC)] info/application	[Sensor] Updated distance: 30.4314336550568 cm | Severity=75 | SourceName=Sensor2 | EventType=application
[2026-08-16 16:14:27.738 (UTC)] info/application	[Sensor] Updated distance: 31.7848488340549 cm | Severity=75 | SourceName=Sensor2 | EventType=application
[2026-08-16 16:14:28.739 (UTC)] info/application	[Sensor] Updated distance: 31.1195745994893 cm | Severity=75 | SourceName=Sensor2 | EventType=application
[2026-08-16 16:14:29.741 (UTC)] info/application	[Sensor] Updated distance: 30.5517735476846 cm | Severity=75 | SourceName=Sensor2 | EventType=application
[2026-08-16 16:14:30.742 (UTC)] info/application	[Sensor] Updated distance: 31.1147656376076 cm | Severity=75 | SourceName=Sensor2 | EventType=application
[2026-08-16 16:14:31.743 (UTC)] info/application	[Sensor] Updated distance: 31.3074534385499 cm | Severity=75 | SourceName=Sensor2 | EventType=application
[2026-08-16 16:14:32.735 (UTC)] info/application	[Sensor] Updated distance: 32.1208204110715 cm | Severity=75 | SourceName=Sensor2 | EventType=application
[2026-08-16 16:14:33.736 (UTC)] info/application	[Sensor] Updated distance: 31.2161179658566 cm | Severity=75 | SourceName=Sensor2 | EventType=application
[2026-08-16 16:14:34.738 (UTC)] info/application	[Sensor] Updated distance: 30.7187879242556 cm | Severity=75 | SourceName=Sensor2 | EventType=application
[2026-08-16 16:14:35.739 (UTC)] info/application	[Sensor] Updated distance: 31.0367714648771 cm | Severity=75 | SourceName=Sensor2 | EventType=application
[2026-08-16 16:14:36.741 (UTC)] info/application	[Sensor] Updated distance: 31.7630264799869 cm | Severity=75 | SourceName=Sensor2 | EventType=application
[2026-08-16 16:14:37.743 (UTC)] info/application	[Sensor] Updated distance: 30.2691541485344 cm | Severity=75 | SourceName=Sensor2 | EventType=application
[2026-08-16 16:14:38.743 (UTC)] info/application	[Sensor] Updated distance: 29.0261318641836 cm | Severity=75 | SourceName=Sensor2 | EventType=application
[2026-08-16 16:14:39.744 (UTC)] info/application	[Sensor] Updated distance: 28.6899449141649 cm | Severity=75 | SourceName=Sensor2 | EventType=application
[2026-08-16 16:14:40.735 (UTC)] info/application	[Sensor] Updated distance: 29.9031841968666 cm | Severity=75 | SourceName=Sensor2 | EventType=application
[2026-08-16 16:14:41.737 (UTC)] info/application	[Sensor] Updated distance: 29.6144891395766 cm | Severity=75 | SourceName=Sensor2 | EventType=application
[2026-08-16 16:14:42.738 (UTC)] info/application	[Sensor] Updated distance: 29.8852066965239 cm | Severity=75 | SourceName=Sensor2 | EventType=application
[2026-08-16 16:14:43.739 (UTC)] info/application	[Sensor] Updated distance: 29.5029174657552 cm | Severity=75 | SourceName=Sensor2 | EventType=application
[2026-08-16 16:14:44.740 (UTC)] info/application	[Sensor] Updated distance: 29.8365652411415 cm | Severity=75 | SourceName=Sensor2 | EventType=application
[2026-08-16 16:14:45.742 (UTC)] info/application	[Sensor] Updated distance: 29.1213405521686 cm | Severity=75 | SourceName=Sensor2 | EventType=application
[2026-08-16 16:14:46.743 (UTC)] info/application	[Sensor] Updated distance: 30.3135203324787 cm | Severity=75 | SourceName=Sensor2 | EventType=application
[2026-08-16 16:14:47.745 (UTC)] info/application	[Sensor] Updated distance: 29.3793964948875 cm | Severity=75 | SourceName=Sensor2 | EventType=application
[2026-08-16 16:14:48.736 (UTC)] info/application	[Sensor] Updated distance: 29.347615496883 cm | Severity=75 | SourceName=Sensor2 | EventType=application
[2026-08-16 16:14:49.738 (UTC)] info/application	[Sensor] Updated distance: 29.3935686922136 cm | Severity=75 | SourceName=Sensor2 | EventType=application
[2026-08-16 16:14:50.740 (UTC)] info/application	[Sensor] Updated distance: 29.0266330251594 cm | Severity=75 | SourceName=Sensor2 | EventType=application
[2026-08-16 16:14:51.743 (UTC)] info/application	[Sensor] Updated distance: 27.9542137237518 cm | Severity=75 | SourceName=Sensor2 | EventType=application
[2026-08-16 16:14:52.744 (UTC)] info/application	[Sensor] Updated distance: 28.2212777138786 cm | Severity=75 | SourceName=Sensor2 | EventType=application
[2026-08-16 16:14:53.736 (UTC)] info/application	[Sensor] Updated distance: 27.9175755015656 cm | Severity=75 | SourceName=Sensor2 | EventType=application
[2026-08-16 16:14:54.738 (UTC)] info/application	[Sensor] Updated distance: 29.3424738586612 cm | Severity=75 | SourceName=Sensor2 | EventType=application
[2026-08-16 16:14:55.740 (UTC)] info/application	[Sensor] Updated distance: 27.9900030924426 cm | Severity=75 | SourceName=Sensor2 | EventType=application
[2026-08-16 16:14:56.741 (UTC)] info/application	[Sensor] Updated distance: 28.3838636634796 cm | Severity=75 | SourceName=Sensor2 | EventType=application
[2026-08-16 16:14:57.743 (UTC)] info/application	[Sensor] Updated distance: 29.2762886084505 cm | Severity=75 | SourceName=Sensor2 | EventType=application
[2026-08-16 16:14:58.744 (UTC)] info/application	[Sensor] Updated distance: 27.7772330198331 cm | Severity=75 | SourceName=Sensor2 | EventType=application
[2026-08-16 16:14:59.745 (UTC)] info/application	[Sensor] Updated distance: 29.0058193563045 cm | Severity=75 | SourceName=Sensor2 | EventType=application
[2026-08-16 16:15:00.736 (UTC)] info/application	[Sensor] Updated distance: 27.8304432494707 cm | Severity=75 | SourceName=Sensor2 | EventType=application
[2026-08-16 16:15:01.738 (UTC)] info/application	[Sensor] Updated distance: 28.3943797521732 cm | Severity=75 | SourceName=Sensor2 | EventType=application
[2026-08-16 16:15:02.739 (UTC)] info/application	[Sensor] Updated distance: 28.31565388819 cm | Severity=75 | SourceName=Sensor2 | EventType=application
[2026-08-16 16:15:03.740 (UTC)] info/application	[Sensor] Updated distance: 29.4536447538778 cm | Severity=75 | SourceName=Sensor2 | EventType=application
[2026-08-16 16:15:04.742 (UTC)] info/application	[Sensor] Updated distance: 30.6128788113654 cm | Severity=75 | SourceName=Sensor2 | EventType=application
[2026-08-16 16:15:05.735 (UTC)] info/application	[Sensor] Updated distance: 31.5368229057811 cm | Severity=75 | SourceName=Sensor2 | EventType=application
[2026-08-16 16:15:06.737 (UTC)] info/application	[Sensor] Updated distance: 31.4927973106935 cm | Severity=75 | SourceName=Sensor2 | EventType=application
[2026-08-16 16:15:07.738 (UTC)] info/application	[Sensor] Updated distance: 31.8782863818939 cm | Severity=75 | SourceName=Sensor2 | EventType=application
[2026-08-16 16:15:08.739 (UTC)] info/application	[Sensor] Updated distance: 32.8083581462541 cm | Severity=75 | SourceName=Sensor2 | EventType=application
[2026-08-16 16:15:09.741 (UTC)] info/application	[Sensor] Updated distance: 33.0213102682127 cm | Severity=75 | SourceName=Sensor2 | EventType=application
[2026-08-16 16:15:10.742 (UTC)] info/application	[Sensor] Updated distance: 31.5706123879973 cm | Severity=75 | SourceName=Sensor2 | EventType=application
[2026-08-16 16:15:11.743 (UTC)] info/application	[Sensor] Updated distance: 32.2139234336623 cm | Severity=75 | SourceName=Sensor2 | EventType=application
[2026-08-16 16:15:12.735 (UTC)] info/application	[Sensor] Updated distance: 33.6381804983309 cm | Severity=75 | SourceName=Sensor2 | EventType=application
[2026-08-16 16:15:13.736 (UTC)] info/application	[Sensor] Updated distance: 33.9582001764598 cm | Severity=75 | SourceName=Sensor2 | EventType=application
[2026-08-16 16:15:14.738 (UTC)] info/application	[Sensor] Updated distance: 32.7192219913561 cm | Severity=75 | SourceName=Sensor2 | EventType=application
[2026-08-16 16:15:15.739 (UTC)] info/application	[Sensor] Updated distance: 32.977126830014 cm | Severity=75 | SourceName=Sensor2 | EventType=application
[2026-08-16 16:15:16.739 (UTC)] info/application	[Sensor] Updated distance: 34.0819218191699 cm | Severity=75 | SourceName=Sensor2 | EventType=application
[2026-08-16 16:15:17.740 (UTC)] info/application	[Sensor] Updated distance: 35.5351234143763 cm | Severity=75 | SourceName=Sensor2 | EventType=application
[2026-08-16 16:15:18.742 (UTC)] info/application	[Sensor] Updated distance: 36.358904415443 cm | Severity=75 | SourceName=Sensor2 | EventType=application
[2026-08-16 16:15:19.742 (UTC)] info/application	[Sensor] Updated distance: 35.9319184051975 cm | Severity=75 | SourceName=Sensor2 | EventType=application
[2026-08-16 16:15:20.743 (UTC)] info/application	[Sensor] Updated distance: 35.9310731943375 cm | Severity=75 | SourceName=Sensor2 | EventType=application
[2026-08-16 16:15:21.744 (UTC)] info/application	[Sensor] Updated distance: 34.88791852835 cm | Severity=75 | SourceName=Sensor2 | EventType=application
[2026-08-16 16:15:22.736 (UTC)] info/application	[Sensor] Updated distance: 34.8885132166969 cm | Severity=75 | SourceName=Sensor2 | EventType=application
[2026-08-16 16:15:23.736 (UTC)] info/application	[Sensor] Updated distance: 33.6547319945668 cm | Severity=75 | SourceName=Sensor2 | EventType=application
[2026-08-16 16:15:24.737 (UTC)] info/application	[Sensor] Updated distance: 33.8078751162662 cm | Severity=75 | SourceName=Sensor2 | EventType=application
[2026-08-16 16:15:25.738 (UTC)] info/application	[Sensor] Updated distance: 33.7333681603117 cm | Severity=75 | SourceName=Sensor2 | EventType=application
[2026-08-16 16:15:26.739 (UTC)] info/application	[Sensor] Updated distance: 32.6471161719631 cm | Severity=75 | SourceName=Sensor2 | EventType=application
[2026-08-16 16:15:27.740 (UTC)] info/application	[Sensor] Updated distance: 31.6941198633025 cm | Severity=75 | SourceName=Sensor2 | EventType=application
[2026-08-16 16:15:28.740 (UTC)] info/application	[Sensor] Updated distance: 31.0120378523189 cm | Severity=75 | SourceName=Sensor2 | EventType=application
[2026-08-16 16:15:29.741 (UTC)] info/application	[Sensor] Updated distance: 29.9267302767498 cm | Severity=75 | SourceName=Sensor2 | EventType=application
[2026-08-16 16:15:30.742 (UTC)] info/application	[Sensor] Updated distance: 28.7023203031636 cm | Severity=75 | SourceName=Sensor2 | EventType=application
[2026-08-16 16:15:31.743 (UTC)] info/application	[Sensor] Updated distance: 28.3448621853463 cm | Severity=75 | SourceName=Sensor2 | EventType=application
[2026-08-16 16:15:32.744 (UTC)] info/application	[Sensor] Updated distance: 29.3234911124797 cm | Severity=75 | SourceName=Sensor2 | EventType=application
[2026-08-16 16:15:33.735 (UTC)] info/application	[Sensor] Updated distance: 29.5203552749102 cm | Severity=75 | SourceName=Sensor2 | EventType=application
[2026-08-16 16:15:34.737 (UTC)] info/application	[Sensor] Updated distance: 28.8008880213838 cm | Severity=75 | SourceName=Sensor2 | EventType=application
[2026-08-16 16:15:35.738 (UTC)] info/application	[Sensor] Updated distance: 29.4387510046077 cm | Severity=75 | SourceName=Sensor2 | EventType=application
[2026-08-16 16:15:36.739 (UTC)] info/application	[Sensor] Updated distance: 29.059559261454 cm | Severity=75 | SourceName=Sensor2 | EventType=application
[2026-08-16 16:15:37.741 (UTC)] info/application	[Sensor] Updated distance: 29.796066414237 cm | Severity=75 | SourceName=Sensor2 | EventType=application
[2026-08-16 16:15:38.742 (UTC)] info/application	[Sensor] Updated distance: 29.3194184672643 cm | Severity=75 | SourceName=Sensor2 | EventType=application
[2026-08-16 16:15:39.743 (UTC)] info/application	[Sensor] Updated distance: 28.3702984870738 cm | Severity=75 | SourceName=Sensor2 | EventType=application
[2026-08-16 16:15:40.745 (UTC)] info/application	[Sensor] Updated distance: 27.8197577604184 cm | Severity=75 | SourceName=Sensor2 | EventType=application
[2026-08-16 16:15:41.736 (UTC)] info/application	[Sensor] Updated distance: 27.3924119346274 cm | Severity=75 | SourceName=Sensor2 | EventType=application
[2026-08-16 16:15:42.736 (UTC)] info/application	[Sensor] Updated distance: 28.5866030001019 cm | Severity=75 | SourceName=Sensor2 | EventType=application
[2026-08-16 16:15:43.736 (UTC)] info/application	[Sensor] Updated distance: 27.9603193367181 cm | Severity=75 | SourceName=Sensor2 | EventType=application
[2026-08-16 16:15:44.738 (UTC)] info/application	[Sensor] Updated distance: 29.3529931890559 cm | Severity=75 | SourceName=Sensor2 | EventType=application
[2026-08-16 16:15:45.739 (UTC)] info/application	[Sensor] Updated distance: 30.8082060694267 cm | Severity=75 | SourceName=Sensor2 | EventType=application
[2026-08-16 16:15:46.740 (UTC)] info/application	[Sensor] Updated distance: 31.9398272447007 cm | Severity=75 | SourceName=Sensor2 | EventType=application
[2026-08-16 16:15:47.741 (UTC)] info/application	[Sensor] Updated distance: 32.9372960847976 cm | Severity=75 | SourceName=Sensor2 | EventType=application
[2026-08-16 16:15:48.742 (UTC)] info/application	[Sensor] Updated distance: 34.3457105589777 cm | Severity=75 | SourceName=Sensor2 | EventType=application
[2026-08-16 16:15:49.744 (UTC)] info/application	[Sensor] Updated distance: 34.8011127339215 cm | Severity=75 | SourceName=Sensor2 | EventType=application
[2026-08-16 16:15:50.745 (UTC)] info/application	[Sensor] Updated distance: 33.8715955623759 cm | Severity=75 | SourceName=Sensor2 | EventType=application
[2026-08-16 16:15:51.735 (UTC)] info/application	[Sensor] Updated distance: 33.7791648256961 cm | Severity=75 | SourceName=Sensor2 | EventType=application
[2026-08-16 16:15:52.735 (UTC)] info/application	[Sensor] Updated distance: 34.6914123346523 cm | Severity=75 | SourceName=Sensor2 | EventType=application
[2026-08-16 16:15:53.737 (UTC)] info/application	[Sensor] Updated distance: 35.2624898514535 cm | Severity=75 | SourceName=Sensor2 | EventType=application
[2026-08-16 16:15:54.737 (UTC)] info/application	[Sensor] Updated distance: 35.4362778926437 cm | Severity=75 | SourceName=Sensor2 | EventType=application
[2026-08-16 16:15:55.738 (UTC)] info/application	[Sensor] Updated distance: 35.0016685219023 cm | Severity=75 | SourceName=Sensor2 | EventType=application
[2026-08-16 16:15:56.739 (UTC)] info/application	[Sensor] Updated distance: 33.9982390813521 cm | Severity=75 | SourceName=Sensor2 | EventType=application
[2026-08-16 16:15:57.741 (UTC)] info/application	[Sensor] Updated distance: 34.5857751355905 cm | Severity=75 | SourceName=Sensor2 | EventType=application
[2026-08-16 16:15:58.742 (UTC)] info/application	[Sensor] Updated distance: 34.6981694561886 cm | Severity=75 | SourceName=Sensor2 | EventType=application
[2026-08-16 16:15:59.743 (UTC)] info/application	[Sensor] Updated distance: 34.5126580046548 cm | Severity=75 | SourceName=Sensor2 | EventType=application
[2026-08-16 16:16:00.735 (UTC)] info/application	[Sensor] Updated distance: 35.5148864833241 cm | Severity=75 | SourceName=Sensor2 | EventType=application
[2026-08-16 16:16:01.737 (UTC)] info/application	[Sensor] Updated distance: 35.902870830336 cm | Severity=75 | SourceName=Sensor2 | EventType=application
[2026-08-16 16:16:02.738 (UTC)] info/application	[Sensor] Updated distance: 36.859901260985 cm | Severity=75 | SourceName=Sensor2 | EventType=application
[2026-08-16 16:16:03.739 (UTC)] info/application	[Sensor] Updated distance: 37.3407586653906 cm | Severity=75 | SourceName=Sensor2 | EventType=application
[2026-08-16 16:16:04.740 (UTC)] info/application	[Sensor] Updated distance: 36.4256071748331 cm | Severity=75 | SourceName=Sensor2 | EventType=application
[2026-08-16 16:16:05.742 (UTC)] info/application	[Sensor] Updated distance: 35.1631703519556 cm | Severity=75 | SourceName=Sensor2 | EventType=application
[2026-08-16 16:16:06.743 (UTC)] info/application	[Sensor] Updated distance: 34.7818907381882 cm | Severity=75 | SourceName=Sensor2 | EventType=application
[2026-08-16 16:16:07.744 (UTC)] info/application	[Sensor] Updated distance: 34.9875475044769 cm | Severity=75 | SourceName=Sensor2 | EventType=application
[2026-08-16 16:16:08.736 (UTC)] info/application	[Sensor] Updated distance: 35.9616178343825 cm | Severity=75 | SourceName=Sensor2 | EventType=application
[2026-08-16 16:16:09.737 (UTC)] info/application	[Sensor] Updated distance: 36.6036902736423 cm | Severity=75 | SourceName=Sensor2 | EventType=application
[2026-08-16 16:16:10.738 (UTC)] info/application	[Sensor] Updated distance: 37.3602270597406 cm | Severity=75 | SourceName=Sensor2 | EventType=application
[2026-08-16 16:16:11.739 (UTC)] info/application	[Sensor] Updated distance: 36.2837566615937 cm | Severity=75 | SourceName=Sensor2 | EventType=application
[2026-08-16 16:16:12.741 (UTC)] info/application	[Sensor] Updated distance: 34.9984832736656 cm | Severity=75 | SourceName=Sensor2 | EventType=application
[2026-08-16 16:16:13.742 (UTC)] info/application	[Sensor] Updated distance: 35.4492111238414 cm | Severity=75 | SourceName=Sensor2 | EventType=application
[2026-08-16 16:16:14.743 (UTC)] info/application	[Sensor] Updated distance: 35.2464570623107 cm | Severity=75 | SourceName=Sensor2 | EventType=application
[2026-08-16 16:16:15.743 (UTC)] info/application	[Sensor] Updated distance: 33.8538575253234 cm | Severity=75 | SourceName=Sensor2 | EventType=application
[2026-08-16 16:16:16.744 (UTC)] info/application	[Sensor] Updated distance: 34.25979825587 cm | Severity=75 | SourceName=Sensor2 | EventType=application
[2026-08-16 16:16:17.744 (UTC)] info/application	[Sensor] Updated distance: 33.6886653682164 cm | Severity=75 | SourceName=Sensor2 | EventType=application
[2026-08-16 16:16:18.735 (UTC)] info/application	[Sensor] Updated distance: 34.7935346713259 cm | Severity=75 | SourceName=Sensor2 | EventType=application
[2026-08-16 16:16:19.737 (UTC)] info/application	[Sensor] Updated distance: 35.1078898746556 cm | Severity=75 | SourceName=Sensor2 | EventType=application
[2026-08-16 16:16:20.738 (UTC)] info/application	[Sensor] Updated distance: 36.4921591619458 cm | Severity=75 | SourceName=Sensor2 | EventType=application
[2026-08-16 16:16:21.739 (UTC)] info/application	[Sensor] Updated distance: 35.1675112921127 cm | Severity=75 | SourceName=Sensor2 | EventType=application
[2026-08-16 16:16:22.740 (UTC)] info/application	[Sensor] Updated distance: 33.8894357573657 cm | Severity=75 | SourceName=Sensor2 | EventType=application
[2026-08-16 16:16:23.741 (UTC)] info/application	[Sensor] Updated distance: 34.6859525536121 cm | Severity=75 | SourceName=Sensor2 | EventType=application
[2026-08-16 16:16:24.742 (UTC)] info/application	[Sensor] Updated distance: 35.4323822005802 cm | Severity=75 | SourceName=Sensor2 | EventType=application
[2026-08-16 16:16:25.744 (UTC)] info/application	[Sensor] Updated distance: 35.8280947084203 cm | Severity=75 | SourceName=Sensor2 | EventType=application
[2026-08-16 16:16:26.736 (UTC)] info/application	[Sensor] Updated distance: 34.6900021325284 cm | Severity=75 | SourceName=Sensor2 | EventType=application
[2026-08-16 16:16:27.737 (UTC)] info/application	[Sensor] Updated distance: 35.9330023403433 cm | Severity=75 | SourceName=Sensor2 | EventType=application
[2026-08-16 16:16:28.739 (UTC)] info/application	[Sensor] Updated distance: 35.4162509010248 cm | Severity=75 | SourceName=Sensor2 | EventType=application
[2026-08-16 16:16:29.740 (UTC)] info/application	[Sensor] Updated distance: 35.890552647128 cm | Severity=75 | SourceName=Sensor2 | EventType=application
[2026-08-16 16:16:30.742 (UTC)] info/application	[Sensor] Updated distance: 35.4480414020121 cm | Severity=75 | SourceName=Sensor2 | EventType=application
[2026-08-16 16:16:31.743 (UTC)] info/application	[Sensor] Updated distance: 34.433518439966 cm | Severity=75 | SourceName=Sensor2 | EventType=application
[2026-08-16 16:16:32.743 (UTC)] info/application	[Sensor] Updated distance: 33.795804531684 cm | Severity=75 | SourceName=Sensor2 | EventType=application
[2026-08-16 16:16:33.735 (UTC)] info/application	[Sensor] Updated distance: 32.8103237172171 cm | Severity=75 | SourceName=Sensor2 | EventType=application
[2026-08-16 16:16:34.737 (UTC)] info/application	[Sensor] Updated distance: 33.7766581595766 cm | Severity=75 | SourceName=Sensor2 | EventType=application
[2026-08-16 16:16:35.738 (UTC)] info/application	[Sensor] Updated distance: 33.7237927607371 cm | Severity=75 | SourceName=Sensor2 | EventType=application
[2026-08-16 16:16:36.739 (UTC)] info/application	[Sensor] Updated distance: 32.9758751233927 cm | Severity=75 | SourceName=Sensor2 | EventType=application
[2026-08-16 16:16:37.740 (UTC)] info/application	[Sensor] Updated distance: 32.0609299505878 cm | Severity=75 | SourceName=Sensor2 | EventType=application
[2026-08-16 16:16:38.741 (UTC)] info/application	[Sensor] Updated distance: 30.7137213166401 cm | Severity=75 | SourceName=Sensor2 | EventType=application
[2026-08-16 16:16:39.742 (UTC)] info/application	[Sensor] Updated distance: 29.4398740078042 cm | Severity=75 | SourceName=Sensor2 | EventType=application
[2026-08-16 16:16:40.743 (UTC)] info/application	[Sensor] Updated distance: 30.6670012742592 cm | Severity=75 | SourceName=Sensor2 | EventType=application
[2026-08-16 16:16:41.745 (UTC)] info/application	[Sensor] Updated distance: 31.5763294264098 cm | Severity=75 | SourceName=Sensor2 | EventType=application
[2026-08-16 16:16:42.735 (UTC)] info/application	[Sensor] Updated distance: 30.726011719427 cm | Severity=75 | SourceName=Sensor2 | EventType=application
[2026-08-16 16:16:43.736 (UTC)] info/application	[Sensor] Updated distance: 32.1678655993509 cm | Severity=75 | SourceName=Sensor2 | EventType=application
[2026-08-16 16:16:44.737 (UTC)] info/application	[Sensor] Updated distance: 32.0279216016772 cm | Severity=75 | SourceName=Sensor2 | EventType=application
[2026-08-16 16:16:45.738 (UTC)] info/application	[Sensor] Updated distance: 32.4748498331638 cm | Severity=75 | SourceName=Sensor2 | EventType=application
[2026-08-16 16:16:46.739 (UTC)] info/application	[Sensor] Updated distance: 31.0241041747034 cm | Severity=75 | SourceName=Sensor2 | EventType=application
[2026-08-16 16:16:47.741 (UTC)] info/application	[Sensor] Updated distance: 29.7901009061793 cm | Severity=75 | SourceName=Sensor2 | EventType=application
[2026-08-16 16:16:48.742 (UTC)] info/application	[Sensor] Updated distance: 31.1658962500122 cm | Severity=75 | SourceName=Sensor2 | EventType=application
[2026-08-16 16:16:49.743 (UTC)] info/application	[Sensor] Updated distance: 32.3200198960583 cm | Severity=75 | SourceName=Sensor2 | EventType=application
[2026-08-16 16:16:50.744 (UTC)] info/application	[Sensor] Updated distance: 32.900371830864 cm | Severity=75 | SourceName=Sensor2 | EventType=application
[2026-08-16 16:16:51.735 (UTC)] info/application	[Sensor] Updated distance: 34.1604364605901 cm | Severity=75 | SourceName=Sensor2 | EventType=application
[2026-08-16 16:16:52.736 (UTC)] info/application	[Sensor] Updated distance: 35.4899122368031 cm | Severity=75 | SourceName=Sensor2 | EventType=application
[2026-08-16 16:16:53.738 (UTC)] info/application	[Sensor] Updated distance: 36.2921886382588 cm | Severity=75 | SourceName=Sensor2 | EventType=application
[2026-08-16 16:16:54.738 (UTC)] info/application	[Sensor] Updated distance: 36.8487700628343 cm | Severity=75 | SourceName=Sensor2 | EventType=application
[2026-08-16 16:16:55.739 (UTC)] info/application	[Sensor] Updated distance: 37.4246754860154 cm | Severity=75 | SourceName=Sensor2 | EventType=application
[2026-08-16 16:16:56.740 (UTC)] info/application	[Sensor] Updated distance: 37.1226643939142 cm | Severity=75 | SourceName=Sensor2 | EventType=application
[2026-08-16 16:16:57.742 (UTC)] info/application	[Sensor] Updated distance: 38.0411532439948 cm | Severity=75 | SourceName=Sensor2 | EventType=application
[2026-08-16 16:16:58.743 (UTC)] info/application	[Sensor] Updated distance: 38.3600588735938 cm | Severity=75 | SourceName=Sensor2 | EventType=application
[2026-08-16 16:16:59.744 (UTC)] info/application	[Sensor] Updated distance: 39.0412963421741 cm | Severity=75 | SourceName=Sensor2 | EventType=application
[2026-08-16 16:17:00.735 (UTC)] info/application	[Sensor] Updated distance: 38.9340869369609 cm | Severity=75 | SourceName=Sensor2 | EventType=application
[2026-08-16 16:17:01.737 (UTC)] info/application	[Sensor] Updated distance: 40.310481321444 cm | Severity=75 | SourceName=Sensor2 | EventType=application
[2026-08-16 16:17:02.738 (UTC)] info/application	[Sensor] Updated distance: 41.4771958279782 cm | Severity=75 | SourceName=Sensor2 | EventType=application
[2026-08-16 16:17:03.739 (UTC)] info/application	[Sensor] Updated distance: 42.232272514483 cm | Severity=75 | SourceName=Sensor2 | EventType=application
[2026-08-16 16:17:04.740 (UTC)] info/application	[Sensor] Updated distance: 41.1231860831022 cm | Severity=75 | SourceName=Sensor2 | EventType=application
[2026-08-16 16:17:05.741 (UTC)] info/application	[Sensor] Updated distance: 41.756235030599 cm | Severity=75 | SourceName=Sensor2 | EventType=application
[2026-08-16 16:17:06.742 (UTC)] info/application	[Sensor] Updated distance: 40.9584463182643 cm | Severity=75 | SourceName=Sensor2 | EventType=application
[2026-08-16 16:17:07.743 (UTC)] info/application	[Sensor] Updated distance: 40.601442249539 cm | Severity=75 | SourceName=Sensor2 | EventType=application
[2026-08-16 16:17:08.744 (UTC)] info/application	[Sensor] Updated distance: 41.819546024231 cm | Severity=75 | SourceName=Sensor2 | EventType=application
[2026-08-16 16:17:09.735 (UTC)] info/application	[Sensor] Updated distance: 41.1745486779485 cm | Severity=75 | SourceName=Sensor2 | EventType=application
[2026-08-16 16:17:10.737 (UTC)] info/application	[Sensor] Updated distance: 41.0436973003874 cm | Severity=75 | SourceName=Sensor2 | EventType=application
[2026-08-16 16:17:11.738 (UTC)] info/application	[Sensor] Updated distance: 41.9889283401374 cm | Severity=75 | SourceName=Sensor2 | EventType=application
[2026-08-16 16:17:12.740 (UTC)] info/application	[Sensor] Updated distance: 40.7532591460055 cm | Severity=75 | SourceName=Sensor2 | EventType=application
[2026-08-16 16:17:13.741 (UTC)] info/application	[Sensor] Updated distance: 41.2720900614616 cm | Severity=75 | SourceName=Sensor2 | EventType=application
[2026-08-16 16:17:14.743 (UTC)] info/application	[Sensor] Updated distance: 42.1591749797385 cm | Severity=75 | SourceName=Sensor2 | EventType=application
[2026-08-16 16:17:15.744 (UTC)] info/application	[Sensor] Updated distance: 42.2835617879329 cm | Severity=75 | SourceName=Sensor2 | EventType=application
[2026-08-16 16:17:16.735 (UTC)] info/application	[Sensor] Updated distance: 41.7493209334785 cm | Severity=75 | SourceName=Sensor2 | EventType=application
[2026-08-16 16:17:17.737 (UTC)] info/application	[Sensor] Updated distance: 42.685660194692 cm | Severity=75 | SourceName=Sensor2 | EventType=application
[2026-08-16 16:17:18.738 (UTC)] info/application	[Sensor] Updated distance: 43.0760437343623 cm | Severity=75 | SourceName=Sensor2 | EventType=application
[2026-08-16 16:17:19.739 (UTC)] info/application	[Sensor] Updated distance: 42.417598222344 cm | Severity=75 | SourceName=Sensor2 | EventType=application
[2026-08-16 16:17:20.740 (UTC)] info/application	[Sensor] Updated distance: 43.0080611282065 cm | Severity=75 | SourceName=Sensor2 | EventType=application
[2026-08-16 16:17:21.741 (UTC)] info/application	[Sensor] Updated distance: 42.4787966012856 cm | Severity=75 | SourceName=Sensor2 | EventType=application
[2026-08-16 16:17:22.741 (UTC)] info/application	[Sensor] Updated distance: 41.5804157189933 cm | Severity=75 | SourceName=Sensor2 | EventType=application
[2026-08-16 16:17:23.742 (UTC)] info/application	[Sensor] Updated distance: 42.0003543996719 cm | Severity=75 | SourceName=Sensor2 | EventType=application
[2026-08-16 16:17:24.745 (UTC)] info/application	[Sensor] Updated distance: 40.7733662728096 cm | Severity=75 | SourceName=Sensor2 | EventType=application
[2026-08-16 16:17:25.736 (UTC)] info/application	[Sensor] Updated distance: 41.9315668150929 cm | Severity=75 | SourceName=Sensor2 | EventType=application
[2026-08-16 16:17:26.737 (UTC)] info/application	[Sensor] Updated distance: 41.4274109175556 cm | Severity=75 | SourceName=Sensor2 | EventType=application
[2026-08-16 16:17:27.738 (UTC)] info/application	[Sensor] Updated distance: 41.3984116985921 cm | Severity=75 | SourceName=Sensor2 | EventType=application
[2026-08-16 16:17:28.741 (UTC)] info/application	[Sensor] Updated distance: 41.975101089559 cm | Severity=75 | SourceName=Sensor2 | EventType=application
[2026-08-16 16:17:29.673 (UTC)] info/channel	[System] TCP 15	| SC 2	| SecureChannel renewed with a revised lifetime of 600.0s | Severity=75 | SourceName=System | EventType=channel
[2026-08-16 16:17:29.744 (UTC)] info/application	[Sensor] Updated distance: 43.2898508216207 cm | Severity=75 | SourceName=Sensor2 | EventType=application
[2026-08-16 16:17:30.735 (UTC)] info/application	[Sensor] Updated distance: 42.4420890698405 cm | Severity=75 | SourceName=Sensor2 | EventType=application
[2026-08-16 16:17:31.736 (UTC)] info/application	[Sensor] Updated distance: 41.4115690541973 cm | Severity=75 | SourceName=Sensor2 | EventType=application
[2026-08-16 16:17:32.737 (UTC)] info/application	[Sensor] Updated distance: 42.602713170742 cm | Severity=75 | SourceName=Sensor2 | EventType=application
[2026-08-16 16:17:33.253 (UTC)] info/channel	[System] TCP 16	| SC 1	| OpenSecureChannel: Channel renewed with a revised lifetime of 600.0s | Severity=75 | SourceName=System | EventType=channel
[2026-08-16 16:17:33.738 (UTC)] info/application	[Sensor] Updated distance: 41.4216659240991 cm | Severity=75 | SourceName=Sensor2 | EventType=application
[2026-08-16 16:17:34.739 (UTC)] info/application	[Sensor] Updated distance: 42.6462225963577 cm | Severity=75 | SourceName=Sensor2 | EventType=application
[2026-08-16 16:17:35.741 (UTC)] info/application	[Sensor] Updated distance: 41.2282802801245 cm | Severity=75 | SourceName=Sensor2 | EventType=application
[2026-08-16 16:17:36.743 (UTC)] info/application	[Sensor] Updated distance: 42.1802819809784 cm | Severity=75 | SourceName=Sensor2 | EventType=application
[2026-08-16 16:17:37.744 (UTC)] info/application	[Sensor] Updated distance: 41.1070499395053 cm | Severity=75 | SourceName=Sensor2 | EventType=application
[2026-08-16 16:17:38.735 (UTC)] info/application	[Sensor] Updated distance: 40.8321035559438 cm | Severity=75 | SourceName=Sensor2 | EventType=application
[2026-08-16 16:17:39.737 (UTC)] info/application	[Sensor] Updated distance: 41.5022090300928 cm | Severity=75 | SourceName=Sensor2 | EventType=application
[2026-08-16 16:17:40.738 (UTC)] info/application	[Sensor] Updated distance: 41.2839796423372 cm | Severity=75 | SourceName=Sensor2 | EventType=application
[2026-08-16 16:17:41.739 (UTC)] info/application	[Sensor] Updated distance: 42.3781818812146 cm | Severity=75 | SourceName=Sensor2 | EventType=application
[2026-08-16 16:17:42.740 (UTC)] info/application	[Sensor] Updated distance: 42.4935183951135 cm | Severity=75 | SourceName=Sensor2 | EventType=application
[2026-08-16 16:17:43.742 (UTC)] info/application	[Sensor] Updated distance: 42.539619813226 cm | Severity=75 | SourceName=Sensor2 | EventType=application
[2026-08-16 16:17:44.744 (UTC)] info/application	[Sensor] Updated distance: 42.6526529675595 cm | Severity=75 | SourceName=Sensor2 | EventType=application
[2026-08-16 16:17:45.745 (UTC)] info/application	[Sensor] Updated distance: 42.1550743983383 cm | Severity=75 | SourceName=Sensor2 | EventType=application
[2026-08-16 16:17:46.736 (UTC)] info/application	[Sensor] Updated distance: 40.8255626232482 cm | Severity=75 | SourceName=Sensor2 | EventType=application
[2026-08-16 16:17:47.737 (UTC)] info/application	[Sensor] Updated distance: 41.9043549231274 cm | Severity=75 | SourceName=Sensor2 | EventType=application
[2026-08-16 16:17:48.738 (UTC)] info/application	[Sensor] Updated distance: 40.8431156137227 cm | Severity=75 | SourceName=Sensor2 | EventType=application
[2026-08-16 16:17:49.740 (UTC)] info/application	[Sensor] Updated distance: 41.4039873783029 cm | Severity=75 | SourceName=Sensor2 | EventType=application
[2026-08-16 16:17:50.741 (UTC)] info/application	[Sensor] Updated distance: 40.3243341661637 cm | Severity=75 | SourceName=Sensor2 | EventType=application
[2026-08-16 16:17:51.742 (UTC)] info/application	[Sensor] Updated distance: 41.3535577626217 cm | Severity=75 | SourceName=Sensor2 | EventType=application
[2026-08-16 16:17:52.743 (UTC)] info/application	[Sensor] Updated distance: 39.8851650002809 cm | Severity=75 | SourceName=Sensor2 | EventType=application
[2026-08-16 16:17:53.745 (UTC)] info/application	[Sensor] Updated distance: 39.4071309058494 cm | Severity=75 | SourceName=Sensor2 | EventType=application
[2026-08-16 16:17:54.736 (UTC)] info/application	[Sensor] Updated distance: 39.356293182986 cm | Severity=75 | SourceName=Sensor2 | EventType=application
[2026-08-16 16:17:55.737 (UTC)] info/application	[Sensor] Updated distance: 38.1609122937829 cm | Severity=75 | SourceName=Sensor2 | EventType=application
[2026-08-16 16:17:56.738 (UTC)] info/application	[Sensor] Updated distance: 37.3410787402378 cm | Severity=75 | SourceName=Sensor2 | EventType=application
[2026-08-16 16:17:57.740 (UTC)] info/application	[Sensor] Updated distance: 38.286085119837 cm | Severity=75 | SourceName=Sensor2 | EventType=application
[2026-08-16 16:17:58.741 (UTC)] info/application	[Sensor] Updated distance: 38.5617050130673 cm | Severity=75 | SourceName=Sensor2 | EventType=application
[2026-08-16 16:17:59.743 (UTC)] info/application	[Sensor] Updated distance: 39.8185608518862 cm | Severity=75 | SourceName=Sensor2 | EventType=application
[2026-08-16 16:18:00.744 (UTC)] info/application	[Sensor] Updated distance: 40.578316963547 cm | Severity=75 | SourceName=Sensor2 | EventType=application
[2026-08-16 16:18:01.735 (UTC)] info/application	[Sensor] Updated distance: 41.5061751049972 cm | Severity=75 | SourceName=Sensor2 | EventType=application
[2026-08-16 16:18:02.737 (UTC)] info/application	[Sensor] Updated distance: 40.2325109267758 cm | Severity=75 | SourceName=Sensor2 | EventType=application
[2026-08-16 16:18:03.738 (UTC)] info/application	[Sensor] Updated distance: 40.6834111535844 cm | Severity=75 | SourceName=Sensor2 | EventType=application
[2026-08-16 16:18:04.739 (UTC)] info/application	[Sensor] Updated distance: 41.9302220497886 cm | Severity=75 | SourceName=Sensor2 | EventType=application
[2026-08-16 16:18:05.740 (UTC)] info/application	[Sensor] Updated distance: 43.3811145438259 cm | Severity=75 | SourceName=Sensor2 | EventType=application
[2026-08-16 16:18:06.741 (UTC)] info/application	[Sensor] Updated distance: 43.9140724544013 cm | Severity=75 | SourceName=Sensor2 | EventType=application
[2026-08-16 16:18:07.742 (UTC)] info/application	[Sensor] Updated distance: 44.6128850500625 cm | Severity=75 | SourceName=Sensor2 | EventType=application
[2026-08-16 16:18:08.743 (UTC)] info/application	[Sensor] Updated distance: 43.4905455012296 cm | Severity=75 | SourceName=Sensor2 | EventType=application
[2026-08-16 16:18:09.745 (UTC)] info/application	[Sensor] Updated distance: 42.2485570268466 cm | Severity=75 | SourceName=Sensor2 | EventType=application
[2026-08-16 16:18:10.735 (UTC)] info/application	[Sensor] Updated distance: 42.1174750966567 cm | Severity=75 | SourceName=Sensor2 | EventType=application
[2026-08-16 16:18:11.736 (UTC)] info/application	[Sensor] Updated distance: 42.2769061614651 cm | Severity=75 | SourceName=Sensor2 | EventType=application
[2026-08-16 16:18:12.737 (UTC)] info/application	[Sensor] Updated distance: 43.6291199273565 cm | Severity=75 | SourceName=Sensor2 | EventType=application
[2026-08-16 16:18:13.739 (UTC)] info/application	[Sensor] Updated distance: 45.1133745110656 cm | Severity=75 | SourceName=Sensor2 | EventType=application
[2026-08-16 16:18:14.739 (UTC)] info/application	[Sensor] Updated distance: 43.8189069925895 cm | Severity=75 | SourceName=Sensor2 | EventType=application
[2026-08-16 16:18:15.739 (UTC)] info/application	[Sensor] Updated distance: 43.7841539114174 cm | Severity=75 | SourceName=Sensor2 | EventType=application
[2026-08-16 16:18:16.740 (UTC)] info/application	[Sensor] Updated distance: 43.2708299245083 cm | Severity=75 | SourceName=Sensor2 | EventType=application
[2026-08-16 16:18:17.741 (UTC)] info/application	[Sensor] Updated distance: 42.1468506323391 cm | Severity=75 | SourceName=Sensor2 | EventType=application
[2026-08-16 16:18:18.742 (UTC)] info/application	[Sensor] Updated distance: 41.6908898496492 cm | Severity=75 | SourceName=Sensor2 | EventType=application
[2026-08-16 16:18:19.743 (UTC)] info/application	[Sensor] Updated distance: 41.6163265547325 cm | Severity=75 | SourceName=Sensor2 | EventType=application
[2026-08-16 16:18:20.744 (UTC)] info/application	[Sensor] Updated distance: 42.5532190271435 cm | Severity=75 | SourceName=Sensor2 | EventType=application
[2026-08-16 16:18:21.745 (UTC)] info/application	[Sensor] Updated distance: 42.5176050323143 cm | Severity=75 | SourceName=Sensor2 | EventType=application
[2026-08-16 16:18:22.736 (UTC)] info/application	[Sensor] Updated distance: 41.9722653324586 cm | Severity=75 | SourceName=Sensor2 | EventType=application
[2026-08-16 16:18:23.737 (UTC)] info/application	[Sensor] Updated distance: 42.9407650425288 cm | Severity=75 | SourceName=Sensor2 | EventType=application
[2026-08-16 16:18:24.738 (UTC)] info/application	[Sensor] Updated distance: 43.9271169532682 cm | Severity=75 | SourceName=Sensor2 | EventType=application
[2026-08-16 16:18:25.740 (UTC)] info/application	[Sensor] Updated distance: 44.830939530549 cm | Severity=75 | SourceName=Sensor2 | EventType=application
[2026-08-16 16:18:26.741 (UTC)] info/application	[Sensor] Updated distance: 46.1040583528131 cm | Severity=75 | SourceName=Sensor2 | EventType=application
[2026-08-16 16:18:27.742 (UTC)] info/application	[Sensor] Updated distance: 44.7705767100074 cm | Severity=75 | SourceName=Sensor2 | EventType=application
[2026-08-16 16:18:28.743 (UTC)] info/application	[Sensor] Updated distance: 45.1194056668875 cm | Severity=75 | SourceName=Sensor2 | EventType=application
[2026-08-16 16:18:29.744 (UTC)] info/application	[Sensor] Updated distance: 45.1681443809849 cm | Severity=75 | SourceName=Sensor2 | EventType=application
[2026-08-16 16:18:30.745 (UTC)] info/application	[Sensor] Updated distance: 46.591518576998 cm | Severity=75 | SourceName=Sensor2 | EventType=application
[2026-08-16 16:18:31.735 (UTC)] info/application	[Sensor] Updated distance: 46.2001036441419 cm | Severity=75 | SourceName=Sensor2 | EventType=application
[2026-08-16 16:18:32.736 (UTC)] info/application	[Sensor] Updated distance: 45.6767004982925 cm | Severity=75 | SourceName=Sensor2 | EventType=application
[2026-08-16 16:18:33.738 (UTC)] info/application	[Sensor] Updated distance: 44.3264105146873 cm | Severity=75 | SourceName=Sensor2 | EventType=application
[2026-08-16 16:18:34.739 (UTC)] info/application	[Sensor] Updated distance: 42.8858958072429 cm | Severity=75 | SourceName=Sensor2 | EventType=application
[2026-08-16 16:18:35.739 (UTC)] info/application	[Sensor] Updated distance: 42.1093035562007 cm | Severity=75 | SourceName=Sensor2 | EventType=application
[2026-08-16 16:18:36.741 (UTC)] info/application	[Sensor] Updated distance: 40.7099060666327 cm | Severity=75 | SourceName=Sensor2 | EventType=application
[2026-08-16 16:18:37.742 (UTC)] info/application	[Sensor] Updated distance: 41.3023492697637 cm | Severity=75 | SourceName=Sensor2 | EventType=application
[2026-08-16 16:18:38.743 (UTC)] info/application	[Sensor] Updated distance: 42.7245696157797 cm | Severity=75 | SourceName=Sensor2 | EventType=application
[2026-08-16 16:18:39.744 (UTC)] info/application	[Sensor] Updated distance: 41.7028325773788 cm | Severity=75 | SourceName=Sensor2 | EventType=application
[2026-08-16 16:18:40.735 (UTC)] info/application	[Sensor] Updated distance: 42.5532873075237 cm | Severity=75 | SourceName=Sensor2 | EventType=application
[2026-08-16 16:18:41.736 (UTC)] info/application	[Sensor] Updated distance: 42.3444257219528 cm | Severity=75 | SourceName=Sensor2 | EventType=application
[2026-08-16 16:18:42.737 (UTC)] info/application	[Sensor] Updated distance: 42.9821197483605 cm | Severity=75 | SourceName=Sensor2 | EventType=application
[2026-08-16 16:18:43.738 (UTC)] info/application	[Sensor] Updated distance: 43.6847882429998 cm | Severity=75 | SourceName=Sensor2 | EventType=application
[2026-08-16 16:18:44.740 (UTC)] info/application	[Sensor] Updated distance: 43.460181239741 cm | Severity=75 | SourceName=Sensor2 | EventType=application
[2026-08-16 16:18:45.742 (UTC)] info/application	[Sensor] Updated distance: 44.3034077490695 cm | Severity=75 | SourceName=Sensor2 | EventType=application
[2026-08-16 16:18:46.743 (UTC)] info/application	[Sensor] Updated distance: 43.4713231611397 cm | Severity=75 | SourceName=Sensor2 | EventType=application
[2026-08-16 16:18:47.735 (UTC)] info/application	[Sensor] Updated distance: 44.2333921709719 cm | Severity=75 | SourceName=Sensor2 | EventType=application
[2026-08-16 16:18:48.736 (UTC)] info/application	[Sensor] Updated distance: 45.4526393881312 cm | Severity=75 | SourceName=Sensor2 | EventType=application
[2026-08-16 16:18:49.738 (UTC)] info/application	[Sensor] Updated distance: 45.6645940175115 cm | Severity=75 | SourceName=Sensor2 | EventType=application
[2026-08-16 16:18:50.740 (UTC)] info/application	[Sensor] Updated distance: 44.8520997310299 cm | Severity=75 | SourceName=Sensor2 | EventType=application
[2026-08-16 16:18:51.741 (UTC)] info/application	[Sensor] Updated distance: 45.5082394192033 cm | Severity=75 | SourceName=Sensor2 | EventType=application
[2026-08-16 16:18:52.742 (UTC)] info/application	[Sensor] Updated distance: 44.1845800537544 cm | Severity=75 | SourceName=Sensor2 | EventType=application
[2026-08-16 16:18:53.745 (UTC)] info/application	[Sensor] Updated distance: 44.3267460688141 cm | Severity=75 | SourceName=Sensor2 | EventType=application
[2026-08-16 16:18:54.735 (UTC)] info/application	[Sensor] Updated distance: 44.4513854670577 cm | Severity=75 | SourceName=Sensor2 | EventType=application
[2026-08-16 16:18:55.737 (UTC)] info/application	[Sensor] Updated distance: 45.6140780123481 cm | Severity=75 | SourceName=Sensor2 | EventType=application
[2026-08-16 16:18:56.738 (UTC)] info/application	[Sensor] Updated distance: 45.1600666032918 cm | Severity=75 | SourceName=Sensor2 | EventType=application
[2026-08-16 16:18:57.740 (UTC)] info/application	[Sensor] Updated distance: 45.0578248224024 cm | Severity=75 | SourceName=Sensor2 | EventType=application
[2026-08-16 16:18:58.741 (UTC)] info/application	[Sensor] Updated distance: 46.3870357248871 cm | Severity=75 | SourceName=Sensor2 | EventType=application
[2026-08-16 16:18:59.743 (UTC)] info/application	[Sensor] Updated distance: 47.7818532727108 cm | Severity=75 | SourceName=Sensor2 | EventType=application
[2026-08-16 16:19:00.744 (UTC)] info/application	[Sensor] Updated distance: 49.2283502059189 cm | Severity=75 | SourceName=Sensor2 | EventType=application
[2026-08-16 16:19:01.735 (UTC)] info/application	[Sensor] Updated distance: 49.5190646969803 cm | Severity=75 | SourceName=Sensor2 | EventType=application
[2026-08-16 16:19:02.737 (UTC)] info/application	[Sensor] Updated distance: 49.0224673105509 cm | Severity=75 | SourceName=Sensor2 | EventType=application
[2026-08-16 16:19:03.739 (UTC)] info/application	[Sensor] Updated distance: 48.4455610965126 cm | Severity=75 | SourceName=Sensor2 | EventType=application
[2026-08-16 16:19:04.741 (UTC)] info/application	[Sensor] Updated distance: 49.8478562114052 cm | Severity=75 | SourceName=Sensor2 | EventType=application
[2026-08-16 16:19:05.744 (UTC)] info/application	[Sensor] Updated distance: 49.4107441175314 cm | Severity=75 | SourceName=Sensor2 | EventType=application
[2026-08-16 16:19:06.736 (UTC)] info/application	[Sensor] Updated distance: 49.5572456538479 cm | Severity=75 | SourceName=Sensor2 | EventType=application
[2026-08-16 16:19:07.736 (UTC)] info/application	[Sensor] Updated distance: 48.0601432777756 cm | Severity=75 | SourceName=Sensor2 | EventType=application
[2026-08-16 16:19:08.739 (UTC)] info/application	[Sensor] Updated distance: 46.7154743870327 cm | Severity=75 | SourceName=Sensor2 | EventType=application
[2026-08-16 16:19:09.741 (UTC)] info/application	[Sensor] Updated distance: 46.7841962679682 cm | Severity=75 | SourceName=Sensor2 | EventType=application
[2026-08-16 16:19:10.743 (UTC)] info/application	[Sensor] Updated distance: 45.7653568534951 cm | Severity=75 | SourceName=Sensor2 | EventType=application
[2026-08-16 16:19:11.736 (UTC)] info/application	[Sensor] Updated distance: 46.7711426928971 cm | Severity=75 | SourceName=Sensor2 | EventType=application
[2026-08-16 16:19:12.737 (UTC)] info/application	[Sensor] Updated distance: 48.1310029882617 cm | Severity=75 | SourceName=Sensor2 | EventType=application
[2026-08-16 16:19:13.739 (UTC)] info/application	[Sensor] Updated distance: 49.2498576015932 cm | Severity=75 | SourceName=Sensor2 | EventType=application
[2026-08-16 16:19:14.741 (UTC)] info/application	[Sensor] Updated distance: 49.4583119342376 cm | Severity=75 | SourceName=Sensor2 | EventType=application
[2026-08-16 16:19:15.743 (UTC)] info/application	[Sensor] Updated distance: 49.0935652249463 cm | Severity=75 | SourceName=Sensor2 | EventType=application
[2026-08-16 16:19:16.735 (UTC)] info/application	[Sensor] Updated distance: 49.5556463462094 cm | Severity=75 | SourceName=Sensor2 | EventType=application
[2026-08-16 16:19:17.736 (UTC)] info/application	[Sensor] Updated distance: 49.567983909076 cm | Severity=75 | SourceName=Sensor2 | EventType=application
[2026-08-16 16:19:18.738 (UTC)] info/application	[Sensor] Updated distance: 48.4653062082199 cm | Severity=75 | SourceName=Sensor2 | EventType=application
[2026-08-16 16:19:19.739 (UTC)] info/application	[Sensor] Updated distance: 48.6466345452455 cm | Severity=75 | SourceName=Sensor2 | EventType=application
[2026-08-16 16:19:20.739 (UTC)] info/application	[Sensor] Updated distance: 48.2349589179432 cm | Severity=75 | SourceName=Sensor2 | EventType=application
[2026-08-16 16:19:21.741 (UTC)] info/application	[Sensor] Updated distance: 47.8197869320026 cm | Severity=75 | SourceName=Sensor2 | EventType=application
[2026-08-16 16:19:22.742 (UTC)] info/application	[Sensor] Updated distance: 47.1572549558045 cm | Severity=75 | SourceName=Sensor2 | EventType=application
[2026-08-16 16:19:23.743 (UTC)] info/application	[Sensor] Updated distance: 46.9219199630533 cm | Severity=75 | SourceName=Sensor2 | EventType=application
[2026-08-16 16:19:24.744 (UTC)] info/application	[Sensor] Updated distance: 48.1489139921725 cm | Severity=75 | SourceName=Sensor2 | EventType=application
[2026-08-16 16:19:25.735 (UTC)] info/application	[Sensor] Updated distance: 49.111021414218 cm | Severity=75 | SourceName=Sensor2 | EventType=application
[2026-08-16 16:19:26.736 (UTC)] info/application	[Sensor] Updated distance: 48.5383789667572 cm | Severity=75 | SourceName=Sensor2 | EventType=application
[2026-08-16 16:19:27.737 (UTC)] info/application	[Sensor] Updated distance: 47.811361585423 cm | Severity=75 | SourceName=Sensor2 | EventType=application
[2026-08-16 16:19:28.738 (UTC)] info/application	[Sensor] Updated distance: 47.1712272251822 cm | Severity=75 | SourceName=Sensor2 | EventType=application
[2026-08-16 16:19:29.739 (UTC)] info/application	[Sensor] Updated distance: 46.4277956788091 cm | Severity=75 | SourceName=Sensor2 | EventType=application
[2026-08-16 16:19:30.741 (UTC)] info/application	[Sensor] Updated distance: 45.5955958452986 cm | Severity=75 | SourceName=Sensor2 | EventType=application
[2026-08-16 16:19:31.742 (UTC)] info/application	[Sensor] Updated distance: 44.9019584168689 cm | Severity=75 | SourceName=Sensor2 | EventType=application
[2026-08-16 16:19:32.744 (UTC)] info/application	[Sensor] Updated distance: 43.9111119675967 cm | Severity=75 | SourceName=Sensor2 | EventType=application
[2026-08-16 16:19:33.745 (UTC)] info/application	[Sensor] Updated distance: 44.0823147476568 cm | Severity=75 | SourceName=Sensor2 | EventType=application
[2026-08-16 16:19:34.736 (UTC)] info/application	[Sensor] Updated distance: 44.3117711065857 cm | Severity=75 | SourceName=Sensor2 | EventType=application
[2026-08-16 16:19:35.737 (UTC)] info/application	[Sensor] Updated distance: 43.2232197708092 cm | Severity=75 | SourceName=Sensor2 | EventType=application
[2026-08-16 16:19:36.738 (UTC)] info/application	[Sensor] Updated distance: 44.4573104583925 cm | Severity=75 | SourceName=Sensor2 | EventType=application
[2026-08-16 16:19:37.739 (UTC)] info/application	[Sensor] Updated distance: 43.3332683522409 cm | Severity=75 | SourceName=Sensor2 | EventType=application
[2026-08-16 16:19:38.740 (UTC)] info/application	[Sensor] Updated distance: 42.2476146403921 cm | Severity=75 | SourceName=Sensor2 | EventType=application
[2026-08-16 16:19:39.741 (UTC)] info/application	[Sensor] Updated distance: 43.6370364372325 cm | Severity=75 | SourceName=Sensor2 | EventType=application
[2026-08-16 16:19:40.742 (UTC)] info/application	[Sensor] Updated distance: 44.0817162120164 cm | Severity=75 | SourceName=Sensor2 | EventType=application
[2026-08-16 16:19:41.743 (UTC)] info/application	[Sensor] Updated distance: 43.4772230856945 cm | Severity=75 | SourceName=Sensor2 | EventType=application
[2026-08-16 16:19:42.743 (UTC)] info/application	[Sensor] Updated distance: 44.3724307205399 cm | Severity=75 | SourceName=Sensor2 | EventType=application
[2026-08-16 16:19:43.735 (UTC)] info/application	[Sensor] Updated distance: 44.6769707892914 cm | Severity=75 | SourceName=Sensor2 | EventType=application
[2026-08-16 16:19:44.736 (UTC)] info/application	[Sensor] Updated distance: 43.6913322749041 cm | Severity=75 | SourceName=Sensor2 | EventType=application
[2026-08-16 16:19:45.737 (UTC)] info/application	[Sensor] Updated distance: 43.2949942409968 cm | Severity=75 | SourceName=Sensor2 | EventType=application
[2026-08-16 16:19:46.738 (UTC)] info/application	[Sensor] Updated distance: 44.7347876004571 cm | Severity=75 | SourceName=Sensor2 | EventType=application
[2026-08-16 16:19:47.740 (UTC)] info/application	[Sensor] Updated distance: 45.7112302073329 cm | Severity=75 | SourceName=Sensor2 | EventType=application
[202