[2026-08-15 23:32:19.127 (UTC+0800)] [33mwarn/server[0m	AccessControl: Unconfigured AccessControl. Users have all permissions.
[2026-08-15 23:32:19.127 (UTC+0800)] [32minfo/server[0m	AccessControl: Anonymous login is enabled
[2026-08-15 23:32:19.127 (UTC+0800)] [33mwarn/server[0m	x509 Certificate Authentication configured, but no encrypting SecurityPolicy. This can leak credentials on the network.
[2026-08-15 23:32:19.165 (UTC+0800)] [33mwarn/application[0m	ServerUrls already set. Overriding.
[2026-08-15 23:32:19.165 (UTC+0800)] [33mwarn/server[0m	AccessControl: Unconfigured AccessControl. Users have all permissions.
[2026-08-15 23:32:19.165 (UTC+0800)] [32minfo/server[0m	AccessControl: Anonymous login is enabled
[2026-08-15 23:32:19.165 (UTC+0800)] [33mwarn/server[0m	x509 Certificate Authentication configured, but no encrypting SecurityPolicy. This can leak credentials on the network.
[2026-08-15 23:32:19.165 (UTC+0800)] [33mwarn/server[0m	x509 Certificate Authentication configured, but no encrypting SecurityPolicy. This can leak credentials on the network.
[2026-08-15 15:32:19.165 (UTC)] info/application	Sensor Server online (Client/Server mode, id=3 port=4844) | Severity=75 | SourceName=Sensor3 | EventType=application
Entering background polling mode: attempting to connect to Aggregation Server...
Connected successfully. Log forwarding started.
[2026-08-15 15:32:20.171 (UTC)] info/application	[Sensor] Updated distance: 40.67580181671111 cm | Severity=75 | SourceName=Sensor3 | EventType=application
[2026-08-15 15:32:21.133 (UTC)] info/network	[System] TCP 16	| Connection opened from "127.0.0.1" via the server socket 8 | Severity=75 | SourceName=System | EventType=network
[2026-08-15 15:32:21.133 (UTC)] info/channel	[System] TCP 16	| SC 1	| SecureChannel created | Severity=75 | SourceName=System | EventType=channel
[2026-08-15 15:32:21.165 (UTC)] info/channel	[System] TCP 16	| SC 1	| OpenSecureChannel: Channel opened with SecurityMode None for SecurityPolicy http://opcfoundation.org/UA/SecurityPolicy#None and a revised lifetime of 600.0s | Severity=75 | SourceName=System | EventType=channel
[2026-08-15 15:32:21.175 (UTC)] info/application	[Sensor] Updated distance: 42.33112574756663 cm | Severity=75 | SourceName=Sensor3 | EventType=application
[2026-08-15 15:32:21.185 (UTC)] warn/client	[System] Removing a UserTokenPolicy that would allow the password to be transmitted without encryption (Can be enabled via config->allowNonePolicyPassword) | Severity=175 | SourceName=System | EventType=client
[2026-08-15 15:32:21.185 (UTC)] warn/client	[System] Removing a UserTokenPolicy that would allow the password to be transmitted without encryption (Can be enabled via config->allowNonePolicyPassword) | Severity=175 | SourceName=System | EventType=client
[2026-08-15 15:32:21.196 (UTC)] warn/client	[System] Removing a UserTokenPolicy that would allow the password to be transmitted without encryption (Can be enabled via config->allowNonePolicyPassword) | Severity=175 | SourceName=System | EventType=client
[2026-08-15 15:32:21.196 (UTC)] warn/client	[System] Removing a UserTokenPolicy that would allow the password to be transmitted without encryption (Can be enabled via config->allowNonePolicyPassword) | Severity=175 | SourceName=System | EventType=client
[2026-08-15 15:32:21.196 (UTC)] info/session	[System] TCP 16	| SC 1	| Session "ns=1;g=3be15e62-10b2-544b-5a85-f8efefde8df8"	| Session created | Severity=75 | SourceName=System | EventType=session
[2026-08-15 15:32:21.206 (UTC)] info/session	[System] TCP 16	| SC 1	| Session "ns=1;g=3be15e62-10b2-544b-5a85-f8efefde8df8"	| ActivateSession: Session activated with ClientUserId "" | Severity=75 | SourceName=System | EventType=session
[2026-08-15 15:32:21.591 (UTC)] info/session	[System] TCP 16	| SC 1	| Session "ns=1;g=3be15e62-10b2-544b-5a85-f8efefde8df8"	| Subscription 1 | Subscription created (Publishing interval 500.0ms, max 1000 notifications per publish) | Severity=75 | SourceName=System | EventType=session
[2026-08-15 15:32:21.612 (UTC)] info/session	[System] TCP 16	| SC 1	| Session "ns=1;g=3be15e62-10b2-544b-5a85-f8efefde8df8"	| Subscription 1 | MonitoredItem 1 | Created the MonitoredItem (Sampling Interval: 250.0ms, Queue Size: 1) | Severity=75 | SourceName=System | EventType=session
[2026-08-15 15:32:22.168 (UTC)] info/application	[Sensor] Updated distance: 20.866112412356824 cm | Severity=75 | SourceName=Sensor3 | EventType=application
[2026-08-15 15:32:23.170 (UTC)] info/application	[Sensor] Updated distance: 17.23591866308633 cm | Severity=75 | SourceName=Sensor3 | EventType=application
[2026-08-15 15:32:24.221 (UTC)] info/application	[Sensor] Updated distance: 27.153606441409142 cm | Severity=75 | SourceName=Sensor3 | EventType=application
[2026-08-15 15:32:25.172 (UTC)] info/application	[Sensor] Updated distance: 12.312291843030737 cm | Severity=75 | SourceName=Sensor3 | EventType=application
[2026-08-15 15:32:26.174 (UTC)] info/application	[Sensor] Updated distance: 39.01710156584954 cm | Severity=75 | SourceName=Sensor3 | EventType=application
[2026-08-15 15:32:27.165 (UTC)] info/application	[Sensor] Updated distance: 49.6839905826766 cm | Severity=75 | SourceName=Sensor3 | EventType=application
[2026-08-15 15:32:28.167 (UTC)] info/application	[Sensor] Updated distance: 41.128100152652756 cm | Severity=75 | SourceName=Sensor3 | EventType=application
[2026-08-15 15:32:29.169 (UTC)] info/application	[Sensor] Updated distance: 39.84401341799833 cm | Severity=75 | SourceName=Sensor3 | EventType=application
[2026-08-15 15:32:30.171 (UTC)] info/application	[Sensor] Updated distance: 15.897384940598805 cm | Severity=75 | SourceName=Sensor3 | EventType=application
[2026-08-15 15:32:31.173 (UTC)] info/application	[Sensor] Updated distance: 41.60798129793628 cm | Severity=75 | SourceName=Sensor3 | EventType=application
[2026-08-15 15:32:32.165 (UTC)] info/application	[Sensor] Updated distance: 48.33219543766798 cm | Severity=75 | SourceName=Sensor3 | EventType=application
[2026-08-15 15:32:33.169 (UTC)] info/application	[Sensor] Updated distance: 38.910214620134894 cm | Severity=75 | SourceName=Sensor3 | EventType=application
[2026-08-15 15:32:34.170 (UTC)] info/application	[Sensor] Updated distance: 31.670155337858084 cm | Severity=75 | SourceName=Sensor3 | EventType=application
[2026-08-15 15:32:35.171 (UTC)] info/application	[Sensor] Updated distance: 10.711586471978382 cm | Severity=75 | SourceName=Sensor3 | EventType=application
[2026-08-15 15:32:36.174 (UTC)] info/application	[Sensor] Updated distance: 32.63566240604764 cm | Severity=75 | SourceName=Sensor3 | EventType=application
[2026-08-15 15:32:37.175 (UTC)] info/application	[Sensor] Updated distance: 16.493903844847296 cm | Severity=75 | SourceName=Sensor3 | EventType=application
[2026-08-15 15:32:38.166 (UTC)] info/application	[Sensor] Updated distance: 28.39901679493441 cm | Severity=75 | SourceName=Sensor3 | EventType=application
[2026-08-15 15:32:39.168 (UTC)] info/application	[Sensor] Updated distance: 31.16017605232083 cm | Severity=75 | SourceName=Sensor3 | EventType=application
[2026-08-15 15:32:40.170 (UTC)] info/application	[Sensor] Updated distance: 7.5006953056439265 cm | Severity=75 | SourceName=Sensor3 | EventType=application
[2026-08-15 15:32:41.172 (UTC)] info/application	[Sensor] Updated distance: 47.38242082175911 cm | Severity=75 | SourceName=Sensor3 | EventType=application
[2026-08-15 15:32:42.174 (UTC)] info/application	[Sensor] Updated distance: 47.88213323703135 cm | Severity=75 | SourceName=Sensor3 | EventType=application
[2026-08-15 15:32:43.167 (UTC)] info/application	[Sensor] Updated distance: 27.988415432157186 cm | Severity=75 | SourceName=Sensor3 | EventType=application
[2026-08-15 15:32:44.168 (UTC)] info/application	[Sensor] Updated distance: 36.337142207816775 cm | Severity=75 | SourceName=Sensor3 | EventType=application
[2026-08-15 15:32:45.170 (UTC)] info/application	[Sensor] Updated distance: 27.620446641752704 cm | Severity=75 | SourceName=Sensor3 | EventType=application
[2026-08-15 15:32:46.172 (UTC)] info/application	[Sensor] Updated distance: 47.95486766004696 cm | Severity=75 | SourceName=Sensor3 | EventType=application
[2026-08-15 15:32:47.174 (UTC)] info/application	[Sensor] Updated distance: 24.648033405955896 cm | Severity=75 | SourceName=Sensor3 | EventType=application
[2026-08-15 15:32:48.166 (UTC)] info/application	[Sensor] Updated distance: 5.837077425716947 cm | Severity=75 | SourceName=Sensor3 | EventType=application
[2026-08-15 15:32:49.169 (UTC)] info/application	[Sensor] Updated distance: 33.73467354464097 cm | Severity=75 | SourceName=Sensor3 | EventType=application
[2026-08-15 15:32:50.171 (UTC)] info/application	[Sensor] Updated distance: 19.57172679974312 cm | Severity=75 | SourceName=Sensor3 | EventType=application
[2026-08-15 15:32:51.173 (UTC)] info/application	[Sensor] Updated distance: 44.512879242428056 cm | Severity=75 | SourceName=Sensor3 | EventType=application
[2026-08-15 15:32:52.165 (UTC)] info/application	[Sensor] Updated distance: 26.0657992922076 cm | Severity=75 | SourceName=Sensor3 | EventType=application
[2026-08-15 15:32:53.168 (UTC)] info/application	[Sensor] Updated distance: 38.43783923445169 cm | Severity=75 | SourceName=Sensor3 | EventType=application
[2026-08-15 15:32:54.170 (UTC)] info/application	[Sensor] Updated distance: 11.748797883162647 cm | Severity=75 | SourceName=Sensor3 | EventType=application
[2026-08-15 15:32:55.173 (UTC)] info/application	[Sensor] Updated distance: 3.2194057112650043 cm | Severity=75 | SourceName=Sensor3 | EventType=application
[2026-08-15 15:32:56.175 (UTC)] info/application	[Sensor] Updated distance: 48.75013107748242 cm | Severity=75 | SourceName=Sensor3 | EventType=application
[2026-08-15 15:32:57.167 (UTC)] info/application	[Sensor] Updated distance: 48.76589947136394 cm | Severity=75 | SourceName=Sensor3 | EventType=application
[2026-08-15 15:32:58.169 (UTC)] info/application	[Sensor] Updated distance: 2.9033962715898625 cm | Severity=75 | SourceName=Sensor3 | EventType=application
[2026-08-15 15:32:59.171 (UTC)] info/application	[Sensor] Updated distance: 39.878231207783436 cm | Severity=75 | SourceName=Sensor3 | EventType=application
[2026-08-15 15:33:00.174 (UTC)] info/application	[Sensor] Updated distance: 38.60991286701053 cm | Severity=75 | SourceName=Sensor3 | EventType=application
[2026-08-15 15:33:01.166 (UTC)] info/application	[Sensor] Updated distance: 16.80078123454041 cm | Severity=75 | SourceName=Sensor3 | EventType=application
[2026-08-15 15:33:02.168 (UTC)] info/application	[Sensor] Updated distance: 31.48621250571972 cm | Severity=75 | SourceName=Sensor3 | EventType=application
[2026-08-15 15:33:03.170 (UTC)] info/application	[Sensor] Updated distance: 36.94210828232677 cm | Severity=75 | SourceName=Sensor3 | EventType=application
[2026-08-15 15:33:04.172 (UTC)] info/application	[Sensor] Updated distance: 5.71099583232356 cm | Severity=75 | SourceName=Sensor3 | EventType=application
[2026-08-15 15:33:05.175 (UTC)] info/application	[Sensor] Updated distance: 13.156367821226068 cm | Severity=75 | SourceName=Sensor3 | EventType=application
[2026-08-15 15:33:06.166 (UTC)] info/application	[Sensor] Updated distance: 45.65369477665689 cm | Severity=75 | SourceName=Sensor3 | EventType=application
[2026-08-15 15:33:07.168 (UTC)] info/application	[Sensor] Updated distance: 36.346658238371205 cm | Severity=75 | SourceName=Sensor3 | EventType=application
[2026-08-15 15:33:08.170 (UTC)] info/application	[Sensor] Updated distance: 27.650271666073365 cm | Severity=75 | SourceName=Sensor3 | EventType=application
[2026-08-15 15:33:09.172 (UTC)] info/application	[Sensor] Updated distance: 24.052711549239564 cm | Severity=75 | SourceName=Sensor3 | EventType=application
[2026-08-15 15:33:10.175 (UTC)] info/application	[Sensor] Updated distance: 17.5068342683403 cm | Severity=75 | SourceName=Sensor3 | EventType=application
[2026-08-15 15:33:11.167 (UTC)] info/application	[Sensor] Updated distance: 33.15096699406904 cm | Severity=75 | SourceName=Sensor3 | EventType=application
[2026-08-15 15:33:12.170 (UTC)] info/application	[Sensor] Updated distance: 21.435132348646935 cm | Severity=75 | SourceName=Sensor3 | EventType=application
[2026-08-15 15:33:13.172 (UTC)] info/application	[Sensor] Updated distance: 15.388967505371648 cm | Severity=75 | SourceName=Sensor3 | EventType=application
[2026-08-15 15:33:14.174 (UTC)] info/application	[Sensor] Updated distance: 11.139382403874482 cm | Severity=75 | SourceName=Sensor3 | EventType=application
[2026-08-15 15:33:15.166 (UTC)] info/application	[Sensor] Updated distance: 7.77227453411197 cm | Severity=75 | SourceName=Sensor3 | EventType=application
[2026-08-15 15:33:16.168 (UTC)] info/application	[Sensor] Updated distance: 41.00941414712435 cm | Severity=75 | SourceName=Sensor3 | EventType=application
[2026-08-15 15:33:17.171 (UTC)] info/application	[Sensor] Updated distance: 9.0942500415697 cm | Severity=75 | SourceName=Sensor3 | EventType=application
[2026-08-15 15:33:18.172 (UTC)] info/application	[Sensor] Updated distance: 30.420307940067865 cm | Severity=75 | SourceName=Sensor3 | EventType=application
[2026-08-15 15:33:19.175 (UTC)] info/application	[Sensor] Updated distance: 44.84649159519304 cm | Severity=75 | SourceName=Sensor3 | EventType=application
[2026-08-15 15:33:20.166 (UTC)] info/application	[Sensor] Updated distance: 40.828923586210664 cm | Severity=75 | SourceName=Sensor3 | EventType=application
[2026-08-15 15:33:21.169 (UTC)] info/application	[Sensor] Updated distance: 47.99203476216273 cm | Severity=75 | SourceName=Sensor3 | EventType=application
[2026-08-15 15:33:22.170 (UTC)] info/application	[Sensor] Updated distance: 39.35937081526935 cm | Severity=75 | SourceName=Sensor3 | EventType=application
[2026-08-15 15:33:23.172 (UTC)] info/application	[Sensor] Updated distance: 16.894722856066526 cm | Severity=75 | SourceName=Sensor3 | EventType=application
[2026-08-15 15:33:24.174 (UTC)] info/application	[Sensor] Updated distance: 36.42987397426268 cm | Severity=75 | SourceName=Sensor3 | EventType=application
[2026-08-15 15:33:25.166 (UTC)] info/application	[Sensor] Updated distance: 49.108168720783745 cm | Severity=75 | SourceName=Sensor3 | EventType=application
[2026-08-15 15:33:26.167 (UTC)] info/application	[Sensor] Updated distance: 18.11412856733153 cm | Severity=75 | SourceName=Sensor3 | EventType=application
[2026-08-15 15:33:27.169 (UTC)] info/application	[Sensor] Updated distance: 35.180005029393364 cm | Severity=75 | SourceName=Sensor3 | EventType=application
[2026-08-15 15:33:28.170 (UTC)] info/application	[Sensor] Updated distance: 47.87406816979594 cm | Severity=75 | SourceName=Sensor3 | EventType=application
[2026-08-15 15:33:29.172 (UTC)] info/application	[Sensor] Updated distance: 19.017524861273134 cm | Severity=75 | SourceName=Sensor3 | EventType=application
[2026-08-15 15:33:30.174 (UTC)] info/application	[Sensor] Updated distance: 25.05823621482506 cm | Severity=75 | SourceName=Sensor3 | EventType=application
[2026-08-15 15:33:31.165 (UTC)] info/application	[Sensor] Updated distance: 36.48398101445473 cm | Severity=75 | SourceName=Sensor3 | EventType=application
[2026-08-15 15:33:32.168 (UTC)] info/application	[Sensor] Updated distance: 33.81830609581354 cm | Severity=75 | SourceName=Sensor3 | EventType=application
[2026-08-15 15:33:33.171 (UTC)] info/application	[Sensor] Updated distance: 6.544448698193044 cm | Severity=75 | SourceName=Sensor3 | EventType=application
[2026-08-15 15:33:34.173 (UTC)] info/application	[Sensor] Updated distance: 23.426089274429756 cm | Severity=75 | SourceName=Sensor3 | EventType=application
[2026-08-15 15:33:35.165 (UTC)] info/application	[Sensor] Updated distance: 37.5293019281371 cm | Severity=75 | SourceName=Sensor3 | EventType=application
[2026-08-15 15:33:36.167 (UTC)] info/application	[Sensor] Updated distance: 17.70081651941911 cm | Severity=75 | SourceName=Sensor3 | EventType=application
[2026-08-15 15:33:37.169 (UTC)] info/application	[Sensor] Updated distance: 19.07978402873491 cm | Severity=75 | SourceName=Sensor3 | EventType=application
[2026-08-15 15:33:38.170 (UTC)] info/application	[Sensor] Updated distance: 23.875960144156572 cm | Severity=75 | SourceName=Sensor3 | EventType=application
[2026-08-15 15:33:39.172 (UTC)] info/application	[Sensor] Updated distance: 43.35108820784422 cm | Severity=75 | SourceName=Sensor3 | EventType=application
[2026-08-15 15:33:40.175 (UTC)] info/application	[Sensor] Updated distance: 41.132495577974474 cm | Severity=75 | SourceName=Sensor3 | EventType=application
[2026-08-15 15:33:41.166 (UTC)] info/application	[Sensor] Updated distance: 39.38279441249687 cm | Severity=75 | SourceName=Sensor3 | EventType=application
[2026-08-15 15:33:42.168 (UTC)] info/application	[Sensor] Updated distance: 26.502055179561513 cm | Severity=75 | SourceName=Sensor3 | EventType=application
[2026-08-15 15:33:43.170 (UTC)] info/application	[Sensor] Updated distance: 12.56762790426967 cm | Severity=75 | SourceName=Sensor3 | EventType=application
[2026-08-15 15:33:44.172 (UTC)] info/application	[Sensor] Updated distance: 4.771761895516777 cm | Severity=75 | SourceName=Sensor3 | EventType=application
[2026-08-15 15:33:45.174 (UTC)] info/application	[Sensor] Updated distance: 35.641437583435994 cm | Severity=75 | SourceName=Sensor3 | EventType=application
[2026-08-15 15:33:46.166 (UTC)] info/application	[Sensor] Updated distance: 18.33990243838164 cm | Severity=75 | SourceName=Sensor3 | EventType=application
[2026-08-15 15:33:47.168 (UTC)] info/application	[Sensor] Updated distance: 43.78117606499287 cm | Severity=75 | SourceName=Sensor3 | EventType=application
[2026-08-15 15:33:48.170 (UTC)] info/application	[Sensor] Updated distance: 42.735687625005696 cm | Severity=75 | SourceName=Sensor3 | EventType=application
[2026-08-15 15:33:49.172 (UTC)] info/application	[Sensor] Updated distance: 46.76021040080125 cm | Severity=75 | SourceName=Sensor3 | EventType=application
[2026-08-15 15:33:50.175 (UTC)] info/application	[Sensor] Updated distance: 38.62766763783417 cm | Severity=75 | SourceName=Sensor3 | EventType=application
[2026-08-15 15:33:51.167 (UTC)] info/application	[Sensor] Updated distance: 33.56461118886462 cm | Severity=75 | SourceName=Sensor3 | EventType=application
[2026-08-15 15:33:52.168 (UTC)] info/application	[Sensor] Updated distance: 44.75224514061224 cm | Severity=75 | SourceName=Sensor3 | EventType=application
[2026-08-15 15:33:53.171 (UTC)] info/application	[Sensor] Updated distance: 27.987038430751785 cm | Severity=75 | SourceName=Sensor3 | EventType=application
[2026-08-15 15:33:54.173 (UTC)] info/application	[Sensor] Updated distance: 48.45933406728289 cm | Severity=75 | SourceName=Sensor3 | EventType=application
[2026-08-15 15:33:55.166 (UTC)] info/application	[Sensor] Updated distance: 31.182119092523173 cm | Severity=75 | SourceName=Sensor3 | EventType=application
[2026-08-15 15:33:56.168 (UTC)] info/application	[Sensor] Updated distance: 27.095207129183787 cm | Severity=75 | SourceName=Sensor3 | EventType=application
[2026-08-15 15:33:57.171 (UTC)] info/application	[Sensor] Updated distance: 16.573462612262674 cm | Severity=75 | SourceName=Sensor3 | EventType=application
[2026-08-15 15:33:58.173 (UTC)] info/application	[Sensor] Updated distance: 16.362124099564795 cm | Severity=75 | SourceName=Sensor3 | EventType=application
[2026-08-15 15:33:59.175 (UTC)] info/application	[Sensor] Updated distance: 24.969275276627982 cm | Severity=75 | SourceName=Sensor3 | EventType=application
[2026-08-15 15:34:00.167 (UTC)] info/application	[Sensor] Updated distance: 33.590987473535804 cm | Severity=75 | SourceName=Sensor3 | EventType=application
[2026-08-15 15:34:01.169 (UTC)] info/application	[Sensor] Updated distance: 39.42036031438985 cm | Severity=75 | SourceName=Sensor3 | EventType=application
[2026-08-15 15:34:02.171 (UTC)] info/application	[Sensor] Updated distance: 11.453256268730971 cm | Severity=75 | SourceName=Sensor3 | EventType=application
[2026-08-15 15:34:03.174 (UTC)] info/application	[Sensor] Updated distance: 17.40929354699761 cm | Severity=75 | SourceName=Sensor3 | EventType=application
[2026-08-15 15:34:04.166 (UTC)] info/application	[Sensor] Updated distance: 43.96480903493464 cm | Severity=75 | SourceName=Sensor3 | EventType=application
[2026-08-15 15:34:05.168 (UTC)] info/application	[Sensor] Updated distance: 32.879345565512466 cm | Severity=75 | SourceName=Sensor3 | EventType=application
[2026-08-15 15:34:06.171 (UTC)] info/application	[Sensor] Updated distance: 4.938595452782975 cm | Severity=75 | SourceName=Sensor3 | EventType=application
[2026-08-15 15:34:07.173 (UTC)] info/application	[Sensor] Updated distance: 11.665625532002013 cm | Severity=75 | SourceName=Sensor3 | EventType=application
[2026-08-15 15:34:08.175 (UTC)] info/application	[Sensor] Updated distance: 49.95912959424738 cm | Severity=75 | SourceName=Sensor3 | EventType=application
[2026-08-15 15:34:09.167 (UTC)] info/application	[Sensor] Updated distance: 26.814555596939545 cm | Severity=75 | SourceName=Sensor3 | EventType=application
[2026-08-15 15:34:10.169 (UTC)] info/application	[Sensor] Updated distance: 5.016713717494492 cm | Severity=75 | SourceName=Sensor3 | EventType=application
[2026-08-15 15:34:11.171 (UTC)] info/application	[Sensor] Updated distance: 41.09162517222185 cm | Severity=75 | SourceName=Sensor3 | EventType=application
[2026-08-15 15:34:12.174 (UTC)] info/application	[Sensor] Updated distance: 16.197350009436416 cm | Severity=75 | SourceName=Sensor3 | EventType=application
[2026-08-15 15:34:13.166 (UTC)] info/application	[Sensor] Updated distance: 29.518768897056006 cm | Severity=75 | SourceName=Sensor3 | EventType=application
[2026-08-15 15:34:14.169 (UTC)] info/application	[Sensor] Updated distance: 3.6592530541397874 cm | Severity=75 | SourceName=Sensor3 | EventType=application
[2026-08-15 15:34:15.171 (UTC)] info/application	[Sensor] Updated distance: 18.96911190495319 cm | Severity=75 | SourceName=Sensor3 | EventType=application
[2026-08-15 15:34:16.172 (UTC)] info/application	[Sensor] Updated distance: 15.16020645814026 cm | Severity=75 | SourceName=Sensor3 | EventType=application
[2026-08-15 15:34:17.175 (UTC)] info/application	[Sensor] Updated distance: 19.99915551487317 cm | Severity=75 | SourceName=Sensor3 | EventType=application
[2026-08-15 15:34:18.167 (UTC)] info/application	[Sensor] Updated distance: 12.750287947594321 cm | Severity=75 | SourceName=Sensor3 | EventType=application
[2026-08-15 15:34:19.169 (UTC)] info/application	[Sensor] Updated distance: 7.895894060794214 cm | Severity=75 | SourceName=Sensor3 | EventType=application
[2026-08-15 15:34:20.170 (UTC)] info/application	[Sensor] Updated distance: 16.75936589332268 cm | Severity=75 | SourceName=Sensor3 | EventType=application
[2026-08-15 15:34:21.172 (UTC)] info/application	[Sensor] Updated distance: 49.37795558542849 cm | Severity=75 | SourceName=Sensor3 | EventType=application
[2026-08-15 15:34:22.174 (UTC)] info/application	[Sensor] Updated distance: 39.46050527201057 cm | Severity=75 | SourceName=Sensor3 | EventType=application
[2026-08-15 15:34:23.166 (UTC)] info/application	[Sensor] Updated distance: 11.511611011583176 cm | Severity=75 | SourceName=Sensor3 | EventType=application
[2026-08-15 15:34:24.169 (UTC)] info/application	[Sensor] Updated distance: 27.364994016180276 cm | Severity=75 | SourceName=Sensor3 | EventType=application
[2026-08-15 15:34:25.171 (UTC)] info/application	[Sensor] Updated distance: 37.91983931694172 cm | Severity=75 | SourceName=Sensor3 | EventType=application
[2026-08-15 15:34:26.173 (UTC)] info/application	[Sensor] Updated distance: 40.69373010410635 cm | Severity=75 | SourceName=Sensor3 | EventType=application
[2026-08-15 15:34:27.165 (UTC)] info/application	[Sensor] Updated distance: 4.4602011230123235 cm | Severity=75 | SourceName=Sensor3 | EventType=application
[2026-08-15 15:34:28.167 (UTC)] info/application	[Sensor] Updated distance: 4.493301906852658 cm | Severity=75 | SourceName=Sensor3 | EventType=application
[2026-08-15 15:34:29.168 (UTC)] info/application	[Sensor] Updated distance: 7.055854181319407 cm | Severity=75 | SourceName=Sensor3 | EventType=application
[2026-08-15 15:34:30.169 (UTC)] info/application	[Sensor] Updated distance: 27.42947642199205 cm | Severity=75 | SourceName=Sensor3 | EventType=application
[2026-08-15 15:34:31.171 (UTC)] info/application	[Sensor] Updated distance: 36.08428940274021 cm | Severity=75 | SourceName=Sensor3 | EventType=application
[2026-08-15 15:34:32.174 (UTC)] info/application	[Sensor] Updated distance: 44.476214495709264 cm | Severity=75 | SourceName=Sensor3 | EventType=application
[2026-08-15 15:34:33.167 (UTC)] info/application	[Sensor] Updated distance: 36.88273269072302 cm | Severity=75 | SourceName=Sensor3 | EventType=application
[2026-08-15 15:34:34.170 (UTC)] info/application	[Sensor] Updated distance: 3.493582927386082 cm | Severity=75 | SourceName=Sensor3 | EventType=application
[2026-08-15 15:34:35.173 (UTC)] info/application	[Sensor] Updated distance: 38.44102350829217 cm | Severity=75 | SourceName=Sensor3 | EventType=application
[2026-08-15 15:34:36.175 (UTC)] info/application	[Sensor] Updated distance: 19.762078233883752 cm | Severity=75 | SourceName=Sensor3 | EventType=application
[2026-08-15 15:34:37.167 (UTC)] info/application	[Sensor] Updated distance: 6.432178402520799 cm | Severity=75 | SourceName=Sensor3 | EventType=application
[2026-08-15 15:34:38.168 (UTC)] info/application	[Sensor] Updated distance: 48.10664906264592 cm | Severity=75 | SourceName=Sensor3 | EventType=application
[2026-08-15 15:34:39.170 (UTC)] info/application	[Sensor] Updated distance: 19.721207828131135 cm | Severity=75 | SourceName=Sensor3 | EventType=application
[2026-08-15 15:34:40.172 (UTC)] info/application	[Sensor] Updated distance: 31.246733999460343 cm | Severity=75 | SourceName=Sensor3 | EventType=application
[2026-08-15 15:34:41.174 (UTC)] info/application	[Sensor] Updated distance: 3.1233627577886742 cm | Severity=75 | SourceName=Sensor3 | EventType=application
[2026-08-15 15:34:42.166 (UTC)] info/application	[Sensor] Updated distance: 10.812832978001252 cm | Severity=75 | SourceName=Sensor3 | EventType=application
[2026-08-15 15:34:43.168 (UTC)] info/application	[Sensor] Updated distance: 45.44408400889676 cm | Severity=75 | SourceName=Sensor3 | EventType=application
[2026-08-15 15:34:44.171 (UTC)] info/application	[Sensor] Updated distance: 30.64213167719642 cm | Severity=75 | SourceName=Sensor3 | EventType=application
[2026-08-15 15:34:45.174 (UTC)] info/application	[Sensor] Updated distance: 12.47208603214104 cm | Severity=75 | SourceName=Sensor3 | EventType=application
[2026-08-15 15:34:46.165 (UTC)] info/application	[Sensor] Updated distance: 14.413195913849954 cm | Severity=75 | SourceName=Sensor3 | EventType=application
[2026-08-15 15:34:47.167 (UTC)] info/application	[Sensor] Updated distance: 43.80233813533668 cm | Severity=75 | SourceName=Sensor3 | EventType=application
[2026-08-15 15:34:48.169 (UTC)] info/application	[Sensor] Updated distance: 30.47124154701421 cm | Severity=75 | SourceName=Sensor3 | EventType=application
[2026-08-15 15:34:49.172 (UTC)] info/application	[Sensor] Updated distance: 25.163483861444277 cm | Severity=75 | SourceName=Sensor3 | EventType=application
[2026-08-15 15:34:50.174 (UTC)] info/application	[Sensor] Updated distance: 49.69823221848264 cm | Severity=75 | SourceName=Sensor3 | EventType=application
[2026-08-15 15:34:51.166 (UTC)] info/application	[Sensor] Updated distance: 45.23060744033689 cm | Severity=75 | SourceName=Sensor3 | EventType=application
[2026-08-15 15:34:52.169 (UTC)] info/application	[Sensor] Updated distance: 24.54143944687277 cm | Severity=75 | SourceName=Sensor3 | EventType=application
[2026-08-15 15:34:53.171 (UTC)] info/application	[Sensor] Updated distance: 39.158737468141474 cm | Severity=75 | SourceName=Sensor3 | EventType=application
[2026-08-15 15:34:54.173 (UTC)] info/application	[Sensor] Updated distance: 6.742218429568325 cm | Severity=75 | SourceName=Sensor3 | EventType=application
[2026-08-15 15:34:55.165 (UTC)] info/application	[Sensor] Updated distance: 49.90643346305305 cm | Severity=75 | SourceName=Sensor3 | EventType=application
[2026-08-15 15:34:56.168 (UTC)] info/application	[Sensor] Updated distance: 27.078576762731455 cm | Severity=75 | SourceName=Sensor3 | EventType=application
[2026-08-15 15:34:57.170 (UTC)] info/application	[Sensor] Updated distance: 45.435948533674676 cm | Severity=75 | SourceName=Sensor3 | EventType=application
[2026-08-15 15:34:58.172 (UTC)] info/application	[Sensor] Updated distance: 4.36663456371363 cm | Severity=75 | SourceName=Sensor3 | EventType=application
[2026-08-15 15:34:59.175 (UTC)] info/application	[Sensor] Updated distance: 29.571878669584112 cm | Severity=75 | SourceName=Sensor3 | EventType=application
[2026-08-15 15:35:00.167 (UTC)] info/application	[Sensor] Updated distance: 2.4918026926423433 cm | Severity=75 | SourceName=Sensor3 | EventType=application
[2026-08-15 15:35:01.169 (UTC)] info/application	[Sensor] Updated distance: 29.796110985705678 cm | Severity=75 | SourceName=Sensor3 | EventType=application
[2026-08-15 15:35:02.172 (UTC)] info/application	[Sensor] Updated distance: 15.656168049972582 cm | Severity=75 | SourceName=Sensor3 | EventType=application
[2026-08-15 15:35:03.174 (UTC)] info/application	[Sensor] Updated distance: 44.96801721070335 cm | Severity=75 | SourceName=Sensor3 | EventType=application
[2026-08-15 15:35:04.166 (UTC)] info/application	[Sensor] Updated distance: 16.678843676428702 cm | Severity=75 | SourceName=Sensor3 | EventType=application
[2026-08-15 15:35:05.169 (UTC)] info/application	[Sensor] Updated distance: 17.149750999710406 cm | Severity=75 | SourceName=Sensor3 | EventType=application
[2026-08-15 15:35:06.170 (UTC)] info/application	[Sensor] Updated distance: 33.40904069664377 cm | Severity=75 | SourceName=Sensor3 | EventType=application
[2026-08-15 15:35:07.172 (UTC)] info/application	[Sensor] Updated distance: 34.440921910312454 cm | Severity=75 | SourceName=Sensor3 | EventType=application
[2026-08-15 15:35:08.174 (UTC)] info/application	[Sensor] Updated distance: 21.581929402231204 cm | Severity=75 | SourceName=Sensor3 | EventType=application
[2026-08-15 15:35:09.166 (UTC)] info/application	[Sensor] Updated distance: 31.515689736937958 cm | Severity=75 | SourceName=Sensor3 | EventType=application
[2026-08-15 15:35:10.168 (UTC)] info/application	[Sensor] Updated distance: 4.162129716091849 cm | Severity=75 | SourceName=Sensor3 | EventType=application
[2026-08-15 15:35:11.170 (UTC)] info/application	[Sensor] Updated distance: 2.82866337933981 cm | Severity=75 | SourceName=Sensor3 | EventType=application
[2026-08-15 15:35:12.172 (UTC)] info/application	[Sensor] Updated distance: 32.63905251707837 cm | Severity=75 | SourceName=Sensor3 | EventType=application
[2026-08-15 15:35:13.174 (UTC)] info/application	[Sensor] Updated distance: 12.9749626940931 cm | Severity=75 | SourceName=Sensor3 | EventType=application
[2026-08-15 15:35:14.166 (UTC)] info/application	[Sensor] Updated distance: 46.27274741058831 cm | Severity=75 | SourceName=Sensor3 | EventType=application
[2026-08-15 15:35:15.169 (UTC)] info/application	[Sensor] Updated distance: 13.281184171923055 cm | Severity=75 | SourceName=Sensor3 | EventType=application
[2026-08-15 15:35:16.171 (UTC)] info/application	[Sensor] Updated distance: 23.447048748585882 cm | Severity=75 | SourceName=Sensor3 | EventType=application
[2026-08-15 15:35:17.173 (UTC)] info/application	[Sensor] Updated distance: 10.685943302086528 cm | Severity=75 | SourceName=Sensor3 | EventType=application
[2026-08-15 15:35:18.175 (UTC)] info/application	[Sensor] Updated distance: 7.083522284907997 cm | Severity=75 | SourceName=Sensor3 | EventType=application
[2026-08-15 15:35:19.166 (UTC)] info/application	[Sensor] Updated distance: 3.918290273248353 cm | Severity=75 | SourceName=Sensor3 | EventType=application
[2026-08-15 15:35:20.168 (UTC)] info/application	[Sensor] Updated distance: 33.849427163530805 cm | Severity=75 | SourceName=Sensor3 | EventType=application
[2026-08-15 15:35:21.170 (UTC)] info/application	[Sensor] Updated distance: 6.781754481038895 cm | Severity=75 | SourceName=Sensor3 | EventType=application
[2026-08-15 15:35:22.172 (UTC)] info/application	[Sensor] Updated distance: 47.148897735936984 cm | Severity=75 | SourceName=Sensor3 | EventType=application
[2026-08-15 15:35:23.175 (UTC)] info/application	[Sensor] Updated distance: 8.390866588051834 cm | Severity=75 | SourceName=Sensor3 | EventType=application
[2026-08-15 15:35:24.167 (UTC)] info/application	[Sensor] Updated distance: 43.94049194918037 cm | Severity=75 | SourceName=Sensor3 | EventType=application
[2026-08-15 15:35:25.169 (UTC)] info/application	[Sensor] Updated distance: 3.891116143153569 cm | Severity=75 | SourceName=Sensor3 | EventType=application
[2026-08-15 15:35:26.171 (UTC)] info/application	[Sensor] Updated distance: 8.29730002875314 cm | Severity=75 | SourceName=Sensor3 | EventType=application
[2026-08-15 15:35:27.173 (UTC)] info/application	[Sensor] Updated distance: 21.019068689560083 cm | Severity=75 | SourceName=Sensor3 | EventType=application
[2026-08-15 15:35:28.165 (UTC)] info/application	[Sensor] Updated distance: 47.327064699179985 cm | Severity=75 | SourceName=Sensor3 | EventType=application
[2026-08-15 15:35:29.167 (UTC)] info/application	[Sensor] Updated distance: 10.663934614818512 cm | Severity=75 | SourceName=Sensor3 | EventType=application
[2026-08-15 15:35:30.170 (UTC)] info/application	[Sensor] Updated distance: 48.59094738149594 cm | Severity=75 | SourceName=Sensor3 | EventType=application
[2026-08-15 15:35:31.172 (UTC)] info/application	[Sensor] Updated distance: 47.81886739182233 cm | Severity=75 | SourceName=Sensor3 | EventType=application
[2026-08-15 15:35:32.174 (UTC)] info/application	[Sensor] Updated distance: 38.46004560052419 cm | Severity=75 | SourceName=Sensor3 | EventType=application
[2026-08-15 15:35:33.167 (UTC)] info/application	[Sensor] Updated distance: 14.247115409116779 cm | Severity=75 | SourceName=Sensor3 | EventType=application
[2026-08-15 15:35:34.169 (UTC)] info/application	[Sensor] Updated distance: 42.78688458017394 cm | Severity=75 | SourceName=Sensor3 | EventType=application
[2026-08-15 15:35:35.171 (UTC)] info/application	[Sensor] Updated distance: 5.138889254601155 cm | Severity=75 | SourceName=Sensor3 | EventType=application
[2026-08-15 15:35:36.173 (UTC)] info/application	[Sensor] Updated distance: 29.396866408827186 cm | Severity=75 | SourceName=Sensor3 | EventType=application
[2026-08-15 15:35:37.174 (UTC)] info/application	[Sensor] Updated distance: 26.195925276817718 cm | Severity=75 | SourceName=Sensor3 | EventType=application
[2026-08-15 15:35:38.166 (UTC)] info/application	[Sensor] Updated distance: 37.57981118726535 cm | Severity=75 | SourceName=Sensor3 | EventType=application
[2026-08-15 15:35:39.169 (UTC)] info/application	[Sensor] Updated distance: 48.97879581105839 cm | Severity=75 | SourceName=Sensor3 | EventType=application
[2026-08-15 15:35:40.171 (UTC)] info/application	[Sensor] Updated distance: 7.711614991403937 cm | Severity=75 | SourceName=Sensor3 | EventType=application
[2026-08-15 15:35:41.173 (UTC)] info/application	[Sensor] Updated distance: 39.741940903357204 cm | Severity=75 | SourceName=Sensor3 | EventType=application
[2026-08-15 15:35:42.175 (UTC)] info/application	[Sensor] Updated distance: 49.80745921274994 cm | Severity=75 | SourceName=Sensor3 | EventType=application
[2026-08-15 15:35:43.166 (UTC)] info/application	[Sensor] Updated distance: 38.35066750848231 cm | Severity=75 | SourceName=Sensor3 | EventType=application
[2026-08-15 15:35:44.168 (UTC)] info/application	[Sensor] Updated distance: 2.7169035974503046 cm | Severity=75 | SourceName=Sensor3 | EventType=application
[2026-08-15 15:35:45.170 (UTC)] info/application	[Sensor] Updated distance: 46.080206600986514 cm | Severity=75 | SourceName=Sensor3 | EventType=application
[2026-08-15 15:35:46.172 (UTC)] info/application	[Sensor] Updated distance: 49.63185168040537 cm | Severity=75 | SourceName=Sensor3 | EventType=application
[2026-08-15 15:35:47.174 (UTC)] info/application	[Sensor] Updated distance: 24.163952346036186 cm | Severity=75 | SourceName=Sensor3 | EventType=application
[2026-08-15 15:35:48.165 (UTC)] info/application	[Sensor] Updated distance: 6.766149880721303 cm | Severity=75 | SourceName=Sensor3 | EventType=application
[2026-08-15 15:35:49.167 (UTC)] info/application	[Sensor] Updated distance: 6.715373965313367 cm | Severity=75 | SourceName=Sensor3 | EventType=application
[2026-08-15 15:35:50.170 (UTC)] info/application	[Sensor] Updated distance: 26.08224261928454 cm | Severity=75 | SourceName=Sensor3 | EventType=application
[2026-08-15 15:35:51.172 (UTC)] info/application	[Sensor] Updated distance: 38.615577044252106 cm | Severity=75 | SourceName=Sensor3 | EventType=application
[2026-08-15 15:35:52.174 (UTC)] info/application	[Sensor] Updated distance: 11.497128446352262 cm | Severity=75 | SourceName=Sensor3 | EventType=application
[2026-08-15 15:35:53.166 (UTC)] info/application	[Sensor] Updated distance: 23.231140332869785 cm | Severity=75 | SourceName=Sensor3 | EventType=application
[2026-08-15 15:35:54.168 (UTC)] info/application	[Sensor] Updated distance: 45.00644365465568 cm | Severity=75 | SourceName=Sensor3 | EventType=application
[2026-08-15 15:35:55.170 (UTC)] info/application	[Sensor] Updated distance: 5.437620395532632 cm | Severity=75 | SourceName=Sensor3 | EventType=application
[2026-08-15 15:35:56.172 (UTC)] info/application	[Sensor] Updated distance: 25.122256498375094 cm | Severity=75 | SourceName=Sensor3 | EventType=application
[2026-08-15 15:35:57.175 (UTC)] info/application	[Sensor] Updated distance: 3.3037436610570845 cm | Severity=75 | SourceName=Sensor3 | EventType=application
[2026-08-15 15:35:58.167 (UTC)] info/application	[Sensor] Updated distance: 24.456689085092716 cm | Severity=75 | SourceName=Sensor3 | EventType=application
[2026-08-15 15:35:59.168 (UTC)] info/application	[Sensor] Updated distance: 22.44932117520334 cm | Severity=75 | SourceName=Sensor3 | EventType=application
[2026-08-15 15:36:00.170 (UTC)] info/application	[Sensor] Updated distance: 11.967678275875597 cm | Severity=75 | SourceName=Sensor3 | EventType=application
[2026-08-15 15:36:01.173 (UTC)] info/application	[Sensor] Updated distance: 23.04763644423691 cm | Severity=75 | SourceName=Sensor3 | EventType=application
[2026-08-15 15:36:02.165 (UTC)] info/application	[Sensor] Updated distance: 20.268188544673933 cm | Severity=75 | SourceName=Sensor3 | EventType=application
[2026-08-15 15:36:03.168 (UTC)] info/application	[Sensor] Updated distance: 48.42772389875153 cm | Severity=75 | SourceName=Sensor3 | EventType=application
[2026-08-15 15:36:04.170 (UTC)] info/application	[Sensor] Updated distance: 35.29475187570544 cm | Severity=75 | SourceName=Sensor3 | EventType=application
[2026-08-15 15:36:05.172 (UTC)] info/application	[Sensor] Updated distance: 13.055073124847874 cm | Severity=75 | SourceName=Sensor3 | EventType=application
[2026-08-15 15:36:06.173 (UTC)] info/application	[Sensor] Updated distance: 3.5666131310009455 cm | Severity=75 | SourceName=Sensor3 | EventType=application
[2026-08-15 15:36:07.166 (UTC)] info/application	[Sensor] Updated distance: 14.69161826218088 cm | Severity=75 | SourceName=Sensor3 | EventType=application
[2026-08-15 15:36:08.169 (UTC)] info/application	[Sensor] Updated distance: 37.25099840166559 cm | Severity=75 | SourceName=Sensor3 | EventType=application
[2026-08-15 15:36:09.171 (UTC)] info/application	[Sensor] Updated distance: 39.1464243182663 cm | Severity=75 | SourceName=Sensor3 | EventType=application
[2026-08-15 15:36:10.173 (UTC)] info/application	[Sensor] Updated distance: 13.670414073239273 cm | Severity=75 | SourceName=Sensor3 | EventType=application
[2026-08-15 15:36:11.166 (UTC)] info/application	[Sensor] Updated distance: 42.96261339306953 cm | Severity=75 | SourceName=Sensor3 | EventType=application
[2026-08-15 15:36:12.167 (UTC)] info/application	[Sensor] Updated distance: 28.8883652216235 cm | Severity=75 | SourceName=Sensor3 | EventType=application
[2026-08-15 15:36:13.170 (UTC)] info/application	[Sensor] Updated distance: 13.477873263637475 cm | Severity=75 | SourceName=Sensor3 | EventType=application
[2026-08-15 15:36:14.172 (UTC)] info/application	[Sensor] Updated distance: 31.313280901551842 cm | Severity=75 | SourceName=Sensor3 | EventType=application
[2026-08-15 15:36:15.174 (UTC)] info/application	[Sensor] Updated distance: 29.605268819073803 cm | Severity=75 | SourceName=Sensor3 | EventType=application
[2026-08-15 15:36:16.167 (UTC)] info/application	[Sensor] Updated distance: 9.558079842272251 cm | Severity=75 | SourceName=Sensor3 | EventType=application
[2026-08-15 15:36:17.168 (UTC)] info/application	[Sensor] Updated distance: 30.94513255960547 cm | Severity=75 | SourceName=Sensor3 | EventType=application
[2026-08-15 15:36:18.171 (UTC)] info/application	[Sensor] Updated distance: 3.7692211427582523 cm | Severity=75 | SourceName=Sensor3 | EventType=application
[2026-08-15 15:36:19.173 (UTC)] info/application	[Sensor] Updated distance: 14.324229722993554 cm | Severity=75 | SourceName=Sensor3 | EventType=application
[2026-08-15 15:36:20.175 (UTC)] info/application	[Sensor] Updated distance: 35.66050652491884 cm | Severity=75 | SourceName=Sensor3 | EventType=application
[2026-08-15 15:36:21.167 (UTC)] info/application	[Sensor] Updated distance: 27.851463762042794 cm | Severity=75 | SourceName=Sensor3 | EventType=application
[2026-08-15 15:36:22.168 (UTC)] info/application	[Sensor] Updated distance: 2.939806744893923 cm | Severity=75 | SourceName=Sensor3 | EventType=application
[2026-08-15 15:36:23.170 (UTC)] info/application	[Sensor] Updated distance: 45.157634993622835 cm | Severity=75 | SourceName=Sensor3 | EventType=application
[2026-08-15 15:36:24.172 (UTC)] info/application	[Sensor] Updated distance: 49.08260411726432 cm | Severity=75 | SourceName=Sensor3 | EventType=application
[2026-08-15 15:36:25.175 (UTC)] info/application	[Sensor] Updated distance: 45.946250399549605 cm | Severity=75 | SourceName=Sensor3 | EventType=application
[2026-08-15 15:36:26.167 (UTC)] info/application	[Sensor] Updated distance: 48.59525538915547 cm | Severity=75 | SourceName=Sensor3 | EventType=application
[2026-08-15 15:36:27.167 (UTC)] info/application	[Sensor] Updated distance: 24.204860593287673 cm | Severity=75 | SourceName=Sensor3 | EventType=application
[2026-08-15 15:36:28.169 (UTC)] info/application	[Sensor] Updated distance: 47.24999408295843 cm | Severity=75 | SourceName=Sensor3 | EventType=application
[2026-08-15 15:36:29.171 (UTC)] info/application	[Sensor] Updated distance: 23.051944451896446 cm | Severity=75 | SourceName=Sensor3 | EventType=application
[2026-08-15 15:36:30.173 (UTC)] info/application	[Sensor] Updated distance: 44.654181768491014 cm | Severity=75 | SourceName=Sensor3 | EventType=application
[2026-08-15 15:36:31.166 (UTC)] info/application	[Sensor] Updated distance: 9.217672336482291 cm | Severity=75 | SourceName=Sensor3 | EventType=application
[2026-08-15 15:36:32.168 (UTC)] info/application	[Sensor] Updated distance: 44.0995809184851 cm | Severity=75 | SourceName=Sensor3 | EventType=application
[2026-08-15 15:36:33.171 (UTC)] info/application	[Sensor] Updated distance: 14.922370290813207 cm | Severity=75 | SourceName=Sensor3 | EventType=application
[2026-08-15 15:36:34.173 (UTC)] info/application	[Sensor] Updated distance: 7.645396212882081 cm | Severity=75 | SourceName=Sensor3 | EventType=application
[2026-08-15 15:36:35.175 (UTC)] info/application	[Sensor] Updated distance: 29.394332771838798 cm | Severity=75 | SourceName=Sensor3 | EventType=application
[2026-08-15 15:36:36.167 (UTC)] info/application	[Sensor] Updated distance: 25.97744341566108 cm | Severity=75 | SourceName=Sensor3 | EventType=application
[2026-08-15 15:36:37.169 (UTC)] info/application	[Sensor] Updated distance: 9.212009366234769 cm | Severity=75 | SourceName=Sensor3 | EventType=application
[2026-08-15 15:36:38.173 (UTC)] info/application	[Sensor] Updated distance: 42.08595103401968 cm | Severity=75 | SourceName=Sensor3 | EventType=application
[2026-08-15 15:36:39.175 (UTC)] info/application	[Sensor] Updated distance: 13.228441794974934 cm | Severity=75 | SourceName=Sensor3 | EventType=application
[2026-08-15 15:36:40.168 (UTC)] info/application	[Sensor] Updated distance: 46.358433684501065 cm | Severity=75 | SourceName=Sensor3 | EventType=application
[2026-08-15 15:36:41.170 (UTC)] info/application	[Sensor] Updated distance: 5.75636508490721 cm | Severity=75 | SourceName=Sensor3 | EventType=application
[2026-08-15 15:36:42.172 (UTC)] info/application	[Sensor] Updated distance: 6.191055188044466 cm | Severity=75 | SourceName=Sensor3 | EventType=application
[2026-08-15 15:36:43.174 (UTC)] info/application	[Sensor] Updated distance: 25.246798883772826 cm | Severity=75 | SourceName=Sensor3 | EventType=application
[2026-08-15 15:36:44.166 (UTC)] info/application	[Sensor] Updated distance: 17.234238348544686 cm | Severity=75 | SourceName=Sensor3 | EventType=application
[2026-08-15 15:36:45.168 (UTC)] info/application	[Sensor] Updated distance: 35.50433608959631 cm | Severity=75 | SourceName=Sensor3 | EventType=application
[2026-08-15 15:36:46.169 (UTC)] info/application	[Sensor] Updated distance: 4.852067680494891 cm | Severity=75 | SourceName=Sensor3 | EventType=application
[2026-08-15 15:36:47.171 (UTC)] info/application	[Sensor] Updated distance: 24.792318190816935 cm | Severity=75 | SourceName=Sensor3 | EventType=application
[2026-08-15 15:36:48.173 (UTC)] info/application	[Sensor] Updated distance: 16.449468626850035 cm | Severity=75 | SourceName=Sensor3 | EventType=application
[2026-08-15 15:36:49.175 (UTC)] info/application	[Sensor] Updated distance: 6.621288823253144 cm | Severity=75 | SourceName=Sensor3 | EventType=application
[2026-08-15 15:36:50.167 (UTC)] info/application	[Sensor] Updated distance: 37.11654791381049 cm | Severity=75 | SourceName=Sensor3 | EventType=application
[2026-08-15 15:36:51.169 (UTC)] info/application	[Sensor] Updated distance: 2.109975151768874 cm | Severity=75 | SourceName=Sensor3 | EventType=application
[2026-08-15 15:36:52.171 (UTC)] info/application	[Sensor] Updated distance: 32.47275260764768 cm | Severity=75 | SourceName=Sensor3 | EventType=application
[2026-08-15 15:36:53.173 (UTC)] info/application	[Sensor] Updated distance: 38.056354681056156 cm | Severity=75 | SourceName=Sensor3 | EventType=application
[2026-08-15 15:36:54.175 (UTC)] info/application	[Sensor] Updated distance: 45.267610145391714 cm | Severity=75 | SourceName=Sensor3 | EventType=application
[2026-08-15 15:36:55.167 (UTC)] info/application	[Sensor] Updated distance: 31.555356702560257 cm | Severity=75 | SourceName=Sensor3 | EventType=application
[2026-08-15 15:36:56.168 (UTC)] info/application	[Sensor] Updated distance: 34.00260505825402 cm | Severity=75 | SourceName=Sensor3 | EventType=application
[2026-08-15 15:36:57.171 (UTC)] info/application	[Sensor] Updated distance: 43.86286551219544 cm | Severity=75 | SourceName=Sensor3 | EventType=application
[2026-08-15 15:36:58.173 (UTC)] info/application	[Sensor] Updated distance: 5.760217273496192 cm | Severity=75 | SourceName=Sensor3 | EventType=application
[2026-08-15 15:36:59.165 (UTC)] info/application	[Sensor] Updated distance: 31.252599118860715 cm | Severity=75 | SourceName=Sensor3 | EventType=application
[2026-08-15 15:37:00.168 (UTC)] info/application	[Sensor] Updated distance: 16.914809941740153 cm | Severity=75 | SourceName=Sensor3 | EventType=application
[2026-08-15 15:37:01.170 (UTC)] info/application	[Sensor] Updated distance: 48.41439904198721 cm | Severity=75 | SourceName=Sensor3 | EventType=application
[2026-08-15 15:37:02.173 (UTC)] info/application	[Sensor] Updated distance: 38.470271477694745 cm | Severity=75 | SourceName=Sensor3 | EventType=application
[2026-08-15 15:37:03.166 (UTC)] info/application	[Sensor] Updated distance: 11.014390837873513 cm | Severity=75 | SourceName=Sensor3 | EventType=application
[2026-08-15 15:37:04.168 (UTC)] info/application	[Sensor] Updated distance: 13.336769310448677 cm | Severity=75 | SourceName=Sensor3 | EventType=application
[2026-08-15 15:37:05.171 (UTC)] info/application	[Sensor] Updated distance: 44.11566769057683 cm | Severity=75 | SourceName=Sensor3 | EventType=application
[2026-08-15 15:37:06.173 (UTC)] info/application	[Sensor] Updated distance: 38.40872360971231 cm | Severity=75 | SourceName=Sensor3 | EventType=application
[2026-08-15 15:37:07.175 (UTC)] info/application	[Sensor] Updated distance: 37.3142127484615 cm | Severity=75 | SourceName=Sensor3 | EventType=application
[2026-08-15 15:37:08.167 (UTC)] info/application	[Sensor] Updated distance: 3.3276770344598576 cm | Severity=75 | SourceName=Sensor3 | EventType=application
[2026-08-15 15:37:09.170 (UTC)] info/application	[Sensor] Updated distance: 30.49467464373199 cm | Severity=75 | SourceName=Sensor3 | EventType=application
[2026-08-15 15:37:10.172 (UTC)] info/application	[Sensor] Updated distance: 48.542654543436434 cm | Severity=75 | SourceName=Sensor3 | EventType=application
[2026-08-15 15:37:11.174 (UTC)] info/application	[Sensor] Updated distance: 47.68611074131267 cm | Severity=75 | SourceName=Sensor3 | EventType=application
[2026-08-15 15:37:12.166 (UTC)] info/application	[Sensor] Updated distance: 34.2510397286392 cm | Severity=75 | SourceName=Sensor3 | EventType=application
[2026-08-15 15:37:13.168 (UTC)] info/application	[Sensor] Updated distance: 4.733709709129161 cm | Severity=75 | SourceName=Sensor3 | EventType=application
[2026-08-15 15:37:14.170 (UTC)] info/application	[Sensor] Updated distance: 22.93290960273375 cm | Severity=75 | SourceName=Sensor3 | EventType=application
[2026-08-15 15:37:15.174 (UTC)] info/application	[Sensor] Updated distance: 49.48527809953563 cm | Sever