[2026-08-15 23:32:19.126 (UTC+0800)] [33mwarn/server[0m	AccessControl: Unconfigured AccessControl. Users have all permissions.
[2026-08-15 23:32:19.126 (UTC+0800)] [32minfo/server[0m	AccessControl: Anonymous login is enabled
[2026-08-15 23:32:19.126 (UTC+0800)] [33mwarn/server[0m	x509 Certificate Authentication configured, but no encrypting SecurityPolicy. This can leak credentials on the network.
[2026-08-15 23:32:19.162 (UTC+0800)] [33mwarn/application[0m	ServerUrls already set. Overriding.
[2026-08-15 23:32:19.162 (UTC+0800)] [33mwarn/server[0m	AccessControl: Unconfigured AccessControl. Users have all permissions.
[2026-08-15 23:32:19.162 (UTC+0800)] [32minfo/server[0m	AccessControl: Anonymous login is enabled
[2026-08-15 23:32:19.162 (UTC+0800)] [33mwarn/server[0m	x509 Certificate Authentication configured, but no encrypting SecurityPolicy. This can leak credentials on the network.
[2026-08-15 23:32:19.162 (UTC+0800)] [33mwarn/server[0m	x509 Certificate Authentication configured, but no encrypting SecurityPolicy. This can leak credentials on the network.
[2026-08-15 15:32:19.162 (UTC)] info/application	Sensor Server online (Client/Server mode, id=2 port=4843) | Severity=75 | SourceName=Sensor2 | EventType=application
Entering background polling mode: attempting to connect to Aggregation Server...
Connected successfully. Log forwarding started.
[2026-08-15 15:32:20.170 (UTC)] info/application	[Sensor] Updated distance: 40.15489308822662 cm | Severity=75 | SourceName=Sensor2 | EventType=application
[2026-08-15 15:32:21.133 (UTC)] info/network	[System] TCP 16	| Connection opened from "127.0.0.1" via the server socket 8 | Severity=75 | SourceName=System | EventType=network
[2026-08-15 15:32:21.133 (UTC)] info/channel	[System] TCP 16	| SC 1	| SecureChannel created | Severity=75 | SourceName=System | EventType=channel
[2026-08-15 15:32:21.164 (UTC)] info/application	[Sensor] Updated distance: 35.250112429843334 cm | Severity=75 | SourceName=Sensor2 | EventType=application
[2026-08-15 15:32:21.164 (UTC)] info/channel	[System] TCP 16	| SC 1	| OpenSecureChannel: Channel opened with SecurityMode None for SecurityPolicy http://opcfoundation.org/UA/SecurityPolicy#None and a revised lifetime of 600.0s | Severity=75 | SourceName=System | EventType=channel
[2026-08-15 15:32:21.184 (UTC)] warn/client	[System] Removing a UserTokenPolicy that would allow the password to be transmitted without encryption (Can be enabled via config->allowNonePolicyPassword) | Severity=175 | SourceName=System | EventType=client
[2026-08-15 15:32:21.184 (UTC)] warn/client	[System] Removing a UserTokenPolicy that would allow the password to be transmitted without encryption (Can be enabled via config->allowNonePolicyPassword) | Severity=175 | SourceName=System | EventType=client
[2026-08-15 15:32:21.195 (UTC)] warn/client	[System] Removing a UserTokenPolicy that would allow the password to be transmitted without encryption (Can be enabled via config->allowNonePolicyPassword) | Severity=175 | SourceName=System | EventType=client
[2026-08-15 15:32:21.195 (UTC)] warn/client	[System] Removing a UserTokenPolicy that would allow the password to be transmitted without encryption (Can be enabled via config->allowNonePolicyPassword) | Severity=175 | SourceName=System | EventType=client
[2026-08-15 15:32:21.195 (UTC)] info/session	[System] TCP 16	| SC 1	| Session "ns=1;g=13d1d2f4-07c8-21c6-4964-9649ccbc9b89"	| Session created | Severity=75 | SourceName=System | EventType=session
[2026-08-15 15:32:21.206 (UTC)] info/session	[System] TCP 16	| SC 1	| Session "ns=1;g=13d1d2f4-07c8-21c6-4964-9649ccbc9b89"	| ActivateSession: Session activated with ClientUserId "" | Severity=75 | SourceName=System | EventType=session
[2026-08-15 15:32:21.591 (UTC)] info/session	[System] TCP 16	| SC 1	| Session "ns=1;g=13d1d2f4-07c8-21c6-4964-9649ccbc9b89"	| Subscription 1 | Subscription created (Publishing interval 500.0ms, max 1000 notifications per publish) | Severity=75 | SourceName=System | EventType=session
[2026-08-15 15:32:21.611 (UTC)] info/session	[System] TCP 16	| SC 1	| Session "ns=1;g=13d1d2f4-07c8-21c6-4964-9649ccbc9b89"	| Subscription 1 | MonitoredItem 1 | Created the MonitoredItem (Sampling Interval: 250.0ms, Queue Size: 1) | Severity=75 | SourceName=System | EventType=session
[2026-08-15 15:32:22.168 (UTC)] info/application	[Sensor] Updated distance: 12.63923803467268 cm | Severity=75 | SourceName=Sensor2 | EventType=application
[2026-08-15 15:32:23.170 (UTC)] info/application	[Sensor] Updated distance: 44.17392263290189 cm | Severity=75 | SourceName=Sensor2 | EventType=application
[2026-08-15 15:32:24.221 (UTC)] info/application	[Sensor] Updated distance: 23.537142763630087 cm | Severity=75 | SourceName=Sensor2 | EventType=application
[2026-08-15 15:32:25.162 (UTC)] info/application	[Sensor] Updated distance: 26.074974458699568 cm | Severity=75 | SourceName=Sensor2 | EventType=application
[2026-08-15 15:32:26.163 (UTC)] info/application	[Sensor] Updated distance: 18.495043866566867 cm | Severity=75 | SourceName=Sensor2 | EventType=application
[2026-08-15 15:32:27.165 (UTC)] info/application	[Sensor] Updated distance: 35.30542948157779 cm | Severity=75 | SourceName=Sensor2 | EventType=application
[2026-08-15 15:32:28.167 (UTC)] info/application	[Sensor] Updated distance: 30.15131147771669 cm | Severity=75 | SourceName=Sensor2 | EventType=application
[2026-08-15 15:32:29.169 (UTC)] info/application	[Sensor] Updated distance: 13.908991334917484 cm | Severity=75 | SourceName=Sensor2 | EventType=application
[2026-08-15 15:32:30.171 (UTC)] info/application	[Sensor] Updated distance: 16.32673259746597 cm | Severity=75 | SourceName=Sensor2 | EventType=application
[2026-08-15 15:32:31.163 (UTC)] info/application	[Sensor] Updated distance: 10.098312478558306 cm | Severity=75 | SourceName=Sensor2 | EventType=application
[2026-08-15 15:32:32.165 (UTC)] info/application	[Sensor] Updated distance: 46.69056905651957 cm | Severity=75 | SourceName=Sensor2 | EventType=application
[2026-08-15 15:32:33.169 (UTC)] info/application	[Sensor] Updated distance: 12.054686476501955 cm | Severity=75 | SourceName=Sensor2 | EventType=application
[2026-08-15 15:32:34.170 (UTC)] info/application	[Sensor] Updated distance: 47.59889473654278 cm | Severity=75 | SourceName=Sensor2 | EventType=application
[2026-08-15 15:32:35.172 (UTC)] info/application	[Sensor] Updated distance: 35.608089477572626 cm | Severity=75 | SourceName=Sensor2 | EventType=application
[2026-08-15 15:32:36.164 (UTC)] info/application	[Sensor] Updated distance: 41.581534381760996 cm | Severity=75 | SourceName=Sensor2 | EventType=application
[2026-08-15 15:32:37.165 (UTC)] info/application	[Sensor] Updated distance: 19.179880112959015 cm | Severity=75 | SourceName=Sensor2 | EventType=application
[2026-08-15 15:32:38.166 (UTC)] info/application	[Sensor] Updated distance: 46.66960348033793 cm | Severity=75 | SourceName=Sensor2 | EventType=application
[2026-08-15 15:32:39.168 (UTC)] info/application	[Sensor] Updated distance: 33.623141057613836 cm | Severity=75 | SourceName=Sensor2 | EventType=application
[2026-08-15 15:32:40.170 (UTC)] info/application	[Sensor] Updated distance: 16.992999374397563 cm | Severity=75 | SourceName=Sensor2 | EventType=application
[2026-08-15 15:32:41.162 (UTC)] info/application	[Sensor] Updated distance: 43.172706198493344 cm | Severity=75 | SourceName=Sensor2 | EventType=application
[2026-08-15 15:32:42.164 (UTC)] info/application	[Sensor] Updated distance: 17.907623887019056 cm | Severity=75 | SourceName=Sensor2 | EventType=application
[2026-08-15 15:32:43.166 (UTC)] info/application	[Sensor] Updated distance: 40.72847807720698 cm | Severity=75 | SourceName=Sensor2 | EventType=application
[2026-08-15 15:32:44.168 (UTC)] info/application	[Sensor] Updated distance: 17.003477178049963 cm | Severity=75 | SourceName=Sensor2 | EventType=application
[2026-08-15 15:32:45.170 (UTC)] info/application	[Sensor] Updated distance: 33.41059666844578 cm | Severity=75 | SourceName=Sensor2 | EventType=application
[2026-08-15 15:32:46.172 (UTC)] info/application	[Sensor] Updated distance: 47.04666728388828 cm | Severity=75 | SourceName=Sensor2 | EventType=application
[2026-08-15 15:32:47.164 (UTC)] info/application	[Sensor] Updated distance: 39.2826071778697 cm | Severity=75 | SourceName=Sensor2 | EventType=application
[2026-08-15 15:32:48.166 (UTC)] info/application	[Sensor] Updated distance: 21.005810530393294 cm | Severity=75 | SourceName=Sensor2 | EventType=application
[2026-08-15 15:32:49.168 (UTC)] info/application	[Sensor] Updated distance: 23.594387496632702 cm | Severity=75 | SourceName=Sensor2 | EventType=application
[2026-08-15 15:32:50.171 (UTC)] info/application	[Sensor] Updated distance: 41.35803120180873 cm | Severity=75 | SourceName=Sensor2 | EventType=application
[2026-08-15 15:32:51.163 (UTC)] info/application	[Sensor] Updated distance: 11.160703596268176 cm | Severity=75 | SourceName=Sensor2 | EventType=application
[2026-08-15 15:32:52.165 (UTC)] info/application	[Sensor] Updated distance: 8.844499904124298 cm | Severity=75 | SourceName=Sensor2 | EventType=application
[2026-08-15 15:32:53.168 (UTC)] info/application	[Sensor] Updated distance: 3.997269236481408 cm | Severity=75 | SourceName=Sensor2 | EventType=application
[2026-08-15 15:32:54.170 (UTC)] info/application	[Sensor] Updated distance: 5.334626206818328 cm | Severity=75 | SourceName=Sensor2 | EventType=application
[2026-08-15 15:32:55.162 (UTC)] info/application	[Sensor] Updated distance: 30.381642690106126 cm | Severity=75 | SourceName=Sensor2 | EventType=application
[2026-08-15 15:32:56.165 (UTC)] info/application	[Sensor] Updated distance: 28.072243695180976 cm | Severity=75 | SourceName=Sensor2 | EventType=application
[2026-08-15 15:32:57.167 (UTC)] info/application	[Sensor] Updated distance: 21.829670095736937 cm | Severity=75 | SourceName=Sensor2 | EventType=application
[2026-08-15 15:32:58.169 (UTC)] info/application	[Sensor] Updated distance: 15.68707214933218 cm | Severity=75 | SourceName=Sensor2 | EventType=application
[2026-08-15 15:32:59.171 (UTC)] info/application	[Sensor] Updated distance: 8.223555150545927 cm | Severity=75 | SourceName=Sensor2 | EventType=application
[2026-08-15 15:33:00.164 (UTC)] info/application	[Sensor] Updated distance: 33.73866143065442 cm | Severity=75 | SourceName=Sensor2 | EventType=application
[2026-08-15 15:33:01.166 (UTC)] info/application	[Sensor] Updated distance: 30.013804746798147 cm | Severity=75 | SourceName=Sensor2 | EventType=application
[2026-08-15 15:33:02.168 (UTC)] info/application	[Sensor] Updated distance: 16.321867651455975 cm | Severity=75 | SourceName=Sensor2 | EventType=application
[2026-08-15 15:33:03.170 (UTC)] info/application	[Sensor] Updated distance: 30.429230464822254 cm | Severity=75 | SourceName=Sensor2 | EventType=application
[2026-08-15 15:33:04.162 (UTC)] info/application	[Sensor] Updated distance: 40.0684912233001 cm | Severity=75 | SourceName=Sensor2 | EventType=application
[2026-08-15 15:33:05.165 (UTC)] info/application	[Sensor] Updated distance: 13.920762365647015 cm | Severity=75 | SourceName=Sensor2 | EventType=application
[2026-08-15 15:33:06.166 (UTC)] info/application	[Sensor] Updated distance: 16.037319920043146 cm | Severity=75 | SourceName=Sensor2 | EventType=application
[2026-08-15 15:33:07.168 (UTC)] info/application	[Sensor] Updated distance: 31.65002558270936 cm | Severity=75 | SourceName=Sensor2 | EventType=application
[2026-08-15 15:33:08.170 (UTC)] info/application	[Sensor] Updated distance: 31.100642500957772 cm | Severity=75 | SourceName=Sensor2 | EventType=application
[2026-08-15 15:33:09.162 (UTC)] info/application	[Sensor] Updated distance: 12.706923400381077 cm | Severity=75 | SourceName=Sensor2 | EventType=application
[2026-08-15 15:33:10.164 (UTC)] info/application	[Sensor] Updated distance: 15.273166640323199 cm | Severity=75 | SourceName=Sensor2 | EventType=application
[2026-08-15 15:33:11.167 (UTC)] info/application	[Sensor] Updated distance: 46.09364187535534 cm | Severity=75 | SourceName=Sensor2 | EventType=application
[2026-08-15 15:33:12.170 (UTC)] info/application	[Sensor] Updated distance: 5.879629576522684 cm | Severity=75 | SourceName=Sensor2 | EventType=application
[2026-08-15 15:33:13.162 (UTC)] info/application	[Sensor] Updated distance: 31.180790527342253 cm | Severity=75 | SourceName=Sensor2 | EventType=application
[2026-08-15 15:33:14.164 (UTC)] info/application	[Sensor] Updated distance: 36.822119930210576 cm | Severity=75 | SourceName=Sensor2 | EventType=application
[2026-08-15 15:33:15.166 (UTC)] info/application	[Sensor] Updated distance: 20.883106754572644 cm | Severity=75 | SourceName=Sensor2 | EventType=application
[2026-08-15 15:33:16.168 (UTC)] info/application	[Sensor] Updated distance: 14.591387195788037 cm | Severity=75 | SourceName=Sensor2 | EventType=application
[2026-08-15 15:33:17.171 (UTC)] info/application	[Sensor] Updated distance: 33.86878721409886 cm | Severity=75 | SourceName=Sensor2 | EventType=application
[2026-08-15 15:33:18.162 (UTC)] info/application	[Sensor] Updated distance: 10.165713932442346 cm | Severity=75 | SourceName=Sensor2 | EventType=application
[2026-08-15 15:33:19.165 (UTC)] info/application	[Sensor] Updated distance: 33.597197726181335 cm | Severity=75 | SourceName=Sensor2 | EventType=application
[2026-08-15 15:33:20.166 (UTC)] info/application	[Sensor] Updated distance: 7.463174688379827 cm | Severity=75 | SourceName=Sensor2 | EventType=application
[2026-08-15 15:33:21.168 (UTC)] info/application	[Sensor] Updated distance: 49.52374513425107 cm | Severity=75 | SourceName=Sensor2 | EventType=application
[2026-08-15 15:33:22.170 (UTC)] info/application	[Sensor] Updated distance: 42.757901344801255 cm | Severity=75 | SourceName=Sensor2 | EventType=application
[2026-08-15 15:33:23.162 (UTC)] info/application	[Sensor] Updated distance: 14.307674614855868 cm | Severity=75 | SourceName=Sensor2 | EventType=application
[2026-08-15 15:33:24.164 (UTC)] info/application	[Sensor] Updated distance: 3.52101434838074 cm | Severity=75 | SourceName=Sensor2 | EventType=application
[2026-08-15 15:33:25.166 (UTC)] info/application	[Sensor] Updated distance: 46.09252755161958 cm | Severity=75 | SourceName=Sensor2 | EventType=application
[2026-08-15 15:33:26.167 (UTC)] info/application	[Sensor] Updated distance: 42.689317304961996 cm | Severity=75 | SourceName=Sensor2 | EventType=application
[2026-08-15 15:33:27.169 (UTC)] info/application	[Sensor] Updated distance: 29.593258043561715 cm | Severity=75 | SourceName=Sensor2 | EventType=application
[2026-08-15 15:33:28.170 (UTC)] info/application	[Sensor] Updated distance: 17.922197625004777 cm | Severity=75 | SourceName=Sensor2 | EventType=application
[2026-08-15 15:33:29.172 (UTC)] info/application	[Sensor] Updated distance: 8.376389431942435 cm | Severity=75 | SourceName=Sensor2 | EventType=application
[2026-08-15 15:33:30.164 (UTC)] info/application	[Sensor] Updated distance: 35.81681321645938 cm | Severity=75 | SourceName=Sensor2 | EventType=application
[2026-08-15 15:33:31.165 (UTC)] info/application	[Sensor] Updated distance: 49.6608590556592 cm | Severity=75 | SourceName=Sensor2 | EventType=application
[2026-08-15 15:33:32.168 (UTC)] info/application	[Sensor] Updated distance: 36.39019417874058 cm | Severity=75 | SourceName=Sensor2 | EventType=application
[2026-08-15 15:33:33.171 (UTC)] info/application	[Sensor] Updated distance: 2.138680845563617 cm | Severity=75 | SourceName=Sensor2 | EventType=application
[2026-08-15 15:33:34.163 (UTC)] info/application	[Sensor] Updated distance: 30.090089520481456 cm | Severity=75 | SourceName=Sensor2 | EventType=application
[2026-08-15 15:33:35.165 (UTC)] info/application	[Sensor] Updated distance: 26.458685379688944 cm | Severity=75 | SourceName=Sensor2 | EventType=application
[2026-08-15 15:33:36.167 (UTC)] info/application	[Sensor] Updated distance: 14.059443211210631 cm | Severity=75 | SourceName=Sensor2 | EventType=application
[2026-08-15 15:33:37.169 (UTC)] info/application	[Sensor] Updated distance: 44.1274094405246 cm | Severity=75 | SourceName=Sensor2 | EventType=application
[2026-08-15 15:33:38.171 (UTC)] info/application	[Sensor] Updated distance: 8.108710962398309 cm | Severity=75 | SourceName=Sensor2 | EventType=application
[2026-08-15 15:33:39.162 (UTC)] info/application	[Sensor] Updated distance: 43.1600857121684 cm | Severity=75 | SourceName=Sensor2 | EventType=application
[2026-08-15 15:33:40.165 (UTC)] info/application	[Sensor] Updated distance: 6.834332818553937 cm | Severity=75 | SourceName=Sensor2 | EventType=application
[2026-08-15 15:33:41.166 (UTC)] info/application	[Sensor] Updated distance: 21.381877602721506 cm | Severity=75 | SourceName=Sensor2 | EventType=application
[2026-08-15 15:33:42.168 (UTC)] info/application	[Sensor] Updated distance: 39.253727565172 cm | Severity=75 | SourceName=Sensor2 | EventType=application
[2026-08-15 15:33:43.170 (UTC)] info/application	[Sensor] Updated distance: 10.713962417428364 cm | Severity=75 | SourceName=Sensor2 | EventType=application
[2026-08-15 15:33:44.172 (UTC)] info/application	[Sensor] Updated distance: 2.562668107712021 cm | Severity=75 | SourceName=Sensor2 | EventType=application
[2026-08-15 15:33:45.164 (UTC)] info/application	[Sensor] Updated distance: 26.07584749538258 cm | Severity=75 | SourceName=Sensor2 | EventType=application
[2026-08-15 15:33:46.166 (UTC)] info/application	[Sensor] Updated distance: 29.59706917200101 cm | Severity=75 | SourceName=Sensor2 | EventType=application
[2026-08-15 15:33:47.168 (UTC)] info/application	[Sensor] Updated distance: 15.154055303500058 cm | Severity=75 | SourceName=Sensor2 | EventType=application
[2026-08-15 15:33:48.170 (UTC)] info/application	[Sensor] Updated distance: 9.944634687129703 cm | Severity=75 | SourceName=Sensor2 | EventType=application
[2026-08-15 15:33:49.162 (UTC)] info/application	[Sensor] Updated distance: 37.76278310444335 cm | Severity=75 | SourceName=Sensor2 | EventType=application
[2026-08-15 15:33:50.165 (UTC)] info/application	[Sensor] Updated distance: 46.751253052033135 cm | Severity=75 | SourceName=Sensor2 | EventType=application
[2026-08-15 15:33:51.167 (UTC)] info/application	[Sensor] Updated distance: 15.40780937550953 cm | Severity=75 | SourceName=Sensor2 | EventType=application
[2026-08-15 15:33:52.168 (UTC)] info/application	[Sensor] Updated distance: 37.28652823869443 cm | Severity=75 | SourceName=Sensor2 | EventType=application
[2026-08-15 15:33:53.171 (UTC)] info/application	[Sensor] Updated distance: 39.50915437448265 cm | Severity=75 | SourceName=Sensor2 | EventType=application
[2026-08-15 15:33:54.163 (UTC)] info/application	[Sensor] Updated distance: 27.7154839903654 cm | Severity=75 | SourceName=Sensor2 | EventType=application
[2026-08-15 15:33:55.166 (UTC)] info/application	[Sensor] Updated distance: 38.80754258707517 cm | Severity=75 | SourceName=Sensor2 | EventType=application
[2026-08-15 15:33:56.168 (UTC)] info/application	[Sensor] Updated distance: 35.60168190375049 cm | Severity=75 | SourceName=Sensor2 | EventType=application
[2026-08-15 15:33:57.171 (UTC)] info/application	[Sensor] Updated distance: 20.404801272975654 cm | Severity=75 | SourceName=Sensor2 | EventType=application
[2026-08-15 15:33:58.163 (UTC)] info/application	[Sensor] Updated distance: 18.400800630636883 cm | Severity=75 | SourceName=Sensor2 | EventType=application
[2026-08-15 15:33:59.165 (UTC)] info/application	[Sensor] Updated distance: 3.523879528755266 cm | Severity=75 | SourceName=Sensor2 | EventType=application
[2026-08-15 15:34:00.167 (UTC)] info/application	[Sensor] Updated distance: 26.78119070491809 cm | Severity=75 | SourceName=Sensor2 | EventType=application
[2026-08-15 15:34:01.169 (UTC)] info/application	[Sensor] Updated distance: 4.217613824744529 cm | Severity=75 | SourceName=Sensor2 | EventType=application
[2026-08-15 15:34:02.171 (UTC)] info/application	[Sensor] Updated distance: 3.1847385620627264 cm | Severity=75 | SourceName=Sensor2 | EventType=application
[2026-08-15 15:34:03.164 (UTC)] info/application	[Sensor] Updated distance: 13.171384861306931 cm | Severity=75 | SourceName=Sensor2 | EventType=application
[2026-08-15 15:34:04.166 (UTC)] info/application	[Sensor] Updated distance: 4.356294670308146 cm | Severity=75 | SourceName=Sensor2 | EventType=application
[2026-08-15 15:34:05.168 (UTC)] info/application	[Sensor] Updated distance: 31.274828082544182 cm | Severity=75 | SourceName=Sensor2 | EventType=application
[2026-08-15 15:34:06.170 (UTC)] info/application	[Sensor] Updated distance: 37.63007026334762 cm | Severity=75 | SourceName=Sensor2 | EventType=application
[2026-08-15 15:34:07.162 (UTC)] info/application	[Sensor] Updated distance: 16.41573788151878 cm | Severity=75 | SourceName=Sensor2 | EventType=application
[2026-08-15 15:34:08.164 (UTC)] info/application	[Sensor] Updated distance: 25.402237523068784 cm | Severity=75 | SourceName=Sensor2 | EventType=application
[2026-08-15 15:34:09.167 (UTC)] info/application	[Sensor] Updated distance: 43.738781225745925 cm | Severity=75 | SourceName=Sensor2 | EventType=application
[2026-08-15 15:34:10.169 (UTC)] info/application	[Sensor] Updated distance: 9.575823593687183 cm | Severity=75 | SourceName=Sensor2 | EventType=application
[2026-08-15 15:34:11.171 (UTC)] info/application	[Sensor] Updated distance: 30.23657034162272 cm | Severity=75 | SourceName=Sensor2 | EventType=application
[2026-08-15 15:34:12.164 (UTC)] info/application	[Sensor] Updated distance: 15.120658806115696 cm | Severity=75 | SourceName=Sensor2 | EventType=application
[2026-08-15 15:34:13.166 (UTC)] info/application	[Sensor] Updated distance: 46.82955115885918 cm | Severity=75 | SourceName=Sensor2 | EventType=application
[2026-08-15 15:34:14.169 (UTC)] info/application	[Sensor] Updated distance: 38.950532759051086 cm | Severity=75 | SourceName=Sensor2 | EventType=application
[2026-08-15 15:34:15.171 (UTC)] info/application	[Sensor] Updated distance: 15.683326913827717 cm | Severity=75 | SourceName=Sensor2 | EventType=application
[2026-08-15 15:34:16.162 (UTC)] info/application	[Sensor] Updated distance: 22.905398631890023 cm | Severity=75 | SourceName=Sensor2 | EventType=application
[2026-08-15 15:34:17.165 (UTC)] info/application	[Sensor] Updated distance: 18.547601931052096 cm | Severity=75 | SourceName=Sensor2 | EventType=application
[2026-08-15 15:34:18.166 (UTC)] info/application	[Sensor] Updated distance: 28.837382239679517 cm | Severity=75 | SourceName=Sensor2 | EventType=application
[2026-08-15 15:34:19.169 (UTC)] info/application	[Sensor] Updated distance: 30.850033319019726 cm | Severity=75 | SourceName=Sensor2 | EventType=application
[2026-08-15 15:34:20.170 (UTC)] info/application	[Sensor] Updated distance: 6.310385013143711 cm | Severity=75 | SourceName=Sensor2 | EventType=application
[2026-08-15 15:34:21.162 (UTC)] info/application	[Sensor] Updated distance: 25.58863526936091 cm | Severity=75 | SourceName=Sensor2 | EventType=application
[2026-08-15 15:34:22.164 (UTC)] info/application	[Sensor] Updated distance: 44.257842716881 cm | Severity=75 | SourceName=Sensor2 | EventType=application
[2026-08-15 15:34:23.166 (UTC)] info/application	[Sensor] Updated distance: 41.59691325183814 cm | Severity=75 | SourceName=Sensor2 | EventType=application
[2026-08-15 15:34:24.169 (UTC)] info/application	[Sensor] Updated distance: 15.097789621491819 cm | Severity=75 | SourceName=Sensor2 | EventType=application
[2026-08-15 15:34:25.171 (UTC)] info/application	[Sensor] Updated distance: 21.97332668489466 cm | Severity=75 | SourceName=Sensor2 | EventType=application
[2026-08-15 15:34:26.163 (UTC)] info/application	[Sensor] Updated distance: 30.404455838913307 cm | Severity=75 | SourceName=Sensor2 | EventType=application
[2026-08-15 15:34:27.165 (UTC)] info/application	[Sensor] Updated distance: 48.6994715252423 cm | Severity=75 | SourceName=Sensor2 | EventType=application
[2026-08-15 15:34:28.167 (UTC)] info/application	[Sensor] Updated distance: 40.378127980222054 cm | Severity=75 | SourceName=Sensor2 | EventType=application
[2026-08-15 15:34:29.168 (UTC)] info/application	[Sensor] Updated distance: 46.805256469550194 cm | Severity=75 | SourceName=Sensor2 | EventType=application
[2026-08-15 15:34:30.169 (UTC)] info/application	[Sensor] Updated distance: 2.22335103164583 cm | Severity=75 | SourceName=Sensor2 | EventType=application
[2026-08-15 15:34:31.171 (UTC)] info/application	[Sensor] Updated distance: 17.1593186627884 cm | Severity=75 | SourceName=Sensor2 | EventType=application
[2026-08-15 15:34:32.163 (UTC)] info/application	[Sensor] Updated distance: 49.02287029429472 cm | Severity=75 | SourceName=Sensor2 | EventType=application
[2026-08-15 15:34:33.167 (UTC)] info/application	[Sensor] Updated distance: 3.4080896160602987 cm | Severity=75 | SourceName=Sensor2 | EventType=application
[2026-08-15 15:34:34.170 (UTC)] info/application	[Sensor] Updated distance: 28.330703546447076 cm | Severity=75 | SourceName=Sensor2 | EventType=application
[2026-08-15 15:34:35.163 (UTC)] info/application	[Sensor] Updated distance: 3.3791649422511294 cm | Severity=75 | SourceName=Sensor2 | EventType=application
[2026-08-15 15:34:36.165 (UTC)] info/application	[Sensor] Updated distance: 32.682917698604484 cm | Severity=75 | SourceName=Sensor2 | EventType=application
[2026-08-15 15:34:37.167 (UTC)] info/application	[Sensor] Updated distance: 15.960773787442955 cm | Severity=75 | SourceName=Sensor2 | EventType=application
[2026-08-15 15:34:38.168 (UTC)] info/application	[Sensor] Updated distance: 17.79490282376991 cm | Severity=75 | SourceName=Sensor2 | EventType=application
[2026-08-15 15:34:39.170 (UTC)] info/application	[Sensor] Updated distance: 8.085155199321523 cm | Severity=75 | SourceName=Sensor2 | EventType=application
[2026-08-15 15:34:40.162 (UTC)] info/application	[Sensor] Updated distance: 9.699554990837143 cm | Severity=75 | SourceName=Sensor2 | EventType=application
[2026-08-15 15:34:41.164 (UTC)] info/application	[Sensor] Updated distance: 25.37072641745709 cm | Severity=75 | SourceName=Sensor2 | EventType=application
[2026-08-15 15:34:42.166 (UTC)] info/application	[Sensor] Updated distance: 36.321725563295985 cm | Severity=75 | SourceName=Sensor2 | EventType=application
[2026-08-15 15:34:43.168 (UTC)] info/application	[Sensor] Updated distance: 22.82021379695284 cm | Severity=75 | SourceName=Sensor2 | EventType=application
[2026-08-15 15:34:44.171 (UTC)] info/application	[Sensor] Updated distance: 22.200277576316275 cm | Severity=75 | SourceName=Sensor2 | EventType=application
[2026-08-15 15:34:45.163 (UTC)] info/application	[Sensor] Updated distance: 25.272258299995332 cm | Severity=75 | SourceName=Sensor2 | EventType=application
[2026-08-15 15:34:46.165 (UTC)] info/application	[Sensor] Updated distance: 36.503540710780555 cm | Severity=75 | SourceName=Sensor2 | EventType=application
[2026-08-15 15:34:47.167 (UTC)] info/application	[Sensor] Updated distance: 43.1056762082063 cm | Severity=75 | SourceName=Sensor2 | EventType=application
[2026-08-15 15:34:48.169 (UTC)] info/application	[Sensor] Updated distance: 41.81986023104743 cm | Severity=75 | SourceName=Sensor2 | EventType=application
[2026-08-15 15:34:49.172 (UTC)] info/application	[Sensor] Updated distance: 15.34092292810833 cm | Severity=75 | SourceName=Sensor2 | EventType=application
[2026-08-15 15:34:50.164 (UTC)] info/application	[Sensor] Updated distance: 23.955709527226027 cm | Severity=75 | SourceName=Sensor2 | EventType=application
[2026-08-15 15:34:51.166 (UTC)] info/application	[Sensor] Updated distance: 46.13024526654288 cm | Severity=75 | SourceName=Sensor2 | EventType=application
[2026-08-15 15:34:52.169 (UTC)] info/application	[Sensor] Updated distance: 38.92955819746924 cm | Severity=75 | SourceName=Sensor2 | EventType=application
[2026-08-15 15:34:53.171 (UTC)] info/application	[Sensor] Updated distance: 18.213552221755286 cm | Severity=75 | SourceName=Sensor2 | EventType=application
[2026-08-15 15:34:54.163 (UTC)] info/application	[Sensor] Updated distance: 37.72715849602928 cm | Severity=75 | SourceName=Sensor2 | EventType=application
[2026-08-15 15:34:55.165 (UTC)] info/application	[Sensor] Updated distance: 4.027347796609321 cm | Severity=75 | SourceName=Sensor2 | EventType=application
[2026-08-15 15:34:56.168 (UTC)] info/application	[Sensor] Updated distance: 38.186878906649945 cm | Severity=75 | SourceName=Sensor2 | EventType=application
[2026-08-15 15:34:57.170 (UTC)] info/application	[Sensor] Updated distance: 18.13161431259085 cm | Severity=75 | SourceName=Sensor2 | EventType=application
[2026-08-15 15:34:58.162 (UTC)] info/application	[Sensor] Updated distance: 2.7268193218516275 cm | Severity=75 | SourceName=Sensor2 | EventType=application
[2026-08-15 15:34:59.165 (UTC)] info/application	[Sensor] Updated distance: 28.565006864520257 cm | Severity=75 | SourceName=Sensor2 | EventType=application
[2026-08-15 15:35:00.167 (UTC)] info/application	[Sensor] Updated distance: 14.936870759789306 cm | Severity=75 | SourceName=Sensor2 | EventType=application
[2026-08-15 15:35:01.169 (UTC)] info/application	[Sensor] Updated distance: 2.950170353497458 cm | Severity=75 | SourceName=Sensor2 | EventType=application
[2026-08-15 15:35:02.172 (UTC)] info/application	[Sensor] Updated distance: 43.7243255496604 cm | Severity=75 | SourceName=Sensor2 | EventType=application
[2026-08-15 15:35:03.164 (UTC)] info/application	[Sensor] Updated distance: 13.959741031732289 cm | Severity=75 | SourceName=Sensor2 | EventType=application
[2026-08-15 15:35:04.166 (UTC)] info/application	[Sensor] Updated distance: 4.358259969557757 cm | Severity=75 | SourceName=Sensor2 | EventType=application
[2026-08-15 15:35:05.169 (UTC)] info/application	[Sensor] Updated distance: 22.055029073755733 cm | Severity=75 | SourceName=Sensor2 | EventType=application
[2026-08-15 15:35:06.170 (UTC)] info/application	[Sensor] Updated distance: 15.338905973983419 cm | Severity=75 | SourceName=Sensor2 | EventType=application
[2026-08-15 15:35:07.172 (UTC)] info/application	[Sensor] Updated distance: 35.041177690513976 cm | Severity=75 | SourceName=Sensor2 | EventType=application
[2026-08-15 15:35:08.164 (UTC)] info/application	[Sensor] Updated distance: 36.01580286119869 cm | Severity=75 | SourceName=Sensor2 | EventType=application
[2026-08-15 15:35:09.166 (UTC)] info/application	[Sensor] Updated distance: 31.133808820105067 cm | Severity=75 | SourceName=Sensor2 | EventType=application
[2026-08-15 15:35:10.168 (UTC)] info/application	[Sensor] Updated distance: 41.1263328898355 cm | Severity=75 | SourceName=Sensor2 | EventType=application
[2026-08-15 15:35:11.170 (UTC)] info/application	[Sensor] Updated distance: 43.71535785203583 cm | Severity=75 | SourceName=Sensor2 | EventType=application
[2026-08-15 15:35:12.162 (UTC)] info/application	[Sensor] Updated distance: 6.504535215210418 cm | Severity=75 | SourceName=Sensor2 | EventType=application
[2026-08-15 15:35:13.164 (UTC)] info/application	[Sensor] Updated distance: 27.448058430779753 cm | Severity=75 | SourceName=Sensor2 | EventType=application
[2026-08-15 15:35:14.166 (UTC)] info/application	[Sensor] Updated distance: 16.53557162663693 cm | Severity=75 | SourceName=Sensor2 | EventType=application
[2026-08-15 15:35:15.169 (UTC)] info/application	[Sensor] Updated distance: 26.704812791526695 cm | Severity=75 | SourceName=Sensor2 | EventType=application
[2026-08-15 15:35:16.171 (UTC)] info/application	[Sensor] Updated distance: 2.7203167307750866 cm | Severity=75 | SourceName=Sensor2 | EventType=application
[2026-08-15 15:35:17.163 (UTC)] info/application	[Sensor] Updated distance: 3.0391123150657453 cm | Severity=75 | SourceName=Sensor2 | EventType=application
[2026-08-15 15:35:18.165 (UTC)] info/application	[Sensor] Updated distance: 19.810488999732996 cm | Severity=75 | SourceName=Sensor2 | EventType=application
[2026-08-15 15:35:19.166 (UTC)] info/application	[Sensor] Updated distance: 42.54017696182252 cm | Severity=75 | SourceName=Sensor2 | EventType=application
[2026-08-15 15:35:20.168 (UTC)] info/application	[Sensor] Updated distance: 16.38003526552582 cm | Severity=75 | SourceName=Sensor2 | EventType=application
[2026-08-15 15:35:21.170 (UTC)] info/application	[Sensor] Updated distance: 41.76619852695902 cm | Severity=75 | SourceName=Sensor2 | EventType=application
[2026-08-15 15:35:22.162 (UTC)] info/application	[Sensor] Updated distance: 38.67042220601366 cm | Severity=75 | SourceName=Sensor2 | EventType=application
[2026-08-15 15:35:23.165 (UTC)] info/application	[Sensor] Updated distance: 5.309593440643322 cm | Severity=75 | SourceName=Sensor2 | EventType=application
[2026-08-15 15:35:24.167 (UTC)] info/application	[Sensor] Updated distance: 9.979750726362575 cm | Severity=75 | SourceName=Sensor2 | EventType=application
[2026-08-15 15:35:25.169 (UTC)] info/application	[Sensor] Updated distance: 26.39758070204294 cm | Severity=75 | SourceName=Sensor2 | EventType=application
[2026-08-15 15:35:26.171 (UTC)] info/application	[Sensor] Updated distance: 7.3369412596043855 cm | Severity=75 | SourceName=Sensor2 | EventType=application
[2026-08-15 15:35:27.163 (UTC)] info/application	[Sensor] Updated distance: 46.16662963301252 cm | Severity=75 | SourceName=Sensor2 | EventType=application
[2026-08-15 15:35:28.165 (UTC)] info/application	[Sensor] Updated distance: 42.52919501463379 cm | Severity=75 | SourceName=Sensor2 | EventType=application
[2026-08-15 15:35:29.167 (UTC)] info/application	[Sensor] Updated distance: 8.063760581456012 cm | Severity=75 | SourceName=Sensor2 | EventType=application
[2026-08-15 15:35:30.170 (UTC)] info/application	[Sensor] Updated distance: 24.73163649753278 cm | Severity=75 | SourceName=Sensor2 | EventType=application
[2026-08-15 15:35:31.172 (UTC)] info/application	[Sensor] Updated distance: 7.4660657744231 cm | Severity=75 | SourceName=Sensor2 | EventType=application
[2026-08-15 15:35:32.164 (UTC)] info/application	[Sensor] Updated distance: 9.013930934953471 cm | Severity=75 | SourceName=Sensor2 | EventType=application
[2026-08-15 15:35:33.167 (UTC)] info/application	[Sensor] Updated distance: 18.45596202484144 cm | Severity=75 | SourceName=Sensor2 | EventType=application
[2026-08-15 15:35:34.169 (UTC)] info/application	[Sensor] Updated distance: 19.42580680615539 cm | Severity=75 | SourceName=Sensor2 | EventType=application
[2026-08-15 15:35:35.171 (UTC)] info/application	[Sensor] Updated distance: 11.372190926862968 cm | Severity=75 | SourceName=Sensor2 | EventType=application
[2026-08-15 15:35:36.163 (UTC)] info/application	[Sensor] Updated distance: 38.510991098597174 cm | Severity=75 | SourceName=Sensor2 | EventType=application
[2026-08-15 15:35:37.164 (UTC)] info/application	[Sensor] Updated distance: 32.76471280249055 cm | Severity=75 | SourceName=Sensor2 | EventType=application
[2026-08-15 15:35:38.166 (UTC)] info/application	[Sensor] Updated distance: 44.413368617376946 cm | Severity=75 | SourceName=Sensor2 | EventType=application
[2026-08-15 15:35:39.169 (UTC)] info/application	[Sensor] Updated distance: 24.526793937444126 cm | Severity=75 | SourceName=Sensor2 | EventType=application
[2026-08-15 15:35:40.171 (UTC)] info/application	[Sensor] Updated distance: 13.898521600243878 cm | Severity=75 | SourceName=Sensor2 | EventType=application
[2026-08-15 15:35:41.163 (UTC)] info/application	[Sensor] Updated distance: 35.539701484860714 cm | Severity=75 | SourceName=Sensor2 | EventType=application
[2026-08-15 15:35:42.165 (UTC)] info/application	[Sensor] Updated distance: 18.242151767128217 cm | Severity=75 | SourceName=Sensor2 | EventType=application
[2026-08-15 15:35:43.166 (UTC)] info/application	[Sensor] Updated distance: 18.403056815454296 cm | Severity=75 | SourceName=Sensor2 | EventType=application
[2026-08-15 15:35:44.168 (UTC)] info/application	[Sensor] Updated distance: 12.987759915640465 cm | Severity=75 | SourceName=Sensor2 | EventType=application
[2026-08-15 15:35:45.170 (UTC)] info/application	[Sensor] Updated distance: 32.77772339376514 cm | Severity=75 | SourceName=Sensor2 | EventType=application
[2026-08-15 15:35:46.162 (UTC)] info/application	[Sensor] Updated distance: 43.10786962933273 cm | Severity=75 | SourceName=Sensor2 | EventType=application
[2026-08-15 15:35:47.164 (UTC)] info/application	[Sensor] Updated distance: 13.708076646415552 cm | Severity=75 | SourceName=Sensor2 | EventType=application
[2026-08-15 15:35:48.165 (UTC)] info/application	[Sensor] Updated distance: 33.816835708830894 cm | Severity=75 | SourceName=Sensor2 | EventType=application
[2026-08-15 15:35:49.167 (UTC)] info/application	[Sensor] Updated distance: 12.91835860671399 cm | Severity=75 | SourceName=Sensor2 | EventType=application
[2026-08-15 15:35:50.170 (UTC)] info/application	[Sensor] Updated distance: 6.248253585886328 cm | Severity=75 | SourceName=Sensor2 | EventType=application
[2026-08-15 15:35:51.162 (UTC)] info/application	[Sensor] Updated distance: 48.19687097435671 cm | Severity=75 | SourceName=Sensor2 | EventType=application
[2026-08-15 15:35:52.164 (UTC)] info/application	[Sensor] Updated distance: 4.6845571113212765 cm | Severity=75 | SourceName=Sensor2 | EventType=application
[2026-08-15 15:35:53.166 (UTC)] info/application	[Sensor] Updated distance: 42.91867581425173 cm | Severity=75 | SourceName=Sensor2 | EventType=application
[2026-08-15 15:35:54.168 (UTC)] info/application	[Sensor] Updated distance: 3.5064644150000364 cm | Severity=75 | SourceName=Sensor2 | EventType=application
[2026-08-15 15:35:55.170 (UTC)] info/application	[Sensor] Updated distance: 12.66430783768385 cm | Severity=75 | SourceName=Sensor2 | EventType=application
[2026-08-15 15:35:56.162 (UTC)] info/application	[Sensor] Updated distance: 19.31625649394293 cm | Severity=75 | SourceName=Sensor2 | EventType=application
[2026-08-15 15:35:57.165 (UTC)] info/application	[Sensor] Updated distance: 8.843405674604423 cm | Severity=75 | SourceName=Sensor2 | EventType=application
[2026-08-15 15:35:58.167 (UTC)] info/application	[Sensor] Updated distance: 8.83093744834463 cm | Severity=75 | SourceName=Sensor2 | EventType=application
[2026-08-15 15:35:59.169 (UTC)] info/application	[Sensor] Updated distance: 11.845451486224984 cm | Severity=75 | SourceName=Sensor2 | EventType=application
[2026-08-15 15:36:00.170 (UTC)] info/application	[Sensor] Updated distance: 14.907166256060435 cm | Severity=75 | SourceName=Sensor2 | EventType=application
[2026-08-15 15:36:01.163 (UTC)] info/application	[Sensor] Updated distance: 31.562573945877407 cm | Severity=75 | SourceName=Sensor2 | EventType=application
[2026-08-15 15:36:02.165 (UTC)] info/application	[Sensor] Updated distance: 17.311517260648085 cm | Severity=75 | SourceName=Sensor2 | EventType=application
[2026-08-15 15:36:03.168 (UTC)] info/application	[Sensor] Updated distance: 21.921097191013907 cm | Severity=75 | SourceName=Sensor2 | EventType=application
[2026-08-15 15:36:04.170 (UTC)] info/application	[Sensor] Updated distance: 48.018535970718844 cm | Severity=75 | SourceName=Sensor2 | EventType=application
[2026-08-15 15:36:05.172 (UTC)] info/application	[Sensor] Updated distance: 34.737324089155216 cm | Severity=75 | SourceName=Sensor2 | EventType=application
[2026-08-15 15:36:06.163 (UTC)] info/application	[Sensor] Updated distance: 31.293288117876873 cm | Severity=75 | SourceName=Sensor2 | EventType=application
[2026-08-15 15:36:07.166 (UTC)] info/application	[Sensor] Updated distance: 36.52952704696428 cm | Severity=75 | SourceName=Sensor2 | EventType=application
[2026-08-15 15:36:08.169 (UTC)] info/application	[Sensor] Updated distance: 17.502036869294024 cm | Severity=75 | SourceName=Sensor2 | EventType=application
[2026-08-15 15:36:09.171 (UTC)] info/application	[Sensor] Updated distance: 25.706656712902085 cm | Severity=75 | SourceName=Sensor2 | EventType=application
[2026-08-15 15:36:10.163 (UTC)] info/application	[Sensor] Updated distance: 11.056320962056667 cm | Severity=75 | SourceName=Sensor2 | EventType=application
[2026-08-15 15:36:11.166 (UTC)] info/application	[Sensor] Updated distance: 29.400558469537906 cm | Severity=75 | SourceName=Sensor2 | EventType=application
[2026-08-15 15:36:12.168 (UTC)] info/application	[Sensor] Updated distance: 11.246358197762797 cm | Severity=75 | SourceName=Sensor2 | EventType=application
[2026-08-15 15:36:13.170 (UTC)] info/application	[Sensor] Updated distance: 27.298472729184883 cm | Severity=75 | SourceName=Sensor2 | EventType=application
[2026-08-15 15:36:14.162 (UTC)] info/application	[Sensor] Updated distance: 45.8036152849922 cm | Severity=75 | SourceName=Sensor2 | EventType=application
[2026-08-15 15:36:15.164 (UTC)] info/application	[Sensor] Updated distance: 22.234118113403262 cm | Severity=75 | SourceName=Sensor2 | EventType=application
[2026-08-15 15:36:16.167 (UTC)] info/application	[Sensor] Updated distance: 10.076196100598292 cm | Severity=75 | SourceName=Sensor2 | EventType=application
[2026-08-15 15:36:17.168 (UTC)] info/application	[Sensor] Updated distance: 38.911484891973195 cm | Severity=75 | SourceName=Sensor2 | EventType=application
[2026-08-15 15:36:18.171 (UTC)] info/application	[Sensor] Updated distance: 33.94219475981882 cm | Severity=75 | SourceName=Sensor2 | EventType=application
[2026-08-15 15:36:19.163 (UTC)] info/application	[Sensor] Updated distance: 41.893031831780924 cm | Severity=75 | SourceName=Sensor2 | EventType=application
[2026-08-15 15:36:20.165 (UTC)] info/application	[Sensor] Updated distance: 49.82984349868718 cm | Severity=75 | SourceName=Sensor2 | EventType=application
[2026-08-15 15:36:21.167 (UTC)] info/application	[Sensor] Updated distance: 38.19044834570514 cm | Severity=75 | SourceName=Sensor2 | EventType=application
[2026-08-15 15:36:22.168 (UTC)] info/application	[Sensor] Updated distance: 40.0899027837859 cm | Severity=75 | SourceName=Sensor2 | EventType=application
[2026-08-15 15:36:23.170 (UTC)] info/application	[Sensor] Updated distance: 4.514400587656722 cm | Severity=75 | SourceName=Sensor2 | EventType=application
[2026-08-15 15:36:24.163 (UTC)] info/application	[Sensor] Updated distance: 31.109124137605132 cm | Severity=75 | SourceName=Sensor2 | EventType=application
[2026-08-15 15:36:25.164 (UTC)] info/application	[Sensor] Updated distance: 41.596367198785934 cm | Severity=75 | SourceName=Sensor2 | EventType=application
[2026-08-15 15:36:26.167 (UTC)] info/application	[Sensor] Updated distance: 15.178708425340572 cm | Severity=75 | SourceName=Sensor2 | EventType=application
[2026-08-15 15:36:27.168 (UTC)] info/application	[Sensor] Updated distance: 48.42538063154806 cm | Severity=75 | SourceName=Sensor2 | EventType=application
[2026-08-15 15:36:28.169 (UTC)] info/application	[Sensor] Updated distance: 48.43977287339036 cm | Severity=75 | SourceName=Sensor2 | EventType=application
[2026-08-15 15:36:29.171 (UTC)] info/application	[Sensor] Updated distance: 22.009645896036943 cm | Severity=75 | SourceName=Sensor2 | EventType=application
[2026-08-15 15:36:30.163 (UTC)] info/application	[Sensor] Updated distance: 10.270832117773049 cm | Severity=75 | SourceName=Sensor2 | EventType=application
[2026-08-15 15:36:31.166 (UTC)] info/application	[Sensor] Updated distance: 13.346939107099054 cm | Severity=75 | SourceName=Sensor2 | EventType=application
[2026-08-15 15:36:32.168 (UTC)] info/application	[Sensor] Updated distance: 3.572219819562612 cm | Severity=75 | SourceName=Sensor2 | EventType=application
[2026-08-15 15:36:33.171 (UTC)] info/application	[Sensor] Updated distance: 25.58234937842113 cm | Severity=75 | SourceName=Sensor2 | EventType=application
[2026-08-15 15:36:34.163 (UTC)] info/application	[Sensor] Updated distance: 33.2680363204647 cm | Severity=75 | SourceName=Sensor2 | EventType=application
[2026-08-15 15:36:35.165 (UTC)] info/application	[Sensor] Updated distance: 49.5907558126332 cm | Severity=75 | SourceName=Sensor2 | EventType=application
[2026-08-15 15:36:36.167 (UTC)] info/application	[Sensor] Updated distance: 10.319673445224609 cm | Severity=75 | SourceName=Sensor2 | EventType=application
[2026-08-15 15:36:37.169 (UTC)] info/application	[Sensor] Updated distance: 14.561324415989835 cm | Severity=75 | SourceName=Sensor2 | EventType=application
[2026-08-15 15:36:38.162 (UTC)] info/application	[Sensor] Updated distance: 36.120282837245746 cm | Severity=75 | SourceName=Sensor2 | EventType=application
[2026-08-15 15:36:39.165 (UTC)] info/application	[Sensor] Updated distance: 25.821710314518636 cm | Severity=75 | SourceName=Sensor2 | EventType=application
[2026-08-15 15:36:40.167 (UTC)] info/application	[Sensor] Updated distance: 38.26798115124366 cm | Severity=75 | SourceName=Sensor2 | EventType=application
[2026-08-15 15:36:41.170 (UTC)] info/application	[Sensor] Updated distance: 45.176603821654155 cm | Severity=75 | SourceName=Sensor2 | EventType=application
[2026-08-15 15:36:42.162 (UTC)] info/application	[Sensor] Updated distance: 5.2222687617048 cm | Severity=75 | SourceName=Sensor2 | EventType=application
[2026-08-15 15:36:43.164 (UTC)] info/application	[Sensor] Updated distance: 47.514339349006455 cm | Severity=75 | SourceName=Sensor2 | EventType=application
[2026-08-15 15:36:44.166 (UTC)] info/application	[Sensor] Updated distance: 22.475076528487296 cm | Severity=75 | SourceName=Sensor2 | EventType=application
[2026-08-15 15:36:45.168 (UTC)] info/application	[Sensor] Updated distance: 49.02588406904874 cm | Severity=75 | SourceName=Sensor2 | EventType=application
[2026-08-15 15:36:46.169 (UTC)] info/application	[Sensor] Updated distance: 19.748457440057983 cm | Severity=75 | SourceName=Sensor2 | EventType=application
[2026-08-15 15:36:47.171 (UTC)] info/application	[Sensor] Updated distance: 30.55127265143733 cm | Severity=75 | SourceName=Sensor2 | EventType=application
[2026-08-15 15:36:48.163 (UTC)] info/application	[Sensor] Updated distance: 37.9373689386702 cm | Severity=75 | SourceName=Sensor2 | EventType=application
[2026-08-15 15:36:49.164 (UTC)] info/application	[Sensor] Updated distance: 3.6906521775250565 cm | Severity=75 | SourceName=Sensor2 | EventType=application
[2026-08-15 15:36:50.167 (UTC)] info/application	[Sensor] Updated distance: 22.44430446086652 cm | Severity=75 | SourceName=Sensor2 | EventType=application
[2026-08-15 15:36:51.169 (UTC)] info/application	[Sensor] Updated distance: 37.76721243735739 cm | Severity=75 | SourceName=Sensor2 | EventType=application
[2026-08-15 15:36:52.171 (UTC)] info/application	[Sensor] Updated distance: 39.8811005232302 cm | Severity=75 | SourceName=Sensor2 | EventType=application
[2026-08-15 15:36:53.163 (UTC)] info/application	[Sensor] Updated distance: 12.534207222300678 cm | Severity=75 | SourceName=Sensor2 | EventType=application
[2026-08-15 15:36:54.165 (UTC)] info/application	[Sensor] Updated distance: 40.2816130250141 cm | Severity=75 | SourceName=Sensor2 | EventType=application
[2026-08-15 15:36:55.167 (UTC)] info/application	[Sensor] Updated distance: 20.99022466083533 cm | Severity=75 | SourceName=Sensor2 | EventType=application
[2026-08-15 15:36:56.168 (UTC)] info/application	[Sensor] Updated distance: 4.1305744210866155 cm | Severity=75 | SourceName=Sensor2 | EventType=application
[2026-08-15 15:36:57.171 (UTC)] info/application	[Sensor] Updated distance: 5.460321450354681 cm | Severity=75 | SourceName=Sensor2 | EventType=application
[2026-08-15 15:36:58.163 (UTC)] info/application	[Sensor] Updated distance: 19.415605270031655 cm | Severity=75 | SourceName=Sensor2 | EventType=application
[2026-08-15 15:36:59.165 (UTC)] info/application	[Sensor] Updated distance: 2.5703472721252343 cm | Severity=75 | SourceName=Sensor2 | EventType=application
[2026-08-15 15:37:00.168 (UTC)] info/application	[Sensor] Updated distance: 25.469967346391623 cm | Severity=75 | SourceName=Sensor2 | EventType=application
[2026-08-15 15:37:01.170 (UTC)] info/application	[Sensor] Updated distance: 27.686437387804702 cm | Severity=75 | SourceName=Sensor2 | EventType=application
[2026-08-15 15:37:02.163 (UTC)] info/application	[Sensor] Updated distance: 13.91728640157603 cm | Severity=75 | SourceName=Sensor2 | EventType=application
[2026-08-15 15:37:03.166 (UTC)] info/application	[Sensor] Updated distance: 27.042187165954235 cm | Severity=75 | SourceName=Sensor2 | EventType=application
[2026-08-15 15:37:04.168 (UTC)] info/application	[Sensor] Updated distance: 3.2687867662258383 cm | Severity=75 | SourceName=Sensor2 | EventType=application
[2026-08-15 15:37:05.171 (UTC)] info/application	[Sensor] Updated distance: 45.18532272204073 cm | Severity=75 | SourceName=Sensor2 | EventType=application
[2026-08-15 15:37:06.163 (UTC)] info/application	[Sensor] Updated distance: 26.6329429562357 cm | Severity=75 | SourceName=Sensor2 | EventType=application
[2026-08-15 15:37:07.165 (UTC)] info/application	[Sensor] Updated distance: 11.588460211450448 cm | Severity=75 | SourceName=Sensor2 | EventType=application
[2026-08-15 15:37:08.167 (UTC)] info/application	[Sensor] Updated distance: 9.746647115678828 cm | Severity=75 | SourceName=Sensor2 | EventType=application
[2026-08-15 15:37:09.170 (UTC)] info/application	[Sensor] Updated distance: 12.753225793481443 cm | Severity=75 | SourceName=Sensor2 | EventType=application
[2026-08-15 15:37:10.162 (UTC)] info/application	[Sensor] Updated distance: 35.41017054832083 cm | Severity=75 | SourceName=Sensor2 | EventType=application
[2026-08-15 15:37:11.164 (UTC)] info/application	[Sensor] Updated distance: 46.014628266922486 cm | Severity=75 | SourceName=Sensor2 | EventType=application
[2026-08-15 15:37:12.166 (UTC)] info/application	[Sensor] Updated distance: 7.929829592783856 cm | Severity=75 | SourceName=Sensor2 | EventType=application
[2026-08-15 15:37:13.168 (UTC)] info/application	[Sensor] Updated distance: 38.632439310025624 cm | Severity=75 | SourceName=Sensor2 | EventType=application
[2026-08-15 15:37:14.170 (UTC)] info/application	[Sensor] Updated distance: 43.52896759357721 cm | Severity=75 | SourceName=Sensor2 | EventType=application
[2026-08-15 15:37:15.163 (UTC)] info/application	[Sensor] Updated distance: 28.40490612127115 cm |