[PSPOOF] Connecting to aggregation_server@4840 (anonymous)...
[2026-08-17 04:29:00.375 (UTC+0800)] [32minfo/network[0m	TCP 8	| Opening a connection to "127.0.0.1" on port 4840
[2026-08-17 04:29:00.478 (UTC+0800)] [32minfo/channel[0m	TCP 8	| SC 9	| SecureChannel opened with SecurityMode None for SecurityPolicy http://opcfoundation.org/UA/SecurityPolicy#None and a revised lifetime of 600.0s
[2026-08-17 04:29:00.478 (UTC+0800)] [32minfo/client[0m	Client Status: ChannelState: Open, SessionState: Closed, ConnectStatus: Good
[2026-08-17 04:29:00.479 (UTC+0800)] [32minfo/client[0m	The initially defined EndpointURL opc.tcp://127.0.0.1:4840 is valid for the server
[2026-08-17 04:29:00.479 (UTC+0800)] [33mwarn/client[0m	The server returned Endpoints with a different EndpointUrl opc.tcp://MSI:4840 than was used to initialize the connection: opc.tcp://127.0.0.1:4840. Some servers require a complete match of the EndpointUrl/DiscoveryUrl (including the path) to return all endpoints.
[2026-08-17 04:29:00.479 (UTC+0800)] [32minfo/client[0m	Endpoint 0: Best endpoint so far with UserTokenPolicy open62541-anonymous-policy-none#None
[2026-08-17 04:29:00.479 (UTC+0800)] [32minfo/client[0m	Endpoint 0 selected with SecurityMode None, SecurityPolicy http://opcfoundation.org/UA/SecurityPolicy#None and UserTokenPolicy open62541-anonymous-policy-none#None
[2026-08-17 04:29:00.479 (UTC+0800)] [32minfo/client[0m	CreateSession: Using UserTokenPolicy open62541-anonymous-policy-none#None
[2026-08-17 04:29:00.480 (UTC+0800)] [32minfo/client[0m	Client Status: ChannelState: Open, SessionState: Created, ConnectStatus: Good
[2026-08-17 04:29:00.480 (UTC+0800)] [32minfo/client[0m	ActivateSession: Using UserTokenPolicy open62541-anonymous-policy-none#None
[2026-08-17 04:29:00.481 (UTC+0800)] [32minfo/client[0m	Client Status: ChannelState: Open, SessionState: Activated, ConnectStatus: Good
[PSPOOF] Connecting to sensor@opc.tcp://127.0.0.1:4843 for reconnaissance...
[2026-08-17 04:29:00.482 (UTC+0800)] [32minfo/network[0m	TCP 14	| Opening a connection to "127.0.0.1" on port 4843
[2026-08-17 04:29:00.509 (UTC+0800)] [32minfo/channel[0m	TCP 14	| SC 2	| SecureChannel opened with SecurityMode None for SecurityPolicy http://opcfoundation.org/UA/SecurityPolicy#None and a revised lifetime of 600.0s
[2026-08-17 04:29:00.509 (UTC+0800)] [32minfo/client[0m	Client Status: ChannelState: Open, SessionState: Closed, ConnectStatus: Good
[2026-08-17 04:29:00.519 (UTC+0800)] [32minfo/client[0m	The initially defined EndpointURL opc.tcp://127.0.0.1:4843 is valid for the server
[2026-08-17 04:29:00.530 (UTC+0800)] [33mwarn/client[0m	The server returned Endpoints with a different EndpointUrl opc.tcp://MSI:4843 than was used to initialize the connection: opc.tcp://127.0.0.1:4843. Some servers require a complete match of the EndpointUrl/DiscoveryUrl (including the path) to return all endpoints.
[2026-08-17 04:29:00.530 (UTC+0800)] [32minfo/client[0m	Endpoint 0: Best endpoint so far with UserTokenPolicy open62541-anonymous-policy-none#None
[2026-08-17 04:29:00.530 (UTC+0800)] [32minfo/client[0m	Endpoint 0 selected with SecurityMode None, SecurityPolicy http://opcfoundation.org/UA/SecurityPolicy#None and UserTokenPolicy open62541-anonymous-policy-none#None
[2026-08-17 04:29:00.530 (UTC+0800)] [32minfo/client[0m	CreateSession: Using UserTokenPolicy open62541-anonymous-policy-none#None
[2026-08-17 04:29:00.541 (UTC+0800)] [32minfo/client[0m	Client Status: ChannelState: Open, SessionState: Created, ConnectStatus: Good
[2026-08-17 04:29:00.541 (UTC+0800)] [32minfo/client[0m	ActivateSession: Using UserTokenPolicy open62541-anonymous-policy-none#None
[2026-08-17 04:29:00.551 (UTC+0800)] [32minfo/client[0m	Client Status: ChannelState: Open, SessionState: Activated, ConnectStatus: Good
[PSPOOF] Lurking 300 s, injecting 5 physics-aware fake logs as Sensor2...
[PSPOOF] t=72s base=17.719 injected(as Sensor2): [2026-08-16 20:30:12.208 (UTC)] info/application	[Sensor] Updated distance: 17.4586376080795 cm | Severity=75 | SourceName=Sensor2 | EventType=application
[PSPOOF] t=101s base=17.698 injected(as Sensor2): [2026-08-16 20:30:41.034 (UTC)] info/application	[Sensor] Updated distance: 17.9309188768644 cm | Severity=75 | SourceName=Sensor2 | EventType=application
[PSPOOF] t=105s base=16.743 injected(as Sensor2): [2026-08-16 20:30:45.044 (UTC)] info/application	[Sensor] Updated distance: 16.9831865500813 cm | Severity=75 | SourceName=Sensor2 | EventType=application
[PSPOOF] t=132s base=22.024 injected(as Sensor2): [2026-08-16 20:31:12.063 (UTC)] info/application	[Sensor] Updated distance: 21.4098091666399 cm | Severity=75 | SourceName=Sensor2 | EventType=application
[PSPOOF] t=267s base=16.102 injected(as Sensor2): [2026-08-16 20:33:27.149 (UTC)] info/application	[Sensor] Updated distance: 15.9396692445453 cm | Severity=75 | SourceName=Sensor2 | EventType=application
[PSPOOF] Done (5/5 injected). Disconnecting.
[2026-08-17 04:34:00.167 (UTC+0800)] [32minfo/channel[0m	TCP 8	| SC 9	| SecureChannel closed
[2026-08-17 04:34:00.167 (UTC+0800)] [32minfo/client[0m	Client Status: ChannelState: Closed, SessionState: Closed, ConnectStatus: BadConnectionClosed
[2026-08-17 04:34:00.167 (UTC+0800)] [32minfo/network[0m	TCP 8	| Socket closed
[2026-08-17 04:34:00.269 (UTC+0800)] [32minfo/channel[0m	TCP 14	| SC 2	| SecureChannel closed
[2026-08-17 04:34:00.269 (UTC+0800)] [32minfo/client[0m	Client Status: ChannelState: Closed, SessionState: Closed, ConnectStatus: BadConnectionClosed
[2026-08-17 04:34:00.269 (UTC+0800)] [32minfo/network[0m	TCP 14	| Socket closed
