[2026-08-17 04:28:55.366 (UTC+0800)] [33mwarn/server[0m	AccessControl: Unconfigured AccessControl. Users have all permissions.
[2026-08-17 04:28:55.366 (UTC+0800)] [32minfo/server[0m	AccessControl: Anonymous login is enabled
[2026-08-17 04:28:55.366 (UTC+0800)] [33mwarn/server[0m	x509 Certificate Authentication configured, but no encrypting SecurityPolicy. This can leak credentials on the network.
[2026-08-17 04:28:55.403 (UTC+0800)] [33mwarn/application[0m	ServerUrls already set. Overriding.
[2026-08-17 04:28:55.403 (UTC+0800)] [33mwarn/server[0m	AccessControl: Unconfigured AccessControl. Users have all permissions.
[2026-08-17 04:28:55.403 (UTC+0800)] [32minfo/server[0m	AccessControl: Anonymous login is enabled
[2026-08-17 04:28:55.403 (UTC+0800)] [33mwarn/server[0m	x509 Certificate Authentication configured, but no encrypting SecurityPolicy. This can leak credentials on the network.
[2026-08-17 04:28:55.403 (UTC+0800)] [33mwarn/server[0m	x509 Certificate Authentication configured, but no encrypting SecurityPolicy. This can leak credentials on the network.
[2026-08-16 20:28:55.404 (UTC)] info/application	Sensor Server online (Client/Server mode, id=1 port=4842) | Severity=75 | SourceName=Sensor | EventType=application
Entering background polling mode: attempting to connect to Aggregation Server...
Connected successfully. Log forwarding started.
[2026-08-16 20:28:56.409 (UTC)] info/application	[Sensor] Updated distance: 24.5707473391996 cm | Severity=75 | SourceName=Sensor | EventType=application
[2026-08-16 20:28:57.380 (UTC)] info/network	[System] TCP 16	| Connection opened from "127.0.0.1" via the server socket 8 | Severity=75 | SourceName=System | EventType=network
[2026-08-16 20:28:57.380 (UTC)] info/channel	[System] TCP 16	| SC 1	| SecureChannel created | Severity=75 | SourceName=System | EventType=channel
[2026-08-16 20:28:57.400 (UTC)] info/channel	[System] TCP 16	| SC 1	| OpenSecureChannel: Channel opened with SecurityMode None for SecurityPolicy http://opcfoundation.org/UA/SecurityPolicy#None and a revised lifetime of 600.0s | Severity=75 | SourceName=System | EventType=channel
[2026-08-16 20:28:57.410 (UTC)] info/application	[Sensor] Updated distance: 25.7333352545897 cm | Severity=75 | SourceName=Sensor | EventType=application
[2026-08-16 20:28:57.421 (UTC)] warn/client	[System] Removing a UserTokenPolicy that would allow the password to be transmitted without encryption (Can be enabled via config->allowNonePolicyPassword) | Severity=175 | SourceName=System | EventType=client
[2026-08-16 20:28:57.421 (UTC)] warn/client	[System] Removing a UserTokenPolicy that would allow the password to be transmitted without encryption (Can be enabled via config->allowNonePolicyPassword) | Severity=175 | SourceName=System | EventType=client
[2026-08-16 20:28:57.431 (UTC)] warn/client	[System] Removing a UserTokenPolicy that would allow the password to be transmitted without encryption (Can be enabled via config->allowNonePolicyPassword) | Severity=175 | SourceName=System | EventType=client
[2026-08-16 20:28:57.431 (UTC)] warn/client	[System] Removing a UserTokenPolicy that would allow the password to be transmitted without encryption (Can be enabled via config->allowNonePolicyPassword) | Severity=175 | SourceName=System | EventType=client
[2026-08-16 20:28:57.431 (UTC)] info/session	[System] TCP 16	| SC 1	| Session "ns=1;g=fcaca42f-e079-b025-bccb-7cd7e8ce1ca1"	| Session created | Severity=75 | SourceName=System | EventType=session
[2026-08-16 20:28:57.442 (UTC)] info/session	[System] TCP 16	| SC 1	| Session "ns=1;g=fcaca42f-e079-b025-bccb-7cd7e8ce1ca1"	| ActivateSession: Session activated with ClientUserId "" | Severity=75 | SourceName=System | EventType=session
[2026-08-16 20:28:57.827 (UTC)] info/session	[System] TCP 16	| SC 1	| Session "ns=1;g=fcaca42f-e079-b025-bccb-7cd7e8ce1ca1"	| Subscription 1 | Subscription created (Publishing interval 500.0ms, max 1000 notifications per publish) | Severity=75 | SourceName=System | EventType=session
[2026-08-16 20:28:57.848 (UTC)] info/session	[System] TCP 16	| SC 1	| Session "ns=1;g=fcaca42f-e079-b025-bccb-7cd7e8ce1ca1"	| Subscription 1 | MonitoredItem 1 | Created the MonitoredItem (Sampling Interval: 250.0ms, Queue Size: 1) | Severity=75 | SourceName=System | EventType=session
[2026-08-16 20:28:58.404 (UTC)] info/application	[Sensor] Updated distance: 25.0135136980161 cm | Severity=75 | SourceName=Sensor | EventType=application
[2026-08-16 20:28:58.404 (UTC)] info/network	[System] TCP 17	| Connection opened from "127.0.0.1" via the server socket 8 | Severity=75 | SourceName=System | EventType=network
[2026-08-16 20:28:58.404 (UTC)] info/channel	[System] TCP 17	| SC 2	| SecureChannel created | Severity=75 | SourceName=System | EventType=channel
[2026-08-16 20:28:58.424 (UTC)] info/channel	[System] TCP 17	| SC 2	| OpenSecureChannel: Channel opened with SecurityMode None for SecurityPolicy http://opcfoundation.org/UA/SecurityPolicy#None and a revised lifetime of 600.0s | Severity=75 | SourceName=System | EventType=channel
[2026-08-16 20:28:58.445 (UTC)] warn/client	[System] Removing a UserTokenPolicy that would allow the password to be transmitted without encryption (Can be enabled via config->allowNonePolicyPassword) | Severity=175 | SourceName=System | EventType=client
[2026-08-16 20:28:58.445 (UTC)] warn/client	[System] Removing a UserTokenPolicy that would allow the password to be transmitted without encryption (Can be enabled via config->allowNonePolicyPassword) | Severity=175 | SourceName=System | EventType=client
[2026-08-16 20:28:58.455 (UTC)] warn/client	[System] Removing a UserTokenPolicy that would allow the password to be transmitted without encryption (Can be enabled via config->allowNonePolicyPassword) | Severity=175 | SourceName=System | EventType=client
[2026-08-16 20:28:58.455 (UTC)] warn/client	[System] Removing a UserTokenPolicy that would allow the password to be transmitted without encryption (Can be enabled via config->allowNonePolicyPassword) | Severity=175 | SourceName=System | EventType=client
[2026-08-16 20:28:58.457 (UTC)] info/session	[System] TCP 17	| SC 2	| Session "ns=1;g=d340933d-f904-7c12-f75f-45946086f84f"	| Session created | Severity=75 | SourceName=System | EventType=session
[2026-08-16 20:28:58.467 (UTC)] info/session	[System] TCP 17	| SC 2	| Session "ns=1;g=d340933d-f904-7c12-f75f-45946086f84f"	| ActivateSession: Session activated with ClientUserId "" | Severity=75 | SourceName=System | EventType=session
[2026-08-16 20:29:00.488 (UTC)] info/application	[Sensor] Updated distance: 24.822886627085 cm | Severity=75 | SourceName=Sensor | EventType=application
[2026-08-16 20:29:00.488 (UTC)] info/session	[System] TCP 17	| SC 2	| Session "ns=1;g=d340933d-f904-7c12-f75f-45946086f84f"	| Subscription 2 | Subscription created (Publishing interval 500.0ms, max 1000 notifications per publish) | Severity=75 | SourceName=System | EventType=session
[2026-08-16 20:29:00.488 (UTC)] info/network	[System] TCP 18	| Connection opened from "127.0.0.1" via the server socket 8 | Severity=75 | SourceName=System | EventType=network
[2026-08-16 20:29:00.488 (UTC)] info/channel	[System] TCP 18	| SC 3	| SecureChannel created | Severity=75 | SourceName=System | EventType=channel
[2026-08-16 20:29:00.509 (UTC)] info/channel	[System] TCP 18	| SC 3	| OpenSecureChannel: Channel opened with SecurityMode None for SecurityPolicy http://opcfoundation.org/UA/SecurityPolicy#None and a revised lifetime of 600.0s | Severity=75 | SourceName=System | EventType=channel
[2026-08-16 20:29:00.529 (UTC)] warn/client	[System] Removing a UserTokenPolicy that would allow the password to be transmitted without encryption (Can be enabled via config->allowNonePolicyPassword) | Severity=175 | SourceName=System | EventType=client
[2026-08-16 20:29:00.529 (UTC)] warn/client	[System] Removing a UserTokenPolicy that would allow the password to be transmitted without encryption (Can be enabled via config->allowNonePolicyPassword) | Severity=175 | SourceName=System | EventType=client
[2026-08-16 20:29:00.540 (UTC)] warn/client	[System] Removing a UserTokenPolicy that would allow the password to be transmitted without encryption (Can be enabled via config->allowNonePolicyPassword) | Severity=175 | SourceName=System | EventType=client
[2026-08-16 20:29:00.540 (UTC)] warn/client	[System] Removing a UserTokenPolicy that would allow the password to be transmitted without encryption (Can be enabled via config->allowNonePolicyPassword) | Severity=175 | SourceName=System | EventType=client
[2026-08-16 20:29:00.541 (UTC)] info/session	[System] TCP 18	| SC 3	| Session "ns=1;g=9b71ff17-a1b3-db4e-bb3b-23a275e7ae7a"	| Session created | Severity=75 | SourceName=System | EventType=session
[2026-08-16 20:29:00.551 (UTC)] info/session	[System] TCP 18	| SC 3	| Session "ns=1;g=9b71ff17-a1b3-db4e-bb3b-23a275e7ae7a"	| ActivateSession: Session activated with ClientUserId "" | Severity=75 | SourceName=System | EventType=session
[2026-08-16 20:29:01.492 (UTC)] info/application	[Sensor] Updated distance: 26.1627751172813 cm | Severity=75 | SourceName=Sensor | EventType=application
[2026-08-16 20:29:02.492 (UTC)] info/application	[Sensor] Updated distance: 25.6884322216215 cm | Severity=75 | SourceName=Sensor | EventType=application
[2026-08-16 20:29:03.492 (UTC)] info/application	[Sensor] Updated distance: 26.7699598186975 cm | Severity=75 | SourceName=Sensor | EventType=application
[2026-08-16 20:29:04.491 (UTC)] info/application	[Sensor] Updated distance: 26.0624047778837 cm | Severity=75 | SourceName=Sensor | EventType=application
[2026-08-16 20:29:05.492 (UTC)] info/application	[Sensor] Updated distance: 25.6511388580087 cm | Severity=75 | SourceName=Sensor | EventType=application
[2026-08-16 20:29:06.491 (UTC)] info/application	[Sensor] Updated distance: 27.0135441268857 cm | Severity=75 | SourceName=Sensor | EventType=application
[2026-08-16 20:29:07.491 (UTC)] info/application	[Sensor] Updated distance: 27.032924629996 cm | Severity=75 | SourceName=Sensor | EventType=application
[2026-08-16 20:29:08.491 (UTC)] info/application	[Sensor] Updated distance: 27.7322637670358 cm | Severity=75 | SourceName=Sensor | EventType=application
[2026-08-16 20:29:09.491 (UTC)] info/application	[Sensor] Updated distance: 26.3571699368102 cm | Severity=75 | SourceName=Sensor | EventType=application
[2026-08-16 20:29:10.491 (UTC)] info/application	[Sensor] Updated distance: 26.6062633640162 cm | Severity=75 | SourceName=Sensor | EventType=application
[2026-08-16 20:29:11.491 (UTC)] info/application	[Sensor] Updated distance: 27.9991916993164 cm | Severity=75 | SourceName=Sensor | EventType=application
[2026-08-16 20:29:12.492 (UTC)] info/application	[Sensor] Updated distance: 28.0736767980613 cm | Severity=75 | SourceName=Sensor | EventType=application
[2026-08-16 20:29:13.492 (UTC)] info/application	[Sensor] Updated distance: 27.8383209245924 cm | Severity=75 | SourceName=Sensor | EventType=application
[2026-08-16 20:29:14.492 (UTC)] info/application	[Sensor] Updated distance: 28.5689752039355 cm | Severity=75 | SourceName=Sensor | EventType=application
[2026-08-16 20:29:15.492 (UTC)] info/application	[Sensor] Updated distance: 29.1887673431489 cm | Severity=75 | SourceName=Sensor | EventType=application
[2026-08-16 20:29:16.492 (UTC)] info/application	[Sensor] Updated distance: 28.3133521086133 cm | Severity=75 | SourceName=Sensor | EventType=application
[2026-08-16 20:29:17.492 (UTC)] info/application	[Sensor] Updated distance: 27.7454605574 cm | Severity=75 | SourceName=Sensor | EventType=application
[2026-08-16 20:29:18.491 (UTC)] info/application	[Sensor] Updated distance: 27.5972327960642 cm | Severity=75 | SourceName=Sensor | EventType=application
[2026-08-16 20:29:19.491 (UTC)] info/application	[Sensor] Updated distance: 26.6687342548597 cm | Severity=75 | SourceName=Sensor | EventType=application
[2026-08-16 20:29:20.491 (UTC)] info/application	[Sensor] Updated distance: 27.1110956399288 cm | Severity=75 | SourceName=Sensor | EventType=application
[2026-08-16 20:29:21.491 (UTC)] info/application	[Sensor] Updated distance: 27.1270480214744 cm | Severity=75 | SourceName=Sensor | EventType=application
[2026-08-16 20:29:22.492 (UTC)] info/application	[Sensor] Updated distance: 28.4288672289945 cm | Severity=75 | SourceName=Sensor | EventType=application
[2026-08-16 20:29:23.492 (UTC)] info/application	[Sensor] Updated distance: 28.9139060338093 cm | Severity=75 | SourceName=Sensor | EventType=application
[2026-08-16 20:29:24.492 (UTC)] info/application	[Sensor] Updated distance: 28.6703205591395 cm | Severity=75 | SourceName=Sensor | EventType=application
[2026-08-16 20:29:25.492 (UTC)] info/application	[Sensor] Updated distance: 27.958093513948 cm | Severity=75 | SourceName=Sensor | EventType=application
[2026-08-16 20:29:26.492 (UTC)] info/application	[Sensor] Updated distance: 29.3621642651791 cm | Severity=75 | SourceName=Sensor | EventType=application
[2026-08-16 20:29:27.492 (UTC)] info/application	[Sensor] Updated distance: 29.1244916420544 cm | Severity=75 | SourceName=Sensor | EventType=application
[2026-08-16 20:29:28.492 (UTC)] info/application	[Sensor] Updated distance: 28.4830119374595 cm | Severity=75 | SourceName=Sensor | EventType=application
[2026-08-16 20:29:29.491 (UTC)] info/application	[Sensor] Updated distance: 29.5496706026838 cm | Severity=75 | SourceName=Sensor | EventType=application
[2026-08-16 20:29:30.491 (UTC)] info/application	[Sensor] Updated distance: 30.0921764229854 cm | Severity=75 | SourceName=Sensor | EventType=application
[2026-08-16 20:29:31.491 (UTC)] info/application	[Sensor] Updated distance: 30.7600696474593 cm | Severity=75 | SourceName=Sensor | EventType=application
[2026-08-16 20:29:32.491 (UTC)] info/application	[Sensor] Updated distance: 31.6666168014829 cm | Severity=75 | SourceName=Sensor | EventType=application
[2026-08-16 20:29:33.491 (UTC)] info/application	[Sensor] Updated distance: 30.2347797261247 cm | Severity=75 | SourceName=Sensor | EventType=application
[2026-08-16 20:29:34.490 (UTC)] info/application	[Sensor] Updated distance: 30.4842005462778 cm | Severity=75 | SourceName=Sensor | EventType=application
[2026-08-16 20:29:35.490 (UTC)] info/application	[Sensor] Updated distance: 29.1831926580906 cm | Severity=75 | SourceName=Sensor | EventType=application
[2026-08-16 20:29:36.490 (UTC)] info/application	[Sensor] Updated distance: 28.8400896628574 cm | Severity=75 | SourceName=Sensor | EventType=application
[2026-08-16 20:29:37.490 (UTC)] info/application	[Sensor] Updated distance: 28.9519157518874 cm | Severity=75 | SourceName=Sensor | EventType=application
[2026-08-16 20:29:38.490 (UTC)] info/application	[Sensor] Updated distance: 29.1702883668105 cm | Severity=75 | SourceName=Sensor | EventType=application
[2026-08-16 20:29:39.490 (UTC)] info/application	[Sensor] Updated distance: 28.0265245072201 cm | Severity=75 | SourceName=Sensor | EventType=application
[2026-08-16 20:29:40.490 (UTC)] info/application	[Sensor] Updated distance: 28.2632567660246 cm | Severity=75 | SourceName=Sensor | EventType=application
[2026-08-16 20:29:41.490 (UTC)] info/application	[Sensor] Updated distance: 27.2307228081537 cm | Severity=75 | SourceName=Sensor | EventType=application
[2026-08-16 20:29:42.490 (UTC)] info/application	[Sensor] Updated distance: 25.9798872838634 cm | Severity=75 | SourceName=Sensor | EventType=application
[2026-08-16 20:29:43.491 (UTC)] info/application	[Sensor] Updated distance: 24.7911046400159 cm | Severity=75 | SourceName=Sensor | EventType=application
[2026-08-16 20:29:44.491 (UTC)] info/application	[Sensor] Updated distance: 25.023214808676 cm | Severity=75 | SourceName=Sensor | EventType=application
[2026-08-16 20:29:45.491 (UTC)] info/application	[Sensor] Updated distance: 26.0030335637289 cm | Severity=75 | SourceName=Sensor | EventType=application
[2026-08-16 20:29:46.491 (UTC)] info/application	[Sensor] Updated distance: 26.9340430590948 cm | Severity=75 | SourceName=Sensor | EventType=application
[2026-08-16 20:29:47.491 (UTC)] info/application	[Sensor] Updated distance: 27.7907379946163 cm | Severity=75 | SourceName=Sensor | EventType=application
[2026-08-16 20:29:48.491 (UTC)] info/application	[Sensor] Updated distance: 26.7026651970589 cm | Severity=75 | SourceName=Sensor | EventType=application
[2026-08-16 20:29:49.491 (UTC)] info/application	[Sensor] Updated distance: 25.985446929692 cm | Severity=75 | SourceName=Sensor | EventType=application
[2026-08-16 20:29:50.491 (UTC)] info/application	[Sensor] Updated distance: 27.413643324009 cm | Severity=75 | SourceName=Sensor | EventType=application
[2026-08-16 20:29:51.491 (UTC)] info/application	[Sensor] Updated distance: 28.2679319115206 cm | Severity=75 | SourceName=Sensor | EventType=application
[2026-08-16 20:29:52.491 (UTC)] info/application	[Sensor] Updated distance: 29.0666660270964 cm | Severity=75 | SourceName=Sensor | EventType=application
[2026-08-16 20:29:53.492 (UTC)] info/application	[Sensor] Updated distance: 30.2966816275365 cm | Severity=75 | SourceName=Sensor | EventType=application
[2026-08-16 20:29:54.492 (UTC)] info/application	[Sensor] Updated distance: 30.1360090184659 cm | Severity=75 | SourceName=Sensor | EventType=application
[2026-08-16 20:29:55.492 (UTC)] info/application	[Sensor] Updated distance: 29.1911576579749 cm | Severity=75 | SourceName=Sensor | EventType=application
[2026-08-16 20:29:56.493 (UTC)] info/application	[Sensor] Updated distance: 28.2089462132235 cm | Severity=75 | SourceName=Sensor | EventType=application
[2026-08-16 20:29:57.493 (UTC)] info/application	[Sensor] Updated distance: 27.9523443539871 cm | Severity=75 | SourceName=Sensor | EventType=application
[2026-08-16 20:29:58.494 (UTC)] info/application	[Sensor] Updated distance: 28.2698203717684 cm | Severity=75 | SourceName=Sensor | EventType=application
[2026-08-16 20:29:59.495 (UTC)] info/application	[Sensor] Updated distance: 28.146129222422 cm | Severity=75 | SourceName=Sensor | EventType=application
[2026-08-16 20:30:00.495 (UTC)] info/application	[Sensor] Updated distance: 27.4561860270129 cm | Severity=75 | SourceName=Sensor | EventType=application
[2026-08-16 20:30:01.496 (UTC)] info/application	[Sensor] Updated distance: 26.8161678636988 cm | Severity=75 | SourceName=Sensor | EventType=application
[2026-08-16 20:30:02.497 (UTC)] info/application	[Sensor] Updated distance: 25.8603699374294 cm | Severity=75 | SourceName=Sensor | EventType=application
[2026-08-16 20:30:03.497 (UTC)] info/application	[Sensor] Updated distance: 24.5769738960438 cm | Severity=75 | SourceName=Sensor | EventType=application
[2026-08-16 20:30:04.488 (UTC)] info/application	[Sensor] Updated distance: 24.0051186573716 cm | Severity=75 | SourceName=Sensor | EventType=application
[2026-08-16 20:30:05.488 (UTC)] info/application	[Sensor] Updated distance: 24.7987415512552 cm | Severity=75 | SourceName=Sensor | EventType=application
[2026-08-16 20:30:06.489 (UTC)] info/application	[Sensor] Updated distance: 23.7143376216825 cm | Severity=75 | SourceName=Sensor | EventType=application
[2026-08-16 20:30:07.489 (UTC)] info/application	[Sensor] Updated distance: 24.299379387777 cm | Severity=75 | SourceName=Sensor | EventType=application
[2026-08-16 20:30:08.489 (UTC)] info/application	[Sensor] Updated distance: 23.7048283692938 cm | Severity=75 | SourceName=Sensor | EventType=application
[2026-08-16 20:30:09.489 (UTC)] info/application	[Sensor] Updated distance: 24.3387970560411 cm | Severity=75 | SourceName=Sensor | EventType=application
[2026-08-16 20:30:10.490 (UTC)] info/application	[Sensor] Updated distance: 25.2800749639422 cm | Severity=75 | SourceName=Sensor | EventType=application
[2026-08-16 20:30:11.490 (UTC)] info/application	[Sensor] Updated distance: 26.4222562042634 cm | Severity=75 | SourceName=Sensor | EventType=application
[2026-08-16 20:30:12.490 (UTC)] info/application	[Sensor] Updated distance: 27.5236909331399 cm | Severity=75 | SourceName=Sensor | EventType=application
[2026-08-16 20:30:13.490 (UTC)] info/application	[Sensor] Updated distance: 28.7141333167507 cm | Severity=75 | SourceName=Sensor | EventType=application
[2026-08-16 20:30:14.491 (UTC)] info/application	[Sensor] Updated distance: 30.1675319132244 cm | Severity=75 | SourceName=Sensor | EventType=application
[2026-08-16 20:30:15.492 (UTC)] info/application	[Sensor] Updated distance: 30.001076809364 cm | Severity=75 | SourceName=Sensor | EventType=application
[2026-08-16 20:30:16.492 (UTC)] info/application	[Sensor] Updated distance: 30.6713379466307 cm | Severity=75 | SourceName=Sensor | EventType=application
[2026-08-16 20:30:17.492 (UTC)] info/application	[Sensor] Updated distance: 31.5557460370733 cm | Severity=75 | SourceName=Sensor | EventType=application
[2026-08-16 20:30:18.493 (UTC)] info/application	[Sensor] Updated distance: 30.7459858673373 cm | Severity=75 | SourceName=Sensor | EventType=application
[2026-08-16 20:30:19.493 (UTC)] info/application	[Sensor] Updated distance: 31.8281742084437 cm | Severity=75 | SourceName=Sensor | EventType=application
[2026-08-16 20:30:20.494 (UTC)] info/application	[Sensor] Updated distance: 30.4953640315195 cm | Severity=75 | SourceName=Sensor | EventType=application
[2026-08-16 20:30:21.494 (UTC)] info/application	[Sensor] Updated distance: 29.6138002561004 cm | Severity=75 | SourceName=Sensor | EventType=application
[2026-08-16 20:30:22.495 (UTC)] info/application	[Sensor] Updated distance: 30.0502771833214 cm | Severity=75 | SourceName=Sensor | EventType=application
[2026-08-16 20:30:23.495 (UTC)] info/application	[Sensor] Updated distance: 31.016201121973 cm | Severity=75 | SourceName=Sensor | EventType=application
[2026-08-16 20:30:24.495 (UTC)] info/application	[Sensor] Updated distance: 29.864652945597 cm | Severity=75 | SourceName=Sensor | EventType=application
[2026-08-16 20:30:25.495 (UTC)] info/application	[Sensor] Updated distance: 28.6404572637475 cm | Severity=75 | SourceName=Sensor | EventType=application
[2026-08-16 20:30:26.495 (UTC)] info/application	[Sensor] Updated distance: 27.1615298405111 cm | Severity=75 | SourceName=Sensor | EventType=application
[2026-08-16 20:30:27.496 (UTC)] info/application	[Sensor] Updated distance: 26.5277702193837 cm | Severity=75 | SourceName=Sensor | EventType=application
[2026-08-16 20:30:28.496 (UTC)] info/application	[Sensor] Updated distance: 26.5469726782977 cm | Severity=75 | SourceName=Sensor | EventType=application
[2026-08-16 20:30:29.496 (UTC)] info/application	[Sensor] Updated distance: 26.8855212728426 cm | Severity=75 | SourceName=Sensor | EventType=application
[2026-08-16 20:30:30.497 (UTC)] info/application	[Sensor] Updated distance: 27.6280705023688 cm | Severity=75 | SourceName=Sensor | EventType=application
[2026-08-16 20:30:31.497 (UTC)] info/application	[Sensor] Updated distance: 28.4573297672706 cm | Severity=75 | SourceName=Sensor | EventType=application
[2026-08-16 20:30:32.498 (UTC)] info/application	[Sensor] Updated distance: 29.6558601998984 cm | Severity=75 | SourceName=Sensor | EventType=application
[2026-08-16 20:30:33.488 (UTC)] info/application	[Sensor] Updated distance: 30.9426115031553 cm | Severity=75 | SourceName=Sensor | EventType=application
[2026-08-16 20:30:34.488 (UTC)] info/application	[Sensor] Updated distance: 31.9884747266716 cm | Severity=75 | SourceName=Sensor | EventType=application
[2026-08-16 20:30:35.489 (UTC)] info/application	[Sensor] Updated distance: 31.1151499192301 cm | Severity=75 | SourceName=Sensor | EventType=application
[2026-08-16 20:30:36.489 (UTC)] info/application	[Sensor] Updated distance: 31.6955241163706 cm | Severity=75 | SourceName=Sensor | EventType=application
[2026-08-16 20:30:37.489 (UTC)] info/application	[Sensor] Updated distance: 33.1569834103142 cm | Severity=75 | SourceName=Sensor | EventType=application
[2026-08-16 20:30:38.489 (UTC)] info/application	[Sensor] Updated distance: 34.3687003703642 cm | Severity=75 | SourceName=Sensor | EventType=application
[2026-08-16 20:30:39.489 (UTC)] info/application	[Sensor] Updated distance: 35.8545235490215 cm | Severity=75 | SourceName=Sensor | EventType=application
[2026-08-16 20:30:40.489 (UTC)] info/application	[Sensor] Updated distance: 36.4499515283154 cm | Severity=75 | SourceName=Sensor | EventType=application
[2026-08-16 20:30:41.490 (UTC)] info/application	[Sensor] Updated distance: 37.1029463948696 cm | Severity=75 | SourceName=Sensor | EventType=application
[2026-08-16 20:30:42.490 (UTC)] info/application	[Sensor] Updated distance: 38.2309508138481 cm | Severity=75 | SourceName=Sensor | EventType=application
[2026-08-16 20:30:43.490 (UTC)] info/application	[Sensor] Updated distance: 38.4278135206214 cm | Severity=75 | SourceName=Sensor | EventType=application
[2026-08-16 20:30:44.489 (UTC)] info/application	[Sensor] Updated distance: 38.7712507693895 cm | Severity=75 | SourceName=Sensor | EventType=application
[2026-08-16 20:30:45.490 (UTC)] info/application	[Sensor] Updated distance: 39.8526537834446 cm | Severity=75 | SourceName=Sensor | EventType=application
[2026-08-16 20:30:46.490 (UTC)] info/application	[Sensor] Updated distance: 38.3830613863576 cm | Severity=75 | SourceName=Sensor | EventType=application
[2026-08-16 20:30:47.490 (UTC)] info/application	[Sensor] Updated distance: 37.8967597709954 cm | Severity=75 | SourceName=Sensor | EventType=application
[2026-08-16 20:30:48.490 (UTC)] info/application	[Sensor] Updated distance: 38.3625708754932 cm | Severity=75 | SourceName=Sensor | EventType=application
[2026-08-16 20:30:49.490 (UTC)] info/application	[Sensor] Updated distance: 37.5832183086701 cm | Severity=75 | SourceName=Sensor | EventType=application
[2026-08-16 20:30:50.490 (UTC)] info/application	[Sensor] Updated distance: 36.6791050330173 cm | Severity=75 | SourceName=Sensor | EventType=application
[2026-08-16 20:30:51.490 (UTC)] info/application	[Sensor] Updated distance: 37.3121059605908 cm | Severity=75 | SourceName=Sensor | EventType=application
[2026-08-16 20:30:52.490 (UTC)] info/application	[Sensor] Updated distance: 37.1511896183487 cm | Severity=75 | SourceName=Sensor | EventType=application
[2026-08-16 20:30:53.490 (UTC)] info/application	[Sensor] Updated distance: 38.1835532713139 cm | Severity=75 | SourceName=Sensor | EventType=application
[2026-08-16 20:30:54.491 (UTC)] info/application	[Sensor] Updated distance: 38.282478136142 cm | Severity=75 | SourceName=Sensor | EventType=application
[2026-08-16 20:30:55.491 (UTC)] info/application	[Sensor] Updated distance: 38.470013618921 cm | Severity=75 | SourceName=Sensor | EventType=application
[2026-08-16 20:30:56.492 (UTC)] info/application	[Sensor] Updated distance: 39.7781815900366 cm | Severity=75 | SourceName=Sensor | EventType=application
[2026-08-16 20:30:57.492 (UTC)] info/application	[Sensor] Updated distance: 39.8981790316283 cm | Severity=75 | SourceName=Sensor | EventType=application
[2026-08-16 20:30:58.493 (UTC)] info/application	[Sensor] Updated distance: 40.9519548932798 cm | Severity=75 | SourceName=Sensor | EventType=application
[2026-08-16 20:30:59.493 (UTC)] info/application	[Sensor] Updated distance: 40.7793253219125 cm | Severity=75 | SourceName=Sensor | EventType=application
[2026-08-16 20:31:00.493 (UTC)] info/application	[Sensor] Updated distance: 39.7378713580491 cm | Severity=75 | SourceName=Sensor | EventType=application
[2026-08-16 20:31:01.493 (UTC)] info/application	[Sensor] Updated distance: 40.0341964492268 cm | Severity=75 | SourceName=Sensor | EventType=application
[2026-08-16 20:31:02.493 (UTC)] info/application	[Sensor] Updated distance: 39.1908261413643 cm | Severity=75 | SourceName=Sensor | EventType=application
[2026-08-16 20:31:03.494 (UTC)] info/application	[Sensor] Updated distance: 37.8479026087317 cm | Severity=75 | SourceName=Sensor | EventType=application
[2026-08-16 20:31:04.494 (UTC)] info/application	[Sensor] Updated distance: 37.9309790017693 cm | Severity=75 | SourceName=Sensor | EventType=application
[2026-08-16 20:31:05.495 (UTC)] info/application	[Sensor] Updated distance: 36.6334719160262 cm | Severity=75 | SourceName=Sensor | EventType=application
[2026-08-16 20:31:06.495 (UTC)] info/application	[Sensor] Updated distance: 35.9172235759521 cm | Severity=75 | SourceName=Sensor | EventType=application
[2026-08-16 20:31:07.496 (UTC)] info/application	[Sensor] Updated distance: 35.0806741647332 cm | Severity=75 | SourceName=Sensor | EventType=application
[2026-08-16 20:31:08.496 (UTC)] info/application	[Sensor] Updated distance: 33.7446263729337 cm | Severity=75 | SourceName=Sensor | EventType=application
[2026-08-16 20:31:09.496 (UTC)] info/application	[Sensor] Updated distance: 32.7400949915127 cm | Severity=75 | SourceName=Sensor | EventType=application
[2026-08-16 20:31:10.496 (UTC)] info/application	[Sensor] Updated distance: 31.889368758951 cm | Severity=75 | SourceName=Sensor | EventType=application
[2026-08-16 20:31:11.497 (UTC)] info/application	[Sensor] Updated distance: 32.6487489464454 cm | Severity=75 | SourceName=Sensor | EventType=application
[2026-08-16 20:31:12.488 (UTC)] info/application	[Sensor] Updated distance: 33.7972124315786 cm | Severity=75 | SourceName=Sensor | EventType=application
[2026-08-16 20:31:13.488 (UTC)] info/application	[Sensor] Updated distance: 32.5744906165984 cm | Severity=75 | SourceName=Sensor | EventType=application
[2026-08-16 20:31:14.488 (UTC)] info/application	[Sensor] Updated distance: 32.0307335108662 cm | Severity=75 | SourceName=Sensor | EventType=application
[2026-08-16 20:31:15.489 (UTC)] info/application	[Sensor] Updated distance: 32.0226342433703 cm | Severity=75 | SourceName=Sensor | EventType=application
[2026-08-16 20:31:16.489 (UTC)] info/application	[Sensor] Updated distance: 33.3813154424454 cm | Severity=75 | SourceName=Sensor | EventType=application
[2026-08-16 20:31:17.490 (UTC)] info/application	[Sensor] Updated distance: 32.8679659396261 cm | Severity=75 | SourceName=Sensor | EventType=application
[2026-08-16 20:31:18.490 (UTC)] info/application	[Sensor] Updated distance: 33.873565058165 cm | Severity=75 | SourceName=Sensor | EventType=application
[2026-08-16 20:31:19.491 (UTC)] info/application	[Sensor] Updated distance: 34.1980573603409 cm | Severity=75 | SourceName=Sensor | EventType=application
[2026-08-16 20:31:20.491 (UTC)] info/application	[Sensor] Updated distance: 34.4053552906985 cm | Severity=75 | SourceName=Sensor | EventType=application
[2026-08-16 20:31:21.491 (UTC)] info/application	[Sensor] Updated distance: 33.0068411321877 cm | Severity=75 | SourceName=Sensor | EventType=application
[2026-08-16 20:31:22.491 (UTC)] info/application	[Sensor] Updated distance: 32.4643343605401 cm | Severity=75 | SourceName=Sensor | EventType=application
[2026-08-16 20:31:23.491 (UTC)] info/application	[Sensor] Updated distance: 31.0107159486556 cm | Severity=75 | SourceName=Sensor | EventType=application
[2026-08-16 20:31:24.492 (UTC)] info/application	[Sensor] Updated distance: 32.14456544311 cm | Severity=75 | SourceName=Sensor | EventType=application
[2026-08-16 20:31:25.492 (UTC)] info/application	[Sensor] Updated distance: 33.2009835362905 cm | Severity=75 | SourceName=Sensor | EventType=application
[2026-08-16 20:31:26.493 (UTC)] info/application	[Sensor] Updated distance: 33.4349006071849 cm | Severity=75 | SourceName=Sensor | EventType=application
[2026-08-16 20:31:27.493 (UTC)] info/application	[Sensor] Updated distance: 34.376918071358 cm | Severity=75 | SourceName=Sensor | EventType=application
[2026-08-16 20:31:28.494 (UTC)] info/application	[Sensor] Updated distance: 34.0533336061301 cm | Severity=75 | SourceName=Sensor | EventType=application
[2026-08-16 20:31:29.494 (UTC)] info/application	[Sensor] Updated distance: 33.8410265372792 cm | Severity=75 | SourceName=Sensor | EventType=application
[2026-08-16 20:31:30.495 (UTC)] info/application	[Sensor] Updated distance: 33.1104144300848 cm | Severity=75 | SourceName=Sensor | EventType=application
[2026-08-16 20:31:31.495 (UTC)] info/application	[Sensor] Updated distance: 33.2453760009936 cm | Severity=75 | SourceName=Sensor | EventType=application
[2026-08-16 20:31:32.496 (UTC)] info/application	[Sensor] Updated distance: 31.8293940219234 cm | Severity=75 | SourceName=Sensor | EventType=application
[2026-08-16 20:31:33.496 (UTC)] info/application	[Sensor] Updated distance: 31.7554116068666 cm | Severity=75 | SourceName=Sensor | EventType=application
[2026-08-16 20:31:34.497 (UTC)] info/application	[Sensor] Updated distance: 32.0474496451428 cm | Severity=75 | SourceName=Sensor | EventType=application
[2026-08-16 20:31:35.498 (UTC)] info/application	[Sensor] Updated distance: 32.2145440605071 cm | Severity=75 | SourceName=Sensor | EventType=application
[2026-08-16 20:31:36.488 (UTC)] info/application	[Sensor] Updated distance: 32.3430545611042 cm | Severity=75 | SourceName=Sensor | EventType=application
[2026-08-16 20:31:37.489 (UTC)] info/application	[Sensor] Updated distance: 33.4188442593063 cm | Severity=75 | SourceName=Sensor | EventType=application
[2026-08-16 20:31:38.489 (UTC)] info/application	[Sensor] Updated distance: 34.2493892634518 cm | Severity=75 | SourceName=Sensor | EventType=application
[2026-08-16 20:31:39.489 (UTC)] info/application	[Sensor] Updated distance: 34.5418519722493 cm | Severity=75 | SourceName=Sensor | EventType=application
[2026-08-16 20:31:40.489 (UTC)] info/application	[Sensor] Updated distance: 33.1131102890303 cm | Severity=75 | SourceName=Sensor | EventType=application
[2026-08-16 20:31:41.489 (UTC)] info/application	[Sensor] Updated distance: 34.5929290606142 cm | Severity=75 | SourceName=Sensor | EventType=application
[2026-08-16 20:31:42.490 (UTC)] info/application	[Sensor] Updated distance: 34.1447719555091 cm | Severity=75 | SourceName=Sensor | EventType=application
[2026-08-16 20:31:43.490 (UTC)] info/application	[Sensor] Updated distance: 35.3644937574233 cm | Severity=75 | SourceName=Sensor | EventType=application
[2026-08-16 20:31:44.490 (UTC)] info/application	[Sensor] Updated distance: 34.12159071263 cm | Severity=75 | SourceName=Sensor | EventType=application
[2026-08-16 20:31:45.491 (UTC)] info/application	[Sensor] Updated distance: 34.6296765017927 cm | Severity=75 | SourceName=Sensor | EventType=application
[2026-08-16 20:31:46.491 (UTC)] info/application	[Sensor] Updated distance: 34.341299036211 cm | Severity=75 | SourceName=Sensor | EventType=application
[2026-08-16 20:31:47.491 (UTC)] info/application	[Sensor] Updated distance: 32.9570771904928 cm | Severity=75 | SourceName=Sensor | EventType=application
[2026-08-16 20:31:48.492 (UTC)] info/application	[Sensor] Updated distance: 34.4518134768363 cm | Severity=75 | SourceName=Sensor | EventType=application
[2026-08-16 20:31:49.492 (UTC)] info/application	[Sensor] Updated distance: 33.6690351283965 cm | Severity=75 | SourceName=Sensor | EventType=application
[2026-08-16 20:31:50.492 (UTC)] info/application	[Sensor] Updated distance: 34.1093055848542 cm | Severity=75 | SourceName=Sensor | EventType=application
[2026-08-16 20:31:51.492 (UTC)] info/application	[Sensor] Updated distance: 34.3113398015552 cm | Severity=75 | SourceName=Sensor | EventType=application
[2026-08-16 20:31:52.493 (UTC)] info/application	[Sensor] Updated distance: 33.6300472946046 cm | Severity=75 | SourceName=Sensor | EventType=application
[2026-08-16 20:31:53.493 (UTC)] info/application	[Sensor] Updated distance: 35.0278109808117 cm | Severity=75 | SourceName=Sensor | EventType=application
[2026-08-16 20:31:54.493 (UTC)] info/application	[Sensor] Updated distance: 35.2762267856283 cm | Severity=75 | SourceName=Sensor | EventType=application
[2026-08-16 20:31:55.494 (UTC)] info/application	[Sensor] Updated distance: 34.2287837731321 cm | Severity=75 | SourceName=Sensor | EventType=application
[2026-08-16 20:31:56.494 (UTC)] info/application	[Sensor] Updated distance: 35.1829655511226 cm | Severity=75 | SourceName=Sensor | EventType=application
[2026-08-16 20:31:57.495 (UTC)] info/application	[Sensor] Updated distance: 34.1652984254367 cm | Severity=75 | SourceName=Sensor | EventType=application
[2026-08-16 20:31:58.495 (UTC)] info/application	[Sensor] Updated distance: 35.5598728771135 cm | Severity=75 | SourceName=Sensor | EventType=application
[2026-08-16 20:31:59.495 (UTC)] info/application	[Sensor] Updated distance: 34.6904701884792 cm | Severity=75 | SourceName=Sensor | EventType=application
[2026-08-16 20:32:00.495 (UTC)] info/application	[Sensor] Updated distance: 34.9604959939423 cm | Severity=75 | SourceName=Sensor | EventType=application
[2026-08-16 20:32:01.495 (UTC)] info/application	[Sensor] Updated distance: 34.1244583370278 cm | Severity=75 | SourceName=Sensor | EventType=application
[2026-08-16 20:32:02.495 (UTC)] info/application	[Sensor] Updated distance: 34.8900172193023 cm | Severity=75 | SourceName=Sensor | EventType=application
[2026-08-16 20:32:03.496 (UTC)] info/application	[Sensor] Updated distance: 35.2440610470921 cm | Severity=75 | SourceName=Sensor | EventType=application
[2026-08-16 20:32:04.496 (UTC)] info/application	[Sensor] Updated distance: 35.8340409765179 cm | Severity=75 | SourceName=Sensor | EventType=application
[2026-08-16 20:32:05.497 (UTC)] info/application	[Sensor] Updated distance: 35.3916378956715 cm | Severity=75 | SourceName=Sensor | EventType=application
[2026-08-16 20:32:06.497 (UTC)] info/application	[Sensor] Updated distance: 34.4127761374288 cm | Severity=75 | SourceName=Sensor | EventType=application
[2026-08-16 20:32:07.497 (UTC)] info/application	[Sensor] Updated distance: 33.6312665660546 cm | Severity=75 | SourceName=Sensor | EventType=application
[2026-08-16 20:32:08.497 (UTC)] info/application	[Sensor] Updated distance: 32.7646531834103 cm | Severity=75 | SourceName=Sensor | EventType=application
[2026-08-16 20:32:09.488 (UTC)] info/application	[Sensor] Updated distance: 34.116336429313 cm | Severity=75 | SourceName=Sensor | EventType=application
[2026-08-16 20:32:10.488 (UTC)] info/application	[Sensor] Updated distance: 35.1272895667364 cm | Severity=75 | SourceName=Sensor | EventType=application
[2026-08-16 20:32:11.489 (UTC)] info/application	[Sensor] Updated distance: 34.3319345008731 cm | Severity=75 | SourceName=Sensor | EventType=application
[2026-08-16 20:32:12.489 (UTC)] info/application	[Sensor] Updated distance: 35.6634365183597 cm | Severity=75 | SourceName=Sensor | EventType=application
[2026-08-16 20:32:13.489 (UTC)] info/application	[Sensor] Updated distance: 34.726232549281 cm | Severity=75 | SourceName=Sensor | EventType=application
[2026-08-16 20:32:14.489 (UTC)] info/application	[Sensor] Updated distance: 33.6505992839349 cm | Severity=75 | SourceName=Sensor | EventType=application
[2026-08-16 20:32:15.490 (UTC)] info/application	[Sensor] Updated distance: 32.2391982552313 cm | Severity=75 | SourceName=Sensor | EventType=application
[2026-08-16 20:32:16.490 (UTC)] info/application	[Sensor] Updated distance: 33.3100800767122 cm | Severity=75 | SourceName=Sensor | EventType=application
[2026-08-16 20:32:17.491 (UTC)] info/application	[Sensor] Updated distance: 33.4460693457844 cm | Severity=75 | SourceName=Sensor | EventType=application
[2026-08-16 20:32:18.491 (UTC)] info/application	[Sensor] Updated distance: 32.1504464713626 cm | Severity=75 | SourceName=Sensor | EventType=application
[2026-08-16 20:32:19.492 (UTC)] info/application	[Sensor] Updated distance: 33.21606457779 cm | Severity=75 | SourceName=Sensor | EventType=application
[2026-08-16 20:32:20.492 (UTC)] info/application	[Sensor] Updated distance: 34.0692754984225 cm | Severity=75 | SourceName=Sensor | EventType=application
[2026-08-16 20:32:21.493 (UTC)] info/application	[Sensor] Updated distance: 34.7139230818553 cm | Severity=75 | SourceName=Sensor | EventType=application
[2026-08-16 20:32:22.493 (UTC)] info/application	[Sensor] Updated distance: 34.4815754035868 cm | Severity=75 | SourceName=Sensor | EventType=application
[2026-08-16 20:32:23.494 (UTC)] info/application	[Sensor] Updated distance: 33.1534938172687 cm | Severity=75 | SourceName=Sensor | EventType=application
[2026-08-16 20:32:24.494 (UTC)] info/application	[Sensor] Updated distance: 33.6959050855115 cm | Severity=75 | SourceName=Sensor | EventType=application
[2026-08-16 20:32:25.494 (UTC)] info/application	[Sensor] Updated distance: 32.2119732106626 cm | Severity=75 | SourceName=Sensor | EventType=application
[2026-08-16 20:32:26.495 (UTC)] info/application	[Sensor] Updated distance: 31.3364486118483 cm | Severity=75 | SourceName=Sensor | EventType=application
[2026-08-16 20:32:27.495 (UTC)] info/application	[Sensor] Updated distance: 31.3330416566846 cm | Severity=75 | SourceName=Sensor | EventType=application
[2026-08-16 20:32:28.495 (UTC)] info/application	[Sensor] Updated distance: 30.3314426561498 cm | Severity=75 | SourceName=Sensor | EventType=application
[2026-08-16 20:32:29.496 (UTC)] info/application	[Sensor] Updated distance: 29.3504925076154 cm | Severity=75 | SourceName=Sensor | EventType=application
[2026-08-16 20:32:30.497 (UTC)] info/application	[Sensor] Updated distance: 29.9776828652144 cm | Severity=75 | SourceName=Sensor | EventType=application
[2026-08-16 20:32:31.497 (UTC)] info/application	[Sensor] Updated distance: 30.7461096715397 cm | Severity=75 | SourceName=Sensor | EventType=application
[2026-08-16 20:32:32.497 (UTC)] info/application	[Sensor] Updated distance: 30.4291218674877 cm | Severity=75 | SourceName=Sensor | EventType=application
[2026-08-16 20:32:33.488 (UTC)] info/application	[Sensor] Updated distance: 30.3218711059643 cm | Severity=75 | SourceName=Sensor | EventType=application
[2026-08-16 20:32:34.488 (UTC)] info/application	[Sensor] Updated distance: 29.9443417386824 cm | Severity=75 | SourceName=Sensor | EventType=application
[2026-08-16 20:32:35.488 (UTC)] info/application	[Sensor] Updated distance: 28.7173338626592 cm | Severity=75 | SourceName=Sensor | EventType=application
[2026-08-16 20:32:36.489 (UTC)] info/application	[Sensor] Updated distance: 29.6676800216863 cm | Severity=75 | SourceName=Sensor | EventType=application
[2026-08-16 20:32:37.489 (UTC)] info/application	[Sensor] Updated distance: 29.8112888961617 cm | Severity=75 | SourceName=Sensor | EventType=application
[2026-08-16 20:32:38.489 (UTC)] info/application	[Sensor] Updated distance: 29.3027714487644 cm | Severity=75 | SourceName=Sensor | EventType=application
[2026-08-16 20:32:39.489 (UTC)] info/application	[Sensor] Updated distance: 27.8865042237502 cm | Severity=75 | SourceName=Sensor | EventType=application
[2026-08-16 20:32:40.489 (UTC)] info/application	[Sensor] Updated distance: 27.8817963427314 cm | Severity=75 | SourceName=Sensor | EventType=application
[2026-08-16 20:32:41.489 (UTC)] info/application	[Sensor] Updated distance: 26.8842320313604 cm | Severity=75 | SourceName=Sensor | EventType=application
[2026-08-16 20:32:42.490 (UTC)] info/application	[Sensor] Updated distance: 26.1726097404829 cm | Severity=75 | SourceName=Sensor | EventType=application
[2026-08-16 20:32:43.490 (UTC)] info/application	[Sensor] Updated distance: 25.9994038755537 cm | Severity=75 | SourceName=Sensor | EventType=application
[2026-08-16 20:32:44.490 (UTC)] info/application	[Sensor] Updated distance: 25.564635595104 cm | Severity=75 | SourceName=Sensor | EventType=application
[2026-08-16 20:32:45.489 (UTC)] info/application	[Sensor] Updated distance: 25.2773800388805 cm | Severity=75 | SourceName=Sensor | EventType=application
[2026-08-16 20:32:46.489 (UTC)] info/application	[Sensor] Updated distance: 25.1927731466446 cm | Severity=75 | SourceName=Sensor | EventType=application
[2026-08-16 20:32:47.489 (UTC)] info/application	[Sensor] Updated distance: 24.3288866862789 cm | Severity=75 | SourceName=Sensor | EventType=application
[2026-08-16 20:32:48.489 (UTC)] info/application	[Sensor] Updated distance: 25.6776204005245 cm | Severity=75 | SourceName=Sensor | EventType=application
[2026-08-16 20:32:49.488 (UTC)] info/application	[Sensor] Updated distance: 25.7973906338669 cm | Severity=75 | SourceName=Sensor | EventType=application
[2026-08-16 20:32:50.488 (UTC)] info/application	[Sensor] Updated distance: 24.4991222799286 cm | Severity=75 | SourceName=Sensor | EventType=application
[2026-08-16 20:32:51.498 (UTC)] info/application	[Sensor] Updated distance: 25.2010669134097 cm | Severity=75 | SourceName=Sensor | EventType=application
[2026-08-16 20:32:52.497 (UTC)] info/application	[Sensor] Updated distance: 24.4654847287878 cm | Severity=75 | SourceName=Sensor | EventType=application
[2026-08-16 20:32:53.497 (UTC)] info/application	[Sensor] Updated distance: 24.4348686965811 cm | Severity=75 | SourceName=Sensor | EventType=application
[2026-08-16 20:32:54.497 (UTC)] info/application	[Sensor] Updated distance: 25.308731743744 cm | Severity=75 | SourceName=Sensor | EventType=application
[2026-08-16 20:32:55.488 (UTC)] info/application	[Sensor] Updated distance: 26.615560827365 cm | Severity=75 | SourceName=Sensor | EventType=application
[2026-08-16 20:32:56.498 (UTC)] info/application	[Sensor] Updated distance: 26.6010129217063 cm | Severity=75 | SourceName=Sensor | EventType=application
[2026-08-16 20:32:57.488 (UTC)] info/application	[Sensor] Updated distance: 28.0993513700549 cm | Severity=75 | SourceName=Sensor | EventType=application
[2026-08-16 20:32:58.488 (UTC)] info/application	[Sensor] Updated distance: 27.9027734985122 cm | Severity=75 | SourceName=Sensor | EventType=application
[2026-08-16 20:32:59.489 (UTC)] info/application	[Sensor] Updated distance: 28.3866265923188 cm | Severity=75 | SourceName=Sensor | EventType=application
[2026-08-16 20:33:00.489 (UTC)] info/application	[Sensor] Updated distance: 27.404014892133 cm | Severity=75 | SourceName=Sensor | EventType=application
[2026-08-16 20:33:01.489 (UTC)] info/application	[Sensor] Updated distance: 26.3346273767923 cm | Severity=75 | SourceName=Sensor | EventType=application
[2026-08-16 20:33:02.489 (UTC)] info/application	[Sensor] Updated distance: 26.0869072755272 cm | Severity=75 | SourceName=Sensor | EventType=application
[2026-08-16 20:33:03.489 (UTC)] info/application	[Sensor] Updated distance: 26.2873077712894 cm | Severity=75 | SourceName=Sensor | EventType=application
[2026-08-16 20:33:04.490 (UTC)] info/application	[Sensor] Updated distance: 26.6106694944253 cm | Severity=75 | SourceName=Sensor | EventType=application
[2026-08-16 20:33:05.489 (UTC)] info/application	[Sensor] Updated distance: 27.4854200258783 cm | Severity=75 | SourceName=Sensor | EventType=application
[2026-08-16 20:33:06.490 (UTC)] info/application	[Sensor] Updated distance: 27.9588126456173 cm | Severity=75 | SourceName=Sensor | EventType=application
[2026-08-16 20:33:07.490 (UTC)] info/application	[Sensor] Updated distance: 27.7325205263833 cm | Severity=75 | SourceName=Sensor | EventType=application
[2026-08-16 20:33:08.490 (UTC)] info/application	[Sensor] Updated distance: 27.2508799309148 cm | Severity=75 | SourceName=Sensor | EventType=application
[2026-08-16 20:33:09.490 (UTC)] info/application	[Sensor] Updated distance: 28.7157551032565 cm | Severity=75 | SourceName=Sensor | EventType=application
[2026-08-16 20:33:10.490 (UTC)] info/application	[Sensor] Updated distance: 28.5731957590083 cm | Severity=75 | SourceName=Sensor | EventType=application
[2026-08-16 20:33:11.489 (UTC)] info/application	[Sensor] Updated distance: 29.5868472839179 cm | Severity=75 | SourceName=Sensor | EventType=application
[2026-08-16 20:33:12.489 (UTC)] info/application	[Sensor] Updated distance: 28.5541581434916 cm | Severity=75 | SourceName=Sensor | EventType=application
[2026-08-16 20:33:13.489 (UTC)] info/application	[Sensor] Updated distance: 29.1999765083659 cm | Severity=75 | SourceName=Sensor | EventType=application
[2026-08-16 20:33:14.489 (UTC)] info/application	[Sensor] Updated distance: 28.5404221669493 cm | Severity=75 | SourceName=Sensor | EventType=application
[2026-08-16 20:33:15.489 (UTC)] info/application	[Sensor] Updated distance: 28.5729647460733 cm | Severity=75 | SourceName=Sensor | EventType=application
[2026-08-16 20:33:16.488 (UTC)] info/application	[Sensor] Updated distance: 27.4315275547242 cm | Severity=75 | SourceName=Sensor | EventType=application
[2026-08-16 20:33:17.490 (UTC)] info/application	[Sensor] Updated distance: 28.1873663210717 cm | Severity=75 | SourceName=Sensor | EventType=application
[2026-08-16 20:33:18.490 (UTC)] info/application	[Sensor] Updated distance: 28.856022441227 cm | Severity=75 | SourceName=Sensor | EventType=application
[2026-08-16 20:33:19.491 (UTC)] info/application	[Sensor] Updated distance: 27.5633189627264 cm | Severity=75 | SourceName=Sensor | EventType=application
[2026-08-16 20:33:20.491 (UTC)] info/application	[Sensor] Updated distance: 26.9389279624163 cm | Severity=75 | SourceName=Sensor | EventType=application
[2026-08-16 20:33:21.491 (UTC)] info/application	[Sensor] Updated distance: 27.8093157286334 cm | Severity=75 | SourceName=Sensor | EventType=application
[2026-08-16 20:33:22.491 (UTC)] info/application	[Sensor] Updated distance: 28.7185568836138 cm | Severity=75 | SourceName=Sensor | EventType=application
[2026-08-16 20:33:23.491 (UTC)] info/application	[Sensor] Updated distance: 28.8585836986818 cm | Severity=75 | SourceName=Sensor | EventType=application
[2026-08-16 20:33:24.492 (UTC)] info/application	[Sensor] Updated distance: 28.1983554312952 cm | Severity=75 | SourceName=Sensor | EventType=application
[2026-08-16 20:33:25.493 (UTC)] info/application	[Sensor] Updated distance: 28.4814596334386 cm | Severity=75 | SourceName=Sensor | EventType=application
[2026-08-16 20:33:26.493 (UTC)] info/application	[Sensor] Updated distance: 28.4283155321276 cm | Severity=75 | SourceName=Sensor | EventType=application
[2026-08-16 20:33:27.493 (UTC)] info/application	[Sensor] Updated distance: 29.2535393590823 cm | Severity=75 | SourceName=Sensor | EventType=application
[2026-08-16 20:33:28.492 (UTC)] info/application	[Sensor] Updated distance: 29.5349820081773 cm | Severity=75 | SourceName=Sensor | EventType=application
[2026-08-16 20:33:29.492 (UTC)] info/application	[Sensor] Updated distance: 30.7852600353236 cm | Severity=75 | SourceName=Sensor | EventType=application
[2026-08-16 20:33:30.493 (UTC)] info/application	[Sensor] Updated distance: 30.5943369560849 cm | Severity=75 | SourceName=Sensor | EventType=application
[2026-08-16 20:33:31.492 (UTC)] info/application	[Sensor] Updated distance: 31.3931679049941 cm | Severity=75 | SourceName=Sensor | EventType=application
[2026-08-16 20:33:32.492 (UTC)] info/application	[Sensor] Updated distance: 30.0740584154027 cm | Severity=75 | SourceName=Sensor | EventType=application
[2026-08-16 20:33:33.492 (UTC)] info/application	[Sensor] Updated distance: 31.1354152348989 cm | Severity=75 | SourceName=Sensor | EventType=application
[2026-08-16 20:33:34.493 (UTC)] info/application	[Sensor] Updated distance: 30.6346466781733 cm | Severity=75 | SourceName=Sensor | EventType=application
[2026-08-16 20:33:35.493 (UTC)] info/application	[Sensor] Updated distance: 31.1388989117178 cm | Severity=75 | SourceName=Sensor | EventType=application
[2026-08-16 20:33:36.493 (UTC)] info/application	[Sensor] Updated distance: 31.575006262667 cm | Severity=75 | SourceName=Sensor | EventType=application
[2026-08-16 20:33:37.493 (UTC)] info/application	[Sensor] Updated distance: 33.0476303256804 cm | Severity=75 | SourceName=Sensor | EventType=application
[2026-08-16 20:33:38.493 (UTC)] info/application	[Sensor] Updated distance: 31.8255904399909 cm | Severity=75 | SourceName=Sensor | EventType=application
[2026-08-16 20:33:39.492 (UTC)] info/application	[Sensor] Updated distance: 33.2800571954716 cm | Severity=75 | SourceName=Sensor | EventType=application
[2026-08-16 20:33:40.492 (UTC)] info/application	[Sensor] Updated distance: 34.7175564294297 cm | Severity=75 | SourceName=Sensor | EventType=application
[2026-08-16 20:33:41.492 (UTC)] info/application	[Sensor] Updated distance: 34.852957199492 cm | Severity=75 | SourceName=Sensor | EventType=application
[2026-08-16 20:33:42.492 (UTC)] info/application	[Sensor] Updated distance: 35.8210754784854 cm | Severity=75 | SourceName=Sensor | EventType=application
[2026-08-16 20:33:43.492 (UTC)] info/application	[Sensor] Updated distance: 34.7258855706201 cm | Severity=75 | SourceName=Sensor | EventType=application
[2026-08-16 20:33:44.491 (UTC)] info/application	[Sensor] Updated distance: 34.0071047055568 cm | Severity=75 | SourceName=Sensor | EventType=application
[2026-08-16 20:33:45.491 (UTC)] info/application	[Sensor] Updated distance: 32.8156686431336 cm | Severity=75 | SourceName=Sensor | EventType=application
[2026-08-16 20:33:46.491 (UTC)] info/application	[Sensor] Updated distance: 33.2530213157893 cm | Severity=75 | SourceName=Sensor | EventType=application
[2026-08-16 20:33:47.491 (UTC)] info/application	[Sensor] Updated distance: 32.8928032593768 cm | Severity=75 | SourceName=Sensor | EventType=application
[2026-08-16 20:33:48.490 (UTC)] info/application	[Sensor] Updated distance: 33.9572059633011 cm | Severity=75 | SourceName=Sensor | EventType=application
[2026-08-16 20:33:49.490 (UTC)] info/application	[Sensor] Updated distance: 33.5632147547152 cm | Severity=75 | SourceName=Sensor | EventType=application
[2026-08-16 20:33:50.490 (UTC)] info/application	[Sensor] Updated distance: 33.4102932198021 cm | Severity=75 | SourceName=Sensor | EventType=application
[2026-08-16 20:33:51.490 (UTC)] info/application	[Sensor] Updated distance: 32.3503049220193 cm | Severity=75 | SourceName=Sensor | EventType=application
[2026-08-16 20:33:52.489 (UTC)] info/application	[Sensor] Updated distance: 31.3267014782535 cm | Severity=75 | SourceName=Sensor | EventType=application
[2026-08-16 20:33:53.489 (UTC)] info/application	[Sensor] Updated distance: 30.5830210969239 cm | Severity=75 | SourceName=Sensor | EventType=application
[2026-08-16 20:33:54.489 (UTC)] info/application	[Sensor] Updated distance: 31.163059615606 cm | Severity=75 | SourceName=Sensor | EventType=application
[2026-08-16 20:33:55.489 (UTC)] info/application	[Sensor] Updated distance: 30.9792279044535