[2026-08-17 04:28:55.366 (UTC+0800)] [33mwarn/server[0m	AccessControl: Unconfigured AccessControl. Users have all permissions.
[2026-08-17 04:28:55.366 (UTC+0800)] [32minfo/server[0m	AccessControl: Anonymous login is enabled
[2026-08-17 04:28:55.366 (UTC+0800)] [33mwarn/server[0m	x509 Certificate Authentication configured, but no encrypting SecurityPolicy. This can leak credentials on the network.
[2026-08-17 04:28:55.404 (UTC+0800)] [33mwarn/application[0m	ServerUrls already set. Overriding.
[2026-08-17 04:28:55.404 (UTC+0800)] [33mwarn/server[0m	AccessControl: Unconfigured AccessControl. Users have all permissions.
[2026-08-17 04:28:55.404 (UTC+0800)] [32minfo/server[0m	AccessControl: Anonymous login is enabled
[2026-08-17 04:28:55.404 (UTC+0800)] [33mwarn/server[0m	x509 Certificate Authentication configured, but no encrypting SecurityPolicy. This can leak credentials on the network.
[2026-08-17 04:28:55.404 (UTC+0800)] [33mwarn/server[0m	x509 Certificate Authentication configured, but no encrypting SecurityPolicy. This can leak credentials on the network.
[2026-08-16 20:28:55.404 (UTC)] info/application	Sensor Server online (Client/Server mode, id=2 port=4843) | Severity=75 | SourceName=Sensor2 | EventType=application
Entering background polling mode: attempting to connect to Aggregation Server...
Connected successfully. Log forwarding started.
[2026-08-16 20:28:56.410 (UTC)] info/application	[Sensor] Updated distance: 26.065118359665 cm | Severity=75 | SourceName=Sensor2 | EventType=application
[2026-08-16 20:28:57.380 (UTC)] info/network	[System] TCP 16	| Connection opened from "127.0.0.1" via the server socket 8 | Severity=75 | SourceName=System | EventType=network
[2026-08-16 20:28:57.380 (UTC)] info/channel	[System] TCP 16	| SC 1	| SecureChannel created | Severity=75 | SourceName=System | EventType=channel
[2026-08-16 20:28:57.400 (UTC)] info/channel	[System] TCP 16	| SC 1	| OpenSecureChannel: Channel opened with SecurityMode None for SecurityPolicy http://opcfoundation.org/UA/SecurityPolicy#None and a revised lifetime of 600.0s | Severity=75 | SourceName=System | EventType=channel
[2026-08-16 20:28:57.410 (UTC)] info/application	[Sensor] Updated distance: 24.6388003791863 cm | Severity=75 | SourceName=Sensor2 | EventType=application
[2026-08-16 20:28:57.421 (UTC)] warn/client	[System] Removing a UserTokenPolicy that would allow the password to be transmitted without encryption (Can be enabled via config->allowNonePolicyPassword) | Severity=175 | SourceName=System | EventType=client
[2026-08-16 20:28:57.421 (UTC)] warn/client	[System] Removing a UserTokenPolicy that would allow the password to be transmitted without encryption (Can be enabled via config->allowNonePolicyPassword) | Severity=175 | SourceName=System | EventType=client
[2026-08-16 20:28:57.431 (UTC)] warn/client	[System] Removing a UserTokenPolicy that would allow the password to be transmitted without encryption (Can be enabled via config->allowNonePolicyPassword) | Severity=175 | SourceName=System | EventType=client
[2026-08-16 20:28:57.431 (UTC)] warn/client	[System] Removing a UserTokenPolicy that would allow the password to be transmitted without encryption (Can be enabled via config->allowNonePolicyPassword) | Severity=175 | SourceName=System | EventType=client
[2026-08-16 20:28:57.431 (UTC)] info/session	[System] TCP 16	| SC 1	| Session "ns=1;g=06286649-1bae-d4d3-e0ae-aa4afdcf2c52"	| Session created | Severity=75 | SourceName=System | EventType=session
[2026-08-16 20:28:57.442 (UTC)] info/session	[System] TCP 16	| SC 1	| Session "ns=1;g=06286649-1bae-d4d3-e0ae-aa4afdcf2c52"	| ActivateSession: Session activated with ClientUserId "" | Severity=75 | SourceName=System | EventType=session
[2026-08-16 20:28:57.827 (UTC)] info/session	[System] TCP 16	| SC 1	| Session "ns=1;g=06286649-1bae-d4d3-e0ae-aa4afdcf2c52"	| Subscription 1 | Subscription created (Publishing interval 500.0ms, max 1000 notifications per publish) | Severity=75 | SourceName=System | EventType=session
[2026-08-16 20:28:57.848 (UTC)] info/session	[System] TCP 16	| SC 1	| Session "ns=1;g=06286649-1bae-d4d3-e0ae-aa4afdcf2c52"	| Subscription 1 | MonitoredItem 1 | Created the MonitoredItem (Sampling Interval: 250.0ms, Queue Size: 1) | Severity=75 | SourceName=System | EventType=session
[2026-08-16 20:28:58.404 (UTC)] info/application	[Sensor] Updated distance: 24.3990875784769 cm | Severity=75 | SourceName=Sensor2 | EventType=application
[2026-08-16 20:28:59.404 (UTC)] info/application	[Sensor] Updated distance: 23.979345172634 cm | Severity=75 | SourceName=Sensor2 | EventType=application
[2026-08-16 20:29:00.488 (UTC)] info/application	[Sensor] Updated distance: 24.0068594703948 cm | Severity=75 | SourceName=Sensor2 | EventType=application
[2026-08-16 20:29:00.488 (UTC)] info/network	[System] TCP 17	| Connection opened from "127.0.0.1" via the server socket 8 | Severity=75 | SourceName=System | EventType=network
[2026-08-16 20:29:00.488 (UTC)] info/channel	[System] TCP 17	| SC 2	| SecureChannel created | Severity=75 | SourceName=System | EventType=channel
[2026-08-16 20:29:00.509 (UTC)] info/channel	[System] TCP 17	| SC 2	| OpenSecureChannel: Channel opened with SecurityMode None for SecurityPolicy http://opcfoundation.org/UA/SecurityPolicy#None and a revised lifetime of 600.0s | Severity=75 | SourceName=System | EventType=channel
[2026-08-16 20:29:00.529 (UTC)] warn/client	[System] Removing a UserTokenPolicy that would allow the password to be transmitted without encryption (Can be enabled via config->allowNonePolicyPassword) | Severity=175 | SourceName=System | EventType=client
[2026-08-16 20:29:00.529 (UTC)] warn/client	[System] Removing a UserTokenPolicy that would allow the password to be transmitted without encryption (Can be enabled via config->allowNonePolicyPassword) | Severity=175 | SourceName=System | EventType=client
[2026-08-16 20:29:00.540 (UTC)] warn/client	[System] Removing a UserTokenPolicy that would allow the password to be transmitted without encryption (Can be enabled via config->allowNonePolicyPassword) | Severity=175 | SourceName=System | EventType=client
[2026-08-16 20:29:00.540 (UTC)] warn/client	[System] Removing a UserTokenPolicy that would allow the password to be transmitted without encryption (Can be enabled via config->allowNonePolicyPassword) | Severity=175 | SourceName=System | EventType=client
[2026-08-16 20:29:00.541 (UTC)] info/session	[System] TCP 17	| SC 2	| Session "ns=1;g=1d38b010-9ac3-e1e4-d33d-e3fed31d3113"	| Session created | Severity=75 | SourceName=System | EventType=session
[2026-08-16 20:29:00.551 (UTC)] info/session	[System] TCP 17	| SC 2	| Session "ns=1;g=1d38b010-9ac3-e1e4-d33d-e3fed31d3113"	| ActivateSession: Session activated with ClientUserId "" | Severity=75 | SourceName=System | EventType=session
[2026-08-16 20:29:01.410 (UTC)] info/application	[Sensor] Updated distance: 22.6324774481507 cm | Severity=75 | SourceName=Sensor2 | EventType=application
[2026-08-16 20:29:02.411 (UTC)] info/application	[Sensor] Updated distance: 21.9425890466397 cm | Severity=75 | SourceName=Sensor2 | EventType=application
[2026-08-16 20:29:03.411 (UTC)] info/application	[Sensor] Updated distance: 20.5868166655241 cm | Severity=75 | SourceName=Sensor2 | EventType=application
[2026-08-16 20:29:04.410 (UTC)] info/application	[Sensor] Updated distance: 20.8148310758708 cm | Severity=75 | SourceName=Sensor2 | EventType=application
[2026-08-16 20:29:05.411 (UTC)] info/application	[Sensor] Updated distance: 22.2341317437748 cm | Severity=75 | SourceName=Sensor2 | EventType=application
[2026-08-16 20:29:06.411 (UTC)] info/application	[Sensor] Updated distance: 23.6694690753564 cm | Severity=75 | SourceName=Sensor2 | EventType=application
[2026-08-16 20:29:07.411 (UTC)] info/application	[Sensor] Updated distance: 23.283155011145 cm | Severity=75 | SourceName=Sensor2 | EventType=application
[2026-08-16 20:29:08.410 (UTC)] info/application	[Sensor] Updated distance: 23.4349510506424 cm | Severity=75 | SourceName=Sensor2 | EventType=application
[2026-08-16 20:29:09.410 (UTC)] info/application	[Sensor] Updated distance: 22.2927434939392 cm | Severity=75 | SourceName=Sensor2 | EventType=application
[2026-08-16 20:29:10.410 (UTC)] info/application	[Sensor] Updated distance: 21.1252356262995 cm | Severity=75 | SourceName=Sensor2 | EventType=application
[2026-08-16 20:29:11.410 (UTC)] info/application	[Sensor] Updated distance: 21.0543775768272 cm | Severity=75 | SourceName=Sensor2 | EventType=application
[2026-08-16 20:29:12.410 (UTC)] info/application	[Sensor] Updated distance: 21.6749007996055 cm | Severity=75 | SourceName=Sensor2 | EventType=application
[2026-08-16 20:29:13.409 (UTC)] info/application	[Sensor] Updated distance: 20.6608899592705 cm | Severity=75 | SourceName=Sensor2 | EventType=application
[2026-08-16 20:29:14.409 (UTC)] info/application	[Sensor] Updated distance: 21.5336199295864 cm | Severity=75 | SourceName=Sensor2 | EventType=application
[2026-08-16 20:29:15.409 (UTC)] info/application	[Sensor] Updated distance: 20.4008496959698 cm | Severity=75 | SourceName=Sensor2 | EventType=application
[2026-08-16 20:29:16.409 (UTC)] info/application	[Sensor] Updated distance: 20.6485132221824 cm | Severity=75 | SourceName=Sensor2 | EventType=application
[2026-08-16 20:29:17.410 (UTC)] info/application	[Sensor] Updated distance: 20.6398023705184 cm | Severity=75 | SourceName=Sensor2 | EventType=application
[2026-08-16 20:29:18.410 (UTC)] info/application	[Sensor] Updated distance: 21.4590929569486 cm | Severity=75 | SourceName=Sensor2 | EventType=application
[2026-08-16 20:29:19.409 (UTC)] info/application	[Sensor] Updated distance: 22.4965862997326 cm | Severity=75 | SourceName=Sensor2 | EventType=application
[2026-08-16 20:29:20.409 (UTC)] info/application	[Sensor] Updated distance: 22.0758323462567 cm | Severity=75 | SourceName=Sensor2 | EventType=application
[2026-08-16 20:29:21.409 (UTC)] info/application	[Sensor] Updated distance: 22.8634727475529 cm | Severity=75 | SourceName=Sensor2 | EventType=application
[2026-08-16 20:29:22.409 (UTC)] info/application	[Sensor] Updated distance: 23.2754663018396 cm | Severity=75 | SourceName=Sensor2 | EventType=application
[2026-08-16 20:29:23.409 (UTC)] info/application	[Sensor] Updated distance: 21.9471466331497 cm | Severity=75 | SourceName=Sensor2 | EventType=application
[2026-08-16 20:29:24.409 (UTC)] info/application	[Sensor] Updated distance: 23.1026159099315 cm | Severity=75 | SourceName=Sensor2 | EventType=application
[2026-08-16 20:29:25.410 (UTC)] info/application	[Sensor] Updated distance: 21.9848389718611 cm | Severity=75 | SourceName=Sensor2 | EventType=application
[2026-08-16 20:29:26.410 (UTC)] info/application	[Sensor] Updated distance: 21.6862782385136 cm | Severity=75 | SourceName=Sensor2 | EventType=application
[2026-08-16 20:29:27.410 (UTC)] info/application	[Sensor] Updated distance: 21.4068658735635 cm | Severity=75 | SourceName=Sensor2 | EventType=application
[2026-08-16 20:29:28.410 (UTC)] info/application	[Sensor] Updated distance: 20.3627709550144 cm | Severity=75 | SourceName=Sensor2 | EventType=application
[2026-08-16 20:29:29.410 (UTC)] info/application	[Sensor] Updated distance: 21.3244974209575 cm | Severity=75 | SourceName=Sensor2 | EventType=application
[2026-08-16 20:29:30.409 (UTC)] info/application	[Sensor] Updated distance: 22.1253426515615 cm | Severity=75 | SourceName=Sensor2 | EventType=application
[2026-08-16 20:29:31.409 (UTC)] info/application	[Sensor] Updated distance: 22.6087620321702 cm | Severity=75 | SourceName=Sensor2 | EventType=application
[2026-08-16 20:29:32.409 (UTC)] info/application	[Sensor] Updated distance: 23.6961064758692 cm | Severity=75 | SourceName=Sensor2 | EventType=application
[2026-08-16 20:29:33.410 (UTC)] info/application	[Sensor] Updated distance: 22.3070633035652 cm | Severity=75 | SourceName=Sensor2 | EventType=application
[2026-08-16 20:29:34.410 (UTC)] info/application	[Sensor] Updated distance: 22.9347103030582 cm | Severity=75 | SourceName=Sensor2 | EventType=application
[2026-08-16 20:29:35.410 (UTC)] info/application	[Sensor] Updated distance: 22.7500691557071 cm | Severity=75 | SourceName=Sensor2 | EventType=application
[2026-08-16 20:29:36.410 (UTC)] info/application	[Sensor] Updated distance: 21.28032664991 cm | Severity=75 | SourceName=Sensor2 | EventType=application
[2026-08-16 20:29:37.410 (UTC)] info/application	[Sensor] Updated distance: 21.8433109795876 cm | Severity=75 | SourceName=Sensor2 | EventType=application
[2026-08-16 20:29:38.411 (UTC)] info/application	[Sensor] Updated distance: 22.7723557694221 cm | Severity=75 | SourceName=Sensor2 | EventType=application
[2026-08-16 20:29:39.411 (UTC)] info/application	[Sensor] Updated distance: 22.9544093045194 cm | Severity=75 | SourceName=Sensor2 | EventType=application
[2026-08-16 20:29:40.411 (UTC)] info/application	[Sensor] Updated distance: 23.8751860774938 cm | Severity=75 | SourceName=Sensor2 | EventType=application
[2026-08-16 20:29:41.411 (UTC)] info/application	[Sensor] Updated distance: 25.1367229996886 cm | Severity=75 | SourceName=Sensor2 | EventType=application
[2026-08-16 20:29:42.411 (UTC)] info/application	[Sensor] Updated distance: 23.7479184839166 cm | Severity=75 | SourceName=Sensor2 | EventType=application
[2026-08-16 20:29:43.411 (UTC)] info/application	[Sensor] Updated distance: 23.7892184782723 cm | Severity=75 | SourceName=Sensor2 | EventType=application
[2026-08-16 20:29:44.411 (UTC)] info/application	[Sensor] Updated distance: 22.5367445587352 cm | Severity=75 | SourceName=Sensor2 | EventType=application
[2026-08-16 20:29:45.411 (UTC)] info/application	[Sensor] Updated distance: 23.520670013279 cm | Severity=75 | SourceName=Sensor2 | EventType=application
[2026-08-16 20:29:46.411 (UTC)] info/application	[Sensor] Updated distance: 23.9291997740181 cm | Severity=75 | SourceName=Sensor2 | EventType=application
[2026-08-16 20:29:47.412 (UTC)] info/application	[Sensor] Updated distance: 24.4243893806936 cm | Severity=75 | SourceName=Sensor2 | EventType=application
[2026-08-16 20:29:48.412 (UTC)] info/application	[Sensor] Updated distance: 23.8996039821764 cm | Severity=75 | SourceName=Sensor2 | EventType=application
[2026-08-16 20:29:49.412 (UTC)] info/application	[Sensor] Updated distance: 23.6274243293458 cm | Severity=75 | SourceName=Sensor2 | EventType=application
[2026-08-16 20:29:50.412 (UTC)] info/application	[Sensor] Updated distance: 23.6601072774083 cm | Severity=75 | SourceName=Sensor2 | EventType=application
[2026-08-16 20:29:51.412 (UTC)] info/application	[Sensor] Updated distance: 24.2145679254153 cm | Severity=75 | SourceName=Sensor2 | EventType=application
[2026-08-16 20:29:52.412 (UTC)] info/application	[Sensor] Updated distance: 23.2300286724838 cm | Severity=75 | SourceName=Sensor2 | EventType=application
[2026-08-16 20:29:53.412 (UTC)] info/application	[Sensor] Updated distance: 22.1747051748329 cm | Severity=75 | SourceName=Sensor2 | EventType=application
[2026-08-16 20:29:54.412 (UTC)] info/application	[Sensor] Updated distance: 22.90084615415 cm | Severity=75 | SourceName=Sensor2 | EventType=application
[2026-08-16 20:29:55.412 (UTC)] info/application	[Sensor] Updated distance: 21.5717761766034 cm | Severity=75 | SourceName=Sensor2 | EventType=application
[2026-08-16 20:29:56.412 (UTC)] info/application	[Sensor] Updated distance: 20.8986757408821 cm | Severity=75 | SourceName=Sensor2 | EventType=application
[2026-08-16 20:29:57.413 (UTC)] info/application	[Sensor] Updated distance: 19.8262559854548 cm | Severity=75 | SourceName=Sensor2 | EventType=application
[2026-08-16 20:29:58.413 (UTC)] info/application	[Sensor] Updated distance: 19.717773644355 cm | Severity=75 | SourceName=Sensor2 | EventType=application
[2026-08-16 20:29:59.414 (UTC)] info/application	[Sensor] Updated distance: 19.5005782900846 cm | Severity=75 | SourceName=Sensor2 | EventType=application
[2026-08-16 20:30:00.404 (UTC)] info/application	[Sensor] Updated distance: 20.8898850006004 cm | Severity=75 | SourceName=Sensor2 | EventType=application
[2026-08-16 20:30:01.405 (UTC)] info/application	[Sensor] Updated distance: 20.0822478887077 cm | Severity=75 | SourceName=Sensor2 | EventType=application
[2026-08-16 20:30:02.406 (UTC)] info/application	[Sensor] Updated distance: 18.848471913649 cm | Severity=75 | SourceName=Sensor2 | EventType=application
[2026-08-16 20:30:03.407 (UTC)] info/application	[Sensor] Updated distance: 19.8251230678638 cm | Severity=75 | SourceName=Sensor2 | EventType=application
[2026-08-16 20:30:04.407 (UTC)] info/application	[Sensor] Updated distance: 19.128442783667 cm | Severity=75 | SourceName=Sensor2 | EventType=application
[2026-08-16 20:30:05.407 (UTC)] info/application	[Sensor] Updated distance: 20.0223138081014 cm | Severity=75 | SourceName=Sensor2 | EventType=application
[2026-08-16 20:30:06.408 (UTC)] info/application	[Sensor] Updated distance: 19.314323813568 cm | Severity=75 | SourceName=Sensor2 | EventType=application
[2026-08-16 20:30:07.408 (UTC)] info/application	[Sensor] Updated distance: 18.6479010249711 cm | Severity=75 | SourceName=Sensor2 | EventType=application
[2026-08-16 20:30:08.408 (UTC)] info/application	[Sensor] Updated distance: 18.6047563776862 cm | Severity=75 | SourceName=Sensor2 | EventType=application
[2026-08-16 20:30:09.409 (UTC)] info/application	[Sensor] Updated distance: 17.3258111715903 cm | Severity=75 | SourceName=Sensor2 | EventType=application
[2026-08-16 20:30:10.409 (UTC)] info/application	[Sensor] Updated distance: 18.3414419180906 cm | Severity=75 | SourceName=Sensor2 | EventType=application
[2026-08-16 20:30:11.409 (UTC)] info/application	[Sensor] Updated distance: 17.7190740423831 cm | Severity=75 | SourceName=Sensor2 | EventType=application
[2026-08-16 20:30:12.409 (UTC)] info/application	[Sensor] Updated distance: 19.201665759879 cm | Severity=75 | SourceName=Sensor2 | EventType=application
[2026-08-16 20:30:13.409 (UTC)] info/application	[Sensor] Updated distance: 20.3284919906074 cm | Severity=75 | SourceName=Sensor2 | EventType=application
[2026-08-16 20:30:14.410 (UTC)] info/application	[Sensor] Updated distance: 21.2474241092556 cm | Severity=75 | SourceName=Sensor2 | EventType=application
[2026-08-16 20:30:15.411 (UTC)] info/application	[Sensor] Updated distance: 19.9775419058174 cm | Severity=75 | SourceName=Sensor2 | EventType=application
[2026-08-16 20:30:16.411 (UTC)] info/application	[Sensor] Updated distance: 20.5882935896927 cm | Severity=75 | SourceName=Sensor2 | EventType=application
[2026-08-16 20:30:17.412 (UTC)] info/application	[Sensor] Updated distance: 20.4157554690799 cm | Severity=75 | SourceName=Sensor2 | EventType=application
[2026-08-16 20:30:18.412 (UTC)] info/application	[Sensor] Updated distance: 21.1410628737142 cm | Severity=75 | SourceName=Sensor2 | EventType=application
[2026-08-16 20:30:19.412 (UTC)] info/application	[Sensor] Updated distance: 19.7270291576753 cm | Severity=75 | SourceName=Sensor2 | EventType=application
[2026-08-16 20:30:20.413 (UTC)] info/application	[Sensor] Updated distance: 20.7823113842319 cm | Severity=75 | SourceName=Sensor2 | EventType=application
[2026-08-16 20:30:21.413 (UTC)] info/application	[Sensor] Updated distance: 20.0403017355317 cm | Severity=75 | SourceName=Sensor2 | EventType=application
[2026-08-16 20:30:22.413 (UTC)] info/application	[Sensor] Updated distance: 20.6807286674998 cm | Severity=75 | SourceName=Sensor2 | EventType=application
[2026-08-16 20:30:23.414 (UTC)] info/application	[Sensor] Updated distance: 19.2514716397279 cm | Severity=75 | SourceName=Sensor2 | EventType=application
[2026-08-16 20:30:24.404 (UTC)] info/application	[Sensor] Updated distance: 18.9541384933768 cm | Severity=75 | SourceName=Sensor2 | EventType=application
[2026-08-16 20:30:25.404 (UTC)] info/application	[Sensor] Updated distance: 18.8207064032651 cm | Severity=75 | SourceName=Sensor2 | EventType=application
[2026-08-16 20:30:26.404 (UTC)] info/application	[Sensor] Updated distance: 17.5623793979466 cm | Severity=75 | SourceName=Sensor2 | EventType=application
[2026-08-16 20:30:27.405 (UTC)] info/application	[Sensor] Updated distance: 18.0919458158742 cm | Severity=75 | SourceName=Sensor2 | EventType=application
[2026-08-16 20:30:28.405 (UTC)] info/application	[Sensor] Updated distance: 18.3860939717321 cm | Severity=75 | SourceName=Sensor2 | EventType=application
[2026-08-16 20:30:29.405 (UTC)] info/application	[Sensor] Updated distance: 18.5192846253138 cm | Severity=75 | SourceName=Sensor2 | EventType=application
[2026-08-16 20:30:30.405 (UTC)] info/application	[Sensor] Updated distance: 17.3316556889711 cm | Severity=75 | SourceName=Sensor2 | EventType=application
[2026-08-16 20:30:31.406 (UTC)] info/application	[Sensor] Updated distance: 17.5151105539478 cm | Severity=75 | SourceName=Sensor2 | EventType=application
[2026-08-16 20:30:32.407 (UTC)] info/application	[Sensor] Updated distance: 18.3406640956368 cm | Severity=75 | SourceName=Sensor2 | EventType=application
[2026-08-16 20:30:33.407 (UTC)] info/application	[Sensor] Updated distance: 17.4192591842354 cm | Severity=75 | SourceName=Sensor2 | EventType=application
[2026-08-16 20:30:34.407 (UTC)] info/application	[Sensor] Updated distance: 17.0793652020299 cm | Severity=75 | SourceName=Sensor2 | EventType=application
[2026-08-16 20:30:35.408 (UTC)] info/application	[Sensor] Updated distance: 15.708238459522 cm | Severity=75 | SourceName=Sensor2 | EventType=application
[2026-08-16 20:30:36.408 (UTC)] info/application	[Sensor] Updated distance: 17.180704573952 cm | Severity=75 | SourceName=Sensor2 | EventType=application
[2026-08-16 20:30:37.408 (UTC)] info/application	[Sensor] Updated distance: 17.6328205986101 cm | Severity=75 | SourceName=Sensor2 | EventType=application
[2026-08-16 20:30:38.408 (UTC)] info/application	[Sensor] Updated distance: 17.0952710675054 cm | Severity=75 | SourceName=Sensor2 | EventType=application
[2026-08-16 20:30:39.408 (UTC)] info/application	[Sensor] Updated distance: 17.0245925332534 cm | Severity=75 | SourceName=Sensor2 | EventType=application
[2026-08-16 20:30:40.407 (UTC)] info/application	[Sensor] Updated distance: 17.6977633518156 cm | Severity=75 | SourceName=Sensor2 | EventType=application
[2026-08-16 20:30:41.407 (UTC)] info/application	[Sensor] Updated distance: 16.6758445658143 cm | Severity=75 | SourceName=Sensor2 | EventType=application
[2026-08-16 20:30:42.407 (UTC)] info/application	[Sensor] Updated distance: 17.4827981572518 cm | Severity=75 | SourceName=Sensor2 | EventType=application
[2026-08-16 20:30:43.407 (UTC)] info/application	[Sensor] Updated distance: 18.1385606919129 cm | Severity=75 | SourceName=Sensor2 | EventType=application
[2026-08-16 20:30:44.407 (UTC)] info/application	[Sensor] Updated distance: 16.743468135243 cm | Severity=75 | SourceName=Sensor2 | EventType=application
[2026-08-16 20:30:45.407 (UTC)] info/application	[Sensor] Updated distance: 16.9693538439317 cm | Severity=75 | SourceName=Sensor2 | EventType=application
[2026-08-16 20:30:46.407 (UTC)] info/application	[Sensor] Updated distance: 17.8552341765516 cm | Severity=75 | SourceName=Sensor2 | EventType=application
[2026-08-16 20:30:47.408 (UTC)] info/application	[Sensor] Updated distance: 18.570893303757 cm | Severity=75 | SourceName=Sensor2 | EventType=application
[2026-08-16 20:30:48.407 (UTC)] info/application	[Sensor] Updated distance: 17.124240890436 cm | Severity=75 | SourceName=Sensor2 | EventType=application
[2026-08-16 20:30:49.407 (UTC)] info/application	[Sensor] Updated distance: 17.235428626293 cm | Severity=75 | SourceName=Sensor2 | EventType=application
[2026-08-16 20:30:50.408 (UTC)] info/application	[Sensor] Updated distance: 18.0370540374597 cm | Severity=75 | SourceName=Sensor2 | EventType=application
[2026-08-16 20:30:51.408 (UTC)] info/application	[Sensor] Updated distance: 19.1456838506952 cm | Severity=75 | SourceName=Sensor2 | EventType=application
[2026-08-16 20:30:52.409 (UTC)] info/application	[Sensor] Updated distance: 20.014861937852 cm | Severity=75 | SourceName=Sensor2 | EventType=application
[2026-08-16 20:30:53.409 (UTC)] info/application	[Sensor] Updated distance: 19.9569142795898 cm | Severity=75 | SourceName=Sensor2 | EventType=application
[2026-08-16 20:30:54.410 (UTC)] info/application	[Sensor] Updated distance: 21.1362870650535 cm | Severity=75 | SourceName=Sensor2 | EventType=application
[2026-08-16 20:30:55.411 (UTC)] info/application	[Sensor] Updated distance: 20.2081320058592 cm | Severity=75 | SourceName=Sensor2 | EventType=application
[2026-08-16 20:30:56.411 (UTC)] info/application	[Sensor] Updated distance: 21.5167522574853 cm | Severity=75 | SourceName=Sensor2 | EventType=application
[2026-08-16 20:30:57.412 (UTC)] info/application	[Sensor] Updated distance: 22.9377980390274 cm | Severity=75 | SourceName=Sensor2 | EventType=application
[2026-08-16 20:30:58.412 (UTC)] info/application	[Sensor] Updated distance: 24.0392093977608 cm | Severity=75 | SourceName=Sensor2 | EventType=application
[2026-08-16 20:30:59.412 (UTC)] info/application	[Sensor] Updated distance: 24.1419778038477 cm | Severity=75 | SourceName=Sensor2 | EventType=application
[2026-08-16 20:31:00.412 (UTC)] info/application	[Sensor] Updated distance: 24.1962142375746 cm | Severity=75 | SourceName=Sensor2 | EventType=application
[2026-08-16 20:31:01.412 (UTC)] info/application	[Sensor] Updated distance: 25.6099966599652 cm | Severity=75 | SourceName=Sensor2 | EventType=application
[2026-08-16 20:31:02.412 (UTC)] info/application	[Sensor] Updated distance: 24.3962199310289 cm | Severity=75 | SourceName=Sensor2 | EventType=application
[2026-08-16 20:31:03.413 (UTC)] info/application	[Sensor] Updated distance: 23.7760099064447 cm | Severity=75 | SourceName=Sensor2 | EventType=application
[2026-08-16 20:31:04.413 (UTC)] info/application	[Sensor] Updated distance: 22.7683874174339 cm | Severity=75 | SourceName=Sensor2 | EventType=application
[2026-08-16 20:31:05.414 (UTC)] info/application	[Sensor] Updated distance: 22.7147167062921 cm | Severity=75 | SourceName=Sensor2 | EventType=application
[2026-08-16 20:31:06.404 (UTC)] info/application	[Sensor] Updated distance: 22.2233799392001 cm | Severity=75 | SourceName=Sensor2 | EventType=application
[2026-08-16 20:31:07.405 (UTC)] info/application	[Sensor] Updated distance: 21.1882235632223 cm | Severity=75 | SourceName=Sensor2 | EventType=application
[2026-08-16 20:31:08.405 (UTC)] info/application	[Sensor] Updated distance: 20.0866688753416 cm | Severity=75 | SourceName=Sensor2 | EventType=application
[2026-08-16 20:31:09.405 (UTC)] info/application	[Sensor] Updated distance: 20.5577825771448 cm | Severity=75 | SourceName=Sensor2 | EventType=application
[2026-08-16 20:31:10.405 (UTC)] info/application	[Sensor] Updated distance: 20.9519476669151 cm | Severity=75 | SourceName=Sensor2 | EventType=application
[2026-08-16 20:31:11.406 (UTC)] info/application	[Sensor] Updated distance: 22.0235637989936 cm | Severity=75 | SourceName=Sensor2 | EventType=application
[2026-08-16 20:31:12.407 (UTC)] info/application	[Sensor] Updated distance: 22.9727587147955 cm | Severity=75 | SourceName=Sensor2 | EventType=application
[2026-08-16 20:31:13.407 (UTC)] info/application	[Sensor] Updated distance: 22.6738773946063 cm | Severity=75 | SourceName=Sensor2 | EventType=application
[2026-08-16 20:31:14.407 (UTC)] info/application	[Sensor] Updated distance: 22.9012560599489 cm | Severity=75 | SourceName=Sensor2 | EventType=application
[2026-08-16 20:31:15.408 (UTC)] info/application	[Sensor] Updated distance: 23.9553584190809 cm | Severity=75 | SourceName=Sensor2 | EventType=application
[2026-08-16 20:31:16.409 (UTC)] info/application	[Sensor] Updated distance: 25.3823628089774 cm | Severity=75 | SourceName=Sensor2 | EventType=application
[2026-08-16 20:31:17.409 (UTC)] info/application	[Sensor] Updated distance: 24.9956218055429 cm | Severity=75 | SourceName=Sensor2 | EventType=application
[2026-08-16 20:31:18.410 (UTC)] info/application	[Sensor] Updated distance: 25.2653832904833 cm | Severity=75 | SourceName=Sensor2 | EventType=application
[2026-08-16 20:31:19.410 (UTC)] info/application	[Sensor] Updated distance: 26.7457352670588 cm | Severity=75 | SourceName=Sensor2 | EventType=application
[2026-08-16 20:31:20.410 (UTC)] info/application	[Sensor] Updated distance: 27.9701819994814 cm | Severity=75 | SourceName=Sensor2 | EventType=application
[2026-08-16 20:31:21.410 (UTC)] info/application	[Sensor] Updated distance: 27.5415688941914 cm | Severity=75 | SourceName=Sensor2 | EventType=application
[2026-08-16 20:31:22.410 (UTC)] info/application	[Sensor] Updated distance: 28.6305506840025 cm | Severity=75 | SourceName=Sensor2 | EventType=application
[2026-08-16 20:31:23.410 (UTC)] info/application	[Sensor] Updated distance: 29.2241755035818 cm | Severity=75 | SourceName=Sensor2 | EventType=application
[2026-08-16 20:31:24.411 (UTC)] info/application	[Sensor] Updated distance: 30.2376147400297 cm | Severity=75 | SourceName=Sensor2 | EventType=application
[2026-08-16 20:31:25.412 (UTC)] info/application	[Sensor] Updated distance: 31.0059693139074 cm | Severity=75 | SourceName=Sensor2 | EventType=application
[2026-08-16 20:31:26.412 (UTC)] info/application	[Sensor] Updated distance: 32.1714390742925 cm | Severity=75 | SourceName=Sensor2 | EventType=application
[2026-08-16 20:31:27.413 (UTC)] info/application	[Sensor] Updated distance: 32.9934985609695 cm | Severity=75 | SourceName=Sensor2 | EventType=application
[2026-08-16 20:31:28.413 (UTC)] info/application	[Sensor] Updated distance: 33.6828989149923 cm | Severity=75 | SourceName=Sensor2 | EventType=application
[2026-08-16 20:31:29.413 (UTC)] info/application	[Sensor] Updated distance: 34.4497800327138 cm | Severity=75 | SourceName=Sensor2 | EventType=application
[2026-08-16 20:31:30.404 (UTC)] info/application	[Sensor] Updated distance: 33.8746079254777 cm | Severity=75 | SourceName=Sensor2 | EventType=application
[2026-08-16 20:31:31.404 (UTC)] info/application	[Sensor] Updated distance: 33.1182447132274 cm | Severity=75 | SourceName=Sensor2 | EventType=application
[2026-08-16 20:31:32.405 (UTC)] info/application	[Sensor] Updated distance: 33.7989082533395 cm | Severity=75 | SourceName=Sensor2 | EventType=application
[2026-08-16 20:31:33.405 (UTC)] info/application	[Sensor] Updated distance: 33.5099594171671 cm | Severity=75 | SourceName=Sensor2 | EventType=application
[2026-08-16 20:31:34.406 (UTC)] info/application	[Sensor] Updated distance: 33.6333861803326 cm | Severity=75 | SourceName=Sensor2 | EventType=application
[2026-08-16 20:31:35.406 (UTC)] info/application	[Sensor] Updated distance: 34.806427231434 cm | Severity=75 | SourceName=Sensor2 | EventType=application
[2026-08-16 20:31:36.407 (UTC)] info/application	[Sensor] Updated distance: 35.9638076841197 cm | Severity=75 | SourceName=Sensor2 | EventType=application
[2026-08-16 20:31:37.408 (UTC)] info/application	[Sensor] Updated distance: 37.0958976801931 cm | Severity=75 | SourceName=Sensor2 | EventType=application
[2026-08-16 20:31:38.408 (UTC)] info/application	[Sensor] Updated distance: 35.7337823539198 cm | Severity=75 | SourceName=Sensor2 | EventType=application
[2026-08-16 20:31:39.408 (UTC)] info/application	[Sensor] Updated distance: 34.2896081187248 cm | Severity=75 | SourceName=Sensor2 | EventType=application
[2026-08-16 20:31:40.408 (UTC)] info/application	[Sensor] Updated distance: 34.3928118152045 cm | Severity=75 | SourceName=Sensor2 | EventType=application
[2026-08-16 20:31:41.409 (UTC)] info/application	[Sensor] Updated distance: 34.9248615787015 cm | Severity=75 | SourceName=Sensor2 | EventType=application
[2026-08-16 20:31:42.409 (UTC)] info/application	[Sensor] Updated distance: 36.052303475585 cm | Severity=75 | SourceName=Sensor2 | EventType=application
[2026-08-16 20:31:43.409 (UTC)] info/application	[Sensor] Updated distance: 35.6047020864695 cm | Severity=75 | SourceName=Sensor2 | EventType=application
[2026-08-16 20:31:44.409 (UTC)] info/application	[Sensor] Updated distance: 34.3378705297773 cm | Severity=75 | SourceName=Sensor2 | EventType=application
[2026-08-16 20:31:45.410 (UTC)] info/application	[Sensor] Updated distance: 34.1926910906065 cm | Severity=75 | SourceName=Sensor2 | EventType=application
[2026-08-16 20:31:46.410 (UTC)] info/application	[Sensor] Updated distance: 33.299192059226 cm | Severity=75 | SourceName=Sensor2 | EventType=application
[2026-08-16 20:31:47.411 (UTC)] info/application	[Sensor] Updated distance: 31.9593648910333 cm | Severity=75 | SourceName=Sensor2 | EventType=application
[2026-08-16 20:31:48.411 (UTC)] info/application	[Sensor] Updated distance: 32.9274444498249 cm | Severity=75 | SourceName=Sensor2 | EventType=application
[2026-08-16 20:31:49.411 (UTC)] info/application	[Sensor] Updated distance: 33.8037069033849 cm | Severity=75 | SourceName=Sensor2 | EventType=application
[2026-08-16 20:31:50.411 (UTC)] info/application	[Sensor] Updated distance: 32.4442317103707 cm | Severity=75 | SourceName=Sensor2 | EventType=application
[2026-08-16 20:31:51.411 (UTC)] info/application	[Sensor] Updated distance: 33.1367580001879 cm | Severity=75 | SourceName=Sensor2 | EventType=application
[2026-08-16 20:31:52.411 (UTC)] info/application	[Sensor] Updated distance: 32.0844073470609 cm | Severity=75 | SourceName=Sensor2 | EventType=application
[2026-08-16 20:31:53.411 (UTC)] info/application	[Sensor] Updated distance: 33.3139139438578 cm | Severity=75 | SourceName=Sensor2 | EventType=application
[2026-08-16 20:31:54.412 (UTC)] info/application	[Sensor] Updated distance: 33.1000650518574 cm | Severity=75 | SourceName=Sensor2 | EventType=application
[2026-08-16 20:31:55.412 (UTC)] info/application	[Sensor] Updated distance: 34.5611536351783 cm | Severity=75 | SourceName=Sensor2 | EventType=application
[2026-08-16 20:31:56.413 (UTC)] info/application	[Sensor] Updated distance: 35.0590148058529 cm | Severity=75 | SourceName=Sensor2 | EventType=application
[2026-08-16 20:31:57.413 (UTC)] info/application	[Sensor] Updated distance: 34.5106356728406 cm | Severity=75 | SourceName=Sensor2 | EventType=application
[2026-08-16 20:31:58.413 (UTC)] info/application	[Sensor] Updated distance: 35.2937837414414 cm | Severity=75 | SourceName=Sensor2 | EventType=application
[2026-08-16 20:31:59.413 (UTC)] info/application	[Sensor] Updated distance: 34.9810452647419 cm | Severity=75 | SourceName=Sensor2 | EventType=application
[2026-08-16 20:32:00.413 (UTC)] info/application	[Sensor] Updated distance: 33.6995472494511 cm | Severity=75 | SourceName=Sensor2 | EventType=application
[2026-08-16 20:32:01.414 (UTC)] info/application	[Sensor] Updated distance: 32.4075232094189 cm | Severity=75 | SourceName=Sensor2 | EventType=application
[2026-08-16 20:32:02.414 (UTC)] info/application	[Sensor] Updated distance: 32.838421520469 cm | Severity=75 | SourceName=Sensor2 | EventType=application
[2026-08-16 20:32:03.404 (UTC)] info/application	[Sensor] Updated distance: 33.7375870452903 cm | Severity=75 | SourceName=Sensor2 | EventType=application
[2026-08-16 20:32:04.404 (UTC)] info/application	[Sensor] Updated distance: 33.6566141690857 cm | Severity=75 | SourceName=Sensor2 | EventType=application
[2026-08-16 20:32:05.404 (UTC)] info/application	[Sensor] Updated distance: 32.7109392419042 cm | Severity=75 | SourceName=Sensor2 | EventType=application
[2026-08-16 20:32:06.404 (UTC)] info/application	[Sensor] Updated distance: 33.28314581643 cm | Severity=75 | SourceName=Sensor2 | EventType=application
[2026-08-16 20:32:07.404 (UTC)] info/application	[Sensor] Updated distance: 32.8595533929111 cm | Severity=75 | SourceName=Sensor2 | EventType=application
[2026-08-16 20:32:08.404 (UTC)] info/application	[Sensor] Updated distance: 31.5459684604061 cm | Severity=75 | SourceName=Sensor2 | EventType=application
[2026-08-16 20:32:09.404 (UTC)] info/application	[Sensor] Updated distance: 32.2560597086586 cm | Severity=75 | SourceName=Sensor2 | EventType=application
[2026-08-16 20:32:10.404 (UTC)] info/application	[Sensor] Updated distance: 31.8882930499447 cm | Severity=75 | SourceName=Sensor2 | EventType=application
[2026-08-16 20:32:11.404 (UTC)] info/application	[Sensor] Updated distance: 32.1779118139194 cm | Severity=75 | SourceName=Sensor2 | EventType=application
[2026-08-16 20:32:12.405 (UTC)] info/application	[Sensor] Updated distance: 31.9200528242718 cm | Severity=75 | SourceName=Sensor2 | EventType=application
[2026-08-16 20:32:13.405 (UTC)] info/application	[Sensor] Updated distance: 31.1797280610444 cm | Severity=75 | SourceName=Sensor2 | EventType=application
[2026-08-16 20:32:14.405 (UTC)] info/application	[Sensor] Updated distance: 32.5217454359036 cm | Severity=75 | SourceName=Sensor2 | EventType=application
[2026-08-16 20:32:15.405 (UTC)] info/application	[Sensor] Updated distance: 32.4970548895639 cm | Severity=75 | SourceName=Sensor2 | EventType=application
[2026-08-16 20:32:16.405 (UTC)] info/application	[Sensor] Updated distance: 33.1115506871657 cm | Severity=75 | SourceName=Sensor2 | EventType=application
[2026-08-16 20:32:17.405 (UTC)] info/application	[Sensor] Updated distance: 32.0600690292474 cm | Severity=75 | SourceName=Sensor2 | EventType=application
[2026-08-16 20:32:18.405 (UTC)] info/application	[Sensor] Updated distance: 32.1955513147151 cm | Severity=75 | SourceName=Sensor2 | EventType=application
[2026-08-16 20:32:19.405 (UTC)] info/application	[Sensor] Updated distance: 32.2781266697115 cm | Severity=75 | SourceName=Sensor2 | EventType=application
[2026-08-16 20:32:20.405 (UTC)] info/application	[Sensor] Updated distance: 33.6029074653531 cm | Severity=75 | SourceName=Sensor2 | EventType=application
[2026-08-16 20:32:21.405 (UTC)] info/application	[Sensor] Updated distance: 33.8789145592036 cm | Severity=75 | SourceName=Sensor2 | EventType=application
[2026-08-16 20:32:22.405 (UTC)] info/application	[Sensor] Updated distance: 33.1540162040172 cm | Severity=75 | SourceName=Sensor2 | EventType=application
[2026-08-16 20:32:23.405 (UTC)] info/application	[Sensor] Updated distance: 31.9264463451348 cm | Severity=75 | SourceName=Sensor2 | EventType=application
[2026-08-16 20:32:24.405 (UTC)] info/application	[Sensor] Updated distance: 31.9319600343853 cm | Severity=75 | SourceName=Sensor2 | EventType=application
[2026-08-16 20:32:25.405 (UTC)] info/application	[Sensor] Updated distance: 32.4932127871984 cm | Severity=75 | SourceName=Sensor2 | EventType=application
[2026-08-16 20:32:26.405 (UTC)] info/application	[Sensor] Updated distance: 31.22673151024 cm | Severity=75 | SourceName=Sensor2 | EventType=application
[2026-08-16 20:32:27.405 (UTC)] info/application	[Sensor] Updated distance: 30.2301063687681 cm | Severity=75 | SourceName=Sensor2 | EventType=application
[2026-08-16 20:32:28.405 (UTC)] info/application	[Sensor] Updated distance: 28.7429799885689 cm | Severity=75 | SourceName=Sensor2 | EventType=application
[2026-08-16 20:32:29.405 (UTC)] info/application	[Sensor] Updated distance: 29.7596467816083 cm | Severity=75 | SourceName=Sensor2 | EventType=application
[2026-08-16 20:32:30.406 (UTC)] info/application	[Sensor] Updated distance: 29.9502831648338 cm | Severity=75 | SourceName=Sensor2 | EventType=application
[2026-08-16 20:32:31.406 (UTC)] info/application	[Sensor] Updated distance: 28.6816587693438 cm | Severity=75 | SourceName=Sensor2 | EventType=application
[2026-08-16 20:32:32.406 (UTC)] info/application	[Sensor] Updated distance: 29.906301522351 cm | Severity=75 | SourceName=Sensor2 | EventType=application
[2026-08-16 20:32:33.406 (UTC)] info/application	[Sensor] Updated distance: 29.0278362152296 cm | Severity=75 | SourceName=Sensor2 | EventType=application
[2026-08-16 20:32:34.406 (UTC)] info/application	[Sensor] Updated distance: 30.158377344561 cm | Severity=75 | SourceName=Sensor2 | EventType=application
[2026-08-16 20:32:35.407 (UTC)] info/application	[Sensor] Updated distance: 29.8020472213635 cm | Severity=75 | SourceName=Sensor2 | EventType=application
[2026-08-16 20:32:36.407 (UTC)] info/application	[Sensor] Updated distance: 29.4779069884577 cm | Severity=75 | SourceName=Sensor2 | EventType=application
[2026-08-16 20:32:37.407 (UTC)] info/application	[Sensor] Updated distance: 29.6806546909179 cm | Severity=75 | SourceName=Sensor2 | EventType=application
[2026-08-16 20:32:38.407 (UTC)] info/application	[Sensor] Updated distance: 30.4007321442015 cm | Severity=75 | SourceName=Sensor2 | EventType=application
[2026-08-16 20:32:39.408 (UTC)] info/application	[Sensor] Updated distance: 30.2630069787907 cm | Severity=75 | SourceName=Sensor2 | EventType=application
[2026-08-16 20:32:40.409 (UTC)] info/application	[Sensor] Updated distance: 29.6758459281064 cm | Severity=75 | SourceName=Sensor2 | EventType=application
[2026-08-16 20:32:41.409 (UTC)] info/application	[Sensor] Updated distance: 28.5281567212791 cm | Severity=75 | SourceName=Sensor2 | EventType=application
[2026-08-16 20:32:42.409 (UTC)] info/application	[Sensor] Updated distance: 27.180050319843 cm | Severity=75 | SourceName=Sensor2 | EventType=application
[2026-08-16 20:32:43.409 (UTC)] info/application	[Sensor] Updated distance: 27.8350302795111 cm | Severity=75 | SourceName=Sensor2 | EventType=application
[2026-08-16 20:32:44.410 (UTC)] info/application	[Sensor] Updated distance: 27.4470163094564 cm | Severity=75 | SourceName=Sensor2 | EventType=application
[2026-08-16 20:32:45.410 (UTC)] info/application	[Sensor] Updated distance: 28.9409272828795 cm | Severity=75 | SourceName=Sensor2 | EventType=application
[2026-08-16 20:32:46.410 (UTC)] info/application	[Sensor] Updated distance: 28.071216696208 cm | Severity=75 | SourceName=Sensor2 | EventType=application
[2026-08-16 20:32:47.410 (UTC)] info/application	[Sensor] Updated distance: 26.797698522358 cm | Severity=75 | SourceName=Sensor2 | EventType=application
[2026-08-16 20:32:48.410 (UTC)] info/application	[Sensor] Updated distance: 25.7401278378629 cm | Severity=75 | SourceName=Sensor2 | EventType=application
[2026-08-16 20:32:49.410 (UTC)] info/application	[Sensor] Updated distance: 26.5058995366589 cm | Severity=75 | SourceName=Sensor2 | EventType=application
[2026-08-16 20:32:50.410 (UTC)] info/application	[Sensor] Updated distance: 26.8149567192024 cm | Severity=75 | SourceName=Sensor2 | EventType=application
[2026-08-16 20:32:51.410 (UTC)] info/application	[Sensor] Updated distance: 25.5821668289518 cm | Severity=75 | SourceName=Sensor2 | EventType=application
[2026-08-16 20:32:52.410 (UTC)] info/application	[Sensor] Updated distance: 25.1239456202015 cm | Severity=75 | SourceName=Sensor2 | EventType=application
[2026-08-16 20:32:53.410 (UTC)] info/application	[Sensor] Updated distance: 26.2081044475585 cm | Severity=75 | SourceName=Sensor2 | EventType=application
[2026-08-16 20:32:54.409 (UTC)] info/application	[Sensor] Updated distance: 25.2477446998226 cm | Severity=75 | SourceName=Sensor2 | EventType=application
[2026-08-16 20:32:55.410 (UTC)] info/application	[Sensor] Updated distance: 26.2950371817197 cm | Severity=75 | SourceName=Sensor2 | EventType=application
[2026-08-16 20:32:56.409 (UTC)] info/application	[Sensor] Updated distance: 26.4404487604929 cm | Severity=75 | SourceName=Sensor2 | EventType=application
[2026-08-16 20:32:57.409 (UTC)] info/application	[Sensor] Updated distance: 25.7136077357985 cm | Severity=75 | SourceName=Sensor2 | EventType=application
[2026-08-16 20:32:58.409 (UTC)] info/application	[Sensor] Updated distance: 24.2642750748267 cm | Severity=75 | SourceName=Sensor2 | EventType=application
[2026-08-16 20:32:59.409 (UTC)] info/application	[Sensor] Updated distance: 24.4225602734007 cm | Severity=75 | SourceName=Sensor2 | EventType=application
[2026-08-16 20:33:00.409 (UTC)] info/application	[Sensor] Updated distance: 23.2123860403487 cm | Severity=75 | SourceName=Sensor2 | EventType=application
[2026-08-16 20:33:01.409 (UTC)] info/application	[Sensor] Updated distance: 23.4536897626024 cm | Severity=75 | SourceName=Sensor2 | EventType=application
[2026-08-16 20:33:02.410 (UTC)] info/application	[Sensor] Updated distance: 23.8433505656865 cm | Severity=75 | SourceName=Sensor2 | EventType=application
[2026-08-16 20:33:03.410 (UTC)] info/application	[Sensor] Updated distance: 22.3578190856417 cm | Severity=75 | SourceName=Sensor2 | EventType=application
[2026-08-16 20:33:04.410 (UTC)] info/application	[Sensor] Updated distance: 23.2206575021709 cm | Severity=75 | SourceName=Sensor2 | EventType=application
[2026-08-16 20:33:05.410 (UTC)] info/application	[Sensor] Updated distance: 23.2408594331894 cm | Severity=75 | SourceName=Sensor2 | EventType=application
[2026-08-16 20:33:06.409 (UTC)] info/application	[Sensor] Updated distance: 22.8989978299471 cm | Severity=75 | SourceName=Sensor2 | EventType=application
[2026-08-16 20:33:07.409 (UTC)] info/application	[Sensor] Updated distance: 21.9376960121736 cm | Severity=75 | SourceName=Sensor2 | EventType=application
[2026-08-16 20:33:08.409 (UTC)] info/application	[Sensor] Updated distance: 20.6606456442553 cm | Severity=75 | SourceName=Sensor2 | EventType=application
[2026-08-16 20:33:09.409 (UTC)] info/application	[Sensor] Updated distance: 19.5388614928996 cm | Severity=75 | SourceName=Sensor2 | EventType=application
[2026-08-16 20:33:10.410 (UTC)] info/application	[Sensor] Updated distance: 19.9398345097153 cm | Severity=75 | SourceName=Sensor2 | EventType=application
[2026-08-16 20:33:11.409 (UTC)] info/application	[Sensor] Updated distance: 19.5756230911126 cm | Severity=75 | SourceName=Sensor2 | EventType=application
[2026-08-16 20:33:12.410 (UTC)] info/application	[Sensor] Updated distance: 18.8061497329297 cm | Severity=75 | SourceName=Sensor2 | EventType=application
[2026-08-16 20:33:13.409 (UTC)] info/application	[Sensor] Updated distance: 19.3590163483093 cm | Severity=75 | SourceName=Sensor2 | EventType=application
[2026-08-16 20:33:14.410 (UTC)] info/application	[Sensor] Updated distance: 18.1497848893747 cm | Severity=75 | SourceName=Sensor2 | EventType=application
[2026-08-16 20:33:15.409 (UTC)] info/application	[Sensor] Updated distance: 18.4922975611371 cm | Severity=75 | SourceName=Sensor2 | EventType=application
[2026-08-16 20:33:16.409 (UTC)] info/application	[Sensor] Updated distance: 19.0390751499399 cm | Severity=75 | SourceName=Sensor2 | EventType=application
[2026-08-16 20:33:17.409 (UTC)] info/application	[Sensor] Updated distance: 18.4601331043337 cm | Severity=75 | SourceName=Sensor2 | EventType=application
[2026-08-16 20:33:18.409 (UTC)] info/application	[Sensor] Updated distance: 19.0291276022462 cm | Severity=75 | SourceName=Sensor2 | EventType=application
[2026-08-16 20:33:19.410 (UTC)] info/application	[Sensor] Updated distance: 20.0183345065537 cm | Severity=75 | SourceName=Sensor2 | EventType=application
[2026-08-16 20:33:20.411 (UTC)] info/application	[Sensor] Updated distance: 18.7051641583466 cm | Severity=75 | SourceName=Sensor2 | EventType=application
[2026-08-16 20:33:21.411 (UTC)] info/application	[Sensor] Updated distance: 18.0832158374056 cm | Severity=75 | SourceName=Sensor2 | EventType=application
[2026-08-16 20:33:22.411 (UTC)] info/application	[Sensor] Updated distance: 19.3396328514626 cm | Severity=75 | SourceName=Sensor2 | EventType=application
[2026-08-16 20:33:23.410 (UTC)] info/application	[Sensor] Updated distance: 19.0682412959021 cm | Severity=75 | SourceName=Sensor2 | EventType=application
[2026-08-16 20:33:24.411 (UTC)] info/application	[Sensor] Updated distance: 18.0304518009212 cm | Severity=75 | SourceName=Sensor2 | EventType=application
[2026-08-16 20:33:25.411 (UTC)] info/application	[Sensor] Updated distance: 16.8265090658453 cm | Severity=75 | SourceName=Sensor2 | EventType=application
[2026-08-16 20:33:26.412 (UTC)] info/application	[Sensor] Updated distance: 16.1024099907849 cm | Severity=75 | SourceName=Sensor2 | EventType=application
[2026-08-16 20:33:27.411 (UTC)] info/application	[Sensor] Updated distance: 16.7100320759741 cm | Severity=75 | SourceName=Sensor2 | EventType=application
[2026-08-16 20:33:28.411 (UTC)] info/application	[Sensor] Updated distance: 16.2792483176008 cm | Severity=75 | SourceName=Sensor2 | EventType=application
[2026-08-16 20:33:29.412 (UTC)] info/application	[Sensor] Updated distance: 15.6058165815686 cm | Severity=75 | SourceName=Sensor2 | EventType=application
[2026-08-16 20:33:30.411 (UTC)] info/application	[Sensor] Updated distance: 14.8717238639349 cm | Severity=75 | SourceName=Sensor2 | EventType=application
[2026-08-16 20:33:31.412 (UTC)] info/application	[Sensor] Updated distance: 14.7307658725095 cm | Severity=75 | SourceName=Sensor2 | EventType=application
[2026-08-16 20:33:32.414 (UTC)] info/application	[Sensor] Updated distance: 15.798637860128 cm | Severity=75 | SourceName=Sensor2 | EventType=application
[2026-08-16 20:33:33.404 (UTC)] info/application	[Sensor] Updated distance: 16.9542059469755 cm | Severity=75 | SourceName=Sensor2 | EventType=application
[2026-08-16 20:33:34.414 (UTC)] info/application	[Sensor] Updated distance: 16.8277164755052 cm | Severity=75 | SourceName=Sensor2 | EventType=application
[2026-08-16 20:33:35.413 (UTC)] info/application	[Sensor] Updated distance: 17.258426878256 cm | Severity=75 | SourceName=Sensor2 | EventType=application
[2026-08-16 20:33:36.413 (UTC)] info/application	[Sensor] Updated distance: 16.9341968947249 cm | Severity=75 | SourceName=Sensor2 | EventType=application
[2026-08-16 20:33:37.413 (UTC)] info/application	[Sensor] Updated distance: 17.9658458200124 cm | Severity=75 | SourceName=Sensor2 | EventType=application
[2026-08-16 20:33:38.413 (UTC)] info/application	[Sensor] Updated distance: 18.9352544049896 cm | Severity=75 | SourceName=Sensor2 | EventType=application
[2026-08-16 20:33:39.413 (UTC)] info/application	[Sensor] Updated distance: 18.8339740549372 cm | Severity=75 | SourceName=Sensor2 | EventType=application
[2026-08-16 20:33:40.404 (UTC)] info/application	[Sensor] Updated distance: 20.2438388288691 cm | Severity=75 | SourceName=Sensor2 | EventType=application
[2026-08-16 20:33:41.404 (UTC)] info/application	[Sensor] Updated distance: 20.114220429265 cm | Severity=75 | SourceName=Sensor2 | EventType=application
[2026-08-16 20:33:42.404 (UTC)] info/application	[Sensor] Updated distance: 21.1487286606099 cm | Severity=75 | SourceName=Sensor2 | EventType=application
[2026-08-16 20:33:43.414 (UTC)] info/application	[Sensor] Updated distance: 20.2891200749618 cm | Severity=75 | SourceName=Sensor2 | EventType=application
[2026-08-16 20:33:44.413 (UTC)] info/application	[Sensor] Updated distance: 19.2123682907374 cm | Severity=75 | SourceName=Sensor2 | EventType=application
[2026-08-16 20:33:45.413 (UTC)] info/application	[Sensor] Updated distance: 20.5376450631477 cm | Severity=75 | SourceName=Sensor2 | EventType=application
[2026-08-16 20:33:46.412 (UTC)] info/application	[Sensor] Updated distance: 21.520549149262 cm | Severity=75 | SourceName=Sensor2 | EventType=application
[2026-08-16 20:33:47.412 (UTC)] info/application	[Sensor] Updated distance: 22.4905749538404 cm | Severity=75 | SourceName=Sensor2 | EventType=application
[2026-08-16 20:33:48.412 (UTC)] info/application	[Sensor] Updated distance: 21.7369096792475 cm | Severity=75 | SourceName=Sensor2 | EventType=application
[2026-08-16 20:33:49.413 (UTC)] info/application	[Sensor] Updated distance: 21.7888082632743 cm | Severity=75 | SourceName=Sensor2 | EventType=application
[2026-08-16 20:33:50.413 (UTC)] info/application	[Sensor] Updated distance: 22.2480409707632 cm | Severity=75 | SourceName=Sensor2 | EventType=application
[2026-08-16 20:33:51.413 (UTC)] info/application	[Sensor] Updated distance: 21.6812053493602 cm | Severity=75 | SourceName=Sensor2 | EventType=application
[2026-08-16 20:33:52.412 (UTC)] info/application	[Sensor] Updated distance: 22.6111556124459 cm | Severity=75 | SourceName=Sensor2 | EventType=application
[2026-08-16 20:33:53.413 (UTC)] info/application	[Sensor] Updated distance: 22.8268053325949 cm | Severity=75 | SourceName=Sensor2 | EventType=application
[2026-08-16 20:33:54.412 (UTC)] info/application	[Sensor] Updated distance: 23.4885781556314 cm | Severity=75 | SourceName=Sensor2 | EventType=application
[2026-08-16 20:33:55.412 (UTC)] info/application	[Sensor] Updated distance: 24.8807389251332 cm | Severity=75 | SourceName=Sensor2 | EventType=application
[2026-08-16 20:33:56.412 (UTC)] info/application	[Sensor] Updated distance: 25.3924459116032 cm | Severity=75 | SourceName=Sensor2 | EventType=application
[2026-08-16 20:33:57.412 (UTC)] info/application	[Sensor] Updated distance: 26.8301196595794 cm | Severity=75 | SourceName=Sensor2 | EventType=application
[2026-08-16 20:33:58.411 (UTC)] info/application	[Sensor] Updated distance: 27.3299025128734 cm | Severity=75 | SourceName=Sensor2 | EventType=application
[2026-08-16 20:33:59.411 (UTC)] info/application	[Sensor] Updated distance: 25.9108257395731 cm | Severity=75 | SourceName=Sensor2 | EventType=application
[2026-08-16 20:34:00.269 (UTC)] info/session	[System] TCP 17	| SC 2	| Session "ns=1;g=1d38b010-9ac3-e1e4-d33d-e3fed31d3113"	| Closing the Session | Severity=75 | SourceName=System | EventType=session
[2026-08-16 20:34:00.290 (UTC)] info/channel	[System] TCP 17	| SC 2	| SecureChannel closed | Severity=75 | SourceName=System | EventType=channel
[2026-08-16 20:34:00.290 (UTC)] info/network	[System] TCP 17	| Socket closed | Severity=75 | SourceName=System | EventType=network
[2026-08-16 20:34:00.411 (UTC)] info/application	[Sensor] Updated distance: 25.1750677501201 cm | Severity=75 | SourceName=Sensor2 | EventType=application
[2026-08-16 20:34:01.411 (UTC)] info/application	[Sensor] Updated distance: 26.4407578857805 cm | Severity=75 | SourceName=Sensor2 | EventType=application
[2026-08-16 20:34:02.411 (UTC)] info/application	[Sensor] Updated distance: 26.3807231210548 cm | Severity=75 | SourceName=Sensor2 | EventType=application
[2026-08-16 20:34:03.411 (UTC)] info/application	[Sensor] Updated distance: 25.2128371178232 cm | Severity=75 | SourceName=Sensor2 | EventType=application
[2026-08-16 20:34:04.411 (UTC)] info/application	[Sensor] Updated distance: 26.1340953389341 cm | Sever