[2026-08-15 23:37:41.202 (UTC+0800)] [33mwarn/server[0m	AccessControl: Unconfigured AccessControl. Users have all permissions.
[2026-08-15 23:37:41.202 (UTC+0800)] [32minfo/server[0m	AccessControl: Anonymous login is enabled
[2026-08-15 23:37:41.202 (UTC+0800)] [33mwarn/server[0m	x509 Certificate Authentication configured, but no encrypting SecurityPolicy. This can leak credentials on the network.
[2026-08-15 23:37:41.243 (UTC+0800)] [33mwarn/application[0m	ServerUrls already set. Overriding.
[2026-08-15 23:37:41.243 (UTC+0800)] [33mwarn/server[0m	AccessControl: Unconfigured AccessControl. Users have all permissions.
[2026-08-15 23:37:41.243 (UTC+0800)] [32minfo/server[0m	AccessControl: Anonymous login is enabled
[2026-08-15 23:37:41.243 (UTC+0800)] [33mwarn/server[0m	x509 Certificate Authentication configured, but no encrypting SecurityPolicy. This can leak credentials on the network.
[2026-08-15 23:37:41.243 (UTC+0800)] [33mwarn/server[0m	x509 Certificate Authentication configured, but no encrypting SecurityPolicy. This can leak credentials on the network.
[2026-08-15 15:37:41.243 (UTC)] info/application	Sensor Server online (Client/Server mode, id=3 port=4844) | Severity=75 | SourceName=Sensor3 | EventType=application
Entering background polling mode: attempting to connect to Aggregation Server...
Connected successfully. Log forwarding started.
[2026-08-15 15:37:42.247 (UTC)] info/application	[Sensor] Updated distance: 35.56914085222834 cm | Severity=75 | SourceName=Sensor3 | EventType=application
[2026-08-15 15:37:43.209 (UTC)] info/network	[System] TCP 16	| Connection opened from "127.0.0.1" via the server socket 8 | Severity=75 | SourceName=System | EventType=network
[2026-08-15 15:37:43.209 (UTC)] info/channel	[System] TCP 16	| SC 1	| SecureChannel created | Severity=75 | SourceName=System | EventType=channel
[2026-08-15 15:37:43.230 (UTC)] info/channel	[System] TCP 16	| SC 1	| OpenSecureChannel: Channel opened with SecurityMode None for SecurityPolicy http://opcfoundation.org/UA/SecurityPolicy#None and a revised lifetime of 600.0s | Severity=75 | SourceName=System | EventType=channel
[2026-08-15 15:37:43.250 (UTC)] info/application	[Sensor] Updated distance: 18.618848242153806 cm | Severity=75 | SourceName=Sensor3 | EventType=application
[2026-08-15 15:37:43.250 (UTC)] warn/client	[System] Removing a UserTokenPolicy that would allow the password to be transmitted without encryption (Can be enabled via config->allowNonePolicyPassword) | Severity=175 | SourceName=System | EventType=client
[2026-08-15 15:37:43.250 (UTC)] warn/client	[System] Removing a UserTokenPolicy that would allow the password to be transmitted without encryption (Can be enabled via config->allowNonePolicyPassword) | Severity=175 | SourceName=System | EventType=client
[2026-08-15 15:37:43.260 (UTC)] warn/client	[System] Removing a UserTokenPolicy that would allow the password to be transmitted without encryption (Can be enabled via config->allowNonePolicyPassword) | Severity=175 | SourceName=System | EventType=client
[2026-08-15 15:37:43.260 (UTC)] warn/client	[System] Removing a UserTokenPolicy that would allow the password to be transmitted without encryption (Can be enabled via config->allowNonePolicyPassword) | Severity=175 | SourceName=System | EventType=client
[2026-08-15 15:37:43.261 (UTC)] info/session	[System] TCP 16	| SC 1	| Session "ns=1;g=b2d5a80c-c805-8c30-93d9-fd0f74176186"	| Session created | Severity=75 | SourceName=System | EventType=session
[2026-08-15 15:37:43.271 (UTC)] info/session	[System] TCP 16	| SC 1	| Session "ns=1;g=b2d5a80c-c805-8c30-93d9-fd0f74176186"	| ActivateSession: Session activated with ClientUserId "" | Severity=75 | SourceName=System | EventType=session
[2026-08-15 15:37:43.657 (UTC)] info/session	[System] TCP 16	| SC 1	| Session "ns=1;g=b2d5a80c-c805-8c30-93d9-fd0f74176186"	| Subscription 1 | Subscription created (Publishing interval 500.0ms, max 1000 notifications per publish) | Severity=75 | SourceName=System | EventType=session
[2026-08-15 15:37:43.668 (UTC)] info/session	[System] TCP 16	| SC 1	| Session "ns=1;g=b2d5a80c-c805-8c30-93d9-fd0f74176186"	| Subscription 1 | MonitoredItem 1 | Created the MonitoredItem (Sampling Interval: 250.0ms, Queue Size: 1) | Severity=75 | SourceName=System | EventType=session
[2026-08-15 15:37:44.244 (UTC)] info/application	[Sensor] Updated distance: 42.343093317161824 cm | Severity=75 | SourceName=Sensor3 | EventType=application
[2026-08-15 15:37:45.246 (UTC)] info/application	[Sensor] Updated distance: 20.558681347667555 cm | Severity=75 | SourceName=Sensor3 | EventType=application
[2026-08-15 15:37:46.327 (UTC)] info/application	[Sensor] Updated distance: 15.251257887692775 cm | Severity=75 | SourceName=Sensor3 | EventType=application
[2026-08-15 15:37:46.327 (UTC)] info/network	[System] TCP 17	| Connection opened from "127.0.0.1" via the server socket 8 | Severity=75 | SourceName=System | EventType=network
[2026-08-15 15:37:46.327 (UTC)] info/channel	[System] TCP 17	| SC 2	| SecureChannel created | Severity=75 | SourceName=System | EventType=channel
[2026-08-15 15:37:46.348 (UTC)] info/channel	[System] TCP 17	| SC 2	| OpenSecureChannel: Channel opened with SecurityMode None for SecurityPolicy http://opcfoundation.org/UA/SecurityPolicy#None and a revised lifetime of 600.0s | Severity=75 | SourceName=System | EventType=channel
[2026-08-15 15:37:46.368 (UTC)] warn/client	[System] Removing a UserTokenPolicy that would allow the password to be transmitted without encryption (Can be enabled via config->allowNonePolicyPassword) | Severity=175 | SourceName=System | EventType=client
[2026-08-15 15:37:46.368 (UTC)] warn/client	[System] Removing a UserTokenPolicy that would allow the password to be transmitted without encryption (Can be enabled via config->allowNonePolicyPassword) | Severity=175 | SourceName=System | EventType=client
[2026-08-15 15:37:46.379 (UTC)] warn/client	[System] Removing a UserTokenPolicy that would allow the password to be transmitted without encryption (Can be enabled via config->allowNonePolicyPassword) | Severity=175 | SourceName=System | EventType=client
[2026-08-15 15:37:46.379 (UTC)] warn/client	[System] Removing a UserTokenPolicy that would allow the password to be transmitted without encryption (Can be enabled via config->allowNonePolicyPassword) | Severity=175 | SourceName=System | EventType=client
[2026-08-15 15:37:46.379 (UTC)] info/session	[System] TCP 17	| SC 2	| Session "ns=1;g=3b52fa6e-5390-f88b-df4d-c4acca5c05e0"	| Session created | Severity=75 | SourceName=System | EventType=session
[2026-08-15 15:37:46.390 (UTC)] info/session	[System] TCP 17	| SC 2	| Session "ns=1;g=3b52fa6e-5390-f88b-df4d-c4acca5c05e0"	| ActivateSession: Session activated with ClientUserId "" | Severity=75 | SourceName=System | EventType=session
[2026-08-15 15:37:47.249 (UTC)] info/application	[Sensor] Updated distance: 41.083748999556406 cm | Severity=75 | SourceName=Sensor3 | EventType=application
[2026-08-15 15:37:48.252 (UTC)] info/application	[Sensor] Updated distance: 26.633548599031542 cm | Severity=75 | SourceName=Sensor3 | EventType=application
[2026-08-15 15:37:49.244 (UTC)] info/application	[Sensor] Updated distance: 25.279482427648958 cm | Severity=75 | SourceName=Sensor3 | EventType=application
[2026-08-15 15:37:50.246 (UTC)] info/application	[Sensor] Updated distance: 10.53182057688563 cm | Severity=75 | SourceName=Sensor3 | EventType=application
[2026-08-15 15:37:51.248 (UTC)] info/application	[Sensor] Updated distance: 28.18465572324798 cm | Severity=75 | SourceName=Sensor3 | EventType=application
[2026-08-15 15:37:52.250 (UTC)] info/application	[Sensor] Updated distance: 17.897085398387667 cm | Severity=75 | SourceName=Sensor3 | EventType=application
[2026-08-15 15:37:53.253 (UTC)] info/application	[Sensor] Updated distance: 23.65412742162781 cm | Severity=75 | SourceName=Sensor3 | EventType=application
[2026-08-15 15:37:54.022 (UTC)] info/session	[System] TCP 17	| SC 2	| Session "ns=1;g=3b52fa6e-5390-f88b-df4d-c4acca5c05e0"	| WriteRequest returned status code BadUserAccessDenied | Severity=75 | SourceName=System | EventType=session
[2026-08-15 15:37:54.245 (UTC)] info/application	[Sensor] Updated distance: 10.624960732005983 cm | Severity=75 | SourceName=Sensor3 | EventType=application
[2026-08-15 15:37:55.247 (UTC)] info/application	[Sensor] Updated distance: 46.81020411700485 cm | Severity=75 | SourceName=Sensor3 | EventType=application
[2026-08-15 15:37:56.250 (UTC)] info/application	[Sensor] Updated distance: 21.71338663423126 cm | Severity=75 | SourceName=Sensor3 | EventType=application
[2026-08-15 15:37:57.252 (UTC)] info/application	[Sensor] Updated distance: 34.522211261336786 cm | Severity=75 | SourceName=Sensor3 | EventType=application
[2026-08-15 15:37:58.244 (UTC)] info/application	[Sensor] Updated distance: 7.353834147264172 cm | Severity=75 | SourceName=Sensor3 | EventType=application
[2026-08-15 15:37:59.246 (UTC)] info/application	[Sensor] Updated distance: 44.83980091420924 cm | Severity=75 | SourceName=Sensor3 | EventType=application
[2026-08-15 15:38:00.026 (UTC)] info/session	[System] TCP 17	| SC 2	| Session "ns=1;g=3b52fa6e-5390-f88b-df4d-c4acca5c05e0"	| WriteRequest returned status code BadUserAccessDenied | Severity=75 | SourceName=System | EventType=session
[2026-08-15 15:38:00.249 (UTC)] info/application	[Sensor] Updated distance: 15.127948916111118 cm | Severity=75 | SourceName=Sensor3 | EventType=application
[2026-08-15 15:38:01.251 (UTC)] info/application	[Sensor] Updated distance: 36.58401033402607 cm | Severity=75 | SourceName=Sensor3 | EventType=application
[2026-08-15 15:38:02.253 (UTC)] info/application	[Sensor] Updated distance: 45.76250175934401 cm | Severity=75 | SourceName=Sensor3 | EventType=application
[2026-08-15 15:38:03.246 (UTC)] info/application	[Sensor] Updated distance: 46.49352461681399 cm | Severity=75 | SourceName=Sensor3 | EventType=application
[2026-08-15 15:38:04.247 (UTC)] info/application	[Sensor] Updated distance: 38.86612013208965 cm | Severity=75 | SourceName=Sensor3 | EventType=application
[2026-08-15 15:38:05.249 (UTC)] info/application	[Sensor] Updated distance: 3.860654854150794 cm | Severity=75 | SourceName=Sensor3 | EventType=application
[2026-08-15 15:38:06.251 (UTC)] info/application	[Sensor] Updated distance: 10.417890262053296 cm | Severity=75 | SourceName=Sensor3 | EventType=application
[2026-08-15 15:38:07.253 (UTC)] info/application	[Sensor] Updated distance: 20.327536487173074 cm | Severity=75 | SourceName=Sensor3 | EventType=application
[2026-08-15 15:38:08.246 (UTC)] info/application	[Sensor] Updated distance: 49.881542004589704 cm | Severity=75 | SourceName=Sensor3 | EventType=application
[2026-08-15 15:38:09.248 (UTC)] info/application	[Sensor] Updated distance: 48.141410379736406 cm | Severity=75 | SourceName=Sensor3 | EventType=application
[2026-08-15 15:38:10.250 (UTC)] info/application	[Sensor] Updated distance: 44.7043432121651 cm | Severity=75 | SourceName=Sensor3 | EventType=application
[2026-08-15 15:38:11.252 (UTC)] info/application	[Sensor] Updated distance: 12.110434827446209 cm | Severity=75 | SourceName=Sensor3 | EventType=application
[2026-08-15 15:38:12.245 (UTC)] info/application	[Sensor] Updated distance: 14.900945207523622 cm | Severity=75 | SourceName=Sensor3 | EventType=application
[2026-08-15 15:38:13.246 (UTC)] info/application	[Sensor] Updated distance: 30.273484064393436 cm | Severity=75 | SourceName=Sensor3 | EventType=application
[2026-08-15 15:38:14.248 (UTC)] info/application	[Sensor] Updated distance: 28.729283069600015 cm | Severity=75 | SourceName=Sensor3 | EventType=application
[2026-08-15 15:38:15.251 (UTC)] info/application	[Sensor] Updated distance: 7.244038502333703 cm | Severity=75 | SourceName=Sensor3 | EventType=application
[2026-08-15 15:38:16.252 (UTC)] info/application	[Sensor] Updated distance: 48.83216541206099 cm | Severity=75 | SourceName=Sensor3 | EventType=application
[2026-08-15 15:38:17.244 (UTC)] info/application	[Sensor] Updated distance: 41.98054095729279 cm | Severity=75 | SourceName=Sensor3 | EventType=application
[2026-08-15 15:38:18.248 (UTC)] info/application	[Sensor] Updated distance: 46.327787524241856 cm | Severity=75 | SourceName=Sensor3 | EventType=application
[2026-08-15 15:38:19.250 (UTC)] info/application	[Sensor] Updated distance: 25.465713988740795 cm | Severity=75 | SourceName=Sensor3 | EventType=application
[2026-08-15 15:38:20.251 (UTC)] info/application	[Sensor] Updated distance: 17.26002336259001 cm | Severity=75 | SourceName=Sensor3 | EventType=application
[2026-08-15 15:38:21.253 (UTC)] info/application	[Sensor] Updated distance: 6.859608078775745 cm | Severity=75 | SourceName=Sensor3 | EventType=application
[2026-08-15 15:38:22.245 (UTC)] info/application	[Sensor] Updated distance: 3.650369689637036 cm | Severity=75 | SourceName=Sensor3 | EventType=application
[2026-08-15 15:38:23.247 (UTC)] info/application	[Sensor] Updated distance: 33.15710876097768 cm | Severity=75 | SourceName=Sensor3 | EventType=application
[2026-08-15 15:38:24.249 (UTC)] info/application	[Sensor] Updated distance: 28.513735500403556 cm | Severity=75 | SourceName=Sensor3 | EventType=application
[2026-08-15 15:38:25.252 (UTC)] info/application	[Sensor] Updated distance: 12.275330443994761 cm | Severity=75 | SourceName=Sensor3 | EventType=application
[2026-08-15 15:38:26.244 (UTC)] info/application	[Sensor] Updated distance: 29.967312877982533 cm | Severity=75 | SourceName=Sensor3 | EventType=application
[2026-08-15 15:38:27.245 (UTC)] info/application	[Sensor] Updated distance: 48.22712215698655 cm | Severity=75 | SourceName=Sensor3 | EventType=application
[2026-08-15 15:38:28.247 (UTC)] info/application	[Sensor] Updated distance: 44.79754170533155 cm | Severity=75 | SourceName=Sensor3 | EventType=application
[2026-08-15 15:38:29.249 (UTC)] info/application	[Sensor] Updated distance: 35.3211470252467 cm | Severity=75 | SourceName=Sensor3 | EventType=application
[2026-08-15 15:38:30.250 (UTC)] info/application	[Sensor] Updated distance: 43.06692304884406 cm | Severity=75 | SourceName=Sensor3 | EventType=application
[2026-08-15 15:38:31.252 (UTC)] info/application	[Sensor] Updated distance: 9.925490599090928 cm | Severity=75 | SourceName=Sensor3 | EventType=application
[2026-08-15 15:38:32.243 (UTC)] info/application	[Sensor] Updated distance: 21.905157336921036 cm | Severity=75 | SourceName=Sensor3 | EventType=application
[2026-08-15 15:38:33.247 (UTC)] info/application	[Sensor] Updated distance: 38.82942478583633 cm | Severity=75 | SourceName=Sensor3 | EventType=application
[2026-08-15 15:38:34.249 (UTC)] info/application	[Sensor] Updated distance: 6.419015193553182 cm | Severity=75 | SourceName=Sensor3 | EventType=application
[2026-08-15 15:38:35.252 (UTC)] info/application	[Sensor] Updated distance: 10.771277446658944 cm | Severity=75 | SourceName=Sensor3 | EventType=application
[2026-08-15 15:38:36.244 (UTC)] info/application	[Sensor] Updated distance: 40.690079639987125 cm | Severity=75 | SourceName=Sensor3 | EventType=application
[2026-08-15 15:38:37.246 (UTC)] info/application	[Sensor] Updated distance: 14.83690547795822 cm | Severity=75 | SourceName=Sensor3 | EventType=application
[2026-08-15 15:38:38.248 (UTC)] info/application	[Sensor] Updated distance: 29.098813933832016 cm | Severity=75 | SourceName=Sensor3 | EventType=application
[2026-08-15 15:38:39.250 (UTC)] info/application	[Sensor] Updated distance: 40.57162162222509 cm | Severity=75 | SourceName=Sensor3 | EventType=application
[2026-08-15 15:38:40.252 (UTC)] info/application	[Sensor] Updated distance: 12.978315835342888 cm | Severity=75 | SourceName=Sensor3 | EventType=application
[2026-08-15 15:38:41.253 (UTC)] info/application	[Sensor] Updated distance: 23.803157145997115 cm | Severity=75 | SourceName=Sensor3 | EventType=application
[2026-08-15 15:38:42.245 (UTC)] info/application	[Sensor] Updated distance: 2.6820564273195604 cm | Severity=75 | SourceName=Sensor3 | EventType=application
[2026-08-15 15:38:43.247 (UTC)] info/application	[Sensor] Updated distance: 25.87926104286651 cm | Severity=75 | SourceName=Sensor3 | EventType=application
[2026-08-15 15:38:44.249 (UTC)] info/application	[Sensor] Updated distance: 4.076641188038812 cm | Severity=75 | SourceName=Sensor3 | EventType=application
[2026-08-15 15:38:45.252 (UTC)] info/application	[Sensor] Updated distance: 29.411339496919577 cm | Severity=75 | SourceName=Sensor3 | EventType=application
[2026-08-15 15:38:46.248 (UTC)] info/application	[Sensor] Updated distance: 31.123299545200215 cm | Severity=75 | SourceName=Sensor3 | EventType=application
[2026-08-15 15:38:47.253 (UTC)] info/application	[Sensor] Updated distance: 2.9088065777480634 cm | Severity=75 | SourceName=Sensor3 | EventType=application
[2026-08-15 15:38:48.246 (UTC)] info/application	[Sensor] Updated distance: 21.391880431860628 cm | Severity=75 | SourceName=Sensor3 | EventType=application
[2026-08-15 15:38:49.250 (UTC)] info/application	[Sensor] Updated distance: 27.451087047090326 cm | Severity=75 | SourceName=Sensor3 | EventType=application
[2026-08-15 15:38:50.253 (UTC)] info/application	[Sensor] Updated distance: 26.374520566488858 cm | Severity=75 | SourceName=Sensor3 | EventType=application
[2026-08-15 15:38:51.245 (UTC)] info/application	[Sensor] Updated distance: 36.65190379445064 cm | Severity=75 | SourceName=Sensor3 | EventType=application
[2026-08-15 15:38:52.248 (UTC)] info/application	[Sensor] Updated distance: 32.31069514821782 cm | Severity=75 | SourceName=Sensor3 | EventType=application
[2026-08-15 15:38:53.251 (UTC)] info/application	[Sensor] Updated distance: 28.024890256125893 cm | Severity=75 | SourceName=Sensor3 | EventType=application
[2026-08-15 15:38:54.247 (UTC)] info/application	[Sensor] Updated distance: 19.80901255542832 cm | Severity=75 | SourceName=Sensor3 | EventType=application
[2026-08-15 15:38:55.250 (UTC)] info/application	[Sensor] Updated distance: 10.82443062626963 cm | Severity=75 | SourceName=Sensor3 | EventType=application
[2026-08-15 15:38:56.253 (UTC)] info/application	[Sensor] Updated distance: 38.300220700120654 cm | Severity=75 | SourceName=Sensor3 | EventType=application
[2026-08-15 15:38:57.247 (UTC)] info/application	[Sensor] Updated distance: 47.776325433410854 cm | Severity=75 | SourceName=Sensor3 | EventType=application
[2026-08-15 15:38:58.251 (UTC)] info/application	[Sensor] Updated distance: 9.051552760904446 cm | Severity=75 | SourceName=Sensor3 | EventType=application
[2026-08-15 15:38:59.246 (UTC)] info/application	[Sensor] Updated distance: 33.09776238310046 cm | Severity=75 | SourceName=Sensor3 | EventType=application
[2026-08-15 15:39:00.249 (UTC)] info/application	[Sensor] Updated distance: 33.09747243630582 cm | Severity=75 | SourceName=Sensor3 | EventType=application
[2026-08-15 15:39:01.253 (UTC)] info/application	[Sensor] Updated distance: 2.1184757873967643 cm | Severity=75 | SourceName=Sensor3 | EventType=application
[2026-08-15 15:39:02.246 (UTC)] info/application	[Sensor] Updated distance: 41.023253004543136 cm | Severity=75 | SourceName=Sensor3 | EventType=application
[2026-08-15 15:39:03.248 (UTC)] info/application	[Sensor] Updated distance: 5.002629750875117 cm | Severity=75 | SourceName=Sensor3 | EventType=application
[2026-08-15 15:39:04.251 (UTC)] info/application	[Sensor] Updated distance: 38.94790057323309 cm | Severity=75 | SourceName=Sensor3 | EventType=application
[2026-08-15 15:39:05.245 (UTC)] info/application	[Sensor] Updated distance: 45.442268198096315 cm | Severity=75 | SourceName=Sensor3 | EventType=application
[2026-08-15 15:39:06.249 (UTC)] info/application	[Sensor] Updated distance: 13.773907219885805 cm | Severity=75 | SourceName=Sensor3 | EventType=application
[2026-08-15 15:39:07.252 (UTC)] info/application	[Sensor] Updated distance: 29.63798019086848 cm | Severity=75 | SourceName=Sensor3 | EventType=application
[2026-08-15 15:39:08.245 (UTC)] info/application	[Sensor] Updated distance: 10.279173653702797 cm | Severity=75 | SourceName=Sensor3 | EventType=application
[2026-08-15 15:39:09.246 (UTC)] info/application	[Sensor] Updated distance: 40.87272115371782 cm | Severity=75 | SourceName=Sensor3 | EventType=application
[2026-08-15 15:39:10.248 (UTC)] info/application	[Sensor] Updated distance: 20.209601813093574 cm | Severity=75 | SourceName=Sensor3 | EventType=application
[2026-08-15 15:39:11.251 (UTC)] info/application	[Sensor] Updated distance: 21.257489489045685 cm | Severity=75 | SourceName=Sensor3 | EventType=application
[2026-08-15 15:39:12.253 (UTC)] info/application	[Sensor] Updated distance: 14.675878277363198 cm | Severity=75 | SourceName=Sensor3 | EventType=application
[2026-08-15 15:39:13.246 (UTC)] info/application	[Sensor] Updated distance: 20.891658240413133 cm | Severity=75 | SourceName=Sensor3 | EventType=application
[2026-08-15 15:39:14.249 (UTC)] info/application	[Sensor] Updated distance: 45.1367505319122 cm | Severity=75 | SourceName=Sensor3 | EventType=application
[2026-08-15 15:39:15.252 (UTC)] info/application	[Sensor] Updated distance: 16.75251946540201 cm | Severity=75 | SourceName=Sensor3 | EventType=application
[2026-08-15 15:39:16.244 (UTC)] info/application	[Sensor] Updated distance: 48.30299775968445 cm | Severity=75 | SourceName=Sensor3 | EventType=application
[2026-08-15 15:39:17.246 (UTC)] info/application	[Sensor] Updated distance: 26.260050077112414 cm | Severity=75 | SourceName=Sensor3 | EventType=application
[2026-08-15 15:39:18.249 (UTC)] info/application	[Sensor] Updated distance: 17.661326043150073 cm | Severity=75 | SourceName=Sensor3 | EventType=application
[2026-08-15 15:39:19.251 (UTC)] info/application	[Sensor] Updated distance: 19.69487816919334 cm | Severity=75 | SourceName=Sensor3 | EventType=application
[2026-08-15 15:39:20.253 (UTC)] info/application	[Sensor] Updated distance: 3.7111371018510018 cm | Severity=75 | SourceName=Sensor3 | EventType=application
[2026-08-15 15:39:21.245 (UTC)] info/application	[Sensor] Updated distance: 42.03584660963893 cm | Severity=75 | SourceName=Sensor3 | EventType=application
[2026-08-15 15:39:22.246 (UTC)] info/application	[Sensor] Updated distance: 6.3467819636439815 cm | Severity=75 | SourceName=Sensor3 | EventType=application
[2026-08-15 15:39:23.248 (UTC)] info/application	[Sensor] Updated distance: 34.02183225006882 cm | Severity=75 | SourceName=Sensor3 | EventType=application
[2026-08-15 15:39:24.250 (UTC)] info/application	[Sensor] Updated distance: 20.060736865764827 cm | Severity=75 | SourceName=Sensor3 | EventType=application
[2026-08-15 15:39:25.252 (UTC)] info/application	[Sensor] Updated distance: 24.155794519072302 cm | Severity=75 | SourceName=Sensor3 | EventType=application
[2026-08-15 15:39:26.245 (UTC)] info/application	[Sensor] Updated distance: 42.846262898690185 cm | Severity=75 | SourceName=Sensor3 | EventType=application
[2026-08-15 15:39:27.246 (UTC)] info/application	[Sensor] Updated distance: 8.36095754353374 cm | Severity=75 | SourceName=Sensor3 | EventType=application
[2026-08-15 15:39:28.248 (UTC)] info/application	[Sensor] Updated distance: 21.932119930131417 cm | Severity=75 | SourceName=Sensor3 | EventType=application
[2026-08-15 15:39:29.250 (UTC)] info/application	[Sensor] Updated distance: 49.897815659594634 cm | Severity=75 | SourceName=Sensor3 | EventType=application
[2026-08-15 15:39:30.252 (UTC)] info/application	[Sensor] Updated distance: 39.458719948985944 cm | Severity=75 | SourceName=Sensor3 | EventType=application
[2026-08-15 15:39:31.244 (UTC)] info/application	[Sensor] Updated distance: 5.029592344085495 cm | Severity=75 | SourceName=Sensor3 | EventType=application
[2026-08-15 15:39:32.246 (UTC)] info/application	[Sensor] Updated distance: 2.0162914469914006 cm | Severity=75 | SourceName=Sensor3 | EventType=application
[2026-08-15 15:39:33.248 (UTC)] info/application	[Sensor] Updated distance: 30.481972931177342 cm | Severity=75 | SourceName=Sensor3 | EventType=application
[2026-08-15 15:39:34.250 (UTC)] info/application	[Sensor] Updated distance: 8.032222094960613 cm | Severity=75 | SourceName=Sensor3 | EventType=application
[2026-08-15 15:39:35.252 (UTC)] info/application	[Sensor] Updated distance: 38.964192020224495 cm | Severity=75 | SourceName=Sensor3 | EventType=application
[2026-08-15 15:39:36.244 (UTC)] info/application	[Sensor] Updated distance: 25.92424110692192 cm | Severity=75 | SourceName=Sensor3 | EventType=application
[2026-08-15 15:39:37.245 (UTC)] info/application	[Sensor] Updated distance: 19.80612931484642 cm | Severity=75 | SourceName=Sensor3 | EventType=application
[2026-08-15 15:39:38.247 (UTC)] info/application	[Sensor] Updated distance: 18.602172211092977 cm | Severity=75 | SourceName=Sensor3 | EventType=application
[2026-08-15 15:39:39.249 (UTC)] info/application	[Sensor] Updated distance: 34.20341478297646 cm | Severity=75 | SourceName=Sensor3 | EventType=application
[2026-08-15 15:39:40.251 (UTC)] info/application	[Sensor] Updated distance: 10.678850468564242 cm | Severity=75 | SourceName=Sensor3 | EventType=application
[2026-08-15 15:39:41.252 (UTC)] info/application	[Sensor] Updated distance: 36.81177402418655 cm | Severity=75 | SourceName=Sensor3 | EventType=application
[2026-08-15 15:39:42.244 (UTC)] info/application	[Sensor] Updated distance: 5.4609042496704046 cm | Severity=75 | SourceName=Sensor3 | EventType=application
[2026-08-15 15:39:43.246 (UTC)] info/application	[Sensor] Updated distance: 23.354728745927442 cm | Severity=75 | SourceName=Sensor3 | EventType=application
[2026-08-15 15:39:44.248 (UTC)] info/application	[Sensor] Updated distance: 7.703432242247943 cm | Severity=75 | SourceName=Sensor3 | EventType=application
[2026-08-15 15:39:45.250 (UTC)] info/application	[Sensor] Updated distance: 48.59765480393435 cm | Severity=75 | SourceName=Sensor3 | EventType=application
[2026-08-15 15:39:46.251 (UTC)] info/application	[Sensor] Updated distance: 38.10724823368119 cm | Severity=75 | SourceName=Sensor3 | EventType=application
[2026-08-15 15:39:47.253 (UTC)] info/application	[Sensor] Updated distance: 6.006429979580655 cm | Severity=75 | SourceName=Sensor3 | EventType=application
[2026-08-15 15:39:48.245 (UTC)] info/application	[Sensor] Updated distance: 24.85770485869502 cm | Severity=75 | SourceName=Sensor3 | EventType=application
[2026-08-15 15:39:49.247 (UTC)] info/application	[Sensor] Updated distance: 5.768574254479526 cm | Severity=75 | SourceName=Sensor3 | EventType=application
[2026-08-15 15:39:50.248 (UTC)] info/application	[Sensor] Updated distance: 23.70130817112574 cm | Severity=75 | SourceName=Sensor3 | EventType=application
[2026-08-15 15:39:51.250 (UTC)] info/application	[Sensor] Updated distance: 26.56884196054602 cm | Severity=75 | SourceName=Sensor3 | EventType=application
[2026-08-15 15:39:52.252 (UTC)] info/application	[Sensor] Updated distance: 45.8044208864702 cm | Severity=75 | SourceName=Sensor3 | EventType=application
[2026-08-15 15:39:53.244 (UTC)] info/application	[Sensor] Updated distance: 28.04809013476972 cm | Severity=75 | SourceName=Sensor3 | EventType=application
[2026-08-15 15:39:54.246 (UTC)] info/application	[Sensor] Updated distance: 10.590674210614837 cm | Severity=75 | SourceName=Sensor3 | EventType=application
[2026-08-15 15:39:55.248 (UTC)] info/application	[Sensor] Updated distance: 15.865157729883284 cm | Severity=75 | SourceName=Sensor3 | EventType=application
[2026-08-15 15:39:56.250 (UTC)] info/application	[Sensor] Updated distance: 2.203884631490281 cm | Severity=75 | SourceName=Sensor3 | EventType=application
[2026-08-15 15:39:57.252 (UTC)] info/application	[Sensor] Updated distance: 3.4369370869532867 cm | Severity=75 | SourceName=Sensor3 | EventType=application
[2026-08-15 15:39:58.244 (UTC)] info/application	[Sensor] Updated distance: 22.226115273417026 cm | Severity=75 | SourceName=Sensor3 | EventType=application
[2026-08-15 15:39:59.246 (UTC)] info/application	[Sensor] Updated distance: 22.136004561621696 cm | Severity=75 | SourceName=Sensor3 | EventType=application
[2026-08-15 15:40:00.249 (UTC)] info/application	[Sensor] Updated distance: 3.334752724196181 cm | Severity=75 | SourceName=Sensor3 | EventType=application
[2026-08-15 15:40:01.251 (UTC)] info/application	[Sensor] Updated distance: 11.684835200051234 cm | Severity=75 | SourceName=Sensor3 | EventType=application
[2026-08-15 15:40:02.253 (UTC)] info/application	[Sensor] Updated distance: 25.165596905707194 cm | Severity=75 | SourceName=Sensor3 | EventType=application
[2026-08-15 15:40:03.245 (UTC)] info/application	[Sensor] Updated distance: 3.3510441711875814 cm | Severity=75 | SourceName=Sensor3 | EventType=application
[2026-08-15 15:40:04.247 (UTC)] info/application	[Sensor] Updated distance: 40.16680813122858 cm | Severity=75 | SourceName=Sensor3 | EventType=application
[2026-08-15 15:40:05.248 (UTC)] info/application	[Sensor] Updated distance: 31.197819000667806 cm | Severity=75 | SourceName=Sensor3 | EventType=application
[2026-08-15 15:40:06.251 (UTC)] info/application	[Sensor] Updated distance: 40.31523621376382 cm | Severity=75 | SourceName=Sensor3 | EventType=application
[2026-08-15 15:40:07.253 (UTC)] info/application	[Sensor] Updated distance: 16.091049238150497 cm | Severity=75 | SourceName=Sensor3 | EventType=application
[2026-08-15 15:40:08.245 (UTC)] info/application	[Sensor] Updated distance: 49.003948337865964 cm | Severity=75 | SourceName=Sensor3 | EventType=application
[2026-08-15 15:40:09.247 (UTC)] info/application	[Sensor] Updated distance: 8.917408402505055 cm | Severity=75 | SourceName=Sensor3 | EventType=application
[2026-08-15 15:40:10.250 (UTC)] info/application	[Sensor] Updated distance: 48.294464021126956 cm | Severity=75 | SourceName=Sensor3 | EventType=application
[2026-08-15 15:40:11.253 (UTC)] info/application	[Sensor] Updated distance: 9.682798784078471 cm | Severity=75 | SourceName=Sensor3 | EventType=application
[2026-08-15 15:40:12.245 (UTC)] info/application	[Sensor] Updated distance: 43.7291824266916 cm | Severity=75 | SourceName=Sensor3 | EventType=application
[2026-08-15 15:40:13.247 (UTC)] info/application	[Sensor] Updated distance: 3.755368248445619 cm | Severity=75 | SourceName=Sensor3 | EventType=application
[2026-08-15 15:40:14.250 (UTC)] info/application	[Sensor] Updated distance: 31.03752753000591 cm | Severity=75 | SourceName=Sensor3 | EventType=application
[2026-08-15 15:40:15.251 (UTC)] info/application	[Sensor] Updated distance: 49.43261466893954 cm | Severity=75 | SourceName=Sensor3 | EventType=application
[2026-08-15 15:40:16.244 (UTC)] info/application	[Sensor] Updated distance: 2.3530230300282233 cm | Severity=75 | SourceName=Sensor3 | EventType=application
[2026-08-15 15:40:17.246 (UTC)] info/application	[Sensor] Updated distance: 19.144775741335366 cm | Severity=75 | SourceName=Sensor3 | EventType=application
[2026-08-15 15:40:18.248 (UTC)] info/application	[Sensor] Updated distance: 5.439044648520204 cm | Severity=75 | SourceName=Sensor3 | EventType=application
[2026-08-15 15:40:19.250 (UTC)] info/application	[Sensor] Updated distance: 25.21072788872324 cm | Severity=75 | SourceName=Sensor3 | EventType=application
[2026-08-15 15:40:20.252 (UTC)] info/application	[Sensor] Updated distance: 22.913350018166632 cm | Severity=75 | SourceName=Sensor3 | EventType=application
[2026-08-15 15:40:21.244 (UTC)] info/application	[Sensor] Updated distance: 27.14035281964594 cm | Severity=75 | SourceName=Sensor3 | EventType=application
[2026-08-15 15:40:22.246 (UTC)] info/application	[Sensor] Updated distance: 49.77956987162101 cm | Severity=75 | SourceName=Sensor3 | EventType=application
[2026-08-15 15:40:23.248 (UTC)] info/application	[Sensor] Updated distance: 18.71777088228509 cm | Severity=75 | SourceName=Sensor3 | EventType=application
[2026-08-15 15:40:24.249 (UTC)] info/application	[Sensor] Updated distance: 5.18844293206392 cm | Severity=75 | SourceName=Sensor3 | EventType=application
[2026-08-15 15:40:25.251 (UTC)] info/application	[Sensor] Updated distance: 10.370244059884103 cm | Severity=75 | SourceName=Sensor3 | EventType=application
[2026-08-15 15:40:26.253 (UTC)] info/application	[Sensor] Updated distance: 32.582928612168374 cm | Severity=75 | SourceName=Sensor3 | EventType=application
[2026-08-15 15:40:27.245 (UTC)] info/application	[Sensor] Updated distance: 5.3923275635542005 cm | Severity=75 | SourceName=Sensor3 | EventType=application
[2026-08-15 15:40:28.247 (UTC)] info/application	[Sensor] Updated distance: 11.807181146837388 cm | Severity=75 | SourceName=Sensor3 | EventType=application
[2026-08-15 15:40:29.249 (UTC)] info/application	[Sensor] Updated distance: 4.809043863233665 cm | Severity=75 | SourceName=Sensor3 | EventType=application
[2026-08-15 15:40:30.251 (UTC)] info/application	[Sensor] Updated distance: 25.528332125175897 cm | Severity=75 | SourceName=Sensor3 | EventType=application
[2026-08-15 15:40:31.243 (UTC)] info/application	[Sensor] Updated distance: 13.14193387103357 cm | Severity=75 | SourceName=Sensor3 | EventType=application
[2026-08-15 15:40:32.245 (UTC)] info/application	[Sensor] Updated distance: 14.49387908563664 cm | Severity=75 | SourceName=Sensor3 | EventType=application
[2026-08-15 15:40:33.247 (UTC)] info/application	[Sensor] Updated distance: 48.69392903088309 cm | Severity=75 | SourceName=Sensor3 | EventType=application
[2026-08-15 15:40:34.248 (UTC)] info/application	[Sensor] Updated distance: 14.492978064572894 cm | Severity=75 | SourceName=Sensor3 | EventType=application
[2026-08-15 15:40:35.250 (UTC)] info/application	[Sensor] Updated distance: 4.660687194513477 cm | Severity=75 | SourceName=Sensor3 | EventType=application
[2026-08-15 15:40:36.253 (UTC)] info/application	[Sensor] Updated distance: 29.89174800919916 cm | Severity=75 | SourceName=Sensor3 | EventType=application
[2026-08-15 15:40:37.244 (UTC)] info/application	[Sensor] Updated distance: 4.808214255984972 cm | Severity=75 | SourceName=Sensor3 | EventType=application
[2026-08-15 15:40:38.246 (UTC)] info/application	[Sensor] Updated distance: 18.75173643266397 cm | Severity=75 | SourceName=Sensor3 | EventType=application
[2026-08-15 15:40:39.249 (UTC)] info/application	[Sensor] Updated distance: 28.895696324713384 cm | Severity=75 | SourceName=Sensor3 | EventType=application
[2026-08-15 15:40:40.251 (UTC)] info/application	[Sensor] Updated distance: 11.725622658490026 cm | Severity=75 | SourceName=Sensor3 | EventType=application
[2026-08-15 15:40:41.252 (UTC)] info/application	[Sensor] Updated distance: 17.04620043143919 cm | Severity=75 | SourceName=Sensor3 | EventType=application
[2026-08-15 15:40:42.243 (UTC)] info/application	[Sensor] Updated distance: 36.578495108791856 cm | Severity=75 | SourceName=Sensor3 | EventType=application
[2026-08-15 15:40:43.245 (UTC)] info/application	[Sensor] Updated distance: 5.454805062829891 cm | Severity=75 | SourceName=Sensor3 | EventType=application
[2026-08-15 15:40:44.247 (UTC)] info/application	[Sensor] Updated distance: 18.801568702236548 cm | Severity=75 | SourceName=Sensor3 | EventType=application
[2026-08-15 15:40:45.249 (UTC)] info/application	[Sensor] Updated distance: 17.61602263879777 cm | Severity=75 | SourceName=Sensor3 | EventType=application
[2026-08-15 15:40:46.250 (UTC)] info/application	[Sensor] Updated distance: 4.887419709417699 cm | Severity=75 | SourceName=Sensor3 | EventType=application
[2026-08-15 15:40:47.252 (UTC)] info/application	[Sensor] Updated distance: 19.15459173226477 cm | Severity=75 | SourceName=Sensor3 | EventType=application
[2026-08-15 15:40:48.244 (UTC)] info/application	[Sensor] Updated distance: 34.76079838013313 cm | Severity=75 | SourceName=Sensor3 | EventType=application
[2026-08-15 15:40:49.245 (UTC)] info/application	[Sensor] Updated distance: 8.326464357937901 cm | Severity=75 | SourceName=Sensor3 | EventType=application
[2026-08-15 15:40:50.247 (UTC)] info/application	[Sensor] Updated distance: 42.36531964333975 cm | Severity=75 | SourceName=Sensor3 | EventType=application
[2026-08-15 15:40:51.250 (UTC)] info/application	[Sensor] Updated distance: 7.674148375948029 cm | Severity=75 | SourceName=Sensor3 | EventType=application
[2026-08-15 15:40:52.252 (UTC)] info/application	[Sensor] Updated distance: 33.46681717758384 cm | Severity=75 | SourceName=Sensor3 | EventType=application
[2026-08-15 15:40:53.243 (UTC)] info/application	[Sensor] Updated distance: 42.14488949260902 cm | Severity=75 | SourceName=Sensor3 | EventType=application
[2026-08-15 15:40:54.245 (UTC)] info/application	[Sensor] Updated distance: 24.39191925823312 cm | Severity=75 | SourceName=Sensor3 | EventType=application
[2026-08-15 15:40:55.247 (UTC)] info/application	[Sensor] Updated distance: 36.65526010964776 cm | Severity=75 | SourceName=Sensor3 | EventType=application
[2026-08-15 15:40:56.249 (UTC)] info/application	[Sensor] Updated distance: 2.515133530141382 cm | Severity=75 | SourceName=Sensor3 | EventType=application
[2026-08-15 15:40:57.250 (UTC)] info/application	[Sensor] Updated distance: 6.97484784804976 cm | Severity=75 | SourceName=Sensor3 | EventType=application
[2026-08-15 15:40:58.252 (UTC)] info/application	[Sensor] Updated distance: 40.04758767320196 cm | Severity=75 | SourceName=Sensor3 | EventType=application
[2026-08-15 15:40:59.244 (UTC)] info/application	[Sensor] Updated distance: 12.322314676978772 cm | Severity=75 | SourceName=Sensor3 | EventType=application
[2026-08-15 15:41:00.245 (UTC)] info/application	[Sensor] Updated distance: 9.783891733635166 cm | Severity=75 | SourceName=Sensor3 | EventType=application
[2026-08-15 15:41:01.247 (UTC)] info/application	[Sensor] Updated distance: 15.57591977602612 cm | Severity=75 | SourceName=Sensor3 | EventType=application
[2026-08-15 15:41:02.248 (UTC)] info/application	[Sensor] Updated distance: 23.464248548012343 cm | Severity=75 | SourceName=Sensor3 | EventType=application
[2026-08-15 15:41:03.251 (UTC)] info/application	[Sensor] Updated distance: 22.277770819271808 cm | Severity=75 | SourceName=Sensor3 | EventType=application
[2026-08-15 15:41:04.253 (UTC)] info/application	[Sensor] Updated distance: 14.269848784557473 cm | Severity=75 | SourceName=Sensor3 | EventType=application
[2026-08-15 15:41:05.244 (UTC)] info/application	[Sensor] Updated distance: 35.95722661258524 cm | Severity=75 | SourceName=Sensor3 | EventType=application
[2026-08-15 15:41:06.247 (UTC)] info/application	[Sensor] Updated distance: 24.938458013785283 cm | Severity=75 | SourceName=Sensor3 | EventType=application
[2026-08-15 15:41:07.249 (UTC)] info/application	[Sensor] Updated distance: 42.16159681610837 cm | Severity=75 | SourceName=Sensor3 | EventType=application
[2026-08-15 15:41:08.252 (UTC)] info/application	[Sensor] Updated distance: 38.76544086857021 cm | Severity=75 | SourceName=Sensor3 | EventType=application
[2026-08-15 15:41:09.244 (UTC)] info/application	[Sensor] Updated distance: 41.690194468800996 cm | Severity=75 | SourceName=Sensor3 | EventType=application
[2026-08-15 15:41:10.247 (UTC)] info/application	[Sensor] Updated distance: 21.057293118470017 cm | Severity=75 | SourceName=Sensor3 | EventType=application
[2026-08-15 15:41:11.250 (UTC)] info/application	[Sensor] Updated distance: 48.491063527060234 cm | Severity=75 | SourceName=Sensor3 | EventType=application
[2026-08-15 15:41:12.252 (UTC)] info/application	[Sensor] Updated distance: 8.736394877888447 cm | Severity=75 | SourceName=Sensor3 | EventType=application
[2026-08-15 15:41:13.243 (UTC)] info/application	[Sensor] Updated distance: 7.635788227261877 cm | Severity=75 | SourceName=Sensor3 | EventType=application
[2026-08-15 15:41:14.246 (UTC)] info/application	[Sensor] Updated distance: 3.9458685675383864 cm | Severity=75 | SourceName=Sensor3 | EventType=application
[2026-08-15 15:41:15.248 (UTC)] info/application	[Sensor] Updated distance: 25.537963580124995 cm | Severity=75 | SourceName=Sensor3 | EventType=application
[2026-08-15 15:41:16.251 (UTC)] info/application	[Sensor] Updated distance: 23.251810866059646 cm | Severity=75 | SourceName=Sensor3 | EventType=application
[2026-08-15 15:41:17.253 (UTC)] info/application	[Sensor] Updated distance: 6.833288299307827 cm | Severity=75 | SourceName=Sensor3 | EventType=application
[2026-08-15 15:41:18.244 (UTC)] info/application	[Sensor] Updated distance: 42.692555334741506 cm | Severity=75 | SourceName=Sensor3 | EventType=application
[2026-08-15 15:41:19.247 (UTC)] info/application	[Sensor] Updated distance: 8.012609223841041 cm | Severity=75 | SourceName=Sensor3 | EventType=application
[2026-08-15 15:41:20.248 (UTC)] info/application	[Sensor] Updated distance: 13.159752657245729 cm | Severity=75 | SourceName=Sensor3 | EventType=application
[2026-08-15 15:41:21.250 (UTC)] info/application	[Sensor] Updated distance: 35.057874955729524 cm | Severity=75 | SourceName=Sensor3 | EventType=application
[2026-08-15 15:41:22.252 (UTC)] info/application	[Sensor] Updated distance: 13.686757622140812 cm | Severity=75 | SourceName=Sensor3 | EventType=application
[2026-08-15 15:41:23.244 (UTC)] info/application	[Sensor] Updated distance: 44.626569857181316 cm | Severity=75 | SourceName=Sensor3 | EventType=application
[2026-08-15 15:41:24.246 (UTC)] info/application	[Sensor] Updated distance: 27.2027644259868 cm | Severity=75 | SourceName=Sensor3 | EventType=application
[2026-08-15 15:41:25.248 (UTC)] info/application	[Sensor] Updated distance: 36.07867688037393 cm | Severity=75 | SourceName=Sensor3 | EventType=application
[2026-08-15 15:41:26.248 (UTC)] info/application	[Sensor] Updated distance: 31.281829944477337 cm | Severity=75 | SourceName=Sensor3 | EventType=application
[2026-08-15 15:41:27.250 (UTC)] info/application	[Sensor] Updated distance: 27.717897956128184 cm | Severity=75 | SourceName=Sensor3 | EventType=application
[2026-08-15 15:41:28.252 (UTC)] info/application	[Sensor] Updated distance: 41.05352475077543 cm | Severity=75 | SourceName=Sensor3 | EventType=application
[2026-08-15 15:41:29.253 (UTC)] info/application	[Sensor] Updated distance: 21.3294176176793 cm | Severity=75 | SourceName=Sensor3 | EventType=application
[2026-08-15 15:41:30.245 (UTC)] info/application	[Sensor] Updated distance: 38.040212633106954 cm | Severity=75 | SourceName=Sensor3 | EventType=application
[2026-08-15 15:41:31.247 (UTC)] info/application	[Sensor] Updated distance: 48.8374164844106 cm | Severity=75 | SourceName=Sensor3 | EventType=application
[2026-08-15 15:41:32.249 (UTC)] info/application	[Sensor] Updated distance: 34.90533739370542 cm | Severity=75 | SourceName=Sensor3 | EventType=application
[2026-08-15 15:41:33.251 (UTC)] info/application	[Sensor] Updated distance: 11.504461158767556 cm | Severity=75 | SourceName=Sensor3 | EventType=application
[2026-08-15 15:41:34.253 (UTC)] info/application	[Sensor] Updated distance: 21.11518728133067 cm | Severity=75 | SourceName=Sensor3 | EventType=application
[2026-08-15 15:41:35.245 (UTC)] info/application	[Sensor] Updated distance: 47.17518620061464 cm | Severity=75 | SourceName=Sensor3 | EventType=application
[2026-08-15 15:41:36.248 (UTC)] info/application	[Sensor] Updated distance: 45.461687793704534 cm | Severity=75 | SourceName=Sensor3 | EventType=application
[2026-08-15 15:41:37.250 (UTC)] info/application	[Sensor] Updated distance: 44.05364529511595 cm | Severity=75 | SourceName=Sensor3 | EventType=application
[2026-08-15 15:41:38.252 (UTC)] info/application	[Sensor] Updated distance: 39.33678299437127 cm | Severity=75 | SourceName=Sensor3 | EventType=application
[2026-08-15 15:41:39.244 (UTC)] info/application	[Sensor] Updated distance: 34.227128639923 cm | Severity=75 | SourceName=Sensor3 | EventType=application
[2026-08-15 15:41:40.246 (UTC)] info/application	[Sensor] Updated distance: 35.74383974156521 cm | Severity=75 | SourceName=Sensor3 | EventType=application
[2026-08-15 15:41:41.249 (UTC)] info/application	[Sensor] Updated distance: 10.394076090489548 cm | Severity=75 | SourceName=Sensor3 | EventType=application
[2026-08-15 15:41:42.250 (UTC)] info/application	[Sensor] Updated distance: 32.718192166983236 cm | Severity=75 | SourceName=Sensor3 | EventType=application
[2026-08-15 15:41:43.253 (UTC)] info/application	[Sensor] Updated distance: 42.480234641805396 cm | Severity=75 | SourceName=Sensor3 | EventType=application
[2026-08-15 15:41:44.245 (UTC)] info/application	[Sensor] Updated distance: 16.029864317751425 cm | Severity=75 | SourceName=Sensor3 | EventType=application
[2026-08-15 15:41:45.246 (UTC)] info/application	[Sensor] Updated distance: 34.66406073452163 cm | Severity=75 | SourceName=Sensor3 | EventType=application
[2026-08-15 15:41:46.248 (UTC)] info/application	[Sensor] Updated distance: 18.018198199578652 cm | Severity=75 | SourceName=Sensor3 | EventType=application
[2026-08-15 15:41:47.249 (UTC)] info/application	[Sensor] Updated distance: 37.281675183811075 cm | Severity=75 | SourceName=Sensor3 | EventType=application
[2026-08-15 15:41:48.250 (UTC)] info/application	[Sensor] Updated distance: 39.49734903382945 cm | Severity=75 | SourceName=Sensor3 | EventType=application
[2026-08-15 15:41:49.253 (UTC)] info/application	[Sensor] Updated distance: 10.710753511968418 cm | Severity=75 | SourceName=Sensor3 | EventType=application
[2026-08-15 15:41:50.245 (UTC)] info/application	[Sensor] Updated distance: 43.294284430003856 cm | Severity=75 | SourceName=Sensor3 | EventType=application
[2026-08-15 15:41:51.248 (UTC)] info/application	[Sensor] Updated distance: 2.6571016910751823 cm | Severity=75 | SourceName=Sensor3 | EventType=application
[2026-08-15 15:41:52.250 (UTC)] info/application	[Sensor] Updated distance: 43.768628467697944 cm | Severity=75 | SourceName=Sensor3 | EventType=application
[2026-08-15 15:41:53.252 (UTC)] info/application	[Sensor] Updated distance: 6.981042029792928 cm | Severity=75 | SourceName=Sensor3 | EventType=application
[2026-08-15 15:41:54.245 (UTC)] info/application	[Sensor] Updated distance: 45.28367154825649 cm | Severity=75 | SourceName=Sensor3 | EventType=application
[2026-08-15 15:41:55.247 (UTC)] info/application	[Sensor] Updated distance: 20.971392871333002 cm | Severity=75 | SourceName=Sensor3 | EventType=application
[2026-08-15 15:41:56.249 (UTC)] info/application	[Sensor] Updated distance: 41.05971891016686 cm | Severity=75 | SourceName=Sensor3 | EventType=application
[2026-08-15 15:41:57.251 (UTC)] info/application	[Sensor] Updated distance: 26.56550147038209 cm | Severity=75 | SourceName=Sensor3 | EventType=application
[2026-08-15 15:41:58.253 (UTC)] info/application	[Sensor] Updated distance: 46.689290827461186 cm | Severity=75 | SourceName=Sensor3 | EventType=application
[2026-08-15 15:41:59.245 (UTC)] info/application	[Sensor] Updated distance: 32.11324363859056 cm | Severity=75 | SourceName=Sensor3 | EventType=application
[2026-08-15 15:42:00.247 (UTC)] info/application	[Sensor] Updated distance: 45.89491908806139 cm | Severity=75 | SourceName=Sensor3 | EventType=application
[2026-08-15 15:42:01.249 (UTC)] info/application	[Sensor] Updated distance: 34.7295034382164 cm | Severity=75 | SourceName=Sensor3 | EventType=application
[2026-08-15 15:42:02.252 (UTC)] info/application	[Sensor] Updated distance: 30.950660100649415 cm | Severity=75 | SourceName=Sensor3 | EventType=application
[2026-08-15 15:42:03.244 (UTC)] info/application	[Sensor] Updated distance: 30.80025648176682 cm | Severity=75 | SourceName=Sensor3 | EventType=application
[2026-08-15 15:42:04.246 (UTC)] info/application	[Sensor] Updated distance: 44.2339646193357 cm | Severity=75 | SourceName=Sensor3 | EventType=application
[2026-08-15 15:42:05.249 (UTC)] info/application	[Sensor] Updated distance: 2.0658473596283455 cm | Severity=75 | SourceName=Sensor3 | EventType=application
[2026-08-15 15:42:06.252 (UTC)] info/application	[Sensor] Updated distance: 27.975442660029717 cm | Severity=75 | SourceName=Sensor3 | EventType=application
[2026-08-15 15:42:07.244 (UTC)] info/application	[Sensor] Updated distance: 39.695652390688494 cm | Severity=75 | SourceName=Sensor3 | EventType=application
[2026-08-15 15:42:08.246 (UTC)] info/application	[Sensor] Updated distance: 44.11949267709604 cm | Severity=75 | SourceName=Sensor3 | EventType=application
[2026-08-15 15:42:09.248 (UTC)] info/application	[Sensor] Updated distance: 17.31222563204925 cm | Severity=75 | SourceName=Sensor3 | EventType=application
[2026-08-15 15:42:10.250 (UTC)] info/application	[Sensor] Updated distance: 23.922781008259754 cm | Severity=75 | SourceName=Sensor3 | EventType=application
[2026-08-15 15:42:11.252 (UTC)] info/application	[Sensor] Updated distance: 29.86333239630951 cm | Severity=75 | SourceName=Sensor3 | EventType=application
[2026-08-15 15:42:12.244 (UTC)] info/application	[Sensor] Updated distance: 25.706301722538797 cm | Severity=75 | SourceName=Sensor3 | EventType=application
[2026-08-15 15:42:13.247 (UTC)] info/application	[Sensor] Updated distance: 6.640973152891254 cm | Severity=75 | SourceName=Sensor3 | EventType=application
[2026-08-15 15:42:14.249 (UTC)] info/application	[Sensor] Updated distance: 22.34356701576317 cm | Severity=75 | SourceName=Sensor3 | EventType=application
[2026-08-15 15:42:15.251 (UTC)] info/application	[Sensor] Updated distance: 39.73616606264196 cm | Severity=75 | SourceName=Sensor3 | EventType=application
[2026-08-15 15:42:16.243 (UTC)] info/application	[Sensor] Updated distance: 39.30503390976462 cm | Severity=75 | SourceName=Sensor3 | EventType=application
[2026-08-15 15:42:17.246 (UTC)] info/application	[Sensor] Updated distance: 38.36176523769356 cm | Severity=75 | SourceName=Sensor3 | EventType=application
[2026-08-15 15:42:18.248 (UTC)] info/application	[Sensor] Updated distance: 27.017841224101296 cm | Severity=75 | SourceName=Sensor3 | EventType=application
[2026-08-15 15:42:19.250 (UTC)] info/application	[Sensor] Updated distance: 28.802382921242334 cm | Severity=75 | SourceName=Sensor3 | EventType=application
[2026-08-15 15:42:20.251 (UTC)] info/application	[Sensor] Updated distance: 47.07251874966198 cm | Severity=75 | SourceName=Sensor3 | EventType=application
[2026-08-15 15:42:21.253 (UTC)] info/application	[Sensor] Updated distance: 20.312125631753414 cm | Severity=75 | SourceName=Sensor3 | EventType=application
[2026-08-15 15:42:22.245 (UTC)] info/application	[Sensor] Updated distance: 29.459484612317514 cm | Severity=75 | SourceName=Sensor3 | EventType=application
[2026-08-15 15:42:23.247 (UTC)] info/application	[Sensor] Updated distance: 40.841147217359925 cm | Severity=75 | SourceName=Sensor3 | EventType=application
[2026-08-15 15:42:24.249 (UTC)] info/application	[Sensor] Updated distance: 25.29316766154634 cm | Severity=75 | SourceName=Sensor3 | EventType=application
[2026-08-15 15:42:25.251 (UTC)] info/application	[Sensor] Updated distance: 24.743156138222272 cm | Severity=75 | SourceName=Sensor3 | EventType=application
[2026-08-15 15:42:26.253 (UTC)] info/application	[Sensor] Updated distance: 11.812540066341189 cm | Severity=75 | SourceName=Sensor3 | EventType=application
[2026-08-15 15:42:27.245 (UTC)] info/application	[Sensor] Updated distance: 16.352886571713206 cm | Severity=75 | SourceName=Sensor3 | EventType=application
[2026-08-15 15:42:28.246 (UTC)] info/application	[Sensor] Updated distance: 49.308657630956105 cm | Severity=75 | SourceName=Sensor3 | EventType=application
[2026-08-15 15:42:29.248 (UTC)] info/application	[Sensor] Updated distance: 8.501830893802378 cm | Severity=75 | SourceName=Sensor3 | EventType=application
[2026-08-15 15:42:30.250 (UTC)] info/application	[Sensor] Updated distance: 46.46613021030376 cm | Severity=75 | SourceName=Sensor3 | EventType=application
[2026-08-15 15:42:31.251 (UTC)] info/application	[Sensor] Updated distance: 45.203576696665756 cm | Severity=75 | SourceName=Sensor3 | EventType=application
[2026-08-15 15:42:32.244 (UTC)] info/application	[Sensor] Updated distance: 41.231334332018776 cm | Severity=75 | SourceName=Sensor3 | EventType=application
[2026-08-15 15:42:33.246 (UTC)] info/application	[Sensor] Updated distance: 27.41679031095318 cm | Severity=75 | SourceName=Sensor3 | EventType=application
[2026-08-15 15:42:34.207 (UTC)] info/session	[System] TCP 17	| SC 2	| Session "ns=1;g=3b52fa6e-5390-f88b-df4d-c4acca5c05e0"	| WriteRequest returned status code BadUserAccessDenied | Severity=75 | SourceName=System | EventType=session
[2026-08-15 15:42:34.248 (UTC)] info/application	[Sensor] Updated distance: 26.003833156080837 cm | Severity=75 | SourceName=Sensor3 | EventType=application
[2026-08-15 15:42:35.250 (UTC)] info/application	[Sensor] Updated distance: 35.46529892900274 cm | Severity=75 | SourceName=Sensor3 | EventType=application
[2026-08-15 15:42:36.252 (UTC)] info/application	[Sensor] Updated distance: 27.482637670581525 cm | Severity=75 | SourceName=Sensor3 | EventType=application
[2026-08-15 15:42:37.245 (UTC)] info/application	[Sensor] Updated distance: 3.979275793758815 cm | Severity=75 | SourceName=Sensor3 | EventType=application
[2026-08-15 15:42:38.247 (UTC)] info/application	[Sensor] Updated distance: 25.160951297339494 cm | Severity=75 | SourceName=Sensor3 | EventType=application
[2026-08-15 15:42:39.249 (UTC)] info/application	[Sensor] Updated distance: 21.602130325325824 cm | Severity=75 | SourceName=Sensor3 | EventType=application
[2026-08-15 15:42:40.251 (UTC)] info/application	[Sensor] Updated distance: 19.29150142580806 cm | Severity=75 | SourceName=Sensor3 | EventType=application
[2026-08-15 15:42:41.243 (UTC)] info/application	[Sensor] Updated distance: 47.08373232795099 cm | Severity=75 | SourceName=Sensor3 | EventType=application
[2026-08-15 15:42:42.246 (UTC)] info/application	[Sensor] Updated distance: 49.465462743987075 cm | Severity=75 | SourceName=Sensor3 | EventType=application
[2026-08-15 15:42:43.249 (UTC)] info/application	[Sensor] Updated distance: 42.9978031706986 cm | Severity=75 | SourceName=Sensor3 | EventType=application
[2026-08-15 15:42:44.251 (UTC)] info/application	[Sensor] Updated distance: 3.724705458490506 cm | Severity=75 | SourceName=Sensor3 | EventType=application
[2026-08-15 15:42:45.252 (UTC)] info/application	[Sensor] Updated distance: 21.809029737398507 cm | Severity=75 | SourceName=Sensor3 | EventType=application
[2026-08-15 15:42:46.022 