[2026-08-16 00:15:15.772 (UTC+0800)] [33mwarn/server[0m	AccessControl: Unconfigured AccessControl. Users have all permissions.
[2026-08-16 00:15:15.772 (UTC+0800)] [32minfo/server[0m	AccessControl: Anonymous login is enabled
[2026-08-16 00:15:15.772 (UTC+0800)] [33mwarn/server[0m	x509 Certificate Authentication configured, but no encrypting SecurityPolicy. This can leak credentials on the network.
[2026-08-16 00:15:15.808 (UTC+0800)] [33mwarn/application[0m	ServerUrls already set. Overriding.
[2026-08-16 00:15:15.808 (UTC+0800)] [33mwarn/server[0m	AccessControl: Unconfigured AccessControl. Users have all permissions.
[2026-08-16 00:15:15.808 (UTC+0800)] [32minfo/server[0m	AccessControl: Anonymous login is enabled
[2026-08-16 00:15:15.808 (UTC+0800)] [33mwarn/server[0m	x509 Certificate Authentication configured, but no encrypting SecurityPolicy. This can leak credentials on the network.
[2026-08-16 00:15:15.808 (UTC+0800)] [33mwarn/server[0m	x509 Certificate Authentication configured, but no encrypting SecurityPolicy. This can leak credentials on the network.
[2026-08-15 16:15:15.808 (UTC)] info/application	Sensor Server online (Client/Server mode, id=3 port=4844) | Severity=75 | SourceName=Sensor3 | EventType=application
Entering background polling mode: attempting to connect to Aggregation Server...
Connected successfully. Log forwarding started.
[2026-08-15 16:15:16.809 (UTC)] info/application	[Sensor] Updated distance: 49.33700531690242 cm | Severity=75 | SourceName=Sensor3 | EventType=application
[2026-08-15 16:15:17.780 (UTC)] info/network	[System] TCP 16	| Connection opened from "127.0.0.1" via the server socket 8 | Severity=75 | SourceName=System | EventType=network
[2026-08-15 16:15:17.780 (UTC)] info/channel	[System] TCP 16	| SC 1	| SecureChannel created | Severity=75 | SourceName=System | EventType=channel
[2026-08-15 16:15:18.893 (UTC)] info/application	[Sensor] Updated distance: 22.01510443725395 cm | Severity=75 | SourceName=Sensor3 | EventType=application
[2026-08-15 16:15:18.913 (UTC)] info/channel	[System] TCP 16	| SC 1	| OpenSecureChannel: Channel opened with SecurityMode None for SecurityPolicy http://opcfoundation.org/UA/SecurityPolicy#None and a revised lifetime of 600.0s | Severity=75 | SourceName=System | EventType=channel
[2026-08-15 16:15:18.934 (UTC)] warn/client	[System] Removing a UserTokenPolicy that would allow the password to be transmitted without encryption (Can be enabled via config->allowNonePolicyPassword) | Severity=175 | SourceName=System | EventType=client
[2026-08-15 16:15:18.934 (UTC)] warn/client	[System] Removing a UserTokenPolicy that would allow the password to be transmitted without encryption (Can be enabled via config->allowNonePolicyPassword) | Severity=175 | SourceName=System | EventType=client
[2026-08-15 16:15:18.944 (UTC)] warn/client	[System] Removing a UserTokenPolicy that would allow the password to be transmitted without encryption (Can be enabled via config->allowNonePolicyPassword) | Severity=175 | SourceName=System | EventType=client
[2026-08-15 16:15:18.944 (UTC)] warn/client	[System] Removing a UserTokenPolicy that would allow the password to be transmitted without encryption (Can be enabled via config->allowNonePolicyPassword) | Severity=175 | SourceName=System | EventType=client
[2026-08-15 16:15:18.945 (UTC)] info/session	[System] TCP 16	| SC 1	| Session "ns=1;g=997fce9a-1799-0ebf-8408-00f0f4cf8cf8"	| Session created | Severity=75 | SourceName=System | EventType=session
[2026-08-15 16:15:18.955 (UTC)] info/session	[System] TCP 16	| SC 1	| Session "ns=1;g=997fce9a-1799-0ebf-8408-00f0f4cf8cf8"	| ActivateSession: Session activated with ClientUserId "" | Severity=75 | SourceName=System | EventType=session
[2026-08-15 16:15:19.341 (UTC)] info/session	[System] TCP 16	| SC 1	| Session "ns=1;g=997fce9a-1799-0ebf-8408-00f0f4cf8cf8"	| Subscription 1 | Subscription created (Publishing interval 500.0ms, max 1000 notifications per publish) | Severity=75 | SourceName=System | EventType=session
[2026-08-15 16:15:19.361 (UTC)] info/session	[System] TCP 16	| SC 1	| Session "ns=1;g=997fce9a-1799-0ebf-8408-00f0f4cf8cf8"	| Subscription 1 | MonitoredItem 1 | Created the MonitoredItem (Sampling Interval: 250.0ms, Queue Size: 1) | Severity=75 | SourceName=System | EventType=session
[2026-08-15 16:15:19.897 (UTC)] info/application	[Sensor] Updated distance: 2.3016914279673673 cm | Severity=75 | SourceName=Sensor3 | EventType=application
[2026-08-15 16:15:20.788 (UTC)] info/network	[System] TCP 17	| Connection opened from "127.0.0.1" via the server socket 8 | Severity=75 | SourceName=System | EventType=network
[2026-08-15 16:15:20.788 (UTC)] info/channel	[System] TCP 17	| SC 2	| SecureChannel created | Severity=75 | SourceName=System | EventType=channel
[2026-08-15 16:15:20.809 (UTC)] info/channel	[System] TCP 17	| SC 2	| OpenSecureChannel: Channel opened with SecurityMode None for SecurityPolicy http://opcfoundation.org/UA/SecurityPolicy#None and a revised lifetime of 600.0s | Severity=75 | SourceName=System | EventType=channel
[2026-08-15 16:15:20.829 (UTC)] warn/client	[System] Removing a UserTokenPolicy that would allow the password to be transmitted without encryption (Can be enabled via config->allowNonePolicyPassword) | Severity=175 | SourceName=System | EventType=client
[2026-08-15 16:15:20.829 (UTC)] warn/client	[System] Removing a UserTokenPolicy that would allow the password to be transmitted without encryption (Can be enabled via config->allowNonePolicyPassword) | Severity=175 | SourceName=System | EventType=client
[2026-08-15 16:15:20.839 (UTC)] warn/client	[System] Removing a UserTokenPolicy that would allow the password to be transmitted without encryption (Can be enabled via config->allowNonePolicyPassword) | Severity=175 | SourceName=System | EventType=client
[2026-08-15 16:15:20.839 (UTC)] warn/client	[System] Removing a UserTokenPolicy that would allow the password to be transmitted without encryption (Can be enabled via config->allowNonePolicyPassword) | Severity=175 | SourceName=System | EventType=client
[2026-08-15 16:15:20.840 (UTC)] info/session	[System] TCP 17	| SC 2	| Session "ns=1;g=ed34f7e3-7264-eba9-e98e-f8bfc83c83f8"	| Session created | Severity=75 | SourceName=System | EventType=session
[2026-08-15 16:15:20.851 (UTC)] info/session	[System] TCP 17	| SC 2	| Session "ns=1;g=ed34f7e3-7264-eba9-e98e-f8bfc83c83f8"	| ActivateSession: Session activated with ClientUserId "" | Severity=75 | SourceName=System | EventType=session
[2026-08-15 16:15:20.902 (UTC)] info/application	[Sensor] Updated distance: 45.63640382682737 cm | Severity=75 | SourceName=Sensor3 | EventType=application
[2026-08-15 16:15:21.893 (UTC)] info/application	[Sensor] Updated distance: 29.594286447201988 cm | Severity=75 | SourceName=Sensor3 | EventType=application
[2026-08-15 16:15:22.895 (UTC)] info/application	[Sensor] Updated distance: 28.392594312500485 cm | Severity=75 | SourceName=Sensor3 | EventType=application
[2026-08-15 16:15:23.897 (UTC)] info/application	[Sensor] Updated distance: 14.12842003820856 cm | Severity=75 | SourceName=Sensor3 | EventType=application
[2026-08-15 16:15:24.898 (UTC)] info/application	[Sensor] Updated distance: 24.442950385828944 cm | Severity=75 | SourceName=Sensor3 | EventType=application
[2026-08-15 16:15:25.900 (UTC)] info/application	[Sensor] Updated distance: 38.607725369095675 cm | Severity=75 | SourceName=Sensor3 | EventType=application
[2026-08-15 16:15:26.901 (UTC)] info/application	[Sensor] Updated distance: 21.177808122326528 cm | Severity=75 | SourceName=Sensor3 | EventType=application
[2026-08-15 16:15:27.894 (UTC)] info/application	[Sensor] Updated distance: 34.29613890512667 cm | Severity=75 | SourceName=Sensor3 | EventType=application
[2026-08-15 16:15:28.897 (UTC)] info/application	[Sensor] Updated distance: 20.630719223353413 cm | Severity=75 | SourceName=Sensor3 | EventType=application
[2026-08-15 16:15:29.898 (UTC)] info/application	[Sensor] Updated distance: 13.791234401888788 cm | Severity=75 | SourceName=Sensor3 | EventType=application
[2026-08-15 16:15:30.900 (UTC)] info/application	[Sensor] Updated distance: 9.002707432491103 cm | Severity=75 | SourceName=Sensor3 | EventType=application
[2026-08-15 16:15:31.901 (UTC)] info/application	[Sensor] Updated distance: 3.148120239911657 cm | Severity=75 | SourceName=Sensor3 | EventType=application
[2026-08-15 16:15:32.893 (UTC)] info/application	[Sensor] Updated distance: 12.914904323832552 cm | Severity=75 | SourceName=Sensor3 | EventType=application
[2026-08-15 16:15:33.894 (UTC)] info/application	[Sensor] Updated distance: 25.867961611537243 cm | Severity=75 | SourceName=Sensor3 | EventType=application
[2026-08-15 16:15:34.897 (UTC)] info/application	[Sensor] Updated distance: 6.961559044644963 cm | Severity=75 | SourceName=Sensor3 | EventType=application
[2026-08-15 16:15:35.898 (UTC)] info/application	[Sensor] Updated distance: 22.65950756737008 cm | Severity=75 | SourceName=Sensor3 | EventType=application
[2026-08-15 16:15:36.900 (UTC)] info/application	[Sensor] Updated distance: 6.756059455106063 cm | Severity=75 | SourceName=Sensor3 | EventType=application
[2026-08-15 16:15:37.893 (UTC)] info/application	[Sensor] Updated distance: 29.971998585375022 cm | Severity=75 | SourceName=Sensor3 | EventType=application
[2026-08-15 16:15:38.895 (UTC)] info/application	[Sensor] Updated distance: 45.53929132015411 cm | Severity=75 | SourceName=Sensor3 | EventType=application
[2026-08-15 16:15:39.896 (UTC)] info/application	[Sensor] Updated distance: 28.826447432314254 cm | Severity=75 | SourceName=Sensor3 | EventType=application
[2026-08-15 16:15:40.898 (UTC)] info/application	[Sensor] Updated distance: 32.14966119739677 cm | Severity=75 | SourceName=Sensor3 | EventType=application
[2026-08-15 16:15:41.901 (UTC)] info/application	[Sensor] Updated distance: 27.240799222719296 cm | Severity=75 | SourceName=Sensor3 | EventType=application
[2026-08-15 16:15:42.903 (UTC)] info/application	[Sensor] Updated distance: 23.395362692603545 cm | Severity=75 | SourceName=Sensor3 | EventType=application
[2026-08-15 16:15:43.894 (UTC)] info/application	[Sensor] Updated distance: 21.515025565174884 cm | Severity=75 | SourceName=Sensor3 | EventType=application
[2026-08-15 16:15:44.896 (UTC)] info/application	[Sensor] Updated distance: 28.019318503336663 cm | Severity=75 | SourceName=Sensor3 | EventType=application
[2026-08-15 16:15:45.898 (UTC)] info/application	[Sensor] Updated distance: 36.15282478283756 cm | Severity=75 | SourceName=Sensor3 | EventType=application
[2026-08-15 16:15:46.900 (UTC)] info/application	[Sensor] Updated distance: 12.04053435942183 cm | Severity=75 | SourceName=Sensor3 | EventType=application
[2026-08-15 16:15:47.901 (UTC)] info/application	[Sensor] Updated distance: 15.00444798777087 cm | Severity=75 | SourceName=Sensor3 | EventType=application
[2026-08-15 16:15:48.893 (UTC)] info/application	[Sensor] Updated distance: 35.48983007738824 cm | Severity=75 | SourceName=Sensor3 | EventType=application
[2026-08-15 16:15:49.896 (UTC)] info/application	[Sensor] Updated distance: 32.05563879667578 cm | Severity=75 | SourceName=Sensor3 | EventType=application
[2026-08-15 16:15:50.898 (UTC)] info/application	[Sensor] Updated distance: 15.306139415738237 cm | Severity=75 | SourceName=Sensor3 | EventType=application
[2026-08-15 16:15:51.901 (UTC)] info/application	[Sensor] Updated distance: 31.12623388186387 cm | Severity=75 | SourceName=Sensor3 | EventType=application
[2026-08-15 16:15:52.902 (UTC)] info/application	[Sensor] Updated distance: 11.64992522152603 cm | Severity=75 | SourceName=Sensor3 | EventType=application
[2026-08-15 16:15:53.894 (UTC)] info/application	[Sensor] Updated distance: 41.69873375059046 cm | Severity=75 | SourceName=Sensor3 | EventType=application
[2026-08-15 16:15:54.896 (UTC)] info/application	[Sensor] Updated distance: 43.254653920072435 cm | Severity=75 | SourceName=Sensor3 | EventType=application
[2026-08-15 16:15:55.898 (UTC)] info/application	[Sensor] Updated distance: 34.09287560735497 cm | Severity=75 | SourceName=Sensor3 | EventType=application
[2026-08-15 16:15:56.900 (UTC)] info/application	[Sensor] Updated distance: 30.306459097334397 cm | Severity=75 | SourceName=Sensor3 | EventType=application
[2026-08-15 16:15:57.901 (UTC)] info/application	[Sensor] Updated distance: 14.432462042398965 cm | Severity=75 | SourceName=Sensor3 | EventType=application
[2026-08-15 16:15:58.893 (UTC)] info/application	[Sensor] Updated distance: 18.38901451248164 cm | Severity=75 | SourceName=Sensor3 | EventType=application
[2026-08-15 16:15:59.895 (UTC)] info/application	[Sensor] Updated distance: 48.93717832068781 cm | Severity=75 | SourceName=Sensor3 | EventType=application
[2026-08-15 16:16:00.897 (UTC)] info/application	[Sensor] Updated distance: 26.223696444287754 cm | Severity=75 | SourceName=Sensor3 | EventType=application
[2026-08-15 16:16:01.899 (UTC)] info/application	[Sensor] Updated distance: 25.39172194497274 cm | Severity=75 | SourceName=Sensor3 | EventType=application
[2026-08-15 16:16:02.901 (UTC)] info/application	[Sensor] Updated distance: 2.085298538247728 cm | Severity=75 | SourceName=Sensor3 | EventType=application
[2026-08-15 16:16:03.903 (UTC)] info/application	[Sensor] Updated distance: 37.138600768120305 cm | Severity=75 | SourceName=Sensor3 | EventType=application
[2026-08-15 16:16:04.895 (UTC)] info/application	[Sensor] Updated distance: 49.259683556509984 cm | Severity=75 | SourceName=Sensor3 | EventType=application
[2026-08-15 16:16:05.896 (UTC)] info/application	[Sensor] Updated distance: 7.0468576052444325 cm | Severity=75 | SourceName=Sensor3 | EventType=application
[2026-08-15 16:16:06.898 (UTC)] info/application	[Sensor] Updated distance: 9.798108313138647 cm | Severity=75 | SourceName=Sensor3 | EventType=application
[2026-08-15 16:16:07.899 (UTC)] info/application	[Sensor] Updated distance: 6.015742989264309 cm | Severity=75 | SourceName=Sensor3 | EventType=application
[2026-08-15 16:16:08.901 (UTC)] info/application	[Sensor] Updated distance: 35.01885619061946 cm | Severity=75 | SourceName=Sensor3 | EventType=application
[2026-08-15 16:16:09.902 (UTC)] info/application	[Sensor] Updated distance: 5.337399610941018 cm | Severity=75 | SourceName=Sensor3 | EventType=application
[2026-08-15 16:16:10.894 (UTC)] info/application	[Sensor] Updated distance: 32.842190421578564 cm | Severity=75 | SourceName=Sensor3 | EventType=application
[2026-08-15 16:16:11.895 (UTC)] info/application	[Sensor] Updated distance: 17.168517365664485 cm | Severity=75 | SourceName=Sensor3 | EventType=application
[2026-08-15 16:16:12.897 (UTC)] info/application	[Sensor] Updated distance: 30.578198833660313 cm | Severity=75 | SourceName=Sensor3 | EventType=application
[2026-08-15 16:16:13.899 (UTC)] info/application	[Sensor] Updated distance: 6.2375531141821074 cm | Severity=75 | SourceName=Sensor3 | EventType=application
[2026-08-15 16:16:14.901 (UTC)] info/application	[Sensor] Updated distance: 36.683542930839366 cm | Severity=75 | SourceName=Sensor3 | EventType=application
[2026-08-15 16:16:15.902 (UTC)] info/application	[Sensor] Updated distance: 8.59751733699698 cm | Severity=75 | SourceName=Sensor3 | EventType=application
[2026-08-15 16:16:16.894 (UTC)] info/application	[Sensor] Updated distance: 40.390377897019675 cm | Severity=75 | SourceName=Sensor3 | EventType=application
[2026-08-15 16:16:17.896 (UTC)] info/application	[Sensor] Updated distance: 46.72407731261294 cm | Severity=75 | SourceName=Sensor3 | EventType=application
[2026-08-15 16:16:18.896 (UTC)] info/application	[Sensor] Updated distance: 21.601965324767846 cm | Severity=75 | SourceName=Sensor3 | EventType=application
[2026-08-15 16:16:19.897 (UTC)] info/application	[Sensor] Updated distance: 25.880207974407917 cm | Severity=75 | SourceName=Sensor3 | EventType=application
[2026-08-15 16:16:20.900 (UTC)] info/application	[Sensor] Updated distance: 28.779716086936983 cm | Severity=75 | SourceName=Sensor3 | EventType=application
[2026-08-15 16:16:21.902 (UTC)] info/application	[Sensor] Updated distance: 34.90810474050608 cm | Severity=75 | SourceName=Sensor3 | EventType=application
[2026-08-15 16:16:22.894 (UTC)] info/application	[Sensor] Updated distance: 7.006441833920051 cm | Severity=75 | SourceName=Sensor3 | EventType=application
[2026-08-15 16:16:23.897 (UTC)] info/application	[Sensor] Updated distance: 38.42964133081475 cm | Severity=75 | SourceName=Sensor3 | EventType=application
[2026-08-15 16:16:24.899 (UTC)] info/application	[Sensor] Updated distance: 26.606838468744808 cm | Severity=75 | SourceName=Sensor3 | EventType=application
[2026-08-15 16:16:25.901 (UTC)] info/application	[Sensor] Updated distance: 48.26109577634423 cm | Severity=75 | SourceName=Sensor3 | EventType=application
[2026-08-15 16:16:26.893 (UTC)] info/application	[Sensor] Updated distance: 22.522516915817985 cm | Severity=75 | SourceName=Sensor3 | EventType=application
[2026-08-15 16:16:27.896 (UTC)] info/application	[Sensor] Updated distance: 6.9132975660792075 cm | Severity=75 | SourceName=Sensor3 | EventType=application
[2026-08-15 16:16:28.898 (UTC)] info/application	[Sensor] Updated distance: 12.693557796391453 cm | Severity=75 | SourceName=Sensor3 | EventType=application
[2026-08-15 16:16:29.899 (UTC)] info/application	[Sensor] Updated distance: 38.911531428299625 cm | Severity=75 | SourceName=Sensor3 | EventType=application
[2026-08-15 16:16:30.902 (UTC)] info/application	[Sensor] Updated distance: 5.850475864415278 cm | Severity=75 | SourceName=Sensor3 | EventType=application
[2026-08-15 16:16:31.894 (UTC)] info/application	[Sensor] Updated distance: 36.917254240679206 cm | Severity=75 | SourceName=Sensor3 | EventType=application
[2026-08-15 16:16:32.896 (UTC)] info/application	[Sensor] Updated distance: 14.303253350920627 cm | Severity=75 | SourceName=Sensor3 | EventType=application
[2026-08-15 16:16:33.898 (UTC)] info/application	[Sensor] Updated distance: 5.935774425014748 cm | Severity=75 | SourceName=Sensor3 | EventType=application
[2026-08-15 16:16:34.902 (UTC)] info/application	[Sensor] Updated distance: 24.055854986447773 cm | Severity=75 | SourceName=Sensor3 | EventType=application
[2026-08-15 16:16:35.893 (UTC)] info/application	[Sensor] Updated distance: 13.562936885078873 cm | Severity=75 | SourceName=Sensor3 | EventType=application
[2026-08-15 16:16:36.894 (UTC)] info/application	[Sensor] Updated distance: 10.98263203025918 cm | Severity=75 | SourceName=Sensor3 | EventType=application
[2026-08-15 16:16:37.895 (UTC)] info/application	[Sensor] Updated distance: 31.85396332193816 cm | Severity=75 | SourceName=Sensor3 | EventType=application
[2026-08-15 16:16:38.897 (UTC)] info/application	[Sensor] Updated distance: 17.57867987434318 cm | Severity=75 | SourceName=Sensor3 | EventType=application
[2026-08-15 16:16:39.899 (UTC)] info/application	[Sensor] Updated distance: 44.001488220878635 cm | Severity=75 | SourceName=Sensor3 | EventType=application
[2026-08-15 16:16:40.901 (UTC)] info/application	[Sensor] Updated distance: 35.19136293287918 cm | Severity=75 | SourceName=Sensor3 | EventType=application
[2026-08-15 16:16:41.893 (UTC)] info/application	[Sensor] Updated distance: 48.42087031827349 cm | Severity=75 | SourceName=Sensor3 | EventType=application
[2026-08-15 16:16:42.895 (UTC)] info/application	[Sensor] Updated distance: 11.170005586543123 cm | Severity=75 | SourceName=Sensor3 | EventType=application
[2026-08-15 16:16:43.897 (UTC)] info/application	[Sensor] Updated distance: 15.769561766539496 cm | Severity=75 | SourceName=Sensor3 | EventType=application
[2026-08-15 16:16:44.899 (UTC)] info/application	[Sensor] Updated distance: 4.658423410103854 cm | Severity=75 | SourceName=Sensor3 | EventType=application
[2026-08-15 16:16:45.901 (UTC)] info/application	[Sensor] Updated distance: 45.85354851738249 cm | Severity=75 | SourceName=Sensor3 | EventType=application
[2026-08-15 16:16:46.894 (UTC)] info/application	[Sensor] Updated distance: 22.367079103536472 cm | Severity=75 | SourceName=Sensor3 | EventType=application
[2026-08-15 16:16:47.896 (UTC)] info/application	[Sensor] Updated distance: 43.048801307123526 cm | Severity=75 | SourceName=Sensor3 | EventType=application
[2026-08-15 16:16:48.897 (UTC)] info/application	[Sensor] Updated distance: 42.57762580764369 cm | Severity=75 | SourceName=Sensor3 | EventType=application
[2026-08-15 16:16:49.899 (UTC)] info/application	[Sensor] Updated distance: 41.96904442830432 cm | Severity=75 | SourceName=Sensor3 | EventType=application
[2026-08-15 16:16:50.901 (UTC)] info/application	[Sensor] Updated distance: 18.929009259179704 cm | Severity=75 | SourceName=Sensor3 | EventType=application
[2026-08-15 16:16:51.893 (UTC)] info/application	[Sensor] Updated distance: 21.357341894580674 cm | Severity=75 | SourceName=Sensor3 | EventType=application
[2026-08-15 16:16:52.895 (UTC)] info/application	[Sensor] Updated distance: 26.877149146458667 cm | Severity=75 | SourceName=Sensor3 | EventType=application
[2026-08-15 16:16:53.897 (UTC)] info/application	[Sensor] Updated distance: 23.935451115451496 cm | Severity=75 | SourceName=Sensor3 | EventType=application
[2026-08-15 16:16:54.899 (UTC)] info/application	[Sensor] Updated distance: 9.786983203043686 cm | Severity=75 | SourceName=Sensor3 | EventType=application
[2026-08-15 16:16:55.902 (UTC)] info/application	[Sensor] Updated distance: 3.483987615203479 cm | Severity=75 | SourceName=Sensor3 | EventType=application
[2026-08-15 16:16:56.893 (UTC)] info/application	[Sensor] Updated distance: 22.19654686944398 cm | Severity=75 | SourceName=Sensor3 | EventType=application
[2026-08-15 16:16:57.895 (UTC)] info/application	[Sensor] Updated distance: 30.30950011886167 cm | Severity=75 | SourceName=Sensor3 | EventType=application
[2026-08-15 16:16:58.896 (UTC)] info/application	[Sensor] Updated distance: 8.397285181282687 cm | Severity=75 | SourceName=Sensor3 | EventType=application
[2026-08-15 16:16:59.897 (UTC)] info/application	[Sensor] Updated distance: 32.89010466583544 cm | Severity=75 | SourceName=Sensor3 | EventType=application
[2026-08-15 16:17:00.899 (UTC)] info/application	[Sensor] Updated distance: 19.2210315471613 cm | Severity=75 | SourceName=Sensor3 | EventType=application
[2026-08-15 16:17:01.901 (UTC)] info/application	[Sensor] Updated distance: 12.247761045697965 cm | Severity=75 | SourceName=Sensor3 | EventType=application
[2026-08-15 16:17:02.893 (UTC)] info/application	[Sensor] Updated distance: 19.807358884162902 cm | Severity=75 | SourceName=Sensor3 | EventType=application
[2026-08-15 16:17:03.895 (UTC)] info/application	[Sensor] Updated distance: 31.524284898081927 cm | Severity=75 | SourceName=Sensor3 | EventType=application
[2026-08-15 16:17:04.897 (UTC)] info/application	[Sensor] Updated distance: 16.183535470712712 cm | Severity=75 | SourceName=Sensor3 | EventType=application
[2026-08-15 16:17:05.899 (UTC)] info/application	[Sensor] Updated distance: 41.86321387061067 cm | Severity=75 | SourceName=Sensor3 | EventType=application
[2026-08-15 16:17:06.901 (UTC)] info/application	[Sensor] Updated distance: 43.08722180551254 cm | Severity=75 | SourceName=Sensor3 | EventType=application
[2026-08-15 16:17:07.893 (UTC)] info/application	[Sensor] Updated distance: 25.166167500971895 cm | Severity=75 | SourceName=Sensor3 | EventType=application
[2026-08-15 16:17:08.894 (UTC)] info/application	[Sensor] Updated distance: 23.717177170197097 cm | Severity=75 | SourceName=Sensor3 | EventType=application
[2026-08-15 16:17:09.896 (UTC)] info/application	[Sensor] Updated distance: 10.665901657503984 cm | Severity=75 | SourceName=Sensor3 | EventType=application
[2026-08-15 16:17:10.898 (UTC)] info/application	[Sensor] Updated distance: 19.167655721850533 cm | Severity=75 | SourceName=Sensor3 | EventType=application
[2026-08-15 16:17:11.900 (UTC)] info/application	[Sensor] Updated distance: 8.908540103076277 cm | Severity=75 | SourceName=Sensor3 | EventType=application
[2026-08-15 16:17:12.902 (UTC)] info/application	[Sensor] Updated distance: 9.086771953425728 cm | Severity=75 | SourceName=Sensor3 | EventType=application
[2026-08-15 16:17:13.893 (UTC)] info/application	[Sensor] Updated distance: 28.337661308393656 cm | Severity=75 | SourceName=Sensor3 | EventType=application
[2026-08-15 16:17:14.895 (UTC)] info/application	[Sensor] Updated distance: 22.678101869615773 cm | Severity=75 | SourceName=Sensor3 | EventType=application
[2026-08-15 16:17:15.897 (UTC)] info/application	[Sensor] Updated distance: 11.745195363529582 cm | Severity=75 | SourceName=Sensor3 | EventType=application
[2026-08-15 16:17:16.899 (UTC)] info/application	[Sensor] Updated distance: 24.191209803424407 cm | Severity=75 | SourceName=Sensor3 | EventType=application
[2026-08-15 16:17:17.901 (UTC)] info/application	[Sensor] Updated distance: 43.04518097315225 cm | Severity=75 | SourceName=Sensor3 | EventType=application
[2026-08-15 16:17:18.893 (UTC)] info/application	[Sensor] Updated distance: 4.793996670653111 cm | Severity=75 | SourceName=Sensor3 | EventType=application
[2026-08-15 16:17:19.894 (UTC)] info/application	[Sensor] Updated distance: 16.7688356110681 cm | Severity=75 | SourceName=Sensor3 | EventType=application
[2026-08-15 16:17:20.895 (UTC)] info/application	[Sensor] Updated distance: 35.01422537910483 cm | Severity=75 | SourceName=Sensor3 | EventType=application
[2026-08-15 16:17:21.897 (UTC)] info/application	[Sensor] Updated distance: 21.723005929832816 cm | Severity=75 | SourceName=Sensor3 | EventType=application
[2026-08-15 16:17:22.898 (UTC)] info/application	[Sensor] Updated distance: 36.126177505648776 cm | Severity=75 | SourceName=Sensor3 | EventType=application
[2026-08-15 16:17:23.899 (UTC)] info/application	[Sensor] Updated distance: 11.891374503211757 cm | Severity=75 | SourceName=Sensor3 | EventType=application
[2026-08-15 16:17:24.901 (UTC)] info/application	[Sensor] Updated distance: 43.65845704528431 cm | Severity=75 | SourceName=Sensor3 | EventType=application
[2026-08-15 16:17:25.894 (UTC)] info/application	[Sensor] Updated distance: 43.913160708692466 cm | Severity=75 | SourceName=Sensor3 | EventType=application
[2026-08-15 16:17:26.897 (UTC)] info/application	[Sensor] Updated distance: 13.375362118415238 cm | Severity=75 | SourceName=Sensor3 | EventType=application
[2026-08-15 16:17:27.900 (UTC)] info/application	[Sensor] Updated distance: 15.855003892376555 cm | Severity=75 | SourceName=Sensor3 | EventType=application
[2026-08-15 16:17:28.901 (UTC)] info/application	[Sensor] Updated distance: 24.222660805202395 cm | Severity=75 | SourceName=Sensor3 | EventType=application
[2026-08-15 16:17:29.893 (UTC)] info/application	[Sensor] Updated distance: 19.772647299697923 cm | Severity=75 | SourceName=Sensor3 | EventType=application
[2026-08-15 16:17:30.895 (UTC)] info/application	[Sensor] Updated distance: 46.74510855821199 cm | Severity=75 | SourceName=Sensor3 | EventType=application
[2026-08-15 16:17:31.896 (UTC)] info/application	[Sensor] Updated distance: 41.4436923523637 cm | Severity=75 | SourceName=Sensor3 | EventType=application
[2026-08-15 16:17:32.898 (UTC)] info/application	[Sensor] Updated distance: 30.02040836774763 cm | Severity=75 | SourceName=Sensor3 | EventType=application
[2026-08-15 16:17:33.900 (UTC)] info/application	[Sensor] Updated distance: 16.552467420023152 cm | Severity=75 | SourceName=Sensor3 | EventType=application
[2026-08-15 16:17:34.902 (UTC)] info/application	[Sensor] Updated distance: 22.96797725044562 cm | Severity=75 | SourceName=Sensor3 | EventType=application
[2026-08-15 16:17:35.893 (UTC)] info/application	[Sensor] Updated distance: 44.20394383846034 cm | Severity=75 | SourceName=Sensor3 | EventType=application
[2026-08-15 16:17:36.895 (UTC)] info/application	[Sensor] Updated distance: 8.415681290633827 cm | Severity=75 | SourceName=Sensor3 | EventType=application
[2026-08-15 16:17:37.897 (UTC)] info/application	[Sensor] Updated distance: 16.055199033606424 cm | Severity=75 | SourceName=Sensor3 | EventType=application
[2026-08-15 16:17:38.898 (UTC)] info/application	[Sensor] Updated distance: 19.37011133943224 cm | Severity=75 | SourceName=Sensor3 | EventType=application
[2026-08-15 16:17:39.899 (UTC)] info/application	[Sensor] Updated distance: 30.132858460830924 cm | Severity=75 | SourceName=Sensor3 | EventType=application
[2026-08-15 16:17:40.901 (UTC)] info/application	[Sensor] Updated distance: 24.721100691110408 cm | Severity=75 | SourceName=Sensor3 | EventType=application
[2026-08-15 16:17:41.902 (UTC)] info/application	[Sensor] Updated distance: 36.53776706128277 cm | Severity=75 | SourceName=Sensor3 | EventType=application
[2026-08-15 16:17:42.894 (UTC)] info/application	[Sensor] Updated distance: 37.0413985639072 cm | Severity=75 | SourceName=Sensor3 | EventType=application
[2026-08-15 16:17:43.895 (UTC)] info/application	[Sensor] Updated distance: 31.807872666887878 cm | Severity=75 | SourceName=Sensor3 | EventType=application
[2026-08-15 16:17:44.897 (UTC)] info/application	[Sensor] Updated distance: 14.875428347324686 cm | Severity=75 | SourceName=Sensor3 | EventType=application
[2026-08-15 16:17:45.899 (UTC)] info/application	[Sensor] Updated distance: 9.719500411171232 cm | Severity=75 | SourceName=Sensor3 | EventType=application
[2026-08-15 16:17:46.901 (UTC)] info/application	[Sensor] Updated distance: 41.553068030417464 cm | Severity=75 | SourceName=Sensor3 | EventType=application
[2026-08-15 16:17:47.893 (UTC)] info/application	[Sensor] Updated distance: 37.06663815074909 cm | Severity=75 | SourceName=Sensor3 | EventType=application
[2026-08-15 16:17:48.896 (UTC)] info/application	[Sensor] Updated distance: 2.76468136197174 cm | Severity=75 | SourceName=Sensor3 | EventType=application
[2026-08-15 16:17:49.898 (UTC)] info/application	[Sensor] Updated distance: 44.34706470107057 cm | Severity=75 | SourceName=Sensor3 | EventType=application
[2026-08-15 16:17:50.900 (UTC)] info/application	[Sensor] Updated distance: 3.8354737394654537 cm | Severity=75 | SourceName=Sensor3 | EventType=application
[2026-08-15 16:17:51.902 (UTC)] info/application	[Sensor] Updated distance: 35.77890674107657 cm | Severity=75 | SourceName=Sensor3 | EventType=application
[2026-08-15 16:17:52.894 (UTC)] info/application	[Sensor] Updated distance: 16.070070630903388 cm | Severity=75 | SourceName=Sensor3 | EventType=application
[2026-08-15 16:17:53.896 (UTC)] info/application	[Sensor] Updated distance: 37.961651245114226 cm | Severity=75 | SourceName=Sensor3 | EventType=application
[2026-08-15 16:17:54.898 (UTC)] info/application	[Sensor] Updated distance: 45.67028126664007 cm | Severity=75 | SourceName=Sensor3 | EventType=application
[2026-08-15 16:17:55.900 (UTC)] info/application	[Sensor] Updated distance: 9.72852765383596 cm | Severity=75 | SourceName=Sensor3 | EventType=application
[2026-08-15 16:17:56.902 (UTC)] info/application	[Sensor] Updated distance: 31.874811931454953 cm | Severity=75 | SourceName=Sensor3 | EventType=application
[2026-08-15 16:17:57.895 (UTC)] info/application	[Sensor] Updated distance: 9.045643362703567 cm | Severity=75 | SourceName=Sensor3 | EventType=application
[2026-08-15 16:17:58.896 (UTC)] info/application	[Sensor] Updated distance: 23.583531568564254 cm | Severity=75 | SourceName=Sensor3 | EventType=application
[2026-08-15 16:17:59.898 (UTC)] info/application	[Sensor] Updated distance: 6.097472736657352 cm | Severity=75 | SourceName=Sensor3 | EventType=application
[2026-08-15 16:18:00.900 (UTC)] info/application	[Sensor] Updated distance: 26.818290684753233 cm | Severity=75 | SourceName=Sensor3 | EventType=application
[2026-08-15 16:18:01.901 (UTC)] info/application	[Sensor] Updated distance: 20.328640104424505 cm | Severity=75 | SourceName=Sensor3 | EventType=application
[2026-08-15 16:18:02.893 (UTC)] info/application	[Sensor] Updated distance: 45.54116508902104 cm | Severity=75 | SourceName=Sensor3 | EventType=application
[2026-08-15 16:18:03.894 (UTC)] info/application	[Sensor] Updated distance: 6.838699030149122 cm | Severity=75 | SourceName=Sensor3 | EventType=application
[2026-08-15 16:18:04.896 (UTC)] info/application	[Sensor] Updated distance: 34.8811075467994 cm | Severity=75 | SourceName=Sensor3 | EventType=application
[2026-08-15 16:18:05.897 (UTC)] info/application	[Sensor] Updated distance: 18.50914231711493 cm | Severity=75 | SourceName=Sensor3 | EventType=application
[2026-08-15 16:18:06.898 (UTC)] info/application	[Sensor] Updated distance: 49.04264286860946 cm | Severity=75 | SourceName=Sensor3 | EventType=application
[2026-08-15 16:18:07.901 (UTC)] info/application	[Sensor] Updated distance: 41.296788837433226 cm | Severity=75 | SourceName=Sensor3 | EventType=application
[2026-08-15 16:18:08.893 (UTC)] info/application	[Sensor] Updated distance: 32.56434135072135 cm | Severity=75 | SourceName=Sensor3 | EventType=application
[2026-08-15 16:18:09.895 (UTC)] info/application	[Sensor] Updated distance: 18.412754185689963 cm | Severity=75 | SourceName=Sensor3 | EventType=application
[2026-08-15 16:18:10.898 (UTC)] info/application	[Sensor] Updated distance: 21.42964727591241 cm | Severity=75 | SourceName=Sensor3 | EventType=application
[2026-08-15 16:18:11.901 (UTC)] info/application	[Sensor] Updated distance: 7.285442041831763 cm | Severity=75 | SourceName=Sensor3 | EventType=application
[2026-08-15 16:18:12.894 (UTC)] info/application	[Sensor] Updated distance: 4.950521224620994 cm | Severity=75 | SourceName=Sensor3 | EventType=application
[2026-08-15 16:18:13.897 (UTC)] info/application	[Sensor] Updated distance: 8.471045839819613 cm | Severity=75 | SourceName=Sensor3 | EventType=application
[2026-08-15 16:18:14.901 (UTC)] info/application	[Sensor] Updated distance: 37.09331470871964 cm | Severity=75 | SourceName=Sensor3 | EventType=application
[2026-08-15 16:18:15.185 (UTC)] info/session	[System] TCP 17	| SC 2	| Session "ns=1;g=ed34f7e3-7264-eba9-e98e-f8bfc83c83f8"	| WriteRequest returned status code BadUserAccessDenied | Severity=75 | SourceName=System | EventType=session
[2026-08-15 16:18:15.894 (UTC)] info/application	[Sensor] Updated distance: 17.825949571945678 cm | Severity=75 | SourceName=Sensor3 | EventType=application
[2026-08-15 16:18:16.897 (UTC)] info/application	[Sensor] Updated distance: 16.190546250990845 cm | Severity=75 | SourceName=Sensor3 | EventType=application
[2026-08-15 16:18:17.900 (UTC)] info/application	[Sensor] Updated distance: 28.64638271678536 cm | Severity=75 | SourceName=Sensor3 | EventType=application
[2026-08-15 16:18:18.903 (UTC)] info/application	[Sensor] Updated distance: 4.892587722694775 cm | Severity=75 | SourceName=Sensor3 | EventType=application
[2026-08-15 16:18:19.895 (UTC)] info/application	[Sensor] Updated distance: 16.95522763531433 cm | Severity=75 | SourceName=Sensor3 | EventType=application
[2026-08-15 16:18:20.897 (UTC)] info/application	[Sensor] Updated distance: 22.993447417855936 cm | Severity=75 | SourceName=Sensor3 | EventType=application
[2026-08-15 16:18:21.900 (UTC)] info/application	[Sensor] Updated distance: 6.728061462160229 cm | Severity=75 | SourceName=Sensor3 | EventType=application
[2026-08-15 16:18:22.902 (UTC)] info/application	[Sensor] Updated distance: 2.734134354039158 cm | Severity=75 | SourceName=Sensor3 | EventType=application
[2026-08-15 16:18:23.894 (UTC)] info/application	[Sensor] Updated distance: 37.06351804875932 cm | Severity=75 | SourceName=Sensor3 | EventType=application
[2026-08-15 16:18:24.896 (UTC)] info/application	[Sensor] Updated distance: 42.6897127296262 cm | Severity=75 | SourceName=Sensor3 | EventType=application
[2026-08-15 16:18:25.899 (UTC)] info/application	[Sensor] Updated distance: 46.404415620679224 cm | Severity=75 | SourceName=Sensor3 | EventType=application
[2026-08-15 16:18:26.901 (UTC)] info/application	[Sensor] Updated distance: 44.79204570259528 cm | Severity=75 | SourceName=Sensor3 | EventType=application
[2026-08-15 16:18:27.893 (UTC)] info/application	[Sensor] Updated distance: 24.564524638729413 cm | Severity=75 | SourceName=Sensor3 | EventType=application
[2026-08-15 16:18:28.895 (UTC)] info/application	[Sensor] Updated distance: 5.450058983382796 cm | Severity=75 | SourceName=Sensor3 | EventType=application
[2026-08-15 16:18:29.897 (UTC)] info/application	[Sensor] Updated distance: 18.375577248807797 cm | Severity=75 | SourceName=Sensor3 | EventType=application
[2026-08-15 16:18:30.900 (UTC)] info/application	[Sensor] Updated distance: 28.661997375386765 cm | Severity=75 | SourceName=Sensor3 | EventType=application
[2026-08-15 16:18:31.901 (UTC)] info/application	[Sensor] Updated distance: 30.26834966813603 cm | Severity=75 | SourceName=Sensor3 | EventType=application
[2026-08-15 16:18:32.893 (UTC)] info/application	[Sensor] Updated distance: 36.704217375584044 cm | Severity=75 | SourceName=Sensor3 | EventType=application
[2026-08-15 16:18:33.894 (UTC)] info/application	[Sensor] Updated distance: 24.203162464407814 cm | Severity=75 | SourceName=Sensor3 | EventType=application
[2026-08-15 16:18:34.895 (UTC)] info/application	[Sensor] Updated distance: 35.10704869828515 cm | Severity=75 | SourceName=Sensor3 | EventType=application
[2026-08-15 16:18:35.894 (UTC)] info/application	[Sensor] Updated distance: 21.585324900031704 cm | Severity=75 | SourceName=Sensor3 | EventType=application
[2026-08-15 16:18:36.895 (UTC)] info/application	[Sensor] Updated distance: 40.71230478152274 cm | Severity=75 | SourceName=Sensor3 | EventType=application
[2026-08-15 16:18:37.897 (UTC)] info/application	[Sensor] Updated distance: 34.149691544542875 cm | Severity=75 | SourceName=Sensor3 | EventType=application
[2026-08-15 16:18:38.899 (UTC)] info/application	[Sensor] Updated distance: 12.882113715113192 cm | Severity=75 | SourceName=Sensor3 | EventType=application
[2026-08-15 16:18:39.901 (UTC)] info/application	[Sensor] Updated distance: 23.276646132244096 cm | Severity=75 | SourceName=Sensor3 | EventType=application
[2026-08-15 16:18:40.893 (UTC)] info/application	[Sensor] Updated distance: 2.562445730232841 cm | Severity=75 | SourceName=Sensor3 | EventType=application
[2026-08-15 16:18:41.895 (UTC)] info/application	[Sensor] Updated distance: 32.31176099102561 cm | Severity=75 | SourceName=Sensor3 | EventType=application
[2026-08-15 16:18:42.897 (UTC)] info/application	[Sensor] Updated distance: 28.56208817407586 cm | Severity=75 | SourceName=Sensor3 | EventType=application
[2026-08-15 16:18:43.898 (UTC)] info/application	[Sensor] Updated distance: 5.512966954853836 cm | Severity=75 | SourceName=Sensor3 | EventType=application
[2026-08-15 16:18:44.899 (UTC)] info/application	[Sensor] Updated distance: 38.78280683084522 cm | Severity=75 | SourceName=Sensor3 | EventType=application
[2026-08-15 16:18:45.901 (UTC)] info/application	[Sensor] Updated distance: 15.655402860443761 cm | Severity=75 | SourceName=Sensor3 | EventType=application
[2026-08-15 16:18:46.894 (UTC)] info/application	[Sensor] Updated distance: 21.338916549151257 cm | Severity=75 | SourceName=Sensor3 | EventType=application
[2026-08-15 16:18:47.896 (UTC)] info/application	[Sensor] Updated distance: 4.973353081836064 cm | Severity=75 | SourceName=Sensor3 | EventType=application
[2026-08-15 16:18:48.899 (UTC)] info/application	[Sensor] Updated distance: 42.301785577229126 cm | Severity=75 | SourceName=Sensor3 | EventType=application
[2026-08-15 16:18:49.900 (UTC)] info/application	[Sensor] Updated distance: 24.23150427184603 cm | Severity=75 | SourceName=Sensor3 | EventType=application
[2026-08-15 16:18:50.214 (UTC)] info/session	[System] TCP 17	| SC 2	| Session "ns=1;g=ed34f7e3-7264-eba9-e98e-f8bfc83c83f8"	| WriteRequest returned status code BadUserAccessDenied | Severity=75 | SourceName=System | EventType=session
[2026-08-15 16:18:50.902 (UTC)] info/application	[Sensor] Updated distance: 19.928580717150393 cm | Severity=75 | SourceName=Sensor3 | EventType=application
[2026-08-15 16:18:51.895 (UTC)] info/application	[Sensor] Updated distance: 15.295232972733318 cm | Severity=75 | SourceName=Sensor3 | EventType=application
[2026-08-15 16:18:52.898 (UTC)] info/application	[Sensor] Updated distance: 28.95956573400626 cm | Severity=75 | SourceName=Sensor3 | EventType=application
[2026-08-15 16:18:53.900 (UTC)] info/application	[Sensor] Updated distance: 20.66271507118955 cm | Severity=75 | SourceName=Sensor3 | EventType=application
[2026-08-15 16:18:54.893 (UTC)] info/application	[Sensor] Updated distance: 2.358750999140903 cm | Severity=75 | SourceName=Sensor3 | EventType=application
[2026-08-15 16:18:55.896 (UTC)] info/application	[Sensor] Updated distance: 21.64927844128072 cm | Severity=75 | SourceName=Sensor3 | EventType=application
[2026-08-15 16:18:56.898 (UTC)] info/application	[Sensor] Updated distance: 17.067130691868776 cm | Severity=75 | SourceName=Sensor3 | EventType=application
[2026-08-15 16:18:57.901 (UTC)] info/application	[Sensor] Updated distance: 45.150796724087925 cm | Severity=75 | SourceName=Sensor3 | EventType=application
[2026-08-15 16:18:58.894 (UTC)] info/application	[Sensor] Updated distance: 44.21380310236187 cm | Severity=75 | SourceName=Sensor3 | EventType=application
[2026-08-15 16:18:59.896 (UTC)] info/application	[Sensor] Updated distance: 20.517189675251576 cm | Severity=75 | SourceName=Sensor3 | EventType=application
[2026-08-15 16:19:00.897 (UTC)] info/application	[Sensor] Updated distance: 13.526373950543986 cm | Severity=75 | SourceName=Sensor3 | EventType=application
[2026-08-15 16:19:01.899 (UTC)] info/application	[Sensor] Updated distance: 22.875800455396902 cm | Severity=75 | SourceName=Sensor3 | EventType=application
[2026-08-15 16:19:02.901 (UTC)] info/application	[Sensor] Updated distance: 48.785539343387605 cm | Severity=75 | SourceName=Sensor3 | EventType=application
[2026-08-15 16:19:03.902 (UTC)] info/application	[Sensor] Updated distance: 48.230591326128035 cm | Severity=75 | SourceName=Sensor3 | EventType=application
[2026-08-15 16:19:04.893 (UTC)] info/application	[Sensor] Updated distance: 45.07896291980472 cm | Severity=75 | SourceName=Sensor3 | EventType=application
[2026-08-15 16:19:05.895 (UTC)] info/application	[Sensor] Updated distance: 33.89258801932101 cm | Severity=75 | SourceName=Sensor3 | EventType=application
[2026-08-15 16:19:06.898 (UTC)] info/application	[Sensor] Updated distance: 19.815916203807998 cm | Severity=75 | SourceName=Sensor3 | EventType=application
[2026-08-15 16:19:07.899 (UTC)] info/application	[Sensor] Updated distance: 35.791267701327456 cm | Severity=75 | SourceName=Sensor3 | EventType=application
[2026-08-15 16:19:08.902 (UTC)] info/application	[Sensor] Updated distance: 18.042279541512148 cm | Severity=75 | SourceName=Sensor3 | EventType=application
[2026-08-15 16:19:09.894 (UTC)] info/application	[Sensor] Updated distance: 30.698029918921193 cm | Severity=75 | SourceName=Sensor3 | EventType=application
[2026-08-15 16:19:10.899 (UTC)] info/application	[Sensor] Updated distance: 9.067913811219816 cm | Severity=75 | SourceName=Sensor3 | EventType=application
[2026-08-15 16:19:11.902 (UTC)] info/application	[Sensor] Updated distance: 18.60472527174499 cm | Severity=75 | SourceName=Sensor3 | EventType=application
[2026-08-15 16:19:12.894 (UTC)] info/application	[Sensor] Updated distance: 13.009790909946798 cm | Severity=75 | SourceName=Sensor3 | EventType=application
[2026-08-15 16:19:13.897 (UTC)] info/application	[Sensor] Updated distance: 35.63000198529568 cm | Severity=75 | SourceName=Sensor3 | EventType=application
[2026-08-15 16:19:14.899 (UTC)] info/application	[Sensor] Updated distance: 22.11769224895057 cm | Severity=75 | SourceName=Sensor3 | EventType=application
[2026-08-15 16:19:15.901 (UTC)] info/application	[Sensor] Updated distance: 49.79259774079201 cm | Severity=75 | SourceName=Sensor3 | EventType=application
[2026-08-15 16:19:16.894 (UTC)] info/application	[Sensor] Updated distance: 49.285404845739436 cm | Severity=75 | SourceName=Sensor3 | EventType=application
[2026-08-15 16:19:17.896 (UTC)] info/application	[Sensor] Updated distance: 41.456608798101826 cm | Severity=75 | SourceName=Sensor3 | EventType=application
[2026-08-15 16:19:18.898 (UTC)] info/application	[Sensor] Updated distance: 4.765950800276338 cm | Severity=75 | SourceName=Sensor3 | EventType=application
[2026-08-15 16:19:19.900 (UTC)] info/application	[Sensor] Updated distance: 41.58719040061682 cm | Severity=75 | SourceName=Sensor3 | EventType=application
[2026-08-15 16:19:20.902 (UTC)] info/application	[Sensor] Updated distance: 15.688113047596119 cm | Severity=75 | SourceName=Sensor3 | EventType=application
[2026-08-15 16:19:21.894 (UTC)] info/application	[Sensor] Updated distance: 22.69453151742673 cm | Severity=75 | SourceName=Sensor3 | EventType=application
[2026-08-15 16:19:22.895 (UTC)] info/application	[Sensor] Updated distance: 6.882423373350139 cm | Severity=75 | SourceName=Sensor3 | EventType=application
[2026-08-15 16:19:23.897 (UTC)] info/application	[Sensor] Updated distance: 42.64767878160238 cm | Severity=75 | SourceName=Sensor3 | EventType=application
[2026-08-15 16:19:24.899 (UTC)] info/application	[Sensor] Updated distance: 41.35724661096802 cm | Severity=75 | SourceName=Sensor3 | EventType=application
[2026-08-15 16:19:25.901 (UTC)] info/application	[Sensor] Updated distance: 7.2411743724910425 cm | Severity=75 | SourceName=Sensor3 | EventType=application
[2026-08-15 16:19:26.893 (UTC)] info/application	[Sensor] Updated distance: 14.296957222883103 cm | Severity=75 | SourceName=Sensor3 | EventType=application
[2026-08-15 16:19:27.895 (UTC)] info/application	[Sensor] Updated distance: 8.42437728048506 cm | Severity=75 | SourceName=Sensor3 | EventType=application
[2026-08-15 16:19:28.897 (UTC)] info/application	[Sensor] Updated distance: 2.39197107422723 cm | Severity=75 | SourceName=Sensor3 | EventType=application
[2026-08-15 16:19:29.899 (UTC)] info/application	[Sensor] Updated distance: 8.510760302893239 cm | Severity=75 | SourceName=Sensor3 | EventType=application
[2026-08-15 16:19:30.901 (UTC)] info/application	[Sensor] Updated distance: 26.941566955736636 cm | Severity=75 | SourceName=Sensor3 | EventType=application
[2026-08-15 16:19:31.893 (UTC)] info/application	[Sensor] Updated distance: 13.918345047122958 cm | Severity=75 | SourceName=Sensor3 | EventType=application
[2026-08-15 16:19:32.896 (UTC)] info/application	[Sensor] Updated distance: 29.38656075829014 cm | Severity=75 | SourceName=Sensor3 | EventType=application
[2026-08-15 16:19:33.899 (UTC)] info/application	[Sensor] Updated distance: 25.7271062767725 cm | Severity=75 | SourceName=Sensor3 | EventType=application
[2026-08-15 16:19:34.901 (UTC)] info/application	[Sensor] Updated distance: 12.148936350899252 cm | Severity=75 | SourceName=Sensor3 | EventType=application
[2026-08-15 16:19:35.894 (UTC)] info/application	[Sensor] Updated distance: 24.465523678094858 cm | Severity=75 | SourceName=Sensor3 | EventType=application
[2026-08-15 16:19:36.896 (UTC)] info/application	[Sensor] Updated distance: 9.619694273741773 cm | Severity=75 | SourceName=Sensor3 | EventType=application
[2026-08-15 16:19:37.048 (UTC)] info/session	[System] TCP 17	| SC 2	| Session "ns=1;g=ed34f7e3-7264-eba9-e98e-f8bfc83c83f8"	| WriteRequest returned status code BadUserAccessDenied | Severity=75 | SourceName=System | EventType=session
[2026-08-15 16:19:37.898 (UTC)] info/application	[Sensor] Updated distance: 29.964852577058995 cm | Severity=75 | SourceName=Sensor3 | EventType=application
[2026-08-15 16:19:38.900 (UTC)] info/application	[Sensor] Updated distance: 10.256791357070576 cm | Severity=75 | SourceName=Sensor3 | EventType=application
[2026-08-15 16:19:39.903 (UTC)] info/application	[Sensor] Updated distance: 25.661973815253923 cm | Severity=75 | SourceName=Sensor3 | EventType=application
[2026-08-15 16:19:40.895 (UTC)] info/application	[Sensor] Updated distance: 10.662882473628446 cm | Severity=75 | SourceName=Sensor3 | EventType=application
[2026-08-15 16:19:41.898 (UTC)] info/application	[Sensor] Updated distance: 17.324705168290393 cm | Severity=75 | SourceName=Sensor3 | EventType=application
[2026-08-15 16:19:42.901 (UTC)] info/application	[Sensor] Updated distance: 42.266699109350654 cm | Severity=75 | SourceName=Sensor3 | EventType=application
[2026-08-15 16:19:43.893 (UTC)] info/application	[Sensor] Updated distance: 21.672673383575244 cm | Severity=75 | SourceName=Sensor3 | EventType=application
[2026-08-15 16:19:44.895 (UTC)] info/application	[Sensor] Updated distance: 2.954707131234327 cm | Severity=75 | SourceName=Sensor3 | EventType=application
[2026-08-15 16:19:45.897 (UTC)] info/application	[Sensor] Updated distance: 14.384391335949482 cm | Severity=75 | SourceName=Sensor3 | EventType=application
[2026-08-15 16:19:46.899 (UTC)] info/application	[Sensor] Updated distance: 21.465271124367263 cm | Severity=75 | SourceName=Sensor3 | EventType=application
[2026-08-15 16:19:47.901 (UTC)] info/application	[Sensor] Updated distance: 2.240111954622023 cm | Severity=75 | SourceName=Sensor3 | EventType=application
[2026-08-15 16:19:48.893 (UTC)] info/application	[Sensor] Updated distance: 5.84100011169957 cm | Severity=75 | SourceName=Sensor3 | EventType=application
[2026-08-15 16:19:49.896 (UTC)] info/application	[Sensor] Updated distance: 24.2312219246436 cm | Severity=75 | SourceName=Sensor3 | EventType=application
[2026-08-15 16:19:50.899 (UTC)] info/application	[Sensor] Updated distance: 41.82730235523884 cm | Severity=75 | SourceName=Sensor3 | EventType=application
[2026-08-15 16:19:51.900 (UTC)] info/application	[Sensor] Updated distance: 19.52911315929569 cm | Severity=75 | SourceName=Sensor3 | EventType=application
[2026-08-15 16:19:52.902 (UTC)] info/application	[Sensor] Updated distance: 44.92575346442207 cm | Severity=75 | SourceName=Sensor3 | EventType=application
[2026-08-15 16:19:53.893 (UTC)] info/application	[Sensor] Updated distance: 46.70972572858898 cm | Severity=75 | SourceName=Sensor3 | EventType=application
[2026-08-15 16:19:54.895 (UTC)] info/application	[Sensor] Updated distance: 12.17679191854633 cm | Severity=75 | SourceName=Sensor3 | EventType=application
[2026-08-15 16:19:55.897 (UTC)] info/application	[Sensor] Updated distance: 36.28300005303835 cm | Severity=75 | SourceName=Sensor3 | EventType=application
[2026-08-15 16:19:56.900 (UTC)] info/application	[Sensor] Updated distance: 3.9509001010800247 cm | Severity=75 | SourceName=Sensor3 | EventType=application
[2026-08-15 16:19:57.893 (UTC)] info/application	[Sensor] Updated distance: 24.473749141429433 cm | Severity=75 | SourceName=Sensor3 | EventType=application
[2026-08-15 16:19:58.896 (UTC)] info/application	[Sensor] Updated distance: 42.70737733352341 cm | Severity=75 | SourceName=Sensor3 | EventType=application
[2026-08-15 16:19:59.898 (UTC)] info/application	[Sensor] Updated distance: 4.342871175307255 cm | Severity=75 | SourceName=Sensor3 | EventType=application
[2026-08-15 16:20:00.901 (UTC)] info/application	[Sensor] Updated distance: 30.984509444322672 cm | Severity=75 | SourceName=Sensor3 | EventType=application
[2026-08-15 16:20:01.894 (UTC)] info/application	[Sensor] Updated distance: 19.64894426690831 cm | Severity=75 | SourceName=Sensor3 | EventType=application
[2026-08-15 16:20:02.896 (UTC)] info/application	[Sensor] Updated distance: 16.261216222430214 cm | Severity=75 | SourceName=Sensor3 | EventType=application
[2026-08-15 16:20:03.897 (UTC)] info/application	[Sensor] Updated distance: 10.371070202612817 cm | Severity=75 | SourceName=Sensor3 | EventType=application
[2026-08-15 16:20:04.899 (UTC)] info/application	[Sensor] Updated distance: 43.37605054368081 cm | Severity=75 | SourceName=Sensor3 | EventType=application
[2026-08-15 16:20:05.900 (UTC)] info/application	[Sensor] Updated distance: 26.410152595681208 cm | Severity=75 | SourceName=Sensor3 | EventType=application
[2026-08-15 16:20:06.893 (UTC)] info/application	[Sensor] Updated distance: 32.836593880707674 cm | Severity=75 | SourceName=Sensor3 | EventType=application
[2026-08-15 16:20:07.895 (UTC)] info/application	[Sensor] Updated distance: 2.9957447950708422 cm | Severity=75 | SourceName=Sensor3 | EventType=application
[2026-08-15 16:20:08.897 (UTC)] info/application	[Sensor] Updated distance: 6.375005150388462 cm | Severity=75 | SourceName=Sensor3 | EventType=application
[2026-08-15 16:20:09.899 (UTC)] info/application	[Sensor] Updated distance: 41.09338523777825 cm | Severity=75 | SourceName=Sensor3 | EventType=application
[2026-08-15 16:20:10.901 (UTC)] info/application	[Sensor] Updated distance: 26.657718610324764 cm | Severity=75 | SourceName=Sensor3 | EventType=application
[2026-08-15 16:20:11.893 (UTC)] info/application	[Sensor] Updated distance: 15.03788762401691 cm | Severity=75 | SourceName=Sensor3 | EventType=application
[2026-08-15 16:20:12.895 (UTC)] info/application	[Sensor] Updated distance: 8.418090383716901 cm | Severity=75 | SourceName=Sensor3 | EventType=application
[2026-08-15 16:20:13.897 (UTC)] info/application	[Sensor] Updated distance: 18.92441769732368 cm | Severity=75 | SourceName=Sensor3 | EventType=application
[2026-08-15 16:20:14.899 (UTC)] info/application	[Sensor] Updated distance: 34.7105610299439 cm | Severity=75 | SourceName=Sensor3 | EventType=application
[2026-08-15 16:20:15.901 (UTC)] info/application	[Sensor] Updated distance: 9.372797514951227 cm | Severity=75 | SourceName=Sensor3 | EventType=application
[2026-08-15 16:20:16.893 (UTC)] info/application	[Sensor] Updated distance: 31.308809033273164 cm | Severity=75 | SourceName=Sensor3 | EventType=application
[2026-08-15 16:20:17.895 (UTC)] info/application	[Sensor] Updated distance: 6.175832131959419 cm | Severity=75 | SourceName=Sensor3 | EventType=application
[2026-08-15 16:20:18.895 (UTC)] info/application	[Sensor] Updated distance: 9.61290946957325 cm | Severity=75 | SourceName=Sensor3 | EventType=application
[2026-08-15 16:20:19.897 (UTC)] info/application	[Sensor] Updated distance: 35.149809144972735 cm | Severity=75 | SourceName=Sensor3 | EventType=application
[2026-08-15 16:20:20.079 (UTC)] info/session	[System] TCP 17	| SC 2	| Session "ns=1;g=ed34f7e3-7264-eba9-e98e-f8bfc83c83f8"	| Closing the Session | Severity=75 | SourceName=System | 