[2026-08-16 00:42:06.185 (UTC+0800)] [33mwarn/server[0m	AccessControl: Unconfigured AccessControl. Users have all permissions.
[2026-08-16 00:42:06.185 (UTC+0800)] [32minfo/server[0m	AccessControl: Anonymous login is enabled
[2026-08-16 00:42:06.185 (UTC+0800)] [33mwarn/server[0m	x509 Certificate Authentication configured, but no encrypting SecurityPolicy. This can leak credentials on the network.
[2026-08-16 00:42:06.221 (UTC+0800)] [33mwarn/application[0m	ServerUrls already set. Overriding.
[2026-08-16 00:42:06.221 (UTC+0800)] [33mwarn/server[0m	AccessControl: Unconfigured AccessControl. Users have all permissions.
[2026-08-16 00:42:06.221 (UTC+0800)] [32minfo/server[0m	AccessControl: Anonymous login is enabled
[2026-08-16 00:42:06.221 (UTC+0800)] [33mwarn/server[0m	x509 Certificate Authentication configured, but no encrypting SecurityPolicy. This can leak credentials on the network.
[2026-08-16 00:42:06.221 (UTC+0800)] [33mwarn/server[0m	x509 Certificate Authentication configured, but no encrypting SecurityPolicy. This can leak credentials on the network.
[2026-08-15 16:42:06.221 (UTC)] info/application	Sensor Server online (Client/Server mode, id=1 port=4842) | Severity=75 | SourceName=Sensor | EventType=application
Entering background polling mode: attempting to connect to Aggregation Server...
Connected successfully. Log forwarding started.
[2026-08-15 16:42:06.247 (UTC)] info/network	[System] TCP 16	| Connection opened from "127.0.0.1" via the server socket 8 | Severity=75 | SourceName=System | EventType=network
[2026-08-15 16:42:06.247 (UTC)] info/channel	[System] TCP 16	| SC 1	| SecureChannel created | Severity=75 | SourceName=System | EventType=channel
[2026-08-15 16:42:06.267 (UTC)] info/channel	[System] TCP 16	| SC 1	| OpenSecureChannel: Channel opened with SecurityMode None for SecurityPolicy http://opcfoundation.org/UA/SecurityPolicy#None and a revised lifetime of 600.0s | Severity=75 | SourceName=System | EventType=channel
[2026-08-15 16:42:06.774 (UTC)] warn/client	[System] Removing a UserTokenPolicy that would allow the password to be transmitted without encryption (Can be enabled via config->allowNonePolicyPassword) | Severity=175 | SourceName=System | EventType=client
[2026-08-15 16:42:06.774 (UTC)] warn/client	[System] Removing a UserTokenPolicy that would allow the password to be transmitted without encryption (Can be enabled via config->allowNonePolicyPassword) | Severity=175 | SourceName=System | EventType=client
[2026-08-15 16:42:06.785 (UTC)] warn/client	[System] Removing a UserTokenPolicy that would allow the password to be transmitted without encryption (Can be enabled via config->allowNonePolicyPassword) | Severity=175 | SourceName=System | EventType=client
[2026-08-15 16:42:06.785 (UTC)] warn/client	[System] Removing a UserTokenPolicy that would allow the password to be transmitted without encryption (Can be enabled via config->allowNonePolicyPassword) | Severity=175 | SourceName=System | EventType=client
[2026-08-15 16:42:06.785 (UTC)] info/session	[System] TCP 16	| SC 1	| Session "ns=1;g=d9e5c9bd-d519-95e1-57a5-0a20d3cd8ca8"	| Session created | Severity=75 | SourceName=System | EventType=session
[2026-08-15 16:42:06.796 (UTC)] info/session	[System] TCP 16	| SC 1	| Session "ns=1;g=d9e5c9bd-d519-95e1-57a5-0a20d3cd8ca8"	| ActivateSession: Session activated with ClientUserId "" | Severity=75 | SourceName=System | EventType=session
[2026-08-15 16:42:08.817 (UTC)] info/application	[Sensor] Updated distance: 17.538384757721044 cm | Severity=75 | SourceName=Sensor | EventType=application
[2026-08-15 16:42:08.817 (UTC)] info/session	[System] TCP 16	| SC 1	| Session "ns=1;g=d9e5c9bd-d519-95e1-57a5-0a20d3cd8ca8"	| Subscription 1 | Subscription created (Publishing interval 500.0ms, max 1000 notifications per publish) | Severity=75 | SourceName=System | EventType=session
[2026-08-15 16:42:08.817 (UTC)] info/network	[System] TCP 17	| Connection opened from "127.0.0.1" via the server socket 8 | Severity=75 | SourceName=System | EventType=network
[2026-08-15 16:42:08.817 (UTC)] info/channel	[System] TCP 17	| SC 2	| SecureChannel created | Severity=75 | SourceName=System | EventType=channel
[2026-08-15 16:42:08.838 (UTC)] info/channel	[System] TCP 17	| SC 2	| OpenSecureChannel: Channel opened with SecurityMode None for SecurityPolicy http://opcfoundation.org/UA/SecurityPolicy#None and a revised lifetime of 600.0s | Severity=75 | SourceName=System | EventType=channel
[2026-08-15 16:42:08.858 (UTC)] warn/client	[System] Removing a UserTokenPolicy that would allow the password to be transmitted without encryption (Can be enabled via config->allowNonePolicyPassword) | Severity=175 | SourceName=System | EventType=client
[2026-08-15 16:42:08.858 (UTC)] warn/client	[System] Removing a UserTokenPolicy that would allow the password to be transmitted without encryption (Can be enabled via config->allowNonePolicyPassword) | Severity=175 | SourceName=System | EventType=client
[2026-08-15 16:42:08.868 (UTC)] warn/client	[System] Removing a UserTokenPolicy that would allow the password to be transmitted without encryption (Can be enabled via config->allowNonePolicyPassword) | Severity=175 | SourceName=System | EventType=client
[2026-08-15 16:42:08.869 (UTC)] warn/client	[System] Removing a UserTokenPolicy that would allow the password to be transmitted without encryption (Can be enabled via config->allowNonePolicyPassword) | Severity=175 | SourceName=System | EventType=client
[2026-08-15 16:42:08.869 (UTC)] info/session	[System] TCP 17	| SC 2	| Session "ns=1;g=ddf05b36-f7e3-0e09-91d9-edfe75479439"	| Session created | Severity=75 | SourceName=System | EventType=session
[2026-08-15 16:42:08.879 (UTC)] info/session	[System] TCP 17	| SC 2	| Session "ns=1;g=ddf05b36-f7e3-0e09-91d9-edfe75479439"	| ActivateSession: Session activated with ClientUserId "" | Severity=75 | SourceName=System | EventType=session
[2026-08-15 16:42:09.266 (UTC)] info/session	[System] TCP 17	| SC 2	| Session "ns=1;g=ddf05b36-f7e3-0e09-91d9-edfe75479439"	| Subscription 2 | Subscription created (Publishing interval 500.0ms, max 1000 notifications per publish) | Severity=75 | SourceName=System | EventType=session
[2026-08-15 16:42:09.286 (UTC)] info/session	[System] TCP 17	| SC 2	| Session "ns=1;g=ddf05b36-f7e3-0e09-91d9-edfe75479439"	| Subscription 2 | MonitoredItem 1 | Created the MonitoredItem (Sampling Interval: 250.0ms, Queue Size: 1) | Severity=75 | SourceName=System | EventType=session
[2026-08-15 16:42:09.823 (UTC)] info/application	[Sensor] Updated distance: 6.56627573285544 cm | Severity=75 | SourceName=Sensor | EventType=application
[2026-08-15 16:42:10.826 (UTC)] info/application	[Sensor] Updated distance: 13.58182658794421 cm | Severity=75 | SourceName=Sensor | EventType=application
[2026-08-15 16:42:11.819 (UTC)] info/application	[Sensor] Updated distance: 13.393047129452716 cm | Severity=75 | SourceName=Sensor | EventType=application
[2026-08-15 16:42:12.822 (UTC)] info/application	[Sensor] Updated distance: 9.409435707800759 cm | Severity=75 | SourceName=Sensor | EventType=application
[2026-08-15 16:42:13.824 (UTC)] info/application	[Sensor] Updated distance: 44.52127560718044 cm | Severity=75 | SourceName=Sensor | EventType=application
[2026-08-15 16:42:14.817 (UTC)] info/application	[Sensor] Updated distance: 2.7891774628260997 cm | Severity=75 | SourceName=Sensor | EventType=application
[2026-08-15 16:42:15.819 (UTC)] info/application	[Sensor] Updated distance: 9.889052163757874 cm | Severity=75 | SourceName=Sensor | EventType=application
[2026-08-15 16:42:16.822 (UTC)] info/application	[Sensor] Updated distance: 24.863831739343624 cm | Severity=75 | SourceName=Sensor | EventType=application
[2026-08-15 16:42:17.824 (UTC)] info/application	[Sensor] Updated distance: 37.837365122436246 cm | Severity=75 | SourceName=Sensor | EventType=application
[2026-08-15 16:42:18.817 (UTC)] info/application	[Sensor] Updated distance: 48.0821513748179 cm | Severity=75 | SourceName=Sensor | EventType=application
[2026-08-15 16:42:19.820 (UTC)] info/application	[Sensor] Updated distance: 46.588202035328464 cm | Severity=75 | SourceName=Sensor | EventType=application
[2026-08-15 16:42:20.822 (UTC)] info/application	[Sensor] Updated distance: 36.55550524711399 cm | Severity=75 | SourceName=Sensor | EventType=application
[2026-08-15 16:42:21.825 (UTC)] info/application	[Sensor] Updated distance: 48.24815713532649 cm | Severity=75 | SourceName=Sensor | EventType=application
[2026-08-15 16:42:22.817 (UTC)] info/application	[Sensor] Updated distance: 36.32004802037032 cm | Severity=75 | SourceName=Sensor | EventType=application
[2026-08-15 16:42:23.819 (UTC)] info/application	[Sensor] Updated distance: 39.80927510085016 cm | Severity=75 | SourceName=Sensor | EventType=application
[2026-08-15 16:42:24.822 (UTC)] info/application	[Sensor] Updated distance: 49.642399467361344 cm | Severity=75 | SourceName=Sensor | EventType=application
[2026-08-15 16:42:25.823 (UTC)] info/application	[Sensor] Updated distance: 2.868814975427843 cm | Severity=75 | SourceName=Sensor | EventType=application
[2026-08-15 16:42:26.825 (UTC)] info/application	[Sensor] Updated distance: 6.897159854367915 cm | Severity=75 | SourceName=Sensor | EventType=application
[2026-08-15 16:42:27.818 (UTC)] info/application	[Sensor] Updated distance: 26.87634251680055 cm | Severity=75 | SourceName=Sensor | EventType=application
[2026-08-15 16:42:28.822 (UTC)] info/application	[Sensor] Updated distance: 32.59108545565562 cm | Severity=75 | SourceName=Sensor | EventType=application
[2026-08-15 16:42:29.825 (UTC)] info/application	[Sensor] Updated distance: 4.993621440135698 cm | Severity=75 | SourceName=Sensor | EventType=application
[2026-08-15 16:42:30.818 (UTC)] info/application	[Sensor] Updated distance: 10.727265011857853 cm | Severity=75 | SourceName=Sensor | EventType=application
[2026-08-15 16:42:31.820 (UTC)] info/application	[Sensor] Updated distance: 32.52113225987233 cm | Severity=75 | SourceName=Sensor | EventType=application
[2026-08-15 16:42:32.823 (UTC)] info/application	[Sensor] Updated distance: 44.82253866401619 cm | Severity=75 | SourceName=Sensor | EventType=application
[2026-08-15 16:42:33.826 (UTC)] info/application	[Sensor] Updated distance: 27.788715739636082 cm | Severity=75 | SourceName=Sensor | EventType=application
[2026-08-15 16:42:34.819 (UTC)] info/application	[Sensor] Updated distance: 46.141014179280496 cm | Severity=75 | SourceName=Sensor | EventType=application
[2026-08-15 16:42:35.821 (UTC)] info/application	[Sensor] Updated distance: 48.27479102382193 cm | Severity=75 | SourceName=Sensor | EventType=application
[2026-08-15 16:42:36.824 (UTC)] info/application	[Sensor] Updated distance: 8.841604750064018 cm | Severity=75 | SourceName=Sensor | EventType=application
[2026-08-15 16:42:37.825 (UTC)] info/application	[Sensor] Updated distance: 2.659077763864341 cm | Severity=75 | SourceName=Sensor | EventType=application
[2026-08-15 16:42:38.817 (UTC)] info/application	[Sensor] Updated distance: 26.474141072702658 cm | Severity=75 | SourceName=Sensor | EventType=application
[2026-08-15 16:42:39.820 (UTC)] info/application	[Sensor] Updated distance: 24.379989507785062 cm | Severity=75 | SourceName=Sensor | EventType=application
[2026-08-15 16:42:40.821 (UTC)] info/application	[Sensor] Updated distance: 7.225353496719782 cm | Severity=75 | SourceName=Sensor | EventType=application
[2026-08-15 16:42:41.823 (UTC)] info/application	[Sensor] Updated distance: 38.05596766064687 cm | Severity=75 | SourceName=Sensor | EventType=application
[2026-08-15 16:42:42.817 (UTC)] info/application	[Sensor] Updated distance: 35.77303663723777 cm | Severity=75 | SourceName=Sensor | EventType=application
[2026-08-15 16:42:43.820 (UTC)] info/application	[Sensor] Updated distance: 14.63478920452054 cm | Severity=75 | SourceName=Sensor | EventType=application
[2026-08-15 16:42:44.824 (UTC)] info/application	[Sensor] Updated distance: 32.57724324547557 cm | Severity=75 | SourceName=Sensor | EventType=application
[2026-08-15 16:42:45.817 (UTC)] info/application	[Sensor] Updated distance: 36.562214100063876 cm | Severity=75 | SourceName=Sensor | EventType=application
[2026-08-15 16:42:46.822 (UTC)] info/application	[Sensor] Updated distance: 22.523841390630157 cm | Severity=75 | SourceName=Sensor | EventType=application
[2026-08-15 16:42:47.825 (UTC)] info/application	[Sensor] Updated distance: 7.441074984819197 cm | Severity=75 | SourceName=Sensor | EventType=application
[2026-08-15 16:42:48.818 (UTC)] info/application	[Sensor] Updated distance: 24.399579222500126 cm | Severity=75 | SourceName=Sensor | EventType=application
[2026-08-15 16:42:49.820 (UTC)] info/application	[Sensor] Updated distance: 20.60599274309631 cm | Severity=75 | SourceName=Sensor | EventType=application
[2026-08-15 16:42:50.822 (UTC)] info/application	[Sensor] Updated distance: 4.0292769977959235 cm | Severity=75 | SourceName=Sensor | EventType=application
[2026-08-15 16:42:51.824 (UTC)] info/application	[Sensor] Updated distance: 10.955084447262381 cm | Severity=75 | SourceName=Sensor | EventType=application
[2026-08-15 16:42:52.827 (UTC)] info/application	[Sensor] Updated distance: 18.854149856071057 cm | Severity=75 | SourceName=Sensor | EventType=application
[2026-08-15 16:42:53.819 (UTC)] info/application	[Sensor] Updated distance: 38.34932501816625 cm | Severity=75 | SourceName=Sensor | EventType=application
[2026-08-15 16:42:54.822 (UTC)] info/application	[Sensor] Updated distance: 48.764359548112544 cm | Severity=75 | SourceName=Sensor | EventType=application
[2026-08-15 16:42:55.824 (UTC)] info/application	[Sensor] Updated distance: 18.49654930108066 cm | Severity=75 | SourceName=Sensor | EventType=application
[2026-08-15 16:42:56.817 (UTC)] info/application	[Sensor] Updated distance: 39.218140015945835 cm | Severity=75 | SourceName=Sensor | EventType=application
[2026-08-15 16:42:57.820 (UTC)] info/application	[Sensor] Updated distance: 5.661519380128718 cm | Severity=75 | SourceName=Sensor | EventType=application
[2026-08-15 16:42:58.824 (UTC)] info/application	[Sensor] Updated distance: 43.37289184023295 cm | Severity=75 | SourceName=Sensor | EventType=application
[2026-08-15 16:42:59.817 (UTC)] info/application	[Sensor] Updated distance: 21.809225449249716 cm | Severity=75 | SourceName=Sensor | EventType=application
[2026-08-15 16:43:00.820 (UTC)] info/application	[Sensor] Updated distance: 8.655140842616158 cm | Severity=75 | SourceName=Sensor | EventType=application
[2026-08-15 16:43:01.822 (UTC)] info/application	[Sensor] Updated distance: 4.1001568297390625 cm | Severity=75 | SourceName=Sensor | EventType=application
[2026-08-15 16:43:02.825 (UTC)] info/application	[Sensor] Updated distance: 4.330357709122056 cm | Severity=75 | SourceName=Sensor | EventType=application
[2026-08-15 16:43:03.817 (UTC)] info/application	[Sensor] Updated distance: 3.4776794842806082 cm | Severity=75 | SourceName=Sensor | EventType=application
[2026-08-15 16:43:04.820 (UTC)] info/application	[Sensor] Updated distance: 29.888872591726887 cm | Severity=75 | SourceName=Sensor | EventType=application
[2026-08-15 16:43:05.823 (UTC)] info/application	[Sensor] Updated distance: 48.47137188840255 cm | Severity=75 | SourceName=Sensor | EventType=application
[2026-08-15 16:43:06.826 (UTC)] info/application	[Sensor] Updated distance: 49.75247050810255 cm | Severity=75 | SourceName=Sensor | EventType=application
[2026-08-15 16:43:07.819 (UTC)] info/application	[Sensor] Updated distance: 36.7304773417909 cm | Severity=75 | SourceName=Sensor | EventType=application
[2026-08-15 16:43:08.821 (UTC)] info/application	[Sensor] Updated distance: 49.13044967461864 cm | Severity=75 | SourceName=Sensor | EventType=application
[2026-08-15 16:43:09.823 (UTC)] info/application	[Sensor] Updated distance: 26.226611558453463 cm | Severity=75 | SourceName=Sensor | EventType=application
[2026-08-15 16:43:10.825 (UTC)] info/application	[Sensor] Updated distance: 11.110466827224226 cm | Severity=75 | SourceName=Sensor | EventType=application
[2026-08-15 16:43:11.817 (UTC)] info/application	[Sensor] Updated distance: 6.35580314898668 cm | Severity=75 | SourceName=Sensor | EventType=application
[2026-08-15 16:43:12.821 (UTC)] info/application	[Sensor] Updated distance: 14.282579196748593 cm | Severity=75 | SourceName=Sensor | EventType=application
[2026-08-15 16:43:13.823 (UTC)] info/application	[Sensor] Updated distance: 44.883503464462 cm | Severity=75 | SourceName=Sensor | EventType=application
[2026-08-15 16:43:14.826 (UTC)] info/application	[Sensor] Updated distance: 18.990592375858963 cm | Severity=75 | SourceName=Sensor | EventType=application
[2026-08-15 16:43:15.817 (UTC)] info/application	[Sensor] Updated distance: 44.859822442224164 cm | Severity=75 | SourceName=Sensor | EventType=application
[2026-08-15 16:43:16.820 (UTC)] info/application	[Sensor] Updated distance: 31.44571754217414 cm | Severity=75 | SourceName=Sensor | EventType=application
[2026-08-15 16:43:17.823 (UTC)] info/application	[Sensor] Updated distance: 39.51443376648912 cm | Severity=75 | SourceName=Sensor | EventType=application
[2026-08-15 16:43:18.825 (UTC)] info/application	[Sensor] Updated distance: 2.3008974046916224 cm | Severity=75 | SourceName=Sensor | EventType=application
[2026-08-15 16:43:19.818 (UTC)] info/application	[Sensor] Updated distance: 5.845296742322526 cm | Severity=75 | SourceName=Sensor | EventType=application
[2026-08-15 16:43:20.821 (UTC)] info/application	[Sensor] Updated distance: 10.120426487233688 cm | Severity=75 | SourceName=Sensor | EventType=application
[2026-08-15 16:43:21.824 (UTC)] info/application	[Sensor] Updated distance: 4.330174424839287 cm | Severity=75 | SourceName=Sensor | EventType=application
[2026-08-15 16:43:22.826 (UTC)] info/application	[Sensor] Updated distance: 14.80038118958491 cm | Severity=75 | SourceName=Sensor | EventType=application
[2026-08-15 16:43:23.818 (UTC)] info/application	[Sensor] Updated distance: 26.974576343304744 cm | Severity=75 | SourceName=Sensor | EventType=application
[2026-08-15 16:43:24.820 (UTC)] info/application	[Sensor] Updated distance: 40.67949944300553 cm | Severity=75 | SourceName=Sensor | EventType=application
[2026-08-15 16:43:25.822 (UTC)] info/application	[Sensor] Updated distance: 13.564740737697454 cm | Severity=75 | SourceName=Sensor | EventType=application
[2026-08-15 16:43:26.825 (UTC)] info/application	[Sensor] Updated distance: 43.471125666737144 cm | Severity=75 | SourceName=Sensor | EventType=application
[2026-08-15 16:43:27.819 (UTC)] info/application	[Sensor] Updated distance: 29.89763943659963 cm | Severity=75 | SourceName=Sensor | EventType=application
[2026-08-15 16:43:28.822 (UTC)] info/application	[Sensor] Updated distance: 17.226260117826172 cm | Severity=75 | SourceName=Sensor | EventType=application
[2026-08-15 16:43:29.824 (UTC)] info/application	[Sensor] Updated distance: 36.844017484618355 cm | Severity=75 | SourceName=Sensor | EventType=application
[2026-08-15 16:43:30.826 (UTC)] info/application	[Sensor] Updated distance: 49.70686490820109 cm | Severity=75 | SourceName=Sensor | EventType=application
[2026-08-15 16:43:31.817 (UTC)] info/application	[Sensor] Updated distance: 23.88140096044233 cm | Severity=75 | SourceName=Sensor | EventType=application
[2026-08-15 16:43:32.819 (UTC)] info/application	[Sensor] Updated distance: 38.94417431435742 cm | Severity=75 | SourceName=Sensor | EventType=application
[2026-08-15 16:43:33.821 (UTC)] info/application	[Sensor] Updated distance: 4.037222594971406 cm | Severity=75 | SourceName=Sensor | EventType=application
[2026-08-15 16:43:34.824 (UTC)] info/application	[Sensor] Updated distance: 25.359080444722938 cm | Severity=75 | SourceName=Sensor | EventType=application
[2026-08-15 16:43:35.826 (UTC)] info/application	[Sensor] Updated distance: 18.833046883732568 cm | Severity=75 | SourceName=Sensor | EventType=application
[2026-08-15 16:43:36.818 (UTC)] info/application	[Sensor] Updated distance: 2.5085944610222217 cm | Severity=75 | SourceName=Sensor | EventType=application
[2026-08-15 16:43:37.820 (UTC)] info/application	[Sensor] Updated distance: 25.111550930473744 cm | Severity=75 | SourceName=Sensor | EventType=application
[2026-08-15 16:43:38.822 (UTC)] info/application	[Sensor] Updated distance: 5.563524203171732 cm | Severity=75 | SourceName=Sensor | EventType=application
[2026-08-15 16:43:39.825 (UTC)] info/application	[Sensor] Updated distance: 49.63904413564086 cm | Severity=75 | SourceName=Sensor | EventType=application
[2026-08-15 16:43:40.817 (UTC)] info/application	[Sensor] Updated distance: 49.3381624889272 cm | Severity=75 | SourceName=Sensor | EventType=application
[2026-08-15 16:43:41.820 (UTC)] info/application	[Sensor] Updated distance: 14.673991030395957 cm | Severity=75 | SourceName=Sensor | EventType=application
[2026-08-15 16:43:42.823 (UTC)] info/application	[Sensor] Updated distance: 5.994847284627541 cm | Severity=75 | SourceName=Sensor | EventType=application
[2026-08-15 16:43:43.826 (UTC)] info/application	[Sensor] Updated distance: 13.62074166332406 cm | Severity=75 | SourceName=Sensor | EventType=application
[2026-08-15 16:43:44.819 (UTC)] info/application	[Sensor] Updated distance: 9.557494472506221 cm | Severity=75 | SourceName=Sensor | EventType=application
[2026-08-15 16:43:45.822 (UTC)] info/application	[Sensor] Updated distance: 22.985439660486502 cm | Severity=75 | SourceName=Sensor | EventType=application
[2026-08-15 16:43:46.824 (UTC)] info/application	[Sensor] Updated distance: 8.480564105548227 cm | Severity=75 | SourceName=Sensor | EventType=application
[2026-08-15 16:43:47.827 (UTC)] info/application	[Sensor] Updated distance: 39.0032120370321 cm | Severity=75 | SourceName=Sensor | EventType=application
[2026-08-15 16:43:48.819 (UTC)] info/application	[Sensor] Updated distance: 12.49987340462388 cm | Severity=75 | SourceName=Sensor | EventType=application
[2026-08-15 16:43:49.822 (UTC)] info/application	[Sensor] Updated distance: 8.781461510239849 cm | Severity=75 | SourceName=Sensor | EventType=application
[2026-08-15 16:43:50.824 (UTC)] info/application	[Sensor] Updated distance: 42.84850877935463 cm | Severity=75 | SourceName=Sensor | EventType=application
[2026-08-15 16:43:51.826 (UTC)] info/application	[Sensor] Updated distance: 20.62029989185757 cm | Severity=75 | SourceName=Sensor | EventType=application
[2026-08-15 16:43:52.818 (UTC)] info/application	[Sensor] Updated distance: 11.111635935079136 cm | Severity=75 | SourceName=Sensor | EventType=application
[2026-08-15 16:43:53.820 (UTC)] info/application	[Sensor] Updated distance: 7.64888996893954 cm | Severity=75 | SourceName=Sensor | EventType=application
[2026-08-15 16:43:54.822 (UTC)] info/application	[Sensor] Updated distance: 45.59487623516231 cm | Severity=75 | SourceName=Sensor | EventType=application
[2026-08-15 16:43:55.825 (UTC)] info/application	[Sensor] Updated distance: 49.79113540043641 cm | Severity=75 | SourceName=Sensor | EventType=application
[2026-08-15 16:43:56.817 (UTC)] info/application	[Sensor] Updated distance: 19.213630706636994 cm | Severity=75 | SourceName=Sensor | EventType=application
[2026-08-15 16:43:57.819 (UTC)] info/application	[Sensor] Updated distance: 39.06600187954772 cm | Severity=75 | SourceName=Sensor | EventType=application
[2026-08-15 16:43:58.822 (UTC)] info/application	[Sensor] Updated distance: 29.688774814684304 cm | Severity=75 | SourceName=Sensor | EventType=application
[2026-08-15 16:43:59.825 (UTC)] info/application	[Sensor] Updated distance: 34.43989082446316 cm | Severity=75 | SourceName=Sensor | EventType=application
[2026-08-15 16:44:00.818 (UTC)] info/application	[Sensor] Updated distance: 25.91001934181434 cm | Severity=75 | SourceName=Sensor | EventType=application
[2026-08-15 16:44:01.822 (UTC)] info/application	[Sensor] Updated distance: 29.395639700533653 cm | Severity=75 | SourceName=Sensor | EventType=application
[2026-08-15 16:44:02.825 (UTC)] info/application	[Sensor] Updated distance: 8.321291784905497 cm | Severity=75 | SourceName=Sensor | EventType=application
[2026-08-15 16:44:03.817 (UTC)] info/application	[Sensor] Updated distance: 14.854193656171761 cm | Severity=75 | SourceName=Sensor | EventType=application
[2026-08-15 16:44:04.820 (UTC)] info/application	[Sensor] Updated distance: 31.43286229550506 cm | Severity=75 | SourceName=Sensor | EventType=application
[2026-08-15 16:44:05.821 (UTC)] info/application	[Sensor] Updated distance: 31.680372229628436 cm | Severity=75 | SourceName=Sensor | EventType=application
[2026-08-15 16:44:06.824 (UTC)] info/application	[Sensor] Updated distance: 31.68724053990433 cm | Severity=75 | SourceName=Sensor | EventType=application
[2026-08-15 16:44:07.826 (UTC)] info/application	[Sensor] Updated distance: 31.941456778879022 cm | Severity=75 | SourceName=Sensor | EventType=application
[2026-08-15 16:44:08.817 (UTC)] info/application	[Sensor] Updated distance: 6.791923160102183 cm | Severity=75 | SourceName=Sensor | EventType=application
[2026-08-15 16:44:09.819 (UTC)] info/application	[Sensor] Updated distance: 35.2507647654278 cm | Severity=75 | SourceName=Sensor | EventType=application
[2026-08-15 16:44:10.821 (UTC)] info/application	[Sensor] Updated distance: 31.580500892168143 cm | Severity=75 | SourceName=Sensor | EventType=application
[2026-08-15 16:44:11.823 (UTC)] info/application	[Sensor] Updated distance: 6.13008562667765 cm | Severity=75 | SourceName=Sensor | EventType=application
[2026-08-15 16:44:12.825 (UTC)] info/application	[Sensor] Updated distance: 47.924755795823756 cm | Severity=75 | SourceName=Sensor | EventType=application
[2026-08-15 16:44:13.818 (UTC)] info/application	[Sensor] Updated distance: 35.575348176795686 cm | Severity=75 | SourceName=Sensor | EventType=application
[2026-08-15 16:44:14.821 (UTC)] info/application	[Sensor] Updated distance: 17.75082731235345 cm | Severity=75 | SourceName=Sensor | EventType=application
[2026-08-15 16:44:15.824 (UTC)] info/application	[Sensor] Updated distance: 7.482250268329983 cm | Severity=75 | SourceName=Sensor | EventType=application
[2026-08-15 16:44:16.817 (UTC)] info/application	[Sensor] Updated distance: 8.560787814930448 cm | Severity=75 | SourceName=Sensor | EventType=application
[2026-08-15 16:44:17.820 (UTC)] info/application	[Sensor] Updated distance: 24.23139141790168 cm | Severity=75 | SourceName=Sensor | EventType=application
[2026-08-15 16:44:18.823 (UTC)] info/application	[Sensor] Updated distance: 44.485462305362084 cm | Severity=75 | SourceName=Sensor | EventType=application
[2026-08-15 16:44:19.826 (UTC)] info/application	[Sensor] Updated distance: 19.06066121955433 cm | Severity=75 | SourceName=Sensor | EventType=application
[2026-08-15 16:44:20.819 (UTC)] info/application	[Sensor] Updated distance: 31.012852928141527 cm | Severity=75 | SourceName=Sensor | EventType=application
[2026-08-15 16:44:21.822 (UTC)] info/application	[Sensor] Updated distance: 37.333971062364974 cm | Severity=75 | SourceName=Sensor | EventType=application
[2026-08-15 16:44:22.825 (UTC)] info/application	[Sensor] Updated distance: 37.6809611114119 cm | Severity=75 | SourceName=Sensor | EventType=application
[2026-08-15 16:44:23.817 (UTC)] info/application	[Sensor] Updated distance: 40.124488885572404 cm | Severity=75 | SourceName=Sensor | EventType=application
[2026-08-15 16:44:24.820 (UTC)] info/application	[Sensor] Updated distance: 42.98286103130451 cm | Severity=75 | SourceName=Sensor | EventType=application
[2026-08-15 16:44:25.823 (UTC)] info/application	[Sensor] Updated distance: 33.275837346574214 cm | Severity=75 | SourceName=Sensor | EventType=application
[2026-08-15 16:44:26.826 (UTC)] info/application	[Sensor] Updated distance: 39.91562426365708 cm | Severity=75 | SourceName=Sensor | EventType=application
[2026-08-15 16:44:27.819 (UTC)] info/application	[Sensor] Updated distance: 12.196491715589767 cm | Severity=75 | SourceName=Sensor | EventType=application
[2026-08-15 16:44:28.821 (UTC)] info/application	[Sensor] Updated distance: 22.341839203770196 cm | Severity=75 | SourceName=Sensor | EventType=application
[2026-08-15 16:44:29.824 (UTC)] info/application	[Sensor] Updated distance: 19.604399055989646 cm | Severity=75 | SourceName=Sensor | EventType=application
[2026-08-15 16:44:30.817 (UTC)] info/application	[Sensor] Updated distance: 44.63638256240468 cm | Severity=75 | SourceName=Sensor | EventType=application
[2026-08-15 16:44:31.819 (UTC)] info/application	[Sensor] Updated distance: 46.251858567936274 cm | Severity=75 | SourceName=Sensor | EventType=application
[2026-08-15 16:44:32.822 (UTC)] info/application	[Sensor] Updated distance: 47.00003877887504 cm | Severity=75 | SourceName=Sensor | EventType=application
[2026-08-15 16:44:33.825 (UTC)] info/application	[Sensor] Updated distance: 2.9576743249584334 cm | Severity=75 | SourceName=Sensor | EventType=application
[2026-08-15 16:44:34.817 (UTC)] info/application	[Sensor] Updated distance: 11.1060522017563 cm | Severity=75 | SourceName=Sensor | EventType=application
[2026-08-15 16:44:35.819 (UTC)] info/application	[Sensor] Updated distance: 28.43290105202836 cm | Severity=75 | SourceName=Sensor | EventType=application
[2026-08-15 16:44:36.821 (UTC)] info/application	[Sensor] Updated distance: 32.63804655458687 cm | Severity=75 | SourceName=Sensor | EventType=application
[2026-08-15 16:44:37.824 (UTC)] info/application	[Sensor] Updated distance: 40.79329274166063 cm | Severity=75 | SourceName=Sensor | EventType=application
[2026-08-15 16:44:38.817 (UTC)] info/application	[Sensor] Updated distance: 10.374357808555642 cm | Severity=75 | SourceName=Sensor | EventType=application
[2026-08-15 16:44:39.819 (UTC)] info/application	[Sensor] Updated distance: 37.42996971468905 cm | Severity=75 | SourceName=Sensor | EventType=application
[2026-08-15 16:44:40.821 (UTC)] info/application	[Sensor] Updated distance: 26.04405748473669 cm | Severity=75 | SourceName=Sensor | EventType=application
[2026-08-15 16:44:41.822 (UTC)] info/application	[Sensor] Updated distance: 39.954858723075525 cm | Severity=75 | SourceName=Sensor | EventType=application
[2026-08-15 16:44:42.824 (UTC)] info/application	[Sensor] Updated distance: 41.56005536371844 cm | Severity=75 | SourceName=Sensor | EventType=application
[2026-08-15 16:44:43.826 (UTC)] info/application	[Sensor] Updated distance: 23.968813280560454 cm | Severity=75 | SourceName=Sensor | EventType=application
[2026-08-15 16:44:44.817 (UTC)] info/application	[Sensor] Updated distance: 25.530206877519472 cm | Severity=75 | SourceName=Sensor | EventType=application
[2026-08-15 16:44:45.820 (UTC)] info/application	[Sensor] Updated distance: 9.310882653720157 cm | Severity=75 | SourceName=Sensor | EventType=application
[2026-08-15 16:44:46.822 (UTC)] info/application	[Sensor] Updated distance: 29.451063548890435 cm | Severity=75 | SourceName=Sensor | EventType=application
[2026-08-15 16:44:47.824 (UTC)] info/application	[Sensor] Updated distance: 32.09099471480166 cm | Severity=75 | SourceName=Sensor | EventType=application
[2026-08-15 16:44:48.826 (UTC)] info/application	[Sensor] Updated distance: 31.542274071621833 cm | Severity=75 | SourceName=Sensor | EventType=application
[2026-08-15 16:44:49.818 (UTC)] info/application	[Sensor] Updated distance: 23.93652583190078 cm | Severity=75 | SourceName=Sensor | EventType=application
[2026-08-15 16:44:50.820 (UTC)] info/application	[Sensor] Updated distance: 49.15165593435599 cm | Severity=75 | SourceName=Sensor | EventType=application
[2026-08-15 16:44:51.824 (UTC)] info/application	[Sensor] Updated distance: 12.555126977411623 cm | Severity=75 | SourceName=Sensor | EventType=application
[2026-08-15 16:44:52.817 (UTC)] info/application	[Sensor] Updated distance: 11.270496871914014 cm | Severity=75 | SourceName=Sensor | EventType=application
[2026-08-15 16:44:53.822 (UTC)] info/application	[Sensor] Updated distance: 36.83261704576789 cm | Severity=75 | SourceName=Sensor | EventType=application
[2026-08-15 16:44:54.825 (UTC)] info/application	[Sensor] Updated distance: 2.6796158406322896 cm | Severity=75 | SourceName=Sensor | EventType=application
[2026-08-15 16:44:55.817 (UTC)] info/application	[Sensor] Updated distance: 4.253357903218529 cm | Severity=75 | SourceName=Sensor | EventType=application
[2026-08-15 16:44:56.820 (UTC)] info/application	[Sensor] Updated distance: 20.108454369990366 cm | Severity=75 | SourceName=Sensor | EventType=application
[2026-08-15 16:44:57.822 (UTC)] info/application	[Sensor] Updated distance: 40.59524010428937 cm | Severity=75 | SourceName=Sensor | EventType=application
[2026-08-15 16:44:58.825 (UTC)] info/application	[Sensor] Updated distance: 14.449849618808296 cm | Severity=75 | SourceName=Sensor | EventType=application
[2026-08-15 16:44:59.817 (UTC)] info/application	[Sensor] Updated distance: 40.45029357376056 cm | Severity=75 | SourceName=Sensor | EventType=application
[2026-08-15 16:45:00.819 (UTC)] info/application	[Sensor] Updated distance: 10.199639160279016 cm | Severity=75 | SourceName=Sensor | EventType=application
[2026-08-15 16:45:01.822 (UTC)] info/application	[Sensor] Updated distance: 9.08623215886123 cm | Severity=75 | SourceName=Sensor | EventType=application
[2026-08-15 16:45:02.823 (UTC)] info/application	[Sensor] Updated distance: 36.7021521193451 cm | Severity=75 | SourceName=Sensor | EventType=application
[2026-08-15 16:45:03.826 (UTC)] info/application	[Sensor] Updated distance: 7.199677916802315 cm | Severity=75 | SourceName=Sensor | EventType=application
[2026-08-15 16:45:04.818 (UTC)] info/application	[Sensor] Updated distance: 10.043906483819665 cm | Severity=75 | SourceName=Sensor | EventType=application
[2026-08-15 16:45:05.820 (UTC)] info/application	[Sensor] Updated distance: 45.8082043211014 cm | Severity=75 | SourceName=Sensor | EventType=application
[2026-08-15 16:45:06.822 (UTC)] info/application	[Sensor] Updated distance: 33.63257896883067 cm | Severity=75 | SourceName=Sensor | EventType=application
[2026-08-15 16:45:07.825 (UTC)] info/application	[Sensor] Updated distance: 40.681953060758275 cm | Severity=75 | SourceName=Sensor | EventType=application
[2026-08-15 16:45:08.826 (UTC)] info/application	[Sensor] Updated distance: 36.60149706276203 cm | Severity=75 | SourceName=Sensor | EventType=application
[2026-08-15 16:45:09.820 (UTC)] info/application	[Sensor] Updated distance: 42.00693679973806 cm | Severity=75 | SourceName=Sensor | EventType=application
[2026-08-15 16:45:10.824 (UTC)] info/application	[Sensor] Updated distance: 28.11192275309559 cm | Severity=75 | SourceName=Sensor | EventType=application
[2026-08-15 16:45:11.818 (UTC)] info/application	[Sensor] Updated distance: 12.645554525146984 cm | Severity=75 | SourceName=Sensor | EventType=application
[2026-08-15 16:45:12.821 (UTC)] info/application	[Sensor] Updated distance: 31.961795500461847 cm | Severity=75 | SourceName=Sensor | EventType=application
[2026-08-15 16:45:13.823 (UTC)] info/application	[Sensor] Updated distance: 19.671978094462293 cm | Severity=75 | SourceName=Sensor | EventType=application
[2026-08-15 16:45:14.825 (UTC)] info/application	[Sensor] Updated distance: 34.61436780570744 cm | Severity=75 | SourceName=Sensor | EventType=application
[2026-08-15 16:45:15.826 (UTC)] info/application	[Sensor] Updated distance: 7.492002355629579 cm | Severity=75 | SourceName=Sensor | EventType=application
[2026-08-15 16:45:16.818 (UTC)] info/application	[Sensor] Updated distance: 26.98286074818245 cm | Severity=75 | SourceName=Sensor | EventType=application
[2026-08-15 16:45:17.820 (UTC)] info/application	[Sensor] Updated distance: 14.065431332246135 cm | Severity=75 | SourceName=Sensor | EventType=application
[2026-08-15 16:45:18.822 (UTC)] info/application	[Sensor] Updated distance: 37.58299707043124 cm | Severity=75 | SourceName=Sensor | EventType=application
[2026-08-15 16:45:19.824 (UTC)] info/application	[Sensor] Updated distance: 8.525134797452544 cm | Severity=75 | SourceName=Sensor | EventType=application
[2026-08-15 16:45:20.817 (UTC)] info/application	[Sensor] Updated distance: 36.001957164146916 cm | Severity=75 | SourceName=Sensor | EventType=application
[2026-08-15 16:45:21.821 (UTC)] info/application	[Sensor] Updated distance: 36.73465300478723 cm | Severity=75 | SourceName=Sensor | EventType=application
[2026-08-15 16:45:22.824 (UTC)] info/application	[Sensor] Updated distance: 19.08026179721591 cm | Severity=75 | SourceName=Sensor | EventType=application
[2026-08-15 16:45:23.826 (UTC)] info/application	[Sensor] Updated distance: 45.27245405841267 cm | Severity=75 | SourceName=Sensor | EventType=application
[2026-08-15 16:45:24.817 (UTC)] info/application	[Sensor] Updated distance: 23.567270028203385 cm | Severity=75 | SourceName=Sensor | EventType=application
[2026-08-15 16:45:25.819 (UTC)] info/application	[Sensor] Updated distance: 19.7598776378482 cm | Severity=75 | SourceName=Sensor | EventType=application
[2026-08-15 16:45:26.820 (UTC)] info/application	[Sensor] Updated distance: 47.5258119616312 cm | Severity=75 | SourceName=Sensor | EventType=application
[2026-08-15 16:45:27.822 (UTC)] info/application	[Sensor] Updated distance: 41.67572439819375 cm | Severity=75 | SourceName=Sensor | EventType=application
[2026-08-15 16:45:28.826 (UTC)] info/application	[Sensor] Updated distance: 10.355117742137573 cm | Severity=75 | SourceName=Sensor | EventType=application
[2026-08-15 16:45:29.819 (UTC)] info/application	[Sensor] Updated distance: 11.975661558087758 cm | Severity=75 | SourceName=Sensor | EventType=application
[2026-08-15 16:45:30.822 (UTC)] info/application	[Sensor] Updated distance: 32.12601794960257 cm | Severity=75 | SourceName=Sensor | EventType=application
[2026-08-15 16:45:31.825 (UTC)] info/application	[Sensor] Updated distance: 18.55475690241659 cm | Severity=75 | SourceName=Sensor | EventType=application
[2026-08-15 16:45:32.818 (UTC)] info/application	[Sensor] Updated distance: 19.06189373930073 cm | Severity=75 | SourceName=Sensor | EventType=application
[2026-08-15 16:45:33.823 (UTC)] info/application	[Sensor] Updated distance: 18.828170068947678 cm | Severity=75 | SourceName=Sensor | EventType=application
[2026-08-15 16:45:34.826 (UTC)] info/application	[Sensor] Updated distance: 23.754434819218904 cm | Severity=75 | SourceName=Sensor | EventType=application
[2026-08-15 16:45:35.817 (UTC)] info/application	[Sensor] Updated distance: 27.105800223120394 cm | Severity=75 | SourceName=Sensor | EventType=application
[2026-08-15 16:45:36.821 (UTC)] info/application	[Sensor] Updated distance: 14.636374367697337 cm | Severity=75 | SourceName=Sensor | EventType=application
[2026-08-15 16:45:37.824 (UTC)] info/application	[Sensor] Updated distance: 7.387013765697839 cm | Severity=75 | SourceName=Sensor | EventType=application
[2026-08-15 16:45:38.817 (UTC)] info/application	[Sensor] Updated distance: 17.78775326152693 cm | Severity=75 | SourceName=Sensor | EventType=application
[2026-08-15 16:45:39.820 (UTC)] info/application	[Sensor] Updated distance: 49.23787143045937 cm | Severity=75 | SourceName=Sensor | EventType=application
[2026-08-15 16:45:40.823 (UTC)] info/application	[Sensor] Updated distance: 47.3939505654359 cm | Severity=75 | SourceName=Sensor | EventType=application
[2026-08-15 16:45:41.826 (UTC)] info/application	[Sensor] Updated distance: 43.89967603697426 cm | Severity=75 | SourceName=Sensor | EventType=application
[2026-08-15 16:45:42.819 (UTC)] info/application	[Sensor] Updated distance: 11.883425955606358 cm | Severity=75 | SourceName=Sensor | EventType=application
[2026-08-15 16:45:43.822 (UTC)] info/application	[Sensor] Updated distance: 29.355746043546006 cm | Severity=75 | SourceName=Sensor | EventType=application
[2026-08-15 16:45:44.825 (UTC)] info/application	[Sensor] Updated distance: 13.571654109084816 cm | Severity=75 | SourceName=Sensor | EventType=application
[2026-08-15 16:45:45.817 (UTC)] info/application	[Sensor] Updated distance: 44.497793761313794 cm | Severity=75 | SourceName=Sensor | EventType=application
[2026-08-15 16:45:46.821 (UTC)] info/application	[Sensor] Updated distance: 34.84774842152733 cm | Severity=75 | SourceName=Sensor | EventType=application
[2026-08-15 16:45:47.823 (UTC)] info/application	[Sensor] Updated distance: 38.554514879619006 cm | Severity=75 | SourceName=Sensor | EventType=application
[2026-08-15 16:45:48.826 (UTC)] info/application	[Sensor] Updated distance: 8.563225093559932 cm | Severity=75 | SourceName=Sensor | EventType=application
[2026-08-15 16:45:49.817 (UTC)] info/application	[Sensor] Updated distance: 22.430745469606826 cm | Severity=75 | SourceName=Sensor | EventType=application
[2026-08-15 16:45:50.820 (UTC)] info/application	[Sensor] Updated distance: 45.07964967707156 cm | Severity=75 | SourceName=Sensor | EventType=application
[2026-08-15 16:45:51.822 (UTC)] info/application	[Sensor] Updated distance: 42.565182257706844 cm | Severity=75 | SourceName=Sensor | EventType=application
[2026-08-15 16:45:52.823 (UTC)] info/application	[Sensor] Updated distance: 9.165398452042322 cm | Severity=75 | SourceName=Sensor | EventType=application
[2026-08-15 16:45:53.825 (UTC)] info/application	[Sensor] Updated distance: 14.159911451935725 cm | Severity=75 | SourceName=Sensor | EventType=application
[2026-08-15 16:45:54.818 (UTC)] info/application	[Sensor] Updated distance: 37.83763629376778 cm | Severity=75 | SourceName=Sensor | EventType=application
[2026-08-15 16:45:55.822 (UTC)] info/application	[Sensor] Updated distance: 30.732668480245707 cm | Severity=75 | SourceName=Sensor | EventType=application
[2026-08-15 16:45:56.825 (UTC)] info/application	[Sensor] Updated distance: 31.919789112135668 cm | Severity=75 | SourceName=Sensor | EventType=application
[2026-08-15 16:45:57.818 (UTC)] info/application	[Sensor] Updated distance: 35.363448233047244 cm | Severity=75 | SourceName=Sensor | EventType=application
[2026-08-15 16:45:58.821 (UTC)] info/application	[Sensor] Updated distance: 22.40839285608772 cm | Severity=75 | SourceName=Sensor | EventType=application
[2026-08-15 16:45:59.824 (UTC)] info/application	[Sensor] Updated distance: 40.27490685427324 cm | Severity=75 | SourceName=Sensor | EventType=application
[2026-08-15 16:46:00.826 (UTC)] info/application	[Sensor] Updated distance: 45.33910981348674 cm | Severity=75 | SourceName=Sensor | EventType=application
[2026-08-15 16:46:01.818 (UTC)] info/application	[Sensor] Updated distance: 4.534410805690293 cm | Severity=75 | SourceName=Sensor | EventType=application
[2026-08-15 16:46:02.819 (UTC)] info/application	[Sensor] Updated distance: 8.829663734338089 cm | Severity=75 | SourceName=Sensor | EventType=application
[2026-08-15 16:46:03.822 (UTC)] info/application	[Sensor] Updated distance: 14.40100353043573 cm | Severity=75 | SourceName=Sensor | EventType=application
[2026-08-15 16:46:04.824 (UTC)] info/application	[Sensor] Updated distance: 21.36258087463797 cm | Severity=75 | SourceName=Sensor | EventType=application
[2026-08-15 16:46:05.825 (UTC)] info/application	[Sensor] Updated distance: 30.584098553556995 cm | Severity=75 | SourceName=Sensor | EventType=application
[2026-08-15 16:46:06.817 (UTC)] info/application	[Sensor] Updated distance: 39.50680375355613 cm | Severity=75 | SourceName=Sensor | EventType=application
[2026-08-15 16:46:07.819 (UTC)] info/application	[Sensor] Updated distance: 33.99895524233531 cm | Severity=75 | SourceName=Sensor | EventType=application
[2026-08-15 16:46:08.821 (UTC)] info/application	[Sensor] Updated distance: 35.971112319254836 cm | Severity=75 | SourceName=Sensor | EventType=application
[2026-08-15 16:46:09.822 (UTC)] info/application	[Sensor] Updated distance: 7.294557015083058 cm | Severity=75 | SourceName=Sensor | EventType=application
[2026-08-15 16:46:10.825 (UTC)] info/application	[Sensor] Updated distance: 33.23682667279468 cm | Severity=75 | SourceName=Sensor | EventType=application
[2026-08-15 16:46:11.817 (UTC)] info/application	[Sensor] Updated distance: 33.36506288469073 cm | Severity=75 | SourceName=Sensor | EventType=application
[2026-08-15 16:46:12.820 (UTC)] info/application	[Sensor] Updated distance: 49.19423305205732 cm | Severity=75 | SourceName=Sensor | EventType=application
[2026-08-15 16:46:13.822 (UTC)] info/application	[Sensor] Updated distance: 43.12025262840104 cm | Severity=75 | SourceName=Sensor | EventType=application
[2026-08-15 16:46:14.824 (UTC)] info/application	[Sensor] Updated distance: 12.720808905884999 cm | Severity=75 | SourceName=Sensor | EventType=application
[2026-08-15 16:46:15.826 (UTC)] info/application	[Sensor] Updated distance: 12.765887138790397 cm | Severity=75 | SourceName=Sensor | EventType=application
[2026-08-15 16:46:16.818 (UTC)] info/application	[Sensor] Updated distance: 37.61804636736309 cm | Severity=75 | SourceName=Sensor | EventType=application
[2026-08-15 16:46:17.819 (UTC)] info/application	[Sensor] Updated distance: 45.56855732741233 cm | Severity=75 | SourceName=Sensor | EventType=application
[2026-08-15 16:46:18.820 (UTC)] info/application	[Sensor] Updated distance: 49.3204020184094 cm | Severity=75 | SourceName=Sensor | EventType=application
[2026-08-15 16:46:19.822 (UTC)] info/application	[Sensor] Updated distance: 44.18127146092302 cm | Severity=75 | SourceName=Sensor | EventType=application
[2026-08-15 16:46:20.823 (UTC)] info/application	[Sensor] Updated distance: 17.999302797019155 cm | Severity=75 | SourceName=Sensor | EventType=application
[2026-08-15 16:46:21.825 (UTC)] info/application	[Sensor] Updated distance: 44.40005169548096 cm | Severity=75 | SourceName=Sensor | EventType=application
[2026-08-15 16:46:22.826 (UTC)] info/application	[Sensor] Updated distance: 36.74645371862987 cm | Severity=75 | SourceName=Sensor | EventType=application
[2026-08-15 16:46:23.818 (UTC)] info/application	[Sensor] Updated distance: 25.164701249061476 cm | Severity=75 | SourceName=Sensor | EventType=application
[2026-08-15 16:46:24.819 (UTC)] info/application	[Sensor] Updated distance: 8.559963125064952 cm | Severity=75 | SourceName=Sensor | EventType=application
[2026-08-15 16:46:25.821 (UTC)] info/application	[Sensor] Updated distance: 24.584089990045914 cm | Severity=75 | SourceName=Sensor | EventType=application
[2026-08-15 16:46:26.822 (UTC)] info/application	[Sensor] Updated distance: 5.8973697293071865 cm | Severity=75 | SourceName=Sensor | EventType=application
[2026-08-15 16:46:27.824 (UTC)] info/application	[Sensor] Updated distance: 38.47975223720062 cm | Severity=75 | SourceName=Sensor | EventType=application
[2026-08-15 16:46:28.825 (UTC)] info/application	[Sensor] Updated distance: 9.94753822309316 cm | Severity=75 | SourceName=Sensor | EventType=application
[2026-08-15 16:46:29.817 (UTC)] info/application	[Sensor] Updated distance: 26.305762585394906 cm | Severity=75 | SourceName=Sensor | EventType=application
[2026-08-15 16:46:30.818 (UTC)] info/application	[Sensor] Updated distance: 28.75465906912212 cm | Severity=75 | SourceName=Sensor | EventType=application
[2026-08-15 16:46:31.820 (UTC)] info/application	[Sensor] Updated distance: 5.286648014228161 cm | Severity=75 | SourceName=Sensor | EventType=application
[2026-08-15 16:46:32.822 (UTC)] info/application	[Sensor] Updated distance: 28.840173391085198 cm | Severity=75 | SourceName=Sensor | EventType=application
[2026-08-15 16:46:33.824 (UTC)] info/application	[Sensor] Updated distance: 35.58432280346021 cm | Severity=75 | SourceName=Sensor | EventType=application
[2026-08-15 16:46:34.826 (UTC)] info/application	[Sensor] Updated distance: 17.687651544663893 cm | Severity=75 | SourceName=Sensor | EventType=application
[2026-08-15 16:46:35.818 (UTC)] info/application	[Sensor] Updated distance: 48.202754265723165 cm | Severity=75 | SourceName=Sensor | EventType=application
[2026-08-15 16:46:36.819 (UTC)] info/application	[Sensor] Updated distance: 16.168421334665464 cm | Severity=75 | SourceName=Sensor | EventType=application
[2026-08-15 16:46:37.820 (UTC)] info/application	[Sensor] Updated distance: 7.194455275868277 cm | Severity=75 | SourceName=Sensor | EventType=application
[2026-08-15 16:46:38.823 (UTC)] info/application	[Sensor] Updated distance: 32.20170950805848 cm | Severity=75 | SourceName=Sensor | EventType=application
[2026-08-15 16:46:39.817 (UTC)] info/application	[Sensor] Updated distance: 2.1395336539202994 cm | Severity=75 | SourceName=Sensor | EventType=application
[2026-08-15 16:46:40.820 (UTC)] info/application	[Sensor] Updated distance: 12.489012290951335 cm | Severity=75 | SourceName=Sensor | EventType=application
[2026-08-15 16:46:41.823 (UTC)] info/application	[Sensor] Updated distance: 15.43853615850142 cm | Severity=75 | SourceName=Sensor | EventType=application
[2026-08-15 16:46:42.825 (UTC)] info/application	[Sensor] Updated distance: 33.50459653861103 cm | Severity=75 | SourceName=Sensor | EventType=application
[2026-08-15 16:46:43.817 (UTC)] info/application	[Sensor] Updated distance: 11.683245320656916 cm | Severity=75 | SourceName=Sensor | EventType=application
[2026-08-15 16:46:44.818 (UTC)] info/application	[Sensor] Updated distance: 8.558788764550718 cm | Severity=75 | SourceName=Sensor | EventType=application
[2026-08-15 16:46:45.820 (UTC)] info/application	[Sensor] Updated distance: 44.22540544449603 cm | Severity=75 | SourceName=Sensor | EventType=application
[2026-08-15 16:46:46.822 (UTC)] info/application	[Sensor] Updated distance: 22.449132481799055 cm | Severity=75 | SourceName=Sensor | EventType=application
[2026-08-15 16:46:47.824 (UTC)] info/application	[Sensor] Updated distance: 44.17683513191381 cm | Severity=75 | SourceName=Sensor | EventType=application
[2026-08-15 16:46:48.826 (UTC)] info/application	[Sensor] Updated distance: 39.79396277190836 cm | Severity=75 | SourceName=Sensor | EventType=application
[2026-08-15 16:46:49.819 (UTC)] info/application	[Sensor] Updated distance: 21.769534477856723 cm | Severity=75 | SourceName=Sensor | EventType=application
[2026-08-15 16:46:50.820 (UTC)] info/application	[Sensor] Updated distance: 38.35810659283684 cm | Severity=75 | SourceName=Sensor | EventType=application
[2026-08-15 16:46:51.823 (UTC)] info/application	[Sensor] Updated distance: 7.793265546575777 cm | Severity=75 | SourceName=Sensor | EventType=application
[2026-08-15 16:46:52.825 (UTC)] info/application	[Sensor] Updated distance: 16.16958615098595 cm | Severity=75 | SourceName=Sensor | EventType=application
[2026-08-15 16:46:53.817 (UTC)] info/application	[Sensor] Updated distance: 25.104560289114975 cm | Severity=75 | SourceName=Sensor | EventType=application
[2026-08-15 16:46:54.820 (UTC)] info/application	[Sensor] Updated distance: 30.957966795637255 cm | Severity=75 | SourceName=Sensor | EventType=application
[2026-08-15 16:46:55.822 (UTC)] info/application	[Sensor] Updated distance: 22.72954929840264 cm | Severity=75 | SourceName=Sensor | EventType=application
[2026-08-15 16:46:56.823 (UTC)] info/application	[Sensor] Updated distance: 47.68865027916089 cm | Severity=75 | SourceName=Sensor | EventType=application
[2026-08-15 16:46:57.827 (UTC)] info/application	[Sensor] Updated distance: 34.85533652494444 cm | Severity=75 | SourceName=Sensor | EventType=application
[2026-08-15 16:46:58.821 (UTC)] info/application	[Sensor] Updated distance: 11.209301513251523 cm | Severity=75 | SourceName=Sensor | EventType=application
[2026-08-15 16:46:59.823 (UTC)] info/application	[Sensor] Updated distance: 7.6361884799023105 cm | Severity=75 | SourceName=Sensor | EventType=application
[2026-08-15 16:47:00.817 (UTC)] info/application	[Sensor] Updated distance: 11.161099110339348 cm | Severity=75 | SourceName=Sensor | EventType=application
[2026-08-15 16:47:01.820 (UTC)] info/application	[Sensor] Updated distance: 37.963960604725386 cm | Severity=75 | SourceName=Sensor | EventType=application
[2026-08-15 16:47:02.823 (UTC)] info/application	[Sensor] Updated distance: 10.922836494130472 cm | Severity=75 | SourceName=Sensor | EventType=application
[2026-08-15 16:47:03.825 (UTC)] info/application	[Sensor] Updated distance: 38.001272501424545 cm | Severity=75 | SourceName=Sensor | EventType=application
[2026-08-15 16:47:04.818 (UTC)] info/application	[Sensor] Updated distance: 23.548283385833855 cm | Severity=75 | SourceName=Sensor | EventType=application
[2026-08-15 16:47:05.820 (UTC)] info/application	[Sensor] Updated distance: 26.610488038794365 cm | Severity=75 | SourceName=Sensor | EventType=application
[2026-08-15 16:47:06.822 (UTC)] info/application	[Sensor] Updated distance: 36.20402676714772 cm | Severity=75 | SourceName=Sensor | EventType=application
[2026-08-15 16:47:07.825 (UTC)] info/application	[Sensor] Updated distance: 37.716704742851064 cm | Severity=75 | SourceName=Sensor | EventType=application
[2026-08-15 16:47:08.819 (UTC)] info/application	[Sensor] Updated distance: 31.804943337014382 cm | Severity=75 | SourceName=Sensor | EventType=application
[2026-08-15 16:47:09.822 (UTC)] info/application	[Sensor] Updated distance: 18.405736252854453 cm | Severity=75 | SourceName=Sensor | EventType=application
[2026-08-15 16:47:10.825 (UTC)] info/application	[Sensor] Updated distance: 37.85623839677136 cm | Severity=75 | SourceName=Sensor | EventType=application
[2026-08-15 16:47:11.817 (UTC)] info/application	[Sensor] Updated distance: 42.293955627965715 cm | Severity=75 | SourceName=Sensor | EventType=application
[2026-08-15 16:47:12.820 (UTC)] info/application	[Sensor] Updated distance: 31.844272411355874 cm | Severity=75 | SourceName=Sensor | EventType=application
[2026-08-15 16:47:13.823 (UTC)] info/application	[Sensor] Updated distance: 21.360834913030654 cm | Severity=75 | SourceName=Sensor | EventType=application
[2026-08-15 16:47:14.826 (UTC)] info/application	[Sensor] Updated distance: 3.9772009486226367 cm | Severity=75 | SourceName=Sensor | EventType=application
[2026-08-15 16:47:15.819 (UTC)] info/application	[Sensor] Updated distance: 38.40306117590659 cm | Severity=75 | SourceName=Sensor | EventType=application
[2026-08-15 16:47:16.821 (UTC)] info/application	[Sensor] Updated distance: 15.586240335174947 cm | Severity=75 | SourceName=Sensor | EventType=ap