[2026-08-17 03:51:20.832 (UTC+0800)] [33mwarn/server[0m	AccessControl: Unconfigured AccessControl. Users have all permissions.
[2026-08-17 03:51:20.832 (UTC+0800)] [32minfo/server[0m	AccessControl: Anonymous login is enabled
[2026-08-17 03:51:20.832 (UTC+0800)] [33mwarn/server[0m	x509 Certificate Authentication configured, but no encrypting SecurityPolicy. This can leak credentials on the network.
[2026-08-17 03:51:20.870 (UTC+0800)] [33mwarn/application[0m	ServerUrls already set. Overriding.
[2026-08-17 03:51:20.870 (UTC+0800)] [33mwarn/server[0m	AccessControl: Unconfigured AccessControl. Users have all permissions.
[2026-08-17 03:51:20.870 (UTC+0800)] [32minfo/server[0m	AccessControl: Anonymous login is enabled
[2026-08-17 03:51:20.870 (UTC+0800)] [33mwarn/server[0m	x509 Certificate Authentication configured, but no encrypting SecurityPolicy. This can leak credentials on the network.
[2026-08-17 03:51:20.870 (UTC+0800)] [33mwarn/server[0m	x509 Certificate Authentication configured, but no encrypting SecurityPolicy. This can leak credentials on the network.
[2026-08-16 19:51:20.870 (UTC)] info/application	Sensor Server online (Client/Server mode, id=2 port=4843) | Severity=75 | SourceName=Sensor2 | EventType=application
Entering background polling mode: attempting to connect to Aggregation Server...
Connected successfully. Log forwarding started.
[2026-08-16 19:51:21.878 (UTC)] info/application	[Sensor] Updated distance: 27.1458083901768 cm | Severity=75 | SourceName=Sensor2 | EventType=application
[2026-08-16 19:51:22.838 (UTC)] info/network	[System] TCP 16	| Connection opened from "127.0.0.1" via the server socket 8 | Severity=75 | SourceName=System | EventType=network
[2026-08-16 19:51:22.838 (UTC)] info/channel	[System] TCP 16	| SC 1	| SecureChannel created | Severity=75 | SourceName=System | EventType=channel
[2026-08-16 19:51:23.951 (UTC)] info/application	[Sensor] Updated distance: 27.2853785032804 cm | Severity=75 | SourceName=Sensor2 | EventType=application
[2026-08-16 19:51:23.972 (UTC)] info/channel	[System] TCP 16	| SC 1	| OpenSecureChannel: Channel opened with SecurityMode None for SecurityPolicy http://opcfoundation.org/UA/SecurityPolicy#None and a revised lifetime of 600.0s | Severity=75 | SourceName=System | EventType=channel
[2026-08-16 19:51:23.992 (UTC)] warn/client	[System] Removing a UserTokenPolicy that would allow the password to be transmitted without encryption (Can be enabled via config->allowNonePolicyPassword) | Severity=175 | SourceName=System | EventType=client
[2026-08-16 19:51:23.992 (UTC)] warn/client	[System] Removing a UserTokenPolicy that would allow the password to be transmitted without encryption (Can be enabled via config->allowNonePolicyPassword) | Severity=175 | SourceName=System | EventType=client
[2026-08-16 19:51:24.003 (UTC)] warn/client	[System] Removing a UserTokenPolicy that would allow the password to be transmitted without encryption (Can be enabled via config->allowNonePolicyPassword) | Severity=175 | SourceName=System | EventType=client
[2026-08-16 19:51:24.003 (UTC)] warn/client	[System] Removing a UserTokenPolicy that would allow the password to be transmitted without encryption (Can be enabled via config->allowNonePolicyPassword) | Severity=175 | SourceName=System | EventType=client
[2026-08-16 19:51:24.004 (UTC)] info/session	[System] TCP 16	| SC 1	| Session "ns=1;g=a746a728-ca55-886b-6546-54156146b48b"	| Session created | Severity=75 | SourceName=System | EventType=session
[2026-08-16 19:51:24.014 (UTC)] info/session	[System] TCP 16	| SC 1	| Session "ns=1;g=a746a728-ca55-886b-6546-54156146b48b"	| ActivateSession: Session activated with ClientUserId "" | Severity=75 | SourceName=System | EventType=session
[2026-08-16 19:51:24.399 (UTC)] info/session	[System] TCP 16	| SC 1	| Session "ns=1;g=a746a728-ca55-886b-6546-54156146b48b"	| Subscription 1 | Subscription created (Publishing interval 500.0ms, max 1000 notifications per publish) | Severity=75 | SourceName=System | EventType=session
[2026-08-16 19:51:24.420 (UTC)] info/session	[System] TCP 16	| SC 1	| Session "ns=1;g=a746a728-ca55-886b-6546-54156146b48b"	| Subscription 1 | MonitoredItem 1 | Created the MonitoredItem (Sampling Interval: 250.0ms, Queue Size: 1) | Severity=75 | SourceName=System | EventType=session
[2026-08-16 19:51:24.955 (UTC)] info/application	[Sensor] Updated distance: 28.6500890022843 cm | Severity=75 | SourceName=Sensor2 | EventType=application
[2026-08-16 19:51:25.955 (UTC)] info/application	[Sensor] Updated distance: 28.7213461309305 cm | Severity=75 | SourceName=Sensor2 | EventType=application
[2026-08-16 19:51:26.956 (UTC)] info/application	[Sensor] Updated distance: 28.0717225356827 cm | Severity=75 | SourceName=Sensor2 | EventType=application
[2026-08-16 19:51:27.956 (UTC)] info/application	[Sensor] Updated distance: 28.3399693688098 cm | Severity=75 | SourceName=Sensor2 | EventType=application
[2026-08-16 19:51:28.956 (UTC)] info/application	[Sensor] Updated distance: 28.8699159898655 cm | Severity=75 | SourceName=Sensor2 | EventType=application
[2026-08-16 19:51:29.955 (UTC)] info/application	[Sensor] Updated distance: 29.7075226105319 cm | Severity=75 | SourceName=Sensor2 | EventType=application
[2026-08-16 19:51:30.955 (UTC)] info/application	[Sensor] Updated distance: 30.2789345177724 cm | Severity=75 | SourceName=Sensor2 | EventType=application
[2026-08-16 19:51:31.955 (UTC)] info/application	[Sensor] Updated distance: 30.406437495447 cm | Severity=75 | SourceName=Sensor2 | EventType=application
[2026-08-16 19:51:32.955 (UTC)] info/application	[Sensor] Updated distance: 30.8202662688309 cm | Severity=75 | SourceName=Sensor2 | EventType=application
[2026-08-16 19:51:33.955 (UTC)] info/application	[Sensor] Updated distance: 30.1553079705477 cm | Severity=75 | SourceName=Sensor2 | EventType=application
[2026-08-16 19:51:34.955 (UTC)] info/application	[Sensor] Updated distance: 30.432905339139 cm | Severity=75 | SourceName=Sensor2 | EventType=application
[2026-08-16 19:51:35.955 (UTC)] info/application	[Sensor] Updated distance: 31.536854474124 cm | Severity=75 | SourceName=Sensor2 | EventType=application
[2026-08-16 19:51:36.956 (UTC)] info/application	[Sensor] Updated distance: 30.0773751198209 cm | Severity=75 | SourceName=Sensor2 | EventType=application
[2026-08-16 19:51:37.957 (UTC)] info/application	[Sensor] Updated distance: 31.5094573197465 cm | Severity=75 | SourceName=Sensor2 | EventType=application
[2026-08-16 19:51:38.957 (UTC)] info/application	[Sensor] Updated distance: 30.4743494205057 cm | Severity=75 | SourceName=Sensor2 | EventType=application
[2026-08-16 19:51:39.957 (UTC)] info/application	[Sensor] Updated distance: 29.5630757713518 cm | Severity=75 | SourceName=Sensor2 | EventType=application
[2026-08-16 19:51:40.958 (UTC)] info/application	[Sensor] Updated distance: 30.920995851709 cm | Severity=75 | SourceName=Sensor2 | EventType=application
[2026-08-16 19:51:41.959 (UTC)] info/application	[Sensor] Updated distance: 31.2223810726881 cm | Severity=75 | SourceName=Sensor2 | EventType=application
[2026-08-16 19:51:42.960 (UTC)] info/application	[Sensor] Updated distance: 30.7751526768669 cm | Severity=75 | SourceName=Sensor2 | EventType=application
[2026-08-16 19:51:43.960 (UTC)] info/application	[Sensor] Updated distance: 31.4538021979173 cm | Severity=75 | SourceName=Sensor2 | EventType=application
[2026-08-16 19:51:44.952 (UTC)] info/application	[Sensor] Updated distance: 32.3581397900629 cm | Severity=75 | SourceName=Sensor2 | EventType=application
[2026-08-16 19:51:45.961 (UTC)] info/application	[Sensor] Updated distance: 32.0584850982104 cm | Severity=75 | SourceName=Sensor2 | EventType=application
[2026-08-16 19:51:46.953 (UTC)] info/application	[Sensor] Updated distance: 31.4435888873151 cm | Severity=75 | SourceName=Sensor2 | EventType=application
[2026-08-16 19:51:47.953 (UTC)] info/application	[Sensor] Updated distance: 30.6798328727855 cm | Severity=75 | SourceName=Sensor2 | EventType=application
[2026-08-16 19:51:48.953 (UTC)] info/application	[Sensor] Updated distance: 30.7909758115611 cm | Severity=75 | SourceName=Sensor2 | EventType=application
[2026-08-16 19:51:49.954 (UTC)] info/application	[Sensor] Updated distance: 30.1865715725285 cm | Severity=75 | SourceName=Sensor2 | EventType=application
[2026-08-16 19:51:50.954 (UTC)] info/application	[Sensor] Updated distance: 30.1913252075628 cm | Severity=75 | SourceName=Sensor2 | EventType=application
[2026-08-16 19:51:51.954 (UTC)] info/application	[Sensor] Updated distance: 31.2059701821795 cm | Severity=75 | SourceName=Sensor2 | EventType=application
[2026-08-16 19:51:52.954 (UTC)] info/application	[Sensor] Updated distance: 30.6136895865731 cm | Severity=75 | SourceName=Sensor2 | EventType=application
[2026-08-16 19:51:53.954 (UTC)] info/application	[Sensor] Updated distance: 30.2642516103872 cm | Severity=75 | SourceName=Sensor2 | EventType=application
[2026-08-16 19:51:54.955 (UTC)] info/application	[Sensor] Updated distance: 29.9184666967105 cm | Severity=75 | SourceName=Sensor2 | EventType=application
[2026-08-16 19:51:55.955 (UTC)] info/application	[Sensor] Updated distance: 29.1908965987111 cm | Severity=75 | SourceName=Sensor2 | EventType=application
[2026-08-16 19:51:56.955 (UTC)] info/application	[Sensor] Updated distance: 30.4127157511714 cm | Severity=75 | SourceName=Sensor2 | EventType=application
[2026-08-16 19:51:57.955 (UTC)] info/application	[Sensor] Updated distance: 30.9173072422469 cm | Severity=75 | SourceName=Sensor2 | EventType=application
[2026-08-16 19:51:58.955 (UTC)] info/application	[Sensor] Updated distance: 31.9579839773746 cm | Severity=75 | SourceName=Sensor2 | EventType=application
[2026-08-16 19:51:59.956 (UTC)] info/application	[Sensor] Updated distance: 32.2097497508907 cm | Severity=75 | SourceName=Sensor2 | EventType=application
[2026-08-16 19:52:00.957 (UTC)] info/application	[Sensor] Updated distance: 32.0519478626325 cm | Severity=75 | SourceName=Sensor2 | EventType=application
[2026-08-16 19:52:01.957 (UTC)] info/application	[Sensor] Updated distance: 32.1640365036037 cm | Severity=75 | SourceName=Sensor2 | EventType=application
[2026-08-16 19:52:02.957 (UTC)] info/application	[Sensor] Updated distance: 31.0433052533973 cm | Severity=75 | SourceName=Sensor2 | EventType=application
[2026-08-16 19:52:03.958 (UTC)] info/application	[Sensor] Updated distance: 29.7993321371262 cm | Severity=75 | SourceName=Sensor2 | EventType=application
[2026-08-16 19:52:04.958 (UTC)] info/application	[Sensor] Updated distance: 30.7464624798142 cm | Severity=75 | SourceName=Sensor2 | EventType=application
[2026-08-16 19:52:05.959 (UTC)] info/application	[Sensor] Updated distance: 31.4033285995961 cm | Severity=75 | SourceName=Sensor2 | EventType=application
[2026-08-16 19:52:06.959 (UTC)] info/application	[Sensor] Updated distance: 32.7633046197068 cm | Severity=75 | SourceName=Sensor2 | EventType=application
[2026-08-16 19:52:07.960 (UTC)] info/application	[Sensor] Updated distance: 33.7509556080918 cm | Severity=75 | SourceName=Sensor2 | EventType=application
[2026-08-16 19:52:08.961 (UTC)] info/application	[Sensor] Updated distance: 34.3399039264023 cm | Severity=75 | SourceName=Sensor2 | EventType=application
[2026-08-16 19:52:09.961 (UTC)] info/application	[Sensor] Updated distance: 33.1647720458753 cm | Severity=75 | SourceName=Sensor2 | EventType=application
[2026-08-16 19:52:10.953 (UTC)] info/application	[Sensor] Updated distance: 31.7411493837094 cm | Severity=75 | SourceName=Sensor2 | EventType=application
[2026-08-16 19:52:11.954 (UTC)] info/application	[Sensor] Updated distance: 32.1880177809801 cm | Severity=75 | SourceName=Sensor2 | EventType=application
[2026-08-16 19:52:12.955 (UTC)] info/application	[Sensor] Updated distance: 32.8142711214322 cm | Severity=75 | SourceName=Sensor2 | EventType=application
[2026-08-16 19:52:13.955 (UTC)] info/application	[Sensor] Updated distance: 32.4434200634451 cm | Severity=75 | SourceName=Sensor2 | EventType=application
[2026-08-16 19:52:14.954 (UTC)] info/application	[Sensor] Updated distance: 32.0689379803692 cm | Severity=75 | SourceName=Sensor2 | EventType=application
[2026-08-16 19:52:15.954 (UTC)] info/application	[Sensor] Updated distance: 32.0995289115699 cm | Severity=75 | SourceName=Sensor2 | EventType=application
[2026-08-16 19:52:16.954 (UTC)] info/application	[Sensor] Updated distance: 32.9290231631273 cm | Severity=75 | SourceName=Sensor2 | EventType=application
[2026-08-16 19:52:17.954 (UTC)] info/application	[Sensor] Updated distance: 33.439644869156 cm | Severity=75 | SourceName=Sensor2 | EventType=application
[2026-08-16 19:52:18.954 (UTC)] info/application	[Sensor] Updated distance: 34.2064797858272 cm | Severity=75 | SourceName=Sensor2 | EventType=application
[2026-08-16 19:52:19.954 (UTC)] info/application	[Sensor] Updated distance: 33.6471169747632 cm | Severity=75 | SourceName=Sensor2 | EventType=application
[2026-08-16 19:52:20.954 (UTC)] info/application	[Sensor] Updated distance: 35.0533344417593 cm | Severity=75 | SourceName=Sensor2 | EventType=application
[2026-08-16 19:52:21.954 (UTC)] info/application	[Sensor] Updated distance: 34.3249229920678 cm | Severity=75 | SourceName=Sensor2 | EventType=application
[2026-08-16 19:52:22.953 (UTC)] info/application	[Sensor] Updated distance: 33.2802051542235 cm | Severity=75 | SourceName=Sensor2 | EventType=application
[2026-08-16 19:52:23.954 (UTC)] info/application	[Sensor] Updated distance: 32.5941420242163 cm | Severity=75 | SourceName=Sensor2 | EventType=application
[2026-08-16 19:52:24.953 (UTC)] info/application	[Sensor] Updated distance: 33.0162925997359 cm | Severity=75 | SourceName=Sensor2 | EventType=application
[2026-08-16 19:52:25.954 (UTC)] info/application	[Sensor] Updated distance: 33.1257898482149 cm | Severity=75 | SourceName=Sensor2 | EventType=application
[2026-08-16 19:52:26.953 (UTC)] info/application	[Sensor] Updated distance: 33.2121566216052 cm | Severity=75 | SourceName=Sensor2 | EventType=application
[2026-08-16 19:52:27.953 (UTC)] info/application	[Sensor] Updated distance: 33.3561263481882 cm | Severity=75 | SourceName=Sensor2 | EventType=application
[2026-08-16 19:52:28.953 (UTC)] info/application	[Sensor] Updated distance: 32.4702150877426 cm | Severity=75 | SourceName=Sensor2 | EventType=application
[2026-08-16 19:52:29.953 (UTC)] info/application	[Sensor] Updated distance: 32.0972585948637 cm | Severity=75 | SourceName=Sensor2 | EventType=application
[2026-08-16 19:52:30.954 (UTC)] info/application	[Sensor] Updated distance: 30.9929940935657 cm | Severity=75 | SourceName=Sensor2 | EventType=application
[2026-08-16 19:52:31.954 (UTC)] info/application	[Sensor] Updated distance: 31.4492809448621 cm | Severity=75 | SourceName=Sensor2 | EventType=application
[2026-08-16 19:52:32.954 (UTC)] info/application	[Sensor] Updated distance: 32.6884130943513 cm | Severity=75 | SourceName=Sensor2 | EventType=application
[2026-08-16 19:52:33.953 (UTC)] info/application	[Sensor] Updated distance: 31.9634173442439 cm | Severity=75 | SourceName=Sensor2 | EventType=application
[2026-08-16 19:52:34.953 (UTC)] info/application	[Sensor] Updated distance: 32.6757310792691 cm | Severity=75 | SourceName=Sensor2 | EventType=application
[2026-08-16 19:52:35.953 (UTC)] info/application	[Sensor] Updated distance: 33.3619935700493 cm | Severity=75 | SourceName=Sensor2 | EventType=application
[2026-08-16 19:52:36.953 (UTC)] info/application	[Sensor] Updated distance: 34.7938639397239 cm | Severity=75 | SourceName=Sensor2 | EventType=application
[2026-08-16 19:52:37.953 (UTC)] info/application	[Sensor] Updated distance: 35.3661536934628 cm | Severity=75 | SourceName=Sensor2 | EventType=application
[2026-08-16 19:52:38.953 (UTC)] info/application	[Sensor] Updated distance: 35.5400671726279 cm | Severity=75 | SourceName=Sensor2 | EventType=application
[2026-08-16 19:52:39.953 (UTC)] info/application	[Sensor] Updated distance: 36.0608858592161 cm | Severity=75 | SourceName=Sensor2 | EventType=application
[2026-08-16 19:52:40.953 (UTC)] info/application	[Sensor] Updated distance: 36.958043733825 cm | Severity=75 | SourceName=Sensor2 | EventType=application
[2026-08-16 19:52:41.954 (UTC)] info/application	[Sensor] Updated distance: 37.2083345508242 cm | Severity=75 | SourceName=Sensor2 | EventType=application
[2026-08-16 19:52:42.954 (UTC)] info/application	[Sensor] Updated distance: 36.676021633286 cm | Severity=75 | SourceName=Sensor2 | EventType=application
[2026-08-16 19:52:43.954 (UTC)] info/application	[Sensor] Updated distance: 36.6994328469501 cm | Severity=75 | SourceName=Sensor2 | EventType=application
[2026-08-16 19:52:44.954 (UTC)] info/application	[Sensor] Updated distance: 38.0788726073591 cm | Severity=75 | SourceName=Sensor2 | EventType=application
[2026-08-16 19:52:45.954 (UTC)] info/application	[Sensor] Updated distance: 38.6720776081421 cm | Severity=75 | SourceName=Sensor2 | EventType=application
[2026-08-16 19:52:46.954 (UTC)] info/application	[Sensor] Updated distance: 37.2260797530068 cm | Severity=75 | SourceName=Sensor2 | EventType=application
[2026-08-16 19:52:47.954 (UTC)] info/application	[Sensor] Updated distance: 37.9350137635763 cm | Severity=75 | SourceName=Sensor2 | EventType=application
[2026-08-16 19:52:48.955 (UTC)] info/application	[Sensor] Updated distance: 37.538840468991 cm | Severity=75 | SourceName=Sensor2 | EventType=application
[2026-08-16 19:52:49.954 (UTC)] info/application	[Sensor] Updated distance: 38.359677530527 cm | Severity=75 | SourceName=Sensor2 | EventType=application
[2026-08-16 19:52:50.954 (UTC)] info/application	[Sensor] Updated distance: 37.0092487286354 cm | Severity=75 | SourceName=Sensor2 | EventType=application
[2026-08-16 19:52:51.953 (UTC)] info/application	[Sensor] Updated distance: 36.5192929010462 cm | Severity=75 | SourceName=Sensor2 | EventType=application
[2026-08-16 19:52:52.953 (UTC)] info/application	[Sensor] Updated distance: 35.1117185128907 cm | Severity=75 | SourceName=Sensor2 | EventType=application
[2026-08-16 19:52:53.953 (UTC)] info/application	[Sensor] Updated distance: 34.2165718745517 cm | Severity=75 | SourceName=Sensor2 | EventType=application
[2026-08-16 19:52:54.952 (UTC)] info/application	[Sensor] Updated distance: 34.5405529169554 cm | Severity=75 | SourceName=Sensor2 | EventType=application
[2026-08-16 19:52:55.951 (UTC)] info/application	[Sensor] Updated distance: 35.0551291043195 cm | Severity=75 | SourceName=Sensor2 | EventType=application
[2026-08-16 19:52:56.961 (UTC)] info/application	[Sensor] Updated distance: 35.7694797144595 cm | Severity=75 | SourceName=Sensor2 | EventType=application
[2026-08-16 19:52:57.960 (UTC)] info/application	[Sensor] Updated distance: 34.6798275288566 cm | Severity=75 | SourceName=Sensor2 | EventType=application
[2026-08-16 19:52:58.959 (UTC)] info/application	[Sensor] Updated distance: 33.8383734414067 cm | Severity=75 | SourceName=Sensor2 | EventType=application
[2026-08-16 19:52:59.959 (UTC)] info/application	[Sensor] Updated distance: 35.1668127911011 cm | Severity=75 | SourceName=Sensor2 | EventType=application
[2026-08-16 19:53:00.960 (UTC)] info/application	[Sensor] Updated distance: 35.2042041140162 cm | Severity=75 | SourceName=Sensor2 | EventType=application
[2026-08-16 19:53:01.960 (UTC)] info/application	[Sensor] Updated distance: 34.7584855266653 cm | Severity=75 | SourceName=Sensor2 | EventType=application
[2026-08-16 19:53:02.959 (UTC)] info/application	[Sensor] Updated distance: 35.0432117262591 cm | Severity=75 | SourceName=Sensor2 | EventType=application
[2026-08-16 19:53:03.959 (UTC)] info/application	[Sensor] Updated distance: 34.8197351972664 cm | Severity=75 | SourceName=Sensor2 | EventType=application
[2026-08-16 19:53:04.959 (UTC)] info/application	[Sensor] Updated distance: 35.1490208598082 cm | Severity=75 | SourceName=Sensor2 | EventType=application
[2026-08-16 19:53:05.959 (UTC)] info/application	[Sensor] Updated distance: 34.6460607944271 cm | Severity=75 | SourceName=Sensor2 | EventType=application
[2026-08-16 19:53:06.958 (UTC)] info/application	[Sensor] Updated distance: 33.6088467548177 cm | Severity=75 | SourceName=Sensor2 | EventType=application
[2026-08-16 19:53:07.958 (UTC)] info/application	[Sensor] Updated distance: 33.870002785637 cm | Severity=75 | SourceName=Sensor2 | EventType=application
[2026-08-16 19:53:08.958 (UTC)] info/application	[Sensor] Updated distance: 32.4393324725979 cm | Severity=75 | SourceName=Sensor2 | EventType=application
[2026-08-16 19:53:09.957 (UTC)] info/application	[Sensor] Updated distance: 33.0760319121536 cm | Severity=75 | SourceName=Sensor2 | EventType=application
[2026-08-16 19:53:10.957 (UTC)] info/application	[Sensor] Updated distance: 32.3580066281641 cm | Severity=75 | SourceName=Sensor2 | EventType=application
[2026-08-16 19:53:11.956 (UTC)] info/application	[Sensor] Updated distance: 33.3244941897339 cm | Severity=75 | SourceName=Sensor2 | EventType=application
[2026-08-16 19:53:12.956 (UTC)] info/application	[Sensor] Updated distance: 32.7114844462888 cm | Severity=75 | SourceName=Sensor2 | EventType=application
[2026-08-16 19:53:13.956 (UTC)] info/application	[Sensor] Updated distance: 32.9611462447611 cm | Severity=75 | SourceName=Sensor2 | EventType=application
[2026-08-16 19:53:14.955 (UTC)] info/application	[Sensor] Updated distance: 32.451045019995 cm | Severity=75 | SourceName=Sensor2 | EventType=application
[2026-08-16 19:53:15.955 (UTC)] info/application	[Sensor] Updated distance: 31.7174750355619 cm | Severity=75 | SourceName=Sensor2 | EventType=application
[2026-08-16 19:53:16.954 (UTC)] info/application	[Sensor] Updated distance: 31.0603418334202 cm | Severity=75 | SourceName=Sensor2 | EventType=application
[2026-08-16 19:53:17.954 (UTC)] info/application	[Sensor] Updated distance: 30.6042427535188 cm | Severity=75 | SourceName=Sensor2 | EventType=application
[2026-08-16 19:53:18.954 (UTC)] info/application	[Sensor] Updated distance: 32.0796067796552 cm | Severity=75 | SourceName=Sensor2 | EventType=application
[2026-08-16 19:53:19.954 (UTC)] info/application	[Sensor] Updated distance: 32.5263002843253 cm | Severity=75 | SourceName=Sensor2 | EventType=application
[2026-08-16 19:53:20.954 (UTC)] info/application	[Sensor] Updated distance: 31.3910382645628 cm | Severity=75 | SourceName=Sensor2 | EventType=application
[2026-08-16 19:53:21.954 (UTC)] info/application	[Sensor] Updated distance: 30.0159734874107 cm | Severity=75 | SourceName=Sensor2 | EventType=application
[2026-08-16 19:53:22.954 (UTC)] info/application	[Sensor] Updated distance: 31.4727111644916 cm | Severity=75 | SourceName=Sensor2 | EventType=application
[2026-08-16 19:53:23.954 (UTC)] info/application	[Sensor] Updated distance: 30.4298747565736 cm | Severity=75 | SourceName=Sensor2 | EventType=application
[2026-08-16 19:53:24.954 (UTC)] info/application	[Sensor] Updated distance: 29.6596633410825 cm | Severity=75 | SourceName=Sensor2 | EventType=application
[2026-08-16 19:53:25.954 (UTC)] info/application	[Sensor] Updated distance: 29.9403820591701 cm | Severity=75 | SourceName=Sensor2 | EventType=application
[2026-08-16 19:53:26.953 (UTC)] info/application	[Sensor] Updated distance: 30.9121218386163 cm | Severity=75 | SourceName=Sensor2 | EventType=application
[2026-08-16 19:53:27.953 (UTC)] info/application	[Sensor] Updated distance: 32.356261034662 cm | Severity=75 | SourceName=Sensor2 | EventType=application
[2026-08-16 19:53:28.953 (UTC)] info/application	[Sensor] Updated distance: 33.0473275685437 cm | Severity=75 | SourceName=Sensor2 | EventType=application
[2026-08-16 19:53:29.953 (UTC)] info/application	[Sensor] Updated distance: 31.67761326054 cm | Severity=75 | SourceName=Sensor2 | EventType=application
[2026-08-16 19:53:30.953 (UTC)] info/application	[Sensor] Updated distance: 32.9501918048831 cm | Severity=75 | SourceName=Sensor2 | EventType=application
[2026-08-16 19:53:31.952 (UTC)] info/application	[Sensor] Updated distance: 32.1786496602831 cm | Severity=75 | SourceName=Sensor2 | EventType=application
[2026-08-16 19:53:32.951 (UTC)] info/application	[Sensor] Updated distance: 31.8632167649284 cm | Severity=75 | SourceName=Sensor2 | EventType=application
[2026-08-16 19:53:33.961 (UTC)] info/application	[Sensor] Updated distance: 31.9205215088653 cm | Severity=75 | SourceName=Sensor2 | EventType=application
[2026-08-16 19:53:34.961 (UTC)] info/application	[Sensor] Updated distance: 32.4255028352726 cm | Severity=75 | SourceName=Sensor2 | EventType=application
[2026-08-16 19:53:35.961 (UTC)] info/application	[Sensor] Updated distance: 30.9393556010627 cm | Severity=75 | SourceName=Sensor2 | EventType=application
[2026-08-16 19:53:36.961 (UTC)] info/application	[Sensor] Updated distance: 31.9937002796185 cm | Severity=75 | SourceName=Sensor2 | EventType=application
[2026-08-16 19:53:37.960 (UTC)] info/application	[Sensor] Updated distance: 32.9614675664163 cm | Severity=75 | SourceName=Sensor2 | EventType=application
[2026-08-16 19:53:38.960 (UTC)] info/application	[Sensor] Updated distance: 33.2364763630258 cm | Severity=75 | SourceName=Sensor2 | EventType=application
[2026-08-16 19:53:39.960 (UTC)] info/application	[Sensor] Updated distance: 34.3601507285424 cm | Severity=75 | SourceName=Sensor2 | EventType=application
[2026-08-16 19:53:40.960 (UTC)] info/application	[Sensor] Updated distance: 34.464617454896 cm | Severity=75 | SourceName=Sensor2 | EventType=application
[2026-08-16 19:53:41.960 (UTC)] info/application	[Sensor] Updated distance: 35.521600967516 cm | Severity=75 | SourceName=Sensor2 | EventType=application
[2026-08-16 19:53:42.960 (UTC)] info/application	[Sensor] Updated distance: 36.1117628946024 cm | Severity=75 | SourceName=Sensor2 | EventType=application
[2026-08-16 19:53:43.959 (UTC)] info/application	[Sensor] Updated distance: 37.1032198775109 cm | Severity=75 | SourceName=Sensor2 | EventType=application
[2026-08-16 19:53:44.959 (UTC)] info/application	[Sensor] Updated distance: 36.9098651872062 cm | Severity=75 | SourceName=Sensor2 | EventType=application
[2026-08-16 19:53:45.960 (UTC)] info/application	[Sensor] Updated distance: 35.4899258881295 cm | Severity=75 | SourceName=Sensor2 | EventType=application
[2026-08-16 19:53:46.960 (UTC)] info/application	[Sensor] Updated distance: 34.2478128852079 cm | Severity=75 | SourceName=Sensor2 | EventType=application
[2026-08-16 19:53:47.960 (UTC)] info/application	[Sensor] Updated distance: 34.8973249941586 cm | Severity=75 | SourceName=Sensor2 | EventType=application
[2026-08-16 19:53:48.960 (UTC)] info/application	[Sensor] Updated distance: 34.5212866151804 cm | Severity=75 | SourceName=Sensor2 | EventType=application
[2026-08-16 19:53:49.960 (UTC)] info/application	[Sensor] Updated distance: 33.2545376369983 cm | Severity=75 | SourceName=Sensor2 | EventType=application
[2026-08-16 19:53:50.959 (UTC)] info/application	[Sensor] Updated distance: 32.850743249222 cm | Severity=75 | SourceName=Sensor2 | EventType=application
[2026-08-16 19:53:51.959 (UTC)] info/application	[Sensor] Updated distance: 32.8394428504814 cm | Severity=75 | SourceName=Sensor2 | EventType=application
[2026-08-16 19:53:52.959 (UTC)] info/application	[Sensor] Updated distance: 31.6976290951472 cm | Severity=75 | SourceName=Sensor2 | EventType=application
[2026-08-16 19:53:53.958 (UTC)] info/application	[Sensor] Updated distance: 31.2505723830548 cm | Severity=75 | SourceName=Sensor2 | EventType=application
[2026-08-16 19:53:54.959 (UTC)] info/application	[Sensor] Updated distance: 31.6964355777932 cm | Severity=75 | SourceName=Sensor2 | EventType=application
[2026-08-16 19:53:55.959 (UTC)] info/application	[Sensor] Updated distance: 31.2844104083648 cm | Severity=75 | SourceName=Sensor2 | EventType=application
[2026-08-16 19:53:56.959 (UTC)] info/application	[Sensor] Updated distance: 32.61807241436 cm | Severity=75 | SourceName=Sensor2 | EventType=application
[2026-08-16 19:53:57.959 (UTC)] info/application	[Sensor] Updated distance: 32.5356753871476 cm | Severity=75 | SourceName=Sensor2 | EventType=application
[2026-08-16 19:53:58.960 (UTC)] info/application	[Sensor] Updated distance: 32.067789412368 cm | Severity=75 | SourceName=Sensor2 | EventType=application
[2026-08-16 19:53:59.960 (UTC)] info/application	[Sensor] Updated distance: 32.592517950848 cm | Severity=75 | SourceName=Sensor2 | EventType=application
[2026-08-16 19:54:00.961 (UTC)] info/application	[Sensor] Updated distance: 32.6404066156318 cm | Severity=75 | SourceName=Sensor2 | EventType=application
[2026-08-16 19:54:01.960 (UTC)] info/application	[Sensor] Updated distance: 31.9450991837983 cm | Severity=75 | SourceName=Sensor2 | EventType=application
[2026-08-16 19:54:02.960 (UTC)] info/application	[Sensor] Updated distance: 33.1982855776782 cm | Severity=75 | SourceName=Sensor2 | EventType=application
[2026-08-16 19:54:03.960 (UTC)] info/application	[Sensor] Updated distance: 34.4307413471074 cm | Severity=75 | SourceName=Sensor2 | EventType=application
[2026-08-16 19:54:04.960 (UTC)] info/application	[Sensor] Updated distance: 35.2927386592108 cm | Severity=75 | SourceName=Sensor2 | EventType=application
[2026-08-16 19:54:05.960 (UTC)] info/application	[Sensor] Updated distance: 35.550906378101 cm | Severity=75 | SourceName=Sensor2 | EventType=application
[2026-08-16 19:54:06.960 (UTC)] info/application	[Sensor] Updated distance: 36.7972149133203 cm | Severity=75 | SourceName=Sensor2 | EventType=application
[2026-08-16 19:54:07.959 (UTC)] info/application	[Sensor] Updated distance: 37.2135569025825 cm | Severity=75 | SourceName=Sensor2 | EventType=application
[2026-08-16 19:54:08.960 (UTC)] info/application	[Sensor] Updated distance: 36.9394919082706 cm | Severity=75 | SourceName=Sensor2 | EventType=application
[2026-08-16 19:54:09.960 (UTC)] info/application	[Sensor] Updated distance: 36.9608092387024 cm | Severity=75 | SourceName=Sensor2 | EventType=application
[2026-08-16 19:54:10.959 (UTC)] info/application	[Sensor] Updated distance: 37.0008255934812 cm | Severity=75 | SourceName=Sensor2 | EventType=application
[2026-08-16 19:54:11.958 (UTC)] info/application	[Sensor] Updated distance: 38.3312273255229 cm | Severity=75 | SourceName=Sensor2 | EventType=application
[2026-08-16 19:54:12.959 (UTC)] info/application	[Sensor] Updated distance: 37.9095281671777 cm | Severity=75 | SourceName=Sensor2 | EventType=application
[2026-08-16 19:54:13.959 (UTC)] info/application	[Sensor] Updated distance: 37.0397064476459 cm | Severity=75 | SourceName=Sensor2 | EventType=application
[2026-08-16 19:54:14.958 (UTC)] info/application	[Sensor] Updated distance: 37.8615651611991 cm | Severity=75 | SourceName=Sensor2 | EventType=application
[2026-08-16 19:54:15.958 (UTC)] info/application	[Sensor] Updated distance: 38.7465113139462 cm | Severity=75 | SourceName=Sensor2 | EventType=application
[2026-08-16 19:54:16.957 (UTC)] info/application	[Sensor] Updated distance: 37.9567502953376 cm | Severity=75 | SourceName=Sensor2 | EventType=application
[2026-08-16 19:54:17.957 (UTC)] info/application	[Sensor] Updated distance: 39.0364960059693 cm | Severity=75 | SourceName=Sensor2 | EventType=application
[2026-08-16 19:54:18.957 (UTC)] info/application	[Sensor] Updated distance: 39.0709542662701 cm | Severity=75 | SourceName=Sensor2 | EventType=application
[2026-08-16 19:54:19.957 (UTC)] info/application	[Sensor] Updated distance: 39.4051548686833 cm | Severity=75 | SourceName=Sensor2 | EventType=application
[2026-08-16 19:54:20.956 (UTC)] info/application	[Sensor] Updated distance: 40.718151601133 cm | Severity=75 | SourceName=Sensor2 | EventType=application
[2026-08-16 19:54:21.956 (UTC)] info/application	[Sensor] Updated distance: 41.8488154736574 cm | Severity=75 | SourceName=Sensor2 | EventType=application
[2026-08-16 19:54:22.957 (UTC)] info/application	[Sensor] Updated distance: 40.6717156759331 cm | Severity=75 | SourceName=Sensor2 | EventType=application
[2026-08-16 19:54:23.957 (UTC)] info/application	[Sensor] Updated distance: 39.3428986516515 cm | Severity=75 | SourceName=Sensor2 | EventType=application
[2026-08-16 19:54:24.957 (UTC)] info/application	[Sensor] Updated distance: 38.5265058106866 cm | Severity=75 | SourceName=Sensor2 | EventType=application
[2026-08-16 19:54:25.958 (UTC)] info/application	[Sensor] Updated distance: 39.2952692077007 cm | Severity=75 | SourceName=Sensor2 | EventType=application
[2026-08-16 19:54:26.958 (UTC)] info/application	[Sensor] Updated distance: 39.0544270139906 cm | Severity=75 | SourceName=Sensor2 | EventType=application
[2026-08-16 19:54:27.957 (UTC)] info/application	[Sensor] Updated distance: 38.071696177624 cm | Severity=75 | SourceName=Sensor2 | EventType=application
[2026-08-16 19:54:28.958 (UTC)] info/application	[Sensor] Updated distance: 37.2580625474257 cm | Severity=75 | SourceName=Sensor2 | EventType=application
[2026-08-16 19:54:29.958 (UTC)] info/application	[Sensor] Updated distance: 38.049334378936 cm | Severity=75 | SourceName=Sensor2 | EventType=application
[2026-08-16 19:54:30.959 (UTC)] info/application	[Sensor] Updated distance: 39.0913320824463 cm | Severity=75 | SourceName=Sensor2 | EventType=application
[2026-08-16 19:54:31.959 (UTC)] info/application	[Sensor] Updated distance: 39.8255871170319 cm | Severity=75 | SourceName=Sensor2 | EventType=application
[2026-08-16 19:54:32.959 (UTC)] info/application	[Sensor] Updated distance: 38.4215515167087 cm | Severity=75 | SourceName=Sensor2 | EventType=application
[2026-08-16 19:54:33.958 (UTC)] info/application	[Sensor] Updated distance: 39.2167356127019 cm | Severity=75 | SourceName=Sensor2 | EventType=application
[2026-08-16 19:54:34.958 (UTC)] info/application	[Sensor] Updated distance: 39.6834464167167 cm | Severity=75 | SourceName=Sensor2 | EventType=application
[2026-08-16 19:54:35.959 (UTC)] info/application	[Sensor] Updated distance: 40.6414081284969 cm | Severity=75 | SourceName=Sensor2 | EventType=application
[2026-08-16 19:54:36.959 (UTC)] info/application	[Sensor] Updated distance: 40.1947599433803 cm | Severity=75 | SourceName=Sensor2 | EventType=application
[2026-08-16 19:54:37.959 (UTC)] info/application	[Sensor] Updated distance: 40.4077792812175 cm | Severity=75 | SourceName=Sensor2 | EventType=application
[2026-08-16 19:54:38.959 (UTC)] info/application	[Sensor] Updated distance: 40.2820829822598 cm | Severity=75 | SourceName=Sensor2 | EventType=application
[2026-08-16 19:54:39.959 (UTC)] info/application	[Sensor] Updated distance: 41.0613698028313 cm | Severity=75 | SourceName=Sensor2 | EventType=application
[2026-08-16 19:54:40.959 (UTC)] info/application	[Sensor] Updated distance: 39.7957064711003 cm | Severity=75 | SourceName=Sensor2 | EventType=application
[2026-08-16 19:54:41.960 (UTC)] info/application	[Sensor] Updated distance: 41.2100265269214 cm | Severity=75 | SourceName=Sensor2 | EventType=application
[2026-08-16 19:54:42.960 (UTC)] info/application	[Sensor] Updated distance: 41.8197150781376 cm | Severity=75 | SourceName=Sensor2 | EventType=application
[2026-08-16 19:54:43.960 (UTC)] info/application	[Sensor] Updated distance: 41.6323525880614 cm | Severity=75 | SourceName=Sensor2 | EventType=application
[2026-08-16 19:54:44.960 (UTC)] info/application	[Sensor] Updated distance: 40.6768509229537 cm | Severity=75 | SourceName=Sensor2 | EventType=application
[2026-08-16 19:54:45.959 (UTC)] info/application	[Sensor] Updated distance: 40.6083981863262 cm | Severity=75 | SourceName=Sensor2 | EventType=application
[2026-08-16 19:54:46.959 (UTC)] info/application	[Sensor] Updated distance: 39.8059818476 cm | Severity=75 | SourceName=Sensor2 | EventType=application
[2026-08-16 19:54:47.959 (UTC)] info/application	[Sensor] Updated distance: 39.5607191638838 cm | Severity=75 | SourceName=Sensor2 | EventType=application
[2026-08-16 19:54:48.959 (UTC)] info/application	[Sensor] Updated distance: 39.072012136491 cm | Severity=75 | SourceName=Sensor2 | EventType=application
[2026-08-16 19:54:49.959 (UTC)] info/application	[Sensor] Updated distance: 39.8040540580656 cm | Severity=75 | SourceName=Sensor2 | EventType=application
[2026-08-16 19:54:50.959 (UTC)] info/application	[Sensor] Updated distance: 38.3929919753656 cm | Severity=75 | SourceName=Sensor2 | EventType=application
[2026-08-16 19:54:51.959 (UTC)] info/application	[Sensor] Updated distance: 37.7172816790255 cm | Severity=75 | SourceName=Sensor2 | EventType=application
[2026-08-16 19:54:52.959 (UTC)] info/application	[Sensor] Updated distance: 38.0799874717276 cm | Severity=75 | SourceName=Sensor2 | EventType=application
[2026-08-16 19:54:53.959 (UTC)] info/application	[Sensor] Updated distance: 36.9918255913033 cm | Severity=75 | SourceName=Sensor2 | EventType=application
[2026-08-16 19:54:54.959 (UTC)] info/application	[Sensor] Updated distance: 36.4872982706815 cm | Severity=75 | SourceName=Sensor2 | EventType=application
[2026-08-16 19:54:55.960 (UTC)] info/application	[Sensor] Updated distance: 37.5336112224187 cm | Severity=75 | SourceName=Sensor2 | EventType=application
[2026-08-16 19:54:56.959 (UTC)] info/application	[Sensor] Updated distance: 38.7142127404055 cm | Severity=75 | SourceName=Sensor2 | EventType=application
[2026-08-16 19:54:57.959 (UTC)] info/application	[Sensor] Updated distance: 39.4688432274706 cm | Severity=75 | SourceName=Sensor2 | EventType=application
[2026-08-16 19:54:58.959 (UTC)] info/application	[Sensor] Updated distance: 38.0324253428412 cm | Severity=75 | SourceName=Sensor2 | EventType=application
[2026-08-16 19:54:59.959 (UTC)] info/application	[Sensor] Updated distance: 36.8993932292328 cm | Severity=75 | SourceName=Sensor2 | EventType=application
[2026-08-16 19:55:00.959 (UTC)] info/application	[Sensor] Updated distance: 36.9452955464112 cm | Severity=75 | SourceName=Sensor2 | EventType=application
[2026-08-16 19:55:01.960 (UTC)] info/application	[Sensor] Updated distance: 38.0508753652921 cm | Severity=75 | SourceName=Sensor2 | EventType=application
[2026-08-16 19:55:02.960 (UTC)] info/application	[Sensor] Updated distance: 39.1520982862692 cm | Severity=75 | SourceName=Sensor2 | EventType=application
[2026-08-16 19:55:03.960 (UTC)] info/application	[Sensor] Updated distance: 39.2939650031244 cm | Severity=75 | SourceName=Sensor2 | EventType=application
[2026-08-16 19:55:04.961 (UTC)] info/application	[Sensor] Updated distance: 39.6947289166016 cm | Severity=75 | SourceName=Sensor2 | EventType=application
[2026-08-16 19:55:05.961 (UTC)] info/application	[Sensor] Updated distance: 39.7626626401965 cm | Severity=75 | SourceName=Sensor2 | EventType=application
[2026-08-16 19:55:06.961 (UTC)] info/application	[Sensor] Updated distance: 39.3624910688318 cm | Severity=75 | SourceName=Sensor2 | EventType=application
[2026-08-16 19:55:07.961 (UTC)] info/application	[Sensor] Updated distance: 40.8166067971925 cm | Severity=75 | SourceName=Sensor2 | EventType=application
[2026-08-16 19:55:08.961 (UTC)] info/application	[Sensor] Updated distance: 39.5975598586246 cm | Severity=75 | SourceName=Sensor2 | EventType=application
[2026-08-16 19:55:09.961 (UTC)] info/application	[Sensor] Updated distance: 40.5716919883022 cm | Severity=75 | SourceName=Sensor2 | EventType=application
[2026-08-16 19:55:10.961 (UTC)] info/application	[Sensor] Updated distance: 41.3050945358374 cm | Severity=75 | SourceName=Sensor2 | EventType=application
[2026-08-16 19:55:11.961 (UTC)] info/application	[Sensor] Updated distance: 40.3203842655384 cm | Severity=75 | SourceName=Sensor2 | EventType=application
[2026-08-16 19:55:12.961 (UTC)] info/application	[Sensor] Updated distance: 41.2088364496402 cm | Severity=75 | SourceName=Sensor2 | EventType=application
[2026-08-16 19:55:13.961 (UTC)] info/application	[Sensor] Updated distance: 41.0519275469947 cm | Severity=75 | SourceName=Sensor2 | EventType=application
[2026-08-16 19:55:14.952 (UTC)] info/application	[Sensor] Updated distance: 41.3798547866194 cm | Severity=75 | SourceName=Sensor2 | EventType=application
[2026-08-16 19:55:15.952 (UTC)] info/application	[Sensor] Updated distance: 42.8128053056135 cm | Severity=75 | SourceName=Sensor2 | EventType=application
[2026-08-16 19:55:16.961 (UTC)] info/application	[Sensor] Updated distance: 44.0874436663405 cm | Severity=75 | SourceName=Sensor2 | EventType=application
[2026-08-16 19:55:17.961 (UTC)] info/application	[Sensor] Updated distance: 45.1129545686361 cm | Severity=75 | SourceName=Sensor2 | EventType=application
[2026-08-16 19:55:18.961 (UTC)] info/application	[Sensor] Updated distance: 44.8006424025169 cm | Severity=75 | SourceName=Sensor2 | EventType=application
[2026-08-16 19:55:19.961 (UTC)] info/application	[Sensor] Updated distance: 44.0865737344541 cm | Severity=75 | SourceName=Sensor2 | EventType=application
[2026-08-16 19:55:20.961 (UTC)] info/application	[Sensor] Updated distance: 44.3441265569274 cm | Severity=75 | SourceName=Sensor2 | EventType=application
[2026-08-16 19:55:21.961 (UTC)] info/application	[Sensor] Updated distance: 44.1207523081082 cm | Severity=75 | SourceName=Sensor2 | EventType=application
[2026-08-16 19:55:22.961 (UTC)] info/application	[Sensor] Updated distance: 44.2309733437052 cm | Severity=75 | SourceName=Sensor2 | EventType=application
[2026-08-16 19:55:23.961 (UTC)] info/application	[Sensor] Updated distance: 43.3512319588806 cm | Severity=75 | SourceName=Sensor2 | EventType=application
[2026-08-16 19:55:24.951 (UTC)] info/application	[Sensor] Updated distance: 43.5396958296372 cm | Severity=75 | SourceName=Sensor2 | EventType=application
[2026-08-16 19:55:25.961 (UTC)] info/application	[Sensor] Updated distance: 44.6453895460094 cm | Severity=75 | SourceName=Sensor2 | EventType=application
[2026-08-16 19:55:26.961 (UTC)] info/application	[Sensor] Updated distance: 43.311961111525 cm | Severity=75 | SourceName=Sensor2 | EventType=application
[2026-08-16 19:55:27.961 (UTC)] info/application	[Sensor] Updated distance: 43.1810264988714 cm | Severity=75 | SourceName=Sensor2 | EventType=application
[2026-08-16 19:55:28.961 (UTC)] info/application	[Sensor] Updated distance: 43.5413507009117 cm | Severity=75 | SourceName=Sensor2 | EventType=application
[2026-08-16 19:55:29.961 (UTC)] info/application	[Sensor] Updated distance: 42.2715043817979 cm | Severity=75 | SourceName=Sensor2 | EventType=application
[2026-08-16 19:55:30.961 (UTC)] info/application	[Sensor] Updated distance: 42.5075376555358 cm | Severity=75 | SourceName=Sensor2 | EventType=application
[2026-08-16 19:55:31.961 (UTC)] info/application	[Sensor] Updated distance: 41.4137641733576 cm | Severity=75 | SourceName=Sensor2 | EventType=application
[2026-08-16 19:55:32.961 (UTC)] info/application	[Sensor] Updated distance: 42.7494976731247 cm | Severity=75 | SourceName=Sensor2 | EventType=application
[2026-08-16 19:55:33.952 (UTC)] info/application	[Sensor] Updated distance: 42.5867538678398 cm | Severity=75 | SourceName=Sensor2 | EventType=application
[2026-08-16 19:55:34.961 (UTC)] info/application	[Sensor] Updated distance: 43.1348471039137 cm | Severity=75 | SourceName=Sensor2 | EventType=application
[2026-08-16 19:55:35.961 (UTC)] info/application	[Sensor] Updated distance: 43.371344517158 cm | Severity=75 | SourceName=Sensor2 | EventType=application
[2026-08-16 19:55:36.961 (UTC)] info/application	[Sensor] Updated distance: 44.776534435468 cm | Severity=75 | SourceName=Sensor2 | EventType=application
[2026-08-16 19:55:37.961 (UTC)] info/application	[Sensor] Updated distance: 43.4244560987802 cm | Severity=75 | SourceName=Sensor2 | EventType=application
[2026-08-16 19:55:38.960 (UTC)] info/application	[Sensor] Updated distance: 43.6150692389882 cm | Severity=75 | SourceName=Sensor2 | EventType=application
[2026-08-16 19:55:39.961 (UTC)] info/application	[Sensor] Updated distance: 42.3012122173333 cm | Severity=75 | SourceName=Sensor2 | EventType=application
[2026-08-16 19:55:40.961 (UTC)] info/application	[Sensor] Updated distance: 43.4232660103231 cm | Severity=75 | SourceName=Sensor2 | EventType=application
[2026-08-16 19:55:41.961 (UTC)] info/application	[Sensor] Updated distance: 42.8472816980664 cm | Severity=75 | SourceName=Sensor2 | EventType=application
[2026-08-16 19:55:42.961 (UTC)] info/application	[Sensor] Updated distance: 42.0487144061125 cm | Severity=75 | SourceName=Sensor2 | EventType=application
[2026-08-16 19:55:43.960 (UTC)] info/application	[Sensor] Updated distance: 42.5592203818071 cm | Severity=75 | SourceName=Sensor2 | EventType=application
[2026-08-16 19:55:44.960 (UTC)] info/application	[Sensor] Updated distance: 43.3263271669048 cm | Severity=75 | SourceName=Sensor2 | EventType=application
[2026-08-16 19:55:45.959 (UTC)] info/application	[Sensor] Updated distance: 44.3556871159727 cm | Severity=75 | SourceName=Sensor2 | EventType=application
[2026-08-16 19:55:46.960 (UTC)] info/application	[Sensor] Updated distance: 44.7991436092644 cm | Severity=75 | SourceName=Sensor2 | EventType=application
[2026-08-16 19:55:47.960 (UTC)] info/application	[Sensor] Updated distance: 45.340888755089 cm | Severity=75 | SourceName=Sensor2 | EventType=application
[2026-08-16 19:55:48.959 (UTC)] info/application	[Sensor] Updated distance: 45.8957596050555 cm | Severity=75 | SourceName=Sensor2 | EventType=application
[2026-08-16 19:55:49.959 (UTC)] info/application	[Sensor] Updated distance: 44.5269039308311 cm | Severity=75 | SourceName=Sensor2 | EventType=application
[2026-08-16 19:55:50.958 (UTC)] info/application	[Sensor] Updated distance: 45.8545804085929 cm | Severity=75 | SourceName=Sensor2 | EventType=application
[2026-08-16 19:55:51.958 (UTC)] info/application	[Sensor] Updated distance: 45.1670040796357 cm | Severity=75 | SourceName=Sensor2 | EventType=application
[2026-08-16 19:55:52.958 (UTC)] info/application	[Sensor] Updated distance: 45.0747741565922 cm | Severity=75 | SourceName=Sensor2 | EventType=application
[2026-08-16 19:55:53.958 (UTC)] info/application	[Sensor] Updated distance: 45.012671669951 cm | Severity=75 | SourceName=Sensor2 | EventType=application
[2026-08-16 19:55:54.958 (UTC)] info/application	[Sensor] Updated distance: 44.9453539561691 cm | Severity=75 | SourceName=Sensor2 | EventType=application
[2026-08-16 19:55:55.958 (UTC)] info/application	[Sensor] Updated distance: 43.5415879024852 cm | Severity=75 | SourceName=Sensor2 | EventType=application
[2026-08-16 19:55:56.957 (UTC)] info/application	[Sensor] Updated distance: 43.0851791308192 cm | Severity=75 | SourceName=Sensor2 | EventType=application
[2026-08-16 19:55:57.958 (UTC)] info/application	[Sensor] Updated distance: 43.1844329839499 cm | Severity=75 | SourceName=Sensor2 | EventType=application
[2026-08-16 19:55:58.958 (UTC)] info/application	[Sensor] Updated distance: 43.1497323190093 cm | Severity=75 | SourceName=Sensor2 | EventType=application
[2026-08-16 19:55:59.958 (UTC)] info/application	[Sensor] Updated distance: 44.5536477493837 cm | Severity=75 | SourceName=Sensor2 | EventType=application
[2026-08-16 19:56:00.958 (UTC)] info/application	[Sensor] Updated distance: 44.8830552834007 cm | Severity=75 | SourceName=Sensor2 | EventType=application
[2026-08-16 19:56:01.958 (UTC)] info/application	[Sensor] Updated distance: 43.584387890801 cm | Severity=75 | SourceName=Sensor2 | EventType=application
[2026-08-16 19:56:02.958 (UTC)] info/application	[Sensor] Updated distance: 42.3945298376002 cm | Severity=75 | SourceName=Sensor2 | EventType=application
[2026-08-16 19:56:03.958 (UTC)] info/application	[Sensor] Updated distance: 42.5596708713842 cm | Severity=75 | SourceName=Sensor2 | EventType=application
[2026-08-16 19:56:04.957 (UTC)] info/application	[Sensor] Updated distance: 42.5982596734996 cm | Severity=75 | SourceName=Sensor2 | EventType=application
[2026-08-16 19:56:05.957 (UTC)] info/application	[Sensor] Updated distance: 43.4564948563727 cm | Severity=75 | SourceName=Sensor2 | EventType=application
[2026-08-16 19:56:06.957 (UTC)] info/application	[Sensor] Updated distance: 42.3581333020041 cm | Severity=75 | SourceName=Sensor2 | EventType=application
[2026-08-16 19:56:07.956 (UTC)] info/application	[Sensor] Updated distance: 42.3019120224294 cm | Severity=75 | SourceName=Sensor2 | EventType=application
[2026-08-16 19:56:08.955 (UTC)] info/application	[Sensor] Updated distance: 43.3080688686147 cm | Severity=75 | SourceName=Sensor2 | EventType=application
[2026-08-16 19:56:09.956 (UTC)] info/application	[Sensor] Updated distance: 43.9003204544542 cm | Severity=75 | SourceName=Sensor2 | EventType=application
[2026-08-16 19:56:10.956 (UTC)] info/application	[Sensor] Updated distance: 44.0302421532246 cm | Severity=75 | SourceName=Sensor2 | EventType=application
[2026-08-16 19:56:11.956 (UTC)] info/application	[Sensor] Updated distance: 44.6584527910028 cm | Severity=75 | SourceName=Sensor2 | EventType=application
[2026-08-16 19:56:12.955 (UTC)] info/application	[Sensor] Updated distance: 43.1747200631884 cm | Severity=75 | SourceName=Sensor2 | EventType=application
[2026-08-16 19:56:13.954 (UTC)] info/application	[Sensor] Updated distance: 44.006074471402 cm | Severity=75 | SourceName=Sensor2 | EventType=application
[2026-08-16 19:56:14.953 (UTC)] info/application	[Sensor] Updated distance: 43.6447910834778 cm | Severity=75 | SourceName=Sensor2 | EventType=application
[2026-08-16 19:56:15.953 (UTC)] info/application	[Sensor] Updated distance: 44.4281651421581 cm | Severity=75 | SourceName=Sensor2 | EventType=application
[2026-08-16 19:56:16.953 (UTC)] info/application	[Sensor] Updated distance: 44.7888794980425 cm | Severity=75 | SourceName=Sensor2 | EventType=application
[2026-08-16 19:56:17.953 (UTC)] info/application	[Sensor] Updated distance: 43.3710526020131 cm | Severity=75 | SourceName=Sensor2 | EventType=application
[2026-08-16 19:56:18.953 (UTC)] info/application	[Sensor] Updated distance: 43.196171805121 cm | Severity=75 | SourceName=Sensor2 | EventType=application
[2026-08-16 19:56:19.954 (UTC)] info/application	[Sensor] Updated distance: 42.611757009575 cm | Severity=75 | SourceName=Sensor2 | EventType=application
[2026-08-16 19:56:20.954 (UTC)] info/application	[Sensor] Updated distance: 41.325074