[2026-08-17 03:51:20.831 (UTC+0800)] [33mwarn/server[0m	AccessControl: Unconfigured AccessControl. Users have all permissions.
[2026-08-17 03:51:20.832 (UTC+0800)] [32minfo/server[0m	AccessControl: Anonymous login is enabled
[2026-08-17 03:51:20.832 (UTC+0800)] [33mwarn/server[0m	x509 Certificate Authentication configured, but no encrypting SecurityPolicy. This can leak credentials on the network.
[2026-08-17 03:51:20.865 (UTC+0800)] [33mwarn/application[0m	ServerUrls already set. Overriding.
[2026-08-17 03:51:20.865 (UTC+0800)] [33mwarn/server[0m	AccessControl: Unconfigured AccessControl. Users have all permissions.
[2026-08-17 03:51:20.865 (UTC+0800)] [32minfo/server[0m	AccessControl: Anonymous login is enabled
[2026-08-17 03:51:20.865 (UTC+0800)] [33mwarn/server[0m	x509 Certificate Authentication configured, but no encrypting SecurityPolicy. This can leak credentials on the network.
[2026-08-17 03:51:20.865 (UTC+0800)] [33mwarn/server[0m	x509 Certificate Authentication configured, but no encrypting SecurityPolicy. This can leak credentials on the network.
[2026-08-16 19:51:20.865 (UTC)] info/application	Sensor Server online (Client/Server mode, id=1 port=4842) | Severity=75 | SourceName=Sensor | EventType=application
Entering background polling mode: attempting to connect to Aggregation Server...
Connected successfully. Log forwarding started.
[2026-08-16 19:51:21.867 (UTC)] info/application	[Sensor] Updated distance: 25.6233870471471 cm | Severity=75 | SourceName=Sensor | EventType=application
[2026-08-16 19:51:21.867 (UTC)] info/network	[System] TCP 16	| Connection opened from "127.0.0.1" via the server socket 8 | Severity=75 | SourceName=System | EventType=network
[2026-08-16 19:51:21.867 (UTC)] info/channel	[System] TCP 16	| SC 1	| SecureChannel created | Severity=75 | SourceName=System | EventType=channel
[2026-08-16 19:51:21.888 (UTC)] info/channel	[System] TCP 16	| SC 1	| OpenSecureChannel: Channel opened with SecurityMode None for SecurityPolicy http://opcfoundation.org/UA/SecurityPolicy#None and a revised lifetime of 600.0s | Severity=75 | SourceName=System | EventType=channel
[2026-08-16 19:51:21.909 (UTC)] warn/client	[System] Removing a UserTokenPolicy that would allow the password to be transmitted without encryption (Can be enabled via config->allowNonePolicyPassword) | Severity=175 | SourceName=System | EventType=client
[2026-08-16 19:51:21.909 (UTC)] warn/client	[System] Removing a UserTokenPolicy that would allow the password to be transmitted without encryption (Can be enabled via config->allowNonePolicyPassword) | Severity=175 | SourceName=System | EventType=client
[2026-08-16 19:51:21.919 (UTC)] warn/client	[System] Removing a UserTokenPolicy that would allow the password to be transmitted without encryption (Can be enabled via config->allowNonePolicyPassword) | Severity=175 | SourceName=System | EventType=client
[2026-08-16 19:51:21.919 (UTC)] warn/client	[System] Removing a UserTokenPolicy that would allow the password to be transmitted without encryption (Can be enabled via config->allowNonePolicyPassword) | Severity=175 | SourceName=System | EventType=client
[2026-08-16 19:51:21.920 (UTC)] info/session	[System] TCP 16	| SC 1	| Session "ns=1;g=a3e110d8-7af5-5e46-7197-c9cca43ac38c"	| Session created | Severity=75 | SourceName=System | EventType=session
[2026-08-16 19:51:21.930 (UTC)] info/session	[System] TCP 16	| SC 1	| Session "ns=1;g=a3e110d8-7af5-5e46-7197-c9cca43ac38c"	| ActivateSession: Session activated with ClientUserId "" | Severity=75 | SourceName=System | EventType=session
[2026-08-16 19:51:23.951 (UTC)] info/application	[Sensor] Updated distance: 26.8221496068044 cm | Severity=75 | SourceName=Sensor | EventType=application
[2026-08-16 19:51:23.952 (UTC)] info/session	[System] TCP 16	| SC 1	| Session "ns=1;g=a3e110d8-7af5-5e46-7197-c9cca43ac38c"	| Subscription 1 | Subscription created (Publishing interval 500.0ms, max 1000 notifications per publish) | Severity=75 | SourceName=System | EventType=session
[2026-08-16 19:51:23.952 (UTC)] info/network	[System] TCP 17	| Connection opened from "127.0.0.1" via the server socket 8 | Severity=75 | SourceName=System | EventType=network
[2026-08-16 19:51:23.952 (UTC)] info/channel	[System] TCP 17	| SC 2	| SecureChannel created | Severity=75 | SourceName=System | EventType=channel
[2026-08-16 19:51:23.972 (UTC)] info/channel	[System] TCP 17	| SC 2	| OpenSecureChannel: Channel opened with SecurityMode None for SecurityPolicy http://opcfoundation.org/UA/SecurityPolicy#None and a revised lifetime of 600.0s | Severity=75 | SourceName=System | EventType=channel
[2026-08-16 19:51:23.993 (UTC)] warn/client	[System] Removing a UserTokenPolicy that would allow the password to be transmitted without encryption (Can be enabled via config->allowNonePolicyPassword) | Severity=175 | SourceName=System | EventType=client
[2026-08-16 19:51:23.993 (UTC)] warn/client	[System] Removing a UserTokenPolicy that would allow the password to be transmitted without encryption (Can be enabled via config->allowNonePolicyPassword) | Severity=175 | SourceName=System | EventType=client
[2026-08-16 19:51:24.003 (UTC)] warn/client	[System] Removing a UserTokenPolicy that would allow the password to be transmitted without encryption (Can be enabled via config->allowNonePolicyPassword) | Severity=175 | SourceName=System | EventType=client
[2026-08-16 19:51:24.003 (UTC)] warn/client	[System] Removing a UserTokenPolicy that would allow the password to be transmitted without encryption (Can be enabled via config->allowNonePolicyPassword) | Severity=175 | SourceName=System | EventType=client
[2026-08-16 19:51:24.003 (UTC)] info/session	[System] TCP 17	| SC 2	| Session "ns=1;g=9138bbf4-51fa-7f6a-c93c-13b17fb74be4"	| Session created | Severity=75 | SourceName=System | EventType=session
[2026-08-16 19:51:24.014 (UTC)] info/session	[System] TCP 17	| SC 2	| Session "ns=1;g=9138bbf4-51fa-7f6a-c93c-13b17fb74be4"	| ActivateSession: Session activated with ClientUserId "" | Severity=75 | SourceName=System | EventType=session
[2026-08-16 19:51:24.399 (UTC)] info/session	[System] TCP 17	| SC 2	| Session "ns=1;g=9138bbf4-51fa-7f6a-c93c-13b17fb74be4"	| Subscription 2 | Subscription created (Publishing interval 500.0ms, max 1000 notifications per publish) | Severity=75 | SourceName=System | EventType=session
[2026-08-16 19:51:24.420 (UTC)] info/session	[System] TCP 17	| SC 2	| Session "ns=1;g=9138bbf4-51fa-7f6a-c93c-13b17fb74be4"	| Subscription 2 | MonitoredItem 1 | Created the MonitoredItem (Sampling Interval: 250.0ms, Queue Size: 1) | Severity=75 | SourceName=System | EventType=session
[2026-08-16 19:51:24.955 (UTC)] info/application	[Sensor] Updated distance: 26.181958679893 cm | Severity=75 | SourceName=Sensor | EventType=application
[2026-08-16 19:51:25.955 (UTC)] info/application	[Sensor] Updated distance: 24.9494874346766 cm | Severity=75 | SourceName=Sensor | EventType=application
[2026-08-16 19:51:26.956 (UTC)] info/application	[Sensor] Updated distance: 25.5762637374346 cm | Severity=75 | SourceName=Sensor | EventType=application
[2026-08-16 19:51:27.956 (UTC)] info/application	[Sensor] Updated distance: 25.2148068622755 cm | Severity=75 | SourceName=Sensor | EventType=application
[2026-08-16 19:51:28.956 (UTC)] info/application	[Sensor] Updated distance: 24.4777401504003 cm | Severity=75 | SourceName=Sensor | EventType=application
[2026-08-16 19:51:29.956 (UTC)] info/application	[Sensor] Updated distance: 25.920118128378 cm | Severity=75 | SourceName=Sensor | EventType=application
[2026-08-16 19:51:30.956 (UTC)] info/application	[Sensor] Updated distance: 27.316457511306 cm | Severity=75 | SourceName=Sensor | EventType=application
[2026-08-16 19:51:31.955 (UTC)] info/application	[Sensor] Updated distance: 25.8421166487234 cm | Severity=75 | SourceName=Sensor | EventType=application
[2026-08-16 19:51:32.956 (UTC)] info/application	[Sensor] Updated distance: 26.2876531587856 cm | Severity=75 | SourceName=Sensor | EventType=application
[2026-08-16 19:51:33.955 (UTC)] info/application	[Sensor] Updated distance: 26.6651565128309 cm | Severity=75 | SourceName=Sensor | EventType=application
[2026-08-16 19:51:34.955 (UTC)] info/application	[Sensor] Updated distance: 25.3632916616571 cm | Severity=75 | SourceName=Sensor | EventType=application
[2026-08-16 19:51:35.955 (UTC)] info/application	[Sensor] Updated distance: 24.7956604202258 cm | Severity=75 | SourceName=Sensor | EventType=application
[2026-08-16 19:51:36.956 (UTC)] info/application	[Sensor] Updated distance: 25.8443725255059 cm | Severity=75 | SourceName=Sensor | EventType=application
[2026-08-16 19:51:37.957 (UTC)] info/application	[Sensor] Updated distance: 24.3602880427429 cm | Severity=75 | SourceName=Sensor | EventType=application
[2026-08-16 19:51:38.957 (UTC)] info/application	[Sensor] Updated distance: 25.3939418061142 cm | Severity=75 | SourceName=Sensor | EventType=application
[2026-08-16 19:51:39.957 (UTC)] info/application	[Sensor] Updated distance: 24.6640150857456 cm | Severity=75 | SourceName=Sensor | EventType=application
[2026-08-16 19:51:40.958 (UTC)] info/application	[Sensor] Updated distance: 24.1969809665796 cm | Severity=75 | SourceName=Sensor | EventType=application
[2026-08-16 19:51:41.959 (UTC)] info/application	[Sensor] Updated distance: 23.1656338638466 cm | Severity=75 | SourceName=Sensor | EventType=application
[2026-08-16 19:51:42.960 (UTC)] info/application	[Sensor] Updated distance: 23.3259986405382 cm | Severity=75 | SourceName=Sensor | EventType=application
[2026-08-16 19:51:43.960 (UTC)] info/application	[Sensor] Updated distance: 22.2807255756486 cm | Severity=75 | SourceName=Sensor | EventType=application
[2026-08-16 19:51:44.961 (UTC)] info/application	[Sensor] Updated distance: 21.329840313564 cm | Severity=75 | SourceName=Sensor | EventType=application
[2026-08-16 19:51:45.961 (UTC)] info/application	[Sensor] Updated distance: 20.3416825385493 cm | Severity=75 | SourceName=Sensor | EventType=application
[2026-08-16 19:51:46.961 (UTC)] info/application	[Sensor] Updated distance: 21.5644287546465 cm | Severity=75 | SourceName=Sensor | EventType=application
[2026-08-16 19:51:47.961 (UTC)] info/application	[Sensor] Updated distance: 21.1870264179013 cm | Severity=75 | SourceName=Sensor | EventType=application
[2026-08-16 19:51:48.961 (UTC)] info/application	[Sensor] Updated distance: 19.7577126139112 cm | Severity=75 | SourceName=Sensor | EventType=application
[2026-08-16 19:51:49.961 (UTC)] info/application	[Sensor] Updated distance: 20.1215754110001 cm | Severity=75 | SourceName=Sensor | EventType=application
[2026-08-16 19:51:50.951 (UTC)] info/application	[Sensor] Updated distance: 21.1068755046496 cm | Severity=75 | SourceName=Sensor | EventType=application
[2026-08-16 19:51:51.952 (UTC)] info/application	[Sensor] Updated distance: 21.5053820849887 cm | Severity=75 | SourceName=Sensor | EventType=application
[2026-08-16 19:51:52.952 (UTC)] info/application	[Sensor] Updated distance: 22.3367867930032 cm | Severity=75 | SourceName=Sensor | EventType=application
[2026-08-16 19:51:53.952 (UTC)] info/application	[Sensor] Updated distance: 21.4454739324029 cm | Severity=75 | SourceName=Sensor | EventType=application
[2026-08-16 19:51:54.951 (UTC)] info/application	[Sensor] Updated distance: 21.5427430710023 cm | Severity=75 | SourceName=Sensor | EventType=application
[2026-08-16 19:51:55.951 (UTC)] info/application	[Sensor] Updated distance: 20.2339568507084 cm | Severity=75 | SourceName=Sensor | EventType=application
[2026-08-16 19:51:56.951 (UTC)] info/application	[Sensor] Updated distance: 19.6101727448917 cm | Severity=75 | SourceName=Sensor | EventType=application
[2026-08-16 19:51:57.952 (UTC)] info/application	[Sensor] Updated distance: 18.8342181848521 cm | Severity=75 | SourceName=Sensor | EventType=application
[2026-08-16 19:51:58.961 (UTC)] info/application	[Sensor] Updated distance: 18.6639750893991 cm | Severity=75 | SourceName=Sensor | EventType=application
[2026-08-16 19:51:59.952 (UTC)] info/application	[Sensor] Updated distance: 18.8031242717072 cm | Severity=75 | SourceName=Sensor | EventType=application
[2026-08-16 19:52:00.952 (UTC)] info/application	[Sensor] Updated distance: 17.9695476896453 cm | Severity=75 | SourceName=Sensor | EventType=application
[2026-08-16 19:52:01.952 (UTC)] info/application	[Sensor] Updated distance: 17.6956439771203 cm | Severity=75 | SourceName=Sensor | EventType=application
[2026-08-16 19:52:02.952 (UTC)] info/application	[Sensor] Updated distance: 17.8604522982428 cm | Severity=75 | SourceName=Sensor | EventType=application
[2026-08-16 19:52:03.952 (UTC)] info/application	[Sensor] Updated distance: 18.9724122262431 cm | Severity=75 | SourceName=Sensor | EventType=application
[2026-08-16 19:52:04.952 (UTC)] info/application	[Sensor] Updated distance: 17.5760118663665 cm | Severity=75 | SourceName=Sensor | EventType=application
[2026-08-16 19:52:05.952 (UTC)] info/application	[Sensor] Updated distance: 17.9389553363151 cm | Severity=75 | SourceName=Sensor | EventType=application
[2026-08-16 19:52:06.952 (UTC)] info/application	[Sensor] Updated distance: 16.9832840214871 cm | Severity=75 | SourceName=Sensor | EventType=application
[2026-08-16 19:52:07.952 (UTC)] info/application	[Sensor] Updated distance: 18.1355957668906 cm | Severity=75 | SourceName=Sensor | EventType=application
[2026-08-16 19:52:08.952 (UTC)] info/application	[Sensor] Updated distance: 18.5144547540762 cm | Severity=75 | SourceName=Sensor | EventType=application
[2026-08-16 19:52:09.952 (UTC)] info/application	[Sensor] Updated distance: 17.0924372012226 cm | Severity=75 | SourceName=Sensor | EventType=application
[2026-08-16 19:52:10.953 (UTC)] info/application	[Sensor] Updated distance: 16.0148222248605 cm | Severity=75 | SourceName=Sensor | EventType=application
[2026-08-16 19:52:11.954 (UTC)] info/application	[Sensor] Updated distance: 17.42664709288 cm | Severity=75 | SourceName=Sensor | EventType=application
[2026-08-16 19:52:12.955 (UTC)] info/application	[Sensor] Updated distance: 16.4732824372935 cm | Severity=75 | SourceName=Sensor | EventType=application
[2026-08-16 19:52:13.955 (UTC)] info/application	[Sensor] Updated distance: 17.0560322376229 cm | Severity=75 | SourceName=Sensor | EventType=application
[2026-08-16 19:52:14.955 (UTC)] info/application	[Sensor] Updated distance: 15.9225840393559 cm | Severity=75 | SourceName=Sensor | EventType=application
[2026-08-16 19:52:15.954 (UTC)] info/application	[Sensor] Updated distance: 15.5183341216847 cm | Severity=75 | SourceName=Sensor | EventType=application
[2026-08-16 19:52:16.954 (UTC)] info/application	[Sensor] Updated distance: 16.6129261483964 cm | Severity=75 | SourceName=Sensor | EventType=application
[2026-08-16 19:52:17.954 (UTC)] info/application	[Sensor] Updated distance: 15.2022241648297 cm | Severity=75 | SourceName=Sensor | EventType=application
[2026-08-16 19:52:18.955 (UTC)] info/application	[Sensor] Updated distance: 15.9205719104132 cm | Severity=75 | SourceName=Sensor | EventType=application
[2026-08-16 19:52:19.955 (UTC)] info/application	[Sensor] Updated distance: 17.0858501331349 cm | Severity=75 | SourceName=Sensor | EventType=application
[2026-08-16 19:52:20.955 (UTC)] info/application	[Sensor] Updated distance: 17.539010946657 cm | Severity=75 | SourceName=Sensor | EventType=application
[2026-08-16 19:52:21.955 (UTC)] info/application	[Sensor] Updated distance: 17.7426587844932 cm | Severity=75 | SourceName=Sensor | EventType=application
[2026-08-16 19:52:22.954 (UTC)] info/application	[Sensor] Updated distance: 17.8064435861569 cm | Severity=75 | SourceName=Sensor | EventType=application
[2026-08-16 19:52:23.954 (UTC)] info/application	[Sensor] Updated distance: 17.5910091062966 cm | Severity=75 | SourceName=Sensor | EventType=application
[2026-08-16 19:52:24.954 (UTC)] info/application	[Sensor] Updated distance: 18.4033440835324 cm | Severity=75 | SourceName=Sensor | EventType=application
[2026-08-16 19:52:25.954 (UTC)] info/application	[Sensor] Updated distance: 17.0643980223985 cm | Severity=75 | SourceName=Sensor | EventType=application
[2026-08-16 19:52:26.953 (UTC)] info/application	[Sensor] Updated distance: 17.0401773222444 cm | Severity=75 | SourceName=Sensor | EventType=application
[2026-08-16 19:52:27.953 (UTC)] info/application	[Sensor] Updated distance: 15.7287281922664 cm | Severity=75 | SourceName=Sensor | EventType=application
[2026-08-16 19:52:28.954 (UTC)] info/application	[Sensor] Updated distance: 15.11382757249 cm | Severity=75 | SourceName=Sensor | EventType=application
[2026-08-16 19:52:29.953 (UTC)] info/application	[Sensor] Updated distance: 16.4193637768828 cm | Severity=75 | SourceName=Sensor | EventType=application
[2026-08-16 19:52:30.954 (UTC)] info/application	[Sensor] Updated distance: 16.7470638306099 cm | Severity=75 | SourceName=Sensor | EventType=application
[2026-08-16 19:52:31.954 (UTC)] info/application	[Sensor] Updated distance: 16.7985866287717 cm | Severity=75 | SourceName=Sensor | EventType=application
[2026-08-16 19:52:32.954 (UTC)] info/application	[Sensor] Updated distance: 16.3302191192425 cm | Severity=75 | SourceName=Sensor | EventType=application
[2026-08-16 19:52:33.953 (UTC)] info/application	[Sensor] Updated distance: 15.3227274926951 cm | Severity=75 | SourceName=Sensor | EventType=application
[2026-08-16 19:52:34.954 (UTC)] info/application	[Sensor] Updated distance: 14.9862102174602 cm | Severity=75 | SourceName=Sensor | EventType=application
[2026-08-16 19:52:35.954 (UTC)] info/application	[Sensor] Updated distance: 14.6214423480543 cm | Severity=75 | SourceName=Sensor | EventType=application
[2026-08-16 19:52:36.954 (UTC)] info/application	[Sensor] Updated distance: 15.4768941914555 cm | Severity=75 | SourceName=Sensor | EventType=application
[2026-08-16 19:52:37.954 (UTC)] info/application	[Sensor] Updated distance: 15.6847056013926 cm | Severity=75 | SourceName=Sensor | EventType=application
[2026-08-16 19:52:38.954 (UTC)] info/application	[Sensor] Updated distance: 14.9722494759933 cm | Severity=75 | SourceName=Sensor | EventType=application
[2026-08-16 19:52:39.954 (UTC)] info/application	[Sensor] Updated distance: 14.7065603051831 cm | Severity=75 | SourceName=Sensor | EventType=application
[2026-08-16 19:52:40.954 (UTC)] info/application	[Sensor] Updated distance: 14.9923541622666 cm | Severity=75 | SourceName=Sensor | EventType=application
[2026-08-16 19:52:41.954 (UTC)] info/application	[Sensor] Updated distance: 14.7022830605052 cm | Severity=75 | SourceName=Sensor | EventType=application
[2026-08-16 19:52:42.954 (UTC)] info/application	[Sensor] Updated distance: 14.3484187563175 cm | Severity=75 | SourceName=Sensor | EventType=application
[2026-08-16 19:52:43.954 (UTC)] info/application	[Sensor] Updated distance: 15.1808479578145 cm | Severity=75 | SourceName=Sensor | EventType=application
[2026-08-16 19:52:44.954 (UTC)] info/application	[Sensor] Updated distance: 13.9735266563825 cm | Severity=75 | SourceName=Sensor | EventType=application
[2026-08-16 19:52:45.954 (UTC)] info/application	[Sensor] Updated distance: 13.9862141539278 cm | Severity=75 | SourceName=Sensor | EventType=application
[2026-08-16 19:52:46.954 (UTC)] info/application	[Sensor] Updated distance: 12.9143934377536 cm | Severity=75 | SourceName=Sensor | EventType=application
[2026-08-16 19:52:47.954 (UTC)] info/application	[Sensor] Updated distance: 14.3016641630333 cm | Severity=75 | SourceName=Sensor | EventType=application
[2026-08-16 19:52:48.954 (UTC)] info/application	[Sensor] Updated distance: 14.403649677012 cm | Severity=75 | SourceName=Sensor | EventType=application
[2026-08-16 19:52:49.955 (UTC)] info/application	[Sensor] Updated distance: 15.5501767064213 cm | Severity=75 | SourceName=Sensor | EventType=application
[2026-08-16 19:52:50.955 (UTC)] info/application	[Sensor] Updated distance: 16.6027256530257 cm | Severity=75 | SourceName=Sensor | EventType=application
[2026-08-16 19:52:51.955 (UTC)] info/application	[Sensor] Updated distance: 15.6578719791294 cm | Severity=75 | SourceName=Sensor | EventType=application
[2026-08-16 19:52:52.956 (UTC)] info/application	[Sensor] Updated distance: 15.5080468463749 cm | Severity=75 | SourceName=Sensor | EventType=application
[2026-08-16 19:52:53.956 (UTC)] info/application	[Sensor] Updated distance: 15.124380594643 cm | Severity=75 | SourceName=Sensor | EventType=application
[2026-08-16 19:52:54.956 (UTC)] info/application	[Sensor] Updated distance: 15.4640924408865 cm | Severity=75 | SourceName=Sensor | EventType=application
[2026-08-16 19:52:55.957 (UTC)] info/application	[Sensor] Updated distance: 14.6266022839707 cm | Severity=75 | SourceName=Sensor | EventType=application
[2026-08-16 19:52:56.957 (UTC)] info/application	[Sensor] Updated distance: 14.403989971105 cm | Severity=75 | SourceName=Sensor | EventType=application
[2026-08-16 19:52:57.957 (UTC)] info/application	[Sensor] Updated distance: 13.2194811157973 cm | Severity=75 | SourceName=Sensor | EventType=application
[2026-08-16 19:52:58.958 (UTC)] info/application	[Sensor] Updated distance: 12.5705418303006 cm | Severity=75 | SourceName=Sensor | EventType=application
[2026-08-16 19:52:59.959 (UTC)] info/application	[Sensor] Updated distance: 13.2330288976585 cm | Severity=75 | SourceName=Sensor | EventType=application
[2026-08-16 19:53:00.960 (UTC)] info/application	[Sensor] Updated distance: 11.8540562453466 cm | Severity=75 | SourceName=Sensor | EventType=application
[2026-08-16 19:53:01.960 (UTC)] info/application	[Sensor] Updated distance: 13.032817013577 cm | Severity=75 | SourceName=Sensor | EventType=application
[2026-08-16 19:53:02.960 (UTC)] info/application	[Sensor] Updated distance: 12.2468268776996 cm | Severity=75 | SourceName=Sensor | EventType=application
[2026-08-16 19:53:03.960 (UTC)] info/application	[Sensor] Updated distance: 11.8994867172555 cm | Severity=75 | SourceName=Sensor | EventType=application
[2026-08-16 19:53:04.961 (UTC)] info/application	[Sensor] Updated distance: 10.5707558575416 cm | Severity=75 | SourceName=Sensor | EventType=application
[2026-08-16 19:53:05.951 (UTC)] info/application	[Sensor] Updated distance: 10.9482484464293 cm | Severity=75 | SourceName=Sensor | EventType=application
[2026-08-16 19:53:06.952 (UTC)] info/application	[Sensor] Updated distance: 11.7361404165794 cm | Severity=75 | SourceName=Sensor | EventType=application
[2026-08-16 19:53:07.952 (UTC)] info/application	[Sensor] Updated distance: 12.7628614002666 cm | Severity=75 | SourceName=Sensor | EventType=application
[2026-08-16 19:53:08.953 (UTC)] info/application	[Sensor] Updated distance: 11.8481653976944 cm | Severity=75 | SourceName=Sensor | EventType=application
[2026-08-16 19:53:09.953 (UTC)] info/application	[Sensor] Updated distance: 10.4236012424452 cm | Severity=75 | SourceName=Sensor | EventType=application
[2026-08-16 19:53:10.953 (UTC)] info/application	[Sensor] Updated distance: 9.68463305392518 cm | Severity=75 | SourceName=Sensor | EventType=application
[2026-08-16 19:53:11.954 (UTC)] info/application	[Sensor] Updated distance: 10.5557309084366 cm | Severity=75 | SourceName=Sensor | EventType=application
[2026-08-16 19:53:12.954 (UTC)] info/application	[Sensor] Updated distance: 10.3410956514259 cm | Severity=75 | SourceName=Sensor | EventType=application
[2026-08-16 19:53:13.955 (UTC)] info/application	[Sensor] Updated distance: 10.7482631587182 cm | Severity=75 | SourceName=Sensor | EventType=application
[2026-08-16 19:53:14.955 (UTC)] info/application	[Sensor] Updated distance: 10.9517902147266 cm | Severity=75 | SourceName=Sensor | EventType=application
[2026-08-16 19:53:15.955 (UTC)] info/application	[Sensor] Updated distance: 11.0298336562839 cm | Severity=75 | SourceName=Sensor | EventType=application
[2026-08-16 19:53:16.955 (UTC)] info/application	[Sensor] Updated distance: 9.94968865972463 cm | Severity=75 | SourceName=Sensor | EventType=application
[2026-08-16 19:53:17.956 (UTC)] info/application	[Sensor] Updated distance: 10.5813949995588 cm | Severity=75 | SourceName=Sensor | EventType=application
[2026-08-16 19:53:18.955 (UTC)] info/application	[Sensor] Updated distance: 10.5467091649988 cm | Severity=75 | SourceName=Sensor | EventType=application
[2026-08-16 19:53:19.956 (UTC)] info/application	[Sensor] Updated distance: 11.0685496824181 cm | Severity=75 | SourceName=Sensor | EventType=application
[2026-08-16 19:53:20.956 (UTC)] info/application	[Sensor] Updated distance: 11.3467830502646 cm | Severity=75 | SourceName=Sensor | EventType=application
[2026-08-16 19:53:21.956 (UTC)] info/application	[Sensor] Updated distance: 10.8646461623091 cm | Severity=75 | SourceName=Sensor | EventType=application
[2026-08-16 19:53:22.957 (UTC)] info/application	[Sensor] Updated distance: 11.9416330058321 cm | Severity=75 | SourceName=Sensor | EventType=application
[2026-08-16 19:53:23.957 (UTC)] info/application	[Sensor] Updated distance: 10.5700412395271 cm | Severity=75 | SourceName=Sensor | EventType=application
[2026-08-16 19:53:24.957 (UTC)] info/application	[Sensor] Updated distance: 11.2042380998396 cm | Severity=75 | SourceName=Sensor | EventType=application
[2026-08-16 19:53:25.957 (UTC)] info/application	[Sensor] Updated distance: 11.1209367882092 cm | Severity=75 | SourceName=Sensor | EventType=application
[2026-08-16 19:53:26.957 (UTC)] info/application	[Sensor] Updated distance: 10.4118548663854 cm | Severity=75 | SourceName=Sensor | EventType=application
[2026-08-16 19:53:27.958 (UTC)] info/application	[Sensor] Updated distance: 9.32343941243525 cm | Severity=75 | SourceName=Sensor | EventType=application
[2026-08-16 19:53:28.958 (UTC)] info/application	[Sensor] Updated distance: 9.55562924549711 cm | Severity=75 | SourceName=Sensor | EventType=application
[2026-08-16 19:53:29.958 (UTC)] info/application	[Sensor] Updated distance: 9.6976080381766 cm | Severity=75 | SourceName=Sensor | EventType=application
[2026-08-16 19:53:30.958 (UTC)] info/application	[Sensor] Updated distance: 10.7716796529813 cm | Severity=75 | SourceName=Sensor | EventType=application
[2026-08-16 19:53:31.958 (UTC)] info/application	[Sensor] Updated distance: 11.1248968337313 cm | Severity=75 | SourceName=Sensor | EventType=application
[2026-08-16 19:53:32.959 (UTC)] info/application	[Sensor] Updated distance: 10.9456363932442 cm | Severity=75 | SourceName=Sensor | EventType=application
[2026-08-16 19:53:33.959 (UTC)] info/application	[Sensor] Updated distance: 9.73371787077455 cm | Severity=75 | SourceName=Sensor | EventType=application
[2026-08-16 19:53:34.960 (UTC)] info/application	[Sensor] Updated distance: 8.23959488968346 cm | Severity=75 | SourceName=Sensor | EventType=application
[2026-08-16 19:53:35.960 (UTC)] info/application	[Sensor] Updated distance: 8.23160358948242 cm | Severity=75 | SourceName=Sensor | EventType=application
[2026-08-16 19:53:36.961 (UTC)] info/application	[Sensor] Updated distance: 8.89717765729743 cm | Severity=75 | SourceName=Sensor | EventType=application
[2026-08-16 19:53:37.961 (UTC)] info/application	[Sensor] Updated distance: 9.69094664775345 cm | Severity=75 | SourceName=Sensor | EventType=application
[2026-08-16 19:53:38.961 (UTC)] info/application	[Sensor] Updated distance: 9.20967632984262 cm | Severity=75 | SourceName=Sensor | EventType=application
[2026-08-16 19:53:39.961 (UTC)] info/application	[Sensor] Updated distance: 10.4605543950855 cm | Severity=75 | SourceName=Sensor | EventType=application
[2026-08-16 19:53:40.961 (UTC)] info/application	[Sensor] Updated distance: 11.3297592302923 cm | Severity=75 | SourceName=Sensor | EventType=application
[2026-08-16 19:53:41.961 (UTC)] info/application	[Sensor] Updated distance: 11.6095207238614 cm | Severity=75 | SourceName=Sensor | EventType=application
[2026-08-16 19:53:42.961 (UTC)] info/application	[Sensor] Updated distance: 12.2314966436157 cm | Severity=75 | SourceName=Sensor | EventType=application
[2026-08-16 19:53:43.961 (UTC)] info/application	[Sensor] Updated distance: 11.3860662204149 cm | Severity=75 | SourceName=Sensor | EventType=application
[2026-08-16 19:53:44.951 (UTC)] info/application	[Sensor] Updated distance: 10.5729952198793 cm | Severity=75 | SourceName=Sensor | EventType=application
[2026-08-16 19:53:45.952 (UTC)] info/application	[Sensor] Updated distance: 9.89849819424492 cm | Severity=75 | SourceName=Sensor | EventType=application
[2026-08-16 19:53:46.952 (UTC)] info/application	[Sensor] Updated distance: 10.6311112139985 cm | Severity=75 | SourceName=Sensor | EventType=application
[2026-08-16 19:53:47.952 (UTC)] info/application	[Sensor] Updated distance: 10.2378952169036 cm | Severity=75 | SourceName=Sensor | EventType=application
[2026-08-16 19:53:48.953 (UTC)] info/application	[Sensor] Updated distance: 11.6951045311033 cm | Severity=75 | SourceName=Sensor | EventType=application
[2026-08-16 19:53:49.953 (UTC)] info/application	[Sensor] Updated distance: 10.8930317148999 cm | Severity=75 | SourceName=Sensor | EventType=application
[2026-08-16 19:53:50.953 (UTC)] info/application	[Sensor] Updated distance: 9.52165623382742 cm | Severity=75 | SourceName=Sensor | EventType=application
[2026-08-16 19:53:51.953 (UTC)] info/application	[Sensor] Updated distance: 9.75709891447662 cm | Severity=75 | SourceName=Sensor | EventType=application
[2026-08-16 19:53:52.953 (UTC)] info/application	[Sensor] Updated distance: 9.9728892103177 cm | Severity=75 | SourceName=Sensor | EventType=application
[2026-08-16 19:53:53.953 (UTC)] info/application	[Sensor] Updated distance: 11.1785005727683 cm | Severity=75 | SourceName=Sensor | EventType=application
[2026-08-16 19:53:54.953 (UTC)] info/application	[Sensor] Updated distance: 11.5423514885094 cm | Severity=75 | SourceName=Sensor | EventType=application
[2026-08-16 19:53:55.953 (UTC)] info/application	[Sensor] Updated distance: 10.892338643266 cm | Severity=75 | SourceName=Sensor | EventType=application
[2026-08-16 19:53:56.953 (UTC)] info/application	[Sensor] Updated distance: 10.5146486926892 cm | Severity=75 | SourceName=Sensor | EventType=application
[2026-08-16 19:53:57.953 (UTC)] info/application	[Sensor] Updated distance: 11.6694176866065 cm | Severity=75 | SourceName=Sensor | EventType=application
[2026-08-16 19:53:58.953 (UTC)] info/application	[Sensor] Updated distance: 11.43098938881 cm | Severity=75 | SourceName=Sensor | EventType=application
[2026-08-16 19:53:59.957 (UTC)] info/application	[Sensor] Updated distance: 12.785489271295 cm | Severity=75 | SourceName=Sensor | EventType=application
[2026-08-16 19:54:00.957 (UTC)] info/application	[Sensor] Updated distance: 12.5822370564948 cm | Severity=75 | SourceName=Sensor | EventType=application
[2026-08-16 19:54:01.957 (UTC)] info/application	[Sensor] Updated distance: 11.917880372106 cm | Severity=75 | SourceName=Sensor | EventType=application
[2026-08-16 19:54:02.957 (UTC)] info/application	[Sensor] Updated distance: 12.125597433944 cm | Severity=75 | SourceName=Sensor | EventType=application
[2026-08-16 19:54:03.957 (UTC)] info/application	[Sensor] Updated distance: 13.2430847786568 cm | Severity=75 | SourceName=Sensor | EventType=application
[2026-08-16 19:54:04.957 (UTC)] info/application	[Sensor] Updated distance: 12.8668095717983 cm | Severity=75 | SourceName=Sensor | EventType=application
[2026-08-16 19:54:05.957 (UTC)] info/application	[Sensor] Updated distance: 13.0804036539422 cm | Severity=75 | SourceName=Sensor | EventType=application
[2026-08-16 19:54:06.957 (UTC)] info/application	[Sensor] Updated distance: 12.6898996970569 cm | Severity=75 | SourceName=Sensor | EventType=application
[2026-08-16 19:54:07.957 (UTC)] info/application	[Sensor] Updated distance: 11.4791985566165 cm | Severity=75 | SourceName=Sensor | EventType=application
[2026-08-16 19:54:08.958 (UTC)] info/application	[Sensor] Updated distance: 10.9865616278195 cm | Severity=75 | SourceName=Sensor | EventType=application
[2026-08-16 19:54:09.958 (UTC)] info/application	[Sensor] Updated distance: 11.6147873530233 cm | Severity=75 | SourceName=Sensor | EventType=application
[2026-08-16 19:54:10.958 (UTC)] info/application	[Sensor] Updated distance: 10.1549642778258 cm | Severity=75 | SourceName=Sensor | EventType=application
[2026-08-16 19:54:11.958 (UTC)] info/application	[Sensor] Updated distance: 9.03153218283855 cm | Severity=75 | SourceName=Sensor | EventType=application
[2026-08-16 19:54:12.959 (UTC)] info/application	[Sensor] Updated distance: 8.43951940021455 cm | Severity=75 | SourceName=Sensor | EventType=application
[2026-08-16 19:54:13.959 (UTC)] info/application	[Sensor] Updated distance: 9.10167224477123 cm | Severity=75 | SourceName=Sensor | EventType=application
[2026-08-16 19:54:14.959 (UTC)] info/application	[Sensor] Updated distance: 8.63280972658321 cm | Severity=75 | SourceName=Sensor | EventType=application
[2026-08-16 19:54:15.960 (UTC)] info/application	[Sensor] Updated distance: 8.72772594342368 cm | Severity=75 | SourceName=Sensor | EventType=application
[2026-08-16 19:54:16.960 (UTC)] info/application	[Sensor] Updated distance: 10.215381762346 cm | Severity=75 | SourceName=Sensor | EventType=application
[2026-08-16 19:54:17.960 (UTC)] info/application	[Sensor] Updated distance: 8.9791322625145 cm | Severity=75 | SourceName=Sensor | EventType=application
[2026-08-16 19:54:18.961 (UTC)] info/application	[Sensor] Updated distance: 10.1808324822601 cm | Severity=75 | SourceName=Sensor | EventType=application
[2026-08-16 19:54:19.961 (UTC)] info/application	[Sensor] Updated distance: 11.6256976139851 cm | Severity=75 | SourceName=Sensor | EventType=application
[2026-08-16 19:54:20.961 (UTC)] info/application	[Sensor] Updated distance: 11.0873752993473 cm | Severity=75 | SourceName=Sensor | EventType=application
[2026-08-16 19:54:21.961 (UTC)] info/application	[Sensor] Updated distance: 12.4177000380204 cm | Severity=75 | SourceName=Sensor | EventType=application
[2026-08-16 19:54:22.961 (UTC)] info/application	[Sensor] Updated distance: 12.5980078489976 cm | Severity=75 | SourceName=Sensor | EventType=application
[2026-08-16 19:54:23.951 (UTC)] info/application	[Sensor] Updated distance: 13.7754758302008 cm | Severity=75 | SourceName=Sensor | EventType=application
[2026-08-16 19:54:24.952 (UTC)] info/application	[Sensor] Updated distance: 14.8114119299275 cm | Severity=75 | SourceName=Sensor | EventType=application
[2026-08-16 19:54:25.952 (UTC)] info/application	[Sensor] Updated distance: 13.8555706552489 cm | Severity=75 | SourceName=Sensor | EventType=application
[2026-08-16 19:54:26.952 (UTC)] info/application	[Sensor] Updated distance: 12.8830257912087 cm | Severity=75 | SourceName=Sensor | EventType=application
[2026-08-16 19:54:27.952 (UTC)] info/application	[Sensor] Updated distance: 12.0412719389616 cm | Severity=75 | SourceName=Sensor | EventType=application
[2026-08-16 19:54:28.952 (UTC)] info/application	[Sensor] Updated distance: 10.7401996568033 cm | Severity=75 | SourceName=Sensor | EventType=application
[2026-08-16 19:54:29.953 (UTC)] info/application	[Sensor] Updated distance: 11.0292264949666 cm | Severity=75 | SourceName=Sensor | EventType=application
[2026-08-16 19:54:30.953 (UTC)] info/application	[Sensor] Updated distance: 10.0419725238075 cm | Severity=75 | SourceName=Sensor | EventType=application
[2026-08-16 19:54:31.953 (UTC)] info/application	[Sensor] Updated distance: 10.037648026849 cm | Severity=75 | SourceName=Sensor | EventType=application
[2026-08-16 19:54:32.953 (UTC)] info/application	[Sensor] Updated distance: 11.1623181806236 cm | Severity=75 | SourceName=Sensor | EventType=application
[2026-08-16 19:54:33.953 (UTC)] info/application	[Sensor] Updated distance: 11.8827812713025 cm | Severity=75 | SourceName=Sensor | EventType=application
[2026-08-16 19:54:34.953 (UTC)] info/application	[Sensor] Updated distance: 11.4959441176597 cm | Severity=75 | SourceName=Sensor | EventType=application
[2026-08-16 19:54:35.953 (UTC)] info/application	[Sensor] Updated distance: 10.7443390631789 cm | Severity=75 | SourceName=Sensor | EventType=application
[2026-08-16 19:54:36.953 (UTC)] info/application	[Sensor] Updated distance: 10.1783962346047 cm | Severity=75 | SourceName=Sensor | EventType=application
[2026-08-16 19:54:37.953 (UTC)] info/application	[Sensor] Updated distance: 10.9010551240766 cm | Severity=75 | SourceName=Sensor | EventType=application
[2026-08-16 19:54:38.953 (UTC)] info/application	[Sensor] Updated distance: 10.4387489305524 cm | Severity=75 | SourceName=Sensor | EventType=application
[2026-08-16 19:54:39.953 (UTC)] info/application	[Sensor] Updated distance: 10.8801691731811 cm | Severity=75 | SourceName=Sensor | EventType=application
[2026-08-16 19:54:40.954 (UTC)] info/application	[Sensor] Updated distance: 10.7310537864599 cm | Severity=75 | SourceName=Sensor | EventType=application
[2026-08-16 19:54:41.954 (UTC)] info/application	[Sensor] Updated distance: 10.3089245177381 cm | Severity=75 | SourceName=Sensor | EventType=application
[2026-08-16 19:54:42.954 (UTC)] info/application	[Sensor] Updated distance: 11.1269126653797 cm | Severity=75 | SourceName=Sensor | EventType=application
[2026-08-16 19:54:43.954 (UTC)] info/application	[Sensor] Updated distance: 11.8857844960344 cm | Severity=75 | SourceName=Sensor | EventType=application
[2026-08-16 19:54:44.954 (UTC)] info/application	[Sensor] Updated distance: 10.6258080704724 cm | Severity=75 | SourceName=Sensor | EventType=application
[2026-08-16 19:54:45.954 (UTC)] info/application	[Sensor] Updated distance: 9.47493369992587 cm | Severity=75 | SourceName=Sensor | EventType=application
[2026-08-16 19:54:46.954 (UTC)] info/application	[Sensor] Updated distance: 8.82872174602408 cm | Severity=75 | SourceName=Sensor | EventType=application
[2026-08-16 19:54:47.955 (UTC)] info/application	[Sensor] Updated distance: 7.55640113798734 cm | Severity=75 | SourceName=Sensor | EventType=application
[2026-08-16 19:54:48.955 (UTC)] info/application	[Sensor] Updated distance: 6.66927726760939 cm | Severity=75 | SourceName=Sensor | EventType=application
[2026-08-16 19:54:49.954 (UTC)] info/application	[Sensor] Updated distance: 5.72476553205623 cm | Severity=75 | SourceName=Sensor | EventType=application
[2026-08-16 19:54:50.953 (UTC)] info/application	[Sensor] Updated distance: 4.39731005434753 cm | Severity=75 | SourceName=Sensor | EventType=application
[2026-08-16 19:54:51.952 (UTC)] info/application	[Sensor] Updated distance: 4.47186386933172 cm | Severity=75 | SourceName=Sensor | EventType=application
[2026-08-16 19:54:52.952 (UTC)] info/application	[Sensor] Updated distance: 3.35767687105466 cm | Severity=75 | SourceName=Sensor | EventType=application
[2026-08-16 19:54:53.952 (UTC)] info/application	[Sensor] Updated distance: 3.7105292043232 cm | Severity=75 | SourceName=Sensor | EventType=application
[2026-08-16 19:54:54.953 (UTC)] info/application	[Sensor] Updated distance: 3.4625510005106 cm | Severity=75 | SourceName=Sensor | EventType=application
[2026-08-16 19:54:55.953 (UTC)] info/application	[Sensor] Updated distance: 4.88430010196022 cm | Severity=75 | SourceName=Sensor | EventType=application
[2026-08-16 19:54:56.952 (UTC)] info/application	[Sensor] Updated distance: 5.78131116194712 cm | Severity=75 | SourceName=Sensor | EventType=application
[2026-08-16 19:54:57.953 (UTC)] info/application	[Sensor] Updated distance: 6.06078809409439 cm | Severity=75 | SourceName=Sensor | EventType=application
[2026-08-16 19:54:58.953 (UTC)] info/application	[Sensor] Updated distance: 5.14078334189988 cm | Severity=75 | SourceName=Sensor | EventType=application
[2026-08-16 19:54:59.952 (UTC)] info/application	[Sensor] Updated distance: 6.23672211972844 cm | Severity=75 | SourceName=Sensor | EventType=application
[2026-08-16 19:55:00.953 (UTC)] info/application	[Sensor] Updated distance: 5.30522588864212 cm | Severity=75 | SourceName=Sensor | EventType=application
[2026-08-16 19:55:01.953 (UTC)] info/application	[Sensor] Updated distance: 4.8979671652885 cm | Severity=75 | SourceName=Sensor | EventType=application
[2026-08-16 19:55:02.953 (UTC)] info/application	[Sensor] Updated distance: 4.48958144615851 cm | Severity=75 | SourceName=Sensor | EventType=application
[2026-08-16 19:55:03.953 (UTC)] info/application	[Sensor] Updated distance: 3.18275536744984 cm | Severity=75 | SourceName=Sensor | EventType=application
[2026-08-16 19:55:04.953 (UTC)] info/application	[Sensor] Updated distance: 2.00404026522489 cm | Severity=75 | SourceName=Sensor | EventType=application
[2026-08-16 19:55:05.952 (UTC)] info/application	[Sensor] Updated distance: 2.70881739245207 cm | Severity=75 | SourceName=Sensor | EventType=application
[2026-08-16 19:55:06.952 (UTC)] info/application	[Sensor] Updated distance: 2.15038625926263 cm | Severity=75 | SourceName=Sensor | EventType=application
[2026-08-16 19:55:07.952 (UTC)] info/application	[Sensor] Updated distance: 2.10235220198629 cm | Severity=75 | SourceName=Sensor | EventType=application
[2026-08-16 19:55:08.952 (UTC)] info/application	[Sensor] Updated distance: 2.02978821868533 cm | Severity=75 | SourceName=Sensor | EventType=application
[2026-08-16 19:55:09.952 (UTC)] info/application	[Sensor] Updated distance: 2.50905089197171 cm | Severity=75 | SourceName=Sensor | EventType=application
[2026-08-16 19:55:10.952 (UTC)] info/application	[Sensor] Updated distance: 2.80226732664847 cm | Severity=75 | SourceName=Sensor | EventType=application
[2026-08-16 19:55:11.951 (UTC)] info/application	[Sensor] Updated distance: 4.08058795662624 cm | Severity=75 | SourceName=Sensor | EventType=application
[2026-08-16 19:55:12.961 (UTC)] info/application	[Sensor] Updated distance: 2.6377213597939 cm | Severity=75 | SourceName=Sensor | EventType=application
[2026-08-16 19:55:13.961 (UTC)] info/application	[Sensor] Updated distance: 3.64439128881525 cm | Severity=75 | SourceName=Sensor | EventType=application
[2026-08-16 19:55:14.951 (UTC)] info/application	[Sensor] Updated distance: 4.18158374944775 cm | Severity=75 | SourceName=Sensor | EventType=application
[2026-08-16 19:55:15.952 (UTC)] info/application	[Sensor] Updated distance: 2.97874072705337 cm | Severity=75 | SourceName=Sensor | EventType=application
[2026-08-16 19:55:16.952 (UTC)] info/application	[Sensor] Updated distance: 4.33453628552823 cm | Severity=75 | SourceName=Sensor | EventType=application
[2026-08-16 19:55:17.952 (UTC)] info/application	[Sensor] Updated distance: 5.72551679225895 cm | Severity=75 | SourceName=Sensor | EventType=application
[2026-08-16 19:55:18.952 (UTC)] info/application	[Sensor] Updated distance: 4.75035316182782 cm | Severity=75 | SourceName=Sensor | EventType=application
[2026-08-16 19:55:19.961 (UTC)] info/application	[Sensor] Updated distance: 3.71902484992474 cm | Severity=75 | SourceName=Sensor | EventType=application
[2026-08-16 19:55:20.961 (UTC)] info/application	[Sensor] Updated distance: 2.6654936211023 cm | Severity=75 | SourceName=Sensor | EventType=application
[2026-08-16 19:55:21.961 (UTC)] info/application	[Sensor] Updated distance: 2.13712548703753 cm | Severity=75 | SourceName=Sensor | EventType=application
[2026-08-16 19:55:22.961 (UTC)] info/application	[Sensor] Updated distance: 2.68035099011862 cm | Severity=75 | SourceName=Sensor | EventType=application
[2026-08-16 19:55:23.951 (UTC)] info/application	[Sensor] Updated distance: 2.01263276301913 cm | Severity=75 | SourceName=Sensor | EventType=application
[2026-08-16 19:55:24.951 (UTC)] info/application	[Sensor] Updated distance: 3.06286598954483 cm | Severity=75 | SourceName=Sensor | EventType=application
[2026-08-16 19:55:25.952 (UTC)] info/application	[Sensor] Updated distance: 2.14188671258366 cm | Severity=75 | SourceName=Sensor | EventType=application
[2026-08-16 19:55:26.952 (UTC)] info/application	[Sensor] Updated distance: 2.60408241306622 cm | Severity=75 | SourceName=Sensor | EventType=application
[2026-08-16 19:55:27.952 (UTC)] info/application	[Sensor] Updated distance: 3.05132669818184 cm | Severity=75 | SourceName=Sensor | EventType=application
[2026-08-16 19:55:28.952 (UTC)] info/application	[Sensor] Updated distance: 3.62605092820062 cm | Severity=75 | SourceName=Sensor | EventType=application
[2026-08-16 19:55:29.952 (UTC)] info/application	[Sensor] Updated distance: 3.46007705035623 cm | Severity=75 | SourceName=Sensor | EventType=application
[2026-08-16 19:55:30.952 (UTC)] info/application	[Sensor] Updated distance: 3.50326011190343 cm | Severity=75 | SourceName=Sensor | EventType=application
[2026-08-16 19:55:31.952 (UTC)] info/application	[Sensor] Updated distance: 4.64648811083589 cm | Severity=75 | SourceName=Sensor | EventType=application
[2026-08-16 19:55:32.951 (UTC)] info/application	[Sensor] Updated distance: 5.57325551103487 cm | Severity=75 | SourceName=Sensor | EventType=application
[2026-08-16 19:55:33.951 (UTC)] info/application	[Sensor] Updated distance: 6.70805285345207 cm | Severity=75 | SourceName=Sensor | EventType=application
[2026-08-16 19:55:34.961 (UTC)] info/application	[Sensor] Updated distance: 8.04445477367586 cm | Severity=75 | SourceName=Sensor | EventType=application
[2026-08-16 19:55:35.961 (UTC)] info/application	[Sensor] Updated distance: 9.28442654120011 cm | Severity=75 | SourceName=Sensor | EventType=application
[2026-08-16 19:55:36.961 (UTC)] info/application	[Sensor] Updated distance: 9.62400101084448 cm | Severity=75 | SourceName=Sensor | EventType=application
[2026-08-16 19:55:37.951 (UTC)] info/application	[Sensor] Updated distance: 8.90197179787884 cm | Severity=75 | SourceName=Sensor | EventType=application
[2026-08-16 19:55:38.961 (UTC)] info/application	[Sensor] Updated distance: 8.38920510275718 cm | Severity=75 | SourceName=Sensor | EventType=application
[2026-08-16 19:55:39.961 (UTC)] info/application	[Sensor] Updated distance: 7.15621558770361 cm | Severity=75 | SourceName=Sensor | EventType=application
[2026-08-16 19:55:40.951 (UTC)] info/application	[Sensor] Updated distance: 8.41344904802434 cm | Severity=75 | SourceName=Sensor | EventType=application
[2026-08-16 19:55:41.951 (UTC)] info/application	[Sensor] Updated distance: 8.08936413428251 cm | Severity=75 | SourceName=Sensor | EventType=application
[2026-08-16 19:55:42.951 (UTC)] info/application	[Sensor] Updated distance: 6.63469524780972 cm | Severity=75 | SourceName=Sensor | EventType=application
[2026-08-16 19:55:43.951 (UTC)] info/application	[Sensor] Updated distance: 7.9490621126951 cm | Severity=75 | SourceName=Sensor | EventType=application
[2026-08-16 19:55:44.952 (UTC)] info/application	[Sensor] Updated distance: 7.13164712797461 cm | Severity=75 | SourceName=Sensor | EventType=application
[2026-08-16 19:55:45.952 (UTC)] info/application	[Sensor] Updated distance: 7.71417070213434 cm | Severity=75 | SourceName=Sensor | EventType=application
[2026-08-16 19:55:46.952 (UTC)] info/application	[Sensor] Updated distance: 6.32569454322834 cm | Severity=75 | SourceName=Sensor | EventType=application
[2026-08-16 19:55:47.952 (UTC)] info/application	[Sensor] Updated distance: 5.36407511558573 cm | Severity=75 | SourceName=Sensor | EventType=application
[2026-08-16 19:55:48.952 (UTC)] info/application	[Sensor] Updated distance: 5.83757919647618 cm | Severity=75 | SourceName=Sensor | EventType=application
[2026-08-16 19:55:49.952 (UTC)] info/application	[Sensor] Updated distance: 4.97393940853604 cm | Severity=75 | SourceName=Sensor | EventType=application
[2026-08-16 19:55:50.952 (UTC)] info/application	[Sensor] Updated distance: 4.48099166899034 cm | Severity=75 | SourceName=Sensor | EventType=application
[2026-08-16 19:55:51.952 (UTC)] info/application	[Sensor] Updated distance: 5.40096452105835 cm | Severity=75 | SourceName=Sensor | EventType=application
[2026-08-16 19:55:52.952 (UTC)] info/application	[Sensor] Updated distance: 5.23470562497838 cm | Severity=75 | SourceName=Sensor | EventType=application
[2026-08-16 19:55:53.961 (UTC)] info/application	[Sensor] Updated distance: 3.78498338851378 cm | Severity=75 | SourceName=Sensor | EventType=application
[2026-08-16 19:55:54.961 (UTC)] info/application	[Sensor] Updated distance: 2.53723801208531 cm | Severity=75 | SourceName=Sensor | EventType=application
[2026-08-16 19:55:55.961 (UTC)] info/application	[Sensor] Updated distance: 2.07878765886593 cm | Severity=75 | SourceName=Sensor | EventType=application
[2026-08-16 19:55:56.960 (UTC)] info/application	[Sensor] Updated distance: 3.07568727972716 cm | Severity=75 | SourceName=Sensor | EventType=application
[2026-08-16 19:55:57.960 (UTC)] info/application	[Sensor] Updated distance: 2.58197277764881 cm | Severity=75 | SourceName=Sensor | EventType=application
[2026-08-16 19:55:58.960 (UTC)] info/application	[Sensor] Updated distance: 3.91319139181319 cm | Severity=75 | SourceName=Sensor | EventType=application
[2026-08-16 19:55:59.960 (UTC)] info/application	[Sensor] Updated distance: 4.83344068463586 cm | Severity=75 | SourceName=Sensor | EventType=application
[2026-08-16 19:56:00.960 (UTC)] info/application	[Sensor] Updated distance: 5.67375230611011 cm | Severity=75 | SourceName=Sensor | EventType=application
[2026-08-16 19:56:01.960 (UTC)] info/application	[Sensor] Updated distance: 5.54815398182168 cm | Severity=75 | SourceName=Sensor | EventType=application
[2026-08-16 19:56:02.960 (UTC)] info/application	[Sensor] Updated distance: 6.11163127217983 cm | Severity=75 | SourceName=Sensor | EventType=application
[2026-08-16 19:56:03.960 (UTC)] info/application	[Sensor] Updated distance: 6.37871029245607 cm | Severity=75 | SourceName=Sensor | EventType=application
[2026-08-16 19:56:04.960 (UTC)] info/application	[Sensor] Updated distance: 5.88790930918786 cm | Severity=75 | SourceName=Sensor | EventType=application
[2026-08-16 19:56:05.960 (UTC)] info/application	[Sensor] Updated distance: 6.2877885197698 cm | Severity=75 | SourceName=Sensor | EventType=application
[2026-08-16 19:56:06.960 (UTC)] info/application	[Sensor] Updated distance: 6.2948393061733 cm | Severity=75 | SourceName=Sensor | EventType=application
[2026-08-16 19:56:07.960 (UTC)] info/application	[Sensor] Updated distance: 7.64361279254947 cm | Severity=75 | SourceName=Sensor | EventType=application
[2026-08-16 19:56:08.959 (UTC)] info/application	[Sensor] Updated distance: 8.82146279016577 cm | Severity=75 | SourceName=Sensor | EventType=application
[2026-08-16 19:56:09.959 (UTC)] info/application	[Sensor] Updated distance: 9.81574688144761 cm | Severity=75 | SourceName=Sensor | EventType=application
[2026-08-16 19:56:10.959 (UTC)] info/application	[Sensor] Updated distance: 8.43153085137323 cm | Severity=75 | SourceName=Sensor | EventType=application
[2026-08-16 19:56:11.959 (UTC)] info/application	[Sensor] Updated distance: 9.36661430791328 cm | Severity=75 | SourceName=Sensor | EventType=application
[2026-08-16 19:56:12.959 (UTC)] info/application	[Sensor] Updated distance: 8.53681348545328 cm | Severity=75 | SourceName=Sensor | EventType=application
[2026-08-16 19:56:13.959 (UTC)] info/application	[Sensor] Updated distance: 7.1979285703031 cm | Severity=75 | SourceName=Sensor | EventType=application
[2026-08-16 19:56:14.959 (UTC)] info/application	[Sensor] Updated distance: 7.94737889033154 cm | Severity=75 | SourceName=Sensor | EventType=application
[2026-08-16 19:56:15.959 (UTC)] info/application	[Sensor] Updated distance: 7.80016308315105 cm | Severity=75 | SourceName=Sensor | EventType=application
[2026-08-16 19:56:16.959 (UTC)] info/application	[Sensor] Updated distance: 8.5438017421606 cm | Severity=75 | SourceName=Sensor | EventType=application
[2026-08-16 19:56:17.958 (UTC)] info/application	[Sensor] Updated distance: 9.40477590468003 cm | Severity=75 | SourceName=Sensor | EventType=application
[2026-08-16 19:56:18.958 (UTC)] info/application	[Sensor] Updated distance: 9.79594066985693 cm | Severity=75 | SourceName=Sensor | EventType=application
[2026-08-16 19:56:19.958 (UTC)] info/application	[Sensor] Updated distance: 9.51308340835994 cm | Severity=75 | SourceName=Sensor | EventType=application
[2026-08-16 19:56:20.958 (UTC)] info/application	[Sensor] Updated distance: 11.0104177829392 cm | Severity=75 | SourceName=Sensor | EventType=application
[2026-08-16 19:56:21.958 (UTC)] info/application	[Sensor] Updated distance: 12.4086348099674 cm | Severity=75 | SourceName=Sensor | EventType=application
[2026-08-16 19:56:22.959 (UTC)] info/application	[Sensor] Updated distance: 11.5457503991415 cm | Severity=75 | SourceName=Sensor | EventType=application
[2026-08-16 19:56:23.958 (UTC)] info/application	[Sensor] Updated distance: 11.3768258762438 cm | Severity=75 | SourceName=Sensor | EventType=application
[2026-08-16 19:56:24.958 (UTC)] info/application	[Sensor] Updated distance: 12.8253206668074 cm | Severity=75 | SourceName=Sensor | EventType=application
[2026-08-16 19:56:25.959 (UTC)] info/application	[Sensor] Updated distance: 12.2146908809499 cm | Severity=75 | SourceName=Sensor | EventType=application
[2026-08-16 19:56:26.959 (UTC)] info/application	[Sensor] Updated distance: 12.929740688498 cm | Severity=75 | SourceName=Sensor | EventType=application
[2026-08-16 19:56:27.959 (UTC)] info/application	[Sensor] Updated distance: 11.7237605390715 cm | Severity=75 | SourceName=Sensor | EventType=application
[2026-08-16 19:56:28.959 (UTC)] info/application	[Sensor] Updated distance: 12.1194162511357 cm | Severity=75 | SourceName=Sensor | EventType=application
[2026-08-16 19:56:29.961 (UTC)] info/application	[Sensor] Updated distance: 12.6656846714512 cm | Severity=75 | SourceName=Sensor | EventType=application
[2026-08-16 19:56:30.961 (UTC)] info/application	[Sensor] Updated distance: 13.8799538148474 cm | Severity=75 | SourceName=Sensor | EventType=application
[2026-08-16 19:56:31.961 (UTC)] info/application	[Sensor] Updated distance: 13.6159211469888 cm | Severity=75 | SourceName=Sensor | EventType=application
[2026-08-16 19:56:32.960 (UTC)] info/application	[Sensor] Updated distance: 12.5365912416189 cm | Severity=75 | SourceName=Sensor | EventType=application
[2026-08-16 19:56:33.960 (UTC)] info/application	[Sensor] Updated distance: 12.8143376753732 cm | Severity=75 | SourceName=Sensor | EventTyp