[2026-08-17 03:19:08.365 (UTC+0800)] [33mwarn/server[0m	AccessControl: Unconfigured AccessControl. Users have all permissions.
[2026-08-17 03:19:08.365 (UTC+0800)] [32minfo/server[0m	AccessControl: Anonymous login is enabled
[2026-08-17 03:19:08.365 (UTC+0800)] [33mwarn/server[0m	x509 Certificate Authentication configured, but no encrypting SecurityPolicy. This can leak credentials on the network.
[2026-08-17 03:19:08.398 (UTC+0800)] [33mwarn/application[0m	ServerUrls already set. Overriding.
[2026-08-17 03:19:08.398 (UTC+0800)] [33mwarn/server[0m	AccessControl: Unconfigured AccessControl. Users have all permissions.
[2026-08-17 03:19:08.398 (UTC+0800)] [32minfo/server[0m	AccessControl: Anonymous login is enabled
[2026-08-17 03:19:08.398 (UTC+0800)] [33mwarn/server[0m	x509 Certificate Authentication configured, but no encrypting SecurityPolicy. This can leak credentials on the network.
[2026-08-17 03:19:08.398 (UTC+0800)] [33mwarn/server[0m	x509 Certificate Authentication configured, but no encrypting SecurityPolicy. This can leak credentials on the network.
[2026-08-16 19:19:08.398 (UTC)] info/application	Sensor Server online (Client/Server mode, id=3 port=4844) | Severity=75 | SourceName=Sensor3 | EventType=application
Entering background polling mode: attempting to connect to Aggregation Server...
Connected successfully. Log forwarding started.
[2026-08-16 19:19:09.405 (UTC)] info/application	[Sensor] Updated distance: 26.0048371048201 cm | Severity=75 | SourceName=Sensor3 | EventType=application
[2026-08-16 19:19:10.374 (UTC)] info/network	[System] TCP 16	| Connection opened from "127.0.0.1" via the server socket 8 | Severity=75 | SourceName=System | EventType=network
[2026-08-16 19:19:10.374 (UTC)] info/channel	[System] TCP 16	| SC 1	| SecureChannel created | Severity=75 | SourceName=System | EventType=channel
[2026-08-16 19:19:10.394 (UTC)] info/channel	[System] TCP 16	| SC 1	| OpenSecureChannel: Channel opened with SecurityMode None for SecurityPolicy http://opcfoundation.org/UA/SecurityPolicy#None and a revised lifetime of 600.0s | Severity=75 | SourceName=System | EventType=channel
[2026-08-16 19:19:10.404 (UTC)] info/application	[Sensor] Updated distance: 24.8939458443289 cm | Severity=75 | SourceName=Sensor3 | EventType=application
[2026-08-16 19:19:10.415 (UTC)] warn/client	[System] Removing a UserTokenPolicy that would allow the password to be transmitted without encryption (Can be enabled via config->allowNonePolicyPassword) | Severity=175 | SourceName=System | EventType=client
[2026-08-16 19:19:10.415 (UTC)] warn/client	[System] Removing a UserTokenPolicy that would allow the password to be transmitted without encryption (Can be enabled via config->allowNonePolicyPassword) | Severity=175 | SourceName=System | EventType=client
[2026-08-16 19:19:10.425 (UTC)] warn/client	[System] Removing a UserTokenPolicy that would allow the password to be transmitted without encryption (Can be enabled via config->allowNonePolicyPassword) | Severity=175 | SourceName=System | EventType=client
[2026-08-16 19:19:10.425 (UTC)] warn/client	[System] Removing a UserTokenPolicy that would allow the password to be transmitted without encryption (Can be enabled via config->allowNonePolicyPassword) | Severity=175 | SourceName=System | EventType=client
[2026-08-16 19:19:10.426 (UTC)] info/session	[System] TCP 16	| SC 1	| Session "ns=1;g=ba824ed2-83a7-feb0-e8ee-9ee95f65f6ef"	| Session created | Severity=75 | SourceName=System | EventType=session
[2026-08-16 19:19:10.436 (UTC)] info/session	[System] TCP 16	| SC 1	| Session "ns=1;g=ba824ed2-83a7-feb0-e8ee-9ee95f65f6ef"	| ActivateSession: Session activated with ClientUserId "" | Severity=75 | SourceName=System | EventType=session
[2026-08-16 19:19:10.821 (UTC)] info/session	[System] TCP 16	| SC 1	| Session "ns=1;g=ba824ed2-83a7-feb0-e8ee-9ee95f65f6ef"	| Subscription 1 | Subscription created (Publishing interval 500.0ms, max 1000 notifications per publish) | Severity=75 | SourceName=System | EventType=session
[2026-08-16 19:19:10.831 (UTC)] info/session	[System] TCP 16	| SC 1	| Session "ns=1;g=ba824ed2-83a7-feb0-e8ee-9ee95f65f6ef"	| Subscription 1 | MonitoredItem 1 | Created the MonitoredItem (Sampling Interval: 250.0ms, Queue Size: 1) | Severity=75 | SourceName=System | EventType=session
[2026-08-16 19:19:11.407 (UTC)] info/application	[Sensor] Updated distance: 24.6188338595065 cm | Severity=75 | SourceName=Sensor3 | EventType=application
[2026-08-16 19:19:12.406 (UTC)] info/application	[Sensor] Updated distance: 23.1540192813398 cm | Severity=75 | SourceName=Sensor3 | EventType=application
[2026-08-16 19:19:13.490 (UTC)] info/application	[Sensor] Updated distance: 24.0921218072028 cm | Severity=75 | SourceName=Sensor3 | EventType=application
[2026-08-16 19:19:14.399 (UTC)] info/application	[Sensor] Updated distance: 23.0924959737307 cm | Severity=75 | SourceName=Sensor3 | EventType=application
[2026-08-16 19:19:15.399 (UTC)] info/application	[Sensor] Updated distance: 21.9211252319725 cm | Severity=75 | SourceName=Sensor3 | EventType=application
[2026-08-16 19:19:16.399 (UTC)] info/application	[Sensor] Updated distance: 22.1874661097245 cm | Severity=75 | SourceName=Sensor3 | EventType=application
[2026-08-16 19:19:17.400 (UTC)] info/application	[Sensor] Updated distance: 22.7785438058332 cm | Severity=75 | SourceName=Sensor3 | EventType=application
[2026-08-16 19:19:18.400 (UTC)] info/application	[Sensor] Updated distance: 24.2459754362916 cm | Severity=75 | SourceName=Sensor3 | EventType=application
[2026-08-16 19:19:19.400 (UTC)] info/application	[Sensor] Updated distance: 23.7374495357449 cm | Severity=75 | SourceName=Sensor3 | EventType=application
[2026-08-16 19:19:20.401 (UTC)] info/application	[Sensor] Updated distance: 22.6090458755424 cm | Severity=75 | SourceName=Sensor3 | EventType=application
[2026-08-16 19:19:21.401 (UTC)] info/application	[Sensor] Updated distance: 23.4458229141058 cm | Severity=75 | SourceName=Sensor3 | EventType=application
[2026-08-16 19:19:22.401 (UTC)] info/application	[Sensor] Updated distance: 24.5911641933914 cm | Severity=75 | SourceName=Sensor3 | EventType=application
[2026-08-16 19:19:23.401 (UTC)] info/application	[Sensor] Updated distance: 25.6742520230702 cm | Severity=75 | SourceName=Sensor3 | EventType=application
[2026-08-16 19:19:24.401 (UTC)] info/application	[Sensor] Updated distance: 25.4015606201261 cm | Severity=75 | SourceName=Sensor3 | EventType=application
[2026-08-16 19:19:25.401 (UTC)] info/application	[Sensor] Updated distance: 25.5785357333154 cm | Severity=75 | SourceName=Sensor3 | EventType=application
[2026-08-16 19:19:26.401 (UTC)] info/application	[Sensor] Updated distance: 25.6382499810486 cm | Severity=75 | SourceName=Sensor3 | EventType=application
[2026-08-16 19:19:27.401 (UTC)] info/application	[Sensor] Updated distance: 24.5682337684875 cm | Severity=75 | SourceName=Sensor3 | EventType=application
[2026-08-16 19:19:28.401 (UTC)] info/application	[Sensor] Updated distance: 23.9301796108159 cm | Severity=75 | SourceName=Sensor3 | EventType=application
[2026-08-16 19:19:29.402 (UTC)] info/application	[Sensor] Updated distance: 24.7676694226766 cm | Severity=75 | SourceName=Sensor3 | EventType=application
[2026-08-16 19:19:30.402 (UTC)] info/application	[Sensor] Updated distance: 24.2291564504752 cm | Severity=75 | SourceName=Sensor3 | EventType=application
[2026-08-16 19:19:31.402 (UTC)] info/application	[Sensor] Updated distance: 25.585617891087 cm | Severity=75 | SourceName=Sensor3 | EventType=application
[2026-08-16 19:19:32.402 (UTC)] info/application	[Sensor] Updated distance: 24.2134124688867 cm | Severity=75 | SourceName=Sensor3 | EventType=application
[2026-08-16 19:19:33.401 (UTC)] info/application	[Sensor] Updated distance: 25.1526054258703 cm | Severity=75 | SourceName=Sensor3 | EventType=application
[2026-08-16 19:19:34.402 (UTC)] info/application	[Sensor] Updated distance: 24.8984083542127 cm | Severity=75 | SourceName=Sensor3 | EventType=application
[2026-08-16 19:19:35.402 (UTC)] info/application	[Sensor] Updated distance: 25.4596892380899 cm | Severity=75 | SourceName=Sensor3 | EventType=application
[2026-08-16 19:19:36.402 (UTC)] info/application	[Sensor] Updated distance: 25.1851069504326 cm | Severity=75 | SourceName=Sensor3 | EventType=application
[2026-08-16 19:19:37.402 (UTC)] info/application	[Sensor] Updated distance: 25.7296118755963 cm | Severity=75 | SourceName=Sensor3 | EventType=application
[2026-08-16 19:19:38.401 (UTC)] info/application	[Sensor] Updated distance: 24.5316254368665 cm | Severity=75 | SourceName=Sensor3 | EventType=application
[2026-08-16 19:19:39.401 (UTC)] info/application	[Sensor] Updated distance: 23.7990953602358 cm | Severity=75 | SourceName=Sensor3 | EventType=application
[2026-08-16 19:19:40.401 (UTC)] info/application	[Sensor] Updated distance: 22.8484373902196 cm | Severity=75 | SourceName=Sensor3 | EventType=application
[2026-08-16 19:19:41.401 (UTC)] info/application	[Sensor] Updated distance: 22.0395596909987 cm | Severity=75 | SourceName=Sensor3 | EventType=application
[2026-08-16 19:19:42.401 (UTC)] info/application	[Sensor] Updated distance: 22.5319176295455 cm | Severity=75 | SourceName=Sensor3 | EventType=application
[2026-08-16 19:19:43.401 (UTC)] info/application	[Sensor] Updated distance: 21.6164450813627 cm | Severity=75 | SourceName=Sensor3 | EventType=application
[2026-08-16 19:19:44.401 (UTC)] info/application	[Sensor] Updated distance: 20.2456699066077 cm | Severity=75 | SourceName=Sensor3 | EventType=application
[2026-08-16 19:19:45.402 (UTC)] info/application	[Sensor] Updated distance: 21.2384020130794 cm | Severity=75 | SourceName=Sensor3 | EventType=application
[2026-08-16 19:19:46.401 (UTC)] info/application	[Sensor] Updated distance: 20.6515587231384 cm | Severity=75 | SourceName=Sensor3 | EventType=application
[2026-08-16 19:19:47.401 (UTC)] info/application	[Sensor] Updated distance: 21.0471244275324 cm | Severity=75 | SourceName=Sensor3 | EventType=application
[2026-08-16 19:19:48.400 (UTC)] info/application	[Sensor] Updated distance: 21.1309342287159 cm | Severity=75 | SourceName=Sensor3 | EventType=application
[2026-08-16 19:19:49.401 (UTC)] info/application	[Sensor] Updated distance: 20.5115225678363 cm | Severity=75 | SourceName=Sensor3 | EventType=application
[2026-08-16 19:19:50.401 (UTC)] info/application	[Sensor] Updated distance: 21.8985623716836 cm | Severity=75 | SourceName=Sensor3 | EventType=application
[2026-08-16 19:19:51.401 (UTC)] info/application	[Sensor] Updated distance: 22.3539685126645 cm | Severity=75 | SourceName=Sensor3 | EventType=application
[2026-08-16 19:19:52.401 (UTC)] info/application	[Sensor] Updated distance: 21.0713338889514 cm | Severity=75 | SourceName=Sensor3 | EventType=application
[2026-08-16 19:19:53.402 (UTC)] info/application	[Sensor] Updated distance: 22.1037149706873 cm | Severity=75 | SourceName=Sensor3 | EventType=application
[2026-08-16 19:19:54.403 (UTC)] info/application	[Sensor] Updated distance: 22.1422089399501 cm | Severity=75 | SourceName=Sensor3 | EventType=application
[2026-08-16 19:19:55.403 (UTC)] info/application	[Sensor] Updated distance: 22.0868829146898 cm | Severity=75 | SourceName=Sensor3 | EventType=application
[2026-08-16 19:19:56.404 (UTC)] info/application	[Sensor] Updated distance: 21.796239108218 cm | Severity=75 | SourceName=Sensor3 | EventType=application
[2026-08-16 19:19:57.405 (UTC)] info/application	[Sensor] Updated distance: 20.394447323817 cm | Severity=75 | SourceName=Sensor3 | EventType=application
[2026-08-16 19:19:58.406 (UTC)] info/application	[Sensor] Updated distance: 20.7691050859956 cm | Severity=75 | SourceName=Sensor3 | EventType=application
[2026-08-16 19:19:59.406 (UTC)] info/application	[Sensor] Updated distance: 21.3404071232492 cm | Severity=75 | SourceName=Sensor3 | EventType=application
[2026-08-16 19:20:00.406 (UTC)] info/application	[Sensor] Updated distance: 22.276105150709 cm | Severity=75 | SourceName=Sensor3 | EventType=application
[2026-08-16 19:20:01.407 (UTC)] info/application	[Sensor] Updated distance: 23.612249940686 cm | Severity=75 | SourceName=Sensor3 | EventType=application
[2026-08-16 19:20:02.408 (UTC)] info/application	[Sensor] Updated distance: 24.0400134171545 cm | Severity=75 | SourceName=Sensor3 | EventType=application
[2026-08-16 19:20:03.398 (UTC)] info/application	[Sensor] Updated distance: 25.103506022414 cm | Severity=75 | SourceName=Sensor3 | EventType=application
[2026-08-16 19:20:04.398 (UTC)] info/application	[Sensor] Updated distance: 25.8788437679777 cm | Severity=75 | SourceName=Sensor3 | EventType=application
[2026-08-16 19:20:05.399 (UTC)] info/application	[Sensor] Updated distance: 24.5524101727886 cm | Severity=75 | SourceName=Sensor3 | EventType=application
[2026-08-16 19:20:06.398 (UTC)] info/application	[Sensor] Updated distance: 24.6771836619252 cm | Severity=75 | SourceName=Sensor3 | EventType=application
[2026-08-16 19:20:07.399 (UTC)] info/application	[Sensor] Updated distance: 23.6779391184346 cm | Severity=75 | SourceName=Sensor3 | EventType=application
[2026-08-16 19:20:08.399 (UTC)] info/application	[Sensor] Updated distance: 24.3960104484092 cm | Severity=75 | SourceName=Sensor3 | EventType=application
[2026-08-16 19:20:09.400 (UTC)] info/application	[Sensor] Updated distance: 24.8227974988161 cm | Severity=75 | SourceName=Sensor3 | EventType=application
[2026-08-16 19:20:10.401 (UTC)] info/application	[Sensor] Updated distance: 24.5910228786948 cm | Severity=75 | SourceName=Sensor3 | EventType=application
[2026-08-16 19:20:11.401 (UTC)] info/application	[Sensor] Updated distance: 25.8584362386532 cm | Severity=75 | SourceName=Sensor3 | EventType=application
[2026-08-16 19:20:12.401 (UTC)] info/application	[Sensor] Updated distance: 26.9763455912361 cm | Severity=75 | SourceName=Sensor3 | EventType=application
[2026-08-16 19:20:13.402 (UTC)] info/application	[Sensor] Updated distance: 25.7369289096617 cm | Severity=75 | SourceName=Sensor3 | EventType=application
[2026-08-16 19:20:14.402 (UTC)] info/application	[Sensor] Updated distance: 24.5888697214373 cm | Severity=75 | SourceName=Sensor3 | EventType=application
[2026-08-16 19:20:15.403 (UTC)] info/application	[Sensor] Updated distance: 25.8360038992651 cm | Severity=75 | SourceName=Sensor3 | EventType=application
[2026-08-16 19:20:16.403 (UTC)] info/application	[Sensor] Updated distance: 27.0893193241625 cm | Severity=75 | SourceName=Sensor3 | EventType=application
[2026-08-16 19:20:17.403 (UTC)] info/application	[Sensor] Updated distance: 26.8544168459971 cm | Severity=75 | SourceName=Sensor3 | EventType=application
[2026-08-16 19:20:18.404 (UTC)] info/application	[Sensor] Updated distance: 26.9971167268218 cm | Severity=75 | SourceName=Sensor3 | EventType=application
[2026-08-16 19:20:19.404 (UTC)] info/application	[Sensor] Updated distance: 26.8342419515058 cm | Severity=75 | SourceName=Sensor3 | EventType=application
[2026-08-16 19:20:20.405 (UTC)] info/application	[Sensor] Updated distance: 27.4799278138578 cm | Severity=75 | SourceName=Sensor3 | EventType=application
[2026-08-16 19:20:21.405 (UTC)] info/application	[Sensor] Updated distance: 27.5096674971327 cm | Severity=75 | SourceName=Sensor3 | EventType=application
[2026-08-16 19:20:22.405 (UTC)] info/application	[Sensor] Updated distance: 26.3021988614007 cm | Severity=75 | SourceName=Sensor3 | EventType=application
[2026-08-16 19:20:23.406 (UTC)] info/application	[Sensor] Updated distance: 27.1652501000395 cm | Severity=75 | SourceName=Sensor3 | EventType=application
[2026-08-16 19:20:24.406 (UTC)] info/application	[Sensor] Updated distance: 26.7273708650504 cm | Severity=75 | SourceName=Sensor3 | EventType=application
[2026-08-16 19:20:25.406 (UTC)] info/application	[Sensor] Updated distance: 27.0583961985811 cm | Severity=75 | SourceName=Sensor3 | EventType=application
[2026-08-16 19:20:26.407 (UTC)] info/application	[Sensor] Updated distance: 26.3661214105627 cm | Severity=75 | SourceName=Sensor3 | EventType=application
[2026-08-16 19:20:27.407 (UTC)] info/application	[Sensor] Updated distance: 27.1375983691018 cm | Severity=75 | SourceName=Sensor3 | EventType=application
[2026-08-16 19:20:28.407 (UTC)] info/application	[Sensor] Updated distance: 27.5668319196286 cm | Severity=75 | SourceName=Sensor3 | EventType=application
[2026-08-16 19:20:29.407 (UTC)] info/application	[Sensor] Updated distance: 28.7492148937887 cm | Severity=75 | SourceName=Sensor3 | EventType=application
[2026-08-16 19:20:30.407 (UTC)] info/application	[Sensor] Updated distance: 28.5919938881844 cm | Severity=75 | SourceName=Sensor3 | EventType=application
[2026-08-16 19:20:31.407 (UTC)] info/application	[Sensor] Updated distance: 28.456925464774 cm | Severity=75 | SourceName=Sensor3 | EventType=application
[2026-08-16 19:20:32.407 (UTC)] info/application	[Sensor] Updated distance: 29.4754532275141 cm | Severity=75 | SourceName=Sensor3 | EventType=application
[2026-08-16 19:20:33.407 (UTC)] info/application	[Sensor] Updated distance: 28.2459956983784 cm | Severity=75 | SourceName=Sensor3 | EventType=application
[2026-08-16 19:20:34.407 (UTC)] info/application	[Sensor] Updated distance: 27.6744198802274 cm | Severity=75 | SourceName=Sensor3 | EventType=application
[2026-08-16 19:20:35.407 (UTC)] info/application	[Sensor] Updated distance: 27.9682853871343 cm | Severity=75 | SourceName=Sensor3 | EventType=application
[2026-08-16 19:20:36.407 (UTC)] info/application	[Sensor] Updated distance: 26.9123942628095 cm | Severity=75 | SourceName=Sensor3 | EventType=application
[2026-08-16 19:20:37.407 (UTC)] info/application	[Sensor] Updated distance: 27.9655919337951 cm | Severity=75 | SourceName=Sensor3 | EventType=application
[2026-08-16 19:20:38.407 (UTC)] info/application	[Sensor] Updated distance: 28.7602128986084 cm | Severity=75 | SourceName=Sensor3 | EventType=application
[2026-08-16 19:20:39.407 (UTC)] info/application	[Sensor] Updated distance: 29.9223931042582 cm | Severity=75 | SourceName=Sensor3 | EventType=application
[2026-08-16 19:20:40.407 (UTC)] info/application	[Sensor] Updated distance: 29.9023778242536 cm | Severity=75 | SourceName=Sensor3 | EventType=application
[2026-08-16 19:20:41.407 (UTC)] info/application	[Sensor] Updated distance: 28.9652241675487 cm | Severity=75 | SourceName=Sensor3 | EventType=application
[2026-08-16 19:20:42.408 (UTC)] info/application	[Sensor] Updated distance: 29.8948177331569 cm | Severity=75 | SourceName=Sensor3 | EventType=application
[2026-08-16 19:20:43.408 (UTC)] info/application	[Sensor] Updated distance: 29.4927118043381 cm | Severity=75 | SourceName=Sensor3 | EventType=application
[2026-08-16 19:20:44.408 (UTC)] info/application	[Sensor] Updated distance: 28.8161414660589 cm | Severity=75 | SourceName=Sensor3 | EventType=application
[2026-08-16 19:20:45.398 (UTC)] info/application	[Sensor] Updated distance: 30.0976758434426 cm | Severity=75 | SourceName=Sensor3 | EventType=application
[2026-08-16 19:20:46.398 (UTC)] info/application	[Sensor] Updated distance: 29.4427040924517 cm | Severity=75 | SourceName=Sensor3 | EventType=application
[2026-08-16 19:20:47.408 (UTC)] info/application	[Sensor] Updated distance: 28.5194491776728 cm | Severity=75 | SourceName=Sensor3 | EventType=application
[2026-08-16 19:20:48.398 (UTC)] info/application	[Sensor] Updated distance: 28.0660810754942 cm | Severity=75 | SourceName=Sensor3 | EventType=application
[2026-08-16 19:20:49.398 (UTC)] info/application	[Sensor] Updated distance: 29.053809205328 cm | Severity=75 | SourceName=Sensor3 | EventType=application
[2026-08-16 19:20:50.408 (UTC)] info/application	[Sensor] Updated distance: 29.4676795152331 cm | Severity=75 | SourceName=Sensor3 | EventType=application
[2026-08-16 19:20:51.407 (UTC)] info/application	[Sensor] Updated distance: 28.1599972740095 cm | Severity=75 | SourceName=Sensor3 | EventType=application
[2026-08-16 19:20:52.408 (UTC)] info/application	[Sensor] Updated distance: 27.6774650871183 cm | Severity=75 | SourceName=Sensor3 | EventType=application
[2026-08-16 19:20:53.408 (UTC)] info/application	[Sensor] Updated distance: 28.3838667612913 cm | Severity=75 | SourceName=Sensor3 | EventType=application
[2026-08-16 19:20:54.407 (UTC)] info/application	[Sensor] Updated distance: 29.4392357601035 cm | Severity=75 | SourceName=Sensor3 | EventType=application
[2026-08-16 19:20:55.407 (UTC)] info/application	[Sensor] Updated distance: 30.0188243382232 cm | Severity=75 | SourceName=Sensor3 | EventType=application
[2026-08-16 19:20:56.407 (UTC)] info/application	[Sensor] Updated distance: 29.556251345927 cm | Severity=75 | SourceName=Sensor3 | EventType=application
[2026-08-16 19:20:57.407 (UTC)] info/application	[Sensor] Updated distance: 28.4193455553238 cm | Severity=75 | SourceName=Sensor3 | EventType=application
[2026-08-16 19:20:58.407 (UTC)] info/application	[Sensor] Updated distance: 28.2704110905856 cm | Severity=75 | SourceName=Sensor3 | EventType=application
[2026-08-16 19:20:59.407 (UTC)] info/application	[Sensor] Updated distance: 29.7370716488161 cm | Severity=75 | SourceName=Sensor3 | EventType=application
[2026-08-16 19:21:00.407 (UTC)] info/application	[Sensor] Updated distance: 28.282548832373 cm | Severity=75 | SourceName=Sensor3 | EventType=application
[2026-08-16 19:21:01.406 (UTC)] info/application	[Sensor] Updated distance: 29.4763933634276 cm | Severity=75 | SourceName=Sensor3 | EventType=application
[2026-08-16 19:21:02.406 (UTC)] info/application	[Sensor] Updated distance: 29.3079854968507 cm | Severity=75 | SourceName=Sensor3 | EventType=application
[2026-08-16 19:21:03.406 (UTC)] info/application	[Sensor] Updated distance: 30.3719904431477 cm | Severity=75 | SourceName=Sensor3 | EventType=application
[2026-08-16 19:21:04.406 (UTC)] info/application	[Sensor] Updated distance: 31.8363774450665 cm | Severity=75 | SourceName=Sensor3 | EventType=application
[2026-08-16 19:21:05.407 (UTC)] info/application	[Sensor] Updated distance: 32.5963937603386 cm | Severity=75 | SourceName=Sensor3 | EventType=application
[2026-08-16 19:21:06.408 (UTC)] info/application	[Sensor] Updated distance: 32.4542642135426 cm | Severity=75 | SourceName=Sensor3 | EventType=application
[2026-08-16 19:21:07.398 (UTC)] info/application	[Sensor] Updated distance: 31.3627600897396 cm | Severity=75 | SourceName=Sensor3 | EventType=application
[2026-08-16 19:21:08.398 (UTC)] info/application	[Sensor] Updated distance: 31.6759740746002 cm | Severity=75 | SourceName=Sensor3 | EventType=application
[2026-08-16 19:21:09.398 (UTC)] info/application	[Sensor] Updated distance: 30.8284654912206 cm | Severity=75 | SourceName=Sensor3 | EventType=application
[2026-08-16 19:21:10.398 (UTC)] info/application	[Sensor] Updated distance: 29.3991415716704 cm | Severity=75 | SourceName=Sensor3 | EventType=application
[2026-08-16 19:21:11.399 (UTC)] info/application	[Sensor] Updated distance: 28.1923402765264 cm | Severity=75 | SourceName=Sensor3 | EventType=application
[2026-08-16 19:21:12.399 (UTC)] info/application	[Sensor] Updated distance: 27.9076780364419 cm | Severity=75 | SourceName=Sensor3 | EventType=application
[2026-08-16 19:21:13.398 (UTC)] info/application	[Sensor] Updated distance: 28.9079476824999 cm | Severity=75 | SourceName=Sensor3 | EventType=application
[2026-08-16 19:21:14.399 (UTC)] info/application	[Sensor] Updated distance: 28.7990404585372 cm | Severity=75 | SourceName=Sensor3 | EventType=application
[2026-08-16 19:21:15.399 (UTC)] info/application	[Sensor] Updated distance: 29.3378078815703 cm | Severity=75 | SourceName=Sensor3 | EventType=application
[2026-08-16 19:21:16.399 (UTC)] info/application	[Sensor] Updated distance: 30.1196119036151 cm | Severity=75 | SourceName=Sensor3 | EventType=application
[2026-08-16 19:21:17.399 (UTC)] info/application	[Sensor] Updated distance: 30.8557329286615 cm | Severity=75 | SourceName=Sensor3 | EventType=application
[2026-08-16 19:21:18.399 (UTC)] info/application	[Sensor] Updated distance: 31.9712454369158 cm | Severity=75 | SourceName=Sensor3 | EventType=application
[2026-08-16 19:21:19.398 (UTC)] info/application	[Sensor] Updated distance: 30.7996813567819 cm | Severity=75 | SourceName=Sensor3 | EventType=application
[2026-08-16 19:21:20.399 (UTC)] info/application	[Sensor] Updated distance: 31.0235305116621 cm | Severity=75 | SourceName=Sensor3 | EventType=application
[2026-08-16 19:21:21.399 (UTC)] info/application	[Sensor] Updated distance: 31.0529133298215 cm | Severity=75 | SourceName=Sensor3 | EventType=application
[2026-08-16 19:21:22.399 (UTC)] info/application	[Sensor] Updated distance: 30.0736670084641 cm | Severity=75 | SourceName=Sensor3 | EventType=application
[2026-08-16 19:21:23.398 (UTC)] info/application	[Sensor] Updated distance: 31.3149839764531 cm | Severity=75 | SourceName=Sensor3 | EventType=application
[2026-08-16 19:21:24.399 (UTC)] info/application	[Sensor] Updated distance: 30.5507684673885 cm | Severity=75 | SourceName=Sensor3 | EventType=application
[2026-08-16 19:21:25.398 (UTC)] info/application	[Sensor] Updated distance: 29.1268911434463 cm | Severity=75 | SourceName=Sensor3 | EventType=application
[2026-08-16 19:21:26.398 (UTC)] info/application	[Sensor] Updated distance: 29.447796688158 cm | Severity=75 | SourceName=Sensor3 | EventType=application
[2026-08-16 19:21:27.398 (UTC)] info/application	[Sensor] Updated distance: 29.7210081867971 cm | Severity=75 | SourceName=Sensor3 | EventType=application
[2026-08-16 19:21:28.398 (UTC)] info/application	[Sensor] Updated distance: 28.6602250736487 cm | Severity=75 | SourceName=Sensor3 | EventType=application
[2026-08-16 19:21:29.399 (UTC)] info/application	[Sensor] Updated distance: 27.3321961522252 cm | Severity=75 | SourceName=Sensor3 | EventType=application
[2026-08-16 19:21:30.399 (UTC)] info/application	[Sensor] Updated distance: 27.572068207698 cm | Severity=75 | SourceName=Sensor3 | EventType=application
[2026-08-16 19:21:31.399 (UTC)] info/application	[Sensor] Updated distance: 26.5567622781064 cm | Severity=75 | SourceName=Sensor3 | EventType=application
[2026-08-16 19:21:32.399 (UTC)] info/application	[Sensor] Updated distance: 27.9225778877375 cm | Severity=75 | SourceName=Sensor3 | EventType=application
[2026-08-16 19:21:33.398 (UTC)] info/application	[Sensor] Updated distance: 26.4940420766333 cm | Severity=75 | SourceName=Sensor3 | EventType=application
[2026-08-16 19:21:34.398 (UTC)] info/application	[Sensor] Updated distance: 25.0427410919418 cm | Severity=75 | SourceName=Sensor3 | EventType=application
[2026-08-16 19:21:35.398 (UTC)] info/application	[Sensor] Updated distance: 26.3729437020947 cm | Severity=75 | SourceName=Sensor3 | EventType=application
[2026-08-16 19:21:36.398 (UTC)] info/application	[Sensor] Updated distance: 27.2044242062626 cm | Severity=75 | SourceName=Sensor3 | EventType=application
[2026-08-16 19:21:37.398 (UTC)] info/application	[Sensor] Updated distance: 27.1109936747751 cm | Severity=75 | SourceName=Sensor3 | EventType=application
[2026-08-16 19:21:38.398 (UTC)] info/application	[Sensor] Updated distance: 25.849692159728 cm | Severity=75 | SourceName=Sensor3 | EventType=application
[2026-08-16 19:21:39.398 (UTC)] info/application	[Sensor] Updated distance: 25.4943866487566 cm | Severity=75 | SourceName=Sensor3 | EventType=application
[2026-08-16 19:21:40.398 (UTC)] info/application	[Sensor] Updated distance: 26.0534475338894 cm | Severity=75 | SourceName=Sensor3 | EventType=application
[2026-08-16 19:21:41.408 (UTC)] info/application	[Sensor] Updated distance: 24.8628221006891 cm | Severity=75 | SourceName=Sensor3 | EventType=application
[2026-08-16 19:21:42.408 (UTC)] info/application	[Sensor] Updated distance: 24.8007152945738 cm | Severity=75 | SourceName=Sensor3 | EventType=application
[2026-08-16 19:21:43.407 (UTC)] info/application	[Sensor] Updated distance: 23.575113939622 cm | Severity=75 | SourceName=Sensor3 | EventType=application
[2026-08-16 19:21:44.407 (UTC)] info/application	[Sensor] Updated distance: 24.8847581524797 cm | Severity=75 | SourceName=Sensor3 | EventType=application
[2026-08-16 19:21:45.407 (UTC)] info/application	[Sensor] Updated distance: 26.2137441224017 cm | Severity=75 | SourceName=Sensor3 | EventType=application
[2026-08-16 19:21:46.407 (UTC)] info/application	[Sensor] Updated distance: 27.026910190483 cm | Severity=75 | SourceName=Sensor3 | EventType=application
[2026-08-16 19:21:47.408 (UTC)] info/application	[Sensor] Updated distance: 27.6183584253855 cm | Severity=75 | SourceName=Sensor3 | EventType=application
[2026-08-16 19:21:48.398 (UTC)] info/application	[Sensor] Updated distance: 28.1834654203539 cm | Severity=75 | SourceName=Sensor3 | EventType=application
[2026-08-16 19:21:49.398 (UTC)] info/application	[Sensor] Updated distance: 28.6121439952925 cm | Severity=75 | SourceName=Sensor3 | EventType=application
[2026-08-16 19:21:50.398 (UTC)] info/application	[Sensor] Updated distance: 29.5320281500612 cm | Severity=75 | SourceName=Sensor3 | EventType=application
[2026-08-16 19:21:51.398 (UTC)] info/application	[Sensor] Updated distance: 28.8209842985128 cm | Severity=75 | SourceName=Sensor3 | EventType=application
[2026-08-16 19:21:52.398 (UTC)] info/application	[Sensor] Updated distance: 27.7790456902138 cm | Severity=75 | SourceName=Sensor3 | EventType=application
[2026-08-16 19:21:53.398 (UTC)] info/application	[Sensor] Updated distance: 29.219683523625 cm | Severity=75 | SourceName=Sensor3 | EventType=application
[2026-08-16 19:21:54.399 (UTC)] info/application	[Sensor] Updated distance: 28.2499566386686 cm | Severity=75 | SourceName=Sensor3 | EventType=application
[2026-08-16 19:21:55.399 (UTC)] info/application	[Sensor] Updated distance: 27.943802522702 cm | Severity=75 | SourceName=Sensor3 | EventType=application
[2026-08-16 19:21:56.399 (UTC)] info/application	[Sensor] Updated distance: 26.460563032171 cm | Severity=75 | SourceName=Sensor3 | EventType=application
[2026-08-16 19:21:57.400 (UTC)] info/application	[Sensor] Updated distance: 27.3117416919264 cm | Severity=75 | SourceName=Sensor3 | EventType=application
[2026-08-16 19:21:58.401 (UTC)] info/application	[Sensor] Updated distance: 28.778799074599 cm | Severity=75 | SourceName=Sensor3 | EventType=application
[2026-08-16 19:21:59.402 (UTC)] info/application	[Sensor] Updated distance: 27.7347764709195 cm | Severity=75 | SourceName=Sensor3 | EventType=application
[2026-08-16 19:22:00.403 (UTC)] info/application	[Sensor] Updated distance: 28.7579262092514 cm | Severity=75 | SourceName=Sensor3 | EventType=application
[2026-08-16 19:22:01.403 (UTC)] info/application	[Sensor] Updated distance: 28.9648556473967 cm | Severity=75 | SourceName=Sensor3 | EventType=application
[2026-08-16 19:22:02.404 (UTC)] info/application	[Sensor] Updated distance: 28.4055271141257 cm | Severity=75 | SourceName=Sensor3 | EventType=application
[2026-08-16 19:22:03.405 (UTC)] info/application	[Sensor] Updated distance: 29.2944924620886 cm | Severity=75 | SourceName=Sensor3 | EventType=application
[2026-08-16 19:22:04.406 (UTC)] info/application	[Sensor] Updated distance: 29.5728860891298 cm | Severity=75 | SourceName=Sensor3 | EventType=application
[2026-08-16 19:22:05.406 (UTC)] info/application	[Sensor] Updated distance: 29.0622565711673 cm | Severity=75 | SourceName=Sensor3 | EventType=application
[2026-08-16 19:22:06.406 (UTC)] info/application	[Sensor] Updated distance: 29.7814245278861 cm | Severity=75 | SourceName=Sensor3 | EventType=application
[2026-08-16 19:22:07.407 (UTC)] info/application	[Sensor] Updated distance: 29.3912986576982 cm | Severity=75 | SourceName=Sensor3 | EventType=application
[2026-08-16 19:22:08.407 (UTC)] info/application	[Sensor] Updated distance: 30.2872386096452 cm | Severity=75 | SourceName=Sensor3 | EventType=application
[2026-08-16 19:22:09.408 (UTC)] info/application	[Sensor] Updated distance: 31.2451050527138 cm | Severity=75 | SourceName=Sensor3 | EventType=application
[2026-08-16 19:22:10.398 (UTC)] info/application	[Sensor] Updated distance: 31.9996736715546 cm | Severity=75 | SourceName=Sensor3 | EventType=application
[2026-08-16 19:22:11.398 (UTC)] info/application	[Sensor] Updated distance: 31.9546745072373 cm | Severity=75 | SourceName=Sensor3 | EventType=application
[2026-08-16 19:22:12.399 (UTC)] info/application	[Sensor] Updated distance: 33.2219155171057 cm | Severity=75 | SourceName=Sensor3 | EventType=application
[2026-08-16 19:22:13.399 (UTC)] info/application	[Sensor] Updated distance: 32.4143773284342 cm | Severity=75 | SourceName=Sensor3 | EventType=application
[2026-08-16 19:22:14.399 (UTC)] info/application	[Sensor] Updated distance: 32.6437768091651 cm | Severity=75 | SourceName=Sensor3 | EventType=application
[2026-08-16 19:22:15.399 (UTC)] info/application	[Sensor] Updated distance: 33.7206620304941 cm | Severity=75 | SourceName=Sensor3 | EventType=application
[2026-08-16 19:22:16.399 (UTC)] info/application	[Sensor] Updated distance: 32.7421098117447 cm | Severity=75 | SourceName=Sensor3 | EventType=application
[2026-08-16 19:22:17.400 (UTC)] info/application	[Sensor] Updated distance: 32.28467535916 cm | Severity=75 | SourceName=Sensor3 | EventType=application
[2026-08-16 19:22:18.400 (UTC)] info/application	[Sensor] Updated distance: 32.4530088139945 cm | Severity=75 | SourceName=Sensor3 | EventType=application
[2026-08-16 19:22:19.400 (UTC)] info/application	[Sensor] Updated distance: 33.5395635902135 cm | Severity=75 | SourceName=Sensor3 | EventType=application
[2026-08-16 19:22:20.400 (UTC)] info/application	[Sensor] Updated distance: 35.0108077139644 cm | Severity=75 | SourceName=Sensor3 | EventType=application
[2026-08-16 19:22:21.400 (UTC)] info/application	[Sensor] Updated distance: 34.5990253221705 cm | Severity=75 | SourceName=Sensor3 | EventType=application
[2026-08-16 19:22:22.400 (UTC)] info/application	[Sensor] Updated distance: 33.4745362454441 cm | Severity=75 | SourceName=Sensor3 | EventType=application
[2026-08-16 19:22:23.399 (UTC)] info/application	[Sensor] Updated distance: 32.4038417594991 cm | Severity=75 | SourceName=Sensor3 | EventType=application
[2026-08-16 19:22:24.399 (UTC)] info/application	[Sensor] Updated distance: 31.9326972011163 cm | Severity=75 | SourceName=Sensor3 | EventType=application
[2026-08-16 19:22:25.399 (UTC)] info/application	[Sensor] Updated distance: 31.3384812394336 cm | Severity=75 | SourceName=Sensor3 | EventType=application
[2026-08-16 19:22:26.399 (UTC)] info/application	[Sensor] Updated distance: 31.461632637522 cm | Severity=75 | SourceName=Sensor3 | EventType=application
[2026-08-16 19:22:27.400 (UTC)] info/application	[Sensor] Updated distance: 31.0072485886082 cm | Severity=75 | SourceName=Sensor3 | EventType=application
[2026-08-16 19:22:28.400 (UTC)] info/application	[Sensor] Updated distance: 29.7642112852839 cm | Severity=75 | SourceName=Sensor3 | EventType=application
[2026-08-16 19:22:29.399 (UTC)] info/application	[Sensor] Updated distance: 29.8544200660449 cm | Severity=75 | SourceName=Sensor3 | EventType=application
[2026-08-16 19:22:30.400 (UTC)] info/application	[Sensor] Updated distance: 29.8560134134516 cm | Severity=75 | SourceName=Sensor3 | EventType=application
[2026-08-16 19:22:31.400 (UTC)] info/application	[Sensor] Updated distance: 31.1361258484591 cm | Severity=75 | SourceName=Sensor3 | EventType=application
[2026-08-16 19:22:32.400 (UTC)] info/application	[Sensor] Updated distance: 29.9332640659685 cm | Severity=75 | SourceName=Sensor3 | EventType=application
[2026-08-16 19:22:33.400 (UTC)] info/application	[Sensor] Updated distance: 30.8755288801042 cm | Severity=75 | SourceName=Sensor3 | EventType=application
[2026-08-16 19:22:34.400 (UTC)] info/application	[Sensor] Updated distance: 31.5446066616776 cm | Severity=75 | SourceName=Sensor3 | EventType=application
[2026-08-16 19:22:35.400 (UTC)] info/application	[Sensor] Updated distance: 32.1201385062282 cm | Severity=75 | SourceName=Sensor3 | EventType=application
[2026-08-16 19:22:36.400 (UTC)] info/application	[Sensor] Updated distance: 31.0517738010044 cm | Severity=75 | SourceName=Sensor3 | EventType=application
[2026-08-16 19:22:37.400 (UTC)] info/application	[Sensor] Updated distance: 30.9400195392966 cm | Severity=75 | SourceName=Sensor3 | EventType=application
[2026-08-16 19:22:38.402 (UTC)] info/application	[Sensor] Updated distance: 29.6254255122623 cm | Severity=75 | SourceName=Sensor3 | EventType=application
[2026-08-16 19:22:39.402 (UTC)] info/application	[Sensor] Updated distance: 30.9530007589855 cm | Severity=75 | SourceName=Sensor3 | EventType=application
[2026-08-16 19:22:40.402 (UTC)] info/application	[Sensor] Updated distance: 30.2991129389494 cm | Severity=75 | SourceName=Sensor3 | EventType=application
[2026-08-16 19:22:41.402 (UTC)] info/application	[Sensor] Updated distance: 31.2390875321529 cm | Severity=75 | SourceName=Sensor3 | EventType=application
[2026-08-16 19:22:42.401 (UTC)] info/application	[Sensor] Updated distance: 31.0216636145588 cm | Severity=75 | SourceName=Sensor3 | EventType=application
[2026-08-16 19:22:43.401 (UTC)] info/application	[Sensor] Updated distance: 30.1350168029941 cm | Severity=75 | SourceName=Sensor3 | EventType=application
[2026-08-16 19:22:44.400 (UTC)] info/application	[Sensor] Updated distance: 28.7674532061291 cm | Severity=75 | SourceName=Sensor3 | EventType=application
[2026-08-16 19:22:45.400 (UTC)] info/application	[Sensor] Updated distance: 27.279428767869 cm | Severity=75 | SourceName=Sensor3 | EventType=application
[2026-08-16 19:22:46.400 (UTC)] info/application	[Sensor] Updated distance: 25.9696671762362 cm | Severity=75 | SourceName=Sensor3 | EventType=application
[2026-08-16 19:22:47.400 (UTC)] info/application	[Sensor] Updated distance: 25.1235513606218 cm | Severity=75 | SourceName=Sensor3 | EventType=application
[2026-08-16 19:22:48.400 (UTC)] info/application	[Sensor] Updated distance: 24.678092471174 cm | Severity=75 | SourceName=Sensor3 | EventType=application
[2026-08-16 19:22:49.400 (UTC)] info/application	[Sensor] Updated distance: 25.0366643357727 cm | Severity=75 | SourceName=Sensor3 | EventType=application
[2026-08-16 19:22:50.400 (UTC)] info/application	[Sensor] Updated distance: 23.7771032949803 cm | Severity=75 | SourceName=Sensor3 | EventType=application
[2026-08-16 19:22:51.400 (UTC)] info/application	[Sensor] Updated distance: 23.3028885278864 cm | Severity=75 | SourceName=Sensor3 | EventType=application
[2026-08-16 19:22:52.400 (UTC)] info/application	[Sensor] Updated distance: 24.7496780006912 cm | Severity=75 | SourceName=Sensor3 | EventType=application
[2026-08-16 19:22:53.400 (UTC)] info/application	[Sensor] Updated distance: 23.8656278831724 cm | Severity=75 | SourceName=Sensor3 | EventType=application
[2026-08-16 19:22:54.400 (UTC)] info/application	[Sensor] Updated distance: 23.8207186301335 cm | Severity=75 | SourceName=Sensor3 | EventType=application
[2026-08-16 19:22:55.400 (UTC)] info/application	[Sensor] Updated distance: 23.2963635431586 cm | Severity=75 | SourceName=Sensor3 | EventType=application
[2026-08-16 19:22:56.400 (UTC)] info/application	[Sensor] Updated distance: 23.3180974639571 cm | Severity=75 | SourceName=Sensor3 | EventType=application
[2026-08-16 19:22:57.400 (UTC)] info/application	[Sensor] Updated distance: 21.8963396090066 cm | Severity=75 | SourceName=Sensor3 | EventType=application
[2026-08-16 19:22:58.401 (UTC)] info/application	[Sensor] Updated distance: 22.4176004731178 cm | Severity=75 | SourceName=Sensor3 | EventType=application
[2026-08-16 19:22:59.400 (UTC)] info/application	[Sensor] Updated distance: 22.696297090592 cm | Severity=75 | SourceName=Sensor3 | EventType=application
[2026-08-16 19:23:00.400 (UTC)] info/application	[Sensor] Updated distance: 22.8647480164025 cm | Severity=75 | SourceName=Sensor3 | EventType=application
[2026-08-16 19:23:01.399 (UTC)] info/application	[Sensor] Updated distance: 21.8876022265235 cm | Severity=75 | SourceName=Sensor3 | EventType=application
[2026-08-16 19:23:02.399 (UTC)] info/application	[Sensor] Updated distance: 21.9464112790052 cm | Severity=75 | SourceName=Sensor3 | EventType=application
[2026-08-16 19:23:03.399 (UTC)] info/application	[Sensor] Updated distance: 22.412000422325 cm | Severity=75 | SourceName=Sensor3 | EventType=application
[2026-08-16 19:23:04.399 (UTC)] info/application	[Sensor] Updated distance: 23.8771194465818 cm | Severity=75 | SourceName=Sensor3 | EventType=application
[2026-08-16 19:23:05.398 (UTC)] info/application	[Sensor] Updated distance: 23.1050062792399 cm | Severity=75 | SourceName=Sensor3 | EventType=application
[2026-08-16 19:23:06.398 (UTC)] info/application	[Sensor] Updated distance: 22.6461272657132 cm | Severity=75 | SourceName=Sensor3 | EventType=application
[2026-08-16 19:23:07.398 (UTC)] info/application	[Sensor] Updated distance: 21.5428815847463 cm | Severity=75 | SourceName=Sensor3 | EventType=application
[2026-08-16 19:23:08.398 (UTC)] info/application	[Sensor] Updated distance: 22.1590141556966 cm | Severity=75 | SourceName=Sensor3 | EventType=application
[2026-08-16 19:23:09.398 (UTC)] info/application	[Sensor] Updated distance: 21.8855411151357 cm | Severity=75 | SourceName=Sensor3 | EventType=application
[2026-08-16 19:23:10.398 (UTC)] info/application	[Sensor] Updated distance: 20.6098706794949 cm | Severity=75 | SourceName=Sensor3 | EventType=application
[2026-08-16 19:23:11.398 (UTC)] info/application	[Sensor] Updated distance: 22.0721154304091 cm | Severity=75 | SourceName=Sensor3 | EventType=application
[2026-08-16 19:23:12.398 (UTC)] info/application	[Sensor] Updated distance: 21.2386169816547 cm | Severity=75 | SourceName=Sensor3 | EventType=application
[2026-08-16 19:23:13.408 (UTC)] info/application	[Sensor] Updated distance: 21.2455226284198 cm | Severity=75 | SourceName=Sensor3 | EventType=application
[2026-08-16 19:23:14.407 (UTC)] info/application	[Sensor] Updated distance: 20.3211205663724 cm | Severity=75 | SourceName=Sensor3 | EventType=application
[2026-08-16 19:23:15.407 (UTC)] info/application	[Sensor] Updated distance: 19.62005852215 cm | Severity=75 | SourceName=Sensor3 | EventType=application
[2026-08-16 19:23:16.407 (UTC)] info/application	[Sensor] Updated distance: 19.6389397320519 cm | Severity=75 | SourceName=Sensor3 | EventType=application
[2026-08-16 19:23:17.406 (UTC)] info/application	[Sensor] Updated distance: 18.9047760797687 cm | Severity=75 | SourceName=Sensor3 | EventType=application
[2026-08-16 19:23:18.406 (UTC)] info/application	[Sensor] Updated distance: 18.8575982199319 cm | Severity=75 | SourceName=Sensor3 | EventType=application
[2026-08-16 19:23:19.407 (UTC)] info/application	[Sensor] Updated distance: 19.931020540386 cm | Severity=75 | SourceName=Sensor3 | EventType=application
[2026-08-16 19:23:20.407 (UTC)] info/application	[Sensor] Updated distance: 21.0554287527015 cm | Severity=75 | SourceName=Sensor3 | EventType=application
[2026-08-16 19:23:21.406 (UTC)] info/application	[Sensor] Updated distance: 21.2486898534692 cm | Severity=75 | SourceName=Sensor3 | EventType=application
[2026-08-16 19:23:22.407 (UTC)] info/application	[Sensor] Updated distance: 20.3478974054325 cm | Severity=75 | SourceName=Sensor3 | EventType=application
[2026-08-16 19:23:23.407 (UTC)] info/application	[Sensor] Updated distance: 21.4190950891558 cm | Severity=75 | SourceName=Sensor3 | EventType=application
[2026-08-16 19:23:24.407 (UTC)] info/application	[Sensor] Updated distance: 22.2283060724048 cm | Severity=75 | SourceName=Sensor3 | EventType=application
[2026-08-16 19:23:25.407 (UTC)] info/application	[Sensor] Updated distance: 22.7826043713291 cm | Severity=75 | SourceName=Sensor3 | EventType=application
[2026-08-16 19:23:26.407 (UTC)] info/application	[Sensor] Updated distance: 21.8294469680774 cm | Severity=75 | SourceName=Sensor3 | EventType=application
[2026-08-16 19:23:27.407 (UTC)] info/application	[Sensor] Updated distance: 21.1603918721249 cm | Severity=75 | SourceName=Sensor3 | EventType=application
[2026-08-16 19:23:28.407 (UTC)] info/application	[Sensor] Updated distance: 21.7929323160988 cm | Severity=75 | SourceName=Sensor3 | EventType=application
[2026-08-16 19:23:29.407 (UTC)] info/application	[Sensor] Updated distance: 22.8610357769584 cm | Severity=75 | SourceName=Sensor3 | EventType=application
[2026-08-16 19:23:30.407 (UTC)] info/application	[Sensor] Updated distance: 23.97067729848 cm | Severity=75 | SourceName=Sensor3 | EventType=application
[2026-08-16 19:23:31.407 (UTC)] info/application	[Sensor] Updated distance: 23.2716686668674 cm | Severity=75 | SourceName=Sensor3 | EventType=application
[2026-08-16 19:23:32.407 (UTC)] info/application	[Sensor] Updated distance: 21.862626337848 cm | Severity=75 | SourceName=Sensor3 | EventType=application
[2026-08-16 19:23:33.407 (UTC)] info/application	[Sensor] Updated distance: 21.5310769104544 cm | Severity=75 | SourceName=Sensor3 | EventType=application
[2026-08-16 19:23:34.407 (UTC)] info/application	[Sensor] Updated distance: 22.7976574221615 cm | Severity=75 | SourceName=Sensor3 | EventType=application
[2026-08-16 19:23:35.407 (UTC)] info/application	[Sensor] Updated distance: 21.3537341160019 cm | Severity=75 | SourceName=Sensor3 | EventType=application
[2026-08-16 19:23:36.406 (UTC)] info/application	[Sensor] Updated distance: 21.7500715226634 cm | Severity=75 | SourceName=Sensor3 | EventType=application
[2026-08-16 19:23:37.406 (UTC)] info/application	[Sensor] Updated distance: 21.0577730194469 cm | Severity=75 | SourceName=Sensor3 | EventType=application
[2026-08-16 19:23:38.406 (UTC)] info/application	[Sensor] Updated distance: 20.0106040323203 cm | Severity=75 | SourceName=Sensor3 | EventType=application
[2026-08-16 19:23:39.406 (UTC)] info/application	[Sensor] Updated distance: 19.5230740085352 cm | Severity=75 | SourceName=Sensor3 | EventType=application
[2026-08-16 19:23:40.406 (UTC)] info/application	[Sensor] Updated distance: 20.0573024661547 cm | Severity=75 | SourceName=Sensor3 | EventType=application
[2026-08-16 19:23:41.405 (UTC)] info/application	[Sensor] Updated distance: 19.2344630447843 cm | Severity=75 | SourceName=Sensor3 | EventType=application
[2026-08-16 19:23:42.405 (UTC)] info/application	[Sensor] Updated distance: 18.7091777719134 cm | Severity=75 | SourceName=Sensor3 | EventType=application
[2026-08-16 19:23:43.405 (UTC)] info/application	[Sensor] Updated distance: 19.9099077807786 cm | Severity=75 | SourceName=Sensor3 | EventType=application
[2026-08-16 19:23:44.404 (UTC)] info/application	[Sensor] Updated distance: 20.5939740061732 cm | Severity=75 | SourceName=Sensor3 | EventType=application
[2026-08-16 19:23:45.403 (UTC)] info/application	[Sensor] Updated distance: 20.6442866712549 cm | Severity=75 | SourceName=Sensor3 | EventType=application
[2026-08-16 19:23:46.403 (UTC)] info/application	[Sensor] Updated distance: 19.6439546345007 cm | Severity=75 | SourceName=Sensor3 | EventType=application
[2026-08-16 19:23:47.403 (UTC)] info/application	[Sensor] Updated distance: 18.8469020684003 cm | Severity=75 | SourceName=Sensor3 | EventType=application
[2026-08-16 19:23:48.403 (UTC)] info/application	[Sensor] Updated distance: 19.6630510811988 cm | Severity=75 | SourceName=Sensor3 | EventType=application
[2026-08-16 19:23:49.403 (UTC)] info/application	[Sensor] Updated distance: 20.1155411860047 cm | Severity=75 | SourceName=Sensor3 | EventType=application
[2026-08-16 19:23:50.403 (UTC)] info/application	[Sensor] Updated distance: 18.8919109389614 cm | Severity=75 | SourceName=Sensor3 | EventType=application
[2026-08-16 19:23:51.403 (UTC)] info/application	[Sensor] Updated distance: 19.3324681626784 cm | Severity=75 | SourceName=Sensor3 | EventType=application
[2026-08-16 19:23:52.403 (UTC)] info/application	[Sensor] Updated distance: 18.4782193668551 cm | Severity=75 | SourceName=Sensor3 | EventType=application
[2026-08-16 19:23:53.403 (UTC)] info/application	[Sensor] Updated distance: 17.8537966717751 cm | Severity=75 | SourceName=Sensor3 | EventType=application
[2026-08-16 19:23:54.403 (UTC)] info/application	[Sensor] Updated distance: 17.8655515792154 cm | Severity=75 | SourceName=Sensor3 | EventType=application
[2026-08-16 19:23:55.403 (UTC)] info/application	[Sensor] Updated distance: 19.320513766641 cm | Severity=75 | SourceName=Sensor3 | EventType=application
[2026-08-16 19:23:56.403 (UTC)] info/application	[Sensor] Updated distance: 20.7503893718824 cm | Severity=75 | SourceName=Sensor3 | EventType=application
[2026-08-16 19:23:57.403 (UTC)] info/application	[Sensor] Updated distance: 21.308986876071 cm | Severity=75 | SourceName=Sensor3 | EventType=application
[2026-08-16 19:23:58.403 (UTC)] info/application	[Sensor] Updated distance: 20.5948939661472 cm | Severity=75 | SourceName=Sensor3 | EventType=application
[2026-08-16 19:23:59.403 (UTC)] info/application	[Sensor] Updated distance: 21.1573100139654 cm | Severity=75 | SourceName=Sensor3 | EventType=application
[2026-08-16 19:24:00.403 (UTC)] info/application	[Sensor] Updated distance: 21.2840109776165 cm | Severity=75 | SourceName=Sensor3 | EventType=application
[2026-08-16 19:24:01.403 (UTC)] info/application	[Sensor] Updated distance: 20.1795595892144 cm | Severity=75 | SourceName=Sensor3 | EventType=application
[2026-08-16 19:24:02.403 (UTC)] info/application	[Sensor] Updated distance: 21.542967006817 cm | Severity=75 | SourceName=Sensor3 | EventType=application
[2026-08-16 19:24:03.402 (UTC)] info/application	[Sensor] Updated distance: 21.7606256414487 cm | Severity=75 | SourceName=Sensor3 | EventType=application
[2026-08-16 19:24:04.402 (UTC)] info/application	[Sensor] Updated distance: 21.824624825653 cm | Severity=75 | SourceName=Sensor3 | EventType=application
[2026-08-16 19:24:05.402 (UTC)] info/application	[Sensor] Updated distance: 22.9546127535657 cm | Severity=75 | SourceName=Sensor3 | EventType=application
[2026-08-16 19:24:06.402 (UTC)] info/application	[Sensor] Updated distance: 23.2283480834348 cm | Severity=75 | SourceName=Sensor3 | EventType=application
[2026-08-16 19:24:07.401 (UTC)] info/application	[Sensor] Updated distance: 22.1886