[PSPOOF] Connecting to aggregation_server@4840 (anonymous)...
[2026-08-17 00:52:29.913 (UTC+0800)] [32minfo/network[0m	TCP 8	| Opening a connection to "127.0.0.1" on port 4840
[2026-08-17 00:52:29.914 (UTC+0800)] [32minfo/channel[0m	TCP 8	| SC 8	| SecureChannel opened with SecurityMode None for SecurityPolicy http://opcfoundation.org/UA/SecurityPolicy#None and a revised lifetime of 600.0s
[2026-08-17 00:52:29.914 (UTC+0800)] [32minfo/client[0m	Client Status: ChannelState: Open, SessionState: Closed, ConnectStatus: Good
[2026-08-17 00:52:29.914 (UTC+0800)] [32minfo/client[0m	The initially defined EndpointURL opc.tcp://127.0.0.1:4840 is valid for the server
[2026-08-17 00:52:29.914 (UTC+0800)] [33mwarn/client[0m	The server returned Endpoints with a different EndpointUrl opc.tcp://MSI:4840 than was used to initialize the connection: opc.tcp://127.0.0.1:4840. Some servers require a complete match of the EndpointUrl/DiscoveryUrl (including the path) to return all endpoints.
[2026-08-17 00:52:29.914 (UTC+0800)] [32minfo/client[0m	Endpoint 0: Best endpoint so far with UserTokenPolicy open62541-anonymous-policy-none#None
[2026-08-17 00:52:29.914 (UTC+0800)] [32minfo/client[0m	Endpoint 0 selected with SecurityMode None, SecurityPolicy http://opcfoundation.org/UA/SecurityPolicy#None and UserTokenPolicy open62541-anonymous-policy-none#None
[2026-08-17 00:52:29.914 (UTC+0800)] [32minfo/client[0m	CreateSession: Using UserTokenPolicy open62541-anonymous-policy-none#None
[2026-08-17 00:52:29.915 (UTC+0800)] [32minfo/client[0m	Client Status: ChannelState: Open, SessionState: Created, ConnectStatus: Good
[2026-08-17 00:52:29.915 (UTC+0800)] [32minfo/client[0m	ActivateSession: Using UserTokenPolicy open62541-anonymous-policy-none#None
[2026-08-17 00:52:29.917 (UTC+0800)] [32minfo/client[0m	Client Status: ChannelState: Open, SessionState: Activated, ConnectStatus: Good
[PSPOOF] Connecting to sensor@opc.tcp://127.0.0.1:4844 for reconnaissance...
[2026-08-17 00:52:29.917 (UTC+0800)] [32minfo/network[0m	TCP 14	| Opening a connection to "127.0.0.1" on port 4844
[2026-08-17 00:52:29.941 (UTC+0800)] [32minfo/channel[0m	TCP 14	| SC 2	| SecureChannel opened with SecurityMode None for SecurityPolicy http://opcfoundation.org/UA/SecurityPolicy#None and a revised lifetime of 600.0s
[2026-08-17 00:52:29.941 (UTC+0800)] [32minfo/client[0m	Client Status: ChannelState: Open, SessionState: Closed, ConnectStatus: Good
[2026-08-17 00:52:29.952 (UTC+0800)] [32minfo/client[0m	The initially defined EndpointURL opc.tcp://127.0.0.1:4844 is valid for the server
[2026-08-17 00:52:29.962 (UTC+0800)] [33mwarn/client[0m	The server returned Endpoints with a different EndpointUrl opc.tcp://MSI:4844 than was used to initialize the connection: opc.tcp://127.0.0.1:4844. Some servers require a complete match of the EndpointUrl/DiscoveryUrl (including the path) to return all endpoints.
[2026-08-17 00:52:29.962 (UTC+0800)] [32minfo/client[0m	Endpoint 0: Best endpoint so far with UserTokenPolicy open62541-anonymous-policy-none#None
[2026-08-17 00:52:29.962 (UTC+0800)] [32minfo/client[0m	Endpoint 0 selected with SecurityMode None, SecurityPolicy http://opcfoundation.org/UA/SecurityPolicy#None and UserTokenPolicy open62541-anonymous-policy-none#None
[2026-08-17 00:52:29.962 (UTC+0800)] [32minfo/client[0m	CreateSession: Using UserTokenPolicy open62541-anonymous-policy-none#None
[2026-08-17 00:52:29.973 (UTC+0800)] [32minfo/client[0m	Client Status: ChannelState: Open, SessionState: Created, ConnectStatus: Good
[2026-08-17 00:52:29.973 (UTC+0800)] [32minfo/client[0m	ActivateSession: Using UserTokenPolicy open62541-anonymous-policy-none#None
[2026-08-17 00:52:29.983 (UTC+0800)] [32minfo/client[0m	Client Status: ChannelState: Open, SessionState: Activated, ConnectStatus: Good
[PSPOOF] Lurking 300 s, injecting 5 physics-aware fake logs as Sensor3...
[PSPOOF] t=9s base=23.845 injected(as Sensor3): [2026-08-16 16:52:38.204 (UTC)] info/application	[Sensor] Updated distance: 23.9528011524597 cm | Severity=75 | SourceName=Sensor3 | EventType=application
[PSPOOF] t=31s base=23.707 injected(as Sensor3): [2026-08-16 16:53:00.019 (UTC)] info/application	[Sensor] Updated distance: 23.2119303794866 cm | Severity=75 | SourceName=Sensor3 | EventType=application
[PSPOOF] t=82s base=25.572 injected(as Sensor3): [2026-08-16 16:53:51.054 (UTC)] info/application	[Sensor] Updated distance: 25.5379127630908 cm | Severity=75 | SourceName=Sensor3 | EventType=application
[PSPOOF] t=205s base=19.940 injected(as Sensor3): [2026-08-16 16:55:54.131 (UTC)] info/application	[Sensor] Updated distance: 20.5245154121772 cm | Severity=75 | SourceName=Sensor3 | EventType=application
[PSPOOF] t=232s base=18.847 injected(as Sensor3): [2026-08-16 16:56:21.149 (UTC)] info/application	[Sensor] Updated distance: 18.2846375685346 cm | Severity=75 | SourceName=Sensor3 | EventType=application
[PSPOOF] Done (5/5 injected). Disconnecting.
[2026-08-17 00:57:29.190 (UTC+0800)] [32minfo/channel[0m	TCP 8	| SC 8	| SecureChannel closed
[2026-08-17 00:57:29.190 (UTC+0800)] [32minfo/client[0m	Client Status: ChannelState: Closed, SessionState: Closed, ConnectStatus: BadConnectionClosed
[2026-08-17 00:57:29.190 (UTC+0800)] [32minfo/network[0m	TCP 8	| Socket closed
[2026-08-17 00:57:29.296 (UTC+0800)] [32minfo/channel[0m	TCP 14	| SC 2	| SecureChannel closed
[2026-08-17 00:57:29.296 (UTC+0800)] [32minfo/client[0m	Client Status: ChannelState: Closed, SessionState: Closed, ConnectStatus: BadConnectionClosed
[2026-08-17 00:57:29.296 (UTC+0800)] [32minfo/network[0m	TCP 14	| Socket closed
