[agg] 授權來源：SensorSource1..3 + MotorSource1..3
[2026-08-17 03:13:43.282 (UTC+0800)] [33mwarn/server[0m	AccessControl: Unconfigured AccessControl. Users have all permissions.
[2026-08-17 03:13:43.283 (UTC+0800)] [32minfo/server[0m	AccessControl: Anonymous login is enabled
[2026-08-17 03:13:43.283 (UTC+0800)] [33mwarn/server[0m	x509 Certificate Authentication configured, but no encrypting SecurityPolicy. This can leak credentials on the network.
[2026-08-17 03:13:43.319 (UTC+0800)] [33mwarn/application[0m	ServerUrls already set. Overriding.
[2026-08-17 03:13:43.319 (UTC+0800)] [33mwarn/server[0m	AccessControl: Unconfigured AccessControl. Users have all permissions.
[2026-08-17 03:13:43.319 (UTC+0800)] [32minfo/server[0m	AccessControl: Anonymous login is enabled
[2026-08-17 03:13:43.319 (UTC+0800)] [33mwarn/server[0m	x509 Certificate Authentication configured, but no encrypting SecurityPolicy. This can leak credentials on the network.
[2026-08-17 03:13:43.319 (UTC+0800)] [33mwarn/server[0m	x509 Certificate Authentication configured, but no encrypting SecurityPolicy. This can leak credentials on the network.
[2026-08-17 03:13:43.319 (UTC+0800)] [32minfo/network[0m	TCP	| Listening on all interfaces
[2026-08-17 03:13:43.334 (UTC+0800)] [32minfo/network[0m	TCP 8	| Creating listen socket for "0.0.0.0" (with local hostname "MSI") on port 4840
[2026-08-17 03:13:43.334 (UTC+0800)] [32minfo/server[0m	New DiscoveryUrl added: opc.tcp://MSI:4840
[2026-08-17 03:13:43.334 (UTC+0800)] [32minfo/network[0m	TCP 9	| Creating listen socket for "::" (with local hostname "MSI") on port 4840
[2026-08-17 03:13:43.334 (UTC+0800)] [32minfo/application[0m	Aggregation Server started (port 4840)
[2026-08-17 03:13:43.834 (UTC+0800)] [32minfo/network[0m	TCP 15	| Opening a connection to "127.0.0.1" on port 4842
[2026-08-17 03:13:44.320 (UTC+0800)] [32minfo/network[0m	TCP 15	| The connection closes with error 111
[2026-08-17 03:13:44.819 (UTC+0800)] [32minfo/channel[0m	TCP 15	| SC 0	| SecureChannel closed
[2026-08-17 03:13:44.819 (UTC+0800)] [31merror/client[0m	Could not open a TCP connection to the Endpoint at opc.tcp://127.0.0.1:4842
[2026-08-17 03:13:44.819 (UTC+0800)] [32minfo/client[0m	Client Status: ChannelState: Closed, SessionState: Closed, ConnectStatus: BadConnectionRejected
[2026-08-17 03:13:44.819 (UTC+0800)] [32minfo/network[0m	TCP 15	| Socket closed
[2026-08-17 03:13:46.338 (UTC+0800)] [32minfo/network[0m	TCP 15	| Connection opened from "127.0.0.1" via the server socket 8
[2026-08-17 03:13:46.338 (UTC+0800)] [32minfo/channel[0m	TCP 15	| SC 1	| SecureChannel created
[2026-08-17 03:13:46.338 (UTC+0800)] [32minfo/network[0m	TCP 16	| Opening a connection to "127.0.0.1" on port 4842
[2026-08-17 03:13:46.338 (UTC+0800)] [32minfo/network[0m	TCP 16	| The connection closes with error 111
[2026-08-17 03:13:46.338 (UTC+0800)] [32minfo/channel[0m	TCP 15	| SC 1	| OpenSecureChannel: Channel opened with SecurityMode None for SecurityPolicy http://opcfoundation.org/UA/SecurityPolicy#None and a revised lifetime of 600.0s
[2026-08-17 03:13:46.338 (UTC+0800)] [32minfo/channel[0m	TCP 16	| SC 0	| SecureChannel closed
[2026-08-17 03:13:46.338 (UTC+0800)] [31merror/client[0m	Could not open a TCP connection to the Endpoint at opc.tcp://127.0.0.1:4842
[2026-08-17 03:13:46.338 (UTC+0800)] [32minfo/client[0m	Client Status: ChannelState: Closed, SessionState: Closed, ConnectStatus: BadConnectionRejected
[2026-08-17 03:13:46.338 (UTC+0800)] [32minfo/network[0m	TCP 16	| Socket closed
[2026-08-17 03:13:46.338 (UTC+0800)] [33mwarn/client[0m	Removing a UserTokenPolicy that would allow the password to be transmitted without encryption (Can be enabled via config->allowNonePolicyPassword)
[2026-08-17 03:13:46.338 (UTC+0800)] [33mwarn/client[0m	Removing a UserTokenPolicy that would allow the password to be transmitted without encryption (Can be enabled via config->allowNonePolicyPassword)
[2026-08-17 03:13:46.338 (UTC+0800)] [33mwarn/client[0m	Removing a UserTokenPolicy that would allow the password to be transmitted without encryption (Can be enabled via config->allowNonePolicyPassword)
[2026-08-17 03:13:46.338 (UTC+0800)] [33mwarn/client[0m	Removing a UserTokenPolicy that would allow the password to be transmitted without encryption (Can be enabled via config->allowNonePolicyPassword)
[2026-08-17 03:13:46.339 (UTC+0800)] [32minfo/session[0m	TCP 15	| SC 1	| Session "SensorSource2"	| Session created
[2026-08-17 03:13:46.339 (UTC+0800)] [32minfo/network[0m	TCP 16	| Connection opened from "127.0.0.1" via the server socket 8
[2026-08-17 03:13:46.339 (UTC+0800)] [32minfo/channel[0m	TCP 16	| SC 2	| SecureChannel created
[2026-08-17 03:13:46.339 (UTC+0800)] [32minfo/network[0m	TCP 17	| Connection opened from "127.0.0.1" via the server socket 8
[2026-08-17 03:13:46.339 (UTC+0800)] [32minfo/channel[0m	TCP 17	| SC 3	| SecureChannel created
[2026-08-17 03:13:46.339 (UTC+0800)] [32minfo/session[0m	TCP 15	| SC 1	| Session "SensorSource2"	| ActivateSession: Session activated with ClientUserId ""
[2026-08-17 03:13:46.339 (UTC+0800)] [32minfo/channel[0m	TCP 17	| SC 3	| OpenSecureChannel: Channel opened with SecurityMode None for SecurityPolicy http://opcfoundation.org/UA/SecurityPolicy#None and a revised lifetime of 600.0s
[2026-08-17 03:13:46.339 (UTC+0800)] [32minfo/channel[0m	TCP 16	| SC 2	| OpenSecureChannel: Channel opened with SecurityMode None for SecurityPolicy http://opcfoundation.org/UA/SecurityPolicy#None and a revised lifetime of 600.0s
[2026-08-17 03:13:46.339 (UTC+0800)] [33mwarn/client[0m	Removing a UserTokenPolicy that would allow the password to be transmitted without encryption (Can be enabled via config->allowNonePolicyPassword)
[2026-08-17 03:13:46.339 (UTC+0800)] [33mwarn/client[0m	Removing a UserTokenPolicy that would allow the password to be transmitted without encryption (Can be enabled via config->allowNonePolicyPassword)
[2026-08-17 03:13:46.339 (UTC+0800)] [33mwarn/client[0m	Removing a UserTokenPolicy that would allow the password to be transmitted without encryption (Can be enabled via config->allowNonePolicyPassword)
[2026-08-17 03:13:46.339 (UTC+0800)] [33mwarn/client[0m	Removing a UserTokenPolicy that would allow the password to be transmitted without encryption (Can be enabled via config->allowNonePolicyPassword)
[2026-08-17 03:13:46.340 (UTC+0800)] [32minfo/session[0m	TCP 17	| SC 3	| Session "SensorSource"	| Session created
[2026-08-17 03:13:46.340 (UTC+0800)] [33mwarn/client[0m	Removing a UserTokenPolicy that would allow the password to be transmitted without encryption (Can be enabled via config->allowNonePolicyPassword)
[2026-08-17 03:13:46.340 (UTC+0800)] [33mwarn/client[0m	Removing a UserTokenPolicy that would allow the password to be transmitted without encryption (Can be enabled via config->allowNonePolicyPassword)
[2026-08-17 03:13:46.340 (UTC+0800)] [32minfo/session[0m	TCP 17	| SC 3	| Session "SensorSource"	| ActivateSession: Session activated with ClientUserId ""
[2026-08-17 03:13:46.340 (UTC+0800)] [33mwarn/client[0m	Removing a UserTokenPolicy that would allow the password to be transmitted without encryption (Can be enabled via config->allowNonePolicyPassword)
[2026-08-17 03:13:46.340 (UTC+0800)] [33mwarn/client[0m	Removing a UserTokenPolicy that would allow the password to be transmitted without encryption (Can be enabled via config->allowNonePolicyPassword)
[2026-08-17 03:13:46.341 (UTC+0800)] [32minfo/session[0m	TCP 16	| SC 2	| Session "SensorSource3"	| Session created
[2026-08-17 03:13:46.341 (UTC+0800)] [32minfo/session[0m	TCP 16	| SC 2	| Session "SensorSource3"	| ActivateSession: Session activated with ClientUserId ""
[2026-08-17 03:13:48.290 (UTC+0800)] [32minfo/network[0m	TCP 18	| Connection opened from "127.0.0.1" via the server socket 8
[2026-08-17 03:13:48.290 (UTC+0800)] [32minfo/channel[0m	TCP 18	| SC 4	| SecureChannel created
[2026-08-17 03:13:48.291 (UTC+0800)] [32minfo/channel[0m	TCP 18	| SC 4	| OpenSecureChannel: Channel opened with SecurityMode None for SecurityPolicy http://opcfoundation.org/UA/SecurityPolicy#None and a revised lifetime of 600.0s
[2026-08-17 03:13:48.291 (UTC+0800)] [32minfo/network[0m	TCP 19	| Connection opened from "127.0.0.1" via the server socket 8
[2026-08-17 03:13:48.291 (UTC+0800)] [32minfo/channel[0m	TCP 19	| SC 5	| SecureChannel created
[2026-08-17 03:13:48.291 (UTC+0800)] [32minfo/channel[0m	TCP 19	| SC 5	| OpenSecureChannel: Channel opened with SecurityMode None for SecurityPolicy http://opcfoundation.org/UA/SecurityPolicy#None and a revised lifetime of 600.0s
[2026-08-17 03:13:48.291 (UTC+0800)] [32minfo/network[0m	TCP 20	| Connection opened from "127.0.0.1" via the server socket 8
[2026-08-17 03:13:48.291 (UTC+0800)] [32minfo/channel[0m	TCP 20	| SC 6	| SecureChannel created
[2026-08-17 03:13:48.291 (UTC+0800)] [33mwarn/client[0m	Removing a UserTokenPolicy that would allow the password to be transmitted without encryption (Can be enabled via config->allowNonePolicyPassword)
[2026-08-17 03:13:48.291 (UTC+0800)] [33mwarn/client[0m	Removing a UserTokenPolicy that would allow the password to be transmitted without encryption (Can be enabled via config->allowNonePolicyPassword)
[2026-08-17 03:13:48.291 (UTC+0800)] [32minfo/channel[0m	TCP 20	| SC 6	| OpenSecureChannel: Channel opened with SecurityMode None for SecurityPolicy http://opcfoundation.org/UA/SecurityPolicy#None and a revised lifetime of 600.0s
[2026-08-17 03:13:48.291 (UTC+0800)] [32minfo/network[0m	TCP 21	| Connection opened from "127.0.0.1" via the server socket 8
[2026-08-17 03:13:48.291 (UTC+0800)] [32minfo/channel[0m	TCP 21	| SC 7	| SecureChannel created
[2026-08-17 03:13:48.291 (UTC+0800)] [33mwarn/client[0m	Removing a UserTokenPolicy that would allow the password to be transmitted without encryption (Can be enabled via config->allowNonePolicyPassword)
[2026-08-17 03:13:48.291 (UTC+0800)] [33mwarn/client[0m	Removing a UserTokenPolicy that would allow the password to be transmitted without encryption (Can be enabled via config->allowNonePolicyPassword)
[2026-08-17 03:13:48.292 (UTC+0800)] [32minfo/session[0m	TCP 18	| SC 4	| Session "MotorSource3"	| Session created
[2026-08-17 03:13:48.292 (UTC+0800)] [32minfo/channel[0m	TCP 21	| SC 7	| OpenSecureChannel: Channel opened with SecurityMode None for SecurityPolicy http://opcfoundation.org/UA/SecurityPolicy#None and a revised lifetime of 600.0s
[2026-08-17 03:13:48.292 (UTC+0800)] [33mwarn/client[0m	Removing a UserTokenPolicy that would allow the password to be transmitted without encryption (Can be enabled via config->allowNonePolicyPassword)
[2026-08-17 03:13:48.292 (UTC+0800)] [33mwarn/client[0m	Removing a UserTokenPolicy that would allow the password to be transmitted without encryption (Can be enabled via config->allowNonePolicyPassword)
[2026-08-17 03:13:48.292 (UTC+0800)] [32minfo/session[0m	TCP 18	| SC 4	| Session "MotorSource3"	| ActivateSession: Session activated with ClientUserId ""
[2026-08-17 03:13:48.292 (UTC+0800)] [33mwarn/client[0m	Removing a UserTokenPolicy that would allow the password to be transmitted without encryption (Can be enabled via config->allowNonePolicyPassword)
[2026-08-17 03:13:48.292 (UTC+0800)] [33mwarn/client[0m	Removing a UserTokenPolicy that would allow the password to be transmitted without encryption (Can be enabled via config->allowNonePolicyPassword)
[2026-08-17 03:13:48.292 (UTC+0800)] [33mwarn/client[0m	Removing a UserTokenPolicy that would allow the password to be transmitted without encryption (Can be enabled via config->allowNonePolicyPassword)
[2026-08-17 03:13:48.292 (UTC+0800)] [33mwarn/client[0m	Removing a UserTokenPolicy that would allow the password to be transmitted without encryption (Can be enabled via config->allowNonePolicyPassword)
[2026-08-17 03:13:48.293 (UTC+0800)] [32minfo/session[0m	TCP 19	| SC 5	| Session "MotorSource2"	| Session created
[2026-08-17 03:13:48.293 (UTC+0800)] [33mwarn/client[0m	Removing a UserTokenPolicy that would allow the password to be transmitted without encryption (Can be enabled via config->allowNonePolicyPassword)
[2026-08-17 03:13:48.293 (UTC+0800)] [33mwarn/client[0m	Removing a UserTokenPolicy that would allow the password to be transmitted without encryption (Can be enabled via config->allowNonePolicyPassword)
[2026-08-17 03:13:48.293 (UTC+0800)] [32minfo/session[0m	TCP 21	| SC 7	| Session "MotorSource"	| Session created
[2026-08-17 03:13:48.293 (UTC+0800)] [33mwarn/client[0m	Removing a UserTokenPolicy that would allow the password to be transmitted without encryption (Can be enabled via config->allowNonePolicyPassword)
[2026-08-17 03:13:48.293 (UTC+0800)] [33mwarn/client[0m	Removing a UserTokenPolicy that would allow the password to be transmitted without encryption (Can be enabled via config->allowNonePolicyPassword)
[2026-08-17 03:13:48.294 (UTC+0800)] [32minfo/session[0m	TCP 21	| SC 7	| Session "MotorSource"	| ActivateSession: Session activated with ClientUserId ""
[2026-08-17 03:13:48.294 (UTC+0800)] [32minfo/session[0m	TCP 19	| SC 5	| Session "MotorSource2"	| ActivateSession: Session activated with ClientUserId ""
[2026-08-17 03:13:48.294 (UTC+0800)] [33mwarn/client[0m	Removing a UserTokenPolicy that would allow the password to be transmitted without encryption (Can be enabled via config->allowNonePolicyPassword)
[2026-08-17 03:13:48.294 (UTC+0800)] [33mwarn/client[0m	Removing a UserTokenPolicy that would allow the password to be transmitted without encryption (Can be enabled via config->allowNonePolicyPassword)
[2026-08-17 03:13:48.294 (UTC+0800)] [32minfo/session[0m	TCP 20	| SC 6	| Session "ns=1;g=f49c7080-7c4f-ce1c-7717-f12f16415415"	| Session created
[2026-08-17 03:13:48.294 (UTC+0800)] [32minfo/session[0m	TCP 20	| SC 6	| Session "ns=1;g=f49c7080-7c4f-ce1c-7717-f12f16415415"	| ActivateSession: Session activated with ClientUserId ""
[2026-08-17 03:13:48.295 (UTC+0800)] [32minfo/session[0m	TCP 20	| SC 6	| Session "ns=1;g=f49c7080-7c4f-ce1c-7717-f12f16415415"	| Subscription 1 | Subscription created (Publishing interval 500.0ms, max 1000 notifications per publish)
[2026-08-17 03:13:48.295 (UTC+0800)] [32minfo/session[0m	TCP 20	| SC 6	| Session "ns=1;g=f49c7080-7c4f-ce1c-7717-f12f16415415"	| Subscription 1 | MonitoredItem 1 | Created the MonitoredItem (Sampling Interval: 0.0ms, Queue Size: 100)
[2026-08-17 03:13:49.296 (UTC+0800)] [32minfo/network[0m	TCP 22	| Opening a connection to "127.0.0.1" on port 4842
[2026-08-17 03:13:49.324 (UTC+0800)] [32minfo/channel[0m	TCP 22	| SC 2	| SecureChannel opened with SecurityMode None for SecurityPolicy http://opcfoundation.org/UA/SecurityPolicy#None and a revised lifetime of 600.0s
[2026-08-17 03:13:49.324 (UTC+0800)] [32minfo/client[0m	Client Status: ChannelState: Open, SessionState: Closed, ConnectStatus: Good
[2026-08-17 03:13:49.334 (UTC+0800)] [32minfo/client[0m	The initially defined EndpointURL opc.tcp://127.0.0.1:4842 is valid for the server
[2026-08-17 03:13:49.345 (UTC+0800)] [33mwarn/client[0m	The server returned Endpoints with a different EndpointUrl opc.tcp://MSI:4842 than was used to initialize the connection: opc.tcp://127.0.0.1:4842. Some servers require a complete match of the EndpointUrl/DiscoveryUrl (including the path) to return all endpoints.
[2026-08-17 03:13:49.345 (UTC+0800)] [32minfo/client[0m	Endpoint 0: Best endpoint so far with UserTokenPolicy open62541-anonymous-policy-none#None
[2026-08-17 03:13:49.345 (UTC+0800)] [32minfo/client[0m	Endpoint 0 selected with SecurityMode None, SecurityPolicy http://opcfoundation.org/UA/SecurityPolicy#None and UserTokenPolicy open62541-anonymous-policy-none#None
[2026-08-17 03:13:49.345 (UTC+0800)] [32minfo/client[0m	CreateSession: Using UserTokenPolicy open62541-anonymous-policy-none#None
[2026-08-17 03:13:49.356 (UTC+0800)] [32minfo/client[0m	Client Status: ChannelState: Open, SessionState: Created, ConnectStatus: Good
[2026-08-17 03:13:49.356 (UTC+0800)] [32minfo/client[0m	ActivateSession: Using UserTokenPolicy open62541-anonymous-policy-none#None
[2026-08-17 03:13:49.366 (UTC+0800)] [32minfo/client[0m	Client Status: ChannelState: Open, SessionState: Activated, ConnectStatus: Good
[2026-08-17 03:13:49.366 (UTC+0800)] [32minfo/application[0m	Connected to sensor backend; starting data aggregation
[2026-08-17 03:13:49.366 (UTC+0800)] [32minfo/client[0m	Re-establish the connection for the synchronous service call
[2026-08-17 03:13:49.366 (UTC+0800)] [33mwarn/client[0m	Client connection already initiated
[2026-08-17 03:13:51.377 (UTC+0800)] [32minfo/network[0m	TCP 23	| Connection opened from "127.0.0.1" via the server socket 8
[2026-08-17 03:13:51.377 (UTC+0800)] [32minfo/channel[0m	TCP 23	| SC 8	| SecureChannel created
[2026-08-17 03:13:51.377 (UTC+0800)] [32minfo/network[0m	TCP 24	| Connection opened from "127.0.0.1" via the server socket 8
[2026-08-17 03:13:51.377 (UTC+0800)] [32minfo/channel[0m	TCP 24	| SC 9	| SecureChannel created
[2026-08-17 03:13:51.377 (UTC+0800)] [32minfo/network[0m	TCP 25	| Connection opened from "127.0.0.1" via the server socket 8
[2026-08-17 03:13:51.377 (UTC+0800)] [32minfo/channel[0m	TCP 25	| SC 10	| SecureChannel created
[2026-08-17 03:13:51.377 (UTC+0800)] [32minfo/channel[0m	TCP 23	| SC 8	| OpenSecureChannel: Channel opened with SecurityMode None for SecurityPolicy http://opcfoundation.org/UA/SecurityPolicy#None and a revised lifetime of 600.0s
[2026-08-17 03:13:51.377 (UTC+0800)] [32minfo/channel[0m	TCP 24	| SC 9	| OpenSecureChannel: Channel opened with SecurityMode None for SecurityPolicy http://opcfoundation.org/UA/SecurityPolicy#None and a revised lifetime of 600.0s
[2026-08-17 03:13:51.377 (UTC+0800)] [32minfo/channel[0m	TCP 25	| SC 10	| OpenSecureChannel: Channel opened with SecurityMode None for SecurityPolicy http://opcfoundation.org/UA/SecurityPolicy#None and a revised lifetime of 600.0s
[2026-08-17 03:13:51.377 (UTC+0800)] [33mwarn/client[0m	Removing a UserTokenPolicy that would allow the password to be transmitted without encryption (Can be enabled via config->allowNonePolicyPassword)
[2026-08-17 03:13:51.377 (UTC+0800)] [33mwarn/client[0m	Removing a UserTokenPolicy that would allow the password to be transmitted without encryption (Can be enabled via config->allowNonePolicyPassword)
[2026-08-17 03:13:51.378 (UTC+0800)] [33mwarn/client[0m	Removing a UserTokenPolicy that would allow the password to be transmitted without encryption (Can be enabled via config->allowNonePolicyPassword)
[2026-08-17 03:13:51.378 (UTC+0800)] [33mwarn/client[0m	Removing a UserTokenPolicy that would allow the password to be transmitted without encryption (Can be enabled via config->allowNonePolicyPassword)
[2026-08-17 03:13:51.378 (UTC+0800)] [33mwarn/client[0m	Removing a UserTokenPolicy that would allow the password to be transmitted without encryption (Can be enabled via config->allowNonePolicyPassword)
[2026-08-17 03:13:51.378 (UTC+0800)] [33mwarn/client[0m	Removing a UserTokenPolicy that would allow the password to be transmitted without encryption (Can be enabled via config->allowNonePolicyPassword)
[2026-08-17 03:13:51.379 (UTC+0800)] [32minfo/session[0m	TCP 24	| SC 9	| Session "ns=1;g=ffed7b45-15b3-d4b4-a60a-105124328308"	| Session created
[2026-08-17 03:13:51.379 (UTC+0800)] [33mwarn/client[0m	Removing a UserTokenPolicy that would allow the password to be transmitted without encryption (Can be enabled via config->allowNonePolicyPassword)
[2026-08-17 03:13:51.379 (UTC+0800)] [33mwarn/client[0m	Removing a UserTokenPolicy that would allow the password to be transmitted without encryption (Can be enabled via config->allowNonePolicyPassword)
[2026-08-17 03:13:51.379 (UTC+0800)] [32minfo/session[0m	TCP 23	| SC 8	| Session "ns=1;g=4294e11f-8874-9f7c-adea-4e8482b81b81"	| Session created
[2026-08-17 03:13:51.379 (UTC+0800)] [33mwarn/client[0m	Removing a UserTokenPolicy that would allow the password to be transmitted without encryption (Can be enabled via config->allowNonePolicyPassword)
[2026-08-17 03:13:51.379 (UTC+0800)] [33mwarn/client[0m	Removing a UserTokenPolicy that would allow the password to be transmitted without encryption (Can be enabled via config->allowNonePolicyPassword)
[2026-08-17 03:13:51.379 (UTC+0800)] [32minfo/session[0m	TCP 24	| SC 9	| Session "ns=1;g=ffed7b45-15b3-d4b4-a60a-105124328308"	| ActivateSession: Session activated with ClientUserId ""
[2026-08-17 03:13:51.379 (UTC+0800)] [32minfo/session[0m	TCP 23	| SC 8	| Session "ns=1;g=4294e11f-8874-9f7c-adea-4e8482b81b81"	| ActivateSession: Session activated with ClientUserId ""
[2026-08-17 03:13:51.379 (UTC+0800)] [33mwarn/client[0m	Removing a UserTokenPolicy that would allow the password to be transmitted without encryption (Can be enabled via config->allowNonePolicyPassword)
[2026-08-17 03:13:51.379 (UTC+0800)] [33mwarn/client[0m	Removing a UserTokenPolicy that would allow the password to be transmitted without encryption (Can be enabled via config->allowNonePolicyPassword)
[2026-08-17 03:13:51.380 (UTC+0800)] [32minfo/session[0m	TCP 25	| SC 10	| Session "ns=1;g=f26b10e5-3665-7c01-2e12-3183070020a2"	| Session created
[2026-08-17 03:13:51.380 (UTC+0800)] [32minfo/session[0m	TCP 25	| SC 10	| Session "ns=1;g=f26b10e5-3665-7c01-2e12-3183070020a2"	| ActivateSession: Session activated with ClientUserId ""
[2026-08-17 03:13:51.387 (UTC+0800)] [33mwarn/client[0m	Request with unknown RequestId 7
[2026-08-17 03:18:51.146 (UTC+0800)] [32minfo/session[0m	TCP 23	| SC 8	| Session "ns=1;g=4294e11f-8874-9f7c-adea-4e8482b81b81"	| Closing the Session
[2026-08-17 03:18:51.147 (UTC+0800)] [32minfo/channel[0m	TCP 23	| SC 8	| SecureChannel closed
[2026-08-17 03:18:51.147 (UTC+0800)] [32minfo/network[0m	TCP 23	| Socket closed
[2026-08-17 03:18:51.148 (UTC+0800)] [32minfo/session[0m	TCP 24	| SC 9	| Session "ns=1;g=ffed7b45-15b3-d4b4-a60a-105124328308"	| Closing the Session
[2026-08-17 03:18:51.148 (UTC+0800)] [32minfo/session[0m	TCP 25	| SC 10	| Session "ns=1;g=f26b10e5-3665-7c01-2e12-3183070020a2"	| Closing the Session
[2026-08-17 03:18:51.148 (UTC+0800)] [32minfo/channel[0m	TCP 24	| SC 9	| SecureChannel closed
[2026-08-17 03:18:51.148 (UTC+0800)] [32minfo/network[0m	TCP 24	| Socket closed
[2026-08-17 03:18:51.149 (UTC+0800)] [32minfo/channel[0m	TCP 25	| SC 10	| SecureChannel closed
[2026-08-17 03:18:51.149 (UTC+0800)] [32minfo/network[0m	TCP 25	| Socket closed
