[2026-08-17 03:13:46.287 (UTC+0800)] [33mwarn/server[0m	AccessControl: Unconfigured AccessControl. Users have all permissions.
[2026-08-17 03:13:46.287 (UTC+0800)] [32minfo/server[0m	AccessControl: Anonymous login is enabled
[2026-08-17 03:13:46.287 (UTC+0800)] [33mwarn/server[0m	x509 Certificate Authentication configured, but no encrypting SecurityPolicy. This can leak credentials on the network.
[2026-08-17 03:13:46.323 (UTC+0800)] [33mwarn/application[0m	ServerUrls already set. Overriding.
[2026-08-17 03:13:46.323 (UTC+0800)] [33mwarn/server[0m	AccessControl: Unconfigured AccessControl. Users have all permissions.
[2026-08-17 03:13:46.323 (UTC+0800)] [32minfo/server[0m	AccessControl: Anonymous login is enabled
[2026-08-17 03:13:46.323 (UTC+0800)] [33mwarn/server[0m	x509 Certificate Authentication configured, but no encrypting SecurityPolicy. This can leak credentials on the network.
[2026-08-17 03:13:46.323 (UTC+0800)] [33mwarn/server[0m	x509 Certificate Authentication configured, but no encrypting SecurityPolicy. This can leak credentials on the network.
[2026-08-16 19:13:46.323 (UTC)] info/application	Sensor Server online (Client/Server mode, id=2 port=4843) | Severity=75 | SourceName=Sensor2 | EventType=application
Entering background polling mode: attempting to connect to Aggregation Server...
Connected successfully. Log forwarding started.
[2026-08-16 19:13:47.330 (UTC)] info/application	[Sensor] Updated distance: 24.7759458493795 cm | Severity=75 | SourceName=Sensor2 | EventType=application
[2026-08-16 19:13:48.300 (UTC)] info/network	[System] TCP 16	| Connection opened from "127.0.0.1" via the server socket 8 | Severity=75 | SourceName=System | EventType=network
[2026-08-16 19:13:48.300 (UTC)] info/channel	[System] TCP 16	| SC 1	| SecureChannel created | Severity=75 | SourceName=System | EventType=channel
[2026-08-16 19:13:48.320 (UTC)] info/channel	[System] TCP 16	| SC 1	| OpenSecureChannel: Channel opened with SecurityMode None for SecurityPolicy http://opcfoundation.org/UA/SecurityPolicy#None and a revised lifetime of 600.0s | Severity=75 | SourceName=System | EventType=channel
[2026-08-16 19:13:48.331 (UTC)] info/application	[Sensor] Updated distance: 26.1882294380051 cm | Severity=75 | SourceName=Sensor2 | EventType=application
[2026-08-16 19:13:48.341 (UTC)] warn/client	[System] Removing a UserTokenPolicy that would allow the password to be transmitted without encryption (Can be enabled via config->allowNonePolicyPassword) | Severity=175 | SourceName=System | EventType=client
[2026-08-16 19:13:48.341 (UTC)] warn/client	[System] Removing a UserTokenPolicy that would allow the password to be transmitted without encryption (Can be enabled via config->allowNonePolicyPassword) | Severity=175 | SourceName=System | EventType=client
[2026-08-16 19:13:48.351 (UTC)] warn/client	[System] Removing a UserTokenPolicy that would allow the password to be transmitted without encryption (Can be enabled via config->allowNonePolicyPassword) | Severity=175 | SourceName=System | EventType=client
[2026-08-16 19:13:48.351 (UTC)] warn/client	[System] Removing a UserTokenPolicy that would allow the password to be transmitted without encryption (Can be enabled via config->allowNonePolicyPassword) | Severity=175 | SourceName=System | EventType=client
[2026-08-16 19:13:48.352 (UTC)] info/session	[System] TCP 16	| SC 1	| Session "ns=1;g=7f5d8cd4-665c-33f7-96b9-7bb7f26fe6ae"	| Session created | Severity=75 | SourceName=System | EventType=session
[2026-08-16 19:13:48.362 (UTC)] info/session	[System] TCP 16	| SC 1	| Session "ns=1;g=7f5d8cd4-665c-33f7-96b9-7bb7f26fe6ae"	| ActivateSession: Session activated with ClientUserId "" | Severity=75 | SourceName=System | EventType=session
[2026-08-16 19:13:48.747 (UTC)] info/session	[System] TCP 16	| SC 1	| Session "ns=1;g=7f5d8cd4-665c-33f7-96b9-7bb7f26fe6ae"	| Subscription 1 | Subscription created (Publishing interval 500.0ms, max 1000 notifications per publish) | Severity=75 | SourceName=System | EventType=session
[2026-08-16 19:13:48.767 (UTC)] info/session	[System] TCP 16	| SC 1	| Session "ns=1;g=7f5d8cd4-665c-33f7-96b9-7bb7f26fe6ae"	| Subscription 1 | MonitoredItem 1 | Created the MonitoredItem (Sampling Interval: 250.0ms, Queue Size: 1) | Severity=75 | SourceName=System | EventType=session
[2026-08-16 19:13:49.323 (UTC)] info/application	[Sensor] Updated distance: 27.0425692389452 cm | Severity=75 | SourceName=Sensor2 | EventType=application
[2026-08-16 19:13:50.323 (UTC)] info/application	[Sensor] Updated distance: 27.0355156599709 cm | Severity=75 | SourceName=Sensor2 | EventType=application
[2026-08-16 19:13:51.387 (UTC)] info/application	[Sensor] Updated distance: 26.9718165562823 cm | Severity=75 | SourceName=Sensor2 | EventType=application
[2026-08-16 19:13:52.327 (UTC)] info/application	[Sensor] Updated distance: 28.0172842685214 cm | Severity=75 | SourceName=Sensor2 | EventType=application
[2026-08-16 19:13:53.328 (UTC)] info/application	[Sensor] Updated distance: 27.8159254613872 cm | Severity=75 | SourceName=Sensor2 | EventType=application
[2026-08-16 19:13:54.328 (UTC)] info/application	[Sensor] Updated distance: 27.1851680577664 cm | Severity=75 | SourceName=Sensor2 | EventType=application
[2026-08-16 19:13:55.329 (UTC)] info/application	[Sensor] Updated distance: 25.982194312607 cm | Severity=75 | SourceName=Sensor2 | EventType=application
[2026-08-16 19:13:56.329 (UTC)] info/application	[Sensor] Updated distance: 26.5323959605454 cm | Severity=75 | SourceName=Sensor2 | EventType=application
[2026-08-16 19:13:57.330 (UTC)] info/application	[Sensor] Updated distance: 25.8971757383073 cm | Severity=75 | SourceName=Sensor2 | EventType=application
[2026-08-16 19:13:58.330 (UTC)] info/application	[Sensor] Updated distance: 25.3971065829495 cm | Severity=75 | SourceName=Sensor2 | EventType=application
[2026-08-16 19:13:59.331 (UTC)] info/application	[Sensor] Updated distance: 25.4586865305708 cm | Severity=75 | SourceName=Sensor2 | EventType=application
[2026-08-16 19:14:00.330 (UTC)] info/application	[Sensor] Updated distance: 25.8975217104412 cm | Severity=75 | SourceName=Sensor2 | EventType=application
[2026-08-16 19:14:01.330 (UTC)] info/application	[Sensor] Updated distance: 25.5689603784443 cm | Severity=75 | SourceName=Sensor2 | EventType=application
[2026-08-16 19:14:02.331 (UTC)] info/application	[Sensor] Updated distance: 26.82979558866 cm | Severity=75 | SourceName=Sensor2 | EventType=application
[2026-08-16 19:14:03.331 (UTC)] info/application	[Sensor] Updated distance: 27.6049089478817 cm | Severity=75 | SourceName=Sensor2 | EventType=application
[2026-08-16 19:14:04.331 (UTC)] info/application	[Sensor] Updated distance: 27.5252132669674 cm | Severity=75 | SourceName=Sensor2 | EventType=application
[2026-08-16 19:14:05.331 (UTC)] info/application	[Sensor] Updated distance: 28.3862739419035 cm | Severity=75 | SourceName=Sensor2 | EventType=application
[2026-08-16 19:14:06.332 (UTC)] info/application	[Sensor] Updated distance: 29.0140173011525 cm | Severity=75 | SourceName=Sensor2 | EventType=application
[2026-08-16 19:14:07.323 (UTC)] info/application	[Sensor] Updated distance: 29.5102363885428 cm | Severity=75 | SourceName=Sensor2 | EventType=application
[2026-08-16 19:14:08.325 (UTC)] info/application	[Sensor] Updated distance: 30.216888228998 cm | Severity=75 | SourceName=Sensor2 | EventType=application
[2026-08-16 19:14:09.326 (UTC)] info/application	[Sensor] Updated distance: 31.7047830187738 cm | Severity=75 | SourceName=Sensor2 | EventType=application
[2026-08-16 19:14:10.328 (UTC)] info/application	[Sensor] Updated distance: 31.0845057657382 cm | Severity=75 | SourceName=Sensor2 | EventType=application
[2026-08-16 19:14:11.328 (UTC)] info/application	[Sensor] Updated distance: 32.3797145196608 cm | Severity=75 | SourceName=Sensor2 | EventType=application
[2026-08-16 19:14:12.328 (UTC)] info/application	[Sensor] Updated distance: 32.8733360971666 cm | Severity=75 | SourceName=Sensor2 | EventType=application
[2026-08-16 19:14:13.328 (UTC)] info/application	[Sensor] Updated distance: 33.1940348128295 cm | Severity=75 | SourceName=Sensor2 | EventType=application
[2026-08-16 19:14:14.329 (UTC)] info/application	[Sensor] Updated distance: 32.3003324211111 cm | Severity=75 | SourceName=Sensor2 | EventType=application
[2026-08-16 19:14:15.329 (UTC)] info/application	[Sensor] Updated distance: 31.2806137896984 cm | Severity=75 | SourceName=Sensor2 | EventType=application
[2026-08-16 19:14:16.329 (UTC)] info/application	[Sensor] Updated distance: 32.2235231693944 cm | Severity=75 | SourceName=Sensor2 | EventType=application
[2026-08-16 19:14:17.329 (UTC)] info/application	[Sensor] Updated distance: 31.5673603611381 cm | Severity=75 | SourceName=Sensor2 | EventType=application
[2026-08-16 19:14:18.329 (UTC)] info/application	[Sensor] Updated distance: 30.8235875805018 cm | Severity=75 | SourceName=Sensor2 | EventType=application
[2026-08-16 19:14:19.329 (UTC)] info/application	[Sensor] Updated distance: 31.6787805488234 cm | Severity=75 | SourceName=Sensor2 | EventType=application
[2026-08-16 19:14:20.330 (UTC)] info/application	[Sensor] Updated distance: 30.3769575401102 cm | Severity=75 | SourceName=Sensor2 | EventType=application
[2026-08-16 19:14:21.330 (UTC)] info/application	[Sensor] Updated distance: 31.1261311804997 cm | Severity=75 | SourceName=Sensor2 | EventType=application
[2026-08-16 19:14:22.330 (UTC)] info/application	[Sensor] Updated distance: 30.4176250437357 cm | Severity=75 | SourceName=Sensor2 | EventType=application
[2026-08-16 19:14:23.330 (UTC)] info/application	[Sensor] Updated distance: 31.6612697472615 cm | Severity=75 | SourceName=Sensor2 | EventType=application
[2026-08-16 19:14:24.330 (UTC)] info/application	[Sensor] Updated distance: 30.70908457912 cm | Severity=75 | SourceName=Sensor2 | EventType=application
[2026-08-16 19:14:25.332 (UTC)] info/application	[Sensor] Updated distance: 30.869821038735 cm | Severity=75 | SourceName=Sensor2 | EventType=application
[2026-08-16 19:14:26.332 (UTC)] info/application	[Sensor] Updated distance: 29.4104919957046 cm | Severity=75 | SourceName=Sensor2 | EventType=application
[2026-08-16 19:14:27.323 (UTC)] info/application	[Sensor] Updated distance: 30.5085084768983 cm | Severity=75 | SourceName=Sensor2 | EventType=application
[2026-08-16 19:14:28.324 (UTC)] info/application	[Sensor] Updated distance: 31.5340247142753 cm | Severity=75 | SourceName=Sensor2 | EventType=application
[2026-08-16 19:14:29.324 (UTC)] info/application	[Sensor] Updated distance: 31.074626515887 cm | Severity=75 | SourceName=Sensor2 | EventType=application
[2026-08-16 19:14:30.325 (UTC)] info/application	[Sensor] Updated distance: 30.7342229433051 cm | Severity=75 | SourceName=Sensor2 | EventType=application
[2026-08-16 19:14:31.326 (UTC)] info/application	[Sensor] Updated distance: 30.6985743591555 cm | Severity=75 | SourceName=Sensor2 | EventType=application
[2026-08-16 19:14:32.326 (UTC)] info/application	[Sensor] Updated distance: 31.4106148301673 cm | Severity=75 | SourceName=Sensor2 | EventType=application
[2026-08-16 19:14:33.326 (UTC)] info/application	[Sensor] Updated distance: 30.8310464664041 cm | Severity=75 | SourceName=Sensor2 | EventType=application
[2026-08-16 19:14:34.326 (UTC)] info/application	[Sensor] Updated distance: 30.0705112414763 cm | Severity=75 | SourceName=Sensor2 | EventType=application
[2026-08-16 19:14:35.326 (UTC)] info/application	[Sensor] Updated distance: 29.2028560301768 cm | Severity=75 | SourceName=Sensor2 | EventType=application
[2026-08-16 19:14:36.327 (UTC)] info/application	[Sensor] Updated distance: 27.9843483399527 cm | Severity=75 | SourceName=Sensor2 | EventType=application
[2026-08-16 19:14:37.328 (UTC)] info/application	[Sensor] Updated distance: 29.3515564742738 cm | Severity=75 | SourceName=Sensor2 | EventType=application
[2026-08-16 19:14:38.328 (UTC)] info/application	[Sensor] Updated distance: 30.4801203503647 cm | Severity=75 | SourceName=Sensor2 | EventType=application
[2026-08-16 19:14:39.329 (UTC)] info/application	[Sensor] Updated distance: 31.4682645005958 cm | Severity=75 | SourceName=Sensor2 | EventType=application
[2026-08-16 19:14:40.330 (UTC)] info/application	[Sensor] Updated distance: 32.8233674232957 cm | Severity=75 | SourceName=Sensor2 | EventType=application
[2026-08-16 19:14:41.330 (UTC)] info/application	[Sensor] Updated distance: 31.8316540449539 cm | Severity=75 | SourceName=Sensor2 | EventType=application
[2026-08-16 19:14:42.330 (UTC)] info/application	[Sensor] Updated distance: 32.6150069477106 cm | Severity=75 | SourceName=Sensor2 | EventType=application
[2026-08-16 19:14:43.330 (UTC)] info/application	[Sensor] Updated distance: 32.9637314465194 cm | Severity=75 | SourceName=Sensor2 | EventType=application
[2026-08-16 19:14:44.330 (UTC)] info/application	[Sensor] Updated distance: 33.7927167852375 cm | Severity=75 | SourceName=Sensor2 | EventType=application
[2026-08-16 19:14:45.331 (UTC)] info/application	[Sensor] Updated distance: 35.1823672962758 cm | Severity=75 | SourceName=Sensor2 | EventType=application
[2026-08-16 19:14:46.331 (UTC)] info/application	[Sensor] Updated distance: 36.0113731650689 cm | Severity=75 | SourceName=Sensor2 | EventType=application
[2026-08-16 19:14:47.331 (UTC)] info/application	[Sensor] Updated distance: 36.283267882086 cm | Severity=75 | SourceName=Sensor2 | EventType=application
[2026-08-16 19:14:48.331 (UTC)] info/application	[Sensor] Updated distance: 35.516755583471 cm | Severity=75 | SourceName=Sensor2 | EventType=application
[2026-08-16 19:14:49.331 (UTC)] info/application	[Sensor] Updated distance: 34.1019886702308 cm | Severity=75 | SourceName=Sensor2 | EventType=application
[2026-08-16 19:14:50.332 (UTC)] info/application	[Sensor] Updated distance: 33.7290763541726 cm | Severity=75 | SourceName=Sensor2 | EventType=application
[2026-08-16 19:14:51.323 (UTC)] info/application	[Sensor] Updated distance: 33.1607410482414 cm | Severity=75 | SourceName=Sensor2 | EventType=application
[2026-08-16 19:14:52.324 (UTC)] info/application	[Sensor] Updated distance: 33.9951477753907 cm | Severity=75 | SourceName=Sensor2 | EventType=application
[2026-08-16 19:14:53.323 (UTC)] info/application	[Sensor] Updated distance: 34.4137293225684 cm | Severity=75 | SourceName=Sensor2 | EventType=application
[2026-08-16 19:14:54.324 (UTC)] info/application	[Sensor] Updated distance: 33.5890387187661 cm | Severity=75 | SourceName=Sensor2 | EventType=application
[2026-08-16 19:14:55.324 (UTC)] info/application	[Sensor] Updated distance: 34.9712602791708 cm | Severity=75 | SourceName=Sensor2 | EventType=application
[2026-08-16 19:14:56.324 (UTC)] info/application	[Sensor] Updated distance: 34.0505782845666 cm | Severity=75 | SourceName=Sensor2 | EventType=application
[2026-08-16 19:14:57.325 (UTC)] info/application	[Sensor] Updated distance: 33.2665586391308 cm | Severity=75 | SourceName=Sensor2 | EventType=application
[2026-08-16 19:14:58.325 (UTC)] info/application	[Sensor] Updated distance: 34.2467966793323 cm | Severity=75 | SourceName=Sensor2 | EventType=application
[2026-08-16 19:14:59.325 (UTC)] info/application	[Sensor] Updated distance: 32.851630922105 cm | Severity=75 | SourceName=Sensor2 | EventType=application
[2026-08-16 19:15:00.326 (UTC)] info/application	[Sensor] Updated distance: 33.108213078281 cm | Severity=75 | SourceName=Sensor2 | EventType=application
[2026-08-16 19:15:01.326 (UTC)] info/application	[Sensor] Updated distance: 32.2480475445036 cm | Severity=75 | SourceName=Sensor2 | EventType=application
[2026-08-16 19:15:02.326 (UTC)] info/application	[Sensor] Updated distance: 32.3172332031267 cm | Severity=75 | SourceName=Sensor2 | EventType=application
[2026-08-16 19:15:03.326 (UTC)] info/application	[Sensor] Updated distance: 31.7858558289175 cm | Severity=75 | SourceName=Sensor2 | EventType=application
[2026-08-16 19:15:04.327 (UTC)] info/application	[Sensor] Updated distance: 31.8461219313769 cm | Severity=75 | SourceName=Sensor2 | EventType=application
[2026-08-16 19:15:05.327 (UTC)] info/application	[Sensor] Updated distance: 32.6547723650722 cm | Severity=75 | SourceName=Sensor2 | EventType=application
[2026-08-16 19:15:06.328 (UTC)] info/application	[Sensor] Updated distance: 32.7557397795635 cm | Severity=75 | SourceName=Sensor2 | EventType=application
[2026-08-16 19:15:07.328 (UTC)] info/application	[Sensor] Updated distance: 33.0974981917988 cm | Severity=75 | SourceName=Sensor2 | EventType=application
[2026-08-16 19:15:08.327 (UTC)] info/application	[Sensor] Updated distance: 33.7733567584182 cm | Severity=75 | SourceName=Sensor2 | EventType=application
[2026-08-16 19:15:09.328 (UTC)] info/application	[Sensor] Updated distance: 33.5028880490003 cm | Severity=75 | SourceName=Sensor2 | EventType=application
[2026-08-16 19:15:10.328 (UTC)] info/application	[Sensor] Updated distance: 33.3327906100698 cm | Severity=75 | SourceName=Sensor2 | EventType=application
[2026-08-16 19:15:11.328 (UTC)] info/application	[Sensor] Updated distance: 33.8637520993891 cm | Severity=75 | SourceName=Sensor2 | EventType=application
[2026-08-16 19:15:12.328 (UTC)] info/application	[Sensor] Updated distance: 34.1015700116295 cm | Severity=75 | SourceName=Sensor2 | EventType=application
[2026-08-16 19:15:13.328 (UTC)] info/application	[Sensor] Updated distance: 33.2148254740586 cm | Severity=75 | SourceName=Sensor2 | EventType=application
[2026-08-16 19:15:14.329 (UTC)] info/application	[Sensor] Updated distance: 32.5945114607897 cm | Severity=75 | SourceName=Sensor2 | EventType=application
[2026-08-16 19:15:15.329 (UTC)] info/application	[Sensor] Updated distance: 32.1613147103513 cm | Severity=75 | SourceName=Sensor2 | EventType=application
[2026-08-16 19:15:16.330 (UTC)] info/application	[Sensor] Updated distance: 31.1642206838188 cm | Severity=75 | SourceName=Sensor2 | EventType=application
[2026-08-16 19:15:17.330 (UTC)] info/application	[Sensor] Updated distance: 29.8729125379458 cm | Severity=75 | SourceName=Sensor2 | EventType=application
[2026-08-16 19:15:18.331 (UTC)] info/application	[Sensor] Updated distance: 31.2116105059216 cm | Severity=75 | SourceName=Sensor2 | EventType=application
[2026-08-16 19:15:19.331 (UTC)] info/application	[Sensor] Updated distance: 30.9480041807741 cm | Severity=75 | SourceName=Sensor2 | EventType=application
[2026-08-16 19:15:20.332 (UTC)] info/application	[Sensor] Updated distance: 29.741929121661 cm | Severity=75 | SourceName=Sensor2 | EventType=application
[2026-08-16 19:15:21.333 (UTC)] info/application	[Sensor] Updated distance: 29.2077147721814 cm | Severity=75 | SourceName=Sensor2 | EventType=application
[2026-08-16 19:15:22.333 (UTC)] info/application	[Sensor] Updated distance: 29.8757731411027 cm | Severity=75 | SourceName=Sensor2 | EventType=application
[2026-08-16 19:15:23.323 (UTC)] info/application	[Sensor] Updated distance: 31.0041048105359 cm | Severity=75 | SourceName=Sensor2 | EventType=application
[2026-08-16 19:15:24.324 (UTC)] info/application	[Sensor] Updated distance: 32.3884720096311 cm | Severity=75 | SourceName=Sensor2 | EventType=application
[2026-08-16 19:15:25.325 (UTC)] info/application	[Sensor] Updated distance: 33.7318397761471 cm | Severity=75 | SourceName=Sensor2 | EventType=application
[2026-08-16 19:15:26.325 (UTC)] info/application	[Sensor] Updated distance: 34.742393004588 cm | Severity=75 | SourceName=Sensor2 | EventType=application
[2026-08-16 19:15:27.326 (UTC)] info/application	[Sensor] Updated distance: 33.7060782076819 cm | Severity=75 | SourceName=Sensor2 | EventType=application
[2026-08-16 19:15:28.327 (UTC)] info/application	[Sensor] Updated distance: 32.7654263273652 cm | Severity=75 | SourceName=Sensor2 | EventType=application
[2026-08-16 19:15:29.327 (UTC)] info/application	[Sensor] Updated distance: 33.2562175946106 cm | Severity=75 | SourceName=Sensor2 | EventType=application
[2026-08-16 19:15:30.328 (UTC)] info/application	[Sensor] Updated distance: 32.3247370404772 cm | Severity=75 | SourceName=Sensor2 | EventType=application
[2026-08-16 19:15:31.328 (UTC)] info/application	[Sensor] Updated distance: 33.1406673163365 cm | Severity=75 | SourceName=Sensor2 | EventType=application
[2026-08-16 19:15:32.329 (UTC)] info/application	[Sensor] Updated distance: 34.2712930498045 cm | Severity=75 | SourceName=Sensor2 | EventType=application
[2026-08-16 19:15:33.329 (UTC)] info/application	[Sensor] Updated distance: 34.9089981556912 cm | Severity=75 | SourceName=Sensor2 | EventType=application
[2026-08-16 19:15:34.329 (UTC)] info/application	[Sensor] Updated distance: 33.6935510573413 cm | Severity=75 | SourceName=Sensor2 | EventType=application
[2026-08-16 19:15:35.330 (UTC)] info/application	[Sensor] Updated distance: 33.3844428918717 cm | Severity=75 | SourceName=Sensor2 | EventType=application
[2026-08-16 19:15:36.330 (UTC)] info/application	[Sensor] Updated distance: 33.3307984300567 cm | Severity=75 | SourceName=Sensor2 | EventType=application
[2026-08-16 19:15:37.330 (UTC)] info/application	[Sensor] Updated distance: 33.7163187461981 cm | Severity=75 | SourceName=Sensor2 | EventType=application
[2026-08-16 19:15:38.330 (UTC)] info/application	[Sensor] Updated distance: 32.2489689915669 cm | Severity=75 | SourceName=Sensor2 | EventType=application
[2026-08-16 19:15:39.330 (UTC)] info/application	[Sensor] Updated distance: 31.3711830963712 cm | Severity=75 | SourceName=Sensor2 | EventType=application
[2026-08-16 19:15:40.331 (UTC)] info/application	[Sensor] Updated distance: 29.9862347016978 cm | Severity=75 | SourceName=Sensor2 | EventType=application
[2026-08-16 19:15:41.331 (UTC)] info/application	[Sensor] Updated distance: 29.848787508136 cm | Severity=75 | SourceName=Sensor2 | EventType=application
[2026-08-16 19:15:42.331 (UTC)] info/application	[Sensor] Updated distance: 31.0019631022596 cm | Severity=75 | SourceName=Sensor2 | EventType=application
[2026-08-16 19:15:43.332 (UTC)] info/application	[Sensor] Updated distance: 31.3548326212237 cm | Severity=75 | SourceName=Sensor2 | EventType=application
[2026-08-16 19:15:44.323 (UTC)] info/application	[Sensor] Updated distance: 31.830640890091 cm | Severity=75 | SourceName=Sensor2 | EventType=application
[2026-08-16 19:15:45.324 (UTC)] info/application	[Sensor] Updated distance: 30.8635024695487 cm | Severity=75 | SourceName=Sensor2 | EventType=application
[2026-08-16 19:15:46.324 (UTC)] info/application	[Sensor] Updated distance: 32.2831752380743 cm | Severity=75 | SourceName=Sensor2 | EventType=application
[2026-08-16 19:15:47.325 (UTC)] info/application	[Sensor] Updated distance: 33.2618894804091 cm | Severity=75 | SourceName=Sensor2 | EventType=application
[2026-08-16 19:15:48.326 (UTC)] info/application	[Sensor] Updated distance: 32.5034429153909 cm | Severity=75 | SourceName=Sensor2 | EventType=application
[2026-08-16 19:15:49.328 (UTC)] info/application	[Sensor] Updated distance: 33.7618136504953 cm | Severity=75 | SourceName=Sensor2 | EventType=application
[2026-08-16 19:15:50.329 (UTC)] info/application	[Sensor] Updated distance: 32.9769215676826 cm | Severity=75 | SourceName=Sensor2 | EventType=application
[2026-08-16 19:15:51.329 (UTC)] info/application	[Sensor] Updated distance: 32.5123999435512 cm | Severity=75 | SourceName=Sensor2 | EventType=application
[2026-08-16 19:15:52.329 (UTC)] info/application	[Sensor] Updated distance: 31.7365563291761 cm | Severity=75 | SourceName=Sensor2 | EventType=application
[2026-08-16 19:15:53.329 (UTC)] info/application	[Sensor] Updated distance: 33.1197226152847 cm | Severity=75 | SourceName=Sensor2 | EventType=application
[2026-08-16 19:15:54.329 (UTC)] info/application	[Sensor] Updated distance: 32.2835326591895 cm | Severity=75 | SourceName=Sensor2 | EventType=application
[2026-08-16 19:15:55.330 (UTC)] info/application	[Sensor] Updated distance: 31.3920562425125 cm | Severity=75 | SourceName=Sensor2 | EventType=application
[2026-08-16 19:15:56.330 (UTC)] info/application	[Sensor] Updated distance: 32.6185902937402 cm | Severity=75 | SourceName=Sensor2 | EventType=application
[2026-08-16 19:15:57.330 (UTC)] info/application	[Sensor] Updated distance: 31.292953564689 cm | Severity=75 | SourceName=Sensor2 | EventType=application
[2026-08-16 19:15:58.331 (UTC)] info/application	[Sensor] Updated distance: 30.8651623511059 cm | Severity=75 | SourceName=Sensor2 | EventType=application
[2026-08-16 19:15:59.332 (UTC)] info/application	[Sensor] Updated distance: 29.6510445206198 cm | Severity=75 | SourceName=Sensor2 | EventType=application
[2026-08-16 19:16:00.332 (UTC)] info/application	[Sensor] Updated distance: 30.316199058814 cm | Severity=75 | SourceName=Sensor2 | EventType=application
[2026-08-16 19:16:01.332 (UTC)] info/application	[Sensor] Updated distance: 30.4569272924945 cm | Severity=75 | SourceName=Sensor2 | EventType=application
[2026-08-16 19:16:02.333 (UTC)] info/application	[Sensor] Updated distance: 31.5587397392647 cm | Severity=75 | SourceName=Sensor2 | EventType=application
[2026-08-16 19:16:03.323 (UTC)] info/application	[Sensor] Updated distance: 31.85452000953 cm | Severity=75 | SourceName=Sensor2 | EventType=application
[2026-08-16 19:16:04.323 (UTC)] info/application	[Sensor] Updated distance: 31.1329533477001 cm | Severity=75 | SourceName=Sensor2 | EventType=application
[2026-08-16 19:16:05.324 (UTC)] info/application	[Sensor] Updated distance: 32.5193186961204 cm | Severity=75 | SourceName=Sensor2 | EventType=application
[2026-08-16 19:16:06.324 (UTC)] info/application	[Sensor] Updated distance: 34.0059908009162 cm | Severity=75 | SourceName=Sensor2 | EventType=application
[2026-08-16 19:16:07.325 (UTC)] info/application	[Sensor] Updated distance: 34.7307796772713 cm | Severity=75 | SourceName=Sensor2 | EventType=application
[2026-08-16 19:16:08.325 (UTC)] info/application	[Sensor] Updated distance: 35.002665340436 cm | Severity=75 | SourceName=Sensor2 | EventType=application
[2026-08-16 19:16:09.325 (UTC)] info/application	[Sensor] Updated distance: 33.5219876892036 cm | Severity=75 | SourceName=Sensor2 | EventType=application
[2026-08-16 19:16:10.325 (UTC)] info/application	[Sensor] Updated distance: 34.8689906703629 cm | Severity=75 | SourceName=Sensor2 | EventType=application
[2026-08-16 19:16:11.326 (UTC)] info/application	[Sensor] Updated distance: 35.2559279402512 cm | Severity=75 | SourceName=Sensor2 | EventType=application
[2026-08-16 19:16:12.326 (UTC)] info/application	[Sensor] Updated distance: 35.137803095457 cm | Severity=75 | SourceName=Sensor2 | EventType=application
[2026-08-16 19:16:13.326 (UTC)] info/application	[Sensor] Updated distance: 36.137981669343 cm | Severity=75 | SourceName=Sensor2 | EventType=application
[2026-08-16 19:16:14.326 (UTC)] info/application	[Sensor] Updated distance: 35.3777884567984 cm | Severity=75 | SourceName=Sensor2 | EventType=application
[2026-08-16 19:16:15.326 (UTC)] info/application	[Sensor] Updated distance: 34.2354718808715 cm | Severity=75 | SourceName=Sensor2 | EventType=application
[2026-08-16 19:16:16.326 (UTC)] info/application	[Sensor] Updated distance: 32.7685120342152 cm | Severity=75 | SourceName=Sensor2 | EventType=application
[2026-08-16 19:16:17.327 (UTC)] info/application	[Sensor] Updated distance: 31.9279915887993 cm | Severity=75 | SourceName=Sensor2 | EventType=application
[2026-08-16 19:16:18.328 (UTC)] info/application	[Sensor] Updated distance: 33.2643892552072 cm | Severity=75 | SourceName=Sensor2 | EventType=application
[2026-08-16 19:16:19.328 (UTC)] info/application	[Sensor] Updated distance: 32.5389828435327 cm | Severity=75 | SourceName=Sensor2 | EventType=application
[2026-08-16 19:16:20.329 (UTC)] info/application	[Sensor] Updated distance: 31.456833133221 cm | Severity=75 | SourceName=Sensor2 | EventType=application
[2026-08-16 19:16:21.330 (UTC)] info/application	[Sensor] Updated distance: 30.5083387154193 cm | Severity=75 | SourceName=Sensor2 | EventType=application
[2026-08-16 19:16:22.330 (UTC)] info/application	[Sensor] Updated distance: 30.8184106796134 cm | Severity=75 | SourceName=Sensor2 | EventType=application
[2026-08-16 19:16:23.330 (UTC)] info/application	[Sensor] Updated distance: 30.4604173549266 cm | Severity=75 | SourceName=Sensor2 | EventType=application
[2026-08-16 19:16:24.330 (UTC)] info/application	[Sensor] Updated distance: 29.3950892232335 cm | Severity=75 | SourceName=Sensor2 | EventType=application
[2026-08-16 19:16:25.331 (UTC)] info/application	[Sensor] Updated distance: 30.3689712327295 cm | Severity=75 | SourceName=Sensor2 | EventType=application
[2026-08-16 19:16:26.332 (UTC)] info/application	[Sensor] Updated distance: 30.6195014913657 cm | Severity=75 | SourceName=Sensor2 | EventType=application
[2026-08-16 19:16:27.333 (UTC)] info/application	[Sensor] Updated distance: 29.2807074095033 cm | Severity=75 | SourceName=Sensor2 | EventType=application
[2026-08-16 19:16:28.323 (UTC)] info/application	[Sensor] Updated distance: 30.428952689948 cm | Severity=75 | SourceName=Sensor2 | EventType=application
[2026-08-16 19:16:29.323 (UTC)] info/application	[Sensor] Updated distance: 31.7516917350011 cm | Severity=75 | SourceName=Sensor2 | EventType=application
[2026-08-16 19:16:30.323 (UTC)] info/application	[Sensor] Updated distance: 30.6987798240496 cm | Severity=75 | SourceName=Sensor2 | EventType=application
[2026-08-16 19:16:31.324 (UTC)] info/application	[Sensor] Updated distance: 31.0121796426886 cm | Severity=75 | SourceName=Sensor2 | EventType=application
[2026-08-16 19:16:32.324 (UTC)] info/application	[Sensor] Updated distance: 30.9756469200252 cm | Severity=75 | SourceName=Sensor2 | EventType=application
[2026-08-16 19:16:33.324 (UTC)] info/application	[Sensor] Updated distance: 29.5245474544468 cm | Severity=75 | SourceName=Sensor2 | EventType=application
[2026-08-16 19:16:34.324 (UTC)] info/application	[Sensor] Updated distance: 28.6337275419541 cm | Severity=75 | SourceName=Sensor2 | EventType=application
[2026-08-16 19:16:35.325 (UTC)] info/application	[Sensor] Updated distance: 29.3756281574609 cm | Severity=75 | SourceName=Sensor2 | EventType=application
[2026-08-16 19:16:36.325 (UTC)] info/application	[Sensor] Updated distance: 30.8108940403028 cm | Severity=75 | SourceName=Sensor2 | EventType=application
[2026-08-16 19:16:37.326 (UTC)] info/application	[Sensor] Updated distance: 29.9067462326059 cm | Severity=75 | SourceName=Sensor2 | EventType=application
[2026-08-16 19:16:38.326 (UTC)] info/application	[Sensor] Updated distance: 29.8734357244677 cm | Severity=75 | SourceName=Sensor2 | EventType=application
[2026-08-16 19:16:39.327 (UTC)] info/application	[Sensor] Updated distance: 30.0805872690773 cm | Severity=75 | SourceName=Sensor2 | EventType=application
[2026-08-16 19:16:40.327 (UTC)] info/application	[Sensor] Updated distance: 29.195761810148 cm | Severity=75 | SourceName=Sensor2 | EventType=application
[2026-08-16 19:16:41.328 (UTC)] info/application	[Sensor] Updated distance: 29.0094542817722 cm | Severity=75 | SourceName=Sensor2 | EventType=application
[2026-08-16 19:16:42.328 (UTC)] info/application	[Sensor] Updated distance: 28.1035430948732 cm | Severity=75 | SourceName=Sensor2 | EventType=application
[2026-08-16 19:16:43.328 (UTC)] info/application	[Sensor] Updated distance: 28.6005927925466 cm | Severity=75 | SourceName=Sensor2 | EventType=application
[2026-08-16 19:16:44.329 (UTC)] info/application	[Sensor] Updated distance: 27.9144638380569 cm | Severity=75 | SourceName=Sensor2 | EventType=application
[2026-08-16 19:16:45.329 (UTC)] info/application	[Sensor] Updated distance: 27.7483594386132 cm | Severity=75 | SourceName=Sensor2 | EventType=application
[2026-08-16 19:16:46.330 (UTC)] info/application	[Sensor] Updated distance: 28.6030925603598 cm | Severity=75 | SourceName=Sensor2 | EventType=application
[2026-08-16 19:16:47.330 (UTC)] info/application	[Sensor] Updated distance: 27.9500037592137 cm | Severity=75 | SourceName=Sensor2 | EventType=application
[2026-08-16 19:16:48.331 (UTC)] info/application	[Sensor] Updated distance: 28.443378915751 cm | Severity=75 | SourceName=Sensor2 | EventType=application
[2026-08-16 19:16:49.331 (UTC)] info/application	[Sensor] Updated distance: 29.1345097025086 cm | Severity=75 | SourceName=Sensor2 | EventType=application
[2026-08-16 19:16:50.332 (UTC)] info/application	[Sensor] Updated distance: 29.256014489688 cm | Severity=75 | SourceName=Sensor2 | EventType=application
[2026-08-16 19:16:51.323 (UTC)] info/application	[Sensor] Updated distance: 30.1672399359137 cm | Severity=75 | SourceName=Sensor2 | EventType=application
[2026-08-16 19:16:52.324 (UTC)] info/application	[Sensor] Updated distance: 31.4098763062665 cm | Severity=75 | SourceName=Sensor2 | EventType=application
[2026-08-16 19:16:53.324 (UTC)] info/application	[Sensor] Updated distance: 30.341453056243 cm | Severity=75 | SourceName=Sensor2 | EventType=application
[2026-08-16 19:16:54.325 (UTC)] info/application	[Sensor] Updated distance: 29.3946851763849 cm | Severity=75 | SourceName=Sensor2 | EventType=application
[2026-08-16 19:16:55.325 (UTC)] info/application	[Sensor] Updated distance: 28.0719934136476 cm | Severity=75 | SourceName=Sensor2 | EventType=application
[2026-08-16 19:16:56.326 (UTC)] info/application	[Sensor] Updated distance: 29.4774521731201 cm | Severity=75 | SourceName=Sensor2 | EventType=application
[2026-08-16 19:16:57.327 (UTC)] info/application	[Sensor] Updated distance: 30.2812145518983 cm | Severity=75 | SourceName=Sensor2 | EventType=application
[2026-08-16 19:16:58.327 (UTC)] info/application	[Sensor] Updated distance: 29.1197287072985 cm | Severity=75 | SourceName=Sensor2 | EventType=application
[2026-08-16 19:16:59.327 (UTC)] info/application	[Sensor] Updated distance: 30.1734327472157 cm | Severity=75 | SourceName=Sensor2 | EventType=application
[2026-08-16 19:17:00.328 (UTC)] info/application	[Sensor] Updated distance: 30.79993416965 cm | Severity=75 | SourceName=Sensor2 | EventType=application
[2026-08-16 19:17:01.329 (UTC)] info/application	[Sensor] Updated distance: 30.0855364140987 cm | Severity=75 | SourceName=Sensor2 | EventType=application
[2026-08-16 19:17:02.329 (UTC)] info/application	[Sensor] Updated distance: 29.9526402712579 cm | Severity=75 | SourceName=Sensor2 | EventType=application
[2026-08-16 19:17:03.330 (UTC)] info/application	[Sensor] Updated distance: 29.0426089710289 cm | Severity=75 | SourceName=Sensor2 | EventType=application
[2026-08-16 19:17:04.330 (UTC)] info/application	[Sensor] Updated distance: 28.3771117498991 cm | Severity=75 | SourceName=Sensor2 | EventType=application
[2026-08-16 19:17:05.331 (UTC)] info/application	[Sensor] Updated distance: 28.8533956945657 cm | Severity=75 | SourceName=Sensor2 | EventType=application
[2026-08-16 19:17:06.331 (UTC)] info/application	[Sensor] Updated distance: 30.1852650098434 cm | Severity=75 | SourceName=Sensor2 | EventType=application
[2026-08-16 19:17:07.331 (UTC)] info/application	[Sensor] Updated distance: 29.4550336701586 cm | Severity=75 | SourceName=Sensor2 | EventType=application
[2026-08-16 19:17:08.332 (UTC)] info/application	[Sensor] Updated distance: 30.5271698071282 cm | Severity=75 | SourceName=Sensor2 | EventType=application
[2026-08-16 19:17:09.332 (UTC)] info/application	[Sensor] Updated distance: 30.3257286128708 cm | Severity=75 | SourceName=Sensor2 | EventType=application
[2026-08-16 19:17:10.333 (UTC)] info/application	[Sensor] Updated distance: 31.3026488191926 cm | Severity=75 | SourceName=Sensor2 | EventType=application
[2026-08-16 19:17:11.324 (UTC)] info/application	[Sensor] Updated distance: 29.9899594972329 cm | Severity=75 | SourceName=Sensor2 | EventType=application
[2026-08-16 19:17:12.324 (UTC)] info/application	[Sensor] Updated distance: 31.1022107759966 cm | Severity=75 | SourceName=Sensor2 | EventType=application
[2026-08-16 19:17:13.325 (UTC)] info/application	[Sensor] Updated distance: 29.6732197940225 cm | Severity=75 | SourceName=Sensor2 | EventType=application
[2026-08-16 19:17:14.325 (UTC)] info/application	[Sensor] Updated distance: 30.3575801697362 cm | Severity=75 | SourceName=Sensor2 | EventType=application
[2026-08-16 19:17:15.325 (UTC)] info/application	[Sensor] Updated distance: 29.2837024926132 cm | Severity=75 | SourceName=Sensor2 | EventType=application
[2026-08-16 19:17:16.325 (UTC)] info/application	[Sensor] Updated distance: 29.1886071125924 cm | Severity=75 | SourceName=Sensor2 | EventType=application
[2026-08-16 19:17:17.325 (UTC)] info/application	[Sensor] Updated distance: 29.2277006086557 cm | Severity=75 | SourceName=Sensor2 | EventType=application
[2026-08-16 19:17:18.326 (UTC)] info/application	[Sensor] Updated distance: 29.0007341303866 cm | Severity=75 | SourceName=Sensor2 | EventType=application
[2026-08-16 19:17:19.326 (UTC)] info/application	[Sensor] Updated distance: 27.8990139055061 cm | Severity=75 | SourceName=Sensor2 | EventType=application
[2026-08-16 19:17:20.326 (UTC)] info/application	[Sensor] Updated distance: 27.1292381869299 cm | Severity=75 | SourceName=Sensor2 | EventType=application
[2026-08-16 19:17:21.326 (UTC)] info/application	[Sensor] Updated distance: 28.5237764958403 cm | Severity=75 | SourceName=Sensor2 | EventType=application
[2026-08-16 19:17:22.326 (UTC)] info/application	[Sensor] Updated distance: 29.8332817171855 cm | Severity=75 | SourceName=Sensor2 | EventType=application
[2026-08-16 19:17:23.327 (UTC)] info/application	[Sensor] Updated distance: 28.8061423675651 cm | Severity=75 | SourceName=Sensor2 | EventType=application
[2026-08-16 19:17:24.327 (UTC)] info/application	[Sensor] Updated distance: 27.632257425055 cm | Severity=75 | SourceName=Sensor2 | EventType=application
[2026-08-16 19:17:25.327 (UTC)] info/application	[Sensor] Updated distance: 26.4949947651452 cm | Severity=75 | SourceName=Sensor2 | EventType=application
[2026-08-16 19:17:26.329 (UTC)] info/application	[Sensor] Updated distance: 25.6451636527875 cm | Severity=75 | SourceName=Sensor2 | EventType=application
[2026-08-16 19:17:27.330 (UTC)] info/application	[Sensor] Updated distance: 24.3767374697499 cm | Severity=75 | SourceName=Sensor2 | EventType=application
[2026-08-16 19:17:28.329 (UTC)] info/application	[Sensor] Updated distance: 25.5432371886183 cm | Severity=75 | SourceName=Sensor2 | EventType=application
[2026-08-16 19:17:29.329 (UTC)] info/application	[Sensor] Updated distance: 25.0319202330578 cm | Severity=75 | SourceName=Sensor2 | EventType=application
[2026-08-16 19:17:30.329 (UTC)] info/application	[Sensor] Updated distance: 26.3171980899373 cm | Severity=75 | SourceName=Sensor2 | EventType=application
[2026-08-16 19:17:31.329 (UTC)] info/application	[Sensor] Updated distance: 26.6101992298431 cm | Severity=75 | SourceName=Sensor2 | EventType=application
[2026-08-16 19:17:32.329 (UTC)] info/application	[Sensor] Updated distance: 26.8844845187312 cm | Severity=75 | SourceName=Sensor2 | EventType=application
[2026-08-16 19:17:33.330 (UTC)] info/application	[Sensor] Updated distance: 26.536866231373 cm | Severity=75 | SourceName=Sensor2 | EventType=application
[2026-08-16 19:17:34.329 (UTC)] info/application	[Sensor] Updated distance: 27.4198360710497 cm | Severity=75 | SourceName=Sensor2 | EventType=application
[2026-08-16 19:17:35.329 (UTC)] info/application	[Sensor] Updated distance: 28.5286241402051 cm | Severity=75 | SourceName=Sensor2 | EventType=application
[2026-08-16 19:17:36.329 (UTC)] info/application	[Sensor] Updated distance: 27.1572897961164 cm | Severity=75 | SourceName=Sensor2 | EventType=application
[2026-08-16 19:17:37.330 (UTC)] info/application	[Sensor] Updated distance: 27.8721289510709 cm | Severity=75 | SourceName=Sensor2 | EventType=application
[2026-08-16 19:17:38.330 (UTC)] info/application	[Sensor] Updated distance: 26.7506856791445 cm | Severity=75 | SourceName=Sensor2 | EventType=application
[2026-08-16 19:17:39.330 (UTC)] info/application	[Sensor] Updated distance: 27.9514874734224 cm | Severity=75 | SourceName=Sensor2 | EventType=application
[2026-08-16 19:17:40.330 (UTC)] info/application	[Sensor] Updated distance: 26.9648854327224 cm | Severity=75 | SourceName=Sensor2 | EventType=application
[2026-08-16 19:17:41.330 (UTC)] info/application	[Sensor] Updated distance: 28.3203623671179 cm | Severity=75 | SourceName=Sensor2 | EventType=application
[2026-08-16 19:17:42.331 (UTC)] info/application	[Sensor] Updated distance: 29.7084748394361 cm | Severity=75 | SourceName=Sensor2 | EventType=application
[2026-08-16 19:17:43.331 (UTC)] info/application	[Sensor] Updated distance: 28.3341240761029 cm | Severity=75 | SourceName=Sensor2 | EventType=application
[2026-08-16 19:17:44.331 (UTC)] info/application	[Sensor] Updated distance: 29.7606100299212 cm | Severity=75 | SourceName=Sensor2 | EventType=application
[2026-08-16 19:17:45.331 (UTC)] info/application	[Sensor] Updated distance: 30.3330828765561 cm | Severity=75 | SourceName=Sensor2 | EventType=application
[2026-08-16 19:17:46.332 (UTC)] info/application	[Sensor] Updated distance: 29.3848544360999 cm | Severity=75 | SourceName=Sensor2 | EventType=application
[2026-08-16 19:17:47.332 (UTC)] info/application	[Sensor] Updated distance: 29.2162450085004 cm | Severity=75 | SourceName=Sensor2 | EventType=application
[2026-08-16 19:17:48.332 (UTC)] info/application	[Sensor] Updated distance: 28.3278113498016 cm | Severity=75 | SourceName=Sensor2 | EventType=application
[2026-08-16 19:17:49.333 (UTC)] info/application	[Sensor] Updated distance: 28.6526164310763 cm | Severity=75 | SourceName=Sensor2 | EventType=application
[2026-08-16 19:17:50.332 (UTC)] info/application	[Sensor] Updated distance: 28.8822867785963 cm | Severity=75 | SourceName=Sensor2 | EventType=application
[2026-08-16 19:17:51.333 (UTC)] info/application	[Sensor] Updated distance: 28.7240774013214 cm | Severity=75 | SourceName=Sensor2 | EventType=application
[2026-08-16 19:17:52.333 (UTC)] info/application	[Sensor] Updated distance: 28.9434207901095 cm | Severity=75 | SourceName=Sensor2 | EventType=application
[2026-08-16 19:17:53.332 (UTC)] info/application	[Sensor] Updated distance: 28.9825963575777 cm | Severity=75 | SourceName=Sensor2 | EventType=application
[2026-08-16 19:17:54.323 (UTC)] info/application	[Sensor] Updated distance: 29.2972476320794 cm | Severity=75 | SourceName=Sensor2 | EventType=application
[2026-08-16 19:17:55.333 (UTC)] info/application	[Sensor] Updated distance: 29.8427060797544 cm | Severity=75 | SourceName=Sensor2 | EventType=application
[2026-08-16 19:17:56.333 (UTC)] info/application	[Sensor] Updated distance: 30.2446189873128 cm | Severity=75 | SourceName=Sensor2 | EventType=application
[2026-08-16 19:17:57.333 (UTC)] info/application	[Sensor] Updated distance: 31.2094391494567 cm | Severity=75 | SourceName=Sensor2 | EventType=application
[2026-08-16 19:17:58.323 (UTC)] info/application	[Sensor] Updated distance: 31.9864714140941 cm | Severity=75 | SourceName=Sensor2 | EventType=application
[2026-08-16 19:17:59.324 (UTC)] info/application	[Sensor] Updated distance: 32.0548840391239 cm | Severity=75 | SourceName=Sensor2 | EventType=application
[2026-08-16 19:18:00.324 (UTC)] info/application	[Sensor] Updated distance: 31.0083872443104 cm | Severity=75 | SourceName=Sensor2 | EventType=application
[2026-08-16 19:18:01.324 (UTC)] info/application	[Sensor] Updated distance: 31.5706973644302 cm | Severity=75 | SourceName=Sensor2 | EventType=application
[2026-08-16 19:18:02.325 (UTC)] info/application	[Sensor] Updated distance: 30.4321111279689 cm | Severity=75 | SourceName=Sensor2 | EventType=application
[2026-08-16 19:18:03.325 (UTC)] info/application	[Sensor] Updated distance: 31.1598996234405 cm | Severity=75 | SourceName=Sensor2 | EventType=application
[2026-08-16 19:18:04.325 (UTC)] info/application	[Sensor] Updated distance: 29.8745914548051 cm | Severity=75 | SourceName=Sensor2 | EventType=application
[2026-08-16 19:18:05.326 (UTC)] info/application	[Sensor] Updated distance: 31.1189750594175 cm | Severity=75 | SourceName=Sensor2 | EventType=application
[2026-08-16 19:18:06.327 (UTC)] info/application	[Sensor] Updated distance: 31.4555516226476 cm | Severity=75 | SourceName=Sensor2 | EventType=application
[2026-08-16 19:18:07.328 (UTC)] info/application	[Sensor] Updated distance: 30.2989091099235 cm | Severity=75 | SourceName=Sensor2 | EventType=application
[2026-08-16 19:18:08.328 (UTC)] info/application	[Sensor] Updated distance: 30.7581318680933 cm | Severity=75 | SourceName=Sensor2 | EventType=application
[2026-08-16 19:18:09.328 (UTC)] info/application	[Sensor] Updated distance: 31.473265159397 cm | Severity=75 | SourceName=Sensor2 | EventType=application
[2026-08-16 19:18:10.329 (UTC)] info/application	[Sensor] Updated distance: 30.0174244395538 cm | Severity=75 | SourceName=Sensor2 | EventType=application
[2026-08-16 19:18:11.329 (UTC)] info/application	[Sensor] Updated distance: 30.9900451570237 cm | Severity=75 | SourceName=Sensor2 | EventType=application
[2026-08-16 19:18:12.330 (UTC)] info/application	[Sensor] Updated distance: 31.5606553827229 cm | Severity=75 | SourceName=Sensor2 | EventType=application
[2026-08-16 19:18:13.330 (UTC)] info/application	[Sensor] Updated distance: 32.9929271351979 cm | Severity=75 | SourceName=Sensor2 | EventType=application
[2026-08-16 19:18:14.330 (UTC)] info/application	[Sensor] Updated distance: 34.0911970907315 cm | Severity=75 | SourceName=Sensor2 | EventType=application
[2026-08-16 19:18:15.330 (UTC)] info/application	[Sensor] Updated distance: 34.5882932688521 cm | Severity=75 | SourceName=Sensor2 | EventType=application
[2026-08-16 19:18:16.330 (UTC)] info/application	[Sensor] Updated distance: 35.0930378665649 cm | Severity=75 | SourceName=Sensor2 | EventType=application
[2026-08-16 19:18:17.330 (UTC)] info/application	[Sensor] Updated distance: 33.7430793802454 cm | Severity=75 | SourceName=Sensor2 | EventType=application
[2026-08-16 19:18:18.331 (UTC)] info/application	[Sensor] Updated distance: 32.5715661293694 cm | Severity=75 | SourceName=Sensor2 | EventType=application
[2026-08-16 19:18:19.331 (UTC)] info/application	[Sensor] Updated distance: 33.6878770683835 cm | Severity=75 | SourceName=Sensor2 | EventType=application
[2026-08-16 19:18:20.331 (UTC)] info/application	[Sensor] Updated distance: 34.1627236647358 cm | Severity=75 | SourceName=Sensor2 | EventType=application
[2026-08-16 19:18:21.331 (UTC)] info/application	[Sensor] Updated distance: 34.7208807613798 cm | Severity=75 | SourceName=Sensor2 | EventType=application
[2026-08-16 19:18:22.331 (UTC)] info/application	[Sensor] Updated distance: 34.1789823231189 cm | Severity=75 | SourceName=Sensor2 | EventType=application
[2026-08-16 19:18:23.323 (UTC)] info/application	[Sensor] Updated distance: 33.3731723068623 cm | Severity=75 | SourceName=Sensor2 | EventType=application
[2026-08-16 19:18:24.323 (UTC)] info/application	[Sensor] Updated distance: 32.4705049695775 cm | Severity=75 | SourceName=Sensor2 | EventType=application
[2026-08-16 19:18:25.324 (UTC)] info/application	[Sensor] Updated distance: 33.7432578058183 cm | Severity=75 | SourceName=Sensor2 | EventType=application
[2026-08-16 19:18:26.325 (UTC)] info/application	[Sensor] Updated distance: 34.9829062372366 cm | Severity=75 | SourceName=Sensor2 | EventType=application
[2026-08-16 19:18:27.326 (UTC)] info/application	[Sensor] Updated distance: 35.9821518075104 cm | Severity=75 | SourceName=Sensor2 | EventType=application
[2026-08-16 19:18:28.326 (UTC)] info/application	[Sensor] Updated distance: 36.7197248044981 cm | Severity=75 | SourceName=Sensor2 | EventType=application
[2026-08-16 19:18:29.326 (UTC)] info/application	[Sensor] Updated distance: 37.2364054991567 cm | Severity=75 | SourceName=Sensor2 | EventType=application
[2026-08-16 19:18:30.327 (UTC)] info/application	[Sensor] Updated distance: 36.8040636930634 cm | Severity=75 | SourceName=Sensor2 | EventType=application
[2026-08-16 19:18:31.327 (UTC)] info/application	[Sensor] Updated distance: 37.9951398966346 cm | Severity=75 | SourceName=Sensor2 | EventType=application
[2026-08-16 19:18:32.327 (UTC)] info/application	[Sensor] Updated distance: 37.5741307100161 cm | Severity=75 | SourceName=Sensor2 | EventType=application
[2026-08-16 19:18:33.328 (UTC)] info/application	[Sensor] Updated distance: 37.5032026674613 cm | Severity=75 | SourceName=Sensor2 | EventType=application
[2026-08-16 19:18:34.328 (UTC)] info/application	[Sensor] Updated distance: 37.9220673651072 cm | Severity=75 | SourceName=Sensor2 | EventType=application
[2026-08-16 19:18:35.329 (UTC)] info/application	[Sensor] Updated distance: 37.7157500098533 cm | Severity=75 | SourceName=Sensor2 | EventType=application
[2026-08-16 19:18:36.329 (UTC)] info/application	[Sensor] Updated distance: 37.3892055705139 cm | Severity=75 | SourceName=Sensor2 | EventType=application
[2026-08-16 19:18:37.329 (UTC)] info/application	[Sensor] Updated distance: 36.6446468299928 cm | Severity=75 | SourceName=Sensor2 | EventType=application
[2026-08-16 19:18:38.329 (UTC)] info/application	[Sensor] Updated distance: 36.7816869634118 cm | Severity=75 | SourceName=Sensor2 | EventType=application
[2026-08-16 19:18:39.329 (UTC)] info/application	[Sensor] Updated distance: 35.4143652808454 cm | Severity=75 | SourceName=Sensor2 | EventType=application
[2026-08-16 19:18:40.329 (UTC)] info/application	[Sensor] Updated distance: 36.884939831628 cm | Severity=75 | SourceName=Sensor2 | EventType=application
[2026-08-16 19:18:41.331 (UTC)] info/application	[Sensor] Updated distance: 37.0661392452038 cm | Severity=75 | SourceName=Sensor2 | EventType=application
[2026-08-16 19:18:42.331 (UTC)] info/application	[Sensor] Updated distance: 38.1714382815042 cm | Severity=75 | SourceName=Sensor2 | EventType=application
[2026-08-16 19:18:43.331 (UTC)] info/application	[Sensor] Updated distance: 38.712623056589 cm | Severity=75 | SourceName=Sensor2 | EventType=application
[2026-08-16 19:18:44.331 (UTC)] info/application	[Sensor] Updated distance: 38.8260942226397 cm | Severity=75 | SourceName=Sensor2 | EventType=application
[2026-08-16 19:18:45.332 (UTC)] info/application	[Sensor] Updated distance: 39.5296